185.31.175.220 - - [28/Nov/2021:13:33:56 +0000] "POST /xmlrpc.php HTTP/1.0" 301 162 "-" "Mozilla/5.0 (Windows NT 6.1; rv:86.0) Gecko/20100101 Firefox/86.0"
163.215.6.1 - - [28/Nov/2021:13:33:58 +0000] "POST /wp-cron.php?doing_wp_cron=1638106438.4535660743713378906250 HTTP/1.1" 200 31 "https://ja.tak-cslab.org/wp-cron.php?doing_wp_cron=1638106438.4535660743713378906250" "WordPress/5.8.2; https://ja.tak-cslab.org"
163.215.6.1 - - [28/Nov/2021:13:33:58 +0000] "GET / HTTP/1.1" 200 6313 "https://ja.tak-cslab.org/" "WordPress/5.8.2; https://ja.tak-cslab.org"
185.31.175.220 - - [28/Nov/2021:13:33:58 +0000] "POST /xmlrpc.php HTTP/1.0" 200 403 "-" "Mozilla/5.0 (Windows NT 6.1; rv:86.0) Gecko/20100101 Firefox/86.0"
216.245.221.83 - - [28/Nov/2021:13:37:27 +0000] "HEAD / HTTP/1.1" 301 0 "http://ja.tak-cslab.org/" "Mozilla/5.0+(compatible; UptimeRobot/2.0; http://www.uptimerobot.com/)"
216.245.221.83 - - [28/Nov/2021:13:37:27 +0000] "HEAD / HTTP/1.1" 200 0 "http://ja.tak-cslab.org/" "Mozilla/5.0+(compatible; UptimeRobot/2.0; http://www.uptimerobot.com/)"
34.206.38.217 - - [28/Nov/2021:13:38:08 +0000] "GET /feed HTTP/1.1" 200 55867 "-" "Automate.io BOT"
66.249.79.158 - - [28/Nov/2021:13:39:27 +0000] "GET /archives/606 HTTP/1.1" 200 11324 "-" "Mozilla/5.0 (compatible; Googlebot/2.1; +http://www.google.com/bot.html)"
216.245.221.83 - - [28/Nov/2021:13:42:27 +0000] "HEAD / HTTP/1.1" 301 0 "http://ja.tak-cslab.org/" "Mozilla/5.0+(compatible; UptimeRobot/2.0; http://www.uptimerobot.com/)"
216.245.221.83 - - [28/Nov/2021:13:42:27 +0000] "HEAD / HTTP/1.1" 200 0 "http://ja.tak-cslab.org/" "Mozilla/5.0+(compatible; UptimeRobot/2.0; http://www.uptimerobot.com/)"
34.206.38.217 - - [28/Nov/2021:13:43:08 +0000] "GET /feed HTTP/1.1" 200 55867 "-" "Automate.io BOT"
216.245.221.83 - - [28/Nov/2021:13:47:27 +0000] "HEAD / HTTP/1.1" 301 0 "http://ja.tak-cslab.org/" "Mozilla/5.0+(compatible; UptimeRobot/2.0; http://www.uptimerobot.com/)"
216.245.221.83 - - [28/Nov/2021:13:47:27 +0000] "HEAD / HTTP/1.1" 200 0 "http://ja.tak-cslab.org/" "Mozilla/5.0+(compatible; UptimeRobot/2.0; http://www.uptimerobot.com/)"
34.206.38.217 - - [28/Nov/2021:13:48:08 +0000] "GET /feed HTTP/1.1" 200 55867 "-" "Automate.io BOT"
40.77.167.66 - - [28/Nov/2021:13:52:01 +0000] "GET /wp-content/uploads/2020/10/IMG_4235-1.jpg HTTP/2.0" 200 459964 "-" "Mozilla/5.0 (compatible; bingbot/2.0; +http://www.bing.com/bingbot.htm)"
40.77.167.66 - - [28/Nov/2021:13:52:03 +0000] "GET /wp-content/uploads/2020/07/bft2.png HTTP/2.0" 200 106970 "-" "Mozilla/5.0 (compatible; bingbot/2.0; +http://www.bing.com/bingbot.htm)"
216.245.221.83 - - [28/Nov/2021:13:52:27 +0000] "HEAD / HTTP/1.1" 301 0 "http://ja.tak-cslab.org/" "Mozilla/5.0+(compatible; UptimeRobot/2.0; http://www.uptimerobot.com/)"
216.245.221.83 - - [28/Nov/2021:13:52:27 +0000] "HEAD / HTTP/1.1" 200 0 "http://ja.tak-cslab.org/" "Mozilla/5.0+(compatible; UptimeRobot/2.0; http://www.uptimerobot.com/)"
34.206.38.217 - - [28/Nov/2021:13:53:08 +0000] "GET /feed HTTP/1.1" 200 55868 "-" "Automate.io BOT"
35.175.113.147 - - [28/Nov/2021:13:53:41 +0000] "HEAD /feed HTTP/2.0" 200 0 "-" "Slackbot 1.0 (+https://api.slack.com/robots)"
34.238.189.250 - - [28/Nov/2021:13:53:42 +0000] "GET /feed HTTP/1.1" 200 55860 "-" "Slackbot 1.0 (+https://api.slack.com/robots)"
163.215.3.21 - - [28/Nov/2021:13:53:44 +0000] "GET / HTTP/2.0" 200 8376 "-" "Mozilla/5.0 (Macintosh; Intel Mac OS X 10.15; rv:94.0) Gecko/20100101 Firefox/94.0"
75.101.242.189 - - [28/Nov/2021:13:53:44 +0000] "GET / HTTP/1.1" 200 6313 "-" "Slackbot 1.0 (+https://api.slack.com/robots)"
163.215.3.21 - - [28/Nov/2021:13:53:44 +0000] "GET /wp-includes/js/hoverintent-js.min.js?ver=2.2.1 HTTP/2.0" 304 0 "https://ja.tak-cslab.org/" "Mozilla/5.0 (Macintosh; Intel Mac OS X 10.15; rv:94.0) Gecko/20100101 Firefox/94.0"
163.215.3.21 - - [28/Nov/2021:13:53:44 +0000] "GET /wp-includes/js/admin-bar.min.js?ver=5.8.2 HTTP/2.0" 304 0 "https://ja.tak-cslab.org/" "Mozilla/5.0 (Macintosh; Intel Mac OS X 10.15; rv:94.0) Gecko/20100101 Firefox/94.0"
35.245.188.175 - - [28/Nov/2021:13:53:45 +0000] "GET / HTTP/1.1" 301 162 "-" "Mozilla/5.0 (Windows NT 6.1; WOW64; Trident/7.0; rv:11.0) like Gecko"
35.245.188.175 - - [28/Nov/2021:13:53:45 +0000] "GET / HTTP/1.1" 200 22053 "-" "Mozilla/5.0 (Windows NT 6.1; WOW64; Trident/7.0; rv:11.0) like Gecko"
163.215.3.21 - - [28/Nov/2021:13:53:47 +0000] "GET /10gin_cds1?action=logout&_wpnonce=c3ca09aa6c HTTP/2.0" 302 0 "https://ja.tak-cslab.org/" "Mozilla/5.0 (Macintosh; Intel Mac OS X 10.15; rv:94.0) Gecko/20100101 Firefox/94.0"
163.215.3.21 - - [28/Nov/2021:13:53:47 +0000] "GET /10gin_cds1?loggedout=true&wp_lang=ja HTTP/2.0" 200 4652 "https://ja.tak-cslab.org/" "Mozilla/5.0 (Macintosh; Intel Mac OS X 10.15; rv:94.0) Gecko/20100101 Firefox/94.0"
163.215.3.21 - - [28/Nov/2021:13:53:47 +0000] "GET /wp-includes/js/dist/i18n.min.js?ver=5f1269854226b4dd90450db411a12b79 HTTP/2.0" 304 0 "https://ja.tak-cslab.org/10gin_cds1?loggedout=true&wp_lang=ja" "Mozilla/5.0 (Macintosh; Intel Mac OS X 10.15; rv:94.0) Gecko/20100101 Firefox/94.0"
163.215.3.21 - - [28/Nov/2021:13:53:47 +0000] "GET /wp-admin/images/wordpress-logo.svg?ver=20131107 HTTP/2.0" 200 0 "https://ja.tak-cslab.org/wp-admin/css/login.min.css?ver=5.8.2" "Mozilla/5.0 (Macintosh; Intel Mac OS X 10.15; rv:94.0) Gecko/20100101 Firefox/94.0"
163.215.3.21 - - [28/Nov/2021:13:53:47 +0000] "GET /wp-content/plugins/google-apps-login//img/google.svg HTTP/2.0" 200 3821 "https://ja.tak-cslab.org/10gin_cds1?loggedout=true&wp_lang=ja" "Mozilla/5.0 (Macintosh; Intel Mac OS X 10.15; rv:94.0) Gecko/20100101 Firefox/94.0"
163.215.3.21 - - [28/Nov/2021:13:53:50 +0000] "GET /10gin_cds1 HTTP/2.0" 200 4505 "-" "Mozilla/5.0 (Macintosh; Intel Mac OS X 10.15; rv:94.0) Gecko/20100101 Firefox/94.0"
163.215.3.21 - - [28/Nov/2021:13:54:00 +0000] "GET /10gin_cds1?state=6c2b0fbcbb%257C&code=4/0AX4XfWi2u4K4lfGSDhIzRzc4NG_8NyDx4FnaMNS0IZMQM5Fq3GkhOekhKKCUlJdN6o0QeQ&scope=email%20profile%20https://www.googleapis.com/auth/userinfo.email%20openid%20https://www.googleapis.com/auth/userinfo.profile&authuser=0&hd=edu.teu.ac.jp&prompt=none HTTP/2.0" 302 0 "https://accounts.google.com/" "Mozilla/5.0 (Macintosh; Intel Mac OS X 10.15; rv:94.0) Gecko/20100101 Firefox/94.0"
163.215.3.21 - - [28/Nov/2021:13:54:01 +0000] "GET /wp-admin/ HTTP/2.0" 200 26166 "https://accounts.google.com/" "Mozilla/5.0 (Macintosh; Intel Mac OS X 10.15; rv:94.0) Gecko/20100101 Firefox/94.0"
163.215.3.21 - - [28/Nov/2021:13:54:01 +0000] "GET /wp-content/plugins/wp-statistics/assets/css/admin.min.css?ver=13.1.2 HTTP/2.0" 200 0 "https://ja.tak-cslab.org/wp-admin/" "Mozilla/5.0 (Macintosh; Intel Mac OS X 10.15; rv:94.0) Gecko/20100101 Firefox/94.0"
163.215.3.21 - - [28/Nov/2021:13:54:01 +0000] "GET /wp-content/plugins/wp-statistics/assets/css/jqvmap/jqvmap.min.css?ver=1.5.1 HTTP/2.0" 200 0 "https://ja.tak-cslab.org/wp-admin/" "Mozilla/5.0 (Macintosh; Intel Mac OS X 10.15; rv:94.0) Gecko/20100101 Firefox/94.0"
163.215.3.21 - - [28/Nov/2021:13:54:01 +0000] "GET /wp-content/plugins/sendgrid-email-delivery-simplified/view/css/datepicker/smoothness/jquery-ui-1.10.3.custom.css?ver=5.8.2 HTTP/2.0" 200 0 "https://ja.tak-cslab.org/wp-admin/" "Mozilla/5.0 (Macintosh; Intel Mac OS X 10.15; rv:94.0) Gecko/20100101 Firefox/94.0"
163.215.3.21 - - [28/Nov/2021:13:54:01 +0000] "GET /wp-content/plugins/sendgrid-email-delivery-simplified/view/css/sendgrid.css?ver=5.8.2 HTTP/2.0" 200 0 "https://ja.tak-cslab.org/wp-admin/" "Mozilla/5.0 (Macintosh; Intel Mac OS X 10.15; rv:94.0) Gecko/20100101 Firefox/94.0"
163.215.3.21 - - [28/Nov/2021:13:54:01 +0000] "GET /wp-admin/load-scripts.php?c=0&load%5Bchunk_0%5D=jquery-core,jquery-migrate,utils&ver=5.8.2 HTTP/2.0" 200 0 "https://ja.tak-cslab.org/wp-admin/" "Mozilla/5.0 (Macintosh; Intel Mac OS X 10.15; rv:94.0) Gecko/20100101 Firefox/94.0"
163.215.3.21 - - [28/Nov/2021:13:54:01 +0000] "GET /wp-content/plugins/sendgrid-email-delivery-simplified/view/images/loader.gif HTTP/2.0" 200 3399 "https://ja.tak-cslab.org/wp-admin/" "Mozilla/5.0 (Macintosh; Intel Mac OS X 10.15; rv:94.0) Gecko/20100101 Firefox/94.0"
163.215.3.21 - - [28/Nov/2021:13:54:01 +0000] "GET /wp-admin/js/site-health.min.js?ver=5.8.2 HTTP/2.0" 200 2278 "https://ja.tak-cslab.org/wp-admin/" "Mozilla/5.0 (Macintosh; Intel Mac OS X 10.15; rv:94.0) Gecko/20100101 Firefox/94.0"
163.215.3.21 - - [28/Nov/2021:13:54:01 +0000] "GET /wp-includes/js/wp-ajax-response.min.js?ver=5.8.2 HTTP/2.0" 200 1010 "https://ja.tak-cslab.org/wp-admin/" "Mozilla/5.0 (Macintosh; Intel Mac OS X 10.15; rv:94.0) Gecko/20100101 Firefox/94.0"
163.215.3.21 - - [28/Nov/2021:13:54:01 +0000] "GET /wp-includes/js/jquery/jquery.color.min.js?ver=2.1.2 HTTP/2.0" 200 4218 "https://ja.tak-cslab.org/wp-admin/" "Mozilla/5.0 (Macintosh; Intel Mac OS X 10.15; rv:94.0) Gecko/20100101 Firefox/94.0"
163.215.3.21 - - [28/Nov/2021:13:54:01 +0000] "GET /wp-includes/js/wp-lists.min.js?ver=5.8.2 HTTP/2.0" 200 0 "https://ja.tak-cslab.org/wp-admin/" "Mozilla/5.0 (Macintosh; Intel Mac OS X 10.15; rv:94.0) Gecko/20100101 Firefox/94.0"
163.215.3.21 - - [28/Nov/2021:13:54:01 +0000] "GET /wp-includes/js/jquery/jquery.query.js?ver=2.1.7 HTTP/2.0" 200 0 "https://ja.tak-cslab.org/wp-admin/" "Mozilla/5.0 (Macintosh; Intel Mac OS X 10.15; rv:94.0) Gecko/20100101 Firefox/94.0"
163.215.3.21 - - [28/Nov/2021:13:54:01 +0000] "GET /wp-admin/js/edit-comments.min.js?ver=5.8.2 HTTP/2.0" 200 0 "https://ja.tak-cslab.org/wp-admin/" "Mozilla/5.0 (Macintosh; Intel Mac OS X 10.15; rv:94.0) Gecko/20100101 Firefox/94.0"
163.215.3.21 - - [28/Nov/2021:13:54:01 +0000] "GET /wp-admin/js/dashboard.min.js?ver=5.8.2 HTTP/2.0" 200 0 "https://ja.tak-cslab.org/wp-admin/" "Mozilla/5.0 (Macintosh; Intel Mac OS X 10.15; rv:94.0) Gecko/20100101 Firefox/94.0"
163.215.3.21 - - [28/Nov/2021:13:54:01 +0000] "GET /wp-admin/js/plugin-install.min.js?ver=5.8.2 HTTP/2.0" 200 0 "https://ja.tak-cslab.org/wp-admin/" "Mozilla/5.0 (Macintosh; Intel Mac OS X 10.15; rv:94.0) Gecko/20100101 Firefox/94.0"
163.215.3.21 - - [28/Nov/2021:13:54:01 +0000] "GET /wp-includes/js/wp-sanitize.min.js?ver=5.8.2 HTTP/2.0" 200 0 "https://ja.tak-cslab.org/wp-admin/" "Mozilla/5.0 (Macintosh; Intel Mac OS X 10.15; rv:94.0) Gecko/20100101 Firefox/94.0"
163.215.3.21 - - [28/Nov/2021:13:54:01 +0000] "GET /wp-admin/js/updates.min.js?ver=5.8.2 HTTP/2.0" 200 0 "https://ja.tak-cslab.org/wp-admin/" "Mozilla/5.0 (Macintosh; Intel Mac OS X 10.15; rv:94.0) Gecko/20100101 Firefox/94.0"
163.215.3.21 - - [28/Nov/2021:13:54:01 +0000] "GET /wp-includes/js/jquery/ui/datepicker.min.js?ver=1.12.1 HTTP/2.0" 200 0 "https://ja.tak-cslab.org/wp-admin/" "Mozilla/5.0 (Macintosh; Intel Mac OS X 10.15; rv:94.0) Gecko/20100101 Firefox/94.0"
163.215.3.21 - - [28/Nov/2021:13:54:01 +0000] "GET /wp-content/plugins/wp-statistics/assets/js/chartjs/chart.min.js?ver=3.5.1 HTTP/2.0" 200 0 "-" "Mozilla/5.0 (Macintosh; Intel Mac OS X 10.15; rv:94.0) Gecko/20100101 Firefox/94.0"
163.215.3.21 - - [28/Nov/2021:13:54:01 +0000] "GET /wp-content/plugins/wp-statistics/assets/js/admin.min.js?ver=13.1.2 HTTP/2.0" 200 0 "-" "Mozilla/5.0 (Macintosh; Intel Mac OS X 10.15; rv:94.0) Gecko/20100101 Firefox/94.0"
163.215.3.21 - - [28/Nov/2021:13:54:01 +0000] "GET /wp-includes/js/admin-bar.min.js?ver=5.8.2 HTTP/2.0" 200 0 "-" "Mozilla/5.0 (Macintosh; Intel Mac OS X 10.15; rv:94.0) Gecko/20100101 Firefox/94.0"
163.215.3.21 - - [28/Nov/2021:13:54:01 +0000] "GET /wp-admin/js/svg-painter.js?ver=5.8.2 HTTP/2.0" 304 0 "https://ja.tak-cslab.org/wp-admin/" "Mozilla/5.0 (Macintosh; Intel Mac OS X 10.15; rv:94.0) Gecko/20100101 Firefox/94.0"
163.215.3.21 - - [28/Nov/2021:13:54:01 +0000] "GET /wp-includes/js/dist/dom-ready.min.js?ver=71883072590656bf22c74c7b887df3dd HTTP/2.0" 304 0 "https://ja.tak-cslab.org/wp-admin/" "Mozilla/5.0 (Macintosh; Intel Mac OS X 10.15; rv:94.0) Gecko/20100101 Firefox/94.0"
163.215.3.21 - - [28/Nov/2021:13:54:01 +0000] "GET /wp-includes/js/dist/a11y.min.js?ver=0ac8327cc1c40dcfdf29716affd7ac63 HTTP/2.0" 304 0 "https://ja.tak-cslab.org/wp-admin/" "Mozilla/5.0 (Macintosh; Intel Mac OS X 10.15; rv:94.0) Gecko/20100101 Firefox/94.0"
163.215.3.21 - - [28/Nov/2021:13:54:01 +0000] "GET /wp-includes/js/jquery/ui/core.min.js?ver=1.12.1 HTTP/2.0" 304 0 "https://ja.tak-cslab.org/wp-admin/" "Mozilla/5.0 (Macintosh; Intel Mac OS X 10.15; rv:94.0) Gecko/20100101 Firefox/94.0"
163.215.3.21 - - [28/Nov/2021:13:54:01 +0000] "GET /wp-includes/js/heartbeat.min.js?ver=5.8.2 HTTP/2.0" 304 0 "https://ja.tak-cslab.org/wp-admin/" "Mozilla/5.0 (Macintosh; Intel Mac OS X 10.15; rv:94.0) Gecko/20100101 Firefox/94.0"
163.215.3.21 - - [28/Nov/2021:13:54:01 +0000] "GET /wp-includes/js/wp-auth-check.min.js?ver=5.8.2 HTTP/2.0" 304 0 "https://ja.tak-cslab.org/wp-admin/" "Mozilla/5.0 (Macintosh; Intel Mac OS X 10.15; rv:94.0) Gecko/20100101 Firefox/94.0"
163.215.3.21 - - [28/Nov/2021:13:54:01 +0000] "GET /wp-admin/js/common.min.js?ver=5.8.2 HTTP/2.0" 304 0 "https://ja.tak-cslab.org/wp-admin/" "Mozilla/5.0 (Macintosh; Intel Mac OS X 10.15; rv:94.0) Gecko/20100101 Firefox/94.0"
163.215.3.21 - - [28/Nov/2021:13:54:01 +0000] "GET /wp-admin/load-scripts.php?c=0&load%5Bchunk_0%5D=hoverIntent,regenerator-runtime,wp-polyfill,wp-hooks&ver=5.8.2 HTTP/2.0" 200 0 "-" "Mozilla/5.0 (Macintosh; Intel Mac OS X 10.15; rv:94.0) Gecko/20100101 Firefox/94.0"
163.215.3.21 - - [28/Nov/2021:13:54:01 +0000] "GET /wp-includes/js/hoverintent-js.min.js?ver=2.2.1 HTTP/2.0" 200 0 "-" "Mozilla/5.0 (Macintosh; Intel Mac OS X 10.15; rv:94.0) Gecko/20100101 Firefox/94.0"
163.215.3.21 - - [28/Nov/2021:13:54:01 +0000] "GET /wp-includes/js/clipboard.min.js?ver=5.8.2 HTTP/2.0" 200 0 "-" "Mozilla/5.0 (Macintosh; Intel Mac OS X 10.15; rv:94.0) Gecko/20100101 Firefox/94.0"
163.215.3.21 - - [28/Nov/2021:13:54:01 +0000] "GET /wp-includes/js/api-request.min.js?ver=5.8.2 HTTP/2.0" 200 0 "-" "Mozilla/5.0 (Macintosh; Intel Mac OS X 10.15; rv:94.0) Gecko/20100101 Firefox/94.0"
163.215.3.21 - - [28/Nov/2021:13:54:01 +0000] "GET /wp-includes/js/dist/vendor/lodash.min.js?ver=4.17.19 HTTP/2.0" 200 0 "-" "Mozilla/5.0 (Macintosh; Intel Mac OS X 10.15; rv:94.0) Gecko/20100101 Firefox/94.0"
163.215.3.21 - - [28/Nov/2021:13:54:02 +0000] "GET /wp-includes/js/dist/url.min.js?ver=d4bdf85a96aa587b52f4b8d58b4457c1 HTTP/2.0" 200 2097 "-" "Mozilla/5.0 (Macintosh; Intel Mac OS X 10.15; rv:94.0) Gecko/20100101 Firefox/94.0"
163.215.3.21 - - [28/Nov/2021:13:54:02 +0000] "GET /wp-includes/js/quicktags.min.js?ver=5.8.2 HTTP/2.0" 200 3877 "-" "Mozilla/5.0 (Macintosh; Intel Mac OS X 10.15; rv:94.0) Gecko/20100101 Firefox/94.0"
163.215.3.21 - - [28/Nov/2021:13:54:02 +0000] "GET /wp-includes/js/jquery/ui/mouse.min.js?ver=1.12.1 HTTP/2.0" 200 1189 "-" "Mozilla/5.0 (Macintosh; Intel Mac OS X 10.15; rv:94.0) Gecko/20100101 Firefox/94.0"
163.215.3.21 - - [28/Nov/2021:13:54:02 +0000] "GET /wp-admin/js/postbox.min.js?ver=5.8.2 HTTP/2.0" 200 2477 "-" "Mozilla/5.0 (Macintosh; Intel Mac OS X 10.15; rv:94.0) Gecko/20100101 Firefox/94.0"
163.215.3.21 - - [28/Nov/2021:13:54:02 +0000] "GET /wp-includes/js/jquery/ui/sortable.min.js?ver=1.12.1 HTTP/2.0" 200 0 "-" "Mozilla/5.0 (Macintosh; Intel Mac OS X 10.15; rv:94.0) Gecko/20100101 Firefox/94.0"
163.215.3.21 - - [28/Nov/2021:13:54:02 +0000] "GET /wp-includes/js/jquery/ui/core.min.js?ver=1.12.1 HTTP/2.0" 200 7680 "-" "Mozilla/5.0 (Macintosh; Intel Mac OS X 10.15; rv:94.0) Gecko/20100101 Firefox/94.0"
163.215.3.21 - - [28/Nov/2021:13:54:02 +0000] "GET /wp-includes/js/shortcode.min.js?ver=5.8.2 HTTP/2.0" 200 1200 "-" "Mozilla/5.0 (Macintosh; Intel Mac OS X 10.15; rv:94.0) Gecko/20100101 Firefox/94.0"
163.215.3.21 - - [28/Nov/2021:13:54:02 +0000] "GET /wp-admin/js/media-upload.min.js?ver=5.8.2 HTTP/2.0" 200 629 "-" "Mozilla/5.0 (Macintosh; Intel Mac OS X 10.15; rv:94.0) Gecko/20100101 Firefox/94.0"
163.215.3.21 - - [28/Nov/2021:13:54:02 +0000] "GET /wp-includes/js/thickbox/thickbox.js?ver=3.1-20121105 HTTP/2.0" 200 0 "-" "Mozilla/5.0 (Macintosh; Intel Mac OS X 10.15; rv:94.0) Gecko/20100101 Firefox/94.0"
163.215.3.21 - - [28/Nov/2021:13:54:02 +0000] "GET /wp-includes/js/dist/vendor/moment.min.js?ver=2.29.1 HTTP/2.0" 200 0 "-" "Mozilla/5.0 (Macintosh; Intel Mac OS X 10.15; rv:94.0) Gecko/20100101 Firefox/94.0"
163.215.3.21 - - [28/Nov/2021:13:54:02 +0000] "GET /wp-admin/js/svg-painter.js?ver=5.8.2 HTTP/2.0" 200 0 "-" "Mozilla/5.0 (Macintosh; Intel Mac OS X 10.15; rv:94.0) Gecko/20100101 Firefox/94.0"
163.215.3.21 - - [28/Nov/2021:13:54:02 +0000] "GET /wp-admin/js/common.min.js?ver=5.8.2 HTTP/2.0" 200 7288 "-" "Mozilla/5.0 (Macintosh; Intel Mac OS X 10.15; rv:94.0) Gecko/20100101 Firefox/94.0"
163.215.3.21 - - [28/Nov/2021:13:54:02 +0000] "GET /wp-includes/js/dist/dom-ready.min.js?ver=71883072590656bf22c74c7b887df3dd HTTP/2.0" 200 620 "-" "Mozilla/5.0 (Macintosh; Intel Mac OS X 10.15; rv:94.0) Gecko/20100101 Firefox/94.0"
163.215.3.21 - - [28/Nov/2021:13:54:02 +0000] "GET /wp-includes/js/dist/a11y.min.js?ver=0ac8327cc1c40dcfdf29716affd7ac63 HTTP/2.0" 200 1207 "-" "Mozilla/5.0 (Macintosh; Intel Mac OS X 10.15; rv:94.0) Gecko/20100101 Firefox/94.0"
163.215.3.21 - - [28/Nov/2021:13:54:02 +0000] "GET /wp-includes/js/heartbeat.min.js?ver=5.8.2 HTTP/2.0" 200 2189 "-" "Mozilla/5.0 (Macintosh; Intel Mac OS X 10.15; rv:94.0) Gecko/20100101 Firefox/94.0"
163.215.3.21 - - [28/Nov/2021:13:54:02 +0000] "GET /wp-includes/js/wp-auth-check.min.js?ver=5.8.2 HTTP/2.0" 200 793 "-" "Mozilla/5.0 (Macintosh; Intel Mac OS X 10.15; rv:94.0) Gecko/20100101 Firefox/94.0"
163.215.3.21 - - [28/Nov/2021:13:54:02 +0000] "GET /wp-includes/js/dist/date.min.js?ver=061439ac4325ef057b8f9c142c82a823 HTTP/2.0" 200 0 "-" "Mozilla/5.0 (Macintosh; Intel Mac OS X 10.15; rv:94.0) Gecko/20100101 Firefox/94.0"
163.215.3.21 - - [28/Nov/2021:13:54:02 +0000] "GET /wp-json/wp-statistics/v2/metabox?name=quickstats&_=1638107641895 HTTP/2.0" 200 501 "https://ja.tak-cslab.org/wp-admin/" "Mozilla/5.0 (Macintosh; Intel Mac OS X 10.15; rv:94.0) Gecko/20100101 Firefox/94.0"
163.215.3.21 - - [28/Nov/2021:13:54:02 +0000] "GET /wp-includes/js/thickbox/loadingAnimation.gif HTTP/2.0" 200 0 "https://ja.tak-cslab.org/wp-admin/" "Mozilla/5.0 (Macintosh; Intel Mac OS X 10.15; rv:94.0) Gecko/20100101 Firefox/94.0"
35.245.188.175 - - [28/Nov/2021:13:54:02 +0000] "GET / HTTP/1.1" 301 162 "-" "Mozilla/5.0 (Windows NT 6.1; WOW64; Trident/7.0; rv:11.0) like Gecko"
35.245.188.175 - - [28/Nov/2021:13:54:03 +0000] "GET / HTTP/1.1" 200 22053 "-" "Mozilla/5.0 (Windows NT 6.1; WOW64; Trident/7.0; rv:11.0) like Gecko"
163.215.3.21 - - [28/Nov/2021:13:54:03 +0000] "POST /wp-admin/admin-ajax.php HTTP/2.0" 499 0 "https://ja.tak-cslab.org/wp-admin/" "Mozilla/5.0 (Macintosh; Intel Mac OS X 10.15; rv:94.0) Gecko/20100101 Firefox/94.0"
216.245.221.83 - - [28/Nov/2021:13:57:27 +0000] "HEAD / HTTP/1.1" 301 0 "http://ja.tak-cslab.org/" "Mozilla/5.0+(compatible; UptimeRobot/2.0; http://www.uptimerobot.com/)"
216.245.221.83 - - [28/Nov/2021:13:57:27 +0000] "HEAD / HTTP/1.1" 200 0 "http://ja.tak-cslab.org/" "Mozilla/5.0+(compatible; UptimeRobot/2.0; http://www.uptimerobot.com/)"
34.206.38.217 - - [28/Nov/2021:13:58:08 +0000] "GET /feed HTTP/1.1" 200 55867 "-" "Automate.io BOT"
216.245.221.83 - - [28/Nov/2021:14:02:27 +0000] "HEAD / HTTP/1.1" 301 0 "http://ja.tak-cslab.org/" "Mozilla/5.0+(compatible; UptimeRobot/2.0; http://www.uptimerobot.com/)"
163.215.6.1 - - [28/Nov/2021:14:02:27 +0000] "POST /wp-cron.php?doing_wp_cron=1638108147.7109310626983642578125 HTTP/1.1" 200 31 "https://ja.tak-cslab.org/wp-cron.php?doing_wp_cron=1638108147.7109310626983642578125" "WordPress/5.8.2; https://ja.tak-cslab.org"
216.245.221.83 - - [28/Nov/2021:14:02:27 +0000] "HEAD / HTTP/1.1" 200 0 "http://ja.tak-cslab.org/" "Mozilla/5.0+(compatible; UptimeRobot/2.0; http://www.uptimerobot.com/)"
34.206.38.217 - - [28/Nov/2021:14:03:08 +0000] "GET /feed HTTP/1.1" 200 55867 "-" "Automate.io BOT"
216.245.221.83 - - [28/Nov/2021:14:07:27 +0000] "HEAD / HTTP/1.1" 301 0 "http://ja.tak-cslab.org/" "Mozilla/5.0+(compatible; UptimeRobot/2.0; http://www.uptimerobot.com/)"
216.245.221.83 - - [28/Nov/2021:14:07:27 +0000] "HEAD / HTTP/1.1" 200 0 "http://ja.tak-cslab.org/" "Mozilla/5.0+(compatible; UptimeRobot/2.0; http://www.uptimerobot.com/)"
34.206.38.217 - - [28/Nov/2021:14:08:08 +0000] "GET /feed HTTP/1.1" 200 55867 "-" "Automate.io BOT"
216.245.221.83 - - [28/Nov/2021:14:12:27 +0000] "HEAD / HTTP/1.1" 301 0 "http://ja.tak-cslab.org/" "Mozilla/5.0+(compatible; UptimeRobot/2.0; http://www.uptimerobot.com/)"
216.245.221.83 - - [28/Nov/2021:14:12:27 +0000] "HEAD / HTTP/1.1" 200 0 "http://ja.tak-cslab.org/" "Mozilla/5.0+(compatible; UptimeRobot/2.0; http://www.uptimerobot.com/)"
34.206.38.217 - - [28/Nov/2021:14:13:08 +0000] "GET /feed HTTP/1.1" 200 55868 "-" "Automate.io BOT"
18.212.153.243 - - [28/Nov/2021:14:13:39 +0000] "HEAD /feed HTTP/2.0" 200 0 "-" "Slackbot 1.0 (+https://api.slack.com/robots)"
3.238.124.144 - - [28/Nov/2021:14:13:39 +0000] "GET /feed HTTP/1.1" 200 55867 "-" "Slackbot 1.0 (+https://api.slack.com/robots)"
3.239.30.67 - - [28/Nov/2021:14:13:40 +0000] "GET / HTTP/1.1" 200 6312 "-" "Slackbot 1.0 (+https://api.slack.com/robots)"
216.245.221.83 - - [28/Nov/2021:14:17:27 +0000] "HEAD / HTTP/1.1" 301 0 "http://ja.tak-cslab.org/" "Mozilla/5.0+(compatible; UptimeRobot/2.0; http://www.uptimerobot.com/)"
216.245.221.83 - - [28/Nov/2021:14:17:27 +0000] "HEAD / HTTP/1.1" 200 0 "http://ja.tak-cslab.org/" "Mozilla/5.0+(compatible; UptimeRobot/2.0; http://www.uptimerobot.com/)"
163.215.6.1 - - [28/Nov/2021:14:18:08 +0000] "POST /wp-cron.php?doing_wp_cron=1638109088.5378899574279785156250 HTTP/1.1" 200 31 "https://ja.tak-cslab.org/wp-cron.php?doing_wp_cron=1638109088.5378899574279785156250" "WordPress/5.8.2; https://ja.tak-cslab.org"
34.206.38.217 - - [28/Nov/2021:14:18:08 +0000] "GET /feed HTTP/1.1" 200 55867 "-" "Automate.io BOT"
216.245.221.83 - - [28/Nov/2021:14:22:27 +0000] "HEAD / HTTP/1.1" 301 0 "http://ja.tak-cslab.org/" "Mozilla/5.0+(compatible; UptimeRobot/2.0; http://www.uptimerobot.com/)"
216.245.221.83 - - [28/Nov/2021:14:22:27 +0000] "HEAD / HTTP/1.1" 200 0 "http://ja.tak-cslab.org/" "Mozilla/5.0+(compatible; UptimeRobot/2.0; http://www.uptimerobot.com/)"
34.206.38.217 - - [28/Nov/2021:14:23:08 +0000] "GET /feed HTTP/1.1" 200 55861 "-" "Automate.io BOT"
106.146.78.185 - - [28/Nov/2021:14:24:06 +0000] "GET /archives/646 HTTP/2.0" 200 9356 "https://search.yahoo.co.jp/" "Mozilla/5.0 (Linux; Android 11; SCG08) AppleWebKit/537.36 (KHTML, like Gecko) SamsungBrowser/14.2 Chrome/87.0.4280.141 Mobile Safari/537.36"
106.146.78.185 - - [28/Nov/2021:14:24:07 +0000] "GET /wp-includes/css/dist/block-library/style.min.css?ver=5.8.2 HTTP/2.0" 200 13704 "https://ja.tak-cslab.org/archives/646" "Mozilla/5.0 (Linux; Android 11; SCG08) AppleWebKit/537.36 (KHTML, like Gecko) SamsungBrowser/14.2 Chrome/87.0.4280.141 Mobile Safari/537.36"
106.146.78.185 - - [28/Nov/2021:14:24:07 +0000] "GET /wp-content/themes/cdsl/style.css?ver=1.3.1 HTTP/2.0" 200 272 "https://ja.tak-cslab.org/archives/646" "Mozilla/5.0 (Linux; Android 11; SCG08) AppleWebKit/537.36 (KHTML, like Gecko) SamsungBrowser/14.2 Chrome/87.0.4280.141 Mobile Safari/537.36"
106.146.78.185 - - [28/Nov/2021:14:24:07 +0000] "GET /wp-content/themes/scaffold/style.css?ver=5.8.2 HTTP/2.0" 200 5846 "https://ja.tak-cslab.org/archives/646" "Mozilla/5.0 (Linux; Android 11; SCG08) AppleWebKit/537.36 (KHTML, like Gecko) SamsungBrowser/14.2 Chrome/87.0.4280.141 Mobile Safari/537.36"
106.146.78.185 - - [28/Nov/2021:14:24:07 +0000] "GET /wp-content/themes/scaffold/assets/js/navigation.js?ver=1.3.1 HTTP/2.0" 200 1266 "https://ja.tak-cslab.org/archives/646" "Mozilla/5.0 (Linux; Android 11; SCG08) AppleWebKit/537.36 (KHTML, like Gecko) SamsungBrowser/14.2 Chrome/87.0.4280.141 Mobile Safari/537.36"
106.146.78.185 - - [28/Nov/2021:14:24:07 +0000] "GET /wp-includes/js/comment-reply.min.js?ver=5.8.2 HTTP/2.0" 200 1390 "https://ja.tak-cslab.org/archives/646" "Mozilla/5.0 (Linux; Android 11; SCG08) AppleWebKit/537.36 (KHTML, like Gecko) SamsungBrowser/14.2 Chrome/87.0.4280.141 Mobile Safari/537.36"
106.146.78.185 - - [28/Nov/2021:14:24:07 +0000] "GET /wp-includes/js/wp-embed.min.js?ver=5.8.2 HTTP/2.0" 200 779 "https://ja.tak-cslab.org/archives/646" "Mozilla/5.0 (Linux; Android 11; SCG08) AppleWebKit/537.36 (KHTML, like Gecko) SamsungBrowser/14.2 Chrome/87.0.4280.141 Mobile Safari/537.36"
106.146.78.185 - - [28/Nov/2021:14:24:07 +0000] "GET /wp-includes/js/wp-emoji-release.min.js?ver=5.8.2 HTTP/2.0" 200 5714 "https://ja.tak-cslab.org/archives/646" "Mozilla/5.0 (Linux; Android 11; SCG08) AppleWebKit/537.36 (KHTML, like Gecko) SamsungBrowser/14.2 Chrome/87.0.4280.141 Mobile Safari/537.36"
106.146.78.185 - - [28/Nov/2021:14:24:07 +0000] "GET /favicon.ico HTTP/2.0" 302 0 "https://ja.tak-cslab.org/archives/646" "Mozilla/5.0 (Linux; Android 11; SCG08) AppleWebKit/537.36 (KHTML, like Gecko) SamsungBrowser/14.2 Chrome/87.0.4280.141 Mobile Safari/537.36"
106.146.78.185 - - [28/Nov/2021:14:24:07 +0000] "GET /wp-includes/images/w-logo-blue-white-bg.png HTTP/2.0" 200 4119 "https://ja.tak-cslab.org/archives/646" "Mozilla/5.0 (Linux; Android 11; SCG08) AppleWebKit/537.36 (KHTML, like Gecko) SamsungBrowser/14.2 Chrome/87.0.4280.141 Mobile Safari/537.36"
106.146.78.185 - - [28/Nov/2021:14:24:08 +0000] "GET /wp-content/uploads/2020/10/IMG_4237.jpg HTTP/2.0" 200 242357 "https://ja.tak-cslab.org/archives/646" "Mozilla/5.0 (Linux; Android 11; SCG08) AppleWebKit/537.36 (KHTML, like Gecko) SamsungBrowser/14.2 Chrome/87.0.4280.141 Mobile Safari/537.36"
106.146.78.185 - - [28/Nov/2021:14:24:08 +0000] "GET /wp-content/uploads/2020/10/IMG_4235-1.jpg HTTP/2.0" 200 459964 "https://ja.tak-cslab.org/archives/646" "Mozilla/5.0 (Linux; Android 11; SCG08) AppleWebKit/537.36 (KHTML, like Gecko) SamsungBrowser/14.2 Chrome/87.0.4280.141 Mobile Safari/537.36"
106.146.78.185 - - [28/Nov/2021:14:24:08 +0000] "GET /wp-content/uploads/2020/10/IMG_4243.jpg HTTP/2.0" 200 214517 "https://ja.tak-cslab.org/archives/646" "Mozilla/5.0 (Linux; Android 11; SCG08) AppleWebKit/537.36 (KHTML, like Gecko) SamsungBrowser/14.2 Chrome/87.0.4280.141 Mobile Safari/537.36"
106.146.78.185 - - [28/Nov/2021:14:24:08 +0000] "GET /wp-content/uploads/2020/10/IMG_4247.jpg HTTP/2.0" 200 268024 "https://ja.tak-cslab.org/archives/646" "Mozilla/5.0 (Linux; Android 11; SCG08) AppleWebKit/537.36 (KHTML, like Gecko) SamsungBrowser/14.2 Chrome/87.0.4280.141 Mobile Safari/537.36"
106.146.78.185 - - [28/Nov/2021:14:24:14 +0000] "GET /wp-content/uploads/2020/10/IMG_4250-1-1-768x685.jpg HTTP/2.0" 200 50421 "https://ja.tak-cslab.org/archives/646" "Mozilla/5.0 (Linux; Android 11; SCG08) AppleWebKit/537.36 (KHTML, like Gecko) SamsungBrowser/14.2 Chrome/87.0.4280.141 Mobile Safari/537.36"
106.146.78.185 - - [28/Nov/2021:14:24:17 +0000] "GET /wp-content/uploads/2020/10/IMG_4254-1.jpg HTTP/2.0" 200 100651 "https://ja.tak-cslab.org/archives/646" "Mozilla/5.0 (Linux; Android 11; SCG08) AppleWebKit/537.36 (KHTML, like Gecko) SamsungBrowser/14.2 Chrome/87.0.4280.141 Mobile Safari/537.36"
216.245.221.83 - - [28/Nov/2021:14:27:27 +0000] "HEAD / HTTP/1.1" 301 0 "http://ja.tak-cslab.org/" "Mozilla/5.0+(compatible; UptimeRobot/2.0; http://www.uptimerobot.com/)"
216.245.221.83 - - [28/Nov/2021:14:27:27 +0000] "HEAD / HTTP/1.1" 200 0 "http://ja.tak-cslab.org/" "Mozilla/5.0+(compatible; UptimeRobot/2.0; http://www.uptimerobot.com/)"
34.206.38.217 - - [28/Nov/2021:14:28:09 +0000] "GET /feed HTTP/1.1" 200 55868 "-" "Automate.io BOT"
54.168.238.241 - - [28/Nov/2021:14:28:39 +0000] "GET /favicon.ico HTTP/1.1" 302 5 "-" "Slack-ImgProxy (+https://api.slack.com/robots)"
35.77.39.104 - - [28/Nov/2021:14:28:39 +0000] "GET /wp-includes/images/w-logo-blue-white-bg.png HTTP/1.1" 200 4119 "-" "Slack-ImgProxy (+https://api.slack.com/robots)"
222.151.32.28 - - [28/Nov/2021:14:28:49 +0000] "GET /archives/1588 HTTP/2.0" 200 8232 "https://ja.tak-cslab.org/publish-assets" "Mozilla/5.0 (Windows NT 10.0; Win64; x64) AppleWebKit/537.36 (KHTML, like Gecko) Chrome/96.0.4664.45 Safari/537.36"
222.151.32.28 - - [28/Nov/2021:14:28:49 +0000] "GET /wp-includes/js/comment-reply.min.js?ver=5.8.2 HTTP/2.0" 200 1390 "https://ja.tak-cslab.org/archives/1588" "Mozilla/5.0 (Windows NT 10.0; Win64; x64) AppleWebKit/537.36 (KHTML, like Gecko) Chrome/96.0.4664.45 Safari/537.36"
222.151.32.28 - - [28/Nov/2021:14:28:49 +0000] "GET /wp-content/uploads/2021/11/4802D652-BD0F-4516-9091-6ECBE0F6189F_1_105_c.jpg HTTP/2.0" 200 279465 "https://ja.tak-cslab.org/archives/1588" "Mozilla/5.0 (Windows NT 10.0; Win64; x64) AppleWebKit/537.36 (KHTML, like Gecko) Chrome/96.0.4664.45 Safari/537.36"
222.151.32.28 - - [28/Nov/2021:14:28:49 +0000] "GET /wp-content/uploads/2021/11/23F6560F-D84B-410B-B029-72B21416F7F4_1_105_c-5.jpg HTTP/2.0" 200 268638 "https://ja.tak-cslab.org/archives/1588" "Mozilla/5.0 (Windows NT 10.0; Win64; x64) AppleWebKit/537.36 (KHTML, like Gecko) Chrome/96.0.4664.45 Safari/537.36"
222.151.32.28 - - [28/Nov/2021:14:28:49 +0000] "GET /wp-content/uploads/2021/11/iOS-%E3%81%AE%E7%94%BB%E5%83%8F-4-1-1152x1536.jpg HTTP/2.0" 200 260032 "https://ja.tak-cslab.org/archives/1588" "Mozilla/5.0 (Windows NT 10.0; Win64; x64) AppleWebKit/537.36 (KHTML, like Gecko) Chrome/96.0.4664.45 Safari/537.36"
222.151.32.28 - - [28/Nov/2021:14:28:49 +0000] "GET /wp-content/uploads/2021/11/iOS-%E3%81%AE%E7%94%BB%E5%83%8F-1-1152x1536.jpg HTTP/2.0" 200 316234 "https://ja.tak-cslab.org/archives/1588" "Mozilla/5.0 (Windows NT 10.0; Win64; x64) AppleWebKit/537.36 (KHTML, like Gecko) Chrome/96.0.4664.45 Safari/537.36"
222.151.32.28 - - [28/Nov/2021:14:28:49 +0000] "GET /wp-content/uploads/2021/11/515378A5-9FB4-4B74-8272-B46A64FAD39A_1_105_c-3.jpg HTTP/2.0" 200 196253 "https://ja.tak-cslab.org/archives/1588" "Mozilla/5.0 (Windows NT 10.0; Win64; x64) AppleWebKit/537.36 (KHTML, like Gecko) Chrome/96.0.4664.45 Safari/537.36"
222.151.32.28 - - [28/Nov/2021:14:28:49 +0000] "GET /wp-content/uploads/2021/11/iOS-%E3%81%AE%E7%94%BB%E5%83%8F-3-1152x1536.jpg HTTP/2.0" 200 352360 "https://ja.tak-cslab.org/archives/1588" "Mozilla/5.0 (Windows NT 10.0; Win64; x64) AppleWebKit/537.36 (KHTML, like Gecko) Chrome/96.0.4664.45 Safari/537.36"
222.151.32.28 - - [28/Nov/2021:14:28:49 +0000] "GET /wp-content/uploads/2021/11/iOS-%E3%81%AE%E7%94%BB%E5%83%8F-2-1152x1536.jpg HTTP/2.0" 200 322875 "https://ja.tak-cslab.org/archives/1588" "Mozilla/5.0 (Windows NT 10.0; Win64; x64) AppleWebKit/537.36 (KHTML, like Gecko) Chrome/96.0.4664.45 Safari/537.36"
222.151.32.28 - - [28/Nov/2021:14:28:53 +0000] "GET /archives/1594 HTTP/2.0" 200 8766 "https://ja.tak-cslab.org/publish-assets" "Mozilla/5.0 (Windows NT 10.0; Win64; x64) AppleWebKit/537.36 (KHTML, like Gecko) Chrome/96.0.4664.45 Safari/537.36"
222.151.32.28 - - [28/Nov/2021:14:28:53 +0000] "GET /wp-content/uploads/2021/11/iOS-%E3%81%AE%E7%94%BB%E5%83%8F-1024x768.jpg HTTP/2.0" 200 141200 "https://ja.tak-cslab.org/archives/1594" "Mozilla/5.0 (Windows NT 10.0; Win64; x64) AppleWebKit/537.36 (KHTML, like Gecko) Chrome/96.0.4664.45 Safari/537.36"
222.151.32.28 - - [28/Nov/2021:14:29:18 +0000] "GET /archives/1563 HTTP/2.0" 200 8735 "https://ja.tak-cslab.org/publish-assets" "Mozilla/5.0 (Windows NT 10.0; Win64; x64) AppleWebKit/537.36 (KHTML, like Gecko) Chrome/96.0.4664.45 Safari/537.36"
222.151.32.28 - - [28/Nov/2021:14:29:18 +0000] "GET /wp-content/uploads/2021/11/IMG_9145.jpg HTTP/2.0" 200 115779 "https://ja.tak-cslab.org/archives/1563" "Mozilla/5.0 (Windows NT 10.0; Win64; x64) AppleWebKit/537.36 (KHTML, like Gecko) Chrome/96.0.4664.45 Safari/537.36"
222.151.32.28 - - [28/Nov/2021:14:29:18 +0000] "GET /wp-content/uploads/2021/11/IMG_9140.jpg HTTP/2.0" 200 181539 "https://ja.tak-cslab.org/archives/1563" "Mozilla/5.0 (Windows NT 10.0; Win64; x64) AppleWebKit/537.36 (KHTML, like Gecko) Chrome/96.0.4664.45 Safari/537.36"
222.151.32.28 - - [28/Nov/2021:14:29:18 +0000] "GET /wp-content/uploads/2021/11/IMG_9092.jpg HTTP/2.0" 200 213548 "https://ja.tak-cslab.org/archives/1563" "Mozilla/5.0 (Windows NT 10.0; Win64; x64) AppleWebKit/537.36 (KHTML, like Gecko) Chrome/96.0.4664.45 Safari/537.36"
222.151.32.28 - - [28/Nov/2021:14:29:18 +0000] "GET /wp-content/uploads/2021/11/IMG_9138.jpg HTTP/2.0" 200 165097 "https://ja.tak-cslab.org/archives/1563" "Mozilla/5.0 (Windows NT 10.0; Win64; x64) AppleWebKit/537.36 (KHTML, like Gecko) Chrome/96.0.4664.45 Safari/537.36"
222.151.32.28 - - [28/Nov/2021:14:29:18 +0000] "GET /wp-content/uploads/2021/11/IMG_9139-rotated.jpg HTTP/2.0" 200 219714 "https://ja.tak-cslab.org/archives/1563" "Mozilla/5.0 (Windows NT 10.0; Win64; x64) AppleWebKit/537.36 (KHTML, like Gecko) Chrome/96.0.4664.45 Safari/537.36"
222.151.32.28 - - [28/Nov/2021:14:29:18 +0000] "GET /wp-content/uploads/2021/11/IMG_9095.jpg HTTP/2.0" 200 102456 "https://ja.tak-cslab.org/archives/1563" "Mozilla/5.0 (Windows NT 10.0; Win64; x64) AppleWebKit/537.36 (KHTML, like Gecko) Chrome/96.0.4664.45 Safari/537.36"
222.151.32.28 - - [28/Nov/2021:14:29:18 +0000] "GET /wp-content/uploads/2021/11/IMG_7440-1.jpg HTTP/2.0" 200 90847 "https://ja.tak-cslab.org/archives/1563" "Mozilla/5.0 (Windows NT 10.0; Win64; x64) AppleWebKit/537.36 (KHTML, like Gecko) Chrome/96.0.4664.45 Safari/537.36"
222.151.32.28 - - [28/Nov/2021:14:29:18 +0000] "GET /wp-content/uploads/2021/11/IMG_9104-1.jpg HTTP/2.0" 200 105715 "https://ja.tak-cslab.org/archives/1563" "Mozilla/5.0 (Windows NT 10.0; Win64; x64) AppleWebKit/537.36 (KHTML, like Gecko) Chrome/96.0.4664.45 Safari/537.36"
222.151.32.28 - - [28/Nov/2021:14:29:18 +0000] "GET /wp-content/uploads/2021/11/IMG_9147.jpg HTTP/2.0" 200 82384 "https://ja.tak-cslab.org/archives/1563" "Mozilla/5.0 (Windows NT 10.0; Win64; x64) AppleWebKit/537.36 (KHTML, like Gecko) Chrome/96.0.4664.45 Safari/537.36"
222.151.32.28 - - [28/Nov/2021:14:29:18 +0000] "GET /wp-content/uploads/2021/11/IMG_9133.jpg HTTP/2.0" 200 245851 "https://ja.tak-cslab.org/archives/1563" "Mozilla/5.0 (Windows NT 10.0; Win64; x64) AppleWebKit/537.36 (KHTML, like Gecko) Chrome/96.0.4664.45 Safari/537.36"
216.245.221.83 - - [28/Nov/2021:14:32:27 +0000] "HEAD / HTTP/1.1" 301 0 "http://ja.tak-cslab.org/" "Mozilla/5.0+(compatible; UptimeRobot/2.0; http://www.uptimerobot.com/)"
216.245.221.83 - - [28/Nov/2021:14:32:27 +0000] "HEAD / HTTP/1.1" 200 0 "http://ja.tak-cslab.org/" "Mozilla/5.0+(compatible; UptimeRobot/2.0; http://www.uptimerobot.com/)"
34.206.38.217 - - [28/Nov/2021:14:33:09 +0000] "GET /feed HTTP/1.1" 200 55867 "-" "Automate.io BOT"
34.206.52.23 - - [28/Nov/2021:14:33:40 +0000] "HEAD /feed HTTP/2.0" 200 0 "-" "Slackbot 1.0 (+https://api.slack.com/robots)"
3.88.39.105 - - [28/Nov/2021:14:33:40 +0000] "GET /feed HTTP/1.1" 200 55867 "-" "Slackbot 1.0 (+https://api.slack.com/robots)"
44.195.62.124 - - [28/Nov/2021:14:33:42 +0000] "GET / HTTP/1.1" 200 6312 "-" "Slackbot 1.0 (+https://api.slack.com/robots)"
216.245.221.83 - - [28/Nov/2021:14:37:27 +0000] "HEAD / HTTP/1.1" 301 0 "http://ja.tak-cslab.org/" "Mozilla/5.0+(compatible; UptimeRobot/2.0; http://www.uptimerobot.com/)"
216.245.221.83 - - [28/Nov/2021:14:37:27 +0000] "HEAD / HTTP/1.1" 200 0 "http://ja.tak-cslab.org/" "Mozilla/5.0+(compatible; UptimeRobot/2.0; http://www.uptimerobot.com/)"
185.255.96.99 - - [28/Nov/2021:14:37:42 +0000] "GET /archives/460/ HTTP/1.0" 301 162 "http://ja.tak-cslab.org/archives/460/" "Mozilla/5.0 (Windows NT 10.0; Win64; x64) AppleWebKit/537.36 (KHTML, like Gecko) Chrome/90.0.4430.86 Safari/537.36"
185.255.96.99 - - [28/Nov/2021:14:37:43 +0000] "GET /archives/460/ HTTP/1.0" 301 0 "https://ja.tak-cslab.org/archives/460/" "Mozilla/5.0 (Windows NT 10.0; Win64; x64) AppleWebKit/537.36 (KHTML, like Gecko) Chrome/90.0.4430.86 Safari/537.36"
185.255.96.99 - - [28/Nov/2021:14:37:44 +0000] "GET /archives/460 HTTP/1.0" 200 27841 "https://ja.tak-cslab.org/archives/460" "Mozilla/5.0 (Windows NT 10.0; Win64; x64) AppleWebKit/537.36 (KHTML, like Gecko) Chrome/90.0.4430.86 Safari/537.36"
34.206.38.217 - - [28/Nov/2021:14:38:08 +0000] "GET /feed HTTP/1.1" 200 55867 "-" "Automate.io BOT"
40.77.167.53 - - [28/Nov/2021:14:39:49 +0000] "GET /wp-content/uploads/2020/10/IMG_4247.jpg HTTP/2.0" 200 268024 "-" "Mozilla/5.0 (compatible; bingbot/2.0; +http://www.bing.com/bingbot.htm)"
216.245.221.83 - - [28/Nov/2021:14:42:27 +0000] "HEAD / HTTP/1.1" 301 0 "http://ja.tak-cslab.org/" "Mozilla/5.0+(compatible; UptimeRobot/2.0; http://www.uptimerobot.com/)"
216.245.221.83 - - [28/Nov/2021:14:42:27 +0000] "HEAD / HTTP/1.1" 200 0 "http://ja.tak-cslab.org/" "Mozilla/5.0+(compatible; UptimeRobot/2.0; http://www.uptimerobot.com/)"
34.206.38.217 - - [28/Nov/2021:14:43:08 +0000] "GET /feed HTTP/1.1" 200 55861 "-" "Automate.io BOT"
216.245.221.83 - - [28/Nov/2021:14:47:27 +0000] "HEAD / HTTP/1.1" 301 0 "http://ja.tak-cslab.org/" "Mozilla/5.0+(compatible; UptimeRobot/2.0; http://www.uptimerobot.com/)"
216.245.221.83 - - [28/Nov/2021:14:47:27 +0000] "HEAD / HTTP/1.1" 200 0 "http://ja.tak-cslab.org/" "Mozilla/5.0+(compatible; UptimeRobot/2.0; http://www.uptimerobot.com/)"
34.206.38.217 - - [28/Nov/2021:14:48:08 +0000] "GET /feed HTTP/1.1" 200 55860 "-" "Automate.io BOT"
49.97.95.92 - - [28/Nov/2021:14:52:04 +0000] "GET /archives/1588 HTTP/2.0" 200 8232 "-" "Mozilla/5.0 (iPhone; CPU iPhone OS 15_1 like Mac OS X) AppleWebKit/605.1.15 (KHTML, like Gecko) Version/15.1 Mobile/15E148 Safari/604.1"
49.97.95.92 - - [28/Nov/2021:14:52:04 +0000] "GET /wp-includes/js/wp-emoji-release.min.js?ver=5.8.2 HTTP/2.0" 304 0 "https://ja.tak-cslab.org/archives/1588" "Mozilla/5.0 (iPhone; CPU iPhone OS 15_1 like Mac OS X) AppleWebKit/605.1.15 (KHTML, like Gecko) Version/15.1 Mobile/15E148 Safari/604.1"
49.97.95.92 - - [28/Nov/2021:14:52:04 +0000] "GET /wp-includes/js/comment-reply.min.js?ver=5.8.2 HTTP/2.0" 304 0 "https://ja.tak-cslab.org/archives/1588" "Mozilla/5.0 (iPhone; CPU iPhone OS 15_1 like Mac OS X) AppleWebKit/605.1.15 (KHTML, like Gecko) Version/15.1 Mobile/15E148 Safari/604.1"
49.97.95.92 - - [28/Nov/2021:14:52:04 +0000] "GET /wp-includes/js/wp-embed.min.js?ver=5.8.2 HTTP/2.0" 304 0 "https://ja.tak-cslab.org/archives/1588" "Mozilla/5.0 (iPhone; CPU iPhone OS 15_1 like Mac OS X) AppleWebKit/605.1.15 (KHTML, like Gecko) Version/15.1 Mobile/15E148 Safari/604.1"
49.97.95.92 - - [28/Nov/2021:14:52:04 +0000] "GET /wp-includes/css/dist/block-library/style.min.css?ver=5.8.2 HTTP/2.0" 304 0 "https://ja.tak-cslab.org/archives/1588" "Mozilla/5.0 (iPhone; CPU iPhone OS 15_1 like Mac OS X) AppleWebKit/605.1.15 (KHTML, like Gecko) Version/15.1 Mobile/15E148 Safari/604.1"
49.97.95.92 - - [28/Nov/2021:14:52:05 +0000] "GET /wp-content/uploads/2021/11/iOS-%E3%81%AE%E7%94%BB%E5%83%8F-2-1040x1387.jpg HTTP/2.0" 304 0 "https://ja.tak-cslab.org/archives/1588" "Mozilla/5.0 (iPhone; CPU iPhone OS 15_1 like Mac OS X) AppleWebKit/605.1.15 (KHTML, like Gecko) Version/15.1 Mobile/15E148 Safari/604.1"
49.97.95.92 - - [28/Nov/2021:14:52:05 +0000] "GET /wp-content/uploads/2021/11/4802D652-BD0F-4516-9091-6ECBE0F6189F_1_105_c.jpg HTTP/2.0" 304 0 "https://ja.tak-cslab.org/archives/1588" "Mozilla/5.0 (iPhone; CPU iPhone OS 15_1 like Mac OS X) AppleWebKit/605.1.15 (KHTML, like Gecko) Version/15.1 Mobile/15E148 Safari/604.1"
49.97.95.92 - - [28/Nov/2021:14:52:05 +0000] "GET /wp-content/uploads/2021/11/iOS-%E3%81%AE%E7%94%BB%E5%83%8F-4-1-1040x1387.jpg HTTP/2.0" 304 0 "https://ja.tak-cslab.org/archives/1588" "Mozilla/5.0 (iPhone; CPU iPhone OS 15_1 like Mac OS X) AppleWebKit/605.1.15 (KHTML, like Gecko) Version/15.1 Mobile/15E148 Safari/604.1"
49.97.95.92 - - [28/Nov/2021:14:52:05 +0000] "GET /wp-content/uploads/2021/11/iOS-%E3%81%AE%E7%94%BB%E5%83%8F-1-1040x1387.jpg HTTP/2.0" 304 0 "https://ja.tak-cslab.org/archives/1588" "Mozilla/5.0 (iPhone; CPU iPhone OS 15_1 like Mac OS X) AppleWebKit/605.1.15 (KHTML, like Gecko) Version/15.1 Mobile/15E148 Safari/604.1"
49.97.95.92 - - [28/Nov/2021:14:52:05 +0000] "GET /wp-content/uploads/2021/11/iOS-%E3%81%AE%E7%94%BB%E5%83%8F-3-1040x1387.jpg HTTP/2.0" 304 0 "https://ja.tak-cslab.org/archives/1588" "Mozilla/5.0 (iPhone; CPU iPhone OS 15_1 like Mac OS X) AppleWebKit/605.1.15 (KHTML, like Gecko) Version/15.1 Mobile/15E148 Safari/604.1"
49.97.95.92 - - [28/Nov/2021:14:52:05 +0000] "GET /wp-content/uploads/2021/11/iOS-%E3%81%AE%E7%94%BB%E5%83%8F-4-1-scaled.jpg HTTP/2.0" 304 0 "https://ja.tak-cslab.org/archives/1588" "Mozilla/5.0 (iPhone; CPU iPhone OS 15_1 like Mac OS X) AppleWebKit/605.1.15 (KHTML, like Gecko) Version/15.1 Mobile/15E148 Safari/604.1"
49.97.95.92 - - [28/Nov/2021:14:52:05 +0000] "GET /wp-content/uploads/2021/11/iOS-%E3%81%AE%E7%94%BB%E5%83%8F-1-scaled.jpg HTTP/2.0" 304 0 "https://ja.tak-cslab.org/archives/1588" "Mozilla/5.0 (iPhone; CPU iPhone OS 15_1 like Mac OS X) AppleWebKit/605.1.15 (KHTML, like Gecko) Version/15.1 Mobile/15E148 Safari/604.1"
49.97.95.92 - - [28/Nov/2021:14:52:05 +0000] "GET /wp-content/uploads/2021/11/iOS-%E3%81%AE%E7%94%BB%E5%83%8F-2-scaled.jpg HTTP/2.0" 304 0 "https://ja.tak-cslab.org/archives/1588" "Mozilla/5.0 (iPhone; CPU iPhone OS 15_1 like Mac OS X) AppleWebKit/605.1.15 (KHTML, like Gecko) Version/15.1 Mobile/15E148 Safari/604.1"
49.97.95.92 - - [28/Nov/2021:14:52:05 +0000] "GET /wp-content/uploads/2021/11/iOS-%E3%81%AE%E7%94%BB%E5%83%8F-3-scaled.jpg HTTP/2.0" 304 0 "https://ja.tak-cslab.org/archives/1588" "Mozilla/5.0 (iPhone; CPU iPhone OS 15_1 like Mac OS X) AppleWebKit/605.1.15 (KHTML, like Gecko) Version/15.1 Mobile/15E148 Safari/604.1"
49.97.95.92 - - [28/Nov/2021:14:52:25 +0000] "GET /wp-content/uploads/2021/11/515378A5-9FB4-4B74-8272-B46A64FAD39A_1_105_c-3.jpg HTTP/2.0" 304 0 "https://ja.tak-cslab.org/archives/1588" "Mozilla/5.0 (iPhone; CPU iPhone OS 15_1 like Mac OS X) AppleWebKit/605.1.15 (KHTML, like Gecko) Version/15.1 Mobile/15E148 Safari/604.1"
49.97.95.92 - - [28/Nov/2021:14:52:25 +0000] "GET /wp-content/uploads/2021/11/23F6560F-D84B-410B-B029-72B21416F7F4_1_105_c-5.jpg HTTP/2.0" 304 0 "https://ja.tak-cslab.org/archives/1588" "Mozilla/5.0 (iPhone; CPU iPhone OS 15_1 like Mac OS X) AppleWebKit/605.1.15 (KHTML, like Gecko) Version/15.1 Mobile/15E148 Safari/604.1"
216.245.221.83 - - [28/Nov/2021:14:52:27 +0000] "HEAD / HTTP/1.1" 301 0 "http://ja.tak-cslab.org/" "Mozilla/5.0+(compatible; UptimeRobot/2.0; http://www.uptimerobot.com/)"
216.245.221.83 - - [28/Nov/2021:14:52:27 +0000] "HEAD / HTTP/1.1" 200 0 "http://ja.tak-cslab.org/" "Mozilla/5.0+(compatible; UptimeRobot/2.0; http://www.uptimerobot.com/)"
34.206.38.217 - - [28/Nov/2021:14:53:08 +0000] "GET /feed HTTP/1.1" 200 55867 "-" "Automate.io BOT"
52.206.79.119 - - [28/Nov/2021:14:53:41 +0000] "HEAD /feed HTTP/2.0" 200 0 "-" "Slackbot 1.0 (+https://api.slack.com/robots)"
18.209.230.8 - - [28/Nov/2021:14:53:42 +0000] "GET /feed HTTP/1.1" 200 55867 "-" "Slackbot 1.0 (+https://api.slack.com/robots)"
34.224.168.98 - - [28/Nov/2021:14:53:43 +0000] "GET / HTTP/1.1" 200 6312 "-" "Slackbot 1.0 (+https://api.slack.com/robots)"
216.245.221.83 - - [28/Nov/2021:14:57:27 +0000] "HEAD / HTTP/1.1" 301 0 "http://ja.tak-cslab.org/" "Mozilla/5.0+(compatible; UptimeRobot/2.0; http://www.uptimerobot.com/)"
216.245.221.83 - - [28/Nov/2021:14:57:27 +0000] "HEAD / HTTP/1.1" 200 0 "http://ja.tak-cslab.org/" "Mozilla/5.0+(compatible; UptimeRobot/2.0; http://www.uptimerobot.com/)"
34.206.38.217 - - [28/Nov/2021:14:58:08 +0000] "GET /feed HTTP/1.1" 200 55867 "-" "Automate.io BOT"
106.158.133.146 - - [28/Nov/2021:14:59:21 +0000] "GET /topics/blog HTTP/2.0" 200 13004 "-" "Mozilla/5.0 (Macintosh; Intel Mac OS X 10_15_7) AppleWebKit/537.36 (KHTML, like Gecko) Chrome/96.0.4664.55 Safari/537.36"
106.158.133.146 - - [28/Nov/2021:14:59:21 +0000] "GET /wp-includes/css/dist/block-library/style.min.css?ver=5.8.2 HTTP/2.0" 304 0 "https://ja.tak-cslab.org/topics/blog" "Mozilla/5.0 (Macintosh; Intel Mac OS X 10_15_7) AppleWebKit/537.36 (KHTML, like Gecko) Chrome/96.0.4664.55 Safari/537.36"
106.158.133.146 - - [28/Nov/2021:14:59:21 +0000] "GET /wp-includes/js/wp-embed.min.js?ver=5.8.2 HTTP/2.0" 304 0 "https://ja.tak-cslab.org/topics/blog" "Mozilla/5.0 (Macintosh; Intel Mac OS X 10_15_7) AppleWebKit/537.36 (KHTML, like Gecko) Chrome/96.0.4664.55 Safari/537.36"
106.158.133.146 - - [28/Nov/2021:14:59:21 +0000] "GET /wp-includes/js/wp-emoji-release.min.js?ver=5.8.2 HTTP/2.0" 304 0 "https://ja.tak-cslab.org/topics/blog" "Mozilla/5.0 (Macintosh; Intel Mac OS X 10_15_7) AppleWebKit/537.36 (KHTML, like Gecko) Chrome/96.0.4664.55 Safari/537.36"
216.245.221.83 - - [28/Nov/2021:15:02:27 +0000] "HEAD / HTTP/1.1" 301 0 "http://ja.tak-cslab.org/" "Mozilla/5.0+(compatible; UptimeRobot/2.0; http://www.uptimerobot.com/)"
163.215.6.1 - - [28/Nov/2021:15:02:27 +0000] "POST /wp-cron.php?doing_wp_cron=1638111747.6696810722351074218750 HTTP/1.1" 200 31 "https://ja.tak-cslab.org/wp-cron.php?doing_wp_cron=1638111747.6696810722351074218750" "WordPress/5.8.2; https://ja.tak-cslab.org"
216.245.221.83 - - [28/Nov/2021:15:02:27 +0000] "HEAD / HTTP/1.1" 200 0 "http://ja.tak-cslab.org/" "Mozilla/5.0+(compatible; UptimeRobot/2.0; http://www.uptimerobot.com/)"
34.206.38.217 - - [28/Nov/2021:15:03:09 +0000] "GET /feed HTTP/1.1" 200 55867 "-" "Automate.io BOT"
216.245.221.83 - - [28/Nov/2021:15:07:27 +0000] "HEAD / HTTP/1.1" 301 0 "http://ja.tak-cslab.org/" "Mozilla/5.0+(compatible; UptimeRobot/2.0; http://www.uptimerobot.com/)"
216.245.221.83 - - [28/Nov/2021:15:07:27 +0000] "HEAD / HTTP/1.1" 200 0 "http://ja.tak-cslab.org/" "Mozilla/5.0+(compatible; UptimeRobot/2.0; http://www.uptimerobot.com/)"
34.206.38.217 - - [28/Nov/2021:15:08:08 +0000] "GET /feed HTTP/1.1" 200 55867 "-" "Automate.io BOT"
216.245.221.83 - - [28/Nov/2021:15:12:27 +0000] "HEAD / HTTP/1.1" 301 0 "http://ja.tak-cslab.org/" "Mozilla/5.0+(compatible; UptimeRobot/2.0; http://www.uptimerobot.com/)"
216.245.221.83 - - [28/Nov/2021:15:12:27 +0000] "HEAD / HTTP/1.1" 200 0 "http://ja.tak-cslab.org/" "Mozilla/5.0+(compatible; UptimeRobot/2.0; http://www.uptimerobot.com/)"
34.206.38.217 - - [28/Nov/2021:15:13:14 +0000] "GET /feed HTTP/1.1" 200 55861 "-" "Automate.io BOT"
44.197.188.118 - - [28/Nov/2021:15:13:42 +0000] "HEAD /feed HTTP/2.0" 200 0 "-" "Slackbot 1.0 (+https://api.slack.com/robots)"
44.195.19.120 - - [28/Nov/2021:15:13:42 +0000] "GET /feed HTTP/1.1" 200 55867 "-" "Slackbot 1.0 (+https://api.slack.com/robots)"
3.236.200.104 - - [28/Nov/2021:15:13:44 +0000] "GET / HTTP/1.1" 200 6306 "-" "Slackbot 1.0 (+https://api.slack.com/robots)"
216.245.221.83 - - [28/Nov/2021:15:17:27 +0000] "HEAD / HTTP/1.1" 301 0 "http://ja.tak-cslab.org/" "Mozilla/5.0+(compatible; UptimeRobot/2.0; http://www.uptimerobot.com/)"
216.245.221.83 - - [28/Nov/2021:15:17:27 +0000] "HEAD / HTTP/1.1" 200 0 "http://ja.tak-cslab.org/" "Mozilla/5.0+(compatible; UptimeRobot/2.0; http://www.uptimerobot.com/)"
163.215.6.1 - - [28/Nov/2021:15:18:15 +0000] "POST /wp-cron.php?doing_wp_cron=1638112694.9930810928344726562500 HTTP/1.1" 200 31 "https://ja.tak-cslab.org/wp-cron.php?doing_wp_cron=1638112694.9930810928344726562500" "WordPress/5.8.2; https://ja.tak-cslab.org"
34.206.38.217 - - [28/Nov/2021:15:18:15 +0000] "GET /feed HTTP/1.1" 200 55867 "-" "Automate.io BOT"
216.245.221.83 - - [28/Nov/2021:15:22:27 +0000] "HEAD / HTTP/1.1" 301 0 "http://ja.tak-cslab.org/" "Mozilla/5.0+(compatible; UptimeRobot/2.0; http://www.uptimerobot.com/)"
163.215.6.1 - - [28/Nov/2021:15:22:27 +0000] "POST /wp-cron.php?doing_wp_cron=1638112947.6676819324493408203125 HTTP/1.1" 200 31 "https://ja.tak-cslab.org/wp-cron.php?doing_wp_cron=1638112947.6676819324493408203125" "WordPress/5.8.2; https://ja.tak-cslab.org"
216.245.221.83 - - [28/Nov/2021:15:22:27 +0000] "HEAD / HTTP/1.1" 200 0 "http://ja.tak-cslab.org/" "Mozilla/5.0+(compatible; UptimeRobot/2.0; http://www.uptimerobot.com/)"
34.206.38.217 - - [28/Nov/2021:15:23:15 +0000] "GET /feed HTTP/1.1" 200 55868 "-" "Automate.io BOT"
216.245.221.83 - - [28/Nov/2021:15:27:27 +0000] "HEAD / HTTP/1.1" 301 0 "http://ja.tak-cslab.org/" "Mozilla/5.0+(compatible; UptimeRobot/2.0; http://www.uptimerobot.com/)"
216.245.221.83 - - [28/Nov/2021:15:27:27 +0000] "HEAD / HTTP/1.1" 200 0 "http://ja.tak-cslab.org/" "Mozilla/5.0+(compatible; UptimeRobot/2.0; http://www.uptimerobot.com/)"
34.206.38.217 - - [28/Nov/2021:15:28:16 +0000] "GET /feed HTTP/1.1" 200 55868 "-" "Automate.io BOT"
216.245.221.83 - - [28/Nov/2021:15:32:27 +0000] "HEAD / HTTP/1.1" 301 0 "http://ja.tak-cslab.org/" "Mozilla/5.0+(compatible; UptimeRobot/2.0; http://www.uptimerobot.com/)"
216.245.221.83 - - [28/Nov/2021:15:32:27 +0000] "HEAD / HTTP/1.1" 200 0 "http://ja.tak-cslab.org/" "Mozilla/5.0+(compatible; UptimeRobot/2.0; http://www.uptimerobot.com/)"
66.249.79.159 - - [28/Nov/2021:15:33:14 +0000] "GET /wp-content/uploads/2020/09/Screen-Shot-2020-09-09-at-15.14.44-1024x630.png HTTP/1.1" 200 426428 "-" "Googlebot-Image/1.0"
34.206.38.217 - - [28/Nov/2021:15:33:15 +0000] "GET /feed HTTP/1.1" 200 55867 "-" "Automate.io BOT"
44.195.62.124 - - [28/Nov/2021:15:33:39 +0000] "HEAD /feed HTTP/2.0" 200 0 "-" "Slackbot 1.0 (+https://api.slack.com/robots)"
18.209.230.8 - - [28/Nov/2021:15:33:40 +0000] "GET /feed HTTP/1.1" 200 55868 "-" "Slackbot 1.0 (+https://api.slack.com/robots)"
44.197.188.118 - - [28/Nov/2021:15:33:41 +0000] "GET / HTTP/1.1" 200 6306 "-" "Slackbot 1.0 (+https://api.slack.com/robots)"
216.245.221.83 - - [28/Nov/2021:15:37:27 +0000] "HEAD / HTTP/1.1" 301 0 "http://ja.tak-cslab.org/" "Mozilla/5.0+(compatible; UptimeRobot/2.0; http://www.uptimerobot.com/)"
216.245.221.83 - - [28/Nov/2021:15:37:27 +0000] "HEAD / HTTP/1.1" 200 0 "http://ja.tak-cslab.org/" "Mozilla/5.0+(compatible; UptimeRobot/2.0; http://www.uptimerobot.com/)"
34.206.38.217 - - [28/Nov/2021:15:38:16 +0000] "GET /feed HTTP/1.1" 200 55868 "-" "Automate.io BOT"
216.244.66.230 - - [28/Nov/2021:15:40:58 +0000] "GET /robots.txt HTTP/1.1" 301 162 "-" "Mozilla/5.0 (compatible; DotBot/1.2; +https://opensiteexplorer.org/dotbot; help@moz.com)"
216.244.66.230 - - [28/Nov/2021:15:40:58 +0000] "GET /robots.txt HTTP/1.1" 200 128 "-" "Mozilla/5.0 (compatible; DotBot/1.2; +https://opensiteexplorer.org/dotbot; help@moz.com)"
