165.225.97.87 - - [22/Nov/2021:09:03:24 +0000] "GET /wp-includes/images/w-logo-blue-white-bg.png HTTP/1.1" 200 4119 "https://ja.tak-cslab.org/archives/1211" "Mozilla/5.0 (Windows NT 10.0; Win64; x64; rv:94.0) Gecko/20100101 Firefox/94.0"
3.235.161.44 - - [22/Nov/2021:09:03:41 +0000] "HEAD /feed HTTP/2.0" 200 0 "-" "Slackbot 1.0 (+https://api.slack.com/robots)"
54.158.213.4 - - [22/Nov/2021:09:03:42 +0000] "GET /feed HTTP/1.1" 200 55860 "-" "Slackbot 1.0 (+https://api.slack.com/robots)"
18.208.181.125 - - [22/Nov/2021:09:03:43 +0000] "GET / HTTP/1.1" 200 6312 "-" "Slackbot 1.0 (+https://api.slack.com/robots)"
18.117.90.84 - - [22/Nov/2021:09:04:11 +0000] "GET /archives/author/c0119134 HTTP/1.1" 200 5710 "-" "clark-crawler2/Nutch-1.19-SNAPSHOT"
207.46.13.201 - - [22/Nov/2021:09:04:33 +0000] "GET /archives/1174 HTTP/2.0" 200 7335 "-" "Mozilla/5.0 (compatible; bingbot/2.0; +http://www.bing.com/bingbot.htm)"
207.46.13.109 - - [22/Nov/2021:09:04:47 +0000] "GET /wp-content/themes/scaffold/assets/js/navigation.js?ver=1.3.1 HTTP/2.0" 200 1266 "-" "Mozilla/5.0 (compatible; bingbot/2.0; +http://www.bing.com/bingbot.htm)"
66.249.79.158 - - [22/Nov/2021:09:07:18 +0000] "GET /archives/653 HTTP/1.1" 200 7058 "-" "Mozilla/5.0 (Linux; Android 6.0.1; Nexus 5X Build/MMB29P) AppleWebKit/537.36 (KHTML, like Gecko) Chrome/96.0.4664.45 Mobile Safari/537.36 (compatible; Googlebot/2.1; +http://www.google.com/bot.html)"
34.206.38.217 - - [22/Nov/2021:09:07:40 +0000] "GET /feed HTTP/1.1" 200 55867 "-" "Automate.io BOT"
216.245.221.83 - - [22/Nov/2021:09:08:08 +0000] "HEAD / HTTP/1.1" 301 0 "http://ja.tak-cslab.org/" "Mozilla/5.0+(compatible; UptimeRobot/2.0; http://www.uptimerobot.com/)"
216.245.221.83 - - [22/Nov/2021:09:08:08 +0000] "HEAD / HTTP/1.1" 200 0 "http://ja.tak-cslab.org/" "Mozilla/5.0+(compatible; UptimeRobot/2.0; http://www.uptimerobot.com/)"
54.250.254.102 - - [22/Nov/2021:09:10:46 +0000] "GET /favicon.ico HTTP/1.1" 302 5 "-" "Slack-ImgProxy (+https://api.slack.com/robots)"
35.76.117.179 - - [22/Nov/2021:09:10:46 +0000] "GET /wp-includes/images/w-logo-blue-white-bg.png HTTP/1.1" 200 4119 "-" "Slack-ImgProxy (+https://api.slack.com/robots)"
34.206.38.217 - - [22/Nov/2021:09:12:40 +0000] "GET /feed HTTP/1.1" 200 55860 "-" "Automate.io BOT"
216.245.221.83 - - [22/Nov/2021:09:13:08 +0000] "HEAD / HTTP/1.1" 301 0 "http://ja.tak-cslab.org/" "Mozilla/5.0+(compatible; UptimeRobot/2.0; http://www.uptimerobot.com/)"
216.245.221.83 - - [22/Nov/2021:09:13:08 +0000] "HEAD / HTTP/1.1" 200 0 "http://ja.tak-cslab.org/" "Mozilla/5.0+(compatible; UptimeRobot/2.0; http://www.uptimerobot.com/)"
18.117.90.84 - - [22/Nov/2021:09:16:19 +0000] "GET /archives/591/feed HTTP/1.1" 200 833 "-" "clark-crawler2/Nutch-1.19-SNAPSHOT"
18.117.90.84 - - [22/Nov/2021:09:16:34 +0000] "GET /archives/364/feed HTTP/1.1" 200 850 "-" "clark-crawler2/Nutch-1.19-SNAPSHOT"
34.206.38.217 - - [22/Nov/2021:09:17:40 +0000] "GET /feed HTTP/1.1" 200 55860 "-" "Automate.io BOT"
216.245.221.83 - - [22/Nov/2021:09:18:08 +0000] "HEAD / HTTP/1.1" 301 0 "http://ja.tak-cslab.org/" "Mozilla/5.0+(compatible; UptimeRobot/2.0; http://www.uptimerobot.com/)"
163.215.6.1 - - [22/Nov/2021:09:18:09 +0000] "POST /wp-cron.php?doing_wp_cron=1637572689.0766999721527099609375 HTTP/1.1" 200 31 "https://ja.tak-cslab.org/wp-cron.php?doing_wp_cron=1637572689.0766999721527099609375" "WordPress/5.8.2; https://ja.tak-cslab.org"
216.245.221.83 - - [22/Nov/2021:09:18:09 +0000] "HEAD / HTTP/1.1" 200 0 "http://ja.tak-cslab.org/" "Mozilla/5.0+(compatible; UptimeRobot/2.0; http://www.uptimerobot.com/)"
18.117.90.84 - - [22/Nov/2021:09:19:53 +0000] "GET /archives/1581 HTTP/1.1" 200 7186 "-" "clark-crawler2/Nutch-1.19-SNAPSHOT"
18.117.90.84 - - [22/Nov/2021:09:21:02 +0000] "GET /archives/1038/feed HTTP/1.1" 200 810 "-" "clark-crawler2/Nutch-1.19-SNAPSHOT"
18.117.90.84 - - [22/Nov/2021:09:21:29 +0000] "GET /archives/author/c0119236 HTTP/1.1" 200 5712 "-" "clark-crawler2/Nutch-1.19-SNAPSHOT"
34.206.38.217 - - [22/Nov/2021:09:22:40 +0000] "GET /feed HTTP/1.1" 200 55867 "-" "Automate.io BOT"
216.245.221.83 - - [22/Nov/2021:09:23:08 +0000] "HEAD / HTTP/1.1" 301 0 "http://ja.tak-cslab.org/" "Mozilla/5.0+(compatible; UptimeRobot/2.0; http://www.uptimerobot.com/)"
216.245.221.83 - - [22/Nov/2021:09:23:08 +0000] "HEAD / HTTP/1.1" 200 0 "http://ja.tak-cslab.org/" "Mozilla/5.0+(compatible; UptimeRobot/2.0; http://www.uptimerobot.com/)"
18.117.90.84 - - [22/Nov/2021:09:23:24 +0000] "GET /archives/1536 HTTP/1.1" 200 7195 "-" "clark-crawler2/Nutch-1.19-SNAPSHOT"
3.92.70.211 - - [22/Nov/2021:09:23:39 +0000] "HEAD /feed HTTP/2.0" 200 0 "-" "Slackbot 1.0 (+https://api.slack.com/robots)"
3.234.178.179 - - [22/Nov/2021:09:23:40 +0000] "GET /feed HTTP/1.1" 200 55867 "-" "Slackbot 1.0 (+https://api.slack.com/robots)"
3.237.178.178 - - [22/Nov/2021:09:23:41 +0000] "GET / HTTP/1.1" 200 6312 "-" "Slackbot 1.0 (+https://api.slack.com/robots)"
66.249.79.129 - - [22/Nov/2021:09:25:18 +0000] "GET /archives/author/c0119264 HTTP/1.1" 200 5707 "-" "Mozilla/5.0 (Linux; Android 6.0.1; Nexus 5X Build/MMB29P) AppleWebKit/537.36 (KHTML, like Gecko) Chrome/96.0.4664.45 Mobile Safari/537.36 (compatible; Googlebot/2.1; +http://www.google.com/bot.html)"
18.117.90.84 - - [22/Nov/2021:09:26:32 +0000] "GET /xmlrpc.php HTTP/1.1" 405 53 "-" "clark-crawler2/Nutch-1.19-SNAPSHOT"
52.69.106.112 - - [22/Nov/2021:09:26:50 +0000] "GET /archives/author/kazuhiko-sugimoto HTTP/1.1" 200 21612 "https://www.google.co.jp/" "User-Agent: Mozilla/5.0 (Windows NT 6.1; Win64; x64) AppleWebKit/537.36 (KHTML, like Gecko) Chrome/72.0.3626.119 Safari/537.36"
34.206.38.217 - - [22/Nov/2021:09:27:40 +0000] "GET /feed HTTP/1.1" 200 55860 "-" "Automate.io BOT"
216.245.221.83 - - [22/Nov/2021:09:28:08 +0000] "HEAD / HTTP/1.1" 301 0 "http://ja.tak-cslab.org/" "Mozilla/5.0+(compatible; UptimeRobot/2.0; http://www.uptimerobot.com/)"
216.245.221.83 - - [22/Nov/2021:09:28:08 +0000] "HEAD / HTTP/1.1" 200 0 "http://ja.tak-cslab.org/" "Mozilla/5.0+(compatible; UptimeRobot/2.0; http://www.uptimerobot.com/)"
207.46.13.201 - - [22/Nov/2021:09:31:16 +0000] "GET /archives/1647/feed HTTP/2.0" 200 807 "-" "Mozilla/5.0 (compatible; bingbot/2.0; +http://www.bing.com/bingbot.htm)"
18.117.90.84 - - [22/Nov/2021:09:31:56 +0000] "GET /wp-json/wp/v2/posts/742 HTTP/1.1" 200 1122 "-" "clark-crawler2/Nutch-1.19-SNAPSHOT"
34.206.38.217 - - [22/Nov/2021:09:32:40 +0000] "GET /feed HTTP/1.1" 200 55867 "-" "Automate.io BOT"
216.245.221.83 - - [22/Nov/2021:09:33:08 +0000] "HEAD / HTTP/1.1" 301 0 "http://ja.tak-cslab.org/" "Mozilla/5.0+(compatible; UptimeRobot/2.0; http://www.uptimerobot.com/)"
216.245.221.83 - - [22/Nov/2021:09:33:08 +0000] "HEAD / HTTP/1.1" 200 0 "http://ja.tak-cslab.org/" "Mozilla/5.0+(compatible; UptimeRobot/2.0; http://www.uptimerobot.com/)"
18.117.90.84 - - [22/Nov/2021:09:35:35 +0000] "GET /archives/author/c01193623d HTTP/1.1" 200 5708 "-" "clark-crawler2/Nutch-1.19-SNAPSHOT"
163.215.3.21 - - [22/Nov/2021:09:36:41 +0000] "GET /tech-report HTTP/2.0" 200 12282 "https://ja.tak-cslab.org/archives/1588" "Mozilla/5.0 (Windows NT 10.0; Win64; x64) AppleWebKit/537.36 (KHTML, like Gecko) Chrome/95.0.4638.69 Safari/537.36"
163.215.3.21 - - [22/Nov/2021:09:36:44 +0000] "GET /favicon.ico HTTP/2.0" 302 0 "https://ja.tak-cslab.org/tech-report" "Mozilla/5.0 (Windows NT 10.0; Win64; x64) AppleWebKit/537.36 (KHTML, like Gecko) Chrome/95.0.4638.69 Safari/537.36"
163.215.3.21 - - [22/Nov/2021:09:36:44 +0000] "GET /wp-includes/images/w-logo-blue-white-bg.png HTTP/2.0" 304 0 "https://ja.tak-cslab.org/tech-report" "Mozilla/5.0 (Windows NT 10.0; Win64; x64) AppleWebKit/537.36 (KHTML, like Gecko) Chrome/95.0.4638.69 Safari/537.36"
18.117.90.84 - - [22/Nov/2021:09:37:08 +0000] "GET /archives/author/c0119264 HTTP/1.1" 200 5708 "-" "clark-crawler2/Nutch-1.19-SNAPSHOT"
34.206.38.217 - - [22/Nov/2021:09:37:40 +0000] "GET /feed HTTP/1.1" 200 55868 "-" "Automate.io BOT"
18.117.90.84 - - [22/Nov/2021:09:37:41 +0000] "GET /archives/author/c0119358 HTTP/1.1" 200 5709 "-" "clark-crawler2/Nutch-1.19-SNAPSHOT"
216.245.221.83 - - [22/Nov/2021:09:38:08 +0000] "HEAD / HTTP/1.1" 301 0 "http://ja.tak-cslab.org/" "Mozilla/5.0+(compatible; UptimeRobot/2.0; http://www.uptimerobot.com/)"
216.245.221.83 - - [22/Nov/2021:09:38:08 +0000] "HEAD / HTTP/1.1" 200 0 "http://ja.tak-cslab.org/" "Mozilla/5.0+(compatible; UptimeRobot/2.0; http://www.uptimerobot.com/)"
66.249.79.158 - - [22/Nov/2021:09:39:00 +0000] "GET /archives/770 HTTP/1.1" 200 8667 "-" "Mozilla/5.0 (Linux; Android 6.0.1; Nexus 5X Build/MMB29P) AppleWebKit/537.36 (KHTML, like Gecko) Chrome/96.0.4664.45 Mobile Safari/537.36 (compatible; Googlebot/2.1; +http://www.google.com/bot.html)"
18.117.90.84 - - [22/Nov/2021:09:40:37 +0000] "GET /archives/1559 HTTP/1.1" 200 6579 "-" "clark-crawler2/Nutch-1.19-SNAPSHOT"
34.206.38.217 - - [22/Nov/2021:09:42:40 +0000] "GET /feed HTTP/1.1" 200 55867 "-" "Automate.io BOT"
216.245.221.83 - - [22/Nov/2021:09:43:08 +0000] "HEAD / HTTP/1.1" 301 0 "http://ja.tak-cslab.org/" "Mozilla/5.0+(compatible; UptimeRobot/2.0; http://www.uptimerobot.com/)"
216.245.221.83 - - [22/Nov/2021:09:43:08 +0000] "HEAD / HTTP/1.1" 200 0 "http://ja.tak-cslab.org/" "Mozilla/5.0+(compatible; UptimeRobot/2.0; http://www.uptimerobot.com/)"
54.152.91.173 - - [22/Nov/2021:09:43:39 +0000] "HEAD /feed HTTP/2.0" 200 0 "-" "Slackbot 1.0 (+https://api.slack.com/robots)"
52.91.88.182 - - [22/Nov/2021:09:43:40 +0000] "GET /feed HTTP/1.1" 200 55867 "-" "Slackbot 1.0 (+https://api.slack.com/robots)"
54.152.91.173 - - [22/Nov/2021:09:43:40 +0000] "GET / HTTP/1.1" 200 6312 "-" "Slackbot 1.0 (+https://api.slack.com/robots)"
217.178.26.215 - - [22/Nov/2021:09:45:27 +0000] "GET /archives/460 HTTP/2.0" 200 9378 "https://www.google.com/" "Mozilla/5.0 (Macintosh; Intel Mac OS X 10_15_7) AppleWebKit/537.36 (KHTML, like Gecko) Chrome/95.0.4638.69 Safari/537.36"
217.178.26.215 - - [22/Nov/2021:09:45:29 +0000] "GET /wp-content/themes/cdsl/style.css?ver=1.3.1 HTTP/2.0" 200 272 "https://ja.tak-cslab.org/archives/460" "Mozilla/5.0 (Macintosh; Intel Mac OS X 10_15_7) AppleWebKit/537.36 (KHTML, like Gecko) Chrome/95.0.4638.69 Safari/537.36"
217.178.26.215 - - [22/Nov/2021:09:45:29 +0000] "GET /wp-content/themes/scaffold/assets/js/navigation.js?ver=1.3.1 HTTP/2.0" 200 1266 "https://ja.tak-cslab.org/archives/460" "Mozilla/5.0 (Macintosh; Intel Mac OS X 10_15_7) AppleWebKit/537.36 (KHTML, like Gecko) Chrome/95.0.4638.69 Safari/537.36"
217.178.26.215 - - [22/Nov/2021:09:45:29 +0000] "GET /wp-includes/js/wp-embed.min.js?ver=5.8.2 HTTP/2.0" 200 779 "https://ja.tak-cslab.org/archives/460" "Mozilla/5.0 (Macintosh; Intel Mac OS X 10_15_7) AppleWebKit/537.36 (KHTML, like Gecko) Chrome/95.0.4638.69 Safari/537.36"
217.178.26.215 - - [22/Nov/2021:09:45:29 +0000] "GET /wp-content/themes/scaffold/style.css?ver=5.8.2 HTTP/2.0" 200 5846 "https://ja.tak-cslab.org/archives/460" "Mozilla/5.0 (Macintosh; Intel Mac OS X 10_15_7) AppleWebKit/537.36 (KHTML, like Gecko) Chrome/95.0.4638.69 Safari/537.36"
217.178.26.215 - - [22/Nov/2021:09:45:29 +0000] "GET /wp-includes/css/dist/block-library/style.min.css?ver=5.8.2 HTTP/2.0" 200 13704 "https://ja.tak-cslab.org/archives/460" "Mozilla/5.0 (Macintosh; Intel Mac OS X 10_15_7) AppleWebKit/537.36 (KHTML, like Gecko) Chrome/95.0.4638.69 Safari/537.36"
217.178.26.215 - - [22/Nov/2021:09:45:29 +0000] "GET /wp-includes/js/wp-emoji-release.min.js?ver=5.8.2 HTTP/2.0" 200 5714 "https://ja.tak-cslab.org/archives/460" "Mozilla/5.0 (Macintosh; Intel Mac OS X 10_15_7) AppleWebKit/537.36 (KHTML, like Gecko) Chrome/95.0.4638.69 Safari/537.36"
217.178.26.215 - - [22/Nov/2021:09:45:29 +0000] "GET /wp-content/plugins/native-lazyload/assets/images/placeholder.svg HTTP/2.0" 200 88 "https://ja.tak-cslab.org/archives/460" "Mozilla/5.0 (Macintosh; Intel Mac OS X 10_15_7) AppleWebKit/537.36 (KHTML, like Gecko) Chrome/95.0.4638.69 Safari/537.36"
217.178.26.215 - - [22/Nov/2021:09:45:29 +0000] "GET /wp-content/uploads/2020/07/bft2.png HTTP/2.0" 200 106970 "https://ja.tak-cslab.org/archives/460" "Mozilla/5.0 (Macintosh; Intel Mac OS X 10_15_7) AppleWebKit/537.36 (KHTML, like Gecko) Chrome/95.0.4638.69 Safari/537.36"
217.178.26.215 - - [22/Nov/2021:09:45:29 +0000] "GET /wp-content/uploads/2020/07/bft1-2.png HTTP/2.0" 200 156708 "https://ja.tak-cslab.org/archives/460" "Mozilla/5.0 (Macintosh; Intel Mac OS X 10_15_7) AppleWebKit/537.36 (KHTML, like Gecko) Chrome/95.0.4638.69 Safari/537.36"
217.178.26.215 - - [22/Nov/2021:09:45:29 +0000] "GET /favicon.ico HTTP/2.0" 302 0 "https://ja.tak-cslab.org/archives/460" "Mozilla/5.0 (Macintosh; Intel Mac OS X 10_15_7) AppleWebKit/537.36 (KHTML, like Gecko) Chrome/95.0.4638.69 Safari/537.36"
217.178.26.215 - - [22/Nov/2021:09:45:29 +0000] "GET /wp-includes/images/w-logo-blue-white-bg.png HTTP/2.0" 200 4119 "https://ja.tak-cslab.org/archives/460" "Mozilla/5.0 (Macintosh; Intel Mac OS X 10_15_7) AppleWebKit/537.36 (KHTML, like Gecko) Chrome/95.0.4638.69 Safari/537.36"
157.55.39.177 - - [22/Nov/2021:09:47:03 +0000] "GET /archives/1064 HTTP/2.0" 200 8921 "-" "Mozilla/5.0 (compatible; bingbot/2.0; +http://www.bing.com/bingbot.htm)"
34.206.38.217 - - [22/Nov/2021:09:47:40 +0000] "GET /feed HTTP/1.1" 200 55868 "-" "Automate.io BOT"
216.245.221.83 - - [22/Nov/2021:09:48:08 +0000] "HEAD / HTTP/1.1" 301 0 "http://ja.tak-cslab.org/" "Mozilla/5.0+(compatible; UptimeRobot/2.0; http://www.uptimerobot.com/)"
216.245.221.83 - - [22/Nov/2021:09:48:08 +0000] "HEAD / HTTP/1.1" 200 0 "http://ja.tak-cslab.org/" "Mozilla/5.0+(compatible; UptimeRobot/2.0; http://www.uptimerobot.com/)"
18.117.90.84 - - [22/Nov/2021:09:48:19 +0000] "GET /archives/555/feed HTTP/1.1" 200 831 "-" "clark-crawler2/Nutch-1.19-SNAPSHOT"
34.206.38.217 - - [22/Nov/2021:09:52:40 +0000] "GET /feed HTTP/1.1" 200 55861 "-" "Automate.io BOT"
178.184.224.250 - - [22/Nov/2021:09:52:44 +0000] "GET /archives/460/ HTTP/1.0" 301 162 "http://ja.tak-cslab.org/archives/460/" "Mozilla/5.0 (Windows NT 6.3; Win64; x64) AppleWebKit/537.36 (KHTML, like Gecko) Chrome/90.0.4430.93 Safari/537.36"
178.184.224.250 - - [22/Nov/2021:09:52:46 +0000] "GET /archives/460/ HTTP/1.0" 301 0 "https://ja.tak-cslab.org/archives/460/" "Mozilla/5.0 (Windows NT 6.3; Win64; x64) AppleWebKit/537.36 (KHTML, like Gecko) Chrome/90.0.4430.93 Safari/537.36"
178.184.224.250 - - [22/Nov/2021:09:52:47 +0000] "GET /archives/460 HTTP/1.0" 200 27841 "https://ja.tak-cslab.org/archives/460" "Mozilla/5.0 (Windows NT 6.3; Win64; x64) AppleWebKit/537.36 (KHTML, like Gecko) Chrome/90.0.4430.93 Safari/537.36"
216.245.221.83 - - [22/Nov/2021:09:53:08 +0000] "HEAD / HTTP/1.1" 301 0 "http://ja.tak-cslab.org/" "Mozilla/5.0+(compatible; UptimeRobot/2.0; http://www.uptimerobot.com/)"
216.245.221.83 - - [22/Nov/2021:09:53:08 +0000] "HEAD / HTTP/1.1" 200 0 "http://ja.tak-cslab.org/" "Mozilla/5.0+(compatible; UptimeRobot/2.0; http://www.uptimerobot.com/)"
18.117.90.84 - - [22/Nov/2021:09:56:12 +0000] "GET /archives/author/c0119316 HTTP/1.1" 200 5835 "-" "clark-crawler2/Nutch-1.19-SNAPSHOT"
18.117.90.84 - - [22/Nov/2021:09:57:33 +0000] "GET /wp-json/wp/v2/posts/425 HTTP/1.1" 200 1386 "-" "clark-crawler2/Nutch-1.19-SNAPSHOT"
34.206.38.217 - - [22/Nov/2021:09:57:40 +0000] "GET /feed HTTP/1.1" 200 55868 "-" "Automate.io BOT"
216.245.221.83 - - [22/Nov/2021:09:58:08 +0000] "HEAD / HTTP/1.1" 301 0 "http://ja.tak-cslab.org/" "Mozilla/5.0+(compatible; UptimeRobot/2.0; http://www.uptimerobot.com/)"
216.245.221.83 - - [22/Nov/2021:09:58:08 +0000] "HEAD / HTTP/1.1" 200 0 "http://ja.tak-cslab.org/" "Mozilla/5.0+(compatible; UptimeRobot/2.0; http://www.uptimerobot.com/)"
18.117.90.84 - - [22/Nov/2021:09:59:21 +0000] "GET /archives/881/feed HTTP/1.1" 200 817 "-" "clark-crawler2/Nutch-1.19-SNAPSHOT"
163.215.6.1 - - [22/Nov/2021:10:02:40 +0000] "POST /wp-cron.php?doing_wp_cron=1637575360.5086429119110107421875 HTTP/1.1" 200 31 "https://ja.tak-cslab.org/wp-cron.php?doing_wp_cron=1637575360.5086429119110107421875" "WordPress/5.8.2; https://ja.tak-cslab.org"
34.206.38.217 - - [22/Nov/2021:10:02:40 +0000] "GET /feed HTTP/1.1" 200 55867 "-" "Automate.io BOT"
216.245.221.83 - - [22/Nov/2021:10:03:08 +0000] "HEAD / HTTP/1.1" 301 0 "http://ja.tak-cslab.org/" "Mozilla/5.0+(compatible; UptimeRobot/2.0; http://www.uptimerobot.com/)"
216.245.221.83 - - [22/Nov/2021:10:03:08 +0000] "HEAD / HTTP/1.1" 200 0 "http://ja.tak-cslab.org/" "Mozilla/5.0+(compatible; UptimeRobot/2.0; http://www.uptimerobot.com/)"
54.85.61.192 - - [22/Nov/2021:10:03:43 +0000] "HEAD /feed HTTP/2.0" 200 0 "-" "Slackbot 1.0 (+https://api.slack.com/robots)"
3.239.53.83 - - [22/Nov/2021:10:03:44 +0000] "GET /feed HTTP/1.1" 200 55867 "-" "Slackbot 1.0 (+https://api.slack.com/robots)"
52.91.13.35 - - [22/Nov/2021:10:03:45 +0000] "GET / HTTP/1.1" 200 6312 "-" "Slackbot 1.0 (+https://api.slack.com/robots)"
18.117.90.84 - - [22/Nov/2021:10:03:54 +0000] "GET /archives/author/c0119355 HTTP/1.1" 200 5705 "-" "clark-crawler2/Nutch-1.19-SNAPSHOT"
18.117.90.84 - - [22/Nov/2021:10:04:57 +0000] "GET /wp-json/wp/v2/posts/591 HTTP/1.1" 200 2741 "-" "clark-crawler2/Nutch-1.19-SNAPSHOT"
18.117.90.84 - - [22/Nov/2021:10:05:01 +0000] "GET /topics/blog/cloud-native-dojo HTTP/1.1" 200 5866 "-" "clark-crawler2/Nutch-1.19-SNAPSHOT"
34.206.38.217 - - [22/Nov/2021:10:07:41 +0000] "GET /feed HTTP/1.1" 200 55854 "-" "Automate.io BOT"
216.245.221.83 - - [22/Nov/2021:10:08:08 +0000] "HEAD / HTTP/1.1" 301 0 "http://ja.tak-cslab.org/" "Mozilla/5.0+(compatible; UptimeRobot/2.0; http://www.uptimerobot.com/)"
216.245.221.83 - - [22/Nov/2021:10:08:08 +0000] "HEAD / HTTP/1.1" 200 0 "http://ja.tak-cslab.org/" "Mozilla/5.0+(compatible; UptimeRobot/2.0; http://www.uptimerobot.com/)"
18.117.90.84 - - [22/Nov/2021:10:09:16 +0000] "GET /archives/author/c0118042 HTTP/1.1" 200 5705 "-" "clark-crawler2/Nutch-1.19-SNAPSHOT"
34.206.38.217 - - [22/Nov/2021:10:12:41 +0000] "GET /feed HTTP/1.1" 200 55868 "-" "Automate.io BOT"
18.117.90.84 - - [22/Nov/2021:10:12:45 +0000] "GET /archives/721/feed HTTP/1.1" 200 808 "-" "clark-crawler2/Nutch-1.19-SNAPSHOT"
18.117.90.84 - - [22/Nov/2021:10:12:56 +0000] "GET /archives/author/c0119230 HTTP/1.1" 200 5708 "-" "clark-crawler2/Nutch-1.19-SNAPSHOT"
216.245.221.83 - - [22/Nov/2021:10:13:08 +0000] "HEAD / HTTP/1.1" 301 0 "http://ja.tak-cslab.org/" "Mozilla/5.0+(compatible; UptimeRobot/2.0; http://www.uptimerobot.com/)"
216.245.221.83 - - [22/Nov/2021:10:13:08 +0000] "HEAD / HTTP/1.1" 200 0 "http://ja.tak-cslab.org/" "Mozilla/5.0+(compatible; UptimeRobot/2.0; http://www.uptimerobot.com/)"
18.117.90.84 - - [22/Nov/2021:10:16:37 +0000] "GET /archives/460 HTTP/1.1" 200 9398 "-" "clark-crawler2/Nutch-1.19-SNAPSHOT"
54.39.29.64 - - [22/Nov/2021:10:16:53 +0000] "GET /archives/460/ HTTP/1.0" 301 162 "http://ja.tak-cslab.org/archives/460/" "Mozilla/5.0 (Windows NT 6.1; WOW64) AppleWebKit/537.36 (KHTML, like Gecko) Chrome/90.0.4430.93 Safari/537.36"
54.39.29.64 - - [22/Nov/2021:10:16:54 +0000] "GET /archives/460/ HTTP/1.0" 301 0 "https://ja.tak-cslab.org/archives/460/" "Mozilla/5.0 (Windows NT 6.1; WOW64) AppleWebKit/537.36 (KHTML, like Gecko) Chrome/90.0.4430.93 Safari/537.36"
54.39.29.64 - - [22/Nov/2021:10:16:55 +0000] "GET /archives/460 HTTP/1.0" 200 27841 "https://ja.tak-cslab.org/archives/460" "Mozilla/5.0 (Windows NT 6.1; WOW64) AppleWebKit/537.36 (KHTML, like Gecko) Chrome/90.0.4430.93 Safari/537.36"
18.117.90.84 - - [22/Nov/2021:10:17:13 +0000] "GET /wp-json/wp/v2/users/10 HTTP/1.1" 200 298 "-" "clark-crawler2/Nutch-1.19-SNAPSHOT"
34.206.38.217 - - [22/Nov/2021:10:17:41 +0000] "GET /feed HTTP/1.1" 200 55861 "-" "Automate.io BOT"
216.245.221.83 - - [22/Nov/2021:10:18:08 +0000] "HEAD / HTTP/1.1" 301 0 "http://ja.tak-cslab.org/" "Mozilla/5.0+(compatible; UptimeRobot/2.0; http://www.uptimerobot.com/)"
163.215.6.1 - - [22/Nov/2021:10:18:08 +0000] "POST /wp-cron.php?doing_wp_cron=1637576288.7487430572509765625000 HTTP/1.1" 200 31 "https://ja.tak-cslab.org/wp-cron.php?doing_wp_cron=1637576288.7487430572509765625000" "WordPress/5.8.2; https://ja.tak-cslab.org"
216.245.221.83 - - [22/Nov/2021:10:18:08 +0000] "HEAD / HTTP/1.1" 200 0 "http://ja.tak-cslab.org/" "Mozilla/5.0+(compatible; UptimeRobot/2.0; http://www.uptimerobot.com/)"
18.117.90.84 - - [22/Nov/2021:10:19:14 +0000] "GET /wp-json/wp/v2/posts/555 HTTP/1.1" 200 3271 "-" "clark-crawler2/Nutch-1.19-SNAPSHOT"
126.33.131.13 - - [22/Nov/2021:10:20:10 +0000] "GET /favicon.ico HTTP/2.0" 302 0 "-" "com.tinyspeck.chatlyio/21.11.20 (iPhone; iOS 14.7.1; Scale/2.00)"
126.33.131.13 - - [22/Nov/2021:10:20:10 +0000] "GET /wp-includes/images/w-logo-blue-white-bg.png HTTP/2.0" 200 4119 "-" "com.tinyspeck.chatlyio/21.11.20 (iPhone; iOS 14.7.1; Scale/2.00)"
18.117.90.84 - - [22/Nov/2021:10:21:43 +0000] "GET /archives/1056 HTTP/1.1" 200 8688 "-" "clark-crawler2/Nutch-1.19-SNAPSHOT"
18.117.90.84 - - [22/Nov/2021:10:22:24 +0000] "GET /wp-json/wp/v2/users/19 HTTP/1.1" 200 299 "-" "clark-crawler2/Nutch-1.19-SNAPSHOT"
34.206.38.217 - - [22/Nov/2021:10:22:41 +0000] "GET /feed HTTP/1.1" 200 55860 "-" "Automate.io BOT"
216.245.221.83 - - [22/Nov/2021:10:23:08 +0000] "HEAD / HTTP/1.1" 301 0 "http://ja.tak-cslab.org/" "Mozilla/5.0+(compatible; UptimeRobot/2.0; http://www.uptimerobot.com/)"
216.245.221.83 - - [22/Nov/2021:10:23:08 +0000] "HEAD / HTTP/1.1" 200 0 "http://ja.tak-cslab.org/" "Mozilla/5.0+(compatible; UptimeRobot/2.0; http://www.uptimerobot.com/)"
3.92.70.211 - - [22/Nov/2021:10:23:38 +0000] "HEAD /feed HTTP/2.0" 200 0 "-" "Slackbot 1.0 (+https://api.slack.com/robots)"
3.237.202.173 - - [22/Nov/2021:10:23:39 +0000] "GET /feed HTTP/1.1" 200 55861 "-" "Slackbot 1.0 (+https://api.slack.com/robots)"
3.234.213.16 - - [22/Nov/2021:10:23:40 +0000] "GET / HTTP/1.1" 200 6312 "-" "Slackbot 1.0 (+https://api.slack.com/robots)"
114.119.128.202 - - [22/Nov/2021:10:23:59 +0000] "HEAD /wp-content/uploads/2020/01/image-3-1024x508.png HTTP/1.1" 200 0 "-" "Mozilla/5.0 (Windows NT 10.0; Win64; x64) AppleWebKit/537.36 (KHTML, like Gecko) Chrome/75.0.3430.12 Safari/537.36"
66.249.79.129 - - [22/Nov/2021:10:24:00 +0000] "GET /archives/737/feed HTTP/1.1" 200 835 "-" "Mozilla/5.0 (Linux; Android 6.0.1; Nexus 5X Build/MMB29P) AppleWebKit/537.36 (KHTML, like Gecko) Chrome/96.0.4664.45 Mobile Safari/537.36 (compatible; Googlebot/2.1; +http://www.google.com/bot.html)"
18.117.90.84 - - [22/Nov/2021:10:24:34 +0000] "GET /archives/447/feed HTTP/1.1" 200 838 "-" "clark-crawler2/Nutch-1.19-SNAPSHOT"
18.117.90.84 - - [22/Nov/2021:10:26:38 +0000] "GET /wp-json/wp/v2/posts/889 HTTP/1.1" 200 1197 "-" "clark-crawler2/Nutch-1.19-SNAPSHOT"
54.36.149.64 - - [22/Nov/2021:10:27:20 +0000] "GET /robots.txt HTTP/2.0" 200 112 "-" "Mozilla/5.0 (compatible; AhrefsBot/7.0; +http://ahrefs.com/robot/)"
51.222.253.8 - - [22/Nov/2021:10:27:21 +0000] "GET /10gin_cds1?redirect_to=https%3A%2F%2Fja.tak-cslab.org%2Farchives%2F412 HTTP/2.0" 200 4530 "-" "Mozilla/5.0 (compatible; AhrefsBot/7.0; +http://ahrefs.com/robot/)"
34.206.38.217 - - [22/Nov/2021:10:27:41 +0000] "GET /feed HTTP/1.1" 200 55861 "-" "Automate.io BOT"
216.245.221.83 - - [22/Nov/2021:10:28:08 +0000] "HEAD / HTTP/1.1" 301 0 "http://ja.tak-cslab.org/" "Mozilla/5.0+(compatible; UptimeRobot/2.0; http://www.uptimerobot.com/)"
216.245.221.83 - - [22/Nov/2021:10:28:08 +0000] "HEAD / HTTP/1.1" 200 0 "http://ja.tak-cslab.org/" "Mozilla/5.0+(compatible; UptimeRobot/2.0; http://www.uptimerobot.com/)"
18.117.90.84 - - [22/Nov/2021:10:29:00 +0000] "GET /wp-json/wp/v2/posts/881 HTTP/1.1" 200 2156 "-" "clark-crawler2/Nutch-1.19-SNAPSHOT"
18.117.90.84 - - [22/Nov/2021:10:29:32 +0000] "GET /archives/author/futa-takahashi HTTP/1.1" 200 5715 "-" "clark-crawler2/Nutch-1.19-SNAPSHOT"
18.117.90.84 - - [22/Nov/2021:10:29:55 +0000] "GET /wp-json/wp/v2/posts/1345 HTTP/1.1" 200 4136 "-" "clark-crawler2/Nutch-1.19-SNAPSHOT"
18.117.90.84 - - [22/Nov/2021:10:32:06 +0000] "GET /archives/1174/feed HTTP/1.1" 200 816 "-" "clark-crawler2/Nutch-1.19-SNAPSHOT"
34.206.38.217 - - [22/Nov/2021:10:32:41 +0000] "GET /feed HTTP/1.1" 200 55868 "-" "Automate.io BOT"
216.245.221.83 - - [22/Nov/2021:10:33:08 +0000] "HEAD / HTTP/1.1" 301 0 "http://ja.tak-cslab.org/" "Mozilla/5.0+(compatible; UptimeRobot/2.0; http://www.uptimerobot.com/)"
216.245.221.83 - - [22/Nov/2021:10:33:08 +0000] "HEAD / HTTP/1.1" 200 0 "http://ja.tak-cslab.org/" "Mozilla/5.0+(compatible; UptimeRobot/2.0; http://www.uptimerobot.com/)"
49.98.210.32 - - [22/Nov/2021:10:35:08 +0000] "GET /tech-report HTTP/2.0" 200 12282 "-" "Mozilla/5.0 (iPhone; CPU iPhone OS 15_1 like Mac OS X) AppleWebKit/605.1.15 (KHTML, like Gecko) Version/15.1 Mobile/15E148 Safari/604.1"
49.98.210.32 - - [22/Nov/2021:10:35:09 +0000] "GET /wp-includes/js/wp-embed.min.js?ver=5.8.2 HTTP/2.0" 304 0 "https://ja.tak-cslab.org/tech-report" "Mozilla/5.0 (iPhone; CPU iPhone OS 15_1 like Mac OS X) AppleWebKit/605.1.15 (KHTML, like Gecko) Version/15.1 Mobile/15E148 Safari/604.1"
49.98.210.32 - - [22/Nov/2021:10:35:09 +0000] "GET /wp-includes/js/wp-emoji-release.min.js?ver=5.8.2 HTTP/2.0" 304 0 "https://ja.tak-cslab.org/tech-report" "Mozilla/5.0 (iPhone; CPU iPhone OS 15_1 like Mac OS X) AppleWebKit/605.1.15 (KHTML, like Gecko) Version/15.1 Mobile/15E148 Safari/604.1"
49.98.210.32 - - [22/Nov/2021:10:35:09 +0000] "GET /wp-includes/css/dist/block-library/style.min.css?ver=5.8.2 HTTP/2.0" 304 0 "https://ja.tak-cslab.org/tech-report" "Mozilla/5.0 (iPhone; CPU iPhone OS 15_1 like Mac OS X) AppleWebKit/605.1.15 (KHTML, like Gecko) Version/15.1 Mobile/15E148 Safari/604.1"
18.117.90.84 - - [22/Nov/2021:10:37:01 +0000] "GET /archives/1588 HTTP/1.1" 200 8252 "-" "clark-crawler2/Nutch-1.19-SNAPSHOT"
221.105.240.63 - - [22/Nov/2021:10:37:14 +0000] "GET /wp-content/uploads/2021/01/%E3%83%92%E3%83%89%E3%83%A9.jpeg HTTP/1.1" 200 12823 "https://www.google.com/" "Mozilla/5.0 (Windows NT 10.0; Win64; x64) AppleWebKit/537.36 (KHTML, like Gecko) Chrome/96.0.4664.45 Safari/537.36"
34.206.38.217 - - [22/Nov/2021:10:37:41 +0000] "GET /feed HTTP/1.1" 200 55868 "-" "Automate.io BOT"
18.117.90.84 - - [22/Nov/2021:10:37:58 +0000] "GET /wp-json/wp/v2/users/15 HTTP/1.1" 200 299 "-" "clark-crawler2/Nutch-1.19-SNAPSHOT"
216.245.221.83 - - [22/Nov/2021:10:38:08 +0000] "HEAD / HTTP/1.1" 301 0 "http://ja.tak-cslab.org/" "Mozilla/5.0+(compatible; UptimeRobot/2.0; http://www.uptimerobot.com/)"
216.245.221.83 - - [22/Nov/2021:10:38:08 +0000] "HEAD / HTTP/1.1" 200 0 "http://ja.tak-cslab.org/" "Mozilla/5.0+(compatible; UptimeRobot/2.0; http://www.uptimerobot.com/)"
18.117.90.84 - - [22/Nov/2021:10:38:18 +0000] "GET /archives/1522 HTTP/1.1" 200 6927 "-" "clark-crawler2/Nutch-1.19-SNAPSHOT"
18.117.90.84 - - [22/Nov/2021:10:38:23 +0000] "GET /archives/425/feed HTTP/1.1" 200 832 "-" "clark-crawler2/Nutch-1.19-SNAPSHOT"
18.117.90.84 - - [22/Nov/2021:10:38:57 +0000] "GET /archives/author/c0119381 HTTP/1.1" 200 5703 "-" "clark-crawler2/Nutch-1.19-SNAPSHOT"
18.117.90.84 - - [22/Nov/2021:10:39:07 +0000] "GET /wp-json/wp/v2/users/23 HTTP/1.1" 200 293 "-" "clark-crawler2/Nutch-1.19-SNAPSHOT"
82.223.9.22 - - [22/Nov/2021:10:39:22 +0000] "GET /wp-login.php HTTP/1.1" 301 162 "-" "Mozilla/5.0 (X11; Ubuntu; Linux x86_64; rv:62.0) Gecko/20100101 Firefox/62.0"
82.223.9.22 - - [22/Nov/2021:10:39:23 +0000] "GET /wp-login.php HTTP/1.1" 403 118 "http://ja.tak-cslab.org/wp-login.php" "Mozilla/5.0 (X11; Ubuntu; Linux x86_64; rv:62.0) Gecko/20100101 Firefox/62.0"
18.117.90.84 - - [22/Nov/2021:10:40:45 +0000] "GET /wp-json/wp/v2/users/7 HTTP/1.1" 200 296 "-" "clark-crawler2/Nutch-1.19-SNAPSHOT"
18.117.90.84 - - [22/Nov/2021:10:41:13 +0000] "GET /tags/%E5%90%88%E5%90%8C%E7%A0%94%E7%A9%B6%E7%99%BA%E8%A1%A8%E4%BC%9A/feed HTTP/1.1" 200 9898 "-" "clark-crawler2/Nutch-1.19-SNAPSHOT"
18.117.90.84 - - [22/Nov/2021:10:42:22 +0000] "GET /wp-json/wp/v2/posts/766 HTTP/1.1" 200 1427 "-" "clark-crawler2/Nutch-1.19-SNAPSHOT"
18.117.90.84 - - [22/Nov/2021:10:42:40 +0000] "GET /archives/1503 HTTP/1.1" 200 7191 "-" "clark-crawler2/Nutch-1.19-SNAPSHOT"
34.206.38.217 - - [22/Nov/2021:10:42:41 +0000] "GET /feed HTTP/1.1" 200 55854 "-" "Automate.io BOT"
216.245.221.83 - - [22/Nov/2021:10:43:08 +0000] "HEAD / HTTP/1.1" 301 0 "http://ja.tak-cslab.org/" "Mozilla/5.0+(compatible; UptimeRobot/2.0; http://www.uptimerobot.com/)"
216.245.221.83 - - [22/Nov/2021:10:43:08 +0000] "HEAD / HTTP/1.1" 200 0 "http://ja.tak-cslab.org/" "Mozilla/5.0+(compatible; UptimeRobot/2.0; http://www.uptimerobot.com/)"
3.81.149.207 - - [22/Nov/2021:10:43:43 +0000] "HEAD /feed HTTP/2.0" 200 0 "-" "Slackbot 1.0 (+https://api.slack.com/robots)"
34.229.229.13 - - [22/Nov/2021:10:43:43 +0000] "GET /feed HTTP/1.1" 200 55868 "-" "Slackbot 1.0 (+https://api.slack.com/robots)"
18.117.90.84 - - [22/Nov/2021:10:43:44 +0000] "GET /tags/iot HTTP/1.1" 200 5923 "-" "clark-crawler2/Nutch-1.19-SNAPSHOT"
3.91.106.132 - - [22/Nov/2021:10:43:45 +0000] "GET / HTTP/1.1" 200 6312 "-" "Slackbot 1.0 (+https://api.slack.com/robots)"
171.25.193.25 - - [22/Nov/2021:10:44:31 +0000] "POST /xmlrpc.php HTTP/1.0" 301 162 "-" "Mozilla/5.0 (Windows NT 6.1) AppleWebKit/537.36 (KHTML, like Gecko) Chrome/90.0.4430.93 Safari/537.36"
171.25.193.25 - - [22/Nov/2021:10:44:33 +0000] "POST /xmlrpc.php HTTP/1.0" 200 403 "-" "Mozilla/5.0 (Windows NT 6.1) AppleWebKit/537.36 (KHTML, like Gecko) Chrome/90.0.4430.93 Safari/537.36"
18.117.90.84 - - [22/Nov/2021:10:46:41 +0000] "GET /archives/author/tomita HTTP/1.1" 200 5917 "-" "clark-crawler2/Nutch-1.19-SNAPSHOT"
18.117.90.84 - - [22/Nov/2021:10:46:56 +0000] "GET /archives/766/feed HTTP/1.1" 200 826 "-" "clark-crawler2/Nutch-1.19-SNAPSHOT"
18.117.90.84 - - [22/Nov/2021:10:47:39 +0000] "GET /archives/901 HTTP/1.1" 200 9703 "-" "clark-crawler2/Nutch-1.19-SNAPSHOT"
34.206.38.217 - - [22/Nov/2021:10:47:41 +0000] "GET /feed HTTP/1.1" 200 55867 "-" "Automate.io BOT"
216.245.221.83 - - [22/Nov/2021:10:48:08 +0000] "HEAD / HTTP/1.1" 301 0 "http://ja.tak-cslab.org/" "Mozilla/5.0+(compatible; UptimeRobot/2.0; http://www.uptimerobot.com/)"
216.245.221.83 - - [22/Nov/2021:10:48:08 +0000] "HEAD / HTTP/1.1" 200 0 "http://ja.tak-cslab.org/" "Mozilla/5.0+(compatible; UptimeRobot/2.0; http://www.uptimerobot.com/)"
18.117.90.84 - - [22/Nov/2021:10:48:23 +0000] "GET /archives/734/feed HTTP/1.1" 200 826 "-" "clark-crawler2/Nutch-1.19-SNAPSHOT"
18.117.90.84 - - [22/Nov/2021:10:49:08 +0000] "GET /archives/author/c0119360 HTTP/1.1" 200 5724 "-" "clark-crawler2/Nutch-1.19-SNAPSHOT"
18.117.90.84 - - [22/Nov/2021:10:49:22 +0000] "GET /wp-json/wp/v2/posts/1313 HTTP/1.1" 200 2033 "-" "clark-crawler2/Nutch-1.19-SNAPSHOT"
18.117.90.84 - - [22/Nov/2021:10:51:37 +0000] "GET /archives/573/feed HTTP/1.1" 200 805 "-" "clark-crawler2/Nutch-1.19-SNAPSHOT"
34.206.38.217 - - [22/Nov/2021:10:52:41 +0000] "GET /feed HTTP/1.1" 200 55868 "-" "Automate.io BOT"
216.245.221.83 - - [22/Nov/2021:10:53:08 +0000] "HEAD / HTTP/1.1" 301 0 "http://ja.tak-cslab.org/" "Mozilla/5.0+(compatible; UptimeRobot/2.0; http://www.uptimerobot.com/)"
216.245.221.83 - - [22/Nov/2021:10:53:08 +0000] "HEAD / HTTP/1.1" 200 0 "http://ja.tak-cslab.org/" "Mozilla/5.0+(compatible; UptimeRobot/2.0; http://www.uptimerobot.com/)"
66.249.79.159 - - [22/Nov/2021:10:55:18 +0000] "GET /archives/721 HTTP/1.1" 200 6790 "-" "Mozilla/5.0 (Linux; Android 6.0.1; Nexus 5X Build/MMB29P) AppleWebKit/537.36 (KHTML, like Gecko) Chrome/96.0.4664.45 Mobile Safari/537.36 (compatible; Googlebot/2.1; +http://www.google.com/bot.html)"
18.117.90.84 - - [22/Nov/2021:10:56:09 +0000] "GET /wp-json/wp/v2/posts/1038 HTTP/1.1" 200 1229 "-" "clark-crawler2/Nutch-1.19-SNAPSHOT"
18.117.90.84 - - [22/Nov/2021:10:56:59 +0000] "GET /wp-json/wp/v2/posts/648 HTTP/1.1" 200 1543 "-" "clark-crawler2/Nutch-1.19-SNAPSHOT"
18.117.90.84 - - [22/Nov/2021:10:57:16 +0000] "GET /archives/848/feed HTTP/1.1" 200 823 "-" "clark-crawler2/Nutch-1.19-SNAPSHOT"
18.117.90.84 - - [22/Nov/2021:10:57:21 +0000] "GET /archives/1243/feed HTTP/1.1" 200 837 "-" "clark-crawler2/Nutch-1.19-SNAPSHOT"
18.117.90.84 - - [22/Nov/2021:10:57:34 +0000] "GET /wp-json/wp/v2/posts/646 HTTP/1.1" 200 4920 "-" "clark-crawler2/Nutch-1.19-SNAPSHOT"
34.206.38.217 - - [22/Nov/2021:10:57:41 +0000] "GET /feed HTTP/1.1" 200 55868 "-" "Automate.io BOT"
216.245.221.83 - - [22/Nov/2021:10:58:08 +0000] "HEAD / HTTP/1.1" 301 0 "http://ja.tak-cslab.org/" "Mozilla/5.0+(compatible; UptimeRobot/2.0; http://www.uptimerobot.com/)"
216.245.221.83 - - [22/Nov/2021:10:58:08 +0000] "HEAD / HTTP/1.1" 200 0 "http://ja.tak-cslab.org/" "Mozilla/5.0+(compatible; UptimeRobot/2.0; http://www.uptimerobot.com/)"
18.117.90.84 - - [22/Nov/2021:11:00:17 +0000] "GET /wp-json/wp/v2/posts/721 HTTP/1.1" 200 1546 "-" "clark-crawler2/Nutch-1.19-SNAPSHOT"
163.215.6.1 - - [22/Nov/2021:11:01:18 +0000] "POST /wp-cron.php?doing_wp_cron=1637578878.8297588825225830078125 HTTP/1.1" 200 31 "https://ja.tak-cslab.org/wp-cron.php?doing_wp_cron=1637578878.8297588825225830078125" "WordPress/5.8.2; https://ja.tak-cslab.org"
18.117.90.84 - - [22/Nov/2021:11:01:18 +0000] "GET /wp-json/wp/v2/posts/802 HTTP/1.1" 200 1604 "-" "clark-crawler2/Nutch-1.19-SNAPSHOT"
34.206.38.217 - - [22/Nov/2021:11:02:42 +0000] "GET /feed HTTP/1.1" 200 55868 "-" "Automate.io BOT"
216.245.221.83 - - [22/Nov/2021:11:03:08 +0000] "HEAD / HTTP/1.1" 301 0 "http://ja.tak-cslab.org/" "Mozilla/5.0+(compatible; UptimeRobot/2.0; http://www.uptimerobot.com/)"
216.245.221.83 - - [22/Nov/2021:11:03:08 +0000] "HEAD / HTTP/1.1" 200 0 "http://ja.tak-cslab.org/" "Mozilla/5.0+(compatible; UptimeRobot/2.0; http://www.uptimerobot.com/)"
3.238.144.235 - - [22/Nov/2021:11:03:40 +0000] "HEAD /feed HTTP/2.0" 200 0 "-" "Slackbot 1.0 (+https://api.slack.com/robots)"
52.91.13.35 - - [22/Nov/2021:11:03:40 +0000] "GET /feed HTTP/1.1" 200 55868 "-" "Slackbot 1.0 (+https://api.slack.com/robots)"
54.196.120.34 - - [22/Nov/2021:11:03:41 +0000] "GET / HTTP/1.1" 200 6312 "-" "Slackbot 1.0 (+https://api.slack.com/robots)"
18.117.90.84 - - [22/Nov/2021:11:03:49 +0000] "GET /archives/author/c0117340 HTTP/1.1" 200 5705 "-" "clark-crawler2/Nutch-1.19-SNAPSHOT"
18.117.90.84 - - [22/Nov/2021:11:04:00 +0000] "GET /archives/750 HTTP/1.1" 200 6512 "-" "clark-crawler2/Nutch-1.19-SNAPSHOT"
59.136.153.196 - - [22/Nov/2021:11:04:50 +0000] "GET /archives/author/c0117340 HTTP/2.0" 200 5686 "https://www.google.com/" "Mozilla/5.0 (Linux; Android 11; SCV41) AppleWebKit/537.36 (KHTML, like Gecko) Chrome/96.0.4664.45 Mobile Safari/537.36"
59.136.153.196 - - [22/Nov/2021:11:04:50 +0000] "GET /wp-includes/css/dist/block-library/style.min.css?ver=5.8.2 HTTP/2.0" 304 0 "https://ja.tak-cslab.org/archives/author/c0117340" "Mozilla/5.0 (Linux; Android 11; SCV41) AppleWebKit/537.36 (KHTML, like Gecko) Chrome/96.0.4664.45 Mobile Safari/537.36"
59.136.153.196 - - [22/Nov/2021:11:04:50 +0000] "GET /wp-includes/js/wp-embed.min.js?ver=5.8.2 HTTP/2.0" 304 0 "https://ja.tak-cslab.org/archives/author/c0117340" "Mozilla/5.0 (Linux; Android 11; SCV41) AppleWebKit/537.36 (KHTML, like Gecko) Chrome/96.0.4664.45 Mobile Safari/537.36"
59.136.153.196 - - [22/Nov/2021:11:04:50 +0000] "GET /wp-includes/js/wp-emoji-release.min.js?ver=5.8.2 HTTP/2.0" 304 0 "https://ja.tak-cslab.org/archives/author/c0117340" "Mozilla/5.0 (Linux; Android 11; SCV41) AppleWebKit/537.36 (KHTML, like Gecko) Chrome/96.0.4664.45 Mobile Safari/537.36"
207.46.13.21 - - [22/Nov/2021:11:04:52 +0000] "GET /archives/295 HTTP/2.0" 200 6483 "-" "Mozilla/5.0 (compatible; bingbot/2.0; +http://www.bing.com/bingbot.htm)"
59.136.153.196 - - [22/Nov/2021:11:05:00 +0000] "GET /archives/author/c0117340 HTTP/2.0" 200 5686 "https://www.google.com/" "Mozilla/5.0 (Linux; Android 11; SCV41) AppleWebKit/537.36 (KHTML, like Gecko) Chrome/96.0.4664.45 Mobile Safari/537.36"
207.46.13.109 - - [22/Nov/2021:11:05:10 +0000] "GET /wp-content/themes/scaffold/assets/js/navigation.js?ver=1.3.1 HTTP/2.0" 200 1266 "-" "Mozilla/5.0 (compatible; bingbot/2.0; +http://www.bing.com/bingbot.htm)"
59.136.153.196 - - [22/Nov/2021:11:05:30 +0000] "GET /about/member HTTP/2.0" 200 6598 "https://www.google.com/" "Mozilla/5.0 (Linux; Android 11; SCV41) AppleWebKit/537.36 (KHTML, like Gecko) Chrome/96.0.4664.45 Mobile Safari/537.36"
59.136.153.196 - - [22/Nov/2021:11:05:34 +0000] "GET /about/member HTTP/2.0" 200 6598 "https://www.google.com/" "Mozilla/5.0 (Linux; Android 11; SCV41) AppleWebKit/537.36 (KHTML, like Gecko) Chrome/96.0.4664.45 Mobile Safari/537.36"
59.136.153.196 - - [22/Nov/2021:11:05:41 +0000] "GET /archives/author/c0117340 HTTP/2.0" 200 5686 "https://ja.tak-cslab.org/about/member" "Mozilla/5.0 (Linux; Android 11; SCV41) AppleWebKit/537.36 (KHTML, like Gecko) Chrome/96.0.4664.45 Mobile Safari/537.36"
59.136.153.196 - - [22/Nov/2021:11:05:54 +0000] "GET /archives/author/c0117340 HTTP/2.0" 200 5686 "https://www.google.com/" "Mozilla/5.0 (Linux; Android 11; SCV41) AppleWebKit/537.36 (KHTML, like Gecko) Chrome/96.0.4664.45 Mobile Safari/537.36"
59.136.153.196 - - [22/Nov/2021:11:05:57 +0000] "GET /about/member HTTP/2.0" 200 6598 "https://www.google.com/" "Mozilla/5.0 (Linux; Android 11; SCV41) AppleWebKit/537.36 (KHTML, like Gecko) Chrome/96.0.4664.45 Mobile Safari/537.36"
59.136.153.196 - - [22/Nov/2021:11:06:07 +0000] "GET /archives/author/ryuta-shingu HTTP/2.0" 200 6071 "https://ja.tak-cslab.org/about/member" "Mozilla/5.0 (Linux; Android 11; SCV41) AppleWebKit/537.36 (KHTML, like Gecko) Chrome/96.0.4664.45 Mobile Safari/537.36"
59.136.153.196 - - [22/Nov/2021:11:06:07 +0000] "GET /wp-content/themes/cdsl/logo-qiita.png HTTP/2.0" 200 4021 "https://ja.tak-cslab.org/archives/author/ryuta-shingu" "Mozilla/5.0 (Linux; Android 11; SCV41) AppleWebKit/537.36 (KHTML, like Gecko) Chrome/96.0.4664.45 Mobile Safari/537.36"
59.136.153.196 - - [22/Nov/2021:11:06:07 +0000] "GET /wp-content/themes/cdsl/logo-github.png HTTP/2.0" 200 4545 "https://ja.tak-cslab.org/archives/author/ryuta-shingu" "Mozilla/5.0 (Linux; Android 11; SCV41) AppleWebKit/537.36 (KHTML, like Gecko) Chrome/96.0.4664.45 Mobile Safari/537.36"
59.136.153.196 - - [22/Nov/2021:11:06:15 +0000] "GET /archives/author/yuta-tagawa HTTP/2.0" 200 5920 "https://ja.tak-cslab.org/about/member" "Mozilla/5.0 (Linux; Android 11; SCV41) AppleWebKit/537.36 (KHTML, like Gecko) Chrome/96.0.4664.45 Mobile Safari/537.36"
59.136.153.196 - - [22/Nov/2021:11:06:17 +0000] "GET /archives/author/kouhei-ooki HTTP/2.0" 200 5954 "https://ja.tak-cslab.org/about/member" "Mozilla/5.0 (Linux; Android 11; SCV41) AppleWebKit/537.36 (KHTML, like Gecko) Chrome/96.0.4664.45 Mobile Safari/537.36"
59.136.153.196 - - [22/Nov/2021:11:06:21 +0000] "GET /archives/author/teppei-nomura HTTP/2.0" 200 5949 "https://ja.tak-cslab.org/about/member" "Mozilla/5.0 (Linux; Android 11; SCV41) AppleWebKit/537.36 (KHTML, like Gecko) Chrome/96.0.4664.45 Mobile Safari/537.36"
34.206.38.217 - - [22/Nov/2021:11:07:41 +0000] "GET /feed HTTP/1.1" 200 55868 "-" "Automate.io BOT"
216.245.221.83 - - [22/Nov/2021:11:08:08 +0000] "HEAD / HTTP/1.1" 301 0 "http://ja.tak-cslab.org/" "Mozilla/5.0+(compatible; UptimeRobot/2.0; http://www.uptimerobot.com/)"
216.245.221.83 - - [22/Nov/2021:11:08:08 +0000] "HEAD / HTTP/1.1" 200 0 "http://ja.tak-cslab.org/" "Mozilla/5.0+(compatible; UptimeRobot/2.0; http://www.uptimerobot.com/)"
66.249.79.159 - - [22/Nov/2021:11:09:00 +0000] "GET /archives/1056 HTTP/1.1" 200 8695 "-" "Mozilla/5.0 (Linux; Android 6.0.1; Nexus 5X Build/MMB29P) AppleWebKit/537.36 (KHTML, like Gecko) Chrome/96.0.4664.45 Mobile Safari/537.36 (compatible; Googlebot/2.1; +http://www.google.com/bot.html)"
18.117.90.84 - - [22/Nov/2021:11:09:03 +0000] "GET /wp-json/wp/v2/users/3 HTTP/1.1" 200 307 "-" "clark-crawler2/Nutch-1.19-SNAPSHOT"
207.46.13.201 - - [22/Nov/2021:11:10:14 +0000] "GET /wp-content/uploads/2020/06/cdsl-storage-768x432.png HTTP/2.0" 200 75824 "-" "Mozilla/5.0 (compatible; bingbot/2.0; +http://www.bing.com/bingbot.htm)"
18.117.90.84 - - [22/Nov/2021:11:11:29 +0000] "GET /wp-json/wp/v2/posts/364 HTTP/1.1" 200 1167 "-" "clark-crawler2/Nutch-1.19-SNAPSHOT"
18.117.90.84 - - [22/Nov/2021:11:11:42 +0000] "GET /archives/896 HTTP/1.1" 200 10447 "-" "clark-crawler2/Nutch-1.19-SNAPSHOT"
18.117.90.84 - - [22/Nov/2021:11:11:48 +0000] "GET /wp-json/wp/v2/posts/447 HTTP/1.1" 200 1756 "-" "clark-crawler2/Nutch-1.19-SNAPSHOT"
45.66.9.160 - - [22/Nov/2021:11:12:26 +0000] "GET /archives/460/ HTTP/1.0" 301 162 "http://ja.tak-cslab.org/archives/460/" "Mozilla/5.0 (Windows NT 6.3) AppleWebKit/537.36 (KHTML, like Gecko) Chrome/90.0.4430.72 Safari/537.36"
45.66.9.160 - - [22/Nov/2021:11:12:27 +0000] "GET /archives/460/ HTTP/1.0" 301 0 "https://ja.tak-cslab.org/archives/460/" "Mozilla/5.0 (Windows NT 6.3) AppleWebKit/537.36 (KHTML, like Gecko) Chrome/90.0.4430.72 Safari/537.36"
45.66.9.160 - - [22/Nov/2021:11:12:28 +0000] "GET /archives/460 HTTP/1.0" 200 27841 "https://ja.tak-cslab.org/archives/460" "Mozilla/5.0 (Windows NT 6.3) AppleWebKit/537.36 (KHTML, like Gecko) Chrome/90.0.4430.72 Safari/537.36"
34.206.38.217 - - [22/Nov/2021:11:12:41 +0000] "GET /feed HTTP/1.1" 200 55868 "-" "Automate.io BOT"
18.117.90.84 - - [22/Nov/2021:11:13:00 +0000] "GET /archives/737/feed HTTP/1.1" 200 829 "-" "clark-crawler2/Nutch-1.19-SNAPSHOT"
216.245.221.83 - - [22/Nov/2021:11:13:08 +0000] "HEAD / HTTP/1.1" 301 0 "http://ja.tak-cslab.org/" "Mozilla/5.0+(compatible; UptimeRobot/2.0; http://www.uptimerobot.com/)"
216.245.221.83 - - [22/Nov/2021:11:13:08 +0000] "HEAD / HTTP/1.1" 200 0 "http://ja.tak-cslab.org/" "Mozilla/5.0+(compatible; UptimeRobot/2.0; http://www.uptimerobot.com/)"
18.117.90.84 - - [22/Nov/2021:11:13:36 +0000] "GET /archives/648/feed HTTP/1.1" 200 844 "-" "clark-crawler2/Nutch-1.19-SNAPSHOT"
34.206.38.217 - - [22/Nov/2021:11:17:41 +0000] "GET /feed HTTP/1.1" 200 55868 "-" "Automate.io BOT"
216.245.221.83 - - [22/Nov/2021:11:18:08 +0000] "HEAD / HTTP/1.1" 301 0 "http://ja.tak-cslab.org/" "Mozilla/5.0+(compatible; UptimeRobot/2.0; http://www.uptimerobot.com/)"
163.215.6.1 - - [22/Nov/2021:11:18:08 +0000] "POST /wp-cron.php?doing_wp_cron=1637579888.7370440959930419921875 HTTP/1.1" 200 31 "https://ja.tak-cslab.org/wp-cron.php?doing_wp_cron=1637579888.7370440959930419921875" "WordPress/5.8.2; https://ja.tak-cslab.org"
216.245.221.83 - - [22/Nov/2021:11:18:08 +0000] "HEAD / HTTP/1.1" 200 0 "http://ja.tak-cslab.org/" "Mozilla/5.0+(compatible; UptimeRobot/2.0; http://www.uptimerobot.com/)"
34.206.38.217 - - [22/Nov/2021:11:22:42 +0000] "GET /feed HTTP/1.1" 200 55868 "-" "Automate.io BOT"
216.245.221.83 - - [22/Nov/2021:11:23:08 +0000] "HEAD / HTTP/1.1" 301 0 "http://ja.tak-cslab.org/" "Mozilla/5.0+(compatible; UptimeRobot/2.0; http://www.uptimerobot.com/)"
216.245.221.83 - - [22/Nov/2021:11:23:08 +0000] "HEAD / HTTP/1.1" 200 0 "http://ja.tak-cslab.org/" "Mozilla/5.0+(compatible; UptimeRobot/2.0; http://www.uptimerobot.com/)"
54.221.85.187 - - [22/Nov/2021:11:23:41 +0000] "HEAD /feed HTTP/2.0" 200 0 "-" "Slackbot 1.0 (+https://api.slack.com/robots)"
54.152.91.173 - - [22/Nov/2021:11:23:41 +0000] "GET /feed HTTP/1.1" 200 55861 "-" "Slackbot 1.0 (+https://api.slack.com/robots)"
54.164.109.47 - - [22/Nov/2021:11:23:42 +0000] "GET / HTTP/1.1" 200 6312 "-" "Slackbot 1.0 (+https://api.slack.com/robots)"
14.9.224.0 - - [22/Nov/2021:11:24:54 +0000] "GET /wp-content/uploads/2021/01/%E3%83%92%E3%83%89%E3%83%A9.jpeg HTTP/2.0" 200 12823 "https://www.google.com/" "Mozilla/5.0 (Windows NT 10.0; Win64; x64) AppleWebKit/537.36 (KHTML, like Gecko) Chrome/96.0.4664.45 Safari/537.36"
34.206.38.217 - - [22/Nov/2021:11:27:41 +0000] "GET /feed HTTP/1.1" 200 55861 "-" "Automate.io BOT"
216.245.221.83 - - [22/Nov/2021:11:28:08 +0000] "HEAD / HTTP/1.1" 301 0 "http://ja.tak-cslab.org/" "Mozilla/5.0+(compatible; UptimeRobot/2.0; http://www.uptimerobot.com/)"
216.245.221.83 - - [22/Nov/2021:11:28:08 +0000] "HEAD / HTTP/1.1" 200 0 "http://ja.tak-cslab.org/" "Mozilla/5.0+(compatible; UptimeRobot/2.0; http://www.uptimerobot.com/)"
34.206.38.217 - - [22/Nov/2021:11:32:41 +0000] "GET /feed HTTP/1.1" 200 55861 "-" "Automate.io BOT"
216.245.221.83 - - [22/Nov/2021:11:33:08 +0000] "HEAD / HTTP/1.1" 301 0 "http://ja.tak-cslab.org/" "Mozilla/5.0+(compatible; UptimeRobot/2.0; http://www.uptimerobot.com/)"
216.245.221.83 - - [22/Nov/2021:11:33:08 +0000] "HEAD / HTTP/1.1" 200 0 "http://ja.tak-cslab.org/" "Mozilla/5.0+(compatible; UptimeRobot/2.0; http://www.uptimerobot.com/)"
34.206.38.217 - - [22/Nov/2021:11:37:41 +0000] "GET /feed HTTP/1.1" 200 55854 "-" "Automate.io BOT"
216.245.221.83 - - [22/Nov/2021:11:38:08 +0000] "HEAD / HTTP/1.1" 301 0 "http://ja.tak-cslab.org/" "Mozilla/5.0+(compatible; UptimeRobot/2.0; http://www.uptimerobot.com/)"
216.245.221.83 - - [22/Nov/2021:11:38:08 +0000] "HEAD / HTTP/1.1" 200 0 "http://ja.tak-cslab.org/" "Mozilla/5.0+(compatible; UptimeRobot/2.0; http://www.uptimerobot.com/)"
51.222.253.3 - - [22/Nov/2021:11:38:26 +0000] "GET /about/facility HTTP/2.0" 200 5352 "-" "Mozilla/5.0 (compatible; AhrefsBot/7.0; +http://ahrefs.com/robot/)"
34.206.38.217 - - [22/Nov/2021:11:42:42 +0000] "GET /feed HTTP/1.1" 200 55868 "-" "Automate.io BOT"
216.245.221.83 - - [22/Nov/2021:11:43:08 +0000] "HEAD / HTTP/1.1" 301 0 "http://ja.tak-cslab.org/" "Mozilla/5.0+(compatible; UptimeRobot/2.0; http://www.uptimerobot.com/)"
216.245.221.83 - - [22/Nov/2021:11:43:08 +0000] "HEAD / HTTP/1.1" 200 0 "http://ja.tak-cslab.org/" "Mozilla/5.0+(compatible; UptimeRobot/2.0; http://www.uptimerobot.com/)"
107.23.223.47 - - [22/Nov/2021:11:43:43 +0000] "HEAD /feed HTTP/2.0" 200 0 "-" "Slackbot 1.0 (+https://api.slack.com/robots)"
54.144.114.20 - - [22/Nov/2021:11:43:44 +0000] "GET /feed HTTP/1.1" 200 55868 "-" "Slackbot 1.0 (+https://api.slack.com/robots)"
34.228.255.42 - - [22/Nov/2021:11:43:45 +0000] "GET / HTTP/1.1" 200 6312 "-" "Slackbot 1.0 (+https://api.slack.com/robots)"
66.249.79.158 - - [22/Nov/2021:11:44:11 +0000] "GET /tech-report HTTP/1.1" 200 12317 "-" "Mozilla/5.0 (compatible; Googlebot/2.1; +http://www.google.com/bot.html)"
34.206.38.217 - - [22/Nov/2021:11:47:42 +0000] "GET /feed HTTP/1.1" 200 55868 "-" "Automate.io BOT"
216.245.221.83 - - [22/Nov/2021:11:48:08 +0000] "HEAD / HTTP/1.1" 301 0 "http://ja.tak-cslab.org/" "Mozilla/5.0+(compatible; UptimeRobot/2.0; http://www.uptimerobot.com/)"
216.245.221.83 - - [22/Nov/2021:11:48:08 +0000] "HEAD / HTTP/1.1" 200 0 "http://ja.tak-cslab.org/" "Mozilla/5.0+(compatible; UptimeRobot/2.0; http://www.uptimerobot.com/)"
34.206.38.217 - - [22/Nov/2021:11:52:42 +0000] "GET /feed HTTP/1.1" 200 55867 "-" "Automate.io BOT"
216.245.221.83 - - [22/Nov/2021:11:53:08 +0000] "HEAD / HTTP/1.1" 301 0 "http://ja.tak-cslab.org/" "Mozilla/5.0+(compatible; UptimeRobot/2.0; http://www.uptimerobot.com/)"
216.245.221.83 - - [22/Nov/2021:11:53:08 +0000] "HEAD / HTTP/1.1" 200 0 "http://ja.tak-cslab.org/" "Mozilla/5.0+(compatible; UptimeRobot/2.0; http://www.uptimerobot.com/)"
34.206.38.217 - - [22/Nov/2021:11:57:42 +0000] "GET /feed HTTP/1.1" 200 55868 "-" "Automate.io BOT"
216.245.221.83 - - [22/Nov/2021:11:58:08 +0000] "HEAD / HTTP/1.1" 301 0 "http://ja.tak-cslab.org/" "Mozilla/5.0+(compatible; UptimeRobot/2.0; http://www.uptimerobot.com/)"
216.245.221.83 - - [22/Nov/2021:11:58:08 +0000] "HEAD / HTTP/1.1" 200 0 "http://ja.tak-cslab.org/" "Mozilla/5.0+(compatible; UptimeRobot/2.0; http://www.uptimerobot.com/)"
163.215.6.1 - - [22/Nov/2021:12:02:42 +0000] "POST /wp-cron.php?doing_wp_cron=1637582562.2313299179077148437500 HTTP/1.1" 200 31 "https://ja.tak-cslab.org/wp-cron.php?doing_wp_cron=1637582562.2313299179077148437500" "WordPress/5.8.2; https://ja.tak-cslab.org"
34.206.38.217 - - [22/Nov/2021:12:02:42 +0000] "GET /feed HTTP/1.1" 200 55867 "-" "Automate.io BOT"
216.245.221.83 - - [22/Nov/2021:12:03:08 +0000] "HEAD / HTTP/1.1" 301 0 "http://ja.tak-cslab.org/" "Mozilla/5.0+(compatible; UptimeRobot/2.0; http://www.uptimerobot.com/)"
216.245.221.83 - - [22/Nov/2021:12:03:08 +0000] "HEAD / HTTP/1.1" 200 0 "http://ja.tak-cslab.org/" "Mozilla/5.0+(compatible; UptimeRobot/2.0; http://www.uptimerobot.com/)"
18.208.181.125 - - [22/Nov/2021:12:03:41 +0000] "HEAD /feed HTTP/2.0" 200 0 "-" "Slackbot 1.0 (+https://api.slack.com/robots)"
3.91.106.132 - - [22/Nov/2021:12:03:41 +0000] "GET /feed HTTP/1.1" 200 55853 "-" "Slackbot 1.0 (+https://api.slack.com/robots)"
54.221.85.187 - - [22/Nov/2021:12:03:43 +0000] "GET / HTTP/1.1" 200 6312 "-" "Slackbot 1.0 (+https://api.slack.com/robots)"
114.150.218.0 - - [22/Nov/2021:12:03:49 +0000] "GET /about HTTP/2.0" 200 5430 "https://www.google.com/" "Mozilla/5.0 (Windows NT 10.0; Win64; x64) AppleWebKit/537.36 (KHTML, like Gecko) Chrome/96.0.4664.45 Safari/537.36"
114.150.218.0 - - [22/Nov/2021:12:03:49 +0000] "GET /wp-includes/css/dist/block-library/style.min.css?ver=5.8.2 HTTP/2.0" 304 0 "https://ja.tak-cslab.org/about" "Mozilla/5.0 (Windows NT 10.0; Win64; x64) AppleWebKit/537.36 (KHTML, like Gecko) Chrome/96.0.4664.45 Safari/537.36"
114.150.218.0 - - [22/Nov/2021:12:03:49 +0000] "GET /wp-includes/js/wp-embed.min.js?ver=5.8.2 HTTP/2.0" 304 0 "https://ja.tak-cslab.org/about" "Mozilla/5.0 (Windows NT 10.0; Win64; x64) AppleWebKit/537.36 (KHTML, like Gecko) Chrome/96.0.4664.45 Safari/537.36"
114.150.218.0 - - [22/Nov/2021:12:03:49 +0000] "GET /wp-includes/js/wp-emoji-release.min.js?ver=5.8.2 HTTP/2.0" 304 0 "https://ja.tak-cslab.org/about" "Mozilla/5.0 (Windows NT 10.0; Win64; x64) AppleWebKit/537.36 (KHTML, like Gecko) Chrome/96.0.4664.45 Safari/537.36"
114.150.218.0 - - [22/Nov/2021:12:03:52 +0000] "GET /tech-report HTTP/2.0" 200 12282 "https://ja.tak-cslab.org/about" "Mozilla/5.0 (Windows NT 10.0; Win64; x64) AppleWebKit/537.36 (KHTML, like Gecko) Chrome/96.0.4664.45 Safari/537.36"
34.206.38.217 - - [22/Nov/2021:12:07:42 +0000] "GET /feed HTTP/1.1" 200 55867 "-" "Automate.io BOT"
216.245.221.83 - - [22/Nov/2021:12:08:08 +0000] "HEAD / HTTP/1.1" 301 0 "http://ja.tak-cslab.org/" "Mozilla/5.0+(compatible; UptimeRobot/2.0; http://www.uptimerobot.com/)"
216.245.221.83 - - [22/Nov/2021:12:08:08 +0000] "HEAD / HTTP/1.1" 200 0 "http://ja.tak-cslab.org/" "Mozilla/5.0+(compatible; UptimeRobot/2.0; http://www.uptimerobot.com/)"
3.18.101.240 - - [22/Nov/2021:12:10:28 +0000] "GET /robots.txt HTTP/1.1" 200 123 "-" "clark-crawler2/Nutch-1.19-SNAPSHOT"
