18.207.96.27 - - [18/Nov/2021:10:43:39 +0000] "GET /feed HTTP/1.1" 200 55868 "-" "Slackbot 1.0 (+https://api.slack.com/robots)"
34.228.241.92 - - [18/Nov/2021:10:43:40 +0000] "GET / HTTP/1.1" 200 6313 "-" "Slackbot 1.0 (+https://api.slack.com/robots)"
216.245.221.83 - - [18/Nov/2021:10:45:04 +0000] "HEAD / HTTP/1.1" 301 0 "http://ja.tak-cslab.org/" "Mozilla/5.0+(compatible; UptimeRobot/2.0; http://www.uptimerobot.com/)"
216.245.221.83 - - [18/Nov/2021:10:45:04 +0000] "HEAD / HTTP/1.1" 200 0 "http://ja.tak-cslab.org/" "Mozilla/5.0+(compatible; UptimeRobot/2.0; http://www.uptimerobot.com/)"
3.19.61.83 - - [18/Nov/2021:10:45:17 +0000] "GET /robots.txt HTTP/1.1" 200 123 "-" "clark-crawler2/Nutch-1.19-SNAPSHOT"
3.19.61.83 - - [18/Nov/2021:10:45:17 +0000] "GET /wp-content/uploads/2020/10/L%E3%83%81%E3%82%AB-1024x768.jpg HTTP/1.1" 200 134970 "-" "clark-crawler2/Nutch-1.19-SNAPSHOT"
34.206.38.217 - - [18/Nov/2021:10:45:48 +0000] "GET /feed HTTP/1.1" 200 55867 "-" "Automate.io BOT"
66.249.79.129 - - [18/Nov/2021:10:45:56 +0000] "GET /wp-content/uploads/2021/11/23F6560F-D84B-410B-B029-72B21416F7F4_1_105_c-5.jpg HTTP/1.1" 200 268638 "-" "Googlebot-Image/1.0"
3.19.61.83 - - [18/Nov/2021:10:48:59 +0000] "GET /wp-content/uploads/2021/04/CDSL-System-Architecture6.png HTTP/1.1" 200 70835 "-" "clark-crawler2/Nutch-1.19-SNAPSHOT"
207.46.13.176 - - [18/Nov/2021:10:49:41 +0000] "GET / HTTP/2.0" 200 6293 "-" "Mozilla/5.0 (compatible; bingbot/2.0; +http://www.bing.com/bingbot.htm)"
3.19.61.83 - - [18/Nov/2021:10:49:52 +0000] "GET /wp-content/uploads/2020/12/dps-hall2-1024x768.png HTTP/1.1" 200 987120 "-" "clark-crawler2/Nutch-1.19-SNAPSHOT"
216.245.221.83 - - [18/Nov/2021:10:50:04 +0000] "HEAD / HTTP/1.1" 301 0 "http://ja.tak-cslab.org/" "Mozilla/5.0+(compatible; UptimeRobot/2.0; http://www.uptimerobot.com/)"
216.245.221.83 - - [18/Nov/2021:10:50:04 +0000] "HEAD / HTTP/1.1" 200 0 "http://ja.tak-cslab.org/" "Mozilla/5.0+(compatible; UptimeRobot/2.0; http://www.uptimerobot.com/)"
3.19.61.83 - - [18/Nov/2021:10:50:42 +0000] "GET /wp-content/uploads/2021/05/takaya_210519_05-768x1024.jpeg HTTP/1.1" 200 114248 "-" "clark-crawler2/Nutch-1.19-SNAPSHOT"
34.206.38.217 - - [18/Nov/2021:10:50:48 +0000] "GET /feed HTTP/1.1" 200 55854 "-" "Automate.io BOT"
3.19.61.83 - - [18/Nov/2021:10:51:35 +0000] "GET /wp-content/uploads/2020/01/books-e1585573975658.png HTTP/1.1" 200 549531 "-" "clark-crawler2/Nutch-1.19-SNAPSHOT"
3.19.61.83 - - [18/Nov/2021:10:52:50 +0000] "GET /wp-content/uploads/2021/05/takaya_210519_01-1024x918.png HTTP/1.1" 200 344958 "-" "clark-crawler2/Nutch-1.19-SNAPSHOT"
216.245.221.83 - - [18/Nov/2021:10:55:04 +0000] "HEAD / HTTP/1.1" 301 0 "http://ja.tak-cslab.org/" "Mozilla/5.0+(compatible; UptimeRobot/2.0; http://www.uptimerobot.com/)"
216.245.221.83 - - [18/Nov/2021:10:55:04 +0000] "HEAD / HTTP/1.1" 200 0 "http://ja.tak-cslab.org/" "Mozilla/5.0+(compatible; UptimeRobot/2.0; http://www.uptimerobot.com/)"
34.206.38.217 - - [18/Nov/2021:10:55:48 +0000] "GET /feed HTTP/1.1" 200 55868 "-" "Automate.io BOT"
3.19.61.83 - - [18/Nov/2021:10:57:22 +0000] "GET /wp-content/uploads/2021/08/iOS-%E3%81%AE%E7%94%BB%E5%83%8F-1-1024x768.jpg HTTP/1.1" 200 134778 "-" "clark-crawler2/Nutch-1.19-SNAPSHOT"
183.79.251.232 - - [18/Nov/2021:10:58:26 +0000] "GET /wp-content/uploads/2021/01/%E3%83%92%E3%83%89%E3%83%A9.jpeg HTTP/2.0" 200 12823 "-" "Mozilla/5.0 (Windows NT 10.0; WOW64; Trident/7.0; rv:11.0) like Gecko"
126.35.73.212 - - [18/Nov/2021:10:58:46 +0000] "GET /favicon.ico HTTP/2.0" 302 0 "-" "com.tinyspeck.chatlyio/21.11.10 (iPhone; iOS 15.0.2; Scale/3.00)"
126.35.73.212 - - [18/Nov/2021:10:58:46 +0000] "GET /wp-includes/images/w-logo-blue-white-bg.png HTTP/2.0" 200 4119 "-" "com.tinyspeck.chatlyio/21.11.10 (iPhone; iOS 15.0.2; Scale/3.00)"
216.245.221.83 - - [18/Nov/2021:11:00:05 +0000] "HEAD / HTTP/1.1" 301 0 "http://ja.tak-cslab.org/" "Mozilla/5.0+(compatible; UptimeRobot/2.0; http://www.uptimerobot.com/)"
216.245.221.83 - - [18/Nov/2021:11:00:05 +0000] "HEAD / HTTP/1.1" 200 0 "http://ja.tak-cslab.org/" "Mozilla/5.0+(compatible; UptimeRobot/2.0; http://www.uptimerobot.com/)"
163.215.6.1 - - [18/Nov/2021:11:00:49 +0000] "POST /wp-cron.php?doing_wp_cron=1637233249.1031570434570312500000 HTTP/1.1" 200 31 "https://ja.tak-cslab.org/wp-cron.php?doing_wp_cron=1637233249.1031570434570312500000" "WordPress/5.8.2; https://ja.tak-cslab.org"
34.206.38.217 - - [18/Nov/2021:11:00:49 +0000] "GET /feed HTTP/1.1" 200 55861 "-" "Automate.io BOT"
66.249.79.159 - - [18/Nov/2021:11:03:06 +0000] "GET /archives/1243 HTTP/1.1" 200 7362 "-" "Mozilla/5.0 (Linux; Android 6.0.1; Nexus 5X Build/MMB29P) AppleWebKit/537.36 (KHTML, like Gecko) Chrome/95.0.4638.69 Mobile Safari/537.36 (compatible; Googlebot/2.1; +http://www.google.com/bot.html)"
3.95.222.165 - - [18/Nov/2021:11:03:40 +0000] "HEAD /feed HTTP/2.0" 200 0 "-" "Slackbot 1.0 (+https://api.slack.com/robots)"
3.235.65.157 - - [18/Nov/2021:11:03:41 +0000] "GET /feed HTTP/1.1" 200 55868 "-" "Slackbot 1.0 (+https://api.slack.com/robots)"
18.233.158.227 - - [18/Nov/2021:11:03:42 +0000] "GET / HTTP/1.1" 200 6312 "-" "Slackbot 1.0 (+https://api.slack.com/robots)"
3.19.61.83 - - [18/Nov/2021:11:04:10 +0000] "GET /wp-content/uploads/2020/12/airport-1024x768.png HTTP/1.1" 200 878949 "-" "clark-crawler2/Nutch-1.19-SNAPSHOT"
3.19.61.83 - - [18/Nov/2021:11:04:56 +0000] "GET /wp-content/themes/cdsl/logo-github.png HTTP/1.1" 200 4545 "-" "clark-crawler2/Nutch-1.19-SNAPSHOT"
216.245.221.83 - - [18/Nov/2021:11:05:04 +0000] "HEAD / HTTP/1.1" 301 0 "http://ja.tak-cslab.org/" "Mozilla/5.0+(compatible; UptimeRobot/2.0; http://www.uptimerobot.com/)"
216.245.221.83 - - [18/Nov/2021:11:05:04 +0000] "HEAD / HTTP/1.1" 200 0 "http://ja.tak-cslab.org/" "Mozilla/5.0+(compatible; UptimeRobot/2.0; http://www.uptimerobot.com/)"
3.19.61.83 - - [18/Nov/2021:11:05:25 +0000] "GET /wp-content/uploads/2021/07/kisozikken-1024x554.jpg HTTP/1.1" 200 106146 "-" "clark-crawler2/Nutch-1.19-SNAPSHOT"
34.206.38.217 - - [18/Nov/2021:11:05:48 +0000] "GET /feed HTTP/1.1" 200 55854 "-" "Automate.io BOT"
3.19.61.83 - - [18/Nov/2021:11:06:53 +0000] "GET /wp-content/uploads/2020/09/Screen-Shot-2020-09-09-at-15.13.25-1024x623.png HTTP/1.1" 200 170476 "-" "clark-crawler2/Nutch-1.19-SNAPSHOT"
216.245.221.83 - - [18/Nov/2021:11:10:04 +0000] "HEAD / HTTP/1.1" 301 0 "http://ja.tak-cslab.org/" "Mozilla/5.0+(compatible; UptimeRobot/2.0; http://www.uptimerobot.com/)"
216.245.221.83 - - [18/Nov/2021:11:10:04 +0000] "HEAD / HTTP/1.1" 200 0 "http://ja.tak-cslab.org/" "Mozilla/5.0+(compatible; UptimeRobot/2.0; http://www.uptimerobot.com/)"
34.206.38.217 - - [18/Nov/2021:11:10:48 +0000] "GET /feed HTTP/1.1" 200 55867 "-" "Automate.io BOT"
3.19.61.83 - - [18/Nov/2021:11:11:10 +0000] "GET /wp-content/uploads/2020/06/dd99e2645f071f243eeffc37319b6136-1024x481.png HTTP/1.1" 200 186289 "-" "clark-crawler2/Nutch-1.19-SNAPSHOT"
185.128.26.211 - - [18/Nov/2021:11:12:27 +0000] "GET /archives/460/ HTTP/1.0" 301 162 "http://ja.tak-cslab.org/archives/460/" "Mozilla/5.0 (Windows NT 6.1; ) AppleWebKit/537.36 (KHTML, like Gecko) Chrome/90.0.4430.85 Safari/537.36"
185.128.26.211 - - [18/Nov/2021:11:12:28 +0000] "GET /archives/460/ HTTP/1.0" 301 0 "https://ja.tak-cslab.org/archives/460/" "Mozilla/5.0 (Windows NT 6.1; ) AppleWebKit/537.36 (KHTML, like Gecko) Chrome/90.0.4430.85 Safari/537.36"
185.128.26.211 - - [18/Nov/2021:11:12:30 +0000] "GET /archives/460 HTTP/1.0" 200 27841 "https://ja.tak-cslab.org/archives/460" "Mozilla/5.0 (Windows NT 6.1; ) AppleWebKit/537.36 (KHTML, like Gecko) Chrome/90.0.4430.85 Safari/537.36"
3.19.61.83 - - [18/Nov/2021:11:13:51 +0000] "GET /wp-content/uploads/2020/09/Screen-Shot-2020-09-09-at-16.12.53-1024x616.png HTTP/1.1" 200 335841 "-" "clark-crawler2/Nutch-1.19-SNAPSHOT"
3.19.61.83 - - [18/Nov/2021:11:14:41 +0000] "GET /wp-content/uploads/2021/08/002-1024x702.jpg HTTP/1.1" 200 53095 "-" "clark-crawler2/Nutch-1.19-SNAPSHOT"
3.19.61.83 - - [18/Nov/2021:11:14:47 +0000] "GET /wp-content/uploads/2020/02/whiteboard.png HTTP/1.1" 200 813309 "-" "clark-crawler2/Nutch-1.19-SNAPSHOT"
216.245.221.83 - - [18/Nov/2021:11:15:04 +0000] "HEAD / HTTP/1.1" 301 0 "http://ja.tak-cslab.org/" "Mozilla/5.0+(compatible; UptimeRobot/2.0; http://www.uptimerobot.com/)"
216.245.221.83 - - [18/Nov/2021:11:15:04 +0000] "HEAD / HTTP/1.1" 200 0 "http://ja.tak-cslab.org/" "Mozilla/5.0+(compatible; UptimeRobot/2.0; http://www.uptimerobot.com/)"
3.19.61.83 - - [18/Nov/2021:11:15:15 +0000] "GET /wp-content/uploads/2021/06/IMG_4519_Original-1024x768.jpg HTTP/1.1" 200 151268 "-" "clark-crawler2/Nutch-1.19-SNAPSHOT"
3.19.61.83 - - [18/Nov/2021:11:15:37 +0000] "GET /wp-content/uploads/2020/12/%E3%82%AD%E3%83%A3%E3%83%97%E3%83%81%E3%83%A3-1024x504.png HTTP/1.1" 200 78330 "-" "clark-crawler2/Nutch-1.19-SNAPSHOT"
34.206.38.217 - - [18/Nov/2021:11:15:48 +0000] "GET /feed HTTP/1.1" 200 55860 "-" "Automate.io BOT"
3.19.61.83 - - [18/Nov/2021:11:16:53 +0000] "GET /wp-content/uploads/2021/08/001-1024x717.jpg HTTP/1.1" 200 78495 "-" "clark-crawler2/Nutch-1.19-SNAPSHOT"
3.19.61.83 - - [18/Nov/2021:11:18:48 +0000] "GET /wp-content/uploads/2021/04/CDSL-System-Architecture7.png HTTP/1.1" 200 89237 "-" "clark-crawler2/Nutch-1.19-SNAPSHOT"
3.19.61.83 - - [18/Nov/2021:11:18:59 +0000] "GET /wp-content/uploads/2020/01/IMG_1123-1024x768.jpg HTTP/1.1" 200 167333 "-" "clark-crawler2/Nutch-1.19-SNAPSHOT"
216.245.221.83 - - [18/Nov/2021:11:20:04 +0000] "HEAD / HTTP/1.1" 301 0 "http://ja.tak-cslab.org/" "Mozilla/5.0+(compatible; UptimeRobot/2.0; http://www.uptimerobot.com/)"
163.215.6.1 - - [18/Nov/2021:11:20:04 +0000] "POST /wp-cron.php?doing_wp_cron=1637234404.6880590915679931640625 HTTP/1.1" 200 31 "https://ja.tak-cslab.org/wp-cron.php?doing_wp_cron=1637234404.6880590915679931640625" "WordPress/5.8.2; https://ja.tak-cslab.org"
216.245.221.83 - - [18/Nov/2021:11:20:04 +0000] "HEAD / HTTP/1.1" 200 0 "http://ja.tak-cslab.org/" "Mozilla/5.0+(compatible; UptimeRobot/2.0; http://www.uptimerobot.com/)"
34.206.38.217 - - [18/Nov/2021:11:20:48 +0000] "GET /feed HTTP/1.1" 200 55861 "-" "Automate.io BOT"
3.19.61.83 - - [18/Nov/2021:11:21:47 +0000] "GET /wp-content/uploads/2021/04/5-sharps.png HTTP/1.1" 200 10119 "-" "clark-crawler2/Nutch-1.19-SNAPSHOT"
13.231.132.250 - - [18/Nov/2021:11:22:06 +0000] "GET /favicon.ico HTTP/1.1" 302 5 "-" "Slack-ImgProxy (+https://api.slack.com/robots)"
35.76.111.175 - - [18/Nov/2021:11:22:06 +0000] "GET /wp-includes/images/w-logo-blue-white-bg.png HTTP/1.1" 200 4119 "-" "Slack-ImgProxy (+https://api.slack.com/robots)"
163.215.3.21 - - [18/Nov/2021:11:23:04 +0000] "GET /tech-report HTTP/2.0" 200 12282 "-" "Mozilla/5.0 (Windows NT 10.0; Win64; x64) AppleWebKit/537.36 (KHTML, like Gecko) Chrome/96.0.4664.45 Safari/537.36"
163.215.3.21 - - [18/Nov/2021:11:23:04 +0000] "GET /wp-content/themes/cdsl/style.css?ver=1.3.1 HTTP/2.0" 200 272 "https://ja.tak-cslab.org/tech-report" "Mozilla/5.0 (Windows NT 10.0; Win64; x64) AppleWebKit/537.36 (KHTML, like Gecko) Chrome/96.0.4664.45 Safari/537.36"
163.215.3.21 - - [18/Nov/2021:11:23:04 +0000] "GET /wp-content/themes/scaffold/assets/js/navigation.js?ver=1.3.1 HTTP/2.0" 200 1266 "https://ja.tak-cslab.org/tech-report" "Mozilla/5.0 (Windows NT 10.0; Win64; x64) AppleWebKit/537.36 (KHTML, like Gecko) Chrome/96.0.4664.45 Safari/537.36"
163.215.3.21 - - [18/Nov/2021:11:23:04 +0000] "GET /wp-includes/js/wp-embed.min.js?ver=5.8.2 HTTP/2.0" 200 779 "https://ja.tak-cslab.org/tech-report" "Mozilla/5.0 (Windows NT 10.0; Win64; x64) AppleWebKit/537.36 (KHTML, like Gecko) Chrome/96.0.4664.45 Safari/537.36"
163.215.3.21 - - [18/Nov/2021:11:23:04 +0000] "GET /wp-content/themes/scaffold/style.css?ver=5.8.2 HTTP/2.0" 200 5846 "https://ja.tak-cslab.org/tech-report" "Mozilla/5.0 (Windows NT 10.0; Win64; x64) AppleWebKit/537.36 (KHTML, like Gecko) Chrome/96.0.4664.45 Safari/537.36"
163.215.3.21 - - [18/Nov/2021:11:23:04 +0000] "GET /wp-includes/css/dist/block-library/style.min.css?ver=5.8.2 HTTP/2.0" 200 13704 "https://ja.tak-cslab.org/tech-report" "Mozilla/5.0 (Windows NT 10.0; Win64; x64) AppleWebKit/537.36 (KHTML, like Gecko) Chrome/96.0.4664.45 Safari/537.36"
163.215.3.21 - - [18/Nov/2021:11:23:04 +0000] "GET /wp-includes/js/wp-emoji-release.min.js?ver=5.8.2 HTTP/2.0" 200 5714 "https://ja.tak-cslab.org/tech-report" "Mozilla/5.0 (Windows NT 10.0; Win64; x64) AppleWebKit/537.36 (KHTML, like Gecko) Chrome/96.0.4664.45 Safari/537.36"
3.239.119.233 - - [18/Nov/2021:11:23:43 +0000] "HEAD /feed HTTP/2.0" 200 0 "-" "Slackbot 1.0 (+https://api.slack.com/robots)"
54.198.120.58 - - [18/Nov/2021:11:23:43 +0000] "GET /feed HTTP/1.1" 200 55868 "-" "Slackbot 1.0 (+https://api.slack.com/robots)"
34.228.241.92 - - [18/Nov/2021:11:23:44 +0000] "GET / HTTP/1.1" 200 6312 "-" "Slackbot 1.0 (+https://api.slack.com/robots)"
3.19.61.83 - - [18/Nov/2021:11:23:46 +0000] "GET /wp-content/uploads/2021/05/CDSL-System-Architecture.png HTTP/1.1" 200 64734 "-" "clark-crawler2/Nutch-1.19-SNAPSHOT"
3.19.61.83 - - [18/Nov/2021:11:25:01 +0000] "GET /wp-content/uploads/2021/07/image-336x1024.png HTTP/1.1" 200 81474 "-" "clark-crawler2/Nutch-1.19-SNAPSHOT"
216.245.221.83 - - [18/Nov/2021:11:25:04 +0000] "HEAD / HTTP/1.1" 301 0 "http://ja.tak-cslab.org/" "Mozilla/5.0+(compatible; UptimeRobot/2.0; http://www.uptimerobot.com/)"
216.245.221.83 - - [18/Nov/2021:11:25:04 +0000] "HEAD / HTTP/1.1" 200 0 "http://ja.tak-cslab.org/" "Mozilla/5.0+(compatible; UptimeRobot/2.0; http://www.uptimerobot.com/)"
66.249.79.159 - - [18/Nov/2021:11:25:21 +0000] "GET /wp-content/uploads/2020/09/Screen-Shot-2020-09-09-at-15.14.44-1024x630.png HTTP/1.1" 200 426428 "-" "Googlebot-Image/1.0"
34.206.38.217 - - [18/Nov/2021:11:25:48 +0000] "GET /feed HTTP/1.1" 200 55868 "-" "Automate.io BOT"
3.19.61.83 - - [18/Nov/2021:11:28:23 +0000] "GET /wp-content/uploads/2020/12/image-1-1024x441.png HTTP/1.1" 200 172787 "-" "clark-crawler2/Nutch-1.19-SNAPSHOT"
3.19.61.83 - - [18/Nov/2021:11:28:45 +0000] "GET /wp-content/uploads/2021/03/iOS-%E3%81%AE%E7%94%BB%E5%83%8F-1-1024x768.jpg HTTP/1.1" 200 163271 "-" "clark-crawler2/Nutch-1.19-SNAPSHOT"
46.148.234.229 - - [18/Nov/2021:11:29:47 +0000] "GET /archives/460/ HTTP/1.0" 301 162 "http://ja.tak-cslab.org/archives/460/" "Mozilla/5.0 (Windows NT 10.0) AppleWebKit/537.36 (KHTML, like Gecko) Chrome/90.0.4430.72 Safari/537.36"
46.148.234.229 - - [18/Nov/2021:11:29:48 +0000] "GET /archives/460/ HTTP/1.0" 301 0 "https://ja.tak-cslab.org/archives/460/" "Mozilla/5.0 (Windows NT 10.0) AppleWebKit/537.36 (KHTML, like Gecko) Chrome/90.0.4430.72 Safari/537.36"
46.148.234.229 - - [18/Nov/2021:11:29:50 +0000] "GET /archives/460 HTTP/1.0" 200 27841 "https://ja.tak-cslab.org/archives/460" "Mozilla/5.0 (Windows NT 10.0) AppleWebKit/537.36 (KHTML, like Gecko) Chrome/90.0.4430.72 Safari/537.36"
216.245.221.83 - - [18/Nov/2021:11:30:04 +0000] "HEAD / HTTP/1.1" 301 0 "http://ja.tak-cslab.org/" "Mozilla/5.0+(compatible; UptimeRobot/2.0; http://www.uptimerobot.com/)"
216.245.221.83 - - [18/Nov/2021:11:30:04 +0000] "HEAD / HTTP/1.1" 200 0 "http://ja.tak-cslab.org/" "Mozilla/5.0+(compatible; UptimeRobot/2.0; http://www.uptimerobot.com/)"
3.19.61.83 - - [18/Nov/2021:11:30:11 +0000] "GET /wp-content/uploads/2020/08/image-2-1024x799.png HTTP/1.1" 200 426151 "-" "clark-crawler2/Nutch-1.19-SNAPSHOT"
34.206.38.217 - - [18/Nov/2021:11:30:48 +0000] "GET /feed HTTP/1.1" 200 55860 "-" "Automate.io BOT"
3.19.61.83 - - [18/Nov/2021:11:32:24 +0000] "GET /wp-content/uploads/2020/05/image-2.png HTTP/1.1" 200 354716 "-" "clark-crawler2/Nutch-1.19-SNAPSHOT"
66.249.79.159 - - [18/Nov/2021:11:32:54 +0000] "GET /?page_id=156 HTTP/1.1" 301 5 "-" "Mozilla/5.0 (Linux; Android 6.0.1; Nexus 5X Build/MMB29P) AppleWebKit/537.36 (KHTML, like Gecko) Chrome/95.0.4638.69 Mobile Safari/537.36 (compatible; Googlebot/2.1; +http://www.google.com/bot.html)"
66.249.79.158 - - [18/Nov/2021:11:32:55 +0000] "GET /about/it-facility HTTP/1.1" 200 9024 "-" "Mozilla/5.0 (Linux; Android 6.0.1; Nexus 5X Build/MMB29P) AppleWebKit/537.36 (KHTML, like Gecko) Chrome/95.0.4638.69 Mobile Safari/537.36 (compatible; Googlebot/2.1; +http://www.google.com/bot.html)"
216.245.221.83 - - [18/Nov/2021:11:35:04 +0000] "HEAD / HTTP/1.1" 301 0 "http://ja.tak-cslab.org/" "Mozilla/5.0+(compatible; UptimeRobot/2.0; http://www.uptimerobot.com/)"
216.245.221.83 - - [18/Nov/2021:11:35:04 +0000] "HEAD / HTTP/1.1" 200 0 "http://ja.tak-cslab.org/" "Mozilla/5.0+(compatible; UptimeRobot/2.0; http://www.uptimerobot.com/)"
34.206.38.217 - - [18/Nov/2021:11:35:48 +0000] "GET /feed HTTP/1.1" 200 55867 "-" "Automate.io BOT"
185.100.87.129 - - [18/Nov/2021:11:37:22 +0000] "POST /xmlrpc.php HTTP/1.0" 301 162 "-" "Mozilla/5.0 (Windows NT 10.0; WOW64; rv:83.0) Gecko/20100101 Firefox/83.0"
185.100.87.129 - - [18/Nov/2021:11:37:24 +0000] "POST /xmlrpc.php HTTP/1.0" 200 403 "-" "Mozilla/5.0 (Windows NT 10.0; WOW64; rv:83.0) Gecko/20100101 Firefox/83.0"
66.249.79.158 - - [18/Nov/2021:11:37:51 +0000] "GET /topics/blog HTTP/1.1" 200 13039 "-" "Mozilla/5.0 (compatible; Googlebot/2.1; +http://www.google.com/bot.html)"
66.249.79.159 - - [18/Nov/2021:11:37:56 +0000] "GET /archives/author/c0118220 HTTP/1.1" 200 5890 "-" "Mozilla/5.0 (Linux; Android 6.0.1; Nexus 5X Build/MMB29P) AppleWebKit/537.36 (KHTML, like Gecko) Chrome/95.0.4638.69 Mobile Safari/537.36 (compatible; Googlebot/2.1; +http://www.google.com/bot.html)"
66.249.79.158 - - [18/Nov/2021:11:37:56 +0000] "GET /archives/1647 HTTP/1.1" 200 6399 "-" "Mozilla/5.0 (Linux; Android 6.0.1; Nexus 5X Build/MMB29P) AppleWebKit/537.36 (KHTML, like Gecko) Chrome/95.0.4638.69 Mobile Safari/537.36 (compatible; Googlebot/2.1; +http://www.google.com/bot.html)"
3.19.61.83 - - [18/Nov/2021:11:39:57 +0000] "GET /wp-content/uploads/2020/05/image-3.png HTTP/1.1" 200 459364 "-" "clark-crawler2/Nutch-1.19-SNAPSHOT"
216.245.221.83 - - [18/Nov/2021:11:40:04 +0000] "HEAD / HTTP/1.1" 301 0 "http://ja.tak-cslab.org/" "Mozilla/5.0+(compatible; UptimeRobot/2.0; http://www.uptimerobot.com/)"
216.245.221.83 - - [18/Nov/2021:11:40:04 +0000] "HEAD / HTTP/1.1" 200 0 "http://ja.tak-cslab.org/" "Mozilla/5.0+(compatible; UptimeRobot/2.0; http://www.uptimerobot.com/)"
34.206.38.217 - - [18/Nov/2021:11:40:48 +0000] "GET /feed HTTP/1.1" 200 55867 "-" "Automate.io BOT"
34.228.241.92 - - [18/Nov/2021:11:43:44 +0000] "HEAD /feed HTTP/2.0" 200 0 "-" "Slackbot 1.0 (+https://api.slack.com/robots)"
3.83.216.176 - - [18/Nov/2021:11:43:45 +0000] "GET /feed HTTP/1.1" 200 55867 "-" "Slackbot 1.0 (+https://api.slack.com/robots)"
3.91.240.250 - - [18/Nov/2021:11:43:46 +0000] "GET / HTTP/1.1" 200 6320 "-" "Slackbot 1.0 (+https://api.slack.com/robots)"
216.245.221.83 - - [18/Nov/2021:11:45:04 +0000] "HEAD / HTTP/1.1" 301 0 "http://ja.tak-cslab.org/" "Mozilla/5.0+(compatible; UptimeRobot/2.0; http://www.uptimerobot.com/)"
216.245.221.83 - - [18/Nov/2021:11:45:04 +0000] "HEAD / HTTP/1.1" 200 0 "http://ja.tak-cslab.org/" "Mozilla/5.0+(compatible; UptimeRobot/2.0; http://www.uptimerobot.com/)"
216.244.66.230 - - [18/Nov/2021:11:45:24 +0000] "GET /robots.txt HTTP/1.1" 301 162 "-" "Mozilla/5.0 (compatible; DotBot/1.2; +https://opensiteexplorer.org/dotbot; help@moz.com)"
216.244.66.230 - - [18/Nov/2021:11:45:25 +0000] "GET /robots.txt HTTP/1.1" 200 128 "-" "Mozilla/5.0 (compatible; DotBot/1.2; +https://opensiteexplorer.org/dotbot; help@moz.com)"
34.206.38.217 - - [18/Nov/2021:11:45:48 +0000] "GET /feed HTTP/1.1" 200 55861 "-" "Automate.io BOT"
3.19.61.83 - - [18/Nov/2021:11:48:12 +0000] "GET /wp-content/uploads/2020/05/image-4.png HTTP/1.1" 200 555162 "-" "clark-crawler2/Nutch-1.19-SNAPSHOT"
3.19.61.83 - - [18/Nov/2021:11:49:08 +0000] "GET /wp-content/uploads/2020/09/Screen-Shot-2020-09-09-at-16.05.11-1024x252.png HTTP/1.1" 200 104018 "-" "clark-crawler2/Nutch-1.19-SNAPSHOT"
216.244.66.230 - - [18/Nov/2021:11:49:15 +0000] "GET /10gin_cds1 HTTP/1.1" 200 13281 "-" "Mozilla/5.0 (compatible; DotBot/1.2; +https://opensiteexplorer.org/dotbot; help@moz.com)"
3.19.61.83 - - [18/Nov/2021:11:49:26 +0000] "GET /wp-content/uploads/2021/04/CDSL-System-Architecture8.png HTTP/1.1" 200 147410 "-" "clark-crawler2/Nutch-1.19-SNAPSHOT"
216.245.221.83 - - [18/Nov/2021:11:50:04 +0000] "HEAD / HTTP/1.1" 301 0 "http://ja.tak-cslab.org/" "Mozilla/5.0+(compatible; UptimeRobot/2.0; http://www.uptimerobot.com/)"
216.245.221.83 - - [18/Nov/2021:11:50:04 +0000] "HEAD / HTTP/1.1" 200 0 "http://ja.tak-cslab.org/" "Mozilla/5.0+(compatible; UptimeRobot/2.0; http://www.uptimerobot.com/)"
3.19.61.83 - - [18/Nov/2021:11:50:30 +0000] "GET /wp-content/uploads/2020/08/a09d90ee1399aba8e4a03e1ecfd12a89.png HTTP/1.1" 200 32426 "-" "clark-crawler2/Nutch-1.19-SNAPSHOT"
34.206.38.217 - - [18/Nov/2021:11:50:48 +0000] "GET /feed HTTP/1.1" 200 55860 "-" "Automate.io BOT"
157.55.39.53 - - [18/Nov/2021:11:52:28 +0000] "GET /robots.txt HTTP/1.1" 301 162 "-" "Mozilla/5.0 (compatible; bingbot/2.0; +http://www.bing.com/bingbot.htm)"
157.55.39.53 - - [18/Nov/2021:11:52:29 +0000] "GET /robots.txt HTTP/2.0" 200 112 "-" "Mozilla/5.0 (compatible; bingbot/2.0; +http://www.bing.com/bingbot.htm)"
207.46.13.172 - - [18/Nov/2021:11:52:38 +0000] "GET / HTTP/1.1" 301 162 "-" "Mozilla/5.0 (compatible; bingbot/2.0; +http://www.bing.com/bingbot.htm)"
3.19.61.83 - - [18/Nov/2021:11:54:10 +0000] "GET /wp-content/uploads/2020/01/image-1-1024x523.png HTTP/1.1" 200 269833 "-" "clark-crawler2/Nutch-1.19-SNAPSHOT"
216.245.221.83 - - [18/Nov/2021:11:55:04 +0000] "HEAD / HTTP/1.1" 301 0 "http://ja.tak-cslab.org/" "Mozilla/5.0+(compatible; UptimeRobot/2.0; http://www.uptimerobot.com/)"
216.245.221.83 - - [18/Nov/2021:11:55:04 +0000] "HEAD / HTTP/1.1" 200 0 "http://ja.tak-cslab.org/" "Mozilla/5.0+(compatible; UptimeRobot/2.0; http://www.uptimerobot.com/)"
34.206.38.217 - - [18/Nov/2021:11:55:48 +0000] "GET /feed HTTP/1.1" 200 55867 "-" "Automate.io BOT"
3.19.61.83 - - [18/Nov/2021:11:56:38 +0000] "GET /wp-content/uploads/2020/09/Screen-Shot-2020-09-09-at-16.06.02-1024x601.png HTTP/1.1" 200 213606 "-" "clark-crawler2/Nutch-1.19-SNAPSHOT"
3.19.61.83 - - [18/Nov/2021:11:58:10 +0000] "GET /wp-content/uploads/2021/04/IMG_3877-1024x768.jpg HTTP/1.1" 200 156196 "-" "clark-crawler2/Nutch-1.19-SNAPSHOT"
3.19.61.83 - - [18/Nov/2021:11:59:25 +0000] "GET /wp-content/uploads/2020/09/Screen-Shot-2020-09-09-at-14.40.41-1024x898.png HTTP/1.1" 200 270328 "-" "clark-crawler2/Nutch-1.19-SNAPSHOT"
216.245.221.83 - - [18/Nov/2021:12:00:04 +0000] "HEAD / HTTP/1.1" 301 0 "http://ja.tak-cslab.org/" "Mozilla/5.0+(compatible; UptimeRobot/2.0; http://www.uptimerobot.com/)"
216.245.221.83 - - [18/Nov/2021:12:00:04 +0000] "HEAD / HTTP/1.1" 200 0 "http://ja.tak-cslab.org/" "Mozilla/5.0+(compatible; UptimeRobot/2.0; http://www.uptimerobot.com/)"
163.215.6.1 - - [18/Nov/2021:12:00:48 +0000] "POST /wp-cron.php?doing_wp_cron=1637236848.3791298866271972656250 HTTP/1.1" 200 31 "https://ja.tak-cslab.org/wp-cron.php?doing_wp_cron=1637236848.3791298866271972656250" "WordPress/5.8.2; https://ja.tak-cslab.org"
34.206.38.217 - - [18/Nov/2021:12:00:48 +0000] "GET /feed HTTP/1.1" 200 55868 "-" "Automate.io BOT"
3.19.61.83 - - [18/Nov/2021:12:01:20 +0000] "GET /wp-content/uploads/2020/12/sakurajima-1024x768.png HTTP/1.1" 200 870465 "-" "clark-crawler2/Nutch-1.19-SNAPSHOT"
3.19.61.83 - - [18/Nov/2021:12:02:35 +0000] "GET /wp-content/uploads/2020/01/desk.png HTTP/1.1" 200 1111182 "-" "clark-crawler2/Nutch-1.19-SNAPSHOT"
34.230.22.164 - - [18/Nov/2021:12:03:46 +0000] "HEAD /feed HTTP/2.0" 200 0 "-" "Slackbot 1.0 (+https://api.slack.com/robots)"
54.224.226.92 - - [18/Nov/2021:12:03:46 +0000] "GET /feed HTTP/1.1" 200 55867 "-" "Slackbot 1.0 (+https://api.slack.com/robots)"
54.224.226.92 - - [18/Nov/2021:12:03:47 +0000] "GET / HTTP/1.1" 200 6312 "-" "Slackbot 1.0 (+https://api.slack.com/robots)"
216.245.221.83 - - [18/Nov/2021:12:05:04 +0000] "HEAD / HTTP/1.1" 301 0 "http://ja.tak-cslab.org/" "Mozilla/5.0+(compatible; UptimeRobot/2.0; http://www.uptimerobot.com/)"
216.245.221.83 - - [18/Nov/2021:12:05:04 +0000] "HEAD / HTTP/1.1" 200 0 "http://ja.tak-cslab.org/" "Mozilla/5.0+(compatible; UptimeRobot/2.0; http://www.uptimerobot.com/)"
34.206.38.217 - - [18/Nov/2021:12:05:48 +0000] "GET /feed HTTP/1.1" 200 55860 "-" "Automate.io BOT"
3.19.61.83 - - [18/Nov/2021:12:09:03 +0000] "GET /wp-content/uploads/2020/12/tonkatsu-1024x768.png HTTP/1.1" 200 1507117 "-" "clark-crawler2/Nutch-1.19-SNAPSHOT"
216.245.221.83 - - [18/Nov/2021:12:10:04 +0000] "HEAD / HTTP/1.1" 301 0 "http://ja.tak-cslab.org/" "Mozilla/5.0+(compatible; UptimeRobot/2.0; http://www.uptimerobot.com/)"
216.245.221.83 - - [18/Nov/2021:12:10:04 +0000] "HEAD / HTTP/1.1" 200 0 "http://ja.tak-cslab.org/" "Mozilla/5.0+(compatible; UptimeRobot/2.0; http://www.uptimerobot.com/)"
34.206.38.217 - - [18/Nov/2021:12:10:48 +0000] "GET /feed HTTP/1.1" 200 55861 "-" "Automate.io BOT"
124.36.165.178 - - [18/Nov/2021:12:11:00 +0000] "GET /archives/1412 HTTP/2.0" 200 8432 "https://www.bing.com/" "Mozilla/5.0 (Windows NT 10.0; Win64; x64) AppleWebKit/537.36 (KHTML, like Gecko) Chrome/95.0.4638.69 Safari/537.36 Edg/95.0.1020.44"
124.36.165.178 - - [18/Nov/2021:12:11:00 +0000] "GET /wp-content/themes/cdsl/style.css?ver=1.3.1 HTTP/2.0" 200 272 "https://ja.tak-cslab.org/archives/1412" "Mozilla/5.0 (Windows NT 10.0; Win64; x64) AppleWebKit/537.36 (KHTML, like Gecko) Chrome/95.0.4638.69 Safari/537.36 Edg/95.0.1020.44"
124.36.165.178 - - [18/Nov/2021:12:11:00 +0000] "GET /wp-content/themes/scaffold/assets/js/navigation.js?ver=1.3.1 HTTP/2.0" 200 1266 "https://ja.tak-cslab.org/archives/1412" "Mozilla/5.0 (Windows NT 10.0; Win64; x64) AppleWebKit/537.36 (KHTML, like Gecko) Chrome/95.0.4638.69 Safari/537.36 Edg/95.0.1020.44"
124.36.165.178 - - [18/Nov/2021:12:11:00 +0000] "GET /wp-includes/js/comment-reply.min.js?ver=5.8.2 HTTP/2.0" 200 1390 "https://ja.tak-cslab.org/archives/1412" "Mozilla/5.0 (Windows NT 10.0; Win64; x64) AppleWebKit/537.36 (KHTML, like Gecko) Chrome/95.0.4638.69 Safari/537.36 Edg/95.0.1020.44"
124.36.165.178 - - [18/Nov/2021:12:11:00 +0000] "GET /wp-includes/js/wp-embed.min.js?ver=5.8.2 HTTP/2.0" 200 779 "https://ja.tak-cslab.org/archives/1412" "Mozilla/5.0 (Windows NT 10.0; Win64; x64) AppleWebKit/537.36 (KHTML, like Gecko) Chrome/95.0.4638.69 Safari/537.36 Edg/95.0.1020.44"
124.36.165.178 - - [18/Nov/2021:12:11:00 +0000] "GET /wp-content/themes/scaffold/style.css?ver=5.8.2 HTTP/2.0" 200 5846 "https://ja.tak-cslab.org/archives/1412" "Mozilla/5.0 (Windows NT 10.0; Win64; x64) AppleWebKit/537.36 (KHTML, like Gecko) Chrome/95.0.4638.69 Safari/537.36 Edg/95.0.1020.44"
124.36.165.178 - - [18/Nov/2021:12:11:00 +0000] "GET /wp-includes/css/dist/block-library/style.min.css?ver=5.8.2 HTTP/2.0" 200 13704 "https://ja.tak-cslab.org/archives/1412" "Mozilla/5.0 (Windows NT 10.0; Win64; x64) AppleWebKit/537.36 (KHTML, like Gecko) Chrome/95.0.4638.69 Safari/537.36 Edg/95.0.1020.44"
124.36.165.178 - - [18/Nov/2021:12:11:00 +0000] "GET /wp-includes/js/wp-emoji-release.min.js?ver=5.8.2 HTTP/2.0" 200 5714 "https://ja.tak-cslab.org/archives/1412" "Mozilla/5.0 (Windows NT 10.0; Win64; x64) AppleWebKit/537.36 (KHTML, like Gecko) Chrome/95.0.4638.69 Safari/537.36 Edg/95.0.1020.44"
124.36.165.178 - - [18/Nov/2021:12:11:00 +0000] "GET /favicon.ico HTTP/2.0" 302 0 "https://ja.tak-cslab.org/archives/1412" "Mozilla/5.0 (Windows NT 10.0; Win64; x64) AppleWebKit/537.36 (KHTML, like Gecko) Chrome/95.0.4638.69 Safari/537.36 Edg/95.0.1020.44"
124.36.165.178 - - [18/Nov/2021:12:11:00 +0000] "GET /wp-includes/images/w-logo-blue-white-bg.png HTTP/2.0" 200 4119 "https://ja.tak-cslab.org/archives/1412" "Mozilla/5.0 (Windows NT 10.0; Win64; x64) AppleWebKit/537.36 (KHTML, like Gecko) Chrome/95.0.4638.69 Safari/537.36 Edg/95.0.1020.44"
3.19.61.83 - - [18/Nov/2021:12:14:39 +0000] "GET /wp-content/uploads/2020/01/A607FCEF-BAC9-4811-84D1-7B8590E0677F-653x1024.jpeg HTTP/1.1" 200 65816 "-" "clark-crawler2/Nutch-1.19-SNAPSHOT"
182.168.194.162 - - [18/Nov/2021:12:14:55 +0000] "GET /favicon.ico HTTP/2.0" 302 0 "-" "com.tinyspeck.chatlyio/21.11.20 (iPhone; iOS 15.0.2; Scale/3.00)"
182.168.194.162 - - [18/Nov/2021:12:14:55 +0000] "GET /wp-includes/images/w-logo-blue-white-bg.png HTTP/2.0" 200 4119 "-" "com.tinyspeck.chatlyio/21.11.20 (iPhone; iOS 15.0.2; Scale/3.00)"
216.245.221.83 - - [18/Nov/2021:12:15:04 +0000] "HEAD / HTTP/1.1" 301 0 "http://ja.tak-cslab.org/" "Mozilla/5.0+(compatible; UptimeRobot/2.0; http://www.uptimerobot.com/)"
216.245.221.83 - - [18/Nov/2021:12:15:04 +0000] "HEAD / HTTP/1.1" 200 0 "http://ja.tak-cslab.org/" "Mozilla/5.0+(compatible; UptimeRobot/2.0; http://www.uptimerobot.com/)"
94.103.81.70 - - [18/Nov/2021:12:15:06 +0000] "GET /archives/460/ HTTP/1.0" 301 162 "http://ja.tak-cslab.org/archives/460/" "Mozilla/5.0 (Windows NT 10.0; Win64; x64) AppleWebKit/537.36 (KHTML, like Gecko) Chrome/90.0.4430.85 Safari/537.36 Edg/90.0.818.49"
94.103.81.70 - - [18/Nov/2021:12:15:07 +0000] "GET /archives/460/ HTTP/1.0" 301 0 "https://ja.tak-cslab.org/archives/460/" "Mozilla/5.0 (Windows NT 10.0; Win64; x64) AppleWebKit/537.36 (KHTML, like Gecko) Chrome/90.0.4430.85 Safari/537.36 Edg/90.0.818.49"
94.103.81.70 - - [18/Nov/2021:12:15:08 +0000] "GET /archives/460 HTTP/1.0" 200 27841 "https://ja.tak-cslab.org/archives/460" "Mozilla/5.0 (Windows NT 10.0; Win64; x64) AppleWebKit/537.36 (KHTML, like Gecko) Chrome/90.0.4430.85 Safari/537.36 Edg/90.0.818.49"
34.206.38.217 - - [18/Nov/2021:12:15:48 +0000] "GET /feed HTTP/1.1" 200 55861 "-" "Automate.io BOT"
66.249.79.158 - - [18/Nov/2021:12:15:57 +0000] "GET /wp-content/uploads/2021/11/iOS-%E3%81%AE%E7%94%BB%E5%83%8F-1-scaled.jpg HTTP/1.1" 200 744650 "-" "Googlebot-Image/1.0"
3.19.61.83 - - [18/Nov/2021:12:17:46 +0000] "GET /wp-content/uploads/2020/01/IMG_1126-1024x768.jpg HTTP/1.1" 200 100167 "-" "clark-crawler2/Nutch-1.19-SNAPSHOT"
3.19.61.83 - - [18/Nov/2021:12:19:28 +0000] "GET /wp-content/uploads/2021/01/%E3%83%92%E3%83%89%E3%83%A9.jpeg HTTP/1.1" 200 12823 "-" "clark-crawler2/Nutch-1.19-SNAPSHOT"
216.245.221.83 - - [18/Nov/2021:12:20:04 +0000] "HEAD / HTTP/1.1" 301 0 "http://ja.tak-cslab.org/" "Mozilla/5.0+(compatible; UptimeRobot/2.0; http://www.uptimerobot.com/)"
163.215.6.1 - - [18/Nov/2021:12:20:04 +0000] "POST /wp-cron.php?doing_wp_cron=1637238004.6855580806732177734375 HTTP/1.1" 200 31 "https://ja.tak-cslab.org/wp-cron.php?doing_wp_cron=1637238004.6855580806732177734375" "WordPress/5.8.2; https://ja.tak-cslab.org"
216.245.221.83 - - [18/Nov/2021:12:20:04 +0000] "HEAD / HTTP/1.1" 200 0 "http://ja.tak-cslab.org/" "Mozilla/5.0+(compatible; UptimeRobot/2.0; http://www.uptimerobot.com/)"
3.19.61.83 - - [18/Nov/2021:12:20:16 +0000] "GET /wp-content/uploads/2020/08/1835b47794783c752a0d709c5b5e2247.png HTTP/1.1" 200 32482 "-" "clark-crawler2/Nutch-1.19-SNAPSHOT"
114.119.135.83 - - [18/Nov/2021:12:20:32 +0000] "GET /10gin_cds1?redirect_to=https://ja.tak-cslab.org/archives/1038 HTTP/1.1" 200 4551 "-" "Mozilla/5.0 (Linux; Android 7.0;) AppleWebKit/537.36 (KHTML, like Gecko) Mobile Safari/537.36 (compatible; PetalBot;+https://webmaster.petalsearch.com/site/petalbot)"
34.206.38.217 - - [18/Nov/2021:12:20:48 +0000] "GET /feed HTTP/1.1" 200 55861 "-" "Automate.io BOT"
3.19.61.83 - - [18/Nov/2021:12:22:13 +0000] "GET /wp-content/uploads/2021/10/image-1024x767.png HTTP/1.1" 200 1136670 "-" "clark-crawler2/Nutch-1.19-SNAPSHOT"
113.147.10.206 - - [18/Nov/2021:12:22:36 +0000] "GET /favicon.ico HTTP/2.0" 302 0 "-" "Mozilla/5.0 (iPhone; CPU iPhone OS 15_0_2 like Mac OS X) AppleWebKit/605.1.15 (KHTML, like Gecko) FxiOS/39.0  Mobile/15E148 Safari/605.1.15"
113.147.10.206 - - [18/Nov/2021:12:22:36 +0000] "GET /wp-includes/images/w-logo-blue-white-bg.png HTTP/2.0" 200 4119 "-" "Mozilla/5.0 (iPhone; CPU iPhone OS 15_0_2 like Mac OS X) AppleWebKit/605.1.15 (KHTML, like Gecko) FxiOS/39.0  Mobile/15E148 Safari/605.1.15"
157.55.39.103 - - [18/Nov/2021:12:22:41 +0000] "GET /wp-content/uploads/2021/03/%E3%82%B9%E3%82%AF%E3%83%AA%E3%83%BC%E3%83%B3%E3%82%B7%E3%83%A7%E3%83%83%E3%83%88-2021-03-12-4.05.11-e1615489779452.png HTTP/2.0" 200 911824 "-" "Mozilla/5.0 (compatible; bingbot/2.0; +http://www.bing.com/bingbot.htm)"
3.19.61.83 - - [18/Nov/2021:12:22:51 +0000] "GET /wp-content/uploads/2020/08/%E3%82%B3%E3%83%A1%E3%83%B3%E3%83%88-2019-11-05-105647-1024x564.png HTTP/1.1" 200 311124 "-" "clark-crawler2/Nutch-1.19-SNAPSHOT"
3.19.61.83 - - [18/Nov/2021:12:22:58 +0000] "GET /wp-content/uploads/2020/06/image-1.png HTTP/1.1" 200 19453 "-" "clark-crawler2/Nutch-1.19-SNAPSHOT"
3.19.61.83 - - [18/Nov/2021:12:23:09 +0000] "GET /wp-content/uploads/2020/09/Screen-Shot-2020-09-09-at-14.29.23-1024x587.png HTTP/1.1" 200 253756 "-" "clark-crawler2/Nutch-1.19-SNAPSHOT"
3.235.65.157 - - [18/Nov/2021:12:23:40 +0000] "HEAD /feed HTTP/2.0" 200 0 "-" "Slackbot 1.0 (+https://api.slack.com/robots)"
3.81.80.239 - - [18/Nov/2021:12:23:41 +0000] "GET /feed HTTP/1.1" 200 55868 "-" "Slackbot 1.0 (+https://api.slack.com/robots)"
54.197.164.189 - - [18/Nov/2021:12:23:42 +0000] "GET / HTTP/1.1" 200 6312 "-" "Slackbot 1.0 (+https://api.slack.com/robots)"
207.46.13.176 - - [18/Nov/2021:12:23:51 +0000] "GET /tech-report HTTP/2.0" 200 12282 "-" "Mozilla/5.0 (compatible; bingbot/2.0; +http://www.bing.com/bingbot.htm)"
40.77.167.30 - - [18/Nov/2021:12:24:05 +0000] "GET /wp-content/themes/scaffold/assets/js/navigation.js?ver=1.3.1 HTTP/2.0" 200 1266 "-" "Mozilla/5.0 (compatible; bingbot/2.0; +http://www.bing.com/bingbot.htm)"
3.19.61.83 - - [18/Nov/2021:12:24:55 +0000] "GET /wp-content/uploads/2020/09/Screen-Shot-2020-09-09-at-16.07.06-1024x547.png HTTP/1.1" 200 122325 "-" "clark-crawler2/Nutch-1.19-SNAPSHOT"
216.245.221.83 - - [18/Nov/2021:12:25:04 +0000] "HEAD / HTTP/1.1" 301 0 "http://ja.tak-cslab.org/" "Mozilla/5.0+(compatible; UptimeRobot/2.0; http://www.uptimerobot.com/)"
216.245.221.83 - - [18/Nov/2021:12:25:04 +0000] "HEAD / HTTP/1.1" 200 0 "http://ja.tak-cslab.org/" "Mozilla/5.0+(compatible; UptimeRobot/2.0; http://www.uptimerobot.com/)"
3.19.61.83 - - [18/Nov/2021:12:25:33 +0000] "GET /wp-content/uploads/2021/04/IMG_3876-768x1024.jpg HTTP/1.1" 200 168863 "-" "clark-crawler2/Nutch-1.19-SNAPSHOT"
34.206.38.217 - - [18/Nov/2021:12:25:49 +0000] "GET /feed HTTP/1.1" 200 55868 "-" "Automate.io BOT"
222.151.21.126 - - [18/Nov/2021:12:27:50 +0000] "GET / HTTP/2.0" 200 8376 "-" "Mozilla/5.0 (Windows NT 10.0; Win64; x64) AppleWebKit/537.36 (KHTML, like Gecko) Chrome/96.0.4664.45 Safari/537.36"
222.151.21.126 - - [18/Nov/2021:12:28:09 +0000] "GET /tech-report HTTP/2.0" 200 14498 "https://ja.tak-cslab.org/" "Mozilla/5.0 (Windows NT 10.0; Win64; x64) AppleWebKit/537.36 (KHTML, like Gecko) Chrome/96.0.4664.45 Safari/537.36"
216.245.221.83 - - [18/Nov/2021:12:30:04 +0000] "HEAD / HTTP/1.1" 301 0 "http://ja.tak-cslab.org/" "Mozilla/5.0+(compatible; UptimeRobot/2.0; http://www.uptimerobot.com/)"
216.245.221.83 - - [18/Nov/2021:12:30:04 +0000] "HEAD / HTTP/1.1" 200 0 "http://ja.tak-cslab.org/" "Mozilla/5.0+(compatible; UptimeRobot/2.0; http://www.uptimerobot.com/)"
34.206.38.217 - - [18/Nov/2021:12:30:48 +0000] "GET /feed HTTP/1.1" 200 55867 "-" "Automate.io BOT"
3.19.61.83 - - [18/Nov/2021:12:31:38 +0000] "GET /wp-content/uploads/2020/07/web-3967926_640.jpg HTTP/1.1" 200 21640 "-" "clark-crawler2/Nutch-1.19-SNAPSHOT"
222.151.21.126 - - [18/Nov/2021:12:31:45 +0000] "GET /tech-report HTTP/2.0" 200 14498 "https://ja.tak-cslab.org/" "Mozilla/5.0 (Windows NT 10.0; Win64; x64) AppleWebKit/537.36 (KHTML, like Gecko) Chrome/96.0.4664.45 Safari/537.36"
222.151.21.126 - - [18/Nov/2021:12:31:45 +0000] "GET /favicon.ico HTTP/2.0" 302 0 "https://ja.tak-cslab.org/tech-report" "Mozilla/5.0 (Windows NT 10.0; Win64; x64) AppleWebKit/537.36 (KHTML, like Gecko) Chrome/96.0.4664.45 Safari/537.36"
3.19.61.83 - - [18/Nov/2021:12:34:46 +0000] "GET /wp-content/uploads/2021/01/Screen-Shot-2021-01-20-at-23.44.09-1024x391.png HTTP/1.1" 200 215045 "-" "clark-crawler2/Nutch-1.19-SNAPSHOT"
216.245.221.83 - - [18/Nov/2021:12:35:04 +0000] "HEAD / HTTP/1.1" 301 0 "http://ja.tak-cslab.org/" "Mozilla/5.0+(compatible; UptimeRobot/2.0; http://www.uptimerobot.com/)"
216.245.221.83 - - [18/Nov/2021:12:35:04 +0000] "HEAD / HTTP/1.1" 200 0 "http://ja.tak-cslab.org/" "Mozilla/5.0+(compatible; UptimeRobot/2.0; http://www.uptimerobot.com/)"
34.206.38.217 - - [18/Nov/2021:12:35:48 +0000] "GET /feed HTTP/1.1" 200 55868 "-" "Automate.io BOT"
3.19.61.83 - - [18/Nov/2021:12:36:40 +0000] "GET /wp-content/uploads/2021/01/Screen-Shot-2021-01-20-at-23.43.16-814x1024.png HTTP/1.1" 200 709028 "-" "clark-crawler2/Nutch-1.19-SNAPSHOT"
3.19.61.83 - - [18/Nov/2021:12:38:40 +0000] "GET /wp-content/uploads/2021/07/image-1-94x1024.png HTTP/1.1" 200 59416 "-" "clark-crawler2/Nutch-1.19-SNAPSHOT"
3.19.61.83 - - [18/Nov/2021:12:39:15 +0000] "GET /wp-content/uploads/2021/05/takaya_210519_04-1024x913.png HTTP/1.1" 200 309771 "-" "clark-crawler2/Nutch-1.19-SNAPSHOT"
216.245.221.83 - - [18/Nov/2021:12:40:04 +0000] "HEAD / HTTP/1.1" 301 0 "http://ja.tak-cslab.org/" "Mozilla/5.0+(compatible; UptimeRobot/2.0; http://www.uptimerobot.com/)"
216.245.221.83 - - [18/Nov/2021:12:40:04 +0000] "HEAD / HTTP/1.1" 200 0 "http://ja.tak-cslab.org/" "Mozilla/5.0+(compatible; UptimeRobot/2.0; http://www.uptimerobot.com/)"
34.206.38.217 - - [18/Nov/2021:12:40:48 +0000] "GET /feed HTTP/1.1" 200 55867 "-" "Automate.io BOT"
207.90.15.152 - - [18/Nov/2021:12:42:00 +0000] "GET /about/about-cdsl HTTP/1.1" 200 7073 "-" "AccompanyBot"
3.19.61.83 - - [18/Nov/2021:12:43:02 +0000] "GET /wp-content/uploads/2021/03/iOS-%E3%81%AE%E7%94%BB%E5%83%8F-1-1-1024x768.jpg HTTP/1.1" 200 92484 "-" "clark-crawler2/Nutch-1.19-SNAPSHOT"
3.19.61.83 - - [18/Nov/2021:12:43:40 +0000] "GET /wp-content/uploads/2020/09/Screen-Shot-2020-09-09-at-14.27.39-1024x752.png HTTP/1.1" 200 374177 "-" "clark-crawler2/Nutch-1.19-SNAPSHOT"
34.201.138.0 - - [18/Nov/2021:12:43:44 +0000] "HEAD /feed HTTP/2.0" 200 0 "-" "Slackbot 1.0 (+https://api.slack.com/robots)"
3.239.119.233 - - [18/Nov/2021:12:43:44 +0000] "GET /feed HTTP/1.1" 200 55867 "-" "Slackbot 1.0 (+https://api.slack.com/robots)"
3.19.61.83 - - [18/Nov/2021:12:43:45 +0000] "GET /wp-content/uploads/2020/04/%E3%82%B3%E3%83%A1%E3%83%B3%E3%83%88-2020-04-28-113504-1024x504.jpg HTTP/1.1" 200 58585 "-" "clark-crawler2/Nutch-1.19-SNAPSHOT"
34.201.4.104 - - [18/Nov/2021:12:43:45 +0000] "GET / HTTP/1.1" 200 6320 "-" "Slackbot 1.0 (+https://api.slack.com/robots)"
216.245.221.83 - - [18/Nov/2021:12:45:04 +0000] "HEAD / HTTP/1.1" 301 0 "http://ja.tak-cslab.org/" "Mozilla/5.0+(compatible; UptimeRobot/2.0; http://www.uptimerobot.com/)"
216.245.221.83 - - [18/Nov/2021:12:45:04 +0000] "HEAD / HTTP/1.1" 200 0 "http://ja.tak-cslab.org/" "Mozilla/5.0+(compatible; UptimeRobot/2.0; http://www.uptimerobot.com/)"
34.206.38.217 - - [18/Nov/2021:12:45:48 +0000] "GET /feed HTTP/1.1" 200 55860 "-" "Automate.io BOT"
142.252.79.97 - - [18/Nov/2021:12:46:02 +0000] "GET /about/tools HTTP/1.1" 200 6102 "-" "AccompanyBot"
3.19.61.83 - - [18/Nov/2021:12:47:06 +0000] "GET /wp-content/uploads/2020/09/20200925_200925_1-768x1024.jpg HTTP/1.1" 200 122290 "-" "clark-crawler2/Nutch-1.19-SNAPSHOT"
3.19.61.83 - - [18/Nov/2021:12:48:54 +0000] "GET /wp-content/uploads/2021/04/CDSL-System-Architecture1-1.png HTTP/1.1" 200 89919 "-" "clark-crawler2/Nutch-1.19-SNAPSHOT"
3.19.61.83 - - [18/Nov/2021:12:49:01 +0000] "GET /wp-content/uploads/2021/01/Screen-Shot-2021-01-21-at-0.19.14-1024x455.png HTTP/1.1" 200 274778 "-" "clark-crawler2/Nutch-1.19-SNAPSHOT"
3.19.61.83 - - [18/Nov/2021:12:49:17 +0000] "GET /wp-content/uploads/2020/01/image-2-1024x709.png HTTP/1.1" 200 451610 "-" "clark-crawler2/Nutch-1.19-SNAPSHOT"
216.245.221.83 - - [18/Nov/2021:12:50:04 +0000] "HEAD / HTTP/1.1" 301 0 "http://ja.tak-cslab.org/" "Mozilla/5.0+(compatible; UptimeRobot/2.0; http://www.uptimerobot.com/)"
216.245.221.83 - - [18/Nov/2021:12:50:04 +0000] "HEAD / HTTP/1.1" 200 0 "http://ja.tak-cslab.org/" "Mozilla/5.0+(compatible; UptimeRobot/2.0; http://www.uptimerobot.com/)"
3.19.61.83 - - [18/Nov/2021:12:50:09 +0000] "GET /wp-content/uploads/2020/07/rudder-3700018_640.jpg HTTP/1.1" 200 62769 "-" "clark-crawler2/Nutch-1.19-SNAPSHOT"
34.206.38.217 - - [18/Nov/2021:12:50:48 +0000] "GET /feed HTTP/1.1" 200 55867 "-" "Automate.io BOT"
3.19.61.83 - - [18/Nov/2021:12:53:01 +0000] "GET /wp-content/uploads/2021/01/CDSL-System-Architecture.png HTTP/1.1" 200 71713 "-" "clark-crawler2/Nutch-1.19-SNAPSHOT"
3.19.61.83 - - [18/Nov/2021:12:53:16 +0000] "GET /wp-content/uploads/2021/02/IMG_1838-1024x768.jpg HTTP/1.1" 200 145835 "-" "clark-crawler2/Nutch-1.19-SNAPSHOT"
3.19.61.83 - - [18/Nov/2021:12:54:47 +0000] "GET /wp-content/uploads/2020/09/Screen-Shot-2020-09-09-at-16.15.27-1024x474.png HTTP/1.1" 200 267027 "-" "clark-crawler2/Nutch-1.19-SNAPSHOT"
3.19.61.83 - - [18/Nov/2021:12:54:53 +0000] "GET /wp-content/uploads/2021/01/image-1.png HTTP/1.1" 200 32976 "-" "clark-crawler2/Nutch-1.19-SNAPSHOT"
216.245.221.83 - - [18/Nov/2021:12:55:04 +0000] "HEAD / HTTP/1.1" 301 0 "http://ja.tak-cslab.org/" "Mozilla/5.0+(compatible; UptimeRobot/2.0; http://www.uptimerobot.com/)"
216.245.221.83 - - [18/Nov/2021:12:55:04 +0000] "HEAD / HTTP/1.1" 200 0 "http://ja.tak-cslab.org/" "Mozilla/5.0+(compatible; UptimeRobot/2.0; http://www.uptimerobot.com/)"
3.19.61.83 - - [18/Nov/2021:12:55:44 +0000] "GET /wp-content/uploads/2021/03/iOS-%E3%81%AE%E7%94%BB%E5%83%8F-2-1024x768.jpg HTTP/1.1" 200 113102 "-" "clark-crawler2/Nutch-1.19-SNAPSHOT"
34.206.38.217 - - [18/Nov/2021:12:55:48 +0000] "GET /feed HTTP/1.1" 200 55868 "-" "Automate.io BOT"
3.19.61.83 - - [18/Nov/2021:12:56:26 +0000] "GET /wp-content/uploads/2020/07/container-4203677_640.jpg HTTP/1.1" 200 79943 "-" "clark-crawler2/Nutch-1.19-SNAPSHOT"
3.19.61.83 - - [18/Nov/2021:12:57:10 +0000] "GET /wp-content/uploads/2021/05/takaya_210519_03-1024x913.png HTTP/1.1" 200 313289 "-" "clark-crawler2/Nutch-1.19-SNAPSHOT"
3.19.61.83 - - [18/Nov/2021:12:57:24 +0000] "GET /wp-content/uploads/2020/07/code-3078609_640.jpg HTTP/1.1" 200 52045 "-" "clark-crawler2/Nutch-1.19-SNAPSHOT"
3.19.61.83 - - [18/Nov/2021:12:59:05 +0000] "GET /wp-content/uploads/2020/09/Screen-Shot-2020-09-09-at-16.13.38-1024x793.png HTTP/1.1" 200 241529 "-" "clark-crawler2/Nutch-1.19-SNAPSHOT"
216.245.221.83 - - [18/Nov/2021:13:00:04 +0000] "HEAD / HTTP/1.1" 301 0 "http://ja.tak-cslab.org/" "Mozilla/5.0+(compatible; UptimeRobot/2.0; http://www.uptimerobot.com/)"
216.245.221.83 - - [18/Nov/2021:13:00:04 +0000] "HEAD / HTTP/1.1" 200 0 "http://ja.tak-cslab.org/" "Mozilla/5.0+(compatible; UptimeRobot/2.0; http://www.uptimerobot.com/)"
207.46.13.172 - - [18/Nov/2021:13:00:15 +0000] "GET /wp-content/uploads/2021/03/iOS-%E3%81%AE%E7%94%BB%E5%83%8F-1-1040x780.jpg HTTP/2.0" 200 168083 "-" "Mozilla/5.0 (compatible; bingbot/2.0; +http://www.bing.com/bingbot.htm)"
3.19.61.83 - - [18/Nov/2021:13:00:15 +0000] "GET /wp-content/uploads/2020/01/image-5-1024x521.png HTTP/1.1" 200 60148 "-" "clark-crawler2/Nutch-1.19-SNAPSHOT"
163.215.6.1 - - [18/Nov/2021:13:00:49 +0000] "POST /wp-cron.php?doing_wp_cron=1637240448.9869570732116699218750 HTTP/1.1" 200 31 "https://ja.tak-cslab.org/wp-cron.php?doing_wp_cron=1637240448.9869570732116699218750" "WordPress/5.8.2; https://ja.tak-cslab.org"
34.206.38.217 - - [18/Nov/2021:13:00:49 +0000] "GET /feed HTTP/1.1" 200 55853 "-" "Automate.io BOT"
3.19.61.83 - - [18/Nov/2021:13:00:58 +0000] "GET /wp-content/uploads/2020/01/IMG_1109-1024x768.jpg HTTP/1.1" 200 104727 "-" "clark-crawler2/Nutch-1.19-SNAPSHOT"
3.19.61.83 - - [18/Nov/2021:13:02:31 +0000] "GET /wp-content/uploads/2021/01/Screen-Shot-2021-01-21-at-0.18.03.png HTTP/1.1" 200 16881 "-" "clark-crawler2/Nutch-1.19-SNAPSHOT"
3.237.10.5 - - [18/Nov/2021:13:03:41 +0000] "HEAD /feed HTTP/2.0" 200 0 "-" "Slackbot 1.0 (+https://api.slack.com/robots)"
3.95.222.165 - - [18/Nov/2021:13:03:42 +0000] "GET /feed HTTP/1.1" 200 55868 "-" "Slackbot 1.0 (+https://api.slack.com/robots)"
18.206.172.9 - - [18/Nov/2021:13:03:43 +0000] "GET / HTTP/1.1" 200 6320 "-" "Slackbot 1.0 (+https://api.slack.com/robots)"
3.19.61.83 - - [18/Nov/2021:13:03:55 +0000] "GET /wp-content/uploads/2020/12/Kubernetes-logo-1.png HTTP/1.1" 200 49082 "-" "clark-crawler2/Nutch-1.19-SNAPSHOT"
216.245.221.83 - - [18/Nov/2021:13:05:04 +0000] "HEAD / HTTP/1.1" 301 0 "http://ja.tak-cslab.org/" "Mozilla/5.0+(compatible; UptimeRobot/2.0; http://www.uptimerobot.com/)"
216.245.221.83 - - [18/Nov/2021:13:05:04 +0000] "HEAD / HTTP/1.1" 200 0 "http://ja.tak-cslab.org/" "Mozilla/5.0+(compatible; UptimeRobot/2.0; http://www.uptimerobot.com/)"
3.19.61.83 - - [18/Nov/2021:13:05:42 +0000] "GET /wp-content/uploads/2021/03/iOS-%E3%81%AE%E7%94%BB%E5%83%8F-1024x768.jpg HTTP/1.1" 200 112524 "-" "clark-crawler2/Nutch-1.19-SNAPSHOT"
34.206.38.217 - - [18/Nov/2021:13:05:48 +0000] "GET /feed HTTP/1.1" 200 55868 "-" "Automate.io BOT"
3.19.61.83 - - [18/Nov/2021:13:06:08 +0000] "GET /wp-content/uploads/2021/01/Screen-Shot-2021-01-21-at-0.21.56.png HTTP/1.1" 200 40043 "-" "clark-crawler2/Nutch-1.19-SNAPSHOT"
196.196.203.108 - - [18/Nov/2021:13:07:09 +0000] "GET /archives/460/ HTTP/1.0" 301 162 "http://ja.tak-cslab.org/archives/460/" "Mozilla/5.0 (Windows NT 6.3; Win64; x64) AppleWebKit/537.36 (KHTML, like Gecko) Chrome/90.0.4430.93 Safari/537.36"
196.196.203.108 - - [18/Nov/2021:13:07:10 +0000] "GET /archives/460/ HTTP/1.0" 301 0 "https://ja.tak-cslab.org/archives/460/" "Mozilla/5.0 (Windows NT 6.3; Win64; x64) AppleWebKit/537.36 (KHTML, like Gecko) Chrome/90.0.4430.93 Safari/537.36"
196.196.203.108 - - [18/Nov/2021:13:07:12 +0000] "GET /archives/460 HTTP/1.0" 200 27841 "https://ja.tak-cslab.org/archives/460" "Mozilla/5.0 (Windows NT 6.3; Win64; x64) AppleWebKit/537.36 (KHTML, like Gecko) Chrome/90.0.4430.93 Safari/537.36"
219.201.26.129 - - [18/Nov/2021:13:07:39 +0000] "GET /wp-content/uploads/2021/02/%E3%83%92%E3%83%89%E3%83%A9%EF%BC%91.png HTTP/2.0" 200 27267 "https://www.google.com/" "Mozilla/5.0 (Windows NT 10.0; Win64; x64) AppleWebKit/537.36 (KHTML, like Gecko) Chrome/96.0.4664.45 Safari/537.36"
3.19.61.83 - - [18/Nov/2021:13:07:48 +0000] "GET /wp-content/uploads/2020/09/Screen-Shot-2020-09-09-at-14.39.13-1024x912.png HTTP/1.1" 200 219212 "-" "clark-crawler2/Nutch-1.19-SNAPSHOT"
207.46.13.172 - - [18/Nov/2021:13:09:25 +0000] "GET /wp-content/uploads/2020/10/IMG_4250-1-1.jpg HTTP/2.0" 200 182506 "-" "Mozilla/5.0 (compatible; bingbot/2.0; +http://www.bing.com/bingbot.htm)"
216.245.221.83 - - [18/Nov/2021:13:10:04 +0000] "HEAD / HTTP/1.1" 301 0 "http://ja.tak-cslab.org/" "Mozilla/5.0+(compatible; UptimeRobot/2.0; http://www.uptimerobot.com/)"
216.245.221.83 - - [18/Nov/2021:13:10:04 +0000] "HEAD / HTTP/1.1" 200 0 "http://ja.tak-cslab.org/" "Mozilla/5.0+(compatible; UptimeRobot/2.0; http://www.uptimerobot.com/)"
163.215.6.1 - - [18/Nov/2021:13:10:52 +0000] "POST /wp-cron.php?doing_wp_cron=1637241052.7029080390930175781250 HTTP/1.1" 200 31 "https://ja.tak-cslab.org/wp-cron.php?doing_wp_cron=1637241052.7029080390930175781250" "WordPress/5.8.2; https://ja.tak-cslab.org"
34.206.38.217 - - [18/Nov/2021:13:10:52 +0000] "GET /feed HTTP/1.1" 200 55868 "-" "Automate.io BOT"
152.165.86.145 - - [18/Nov/2021:13:12:42 +0000] "GET / HTTP/2.0" 200 6293 "-" "Mozilla/5.0 (Windows NT 10.0; Win64; x64) AppleWebKit/537.36 (KHTML, like Gecko) Chrome/96.0.4664.45 Safari/537.36"
152.165.86.145 - - [18/Nov/2021:13:12:42 +0000] "GET /wp-includes/js/wp-embed.min.js?ver=5.8.2 HTTP/2.0" 304 0 "https://ja.tak-cslab.org/" "Mozilla/5.0 (Windows NT 10.0; Win64; x64) AppleWebKit/537.36 (KHTML, like Gecko) Chrome/96.0.4664.45 Safari/537.36"
152.165.86.145 - - [18/Nov/2021:13:12:42 +0000] "GET /wp-includes/css/dist/block-library/style.min.css?ver=5.8.2 HTTP/2.0" 304 0 "https://ja.tak-cslab.org/" "Mozilla/5.0 (Windows NT 10.0; Win64; x64) AppleWebKit/537.36 (KHTML, like Gecko) Chrome/96.0.4664.45 Safari/537.36"
152.165.86.145 - - [18/Nov/2021:13:12:42 +0000] "GET /wp-includes/js/wp-emoji-release.min.js?ver=5.8.2 HTTP/2.0" 304 0 "https://ja.tak-cslab.org/" "Mozilla/5.0 (Windows NT 10.0; Win64; x64) AppleWebKit/537.36 (KHTML, like Gecko) Chrome/96.0.4664.45 Safari/537.36"
152.165.86.145 - - [18/Nov/2021:13:12:42 +0000] "GET /wp-content/plugins/native-lazyload/assets/images/placeholder.svg HTTP/2.0" 200 88 "https://ja.tak-cslab.org/" "Mozilla/5.0 (Windows NT 10.0; Win64; x64) AppleWebKit/537.36 (KHTML, like Gecko) Chrome/96.0.4664.45 Safari/537.36"
152.165.86.145 - - [18/Nov/2021:13:12:43 +0000] "GET /wp-content/uploads/2020/01/desk-e1585573956500.png HTTP/2.0" 200 367831 "https://ja.tak-cslab.org/" "Mozilla/5.0 (Windows NT 10.0; Win64; x64) AppleWebKit/537.36 (KHTML, like Gecko) Chrome/96.0.4664.45 Safari/537.36"
152.165.86.145 - - [18/Nov/2021:13:12:43 +0000] "GET /wp-content/uploads/2020/01/server-e1585573899521.png HTTP/2.0" 200 426115 "https://ja.tak-cslab.org/" "Mozilla/5.0 (Windows NT 10.0; Win64; x64) AppleWebKit/537.36 (KHTML, like Gecko) Chrome/96.0.4664.45 Safari/537.36"
152.165.86.145 - - [18/Nov/2021:13:12:43 +0000] "GET /wp-content/uploads/2020/01/iot2-e1585573992906.png HTTP/2.0" 200 439802 "https://ja.tak-cslab.org/" "Mozilla/5.0 (Windows NT 10.0; Win64; x64) AppleWebKit/537.36 (KHTML, like Gecko) Chrome/96.0.4664.45 Safari/537.36"
152.165.86.145 - - [18/Nov/2021:13:12:43 +0000] "GET /wp-content/uploads/2020/01/books-e1585573975658.png HTTP/2.0" 200 549531 "https://ja.tak-cslab.org/" "Mozilla/5.0 (Windows NT 10.0; Win64; x64) AppleWebKit/537.36 (KHTML, like Gecko) Chrome/96.0.4664.45 Safari/537.36"
152.165.86.145 - - [18/Nov/2021:13:12:44 +0000] "GET /?page_id=117 HTTP/2.0" 301 0 "-" "Mozilla/5.0 (Windows NT 10.0; Win64; x64) AppleWebKit/537.36 (KHTML, like Gecko) Chrome/96.0.4664.45 Safari/537.36"
152.165.86.145 - - [18/Nov/2021:13:12:44 +0000] "GET /tech-report HTTP/2.0" 200 12282 "-" "Mozilla/5.0 (Windows NT 10.0; Win64; x64) AppleWebKit/537.36 (KHTML, like Gecko) Chrome/96.0.4664.45 Safari/537.36"
216.245.221.83 - - [18/Nov/2021:13:15:04 +0000] "HEAD / HTTP/1.1" 301 0 "http://ja.tak-cslab.org/" "Mozilla/5.0+(compatible; UptimeRobot/2.0; http://www.uptimerobot.com/)"
