40.77.167.44 - - [29/Nov/2021:06:06:14 +0000] "GET /wp-content/uploads/2021/02/IMG_4497-1.jpeg HTTP/2.0" 200 76844 "-" "Mozilla/5.0 (compatible; bingbot/2.0; +http://www.bing.com/bingbot.htm)"
51.222.253.5 - - [29/Nov/2021:06:06:15 +0000] "GET /archives/650 HTTP/2.0" 200 6653 "-" "Mozilla/5.0 (compatible; AhrefsBot/7.0; +http://ahrefs.com/robot/)"
216.245.221.83 - - [29/Nov/2021:06:07:27 +0000] "HEAD / HTTP/1.1" 301 0 "http://ja.tak-cslab.org/" "Mozilla/5.0+(compatible; UptimeRobot/2.0; http://www.uptimerobot.com/)"
216.245.221.83 - - [29/Nov/2021:06:07:27 +0000] "HEAD / HTTP/1.1" 200 0 "http://ja.tak-cslab.org/" "Mozilla/5.0+(compatible; UptimeRobot/2.0; http://www.uptimerobot.com/)"
34.206.38.217 - - [29/Nov/2021:06:07:53 +0000] "GET /feed HTTP/1.1" 200 55868 "-" "Automate.io BOT"
51.222.253.5 - - [29/Nov/2021:06:10:15 +0000] "GET /archives/1446 HTTP/2.0" 200 7044 "-" "Mozilla/5.0 (compatible; AhrefsBot/7.0; +http://ahrefs.com/robot/)"
216.245.221.83 - - [29/Nov/2021:06:12:27 +0000] "HEAD / HTTP/1.1" 301 0 "http://ja.tak-cslab.org/" "Mozilla/5.0+(compatible; UptimeRobot/2.0; http://www.uptimerobot.com/)"
216.245.221.83 - - [29/Nov/2021:06:12:27 +0000] "HEAD / HTTP/1.1" 200 0 "http://ja.tak-cslab.org/" "Mozilla/5.0+(compatible; UptimeRobot/2.0; http://www.uptimerobot.com/)"
34.206.38.217 - - [29/Nov/2021:06:12:53 +0000] "GET /feed HTTP/1.1" 200 55868 "-" "Automate.io BOT"
51.222.253.13 - - [29/Nov/2021:06:13:41 +0000] "GET /archives/1174 HTTP/2.0" 200 7335 "-" "Mozilla/5.0 (compatible; AhrefsBot/7.0; +http://ahrefs.com/robot/)"
54.204.227.67 - - [29/Nov/2021:06:13:44 +0000] "HEAD /feed HTTP/2.0" 200 0 "-" "Slackbot 1.0 (+https://api.slack.com/robots)"
44.192.32.205 - - [29/Nov/2021:06:13:44 +0000] "GET /feed HTTP/1.1" 200 55854 "-" "Slackbot 1.0 (+https://api.slack.com/robots)"
18.212.178.141 - - [29/Nov/2021:06:13:46 +0000] "GET / HTTP/1.1" 200 6306 "-" "Slackbot 1.0 (+https://api.slack.com/robots)"
51.222.253.14 - - [29/Nov/2021:06:16:22 +0000] "GET /archives/312 HTTP/2.0" 200 7632 "-" "Mozilla/5.0 (compatible; AhrefsBot/7.0; +http://ahrefs.com/robot/)"
216.245.221.83 - - [29/Nov/2021:06:17:27 +0000] "HEAD / HTTP/1.1" 301 0 "http://ja.tak-cslab.org/" "Mozilla/5.0+(compatible; UptimeRobot/2.0; http://www.uptimerobot.com/)"
216.245.221.83 - - [29/Nov/2021:06:17:27 +0000] "HEAD / HTTP/1.1" 200 0 "http://ja.tak-cslab.org/" "Mozilla/5.0+(compatible; UptimeRobot/2.0; http://www.uptimerobot.com/)"
163.215.6.1 - - [29/Nov/2021:06:17:53 +0000] "POST /wp-cron.php?doing_wp_cron=1638166673.6489310264587402343750 HTTP/1.1" 200 31 "https://ja.tak-cslab.org/wp-cron.php?doing_wp_cron=1638166673.6489310264587402343750" "WordPress/5.8.2; https://ja.tak-cslab.org"
34.206.38.217 - - [29/Nov/2021:06:17:53 +0000] "GET /feed HTTP/1.1" 200 55860 "-" "Automate.io BOT"
51.222.253.16 - - [29/Nov/2021:06:18:46 +0000] "GET /archives/1170 HTTP/2.0" 200 6937 "-" "Mozilla/5.0 (compatible; AhrefsBot/7.0; +http://ahrefs.com/robot/)"
51.222.253.8 - - [29/Nov/2021:06:20:45 +0000] "GET /archives/1549 HTTP/2.0" 200 6690 "-" "Mozilla/5.0 (compatible; AhrefsBot/7.0; +http://ahrefs.com/robot/)"
216.245.221.83 - - [29/Nov/2021:06:22:27 +0000] "HEAD / HTTP/1.1" 301 0 "http://ja.tak-cslab.org/" "Mozilla/5.0+(compatible; UptimeRobot/2.0; http://www.uptimerobot.com/)"
216.245.221.83 - - [29/Nov/2021:06:22:27 +0000] "HEAD / HTTP/1.1" 200 0 "http://ja.tak-cslab.org/" "Mozilla/5.0+(compatible; UptimeRobot/2.0; http://www.uptimerobot.com/)"
51.222.253.1 - - [29/Nov/2021:06:22:51 +0000] "GET /archives/646 HTTP/2.0" 200 9356 "-" "Mozilla/5.0 (compatible; AhrefsBot/7.0; +http://ahrefs.com/robot/)"
34.206.38.217 - - [29/Nov/2021:06:22:54 +0000] "GET /feed HTTP/1.1" 200 55868 "-" "Automate.io BOT"
51.222.253.15 - - [29/Nov/2021:06:25:10 +0000] "GET /archives/338 HTTP/2.0" 200 6456 "-" "Mozilla/5.0 (compatible; AhrefsBot/7.0; +http://ahrefs.com/robot/)"
51.222.253.12 - - [29/Nov/2021:06:26:59 +0000] "GET /archives/1544 HTTP/2.0" 200 6458 "-" "Mozilla/5.0 (compatible; AhrefsBot/7.0; +http://ahrefs.com/robot/)"
216.245.221.83 - - [29/Nov/2021:06:27:27 +0000] "HEAD / HTTP/1.1" 301 0 "http://ja.tak-cslab.org/" "Mozilla/5.0+(compatible; UptimeRobot/2.0; http://www.uptimerobot.com/)"
216.245.221.83 - - [29/Nov/2021:06:27:27 +0000] "HEAD / HTTP/1.1" 200 0 "http://ja.tak-cslab.org/" "Mozilla/5.0+(compatible; UptimeRobot/2.0; http://www.uptimerobot.com/)"
34.206.38.217 - - [29/Nov/2021:06:27:54 +0000] "GET /feed HTTP/1.1" 200 55854 "-" "Automate.io BOT"
51.222.253.6 - - [29/Nov/2021:06:28:42 +0000] "GET /about/it-facility HTTP/2.0" 200 9004 "-" "Mozilla/5.0 (compatible; AhrefsBot/7.0; +http://ahrefs.com/robot/)"
168.119.68.240 - - [29/Nov/2021:06:28:43 +0000] "GET /wp-content/themes/cdsl/style.css?ver=1.3.1 HTTP/2.0" 200 272 "https://ja.tak-cslab.org/about/it-facility" "Mozilla/5.0 (compatible; AhrefsBot/7.0; +http://ahrefs.com/robot/)"
168.119.68.240 - - [29/Nov/2021:06:28:43 +0000] "GET /wp-content/themes/scaffold/assets/js/navigation.js?ver=1.3.1 HTTP/2.0" 200 1266 "https://ja.tak-cslab.org/about/it-facility" "Mozilla/5.0 (compatible; AhrefsBot/7.0; +http://ahrefs.com/robot/)"
168.119.68.240 - - [29/Nov/2021:06:28:43 +0000] "GET /wp-includes/js/wp-embed.min.js?ver=5.8.2 HTTP/2.0" 200 779 "https://ja.tak-cslab.org/about/it-facility" "Mozilla/5.0 (compatible; AhrefsBot/7.0; +http://ahrefs.com/robot/)"
168.119.68.240 - - [29/Nov/2021:06:28:43 +0000] "GET /wp-content/themes/scaffold/style.css?ver=5.8.2 HTTP/2.0" 200 5846 "https://ja.tak-cslab.org/about/it-facility" "Mozilla/5.0 (compatible; AhrefsBot/7.0; +http://ahrefs.com/robot/)"
168.119.68.240 - - [29/Nov/2021:06:28:44 +0000] "GET /wp-includes/js/wp-emoji-release.min.js?ver=5.8.2 HTTP/2.0" 200 5714 "https://ja.tak-cslab.org/about/it-facility" "Mozilla/5.0 (compatible; AhrefsBot/7.0; +http://ahrefs.com/robot/)"
168.119.68.240 - - [29/Nov/2021:06:28:44 +0000] "GET /wp-includes/css/dist/block-library/style.min.css?ver=5.8.2 HTTP/2.0" 200 13704 "https://ja.tak-cslab.org/about/it-facility" "Mozilla/5.0 (compatible; AhrefsBot/7.0; +http://ahrefs.com/robot/)"
51.222.253.10 - - [29/Nov/2021:06:30:31 +0000] "GET /archives/1647 HTTP/2.0" 200 6380 "-" "Mozilla/5.0 (compatible; AhrefsBot/7.0; +http://ahrefs.com/robot/)"
51.222.253.7 - - [29/Nov/2021:06:32:03 +0000] "GET /publish-assets HTTP/2.0" 200 10464 "-" "Mozilla/5.0 (compatible; AhrefsBot/7.0; +http://ahrefs.com/robot/)"
216.245.221.83 - - [29/Nov/2021:06:32:27 +0000] "HEAD / HTTP/1.1" 301 0 "http://ja.tak-cslab.org/" "Mozilla/5.0+(compatible; UptimeRobot/2.0; http://www.uptimerobot.com/)"
216.245.221.83 - - [29/Nov/2021:06:32:27 +0000] "HEAD / HTTP/1.1" 200 0 "http://ja.tak-cslab.org/" "Mozilla/5.0+(compatible; UptimeRobot/2.0; http://www.uptimerobot.com/)"
34.206.38.217 - - [29/Nov/2021:06:32:54 +0000] "GET /feed HTTP/1.1" 200 55868 "-" "Automate.io BOT"
51.222.253.15 - - [29/Nov/2021:06:33:11 +0000] "GET /join-us HTTP/2.0" 200 5585 "-" "Mozilla/5.0 (compatible; AhrefsBot/7.0; +http://ahrefs.com/robot/)"
52.23.214.88 - - [29/Nov/2021:06:33:44 +0000] "HEAD /feed HTTP/2.0" 200 0 "-" "Slackbot 1.0 (+https://api.slack.com/robots)"
3.86.102.217 - - [29/Nov/2021:06:33:45 +0000] "GET /feed HTTP/1.1" 200 55861 "-" "Slackbot 1.0 (+https://api.slack.com/robots)"
18.212.178.141 - - [29/Nov/2021:06:33:46 +0000] "GET / HTTP/1.1" 200 6306 "-" "Slackbot 1.0 (+https://api.slack.com/robots)"
51.222.253.12 - - [29/Nov/2021:06:33:58 +0000] "GET /tech-report HTTP/2.0" 200 12209 "-" "Mozilla/5.0 (compatible; AhrefsBot/7.0; +http://ahrefs.com/robot/)"
216.245.221.83 - - [29/Nov/2021:06:37:27 +0000] "HEAD / HTTP/1.1" 301 0 "http://ja.tak-cslab.org/" "Mozilla/5.0+(compatible; UptimeRobot/2.0; http://www.uptimerobot.com/)"
163.215.6.1 - - [29/Nov/2021:06:37:27 +0000] "POST /wp-cron.php?doing_wp_cron=1638167847.6746940612792968750000 HTTP/1.1" 200 31 "https://ja.tak-cslab.org/wp-cron.php?doing_wp_cron=1638167847.6746940612792968750000" "WordPress/5.8.2; https://ja.tak-cslab.org"
216.245.221.83 - - [29/Nov/2021:06:37:27 +0000] "HEAD / HTTP/1.1" 200 0 "http://ja.tak-cslab.org/" "Mozilla/5.0+(compatible; UptimeRobot/2.0; http://www.uptimerobot.com/)"
163.215.6.1 - - [29/Nov/2021:06:37:29 +0000] "GET / HTTP/1.1" 200 6312 "https://ja.tak-cslab.org/" "WordPress/5.8.2; https://ja.tak-cslab.org"
163.215.6.1 - - [29/Nov/2021:06:37:46 +0000] "GET / HTTP/2.0" 200 8380 "-" "Mozilla/5.0 (Macintosh; Intel Mac OS X 10.15; rv:94.0) Gecko/20100101 Firefox/94.0"
163.215.6.1 - - [29/Nov/2021:06:37:46 +0000] "GET /wp-includes/css/dashicons.min.css?ver=5.8.2 HTTP/2.0" 200 0 "https://ja.tak-cslab.org/" "Mozilla/5.0 (Macintosh; Intel Mac OS X 10.15; rv:94.0) Gecko/20100101 Firefox/94.0"
163.215.6.1 - - [29/Nov/2021:06:37:46 +0000] "GET /wp-includes/css/admin-bar.min.css?ver=5.8.2 HTTP/2.0" 200 0 "https://ja.tak-cslab.org/" "Mozilla/5.0 (Macintosh; Intel Mac OS X 10.15; rv:94.0) Gecko/20100101 Firefox/94.0"
163.215.6.1 - - [29/Nov/2021:06:37:46 +0000] "GET /wp-includes/css/dist/block-library/style.min.css?ver=5.8.2 HTTP/2.0" 200 0 "https://ja.tak-cslab.org/" "Mozilla/5.0 (Macintosh; Intel Mac OS X 10.15; rv:94.0) Gecko/20100101 Firefox/94.0"
163.215.6.1 - - [29/Nov/2021:06:37:46 +0000] "GET /wp-content/plugins/wp-statistics/assets/css/frontend.min.css?ver=13.1.2 HTTP/2.0" 200 0 "https://ja.tak-cslab.org/" "Mozilla/5.0 (Macintosh; Intel Mac OS X 10.15; rv:94.0) Gecko/20100101 Firefox/94.0"
163.215.6.1 - - [29/Nov/2021:06:37:46 +0000] "GET /wp-content/themes/scaffold/style.css?ver=5.8.2 HTTP/2.0" 200 0 "https://ja.tak-cslab.org/" "Mozilla/5.0 (Macintosh; Intel Mac OS X 10.15; rv:94.0) Gecko/20100101 Firefox/94.0"
163.215.6.1 - - [29/Nov/2021:06:37:46 +0000] "GET /wp-content/themes/cdsl/style.css?ver=1.3.1 HTTP/2.0" 200 0 "https://ja.tak-cslab.org/" "Mozilla/5.0 (Macintosh; Intel Mac OS X 10.15; rv:94.0) Gecko/20100101 Firefox/94.0"
35.245.188.175 - - [29/Nov/2021:06:37:47 +0000] "GET / HTTP/1.1" 301 162 "-" "Mozilla/5.0 (Windows NT 6.1; WOW64; Trident/7.0; rv:11.0) like Gecko"
35.245.188.175 - - [29/Nov/2021:06:37:47 +0000] "GET / HTTP/1.1" 200 22040 "-" "Mozilla/5.0 (Windows NT 6.1; WOW64; Trident/7.0; rv:11.0) like Gecko"
163.215.6.1 - - [29/Nov/2021:06:37:48 +0000] "GET /tech-report HTTP/2.0" 200 14439 "https://ja.tak-cslab.org/" "Mozilla/5.0 (Macintosh; Intel Mac OS X 10.15; rv:94.0) Gecko/20100101 Firefox/94.0"
163.215.6.1 - - [29/Nov/2021:06:37:48 +0000] "GET /wp-content/themes/scaffold/assets/js/navigation.js?ver=1.3.1 HTTP/2.0" 304 0 "-" "Mozilla/5.0 (Macintosh; Intel Mac OS X 10.15; rv:94.0) Gecko/20100101 Firefox/94.0"
35.245.188.175 - - [29/Nov/2021:06:37:48 +0000] "GET / HTTP/1.1" 301 162 "-" "Mozilla/5.0 (Windows NT 6.1; WOW64; Trident/7.0; rv:11.0) like Gecko"
35.245.188.175 - - [29/Nov/2021:06:37:49 +0000] "GET / HTTP/1.1" 200 22046 "-" "Mozilla/5.0 (Windows NT 6.1; WOW64; Trident/7.0; rv:11.0) like Gecko"
163.215.6.1 - - [29/Nov/2021:06:37:50 +0000] "GET /archives/1647 HTTP/2.0" 200 8836 "https://ja.tak-cslab.org/" "Mozilla/5.0 (Macintosh; Intel Mac OS X 10.15; rv:94.0) Gecko/20100101 Firefox/94.0"
163.215.6.1 - - [29/Nov/2021:06:37:50 +0000] "GET /wp-includes/js/comment-reply.min.js?ver=5.8.2 HTTP/2.0" 304 0 "https://ja.tak-cslab.org/archives/1647" "Mozilla/5.0 (Macintosh; Intel Mac OS X 10.15; rv:94.0) Gecko/20100101 Firefox/94.0"
163.215.6.1 - - [29/Nov/2021:06:37:50 +0000] "GET /wp-includes/js/comment-reply.min.js?ver=5.8.2 HTTP/2.0" 200 1390 "-" "Mozilla/5.0 (Macintosh; Intel Mac OS X 10.15; rv:94.0) Gecko/20100101 Firefox/94.0"
163.215.6.1 - - [29/Nov/2021:06:37:53 +0000] "GET /wp-admin/ HTTP/2.0" 200 26168 "https://ja.tak-cslab.org/archives/1647" "Mozilla/5.0 (Macintosh; Intel Mac OS X 10.15; rv:94.0) Gecko/20100101 Firefox/94.0"
163.215.6.1 - - [29/Nov/2021:06:37:53 +0000] "GET /wp-admin/js/site-health.min.js?ver=5.8.2 HTTP/2.0" 200 2278 "https://ja.tak-cslab.org/wp-admin/" "Mozilla/5.0 (Macintosh; Intel Mac OS X 10.15; rv:94.0) Gecko/20100101 Firefox/94.0"
163.215.6.1 - - [29/Nov/2021:06:37:53 +0000] "GET /wp-includes/js/wp-ajax-response.min.js?ver=5.8.2 HTTP/2.0" 200 1010 "https://ja.tak-cslab.org/wp-admin/" "Mozilla/5.0 (Macintosh; Intel Mac OS X 10.15; rv:94.0) Gecko/20100101 Firefox/94.0"
163.215.6.1 - - [29/Nov/2021:06:37:53 +0000] "GET /wp-includes/js/jquery/jquery.color.min.js?ver=2.1.2 HTTP/2.0" 200 4218 "https://ja.tak-cslab.org/wp-admin/" "Mozilla/5.0 (Macintosh; Intel Mac OS X 10.15; rv:94.0) Gecko/20100101 Firefox/94.0"
163.215.6.1 - - [29/Nov/2021:06:37:53 +0000] "GET /wp-includes/js/wp-lists.min.js?ver=5.8.2 HTTP/2.0" 200 2768 "https://ja.tak-cslab.org/wp-admin/" "Mozilla/5.0 (Macintosh; Intel Mac OS X 10.15; rv:94.0) Gecko/20100101 Firefox/94.0"
163.215.6.1 - - [29/Nov/2021:06:37:53 +0000] "GET /wp-includes/js/jquery/jquery.query.js?ver=2.1.7 HTTP/2.0" 200 1751 "https://ja.tak-cslab.org/wp-admin/" "Mozilla/5.0 (Macintosh; Intel Mac OS X 10.15; rv:94.0) Gecko/20100101 Firefox/94.0"
163.215.6.1 - - [29/Nov/2021:06:37:53 +0000] "GET /wp-admin/js/plugin-install.min.js?ver=5.8.2 HTTP/2.0" 200 1072 "https://ja.tak-cslab.org/wp-admin/" "Mozilla/5.0 (Macintosh; Intel Mac OS X 10.15; rv:94.0) Gecko/20100101 Firefox/94.0"
163.215.6.1 - - [29/Nov/2021:06:37:53 +0000] "GET /wp-admin/js/dashboard.min.js?ver=5.8.2 HTTP/2.0" 200 3313 "https://ja.tak-cslab.org/wp-admin/" "Mozilla/5.0 (Macintosh; Intel Mac OS X 10.15; rv:94.0) Gecko/20100101 Firefox/94.0"
163.215.6.1 - - [29/Nov/2021:06:37:53 +0000] "GET /wp-admin/js/edit-comments.min.js?ver=5.8.2 HTTP/2.0" 200 5780 "https://ja.tak-cslab.org/wp-admin/" "Mozilla/5.0 (Macintosh; Intel Mac OS X 10.15; rv:94.0) Gecko/20100101 Firefox/94.0"
163.215.6.1 - - [29/Nov/2021:06:37:53 +0000] "GET /wp-includes/js/wp-sanitize.min.js?ver=5.8.2 HTTP/2.0" 200 284 "https://ja.tak-cslab.org/wp-admin/" "Mozilla/5.0 (Macintosh; Intel Mac OS X 10.15; rv:94.0) Gecko/20100101 Firefox/94.0"
163.215.6.1 - - [29/Nov/2021:06:37:53 +0000] "GET /wp-includes/js/jquery/ui/datepicker.min.js?ver=1.12.1 HTTP/2.0" 200 12584 "https://ja.tak-cslab.org/wp-admin/" "Mozilla/5.0 (Macintosh; Intel Mac OS X 10.15; rv:94.0) Gecko/20100101 Firefox/94.0"
163.215.6.1 - - [29/Nov/2021:06:37:53 +0000] "GET /wp-admin/js/updates.min.js?ver=5.8.2 HTTP/2.0" 200 11090 "https://ja.tak-cslab.org/wp-admin/" "Mozilla/5.0 (Macintosh; Intel Mac OS X 10.15; rv:94.0) Gecko/20100101 Firefox/94.0"
163.215.6.1 - - [29/Nov/2021:06:37:53 +0000] "GET /wp-content/plugins/sendgrid-email-delivery-simplified/view/images/loader.gif HTTP/2.0" 200 0 "https://ja.tak-cslab.org/wp-admin/" "Mozilla/5.0 (Macintosh; Intel Mac OS X 10.15; rv:94.0) Gecko/20100101 Firefox/94.0"
163.215.6.1 - - [29/Nov/2021:06:37:53 +0000] "GET /wp-content/plugins/wp-statistics/assets/js/jqvmap/jquery.vmap.min.js?ver=1.5.1 HTTP/2.0" 200 7214 "-" "Mozilla/5.0 (Macintosh; Intel Mac OS X 10.15; rv:94.0) Gecko/20100101 Firefox/94.0"
163.215.6.1 - - [29/Nov/2021:06:37:53 +0000] "GET /wp-content/plugins/sendgrid-email-delivery-simplified/view/js/jquery.flot.time.js?ver=5.8.2 HTTP/2.0" 200 4190 "-" "Mozilla/5.0 (Macintosh; Intel Mac OS X 10.15; rv:94.0) Gecko/20100101 Firefox/94.0"
163.215.6.1 - - [29/Nov/2021:06:37:53 +0000] "GET /wp-admin/js/site-health.min.js?ver=5.8.2 HTTP/2.0" 200 2278 "-" "Mozilla/5.0 (Macintosh; Intel Mac OS X 10.15; rv:94.0) Gecko/20100101 Firefox/94.0"
163.215.6.1 - - [29/Nov/2021:06:37:53 +0000] "GET /wp-content/plugins/sendgrid-email-delivery-simplified/view/js/sendgrid.stats-v1.7.3.js?ver=5.8.2 HTTP/2.0" 200 4514 "-" "Mozilla/5.0 (Macintosh; Intel Mac OS X 10.15; rv:94.0) Gecko/20100101 Firefox/94.0"
163.215.6.1 - - [29/Nov/2021:06:37:53 +0000] "GET /wp-content/plugins/sendgrid-email-delivery-simplified/view/js/jquery.flot.togglelegend.js?ver=5.8.2 HTTP/2.0" 200 2043 "-" "Mozilla/5.0 (Macintosh; Intel Mac OS X 10.15; rv:94.0) Gecko/20100101 Firefox/94.0"
163.215.6.1 - - [29/Nov/2021:06:37:53 +0000] "GET /wp-content/plugins/sendgrid-email-delivery-simplified/view/js/jquery.flot.symbol.js?ver=5.8.2 HTTP/2.0" 200 824 "-" "Mozilla/5.0 (Macintosh; Intel Mac OS X 10.15; rv:94.0) Gecko/20100101 Firefox/94.0"
163.215.6.1 - - [29/Nov/2021:06:37:53 +0000] "GET /wp-admin/load-scripts.php?c=0&load%5Bchunk_0%5D=jquery-core,jquery-migrate,utils&ver=5.8.2 HTTP/2.0" 200 0 "-" "Mozilla/5.0 (Macintosh; Intel Mac OS X 10.15; rv:94.0) Gecko/20100101 Firefox/94.0"
163.215.6.1 - - [29/Nov/2021:06:37:53 +0000] "GET /wp-content/plugins/wp-statistics/assets/js/jqvmap/jquery.vmap.world.min.js?ver=1.5.1 HTTP/2.0" 200 26398 "-" "Mozilla/5.0 (Macintosh; Intel Mac OS X 10.15; rv:94.0) Gecko/20100101 Firefox/94.0"
163.215.6.1 - - [29/Nov/2021:06:37:53 +0000] "GET /wp-content/plugins/sendgrid-email-delivery-simplified/view/js/jquery.flot.js?ver=5.8.2 HTTP/2.0" 200 29870 "-" "Mozilla/5.0 (Macintosh; Intel Mac OS X 10.15; rv:94.0) Gecko/20100101 Firefox/94.0"
163.215.6.1 - - [29/Nov/2021:06:37:53 +0000] "GET /wp-includes/js/wp-ajax-response.min.js?ver=5.8.2 HTTP/2.0" 200 1010 "-" "Mozilla/5.0 (Macintosh; Intel Mac OS X 10.15; rv:94.0) Gecko/20100101 Firefox/94.0"
163.215.6.1 - - [29/Nov/2021:06:37:53 +0000] "GET /wp-includes/js/jquery/jquery.color.min.js?ver=2.1.2 HTTP/2.0" 200 4218 "-" "Mozilla/5.0 (Macintosh; Intel Mac OS X 10.15; rv:94.0) Gecko/20100101 Firefox/94.0"
163.215.6.1 - - [29/Nov/2021:06:37:53 +0000] "GET /wp-includes/js/wp-lists.min.js?ver=5.8.2 HTTP/2.0" 200 2768 "-" "Mozilla/5.0 (Macintosh; Intel Mac OS X 10.15; rv:94.0) Gecko/20100101 Firefox/94.0"
163.215.6.1 - - [29/Nov/2021:06:37:53 +0000] "GET /wp-includes/js/jquery/jquery.query.js?ver=2.1.7 HTTP/2.0" 200 1751 "-" "Mozilla/5.0 (Macintosh; Intel Mac OS X 10.15; rv:94.0) Gecko/20100101 Firefox/94.0"
163.215.6.1 - - [29/Nov/2021:06:37:53 +0000] "GET /wp-admin/js/plugin-install.min.js?ver=5.8.2 HTTP/2.0" 200 1072 "-" "Mozilla/5.0 (Macintosh; Intel Mac OS X 10.15; rv:94.0) Gecko/20100101 Firefox/94.0"
163.215.6.1 - - [29/Nov/2021:06:37:53 +0000] "GET /wp-admin/js/updates.min.js?ver=5.8.2 HTTP/2.0" 200 11090 "-" "Mozilla/5.0 (Macintosh; Intel Mac OS X 10.15; rv:94.0) Gecko/20100101 Firefox/94.0"
163.215.6.1 - - [29/Nov/2021:06:37:53 +0000] "GET /wp-includes/js/jquery/ui/datepicker.min.js?ver=1.12.1 HTTP/2.0" 200 12584 "-" "Mozilla/5.0 (Macintosh; Intel Mac OS X 10.15; rv:94.0) Gecko/20100101 Firefox/94.0"
163.215.6.1 - - [29/Nov/2021:06:37:53 +0000] "GET /wp-admin/js/dashboard.min.js?ver=5.8.2 HTTP/2.0" 200 3313 "-" "Mozilla/5.0 (Macintosh; Intel Mac OS X 10.15; rv:94.0) Gecko/20100101 Firefox/94.0"
163.215.6.1 - - [29/Nov/2021:06:37:53 +0000] "GET /wp-includes/js/wp-sanitize.min.js?ver=5.8.2 HTTP/2.0" 200 284 "-" "Mozilla/5.0 (Macintosh; Intel Mac OS X 10.15; rv:94.0) Gecko/20100101 Firefox/94.0"
163.215.6.1 - - [29/Nov/2021:06:37:53 +0000] "GET /wp-admin/js/edit-comments.min.js?ver=5.8.2 HTTP/2.0" 200 5780 "-" "Mozilla/5.0 (Macintosh; Intel Mac OS X 10.15; rv:94.0) Gecko/20100101 Firefox/94.0"
34.206.38.217 - - [29/Nov/2021:06:37:54 +0000] "GET /feed HTTP/1.1" 200 55868 "-" "Automate.io BOT"
163.215.6.1 - - [29/Nov/2021:06:37:55 +0000] "GET /wp-json/wp-statistics/v2/metabox?name=quickstats&_=1638167873859 HTTP/2.0" 200 501 "https://ja.tak-cslab.org/wp-admin/" "Mozilla/5.0 (Macintosh; Intel Mac OS X 10.15; rv:94.0) Gecko/20100101 Firefox/94.0"
163.215.6.1 - - [29/Nov/2021:06:37:57 +0000] "POST /wp-admin/admin-ajax.php HTTP/2.0" 200 259 "https://ja.tak-cslab.org/wp-admin/" "Mozilla/5.0 (Macintosh; Intel Mac OS X 10.15; rv:94.0) Gecko/20100101 Firefox/94.0"
163.215.6.1 - - [29/Nov/2021:06:40:01 +0000] "POST /wp-admin/admin-ajax.php HTTP/2.0" 200 67 "https://ja.tak-cslab.org/wp-admin/" "Mozilla/5.0 (Macintosh; Intel Mac OS X 10.15; rv:94.0) Gecko/20100101 Firefox/94.0"
163.215.6.1 - - [29/Nov/2021:06:42:07 +0000] "POST /wp-admin/admin-ajax.php HTTP/2.0" 200 67 "https://ja.tak-cslab.org/wp-admin/" "Mozilla/5.0 (Macintosh; Intel Mac OS X 10.15; rv:94.0) Gecko/20100101 Firefox/94.0"
163.215.6.1 - - [29/Nov/2021:06:42:09 +0000] "GET /wp-admin/edit.php HTTP/2.0" 200 26539 "https://ja.tak-cslab.org/wp-admin/" "Mozilla/5.0 (Macintosh; Intel Mac OS X 10.15; rv:94.0) Gecko/20100101 Firefox/94.0"
163.215.6.1 - - [29/Nov/2021:06:42:09 +0000] "GET /wp-admin/load-styles.php?c=0&dir=ltr&load%5Bchunk_0%5D=dashicons,admin-bar,common,forms,admin-menu,dashboard,list-tables,edit,revisions,media,themes,about,nav-menus,wp-pointer,widgets&load%5Bchunk_1%5D=,site-icon,l10n,buttons,wp-auth-check&ver=5.8.2 HTTP/2.0" 200 118750 "https://ja.tak-cslab.org/wp-admin/edit.php" "Mozilla/5.0 (Macintosh; Intel Mac OS X 10.15; rv:94.0) Gecko/20100101 Firefox/94.0"
163.215.6.1 - - [29/Nov/2021:06:42:09 +0000] "GET /wp-admin/js/inline-edit-post.min.js?ver=5.8.2 HTTP/2.0" 200 2903 "-" "Mozilla/5.0 (Macintosh; Intel Mac OS X 10.15; rv:94.0) Gecko/20100101 Firefox/94.0"
163.215.6.1 - - [29/Nov/2021:06:42:09 +0000] "GET /wp-admin/js/tags-suggest.min.js?ver=5.8.2 HTTP/2.0" 200 1105 "-" "Mozilla/5.0 (Macintosh; Intel Mac OS X 10.15; rv:94.0) Gecko/20100101 Firefox/94.0"
163.215.6.1 - - [29/Nov/2021:06:42:09 +0000] "GET /wp-includes/js/jquery/ui/core.min.js?ver=1.12.1 HTTP/2.0" 200 7680 "-" "Mozilla/5.0 (Macintosh; Intel Mac OS X 10.15; rv:94.0) Gecko/20100101 Firefox/94.0"
163.215.6.1 - - [29/Nov/2021:06:42:09 +0000] "POST /wp-admin/admin-ajax.php HTTP/2.0" 200 67 "https://ja.tak-cslab.org/wp-admin/edit.php" "Mozilla/5.0 (Macintosh; Intel Mac OS X 10.15; rv:94.0) Gecko/20100101 Firefox/94.0"
163.215.6.1 - - [29/Nov/2021:06:42:12 +0000] "GET /wp-admin/post.php?post=1655&action=edit HTTP/2.0" 200 141351 "https://ja.tak-cslab.org/wp-admin/edit.php" "Mozilla/5.0 (Macintosh; Intel Mac OS X 10.15; rv:94.0) Gecko/20100101 Firefox/94.0"
163.215.6.1 - - [29/Nov/2021:06:42:12 +0000] "GET /wp-includes/js/mediaelement/mediaelementplayer-legacy.min.css?ver=4.2.16 HTTP/2.0" 200 3007 "https://ja.tak-cslab.org/wp-admin/post.php?post=1655&action=edit" "Mozilla/5.0 (Macintosh; Intel Mac OS X 10.15; rv:94.0) Gecko/20100101 Firefox/94.0"
163.215.6.1 - - [29/Nov/2021:06:42:12 +0000] "GET /wp-includes/js/mediaelement/wp-mediaelement.min.css?ver=5.8.2 HTTP/2.0" 200 1297 "https://ja.tak-cslab.org/wp-admin/post.php?post=1655&action=edit" "Mozilla/5.0 (Macintosh; Intel Mac OS X 10.15; rv:94.0) Gecko/20100101 Firefox/94.0"
163.215.6.1 - - [29/Nov/2021:06:42:12 +0000] "GET /wp-includes/js/imgareaselect/imgareaselect.css?ver=0.9.8 HTTP/2.0" 200 275 "https://ja.tak-cslab.org/wp-admin/post.php?post=1655&action=edit" "Mozilla/5.0 (Macintosh; Intel Mac OS X 10.15; rv:94.0) Gecko/20100101 Firefox/94.0"
163.215.6.1 - - [29/Nov/2021:06:42:12 +0000] "GET /wp-content/plugins/seo-simple-pack/dist/css/post.css?ver=2.2.7 HTTP/2.0" 200 490 "https://ja.tak-cslab.org/wp-admin/post.php?post=1655&action=edit" "Mozilla/5.0 (Macintosh; Intel Mac OS X 10.15; rv:94.0) Gecko/20100101 Firefox/94.0"
163.215.6.1 - - [29/Nov/2021:06:42:12 +0000] "GET /wp-includes/js/dist/media-utils.min.js?ver=8e557d69e3ef2356d081c60830d157a1 HTTP/2.0" 200 3327 "https://ja.tak-cslab.org/wp-admin/post.php?post=1655&action=edit" "Mozilla/5.0 (Macintosh; Intel Mac OS X 10.15; rv:94.0) Gecko/20100101 Firefox/94.0"
163.215.6.1 - - [29/Nov/2021:06:42:12 +0000] "GET /wp-includes/js/wp-backbone.min.js?ver=5.8.2 HTTP/2.0" 200 1275 "https://ja.tak-cslab.org/wp-admin/post.php?post=1655&action=edit" "Mozilla/5.0 (Macintosh; Intel Mac OS X 10.15; rv:94.0) Gecko/20100101 Firefox/94.0"
163.215.6.1 - - [29/Nov/2021:06:42:12 +0000] "GET /wp-includes/js/dist/wordcount.min.js?ver=83b86052fd3fc408a609e60d52164115 HTTP/2.0" 200 0 "https://ja.tak-cslab.org/wp-admin/post.php?post=1655&action=edit" "Mozilla/5.0 (Macintosh; Intel Mac OS X 10.15; rv:94.0) Gecko/20100101 Firefox/94.0"
163.215.6.1 - - [29/Nov/2021:06:42:12 +0000] "GET /wp-includes/js/dist/block-editor.min.js?ver=fc8c27c6e95e7e0d59b4e344cb9ddfed HTTP/2.0" 200 0 "https://ja.tak-cslab.org/wp-admin/post.php?post=1655&action=edit" "Mozilla/5.0 (Macintosh; Intel Mac OS X 10.15; rv:94.0) Gecko/20100101 Firefox/94.0"
163.215.6.1 - - [29/Nov/2021:06:42:12 +0000] "GET /wp-includes/js/dist/api-fetch.min.js?ver=134e23b5f88ba06a093f9f92520a98df HTTP/2.0" 200 0 "https://ja.tak-cslab.org/wp-admin/post.php?post=1655&action=edit" "Mozilla/5.0 (Macintosh; Intel Mac OS X 10.15; rv:94.0) Gecko/20100101 Firefox/94.0"
163.215.6.1 - - [29/Nov/2021:06:42:12 +0000] "GET /wp-includes/js/dist/data-controls.min.js?ver=cb4174d77c57f56732dc41d3bf3b2781 HTTP/2.0" 200 0 "https://ja.tak-cslab.org/wp-admin/post.php?post=1655&action=edit" "Mozilla/5.0 (Macintosh; Intel Mac OS X 10.15; rv:94.0) Gecko/20100101 Firefox/94.0"
163.215.6.1 - - [29/Nov/2021:06:42:12 +0000] "GET /wp-includes/js/dist/core-data.min.js?ver=fe45a7066c931b4d3d0ff96789da023d HTTP/2.0" 200 0 "https://ja.tak-cslab.org/wp-admin/post.php?post=1655&action=edit" "Mozilla/5.0 (Macintosh; Intel Mac OS X 10.15; rv:94.0) Gecko/20100101 Firefox/94.0"
163.215.6.1 - - [29/Nov/2021:06:42:12 +0000] "GET /wp-includes/js/plupload/wp-plupload.min.js?ver=5.8.2 HTTP/2.0" 200 0 "https://ja.tak-cslab.org/wp-admin/post.php?post=1655&action=edit" "Mozilla/5.0 (Macintosh; Intel Mac OS X 10.15; rv:94.0) Gecko/20100101 Firefox/94.0"
163.215.6.1 - - [29/Nov/2021:06:42:12 +0000] "GET /wp-includes/js/mediaelement/mediaelement-migrate.min.js?ver=5.8.2 HTTP/2.0" 200 0 "https://ja.tak-cslab.org/wp-admin/post.php?post=1655&action=edit" "Mozilla/5.0 (Macintosh; Intel Mac OS X 10.15; rv:94.0) Gecko/20100101 Firefox/94.0"
163.215.6.1 - - [29/Nov/2021:06:42:12 +0000] "GET /wp-includes/js/mediaelement/wp-mediaelement.min.js?ver=5.8.2 HTTP/2.0" 200 0 "https://ja.tak-cslab.org/wp-admin/post.php?post=1655&action=edit" "Mozilla/5.0 (Macintosh; Intel Mac OS X 10.15; rv:94.0) Gecko/20100101 Firefox/94.0"
163.215.6.1 - - [29/Nov/2021:06:42:12 +0000] "GET /wp-includes/js/imgareaselect/jquery.imgareaselect.min.js?ver=5.8.2 HTTP/2.0" 200 0 "https://ja.tak-cslab.org/wp-admin/post.php?post=1655&action=edit" "Mozilla/5.0 (Macintosh; Intel Mac OS X 10.15; rv:94.0) Gecko/20100101 Firefox/94.0"
163.215.6.1 - - [29/Nov/2021:06:42:12 +0000] "GET /wp-admin/js/image-edit.min.js?ver=5.8.2 HTTP/2.0" 200 0 "https://ja.tak-cslab.org/wp-admin/post.php?post=1655&action=edit" "Mozilla/5.0 (Macintosh; Intel Mac OS X 10.15; rv:94.0) Gecko/20100101 Firefox/94.0"
163.215.6.1 - - [29/Nov/2021:06:42:12 +0000] "GET /wp-includes/js/wplink.min.js?ver=5.8.2 HTTP/2.0" 200 0 "https://ja.tak-cslab.org/wp-admin/post.php?post=1655&action=edit" "Mozilla/5.0 (Macintosh; Intel Mac OS X 10.15; rv:94.0) Gecko/20100101 Firefox/94.0"
163.215.6.1 - - [29/Nov/2021:06:42:12 +0000] "GET /wp-includes/js/dist/block-directory.min.js?ver=59e39b168393c12505197fed91dc8d01 HTTP/2.0" 200 0 "https://ja.tak-cslab.org/wp-admin/post.php?post=1655&action=edit" "Mozilla/5.0 (Macintosh; Intel Mac OS X 10.15; rv:94.0) Gecko/20100101 Firefox/94.0"
163.215.6.1 - - [29/Nov/2021:06:42:12 +0000] "GET /wp-includes/js/jquery/ui/menu.min.js?ver=1.12.1 HTTP/2.0" 200 3301 "-" "Mozilla/5.0 (Macintosh; Intel Mac OS X 10.15; rv:94.0) Gecko/20100101 Firefox/94.0"
163.215.6.1 - - [29/Nov/2021:06:42:12 +0000] "GET /wp-includes/js/jquery/ui/autocomplete.min.js?ver=1.12.1 HTTP/2.0" 200 3215 "-" "Mozilla/5.0 (Macintosh; Intel Mac OS X 10.15; rv:94.0) Gecko/20100101 Firefox/94.0"
163.215.6.1 - - [29/Nov/2021:06:42:12 +0000] "GET /wp-includes/js/hoverintent-js.min.js?ver=2.2.1 HTTP/2.0" 200 0 "-" "Mozilla/5.0 (Macintosh; Intel Mac OS X 10.15; rv:94.0) Gecko/20100101 Firefox/94.0"
163.215.6.1 - - [29/Nov/2021:06:42:12 +0000] "GET /wp-includes/js/admin-bar.min.js?ver=5.8.2 HTTP/2.0" 200 0 "-" "Mozilla/5.0 (Macintosh; Intel Mac OS X 10.15; rv:94.0) Gecko/20100101 Firefox/94.0"
163.215.6.1 - - [29/Nov/2021:06:42:12 +0000] "GET /wp-includes/js/dist/i18n.min.js?ver=5f1269854226b4dd90450db411a12b79 HTTP/2.0" 200 0 "-" "Mozilla/5.0 (Macintosh; Intel Mac OS X 10.15; rv:94.0) Gecko/20100101 Firefox/94.0"
163.215.6.1 - - [29/Nov/2021:06:42:12 +0000] "GET /wp-includes/js/dist/block-library.min.js?ver=69fc06eecf1aeb26e48b8a47ed38179b HTTP/2.0" 200 0 "https://ja.tak-cslab.org/wp-admin/post.php?post=1655&action=edit" "Mozilla/5.0 (Macintosh; Intel Mac OS X 10.15; rv:94.0) Gecko/20100101 Firefox/94.0"
163.215.6.1 - - [29/Nov/2021:06:42:12 +0000] "GET /wp-admin/js/editor.min.js?ver=5.8.2 HTTP/2.0" 200 0 "https://ja.tak-cslab.org/wp-admin/post.php?post=1655&action=edit" "Mozilla/5.0 (Macintosh; Intel Mac OS X 10.15; rv:94.0) Gecko/20100101 Firefox/94.0"
163.215.6.1 - - [29/Nov/2021:06:42:12 +0000] "GET /wp-includes/js/tinymce/tinymce.min.js?ver=49110-20201110 HTTP/2.0" 200 0 "https://ja.tak-cslab.org/wp-admin/post.php?post=1655&action=edit" "Mozilla/5.0 (Macintosh; Intel Mac OS X 10.15; rv:94.0) Gecko/20100101 Firefox/94.0"
163.215.6.1 - - [29/Nov/2021:06:42:12 +0000] "GET /wp-includes/js/dist/editor.min.js?ver=208cadf8632b62c7ccdf2f2feb2398e2 HTTP/2.0" 200 0 "https://ja.tak-cslab.org/wp-admin/post.php?post=1655&action=edit" "Mozilla/5.0 (Macintosh; Intel Mac OS X 10.15; rv:94.0) Gecko/20100101 Firefox/94.0"
163.215.6.1 - - [29/Nov/2021:06:42:12 +0000] "GET /wp-includes/js/tinymce/plugins/compat3x/plugin.min.js?ver=49110-20201110 HTTP/2.0" 200 0 "https://ja.tak-cslab.org/wp-admin/post.php?post=1655&action=edit" "Mozilla/5.0 (Macintosh; Intel Mac OS X 10.15; rv:94.0) Gecko/20100101 Firefox/94.0"
163.215.6.1 - - [29/Nov/2021:06:42:12 +0000] "GET /wp-content/plugins/seo-simple-pack/dist/js/common.js?ver=2.2.7 HTTP/2.0" 200 0 "https://ja.tak-cslab.org/wp-admin/post.php?post=1655&action=edit" "Mozilla/5.0 (Macintosh; Intel Mac OS X 10.15; rv:94.0) Gecko/20100101 Firefox/94.0"
163.215.6.1 - - [29/Nov/2021:06:42:12 +0000] "GET /wp-includes/js/backbone.min.js?ver=1.4.0 HTTP/2.0" 200 0 "https://ja.tak-cslab.org/wp-admin/post.php?post=1655&action=edit" "Mozilla/5.0 (Macintosh; Intel Mac OS X 10.15; rv:94.0) Gecko/20100101 Firefox/94.0"
163.215.6.1 - - [29/Nov/2021:06:42:12 +0000] "GET /wp-includes/js/dist/vendor/moment.min.js?ver=2.29.1 HTTP/2.0" 200 0 "-" "Mozilla/5.0 (Macintosh; Intel Mac OS X 10.15; rv:94.0) Gecko/20100101 Firefox/94.0"
163.215.6.1 - - [29/Nov/2021:06:42:12 +0000] "GET /wp-includes/js/dist/vendor/lodash.min.js?ver=4.17.19 HTTP/2.0" 200 0 "-" "Mozilla/5.0 (Macintosh; Intel Mac OS X 10.15; rv:94.0) Gecko/20100101 Firefox/94.0"
163.215.6.1 - - [29/Nov/2021:06:42:12 +0000] "GET /wp-includes/js/media-audiovideo.min.js?ver=5.8.2 HTTP/2.0" 200 0 "https://ja.tak-cslab.org/wp-admin/post.php?post=1655&action=edit" "Mozilla/5.0 (Macintosh; Intel Mac OS X 10.15; rv:94.0) Gecko/20100101 Firefox/94.0"
163.215.6.1 - - [29/Nov/2021:06:42:12 +0000] "GET /wp-includes/js/dist/edit-post.min.js?ver=3656613c515e40e95a15114467097b39 HTTP/2.0" 200 0 "https://ja.tak-cslab.org/wp-admin/post.php?post=1655&action=edit" "Mozilla/5.0 (Macintosh; Intel Mac OS X 10.15; rv:94.0) Gecko/20100101 Firefox/94.0"
163.215.6.1 - - [29/Nov/2021:06:42:12 +0000] "GET /wp-includes/js/media-views.min.js?ver=5.8.2 HTTP/2.0" 200 0 "https://ja.tak-cslab.org/wp-admin/post.php?post=1655&action=edit" "Mozilla/5.0 (Macintosh; Intel Mac OS X 10.15; rv:94.0) Gecko/20100101 Firefox/94.0"
163.215.6.1 - - [29/Nov/2021:06:42:12 +0000] "GET /wp-includes/js/mediaelement/mediaelement-and-player.min.js?ver=4.2.16 HTTP/2.0" 200 0 "https://ja.tak-cslab.org/wp-admin/post.php?post=1655&action=edit" "Mozilla/5.0 (Macintosh; Intel Mac OS X 10.15; rv:94.0) Gecko/20100101 Firefox/94.0"
163.215.6.1 - - [29/Nov/2021:06:42:12 +0000] "GET /wp-includes/js/dist/format-library.min.js?ver=c765b263eb6bc434e4b93dfc8771aaaf HTTP/2.0" 200 0 "https://ja.tak-cslab.org/wp-admin/post.php?post=1655&action=edit" "Mozilla/5.0 (Macintosh; Intel Mac OS X 10.15; rv:94.0) Gecko/20100101 Firefox/94.0"
163.215.6.1 - - [29/Nov/2021:06:42:12 +0000] "GET /wp-admin/load-styles.php?c=0&dir=ltr&load%5Bchunk_0%5D=dashicons,admin-bar,buttons,media-views,editor-buttons,wp-components,wp-block-editor,wp-nux,wp-reusable-blocks,wp-editor,common,&load%5Bchunk_1%5D=forms,wp-reset-editor-styles,wp-block-library,wp-editor-classic-layout-styles,wp-edit-blocks,wp-edit-post,wp-block-directory,wp-&load%5Bchunk_2%5D=format-library,admin-menu,dashboard,list-tables,edit,revisions,media,themes,about,nav-menus,wp-pointer,widgets,site-icon,l10n,wp&load%5Bchunk_3%5D=-auth-check&ver=5.8.2 HTTP/2.0" 200 216649 "https://ja.tak-cslab.org/wp-admin/post.php?post=1655&action=edit" "Mozilla/5.0 (Macintosh; Intel Mac OS X 10.15; rv:94.0) Gecko/20100101 Firefox/94.0"
163.215.6.1 - - [29/Nov/2021:06:42:12 +0000] "GET /wp-includes/js/media-models.min.js?ver=5.8.2 HTTP/2.0" 200 0 "https://ja.tak-cslab.org/wp-admin/post.php?post=1655&action=edit" "Mozilla/5.0 (Macintosh; Intel Mac OS X 10.15; rv:94.0) Gecko/20100101 Firefox/94.0"
163.215.6.1 - - [29/Nov/2021:06:42:12 +0000] "GET /wp-includes/js/dist/viewport.min.js?ver=57f92677272305fe301d0d0616d6c8c7 HTTP/2.0" 200 0 "https://ja.tak-cslab.org/wp-admin/post.php?post=1655&action=edit" "Mozilla/5.0 (Macintosh; Intel Mac OS X 10.15; rv:94.0) Gecko/20100101 Firefox/94.0"
163.215.6.1 - - [29/Nov/2021:06:42:12 +0000] "GET /wp-includes/js/dist/reusable-blocks.min.js?ver=f210f01a481601fc2639d3f839449c5c HTTP/2.0" 200 0 "https://ja.tak-cslab.org/wp-admin/post.php?post=1655&action=edit" "Mozilla/5.0 (Macintosh; Intel Mac OS X 10.15; rv:94.0) Gecko/20100101 Firefox/94.0"
163.215.6.1 - - [29/Nov/2021:06:42:12 +0000] "GET /wp-includes/js/dist/server-side-render.min.js?ver=e68a4eae1f1e1f9a993d3bfbb601bad3 HTTP/2.0" 200 0 "https://ja.tak-cslab.org/wp-admin/post.php?post=1655&action=edit" "Mozilla/5.0 (Macintosh; Intel Mac OS X 10.15; rv:94.0) Gecko/20100101 Firefox/94.0"
163.215.6.1 - - [29/Nov/2021:06:42:12 +0000] "GET /wp-includes/js/dist/plugins.min.js?ver=01dbac2843febe57b20f01bdb7a432b8 HTTP/2.0" 200 0 "https://ja.tak-cslab.org/wp-admin/post.php?post=1655&action=edit" "Mozilla/5.0 (Macintosh; Intel Mac OS X 10.15; rv:94.0) Gecko/20100101 Firefox/94.0"
163.215.6.1 - - [29/Nov/2021:06:42:12 +0000] "GET /wp-includes/js/media-editor.min.js?ver=5.8.2 HTTP/2.0" 200 0 "https://ja.tak-cslab.org/wp-admin/post.php?post=1655&action=edit" "Mozilla/5.0 (Macintosh; Intel Mac OS X 10.15; rv:94.0) Gecko/20100101 Firefox/94.0"
163.215.6.1 - - [29/Nov/2021:06:42:12 +0000] "GET /wp-includes/js/mce-view.min.js?ver=5.8.2 HTTP/2.0" 200 0 "https://ja.tak-cslab.org/wp-admin/post.php?post=1655&action=edit" "Mozilla/5.0 (Macintosh; Intel Mac OS X 10.15; rv:94.0) Gecko/20100101 Firefox/94.0"
163.215.6.1 - - [29/Nov/2021:06:42:12 +0000] "GET /wp-content/plugins/seo-simple-pack/dist/js/mediauploader.js?ver=2.2.7 HTTP/2.0" 200 0 "https://ja.tak-cslab.org/wp-admin/post.php?post=1655&action=edit" "Mozilla/5.0 (Macintosh; Intel Mac OS X 10.15; rv:94.0) Gecko/20100101 Firefox/94.0"
163.215.6.1 - - [29/Nov/2021:06:42:13 +0000] "GET /wp-json/wp-statistics/v2/metabox?name=post&ID=1655&_=1638168132745 HTTP/2.0" 200 63 "https://ja.tak-cslab.org/wp-admin/post.php?post=1655&action=edit" "Mozilla/5.0 (Macintosh; Intel Mac OS X 10.15; rv:94.0) Gecko/20100101 Firefox/94.0"
163.215.6.1 - - [29/Nov/2021:06:42:13 +0000] "GET /wp-json/wp/v2/users/me?_locale=user HTTP/2.0" 200 427 "https://ja.tak-cslab.org/wp-admin/post.php?post=1655&action=edit" "Mozilla/5.0 (Macintosh; Intel Mac OS X 10.15; rv:94.0) Gecko/20100101 Firefox/94.0"
163.215.6.1 - - [29/Nov/2021:06:42:13 +0000] "GET /wp-json/wp/v2/blocks?context=edit&per_page=100&_locale=user HTTP/2.0" 200 22 "https://ja.tak-cslab.org/wp-admin/post.php?post=1655&action=edit" "Mozilla/5.0 (Macintosh; Intel Mac OS X 10.15; rv:94.0) Gecko/20100101 Firefox/94.0"
163.215.6.1 - - [29/Nov/2021:06:42:13 +0000] "GET /wp-json/wp/v2/templates?context=edit&per_page=100&_locale=user HTTP/2.0" 200 22 "https://ja.tak-cslab.org/wp-admin/post.php?post=1655&action=edit" "Mozilla/5.0 (Macintosh; Intel Mac OS X 10.15; rv:94.0) Gecko/20100101 Firefox/94.0"
163.215.6.1 - - [29/Nov/2021:06:42:13 +0000] "GET /wp-json/wp/v2/users/?who=authors&per_page=100&_locale=user HTTP/2.0" 200 2702 "https://ja.tak-cslab.org/wp-admin/post.php?post=1655&action=edit" "Mozilla/5.0 (Macintosh; Intel Mac OS X 10.15; rv:94.0) Gecko/20100101 Firefox/94.0"
163.215.6.1 - - [29/Nov/2021:06:42:13 +0000] "GET /wp-json/wp/v2/categories?per_page=100&orderby=name&order=asc&_fields=id%2Cname%2Cparent&_locale=user HTTP/2.0" 200 130 "https://ja.tak-cslab.org/wp-admin/post.php?post=1655&action=edit" "Mozilla/5.0 (Macintosh; Intel Mac OS X 10.15; rv:94.0) Gecko/20100101 Firefox/94.0"
163.215.6.1 - - [29/Nov/2021:06:42:13 +0000] "GET /wp-json/wp/v2/posts/1655?_locale=user HTTP/2.0" 200 953 "https://ja.tak-cslab.org/wp-admin/post.php?post=1655&action=edit" "Mozilla/5.0 (Macintosh; Intel Mac OS X 10.15; rv:94.0) Gecko/20100101 Firefox/94.0"
163.215.6.1 - - [29/Nov/2021:06:42:13 +0000] "GET /wp-json/wp/v2/taxonomies/category?context=edit&_locale=user HTTP/2.0" 200 676 "https://ja.tak-cslab.org/wp-admin/post.php?post=1655&action=edit" "Mozilla/5.0 (Macintosh; Intel Mac OS X 10.15; rv:94.0) Gecko/20100101 Firefox/94.0"
163.215.6.1 - - [29/Nov/2021:06:42:13 +0000] "GET /wp-json/wp/v2/taxonomies/post_tag?context=edit&_locale=user HTTP/2.0" 200 685 "https://ja.tak-cslab.org/wp-admin/post.php?post=1655&action=edit" "Mozilla/5.0 (Macintosh; Intel Mac OS X 10.15; rv:94.0) Gecko/20100101 Firefox/94.0"
163.215.6.1 - - [29/Nov/2021:06:42:13 +0000] "GET /wp-json/wp/v2/taxonomies?context=edit&_locale=user HTTP/2.0" 200 914 "https://ja.tak-cslab.org/wp-admin/post.php?post=1655&action=edit" "Mozilla/5.0 (Macintosh; Intel Mac OS X 10.15; rv:94.0) Gecko/20100101 Firefox/94.0"
163.215.6.1 - - [29/Nov/2021:06:42:13 +0000] "GET /wp-json/wp/v2/users?who=authors&include=43&_locale=user HTTP/2.0" 200 285 "https://ja.tak-cslab.org/wp-admin/post.php?post=1655&action=edit" "Mozilla/5.0 (Macintosh; Intel Mac OS X 10.15; rv:94.0) Gecko/20100101 Firefox/94.0"
163.215.6.1 - - [29/Nov/2021:06:42:13 +0000] "GET /wp-json/wp/v2/users/?who=authors&per_page=100&_locale=user HTTP/2.0" 200 2702 "https://ja.tak-cslab.org/wp-admin/post.php?post=1655&action=edit" "Mozilla/5.0 (Macintosh; Intel Mac OS X 10.15; rv:94.0) Gecko/20100101 Firefox/94.0"
163.215.6.1 - - [29/Nov/2021:06:42:13 +0000] "GET /wp-json/wp/v2/users/?who=authors&per_page=100&search=%E5%AF%8C%E7%94%B0%E5%95%93%E5%A4%AA&_locale=user HTTP/2.0" 200 285 "https://ja.tak-cslab.org/wp-admin/post.php?post=1655&action=edit" "Mozilla/5.0 (Macintosh; Intel Mac OS X 10.15; rv:94.0) Gecko/20100101 Firefox/94.0"
163.215.6.1 - - [29/Nov/2021:06:42:13 +0000] "GET /wp-json/wp/v2/categories?per_page=100&orderby=name&order=asc&_fields=id%2Cname%2Cparent&_locale=user HTTP/2.0" 200 130 "https://ja.tak-cslab.org/wp-admin/post.php?post=1655&action=edit" "Mozilla/5.0 (Macintosh; Intel Mac OS X 10.15; rv:94.0) Gecko/20100101 Firefox/94.0"
163.215.6.1 - - [29/Nov/2021:06:42:13 +0000] "GET /wp-json/wp/v2/tags?context=edit&per_page=10&orderby=count&order=desc&hide_empty=true&_fields=id%2Cname%2Ccount&_locale=user HTTP/2.0" 200 220 "https://ja.tak-cslab.org/wp-admin/post.php?post=1655&action=edit" "Mozilla/5.0 (Macintosh; Intel Mac OS X 10.15; rv:94.0) Gecko/20100101 Firefox/94.0"
163.215.6.1 - - [29/Nov/2021:06:42:14 +0000] "POST /wp-admin/admin-ajax.php HTTP/2.0" 200 21 "https://ja.tak-cslab.org/wp-admin/post.php?post=1655&action=edit" "Mozilla/5.0 (Macintosh; Intel Mac OS X 10.15; rv:94.0) Gecko/20100101 Firefox/94.0"
216.245.221.83 - - [29/Nov/2021:06:42:27 +0000] "HEAD / HTTP/1.1" 301 0 "http://ja.tak-cslab.org/" "Mozilla/5.0+(compatible; UptimeRobot/2.0; http://www.uptimerobot.com/)"
216.245.221.83 - - [29/Nov/2021:06:42:27 +0000] "HEAD / HTTP/1.1" 200 0 "http://ja.tak-cslab.org/" "Mozilla/5.0+(compatible; UptimeRobot/2.0; http://www.uptimerobot.com/)"
34.206.38.217 - - [29/Nov/2021:06:42:53 +0000] "GET /feed HTTP/1.1" 200 55867 "-" "Automate.io BOT"
163.215.6.1 - - [29/Nov/2021:06:44:02 +0000] "GET / HTTP/2.0" 200 6293 "-" "Mozilla/5.0 (Windows NT 10.0; Win64; x64) AppleWebKit/537.36 (KHTML, like Gecko) Chrome/96.0.4664.45 Safari/537.36"
163.215.6.1 - - [29/Nov/2021:06:44:04 +0000] "GET /tech-report HTTP/2.0" 200 12209 "https://ja.tak-cslab.org/" "Mozilla/5.0 (Windows NT 10.0; Win64; x64) AppleWebKit/537.36 (KHTML, like Gecko) Chrome/96.0.4664.45 Safari/537.36"
185.191.171.13 - - [29/Nov/2021:06:45:37 +0000] "GET /archives/1180 HTTP/1.1" 200 8745 "-" "Mozilla/5.0 (compatible; SemrushBot/7~bl; +http://www.semrush.com/bot.html)"
66.249.79.129 - - [29/Nov/2021:06:46:23 +0000] "GET /archives/author/kazuhiko-sugimoto HTTP/1.1" 200 6384 "-" "Mozilla/5.0 (Linux; Android 6.0.1; Nexus 5X Build/MMB29P) AppleWebKit/537.36 (KHTML, like Gecko) Chrome/96.0.4664.45 Mobile Safari/537.36 (compatible; Googlebot/2.1; +http://www.google.com/bot.html)"
216.245.221.83 - - [29/Nov/2021:06:47:27 +0000] "HEAD / HTTP/1.1" 301 0 "http://ja.tak-cslab.org/" "Mozilla/5.0+(compatible; UptimeRobot/2.0; http://www.uptimerobot.com/)"
216.245.221.83 - - [29/Nov/2021:06:47:27 +0000] "HEAD / HTTP/1.1" 200 0 "http://ja.tak-cslab.org/" "Mozilla/5.0+(compatible; UptimeRobot/2.0; http://www.uptimerobot.com/)"
34.206.38.217 - - [29/Nov/2021:06:47:53 +0000] "GET /feed HTTP/1.1" 200 55854 "-" "Automate.io BOT"
114.119.135.84 - - [29/Nov/2021:06:50:22 +0000] "GET /archives/author/tkoyama HTTP/1.1" 200 6690 "-" "Mozilla/5.0 (Linux; Android 7.0;) AppleWebKit/537.36 (KHTML, like Gecko) Mobile Safari/537.36 (compatible; PetalBot;+https://webmaster.petalsearch.com/site/petalbot)"
216.245.221.83 - - [29/Nov/2021:06:52:27 +0000] "HEAD / HTTP/1.1" 301 0 "http://ja.tak-cslab.org/" "Mozilla/5.0+(compatible; UptimeRobot/2.0; http://www.uptimerobot.com/)"
216.245.221.83 - - [29/Nov/2021:06:52:27 +0000] "HEAD / HTTP/1.1" 200 0 "http://ja.tak-cslab.org/" "Mozilla/5.0+(compatible; UptimeRobot/2.0; http://www.uptimerobot.com/)"
34.206.38.217 - - [29/Nov/2021:06:52:53 +0000] "GET /feed HTTP/1.1" 200 55867 "-" "Automate.io BOT"
54.166.46.66 - - [29/Nov/2021:06:53:44 +0000] "HEAD /feed HTTP/2.0" 200 0 "-" "Slackbot 1.0 (+https://api.slack.com/robots)"
18.234.38.46 - - [29/Nov/2021:06:53:44 +0000] "GET /feed HTTP/1.1" 200 55867 "-" "Slackbot 1.0 (+https://api.slack.com/robots)"
3.88.39.105 - - [29/Nov/2021:06:53:45 +0000] "GET / HTTP/1.1" 200 6312 "-" "Slackbot 1.0 (+https://api.slack.com/robots)"
114.119.135.96 - - [29/Nov/2021:06:55:19 +0000] "GET /10gin_cds1?redirect_to=https://ja.tak-cslab.org/archives/394 HTTP/1.1" 200 4550 "-" "Mozilla/5.0 (Linux; Android 7.0;) AppleWebKit/537.36 (KHTML, like Gecko) Mobile Safari/537.36 (compatible; PetalBot;+https://webmaster.petalsearch.com/site/petalbot)"
207.46.13.85 - - [29/Nov/2021:06:56:54 +0000] "GET /wp-content/uploads/2020/01/IMG_1109-1040x780.jpg HTTP/2.0" 200 107737 "-" "Mozilla/5.0 (compatible; bingbot/2.0; +http://www.bing.com/bingbot.htm)"
216.245.221.83 - - [29/Nov/2021:06:57:27 +0000] "HEAD / HTTP/1.1" 301 0 "http://ja.tak-cslab.org/" "Mozilla/5.0+(compatible; UptimeRobot/2.0; http://www.uptimerobot.com/)"
216.245.221.83 - - [29/Nov/2021:06:57:27 +0000] "HEAD / HTTP/1.1" 200 0 "http://ja.tak-cslab.org/" "Mozilla/5.0+(compatible; UptimeRobot/2.0; http://www.uptimerobot.com/)"
34.206.38.217 - - [29/Nov/2021:06:57:53 +0000] "GET /feed HTTP/1.1" 200 55867 "-" "Automate.io BOT"
216.245.221.83 - - [29/Nov/2021:07:02:27 +0000] "HEAD / HTTP/1.1" 301 0 "http://ja.tak-cslab.org/" "Mozilla/5.0+(compatible; UptimeRobot/2.0; http://www.uptimerobot.com/)"
163.215.6.1 - - [29/Nov/2021:07:02:27 +0000] "POST /wp-cron.php?doing_wp_cron=1638169347.8226730823516845703125 HTTP/1.1" 200 31 "https://ja.tak-cslab.org/wp-cron.php?doing_wp_cron=1638169347.8226730823516845703125" "WordPress/5.8.2; https://ja.tak-cslab.org"
216.245.221.83 - - [29/Nov/2021:07:02:27 +0000] "HEAD / HTTP/1.1" 200 0 "http://ja.tak-cslab.org/" "Mozilla/5.0+(compatible; UptimeRobot/2.0; http://www.uptimerobot.com/)"
34.206.38.217 - - [29/Nov/2021:07:02:53 +0000] "GET /feed HTTP/1.1" 200 55867 "-" "Automate.io BOT"
216.245.221.83 - - [29/Nov/2021:07:07:27 +0000] "HEAD / HTTP/1.1" 301 0 "http://ja.tak-cslab.org/" "Mozilla/5.0+(compatible; UptimeRobot/2.0; http://www.uptimerobot.com/)"
216.245.221.83 - - [29/Nov/2021:07:07:27 +0000] "HEAD / HTTP/1.1" 200 0 "http://ja.tak-cslab.org/" "Mozilla/5.0+(compatible; UptimeRobot/2.0; http://www.uptimerobot.com/)"
34.206.38.217 - - [29/Nov/2021:07:07:54 +0000] "GET /feed HTTP/1.1" 200 55868 "-" "Automate.io BOT"
216.245.221.83 - - [29/Nov/2021:07:12:27 +0000] "HEAD / HTTP/1.1" 301 0 "http://ja.tak-cslab.org/" "Mozilla/5.0+(compatible; UptimeRobot/2.0; http://www.uptimerobot.com/)"
216.245.221.83 - - [29/Nov/2021:07:12:27 +0000] "HEAD / HTTP/1.1" 200 0 "http://ja.tak-cslab.org/" "Mozilla/5.0+(compatible; UptimeRobot/2.0; http://www.uptimerobot.com/)"
34.206.38.217 - - [29/Nov/2021:07:12:55 +0000] "GET /feed HTTP/1.1" 200 55867 "-" "Automate.io BOT"
54.162.254.91 - - [29/Nov/2021:07:13:41 +0000] "HEAD /feed HTTP/2.0" 200 0 "-" "Slackbot 1.0 (+https://api.slack.com/robots)"
18.234.200.5 - - [29/Nov/2021:07:13:42 +0000] "GET /feed HTTP/1.1" 200 55860 "-" "Slackbot 1.0 (+https://api.slack.com/robots)"
3.239.168.137 - - [29/Nov/2021:07:13:42 +0000] "GET / HTTP/1.1" 200 6306 "-" "Slackbot 1.0 (+https://api.slack.com/robots)"
216.245.221.83 - - [29/Nov/2021:07:17:27 +0000] "HEAD / HTTP/1.1" 301 0 "http://ja.tak-cslab.org/" "Mozilla/5.0+(compatible; UptimeRobot/2.0; http://www.uptimerobot.com/)"
216.245.221.83 - - [29/Nov/2021:07:17:27 +0000] "HEAD / HTTP/1.1" 200 0 "http://ja.tak-cslab.org/" "Mozilla/5.0+(compatible; UptimeRobot/2.0; http://www.uptimerobot.com/)"
163.215.6.1 - - [29/Nov/2021:07:17:54 +0000] "POST /wp-cron.php?doing_wp_cron=1638170274.1502149105072021484375 HTTP/1.1" 200 31 "https://ja.tak-cslab.org/wp-cron.php?doing_wp_cron=1638170274.1502149105072021484375" "WordPress/5.8.2; https://ja.tak-cslab.org"
40.77.167.66 - - [29/Nov/2021:07:17:54 +0000] "GET /?page_id=204 HTTP/2.0" 301 0 "-" "Mozilla/5.0 (compatible; bingbot/2.0; +http://www.bing.com/bingbot.htm)"
34.206.38.217 - - [29/Nov/2021:07:17:55 +0000] "GET /feed HTTP/1.1" 200 55868 "-" "Automate.io BOT"
221.242.28.34 - - [29/Nov/2021:07:22:05 +0000] "GET /archives/1064 HTTP/2.0" 200 8921 "https://www.google.com/" "Mozilla/5.0 (Windows NT 10.0; Win64; x64) AppleWebKit/537.36 (KHTML, like Gecko) Chrome/96.0.4664.45 Safari/537.36"
221.242.28.34 - - [29/Nov/2021:07:22:06 +0000] "GET /wp-content/themes/cdsl/style.css?ver=1.3.1 HTTP/2.0" 200 272 "https://ja.tak-cslab.org/archives/1064" "Mozilla/5.0 (Windows NT 10.0; Win64; x64) AppleWebKit/537.36 (KHTML, like Gecko) Chrome/96.0.4664.45 Safari/537.36"
221.242.28.34 - - [29/Nov/2021:07:22:06 +0000] "GET /wp-content/themes/scaffold/assets/js/navigation.js?ver=1.3.1 HTTP/2.0" 200 1266 "https://ja.tak-cslab.org/archives/1064" "Mozilla/5.0 (Windows NT 10.0; Win64; x64) AppleWebKit/537.36 (KHTML, like Gecko) Chrome/96.0.4664.45 Safari/537.36"
221.242.28.34 - - [29/Nov/2021:07:22:06 +0000] "GET /wp-includes/js/comment-reply.min.js?ver=5.8.2 HTTP/2.0" 200 1390 "https://ja.tak-cslab.org/archives/1064" "Mozilla/5.0 (Windows NT 10.0; Win64; x64) AppleWebKit/537.36 (KHTML, like Gecko) Chrome/96.0.4664.45 Safari/537.36"
221.242.28.34 - - [29/Nov/2021:07:22:06 +0000] "GET /wp-includes/js/wp-embed.min.js?ver=5.8.2 HTTP/2.0" 200 779 "https://ja.tak-cslab.org/archives/1064" "Mozilla/5.0 (Windows NT 10.0; Win64; x64) AppleWebKit/537.36 (KHTML, like Gecko) Chrome/96.0.4664.45 Safari/537.36"
221.242.28.34 - - [29/Nov/2021:07:22:06 +0000] "GET /wp-content/themes/scaffold/style.css?ver=5.8.2 HTTP/2.0" 200 5846 "https://ja.tak-cslab.org/archives/1064" "Mozilla/5.0 (Windows NT 10.0; Win64; x64) AppleWebKit/537.36 (KHTML, like Gecko) Chrome/96.0.4664.45 Safari/537.36"
221.242.28.34 - - [29/Nov/2021:07:22:06 +0000] "GET /wp-includes/css/dist/block-library/style.min.css?ver=5.8.2 HTTP/2.0" 200 13704 "https://ja.tak-cslab.org/archives/1064" "Mozilla/5.0 (Windows NT 10.0; Win64; x64) AppleWebKit/537.36 (KHTML, like Gecko) Chrome/96.0.4664.45 Safari/537.36"
221.242.28.34 - - [29/Nov/2021:07:22:06 +0000] "GET /wp-includes/js/wp-emoji-release.min.js?ver=5.8.2 HTTP/2.0" 200 5714 "https://ja.tak-cslab.org/archives/1064" "Mozilla/5.0 (Windows NT 10.0; Win64; x64) AppleWebKit/537.36 (KHTML, like Gecko) Chrome/96.0.4664.45 Safari/537.36"
221.242.28.34 - - [29/Nov/2021:07:22:06 +0000] "GET /wp-content/plugins/native-lazyload/assets/images/placeholder.svg HTTP/2.0" 200 88 "https://ja.tak-cslab.org/archives/1064" "Mozilla/5.0 (Windows NT 10.0; Win64; x64) AppleWebKit/537.36 (KHTML, like Gecko) Chrome/96.0.4664.45 Safari/537.36"
221.242.28.34 - - [29/Nov/2021:07:22:06 +0000] "GET /favicon.ico HTTP/2.0" 302 0 "https://ja.tak-cslab.org/archives/1064" "Mozilla/5.0 (Windows NT 10.0; Win64; x64) AppleWebKit/537.36 (KHTML, like Gecko) Chrome/96.0.4664.45 Safari/537.36"
221.242.28.34 - - [29/Nov/2021:07:22:06 +0000] "GET /wp-content/uploads/2021/04/CDSL-System-Architecture2.png HTTP/2.0" 200 59389 "https://ja.tak-cslab.org/archives/1064" "Mozilla/5.0 (Windows NT 10.0; Win64; x64) AppleWebKit/537.36 (KHTML, like Gecko) Chrome/96.0.4664.45 Safari/537.36"
221.242.28.34 - - [29/Nov/2021:07:22:06 +0000] "GET /wp-includes/images/w-logo-blue-white-bg.png HTTP/2.0" 200 4119 "https://ja.tak-cslab.org/archives/1064" "Mozilla/5.0 (Windows NT 10.0; Win64; x64) AppleWebKit/537.36 (KHTML, like Gecko) Chrome/96.0.4664.45 Safari/537.36"
221.242.28.34 - - [29/Nov/2021:07:22:06 +0000] "GET /wp-content/uploads/2021/04/CDSL-System-Architecture1.png HTTP/2.0" 200 89919 "https://ja.tak-cslab.org/archives/1064" "Mozilla/5.0 (Windows NT 10.0; Win64; x64) AppleWebKit/537.36 (KHTML, like Gecko) Chrome/96.0.4664.45 Safari/537.36"
221.242.28.34 - - [29/Nov/2021:07:22:06 +0000] "GET /wp-content/uploads/2021/04/CDSL-System-Architecture3.png HTTP/2.0" 200 70474 "https://ja.tak-cslab.org/archives/1064" "Mozilla/5.0 (Windows NT 10.0; Win64; x64) AppleWebKit/537.36 (KHTML, like Gecko) Chrome/96.0.4664.45 Safari/537.36"
221.242.28.34 - - [29/Nov/2021:07:22:11 +0000] "GET /wp-content/uploads/2021/04/CDSL-System-Architecture1-1.png HTTP/2.0" 200 89919 "https://ja.tak-cslab.org/archives/1064" "Mozilla/5.0 (Windows NT 10.0; Win64; x64) AppleWebKit/537.36 (KHTML, like Gecko) Chrome/96.0.4664.45 Safari/537.36"
