163.215.6.1 - - [28/Nov/2021:00:01:06 +0000] "POST /wp-cron.php?doing_wp_cron=1638057666.5084409713745117187500 HTTP/1.1" 200 31 "https://ja.tak-cslab.org/wp-cron.php?doing_wp_cron=1638057666.5084409713745117187500" "WordPress/5.8.2; https://ja.tak-cslab.org"
34.206.38.217 - - [28/Nov/2021:00:01:06 +0000] "GET /feed HTTP/1.1" 200 55868 "-" "Automate.io BOT"
40.77.167.53 - - [28/Nov/2021:00:01:56 +0000] "GET /archives/date/2021/01 HTTP/2.0" 200 7704 "-" "Mozilla/5.0 (compatible; bingbot/2.0; +http://www.bing.com/bingbot.htm)"
216.245.221.83 - - [28/Nov/2021:00:02:27 +0000] "HEAD / HTTP/1.1" 301 0 "http://ja.tak-cslab.org/" "Mozilla/5.0+(compatible; UptimeRobot/2.0; http://www.uptimerobot.com/)"
216.245.221.83 - - [28/Nov/2021:00:02:27 +0000] "HEAD / HTTP/1.1" 200 0 "http://ja.tak-cslab.org/" "Mozilla/5.0+(compatible; UptimeRobot/2.0; http://www.uptimerobot.com/)"
34.206.38.217 - - [28/Nov/2021:00:06:07 +0000] "GET /feed HTTP/1.1" 200 55868 "-" "Automate.io BOT"
216.245.221.83 - - [28/Nov/2021:00:07:27 +0000] "HEAD / HTTP/1.1" 301 0 "http://ja.tak-cslab.org/" "Mozilla/5.0+(compatible; UptimeRobot/2.0; http://www.uptimerobot.com/)"
216.245.221.83 - - [28/Nov/2021:00:07:27 +0000] "HEAD / HTTP/1.1" 200 0 "http://ja.tak-cslab.org/" "Mozilla/5.0+(compatible; UptimeRobot/2.0; http://www.uptimerobot.com/)"
34.206.38.217 - - [28/Nov/2021:00:11:07 +0000] "GET /feed HTTP/1.1" 200 55867 "-" "Automate.io BOT"
216.245.221.83 - - [28/Nov/2021:00:12:27 +0000] "HEAD / HTTP/1.1" 301 0 "http://ja.tak-cslab.org/" "Mozilla/5.0+(compatible; UptimeRobot/2.0; http://www.uptimerobot.com/)"
216.245.221.83 - - [28/Nov/2021:00:12:27 +0000] "HEAD / HTTP/1.1" 200 0 "http://ja.tak-cslab.org/" "Mozilla/5.0+(compatible; UptimeRobot/2.0; http://www.uptimerobot.com/)"
3.239.87.53 - - [28/Nov/2021:00:13:41 +0000] "HEAD /feed HTTP/2.0" 200 0 "-" "Slackbot 1.0 (+https://api.slack.com/robots)"
18.234.200.5 - - [28/Nov/2021:00:13:41 +0000] "GET /feed HTTP/1.1" 200 55867 "-" "Slackbot 1.0 (+https://api.slack.com/robots)"
54.204.194.115 - - [28/Nov/2021:00:13:43 +0000] "GET / HTTP/1.1" 200 6312 "-" "Slackbot 1.0 (+https://api.slack.com/robots)"
40.77.167.66 - - [28/Nov/2021:00:13:51 +0000] "GET /wp-content/uploads/2020/12/image-1-600x258.png HTTP/2.0" 200 80053 "-" "Mozilla/5.0 (compatible; bingbot/2.0; +http://www.bing.com/bingbot.htm)"
34.206.38.217 - - [28/Nov/2021:00:16:06 +0000] "GET /feed HTTP/1.1" 200 55868 "-" "Automate.io BOT"
216.245.221.83 - - [28/Nov/2021:00:17:27 +0000] "HEAD / HTTP/1.1" 301 0 "http://ja.tak-cslab.org/" "Mozilla/5.0+(compatible; UptimeRobot/2.0; http://www.uptimerobot.com/)"
216.245.221.83 - - [28/Nov/2021:00:17:27 +0000] "HEAD / HTTP/1.1" 200 0 "http://ja.tak-cslab.org/" "Mozilla/5.0+(compatible; UptimeRobot/2.0; http://www.uptimerobot.com/)"
207.46.13.85 - - [28/Nov/2021:00:19:19 +0000] "GET /wp-content/uploads/2020/01/iot2-e1585573992906.png HTTP/2.0" 200 439802 "-" "Mozilla/5.0 (compatible; bingbot/2.0; +http://www.bing.com/bingbot.htm)"
163.215.6.1 - - [28/Nov/2021:00:21:06 +0000] "POST /wp-cron.php?doing_wp_cron=1638058866.7407019138336181640625 HTTP/1.1" 200 31 "https://ja.tak-cslab.org/wp-cron.php?doing_wp_cron=1638058866.7407019138336181640625" "WordPress/5.8.2; https://ja.tak-cslab.org"
34.206.38.217 - - [28/Nov/2021:00:21:06 +0000] "GET /feed HTTP/1.1" 200 55868 "-" "Automate.io BOT"
40.77.167.66 - - [28/Nov/2021:00:21:32 +0000] "GET /wp-content/uploads/2020/08/%E3%82%B3%E3%83%A1%E3%83%B3%E3%83%88-2019-11-05-105647.png HTTP/2.0" 200 98901 "-" "Mozilla/5.0 (compatible; bingbot/2.0; +http://www.bing.com/bingbot.htm)"
216.245.221.83 - - [28/Nov/2021:00:22:27 +0000] "HEAD / HTTP/1.1" 301 0 "http://ja.tak-cslab.org/" "Mozilla/5.0+(compatible; UptimeRobot/2.0; http://www.uptimerobot.com/)"
216.245.221.83 - - [28/Nov/2021:00:22:27 +0000] "HEAD / HTTP/1.1" 200 0 "http://ja.tak-cslab.org/" "Mozilla/5.0+(compatible; UptimeRobot/2.0; http://www.uptimerobot.com/)"
207.46.13.85 - - [28/Nov/2021:00:23:20 +0000] "GET /wp-content/uploads/2021/03/iOS-%E3%81%AE%E7%94%BB%E5%83%8F-1040x780.jpg HTTP/2.0" 200 115963 "-" "Mozilla/5.0 (compatible; bingbot/2.0; +http://www.bing.com/bingbot.htm)"
34.206.38.217 - - [28/Nov/2021:00:26:06 +0000] "GET /feed HTTP/1.1" 200 55868 "-" "Automate.io BOT"
216.245.221.83 - - [28/Nov/2021:00:27:27 +0000] "HEAD / HTTP/1.1" 301 0 "http://ja.tak-cslab.org/" "Mozilla/5.0+(compatible; UptimeRobot/2.0; http://www.uptimerobot.com/)"
216.245.221.83 - - [28/Nov/2021:00:27:27 +0000] "HEAD / HTTP/1.1" 200 0 "http://ja.tak-cslab.org/" "Mozilla/5.0+(compatible; UptimeRobot/2.0; http://www.uptimerobot.com/)"
34.206.38.217 - - [28/Nov/2021:00:31:06 +0000] "GET /feed HTTP/1.1" 200 55861 "-" "Automate.io BOT"
216.245.221.83 - - [28/Nov/2021:00:32:27 +0000] "HEAD / HTTP/1.1" 301 0 "http://ja.tak-cslab.org/" "Mozilla/5.0+(compatible; UptimeRobot/2.0; http://www.uptimerobot.com/)"
216.245.221.83 - - [28/Nov/2021:00:32:27 +0000] "HEAD / HTTP/1.1" 200 0 "http://ja.tak-cslab.org/" "Mozilla/5.0+(compatible; UptimeRobot/2.0; http://www.uptimerobot.com/)"
44.197.188.118 - - [28/Nov/2021:00:33:39 +0000] "HEAD /feed HTTP/2.0" 200 0 "-" "Slackbot 1.0 (+https://api.slack.com/robots)"
3.84.233.197 - - [28/Nov/2021:00:33:40 +0000] "GET /feed HTTP/1.1" 200 55854 "-" "Slackbot 1.0 (+https://api.slack.com/robots)"
54.234.115.42 - - [28/Nov/2021:00:33:41 +0000] "GET / HTTP/1.1" 200 6313 "-" "Slackbot 1.0 (+https://api.slack.com/robots)"
34.206.38.217 - - [28/Nov/2021:00:36:06 +0000] "GET /feed HTTP/1.1" 200 55868 "-" "Automate.io BOT"
216.245.221.83 - - [28/Nov/2021:00:37:27 +0000] "HEAD / HTTP/1.1" 301 0 "http://ja.tak-cslab.org/" "Mozilla/5.0+(compatible; UptimeRobot/2.0; http://www.uptimerobot.com/)"
216.245.221.83 - - [28/Nov/2021:00:37:27 +0000] "HEAD / HTTP/1.1" 200 0 "http://ja.tak-cslab.org/" "Mozilla/5.0+(compatible; UptimeRobot/2.0; http://www.uptimerobot.com/)"
66.249.79.158 - - [28/Nov/2021:00:39:32 +0000] "GET /archives/1345 HTTP/1.1" 200 9553 "-" "Mozilla/5.0 (compatible; Googlebot/2.1; +http://www.google.com/bot.html)"
34.206.38.217 - - [28/Nov/2021:00:41:06 +0000] "GET /feed HTTP/1.1" 200 55868 "-" "Automate.io BOT"
216.245.221.83 - - [28/Nov/2021:00:42:27 +0000] "HEAD / HTTP/1.1" 301 0 "http://ja.tak-cslab.org/" "Mozilla/5.0+(compatible; UptimeRobot/2.0; http://www.uptimerobot.com/)"
216.245.221.83 - - [28/Nov/2021:00:42:27 +0000] "HEAD / HTTP/1.1" 200 0 "http://ja.tak-cslab.org/" "Mozilla/5.0+(compatible; UptimeRobot/2.0; http://www.uptimerobot.com/)"
113.147.10.206 - - [28/Nov/2021:00:42:40 +0000] "GET / HTTP/2.0" 200 6293 "-" "Mozilla/5.0 (Macintosh; Intel Mac OS X 10.15; rv:94.0) Gecko/20100101 Firefox/94.0"
113.147.10.206 - - [28/Nov/2021:00:42:40 +0000] "GET /favicon.ico HTTP/2.0" 302 0 "https://ja.tak-cslab.org/" "Mozilla/5.0 (Macintosh; Intel Mac OS X 10.15; rv:94.0) Gecko/20100101 Firefox/94.0"
35.185.241.102 - - [28/Nov/2021:00:42:41 +0000] "GET / HTTP/1.1" 301 162 "-" "Mozilla/5.0 (Windows NT 6.1; WOW64; Trident/7.0; rv:11.0) like Gecko"
35.185.241.102 - - [28/Nov/2021:00:42:41 +0000] "GET / HTTP/1.1" 200 6306 "-" "Mozilla/5.0 (Windows NT 6.1; WOW64; Trident/7.0; rv:11.0) like Gecko"
113.147.10.206 - - [28/Nov/2021:00:42:46 +0000] "GET /tech-report HTTP/2.0" 200 12209 "https://ja.tak-cslab.org/" "Mozilla/5.0 (Macintosh; Intel Mac OS X 10.15; rv:94.0) Gecko/20100101 Firefox/94.0"
113.147.10.206 - - [28/Nov/2021:00:42:48 +0000] "GET /topics/news HTTP/2.0" 200 7875 "https://ja.tak-cslab.org/tech-report" "Mozilla/5.0 (Macintosh; Intel Mac OS X 10.15; rv:94.0) Gecko/20100101 Firefox/94.0"
113.147.10.206 - - [28/Nov/2021:00:42:54 +0000] "GET /access HTTP/2.0" 200 6167 "https://ja.tak-cslab.org/topics/news" "Mozilla/5.0 (Macintosh; Intel Mac OS X 10.15; rv:94.0) Gecko/20100101 Firefox/94.0"
113.147.10.206 - - [28/Nov/2021:00:42:58 +0000] "GET /join-us HTTP/2.0" 200 5647 "https://ja.tak-cslab.org/access" "Mozilla/5.0 (Macintosh; Intel Mac OS X 10.15; rv:94.0) Gecko/20100101 Firefox/94.0"
35.185.241.102 - - [28/Nov/2021:00:42:59 +0000] "GET / HTTP/1.1" 301 162 "-" "Mozilla/5.0 (Windows NT 6.1; WOW64; Trident/7.0; rv:11.0) like Gecko"
35.185.241.102 - - [28/Nov/2021:00:42:59 +0000] "GET / HTTP/1.1" 200 6306 "-" "Mozilla/5.0 (Windows NT 6.1; WOW64; Trident/7.0; rv:11.0) like Gecko"
113.147.10.206 - - [28/Nov/2021:00:43:06 +0000] "GET /10gin_cds1 HTTP/2.0" 200 4505 "-" "Mozilla/5.0 (Macintosh; Intel Mac OS X 10.15; rv:94.0) Gecko/20100101 Firefox/94.0"
113.147.10.206 - - [28/Nov/2021:00:43:07 +0000] "GET /wp-includes/js/jquery/jquery-migrate.min.js?ver=3.3.2 HTTP/2.0" 200 4565 "https://ja.tak-cslab.org/10gin_cds1" "Mozilla/5.0 (Macintosh; Intel Mac OS X 10.15; rv:94.0) Gecko/20100101 Firefox/94.0"
113.147.10.206 - - [28/Nov/2021:00:43:07 +0000] "GET /wp-includes/css/buttons.min.css?ver=5.8.2 HTTP/2.0" 200 1648 "https://ja.tak-cslab.org/10gin_cds1" "Mozilla/5.0 (Macintosh; Intel Mac OS X 10.15; rv:94.0) Gecko/20100101 Firefox/94.0"
113.147.10.206 - - [28/Nov/2021:00:43:07 +0000] "GET /wp-admin/css/l10n.min.css?ver=5.8.2 HTTP/2.0" 200 747 "https://ja.tak-cslab.org/10gin_cds1" "Mozilla/5.0 (Macintosh; Intel Mac OS X 10.15; rv:94.0) Gecko/20100101 Firefox/94.0"
113.147.10.206 - - [28/Nov/2021:00:43:07 +0000] "GET /wp-admin/css/login.min.css?ver=5.8.2 HTTP/2.0" 200 2249 "https://ja.tak-cslab.org/10gin_cds1" "Mozilla/5.0 (Macintosh; Intel Mac OS X 10.15; rv:94.0) Gecko/20100101 Firefox/94.0"
113.147.10.206 - - [28/Nov/2021:00:43:07 +0000] "GET /wp-includes/js/zxcvbn-async.min.js?ver=1.0 HTTP/2.0" 200 258 "https://ja.tak-cslab.org/10gin_cds1" "Mozilla/5.0 (Macintosh; Intel Mac OS X 10.15; rv:94.0) Gecko/20100101 Firefox/94.0"
113.147.10.206 - - [28/Nov/2021:00:43:07 +0000] "GET /wp-includes/js/dist/vendor/regenerator-runtime.min.js?ver=0.13.7 HTTP/2.0" 200 2599 "https://ja.tak-cslab.org/10gin_cds1" "Mozilla/5.0 (Macintosh; Intel Mac OS X 10.15; rv:94.0) Gecko/20100101 Firefox/94.0"
113.147.10.206 - - [28/Nov/2021:00:43:07 +0000] "GET /wp-includes/js/dist/hooks.min.js?ver=a7edae857aab69d69fa10d5aef23a5de HTTP/2.0" 200 1918 "https://ja.tak-cslab.org/10gin_cds1" "Mozilla/5.0 (Macintosh; Intel Mac OS X 10.15; rv:94.0) Gecko/20100101 Firefox/94.0"
113.147.10.206 - - [28/Nov/2021:00:43:07 +0000] "GET /wp-admin/js/password-strength-meter.min.js?ver=5.8.2 HTTP/2.0" 200 630 "https://ja.tak-cslab.org/10gin_cds1" "Mozilla/5.0 (Macintosh; Intel Mac OS X 10.15; rv:94.0) Gecko/20100101 Firefox/94.0"
113.147.10.206 - - [28/Nov/2021:00:43:07 +0000] "GET /wp-includes/js/wp-util.min.js?ver=5.8.2 HTTP/2.0" 200 719 "https://ja.tak-cslab.org/10gin_cds1" "Mozilla/5.0 (Macintosh; Intel Mac OS X 10.15; rv:94.0) Gecko/20100101 Firefox/94.0"
113.147.10.206 - - [28/Nov/2021:00:43:07 +0000] "GET /wp-admin/js/user-profile.min.js?ver=5.8.2 HTTP/2.0" 200 2463 "https://ja.tak-cslab.org/10gin_cds1" "Mozilla/5.0 (Macintosh; Intel Mac OS X 10.15; rv:94.0) Gecko/20100101 Firefox/94.0"
113.147.10.206 - - [28/Nov/2021:00:43:07 +0000] "GET /wp-admin/css/forms.min.css?ver=5.8.2 HTTP/2.0" 200 7473 "https://ja.tak-cslab.org/10gin_cds1" "Mozilla/5.0 (Macintosh; Intel Mac OS X 10.15; rv:94.0) Gecko/20100101 Firefox/94.0"
113.147.10.206 - - [28/Nov/2021:00:43:07 +0000] "GET /wp-includes/js/jquery/jquery-migrate.min.js?ver=3.3.2 HTTP/2.0" 200 4565 "-" "Mozilla/5.0 (Macintosh; Intel Mac OS X 10.15; rv:94.0) Gecko/20100101 Firefox/94.0"
113.147.10.206 - - [28/Nov/2021:00:43:07 +0000] "GET /wp-includes/js/dist/vendor/wp-polyfill.min.js?ver=3.15.0 HTTP/2.0" 200 6737 "https://ja.tak-cslab.org/10gin_cds1" "Mozilla/5.0 (Macintosh; Intel Mac OS X 10.15; rv:94.0) Gecko/20100101 Firefox/94.0"
113.147.10.206 - - [28/Nov/2021:00:43:07 +0000] "GET /wp-includes/js/underscore.min.js?ver=1.13.1 HTTP/2.0" 200 8109 "https://ja.tak-cslab.org/10gin_cds1" "Mozilla/5.0 (Macintosh; Intel Mac OS X 10.15; rv:94.0) Gecko/20100101 Firefox/94.0"
113.147.10.206 - - [28/Nov/2021:00:43:07 +0000] "GET /wp-includes/css/dashicons.min.css?ver=5.8.2 HTTP/2.0" 200 36701 "https://ja.tak-cslab.org/10gin_cds1" "Mozilla/5.0 (Macintosh; Intel Mac OS X 10.15; rv:94.0) Gecko/20100101 Firefox/94.0"
113.147.10.206 - - [28/Nov/2021:00:43:07 +0000] "GET /wp-includes/js/zxcvbn-async.min.js?ver=1.0 HTTP/2.0" 200 258 "-" "Mozilla/5.0 (Macintosh; Intel Mac OS X 10.15; rv:94.0) Gecko/20100101 Firefox/94.0"
113.147.10.206 - - [28/Nov/2021:00:43:07 +0000] "GET /wp-includes/js/dist/vendor/regenerator-runtime.min.js?ver=0.13.7 HTTP/2.0" 200 2599 "-" "Mozilla/5.0 (Macintosh; Intel Mac OS X 10.15; rv:94.0) Gecko/20100101 Firefox/94.0"
113.147.10.206 - - [28/Nov/2021:00:43:07 +0000] "GET /wp-includes/js/dist/hooks.min.js?ver=a7edae857aab69d69fa10d5aef23a5de HTTP/2.0" 200 1918 "-" "Mozilla/5.0 (Macintosh; Intel Mac OS X 10.15; rv:94.0) Gecko/20100101 Firefox/94.0"
113.147.10.206 - - [28/Nov/2021:00:43:07 +0000] "GET /wp-admin/js/password-strength-meter.min.js?ver=5.8.2 HTTP/2.0" 200 630 "-" "Mozilla/5.0 (Macintosh; Intel Mac OS X 10.15; rv:94.0) Gecko/20100101 Firefox/94.0"
113.147.10.206 - - [28/Nov/2021:00:43:07 +0000] "GET /wp-includes/js/jquery/jquery.min.js?ver=3.6.0 HTTP/2.0" 200 36052 "https://ja.tak-cslab.org/10gin_cds1" "Mozilla/5.0 (Macintosh; Intel Mac OS X 10.15; rv:94.0) Gecko/20100101 Firefox/94.0"
113.147.10.206 - - [28/Nov/2021:00:43:07 +0000] "GET /wp-includes/js/wp-util.min.js?ver=5.8.2 HTTP/2.0" 200 719 "-" "Mozilla/5.0 (Macintosh; Intel Mac OS X 10.15; rv:94.0) Gecko/20100101 Firefox/94.0"
113.147.10.206 - - [28/Nov/2021:00:43:07 +0000] "GET /wp-includes/js/dist/i18n.min.js?ver=5f1269854226b4dd90450db411a12b79 HTTP/2.0" 200 4120 "-" "Mozilla/5.0 (Macintosh; Intel Mac OS X 10.15; rv:94.0) Gecko/20100101 Firefox/94.0"
113.147.10.206 - - [28/Nov/2021:00:43:07 +0000] "GET /wp-admin/js/user-profile.min.js?ver=5.8.2 HTTP/2.0" 200 2463 "-" "Mozilla/5.0 (Macintosh; Intel Mac OS X 10.15; rv:94.0) Gecko/20100101 Firefox/94.0"
113.147.10.206 - - [28/Nov/2021:00:43:07 +0000] "GET /wp-includes/js/dist/vendor/wp-polyfill.min.js?ver=3.15.0 HTTP/2.0" 200 6737 "-" "Mozilla/5.0 (Macintosh; Intel Mac OS X 10.15; rv:94.0) Gecko/20100101 Firefox/94.0"
113.147.10.206 - - [28/Nov/2021:00:43:07 +0000] "GET /wp-includes/js/underscore.min.js?ver=1.13.1 HTTP/2.0" 200 8109 "-" "Mozilla/5.0 (Macintosh; Intel Mac OS X 10.15; rv:94.0) Gecko/20100101 Firefox/94.0"
113.147.10.206 - - [28/Nov/2021:00:43:07 +0000] "GET /wp-admin/images/wordpress-logo.svg?ver=20131107 HTTP/2.0" 200 1521 "https://ja.tak-cslab.org/wp-admin/css/login.min.css?ver=5.8.2" "Mozilla/5.0 (Macintosh; Intel Mac OS X 10.15; rv:94.0) Gecko/20100101 Firefox/94.0"
113.147.10.206 - - [28/Nov/2021:00:43:07 +0000] "GET /wp-content/plugins/google-apps-login//img/google.svg HTTP/2.0" 200 3821 "https://ja.tak-cslab.org/10gin_cds1" "Mozilla/5.0 (Macintosh; Intel Mac OS X 10.15; rv:94.0) Gecko/20100101 Firefox/94.0"
113.147.10.206 - - [28/Nov/2021:00:43:07 +0000] "GET /wp-includes/js/jquery/jquery.min.js?ver=3.6.0 HTTP/2.0" 200 36052 "-" "Mozilla/5.0 (Macintosh; Intel Mac OS X 10.15; rv:94.0) Gecko/20100101 Firefox/94.0"
113.147.10.206 - - [28/Nov/2021:00:43:07 +0000] "GET /wp-includes/js/zxcvbn.min.js HTTP/2.0" 200 440333 "https://ja.tak-cslab.org/10gin_cds1" "Mozilla/5.0 (Macintosh; Intel Mac OS X 10.15; rv:94.0) Gecko/20100101 Firefox/94.0"
113.147.10.206 - - [28/Nov/2021:00:43:07 +0000] "GET /wp-includes/js/zxcvbn.min.js HTTP/2.0" 200 440333 "-" "Mozilla/5.0 (Macintosh; Intel Mac OS X 10.15; rv:94.0) Gecko/20100101 Firefox/94.0"
113.147.10.206 - - [28/Nov/2021:00:43:13 +0000] "GET /10gin_cds1?state=f6ff399003%257C&code=4/0AX4XfWhMzPj7JU-S3jIOJeiv4TZsXtUsOVYMAwNghv8b0_hU-6xXaqta2cdBasjRbgySLA&scope=email%20profile%20openid%20https://www.googleapis.com/auth/userinfo.email%20https://www.googleapis.com/auth/userinfo.profile&authuser=0&hd=edu.teu.ac.jp&prompt=none HTTP/2.0" 302 0 "https://accounts.google.com/" "Mozilla/5.0 (Macintosh; Intel Mac OS X 10.15; rv:94.0) Gecko/20100101 Firefox/94.0"
113.147.10.206 - - [28/Nov/2021:00:43:14 +0000] "GET /wp-admin/ HTTP/2.0" 200 26169 "https://accounts.google.com/" "Mozilla/5.0 (Macintosh; Intel Mac OS X 10.15; rv:94.0) Gecko/20100101 Firefox/94.0"
113.147.10.206 - - [28/Nov/2021:00:43:14 +0000] "GET /wp-includes/js/thickbox/thickbox.css?ver=5.8.2 HTTP/2.0" 200 1032 "https://ja.tak-cslab.org/wp-admin/" "Mozilla/5.0 (Macintosh; Intel Mac OS X 10.15; rv:94.0) Gecko/20100101 Firefox/94.0"
113.147.10.206 - - [28/Nov/2021:00:43:14 +0000] "GET /wp-content/plugins/seo-simple-pack/dist/css/common.css?ver=2.2.7 HTTP/2.0" 200 389 "https://ja.tak-cslab.org/wp-admin/" "Mozilla/5.0 (Macintosh; Intel Mac OS X 10.15; rv:94.0) Gecko/20100101 Firefox/94.0"
113.147.10.206 - - [28/Nov/2021:00:43:14 +0000] "GET /wp-content/plugins/wp-statistics/assets/css/jqvmap/jqvmap.min.css?ver=1.5.1 HTTP/2.0" 200 296 "https://ja.tak-cslab.org/wp-admin/" "Mozilla/5.0 (Macintosh; Intel Mac OS X 10.15; rv:94.0) Gecko/20100101 Firefox/94.0"
113.147.10.206 - - [28/Nov/2021:00:43:14 +0000] "GET /wp-content/plugins/sendgrid-email-delivery-simplified/view/css/sendgrid.css?ver=5.8.2 HTTP/2.0" 200 1828 "https://ja.tak-cslab.org/wp-admin/" "Mozilla/5.0 (Macintosh; Intel Mac OS X 10.15; rv:94.0) Gecko/20100101 Firefox/94.0"
113.147.10.206 - - [28/Nov/2021:00:43:14 +0000] "GET /wp-content/plugins/wp-statistics/assets/js/jqvmap/jquery.vmap.min.js?ver=1.5.1 HTTP/2.0" 200 7214 "https://ja.tak-cslab.org/wp-admin/" "Mozilla/5.0 (Macintosh; Intel Mac OS X 10.15; rv:94.0) Gecko/20100101 Firefox/94.0"
113.147.10.206 - - [28/Nov/2021:00:43:14 +0000] "GET /wp-includes/js/api-request.min.js?ver=5.8.2 HTTP/2.0" 200 597 "https://ja.tak-cslab.org/wp-admin/" "Mozilla/5.0 (Macintosh; Intel Mac OS X 10.15; rv:94.0) Gecko/20100101 Firefox/94.0"
113.147.10.206 - - [28/Nov/2021:00:43:14 +0000] "GET /wp-admin/load-scripts.php?c=0&load%5Bchunk_0%5D=hoverIntent,regenerator-runtime,wp-polyfill,wp-hooks&ver=5.8.2 HTTP/2.0" 200 11595 "-" "Mozilla/5.0 (Macintosh; Intel Mac OS X 10.15; rv:94.0) Gecko/20100101 Firefox/94.0"
113.147.10.206 - - [28/Nov/2021:00:43:14 +0000] "GET /wp-includes/js/api-request.min.js?ver=5.8.2 HTTP/2.0" 200 597 "-" "Mozilla/5.0 (Macintosh; Intel Mac OS X 10.15; rv:94.0) Gecko/20100101 Firefox/94.0"
113.147.10.206 - - [28/Nov/2021:00:43:14 +0000] "GET /wp-content/plugins/wp-statistics/assets/js/admin.min.js?ver=13.1.2 HTTP/2.0" 304 0 "https://ja.tak-cslab.org/wp-admin/" "Mozilla/5.0 (Macintosh; Intel Mac OS X 10.15; rv:94.0) Gecko/20100101 Firefox/94.0"
113.147.10.206 - - [28/Nov/2021:00:43:14 +0000] "GET /wp-content/plugins/sendgrid-email-delivery-simplified/view/js/jquery.flot.togglelegend.js?ver=5.8.2 HTTP/2.0" 200 2043 "https://ja.tak-cslab.org/wp-admin/" "Mozilla/5.0 (Macintosh; Intel Mac OS X 10.15; rv:94.0) Gecko/20100101 Firefox/94.0"
113.147.10.206 - - [28/Nov/2021:00:43:14 +0000] "GET /wp-content/plugins/wp-statistics/assets/js/jqvmap/jquery.vmap.min.js?ver=1.5.1 HTTP/2.0" 200 7214 "-" "Mozilla/5.0 (Macintosh; Intel Mac OS X 10.15; rv:94.0) Gecko/20100101 Firefox/94.0"
113.147.10.206 - - [28/Nov/2021:00:43:14 +0000] "GET /wp-includes/js/hoverintent-js.min.js?ver=2.2.1 HTTP/2.0" 200 738 "-" "Mozilla/5.0 (Macintosh; Intel Mac OS X 10.15; rv:94.0) Gecko/20100101 Firefox/94.0"
113.147.10.206 - - [28/Nov/2021:00:43:14 +0000] "GET /wp-content/plugins/wp-statistics/assets/js/admin.min.js?ver=13.1.2 HTTP/2.0" 200 13994 "-" "Mozilla/5.0 (Macintosh; Intel Mac OS X 10.15; rv:94.0) Gecko/20100101 Firefox/94.0"
113.147.10.206 - - [28/Nov/2021:00:43:14 +0000] "GET /wp-includes/js/dist/vendor/lodash.min.js?ver=4.17.19 HTTP/2.0" 200 29528 "https://ja.tak-cslab.org/wp-admin/" "Mozilla/5.0 (Macintosh; Intel Mac OS X 10.15; rv:94.0) Gecko/20100101 Firefox/94.0"
113.147.10.206 - - [28/Nov/2021:00:43:14 +0000] "GET /wp-admin/load-scripts.php?c=0&load%5Bchunk_0%5D=jquery-core,jquery-migrate,utils&ver=5.8.2 HTTP/2.0" 200 40810 "https://ja.tak-cslab.org/wp-admin/" "Mozilla/5.0 (Macintosh; Intel Mac OS X 10.15; rv:94.0) Gecko/20100101 Firefox/94.0"
113.147.10.206 - - [28/Nov/2021:00:43:14 +0000] "GET /wp-content/plugins/sendgrid-email-delivery-simplified/view/js/jquery.flot.togglelegend.js?ver=5.8.2 HTTP/2.0" 200 2043 "-" "Mozilla/5.0 (Macintosh; Intel Mac OS X 10.15; rv:94.0) Gecko/20100101 Firefox/94.0"
113.147.10.206 - - [28/Nov/2021:00:43:14 +0000] "GET /wp-admin/js/edit-comments.min.js?ver=5.8.2 HTTP/2.0" 200 5780 "https://ja.tak-cslab.org/wp-admin/" "Mozilla/5.0 (Macintosh; Intel Mac OS X 10.15; rv:94.0) Gecko/20100101 Firefox/94.0"
113.147.10.206 - - [28/Nov/2021:00:43:14 +0000] "GET /wp-includes/js/thickbox/thickbox.js?ver=3.1-20121105 HTTP/2.0" 200 4488 "https://ja.tak-cslab.org/wp-admin/" "Mozilla/5.0 (Macintosh; Intel Mac OS X 10.15; rv:94.0) Gecko/20100101 Firefox/94.0"
113.147.10.206 - - [28/Nov/2021:00:43:14 +0000] "GET /wp-includes/js/jquery/ui/sortable.min.js?ver=1.12.1 HTTP/2.0" 200 7661 "https://ja.tak-cslab.org/wp-admin/" "Mozilla/5.0 (Macintosh; Intel Mac OS X 10.15; rv:94.0) Gecko/20100101 Firefox/94.0"
113.147.10.206 - - [28/Nov/2021:00:43:14 +0000] "GET /wp-content/plugins/wp-statistics/assets/js/jqvmap/jquery.vmap.world.min.js?ver=1.5.1 HTTP/2.0" 200 26398 "https://ja.tak-cslab.org/wp-admin/" "Mozilla/5.0 (Macintosh; Intel Mac OS X 10.15; rv:94.0) Gecko/20100101 Firefox/94.0"
113.147.10.206 - - [28/Nov/2021:00:43:14 +0000] "GET /wp-includes/js/jquery/ui/datepicker.min.js?ver=1.12.1 HTTP/2.0" 200 12584 "https://ja.tak-cslab.org/wp-admin/" "Mozilla/5.0 (Macintosh; Intel Mac OS X 10.15; rv:94.0) Gecko/20100101 Firefox/94.0"
113.147.10.206 - - [28/Nov/2021:00:43:14 +0000] "GET /wp-content/plugins/wp-statistics/assets/css/admin.min.css?ver=13.1.2 HTTP/2.0" 200 15362 "https://ja.tak-cslab.org/wp-admin/" "Mozilla/5.0 (Macintosh; Intel Mac OS X 10.15; rv:94.0) Gecko/20100101 Firefox/94.0"
113.147.10.206 - - [28/Nov/2021:00:43:14 +0000] "GET /wp-admin/js/updates.min.js?ver=5.8.2 HTTP/2.0" 200 11090 "https://ja.tak-cslab.org/wp-admin/" "Mozilla/5.0 (Macintosh; Intel Mac OS X 10.15; rv:94.0) Gecko/20100101 Firefox/94.0"
113.147.10.206 - - [28/Nov/2021:00:43:14 +0000] "GET /wp-admin/js/edit-comments.min.js?ver=5.8.2 HTTP/2.0" 200 5780 "-" "Mozilla/5.0 (Macintosh; Intel Mac OS X 10.15; rv:94.0) Gecko/20100101 Firefox/94.0"
113.147.10.206 - - [28/Nov/2021:00:43:14 +0000] "GET /wp-includes/js/dist/vendor/moment.min.js?ver=2.29.1 HTTP/2.0" 200 21325 "https://ja.tak-cslab.org/wp-admin/" "Mozilla/5.0 (Macintosh; Intel Mac OS X 10.15; rv:94.0) Gecko/20100101 Firefox/94.0"
113.147.10.206 - - [28/Nov/2021:00:43:14 +0000] "GET /wp-includes/js/thickbox/thickbox.js?ver=3.1-20121105 HTTP/2.0" 200 4488 "-" "Mozilla/5.0 (Macintosh; Intel Mac OS X 10.15; rv:94.0) Gecko/20100101 Firefox/94.0"
113.147.10.206 - - [28/Nov/2021:00:43:14 +0000] "GET /wp-includes/js/jquery/ui/datepicker.min.js?ver=1.12.1 HTTP/2.0" 200 12584 "-" "Mozilla/5.0 (Macintosh; Intel Mac OS X 10.15; rv:94.0) Gecko/20100101 Firefox/94.0"
113.147.10.206 - - [28/Nov/2021:00:43:14 +0000] "GET /wp-admin/load-styles.php?c=0&dir=ltr&load%5Bchunk_0%5D=dashicons,admin-bar,site-health,common,forms,admin-menu,dashboard,list-tables,edit,revisions,media,themes,about,nav-menus,wp-poi&load%5Bchunk_1%5D=nter,widgets,site-icon,l10n,buttons,wp-auth-check&ver=5.8.2 HTTP/2.0" 200 120254 "https://ja.tak-cslab.org/wp-admin/" "Mozilla/5.0 (Macintosh; Intel Mac OS X 10.15; rv:94.0) Gecko/20100101 Firefox/94.0"
113.147.10.206 - - [28/Nov/2021:00:43:14 +0000] "GET /wp-includes/js/jquery/ui/sortable.min.js?ver=1.12.1 HTTP/2.0" 200 7661 "-" "Mozilla/5.0 (Macintosh; Intel Mac OS X 10.15; rv:94.0) Gecko/20100101 Firefox/94.0"
113.147.10.206 - - [28/Nov/2021:00:43:14 +0000] "GET /wp-admin/css/colors/ectoplasm/colors.min.css?ver=5.8.2 HTTP/2.0" 200 3799 "https://ja.tak-cslab.org/wp-admin/" "Mozilla/5.0 (Macintosh; Intel Mac OS X 10.15; rv:94.0) Gecko/20100101 Firefox/94.0"
113.147.10.206 - - [28/Nov/2021:00:43:14 +0000] "GET /wp-content/plugins/sendgrid-email-delivery-simplified/view/js/jquery.flot.symbol.js?ver=5.8.2 HTTP/2.0" 200 824 "https://ja.tak-cslab.org/wp-admin/" "Mozilla/5.0 (Macintosh; Intel Mac OS X 10.15; rv:94.0) Gecko/20100101 Firefox/94.0"
113.147.10.206 - - [28/Nov/2021:00:43:14 +0000] "GET /wp-includes/js/wp-sanitize.min.js?ver=5.8.2 HTTP/2.0" 200 284 "https://ja.tak-cslab.org/wp-admin/" "Mozilla/5.0 (Macintosh; Intel Mac OS X 10.15; rv:94.0) Gecko/20100101 Firefox/94.0"
113.147.10.206 - - [28/Nov/2021:00:43:14 +0000] "GET /wp-content/plugins/wp-statistics/assets/js/jqvmap/jquery.vmap.world.min.js?ver=1.5.1 HTTP/2.0" 200 26398 "-" "Mozilla/5.0 (Macintosh; Intel Mac OS X 10.15; rv:94.0) Gecko/20100101 Firefox/94.0"
113.147.10.206 - - [28/Nov/2021:00:43:14 +0000] "GET /wp-content/plugins/sendgrid-email-delivery-simplified/view/css/datepicker/smoothness/jquery-ui-1.10.3.custom.css?ver=5.8.2 HTTP/2.0" 200 4761 "https://ja.tak-cslab.org/wp-admin/" "Mozilla/5.0 (Macintosh; Intel Mac OS X 10.15; rv:94.0) Gecko/20100101 Firefox/94.0"
113.147.10.206 - - [28/Nov/2021:00:43:14 +0000] "GET /wp-content/plugins/sendgrid-email-delivery-simplified/view/js/jquery.flot.time.js?ver=5.8.2 HTTP/2.0" 200 4190 "https://ja.tak-cslab.org/wp-admin/" "Mozilla/5.0 (Macintosh; Intel Mac OS X 10.15; rv:94.0) Gecko/20100101 Firefox/94.0"
113.147.10.206 - - [28/Nov/2021:00:43:14 +0000] "GET /wp-admin/js/updates.min.js?ver=5.8.2 HTTP/2.0" 200 11090 "-" "Mozilla/5.0 (Macintosh; Intel Mac OS X 10.15; rv:94.0) Gecko/20100101 Firefox/94.0"
113.147.10.206 - - [28/Nov/2021:00:43:14 +0000] "GET /wp-includes/js/dist/vendor/lodash.min.js?ver=4.17.19 HTTP/2.0" 200 29528 "-" "Mozilla/5.0 (Macintosh; Intel Mac OS X 10.15; rv:94.0) Gecko/20100101 Firefox/94.0"
113.147.10.206 - - [28/Nov/2021:00:43:14 +0000] "GET /wp-content/plugins/sendgrid-email-delivery-simplified/view/js/sendgrid.stats-v1.7.3.js?ver=5.8.2 HTTP/2.0" 200 4514 "https://ja.tak-cslab.org/wp-admin/" "Mozilla/5.0 (Macintosh; Intel Mac OS X 10.15; rv:94.0) Gecko/20100101 Firefox/94.0"
113.147.10.206 - - [28/Nov/2021:00:43:14 +0000] "GET /wp-admin/load-scripts.php?c=0&load%5Bchunk_0%5D=jquery-core,jquery-migrate,utils&ver=5.8.2 HTTP/2.0" 200 40810 "-" "Mozilla/5.0 (Macintosh; Intel Mac OS X 10.15; rv:94.0) Gecko/20100101 Firefox/94.0"
113.147.10.206 - - [28/Nov/2021:00:43:14 +0000] "GET /wp-includes/js/dist/vendor/moment.min.js?ver=2.29.1 HTTP/2.0" 200 21325 "-" "Mozilla/5.0 (Macintosh; Intel Mac OS X 10.15; rv:94.0) Gecko/20100101 Firefox/94.0"
113.147.10.206 - - [28/Nov/2021:00:43:14 +0000] "GET /wp-includes/js/shortcode.min.js?ver=5.8.2 HTTP/2.0" 200 1200 "https://ja.tak-cslab.org/wp-admin/" "Mozilla/5.0 (Macintosh; Intel Mac OS X 10.15; rv:94.0) Gecko/20100101 Firefox/94.0"
113.147.10.206 - - [28/Nov/2021:00:43:14 +0000] "GET /wp-content/plugins/sendgrid-email-delivery-simplified/view/js/jquery.flot.symbol.js?ver=5.8.2 HTTP/2.0" 200 824 "-" "Mozilla/5.0 (Macintosh; Intel Mac OS X 10.15; rv:94.0) Gecko/20100101 Firefox/94.0"
113.147.10.206 - - [28/Nov/2021:00:43:14 +0000] "GET /wp-includes/js/wp-sanitize.min.js?ver=5.8.2 HTTP/2.0" 200 284 "-" "Mozilla/5.0 (Macintosh; Intel Mac OS X 10.15; rv:94.0) Gecko/20100101 Firefox/94.0"
113.147.10.206 - - [28/Nov/2021:00:43:14 +0000] "GET /wp-includes/js/dist/date.min.js?ver=061439ac4325ef057b8f9c142c82a823 HTTP/2.0" 200 41205 "https://ja.tak-cslab.org/wp-admin/" "Mozilla/5.0 (Macintosh; Intel Mac OS X 10.15; rv:94.0) Gecko/20100101 Firefox/94.0"
113.147.10.206 - - [28/Nov/2021:00:43:14 +0000] "GET /wp-content/plugins/sendgrid-email-delivery-simplified/view/js/jquery.flot.time.js?ver=5.8.2 HTTP/2.0" 200 4190 "-" "Mozilla/5.0 (Macintosh; Intel Mac OS X 10.15; rv:94.0) Gecko/20100101 Firefox/94.0"
113.147.10.206 - - [28/Nov/2021:00:43:14 +0000] "GET /wp-includes/js/wp-ajax-response.min.js?ver=5.8.2 HTTP/2.0" 200 1010 "https://ja.tak-cslab.org/wp-admin/" "Mozilla/5.0 (Macintosh; Intel Mac OS X 10.15; rv:94.0) Gecko/20100101 Firefox/94.0"
113.147.10.206 - - [28/Nov/2021:00:43:14 +0000] "GET /wp-includes/js/jquery/jquery.query.js?ver=2.1.7 HTTP/2.0" 200 1751 "https://ja.tak-cslab.org/wp-admin/" "Mozilla/5.0 (Macintosh; Intel Mac OS X 10.15; rv:94.0) Gecko/20100101 Firefox/94.0"
113.147.10.206 - - [28/Nov/2021:00:43:14 +0000] "GET /wp-includes/js/jquery/ui/mouse.min.js?ver=1.12.1 HTTP/2.0" 200 1189 "https://ja.tak-cslab.org/wp-admin/" "Mozilla/5.0 (Macintosh; Intel Mac OS X 10.15; rv:94.0) Gecko/20100101 Firefox/94.0"
113.147.10.206 - - [28/Nov/2021:00:43:14 +0000] "GET /wp-includes/js/dist/url.min.js?ver=d4bdf85a96aa587b52f4b8d58b4457c1 HTTP/2.0" 200 2097 "https://ja.tak-cslab.org/wp-admin/" "Mozilla/5.0 (Macintosh; Intel Mac OS X 10.15; rv:94.0) Gecko/20100101 Firefox/94.0"
113.147.10.206 - - [28/Nov/2021:00:43:14 +0000] "GET /wp-admin/js/site-health.min.js?ver=5.8.2 HTTP/2.0" 200 2278 "https://ja.tak-cslab.org/wp-admin/" "Mozilla/5.0 (Macintosh; Intel Mac OS X 10.15; rv:94.0) Gecko/20100101 Firefox/94.0"
113.147.10.206 - - [28/Nov/2021:00:43:14 +0000] "GET /wp-includes/js/jquery/jquery.color.min.js?ver=2.1.2 HTTP/2.0" 200 4218 "https://ja.tak-cslab.org/wp-admin/" "Mozilla/5.0 (Macintosh; Intel Mac OS X 10.15; rv:94.0) Gecko/20100101 Firefox/94.0"
113.147.10.206 - - [28/Nov/2021:00:43:14 +0000] "GET /wp-includes/js/wp-lists.min.js?ver=5.8.2 HTTP/2.0" 200 2768 "https://ja.tak-cslab.org/wp-admin/" "Mozilla/5.0 (Macintosh; Intel Mac OS X 10.15; rv:94.0) Gecko/20100101 Firefox/94.0"
113.147.10.206 - - [28/Nov/2021:00:43:14 +0000] "GET /wp-includes/js/quicktags.min.js?ver=5.8.2 HTTP/2.0" 200 3877 "https://ja.tak-cslab.org/wp-admin/" "Mozilla/5.0 (Macintosh; Intel Mac OS X 10.15; rv:94.0) Gecko/20100101 Firefox/94.0"
113.147.10.206 - - [28/Nov/2021:00:43:14 +0000] "GET /wp-includes/js/wp-auth-check.min.js?ver=5.8.2 HTTP/2.0" 200 793 "-" "Mozilla/5.0 (Macintosh; Intel Mac OS X 10.15; rv:94.0) Gecko/20100101 Firefox/94.0"
113.147.10.206 - - [28/Nov/2021:00:43:14 +0000] "GET /wp-admin/js/postbox.min.js?ver=5.8.2 HTTP/2.0" 200 2477 "https://ja.tak-cslab.org/wp-admin/" "Mozilla/5.0 (Macintosh; Intel Mac OS X 10.15; rv:94.0) Gecko/20100101 Firefox/94.0"
113.147.10.206 - - [28/Nov/2021:00:43:14 +0000] "GET /wp-admin/js/plugin-install.min.js?ver=5.8.2 HTTP/2.0" 200 1072 "https://ja.tak-cslab.org/wp-admin/" "Mozilla/5.0 (Macintosh; Intel Mac OS X 10.15; rv:94.0) Gecko/20100101 Firefox/94.0"
113.147.10.206 - - [28/Nov/2021:00:43:14 +0000] "GET /wp-admin/js/dashboard.min.js?ver=5.8.2 HTTP/2.0" 200 3313 "https://ja.tak-cslab.org/wp-admin/" "Mozilla/5.0 (Macintosh; Intel Mac OS X 10.15; rv:94.0) Gecko/20100101 Firefox/94.0"
113.147.10.206 - - [28/Nov/2021:00:43:14 +0000] "GET /wp-content/plugins/sendgrid-email-delivery-simplified/view/js/sendgrid.stats-v1.7.3.js?ver=5.8.2 HTTP/2.0" 200 4514 "-" "Mozilla/5.0 (Macintosh; Intel Mac OS X 10.15; rv:94.0) Gecko/20100101 Firefox/94.0"
113.147.10.206 - - [28/Nov/2021:00:43:14 +0000] "GET /wp-content/plugins/sendgrid-email-delivery-simplified/view/js/jquery.flot.js?ver=5.8.2 HTTP/2.0" 200 29870 "https://ja.tak-cslab.org/wp-admin/" "Mozilla/5.0 (Macintosh; Intel Mac OS X 10.15; rv:94.0) Gecko/20100101 Firefox/94.0"
113.147.10.206 - - [28/Nov/2021:00:43:14 +0000] "GET /wp-includes/js/shortcode.min.js?ver=5.8.2 HTTP/2.0" 200 1200 "-" "Mozilla/5.0 (Macintosh; Intel Mac OS X 10.15; rv:94.0) Gecko/20100101 Firefox/94.0"
113.147.10.206 - - [28/Nov/2021:00:43:14 +0000] "GET /wp-admin/js/common.min.js?ver=5.8.2 HTTP/2.0" 200 7288 "-" "Mozilla/5.0 (Macintosh; Intel Mac OS X 10.15; rv:94.0) Gecko/20100101 Firefox/94.0"
113.147.10.206 - - [28/Nov/2021:00:43:14 +0000] "GET /wp-includes/js/wp-ajax-response.min.js?ver=5.8.2 HTTP/2.0" 200 1010 "-" "Mozilla/5.0 (Macintosh; Intel Mac OS X 10.15; rv:94.0) Gecko/20100101 Firefox/94.0"
113.147.10.206 - - [28/Nov/2021:00:43:14 +0000] "GET /wp-includes/js/jquery/jquery.query.js?ver=2.1.7 HTTP/2.0" 200 1751 "-" "Mozilla/5.0 (Macintosh; Intel Mac OS X 10.15; rv:94.0) Gecko/20100101 Firefox/94.0"
113.147.10.206 - - [28/Nov/2021:00:43:14 +0000] "GET /wp-includes/js/jquery/ui/mouse.min.js?ver=1.12.1 HTTP/2.0" 200 1189 "-" "Mozilla/5.0 (Macintosh; Intel Mac OS X 10.15; rv:94.0) Gecko/20100101 Firefox/94.0"
113.147.10.206 - - [28/Nov/2021:00:43:14 +0000] "GET /wp-includes/js/dist/url.min.js?ver=d4bdf85a96aa587b52f4b8d58b4457c1 HTTP/2.0" 200 2097 "-" "Mozilla/5.0 (Macintosh; Intel Mac OS X 10.15; rv:94.0) Gecko/20100101 Firefox/94.0"
113.147.10.206 - - [28/Nov/2021:00:43:14 +0000] "GET /wp-admin/js/site-health.min.js?ver=5.8.2 HTTP/2.0" 200 2278 "-" "Mozilla/5.0 (Macintosh; Intel Mac OS X 10.15; rv:94.0) Gecko/20100101 Firefox/94.0"
113.147.10.206 - - [28/Nov/2021:00:43:14 +0000] "GET /wp-includes/js/jquery/jquery.color.min.js?ver=2.1.2 HTTP/2.0" 200 4218 "-" "Mozilla/5.0 (Macintosh; Intel Mac OS X 10.15; rv:94.0) Gecko/20100101 Firefox/94.0"
113.147.10.206 - - [28/Nov/2021:00:43:14 +0000] "GET /wp-includes/js/wp-lists.min.js?ver=5.8.2 HTTP/2.0" 200 2768 "-" "Mozilla/5.0 (Macintosh; Intel Mac OS X 10.15; rv:94.0) Gecko/20100101 Firefox/94.0"
113.147.10.206 - - [28/Nov/2021:00:43:14 +0000] "GET /wp-includes/js/dist/date.min.js?ver=061439ac4325ef057b8f9c142c82a823 HTTP/2.0" 200 41205 "-" "Mozilla/5.0 (Macintosh; Intel Mac OS X 10.15; rv:94.0) Gecko/20100101 Firefox/94.0"
113.147.10.206 - - [28/Nov/2021:00:43:14 +0000] "GET /wp-admin/js/postbox.min.js?ver=5.8.2 HTTP/2.0" 200 2477 "-" "Mozilla/5.0 (Macintosh; Intel Mac OS X 10.15; rv:94.0) Gecko/20100101 Firefox/94.0"
113.147.10.206 - - [28/Nov/2021:00:43:14 +0000] "GET /wp-admin/js/plugin-install.min.js?ver=5.8.2 HTTP/2.0" 200 1072 "-" "Mozilla/5.0 (Macintosh; Intel Mac OS X 10.15; rv:94.0) Gecko/20100101 Firefox/94.0"
113.147.10.206 - - [28/Nov/2021:00:43:14 +0000] "GET /wp-admin/js/dashboard.min.js?ver=5.8.2 HTTP/2.0" 200 3313 "-" "Mozilla/5.0 (Macintosh; Intel Mac OS X 10.15; rv:94.0) Gecko/20100101 Firefox/94.0"
113.147.10.206 - - [28/Nov/2021:00:43:14 +0000] "GET /wp-includes/js/quicktags.min.js?ver=5.8.2 HTTP/2.0" 200 3877 "-" "Mozilla/5.0 (Macintosh; Intel Mac OS X 10.15; rv:94.0) Gecko/20100101 Firefox/94.0"
113.147.10.206 - - [28/Nov/2021:00:43:15 +0000] "GET /wp-content/plugins/sendgrid-email-delivery-simplified/view/js/jquery.flot.js?ver=5.8.2 HTTP/2.0" 200 29870 "-" "Mozilla/5.0 (Macintosh; Intel Mac OS X 10.15; rv:94.0) Gecko/20100101 Firefox/94.0"
113.147.10.206 - - [28/Nov/2021:00:43:15 +0000] "GET /wp-admin/js/media-upload.min.js?ver=5.8.2 HTTP/2.0" 200 629 "https://ja.tak-cslab.org/wp-admin/" "Mozilla/5.0 (Macintosh; Intel Mac OS X 10.15; rv:94.0) Gecko/20100101 Firefox/94.0"
113.147.10.206 - - [28/Nov/2021:00:43:15 +0000] "GET /wp-includes/js/clipboard.min.js?ver=5.8.2 HTTP/2.0" 200 3735 "https://ja.tak-cslab.org/wp-admin/" "Mozilla/5.0 (Macintosh; Intel Mac OS X 10.15; rv:94.0) Gecko/20100101 Firefox/94.0"
113.147.10.206 - - [28/Nov/2021:00:43:15 +0000] "GET /wp-content/plugins/sendgrid-email-delivery-simplified/view/images/loader.gif HTTP/2.0" 200 10207 "https://ja.tak-cslab.org/wp-admin/" "Mozilla/5.0 (Macintosh; Intel Mac OS X 10.15; rv:94.0) Gecko/20100101 Firefox/94.0"
113.147.10.206 - - [28/Nov/2021:00:43:15 +0000] "GET /wp-includes/js/heartbeat.min.js?ver=5.8.2 HTTP/2.0" 200 2189 "-" "Mozilla/5.0 (Macintosh; Intel Mac OS X 10.15; rv:94.0) Gecko/20100101 Firefox/94.0"
113.147.10.206 - - [28/Nov/2021:00:43:15 +0000] "GET /wp-admin/js/svg-painter.js?ver=5.8.2 HTTP/2.0" 200 2290 "-" "Mozilla/5.0 (Macintosh; Intel Mac OS X 10.15; rv:94.0) Gecko/20100101 Firefox/94.0"
113.147.10.206 - - [28/Nov/2021:00:43:15 +0000] "GET /wp-includes/js/dist/a11y.min.js?ver=0ac8327cc1c40dcfdf29716affd7ac63 HTTP/2.0" 200 1207 "-" "Mozilla/5.0 (Macintosh; Intel Mac OS X 10.15; rv:94.0) Gecko/20100101 Firefox/94.0"
113.147.10.206 - - [28/Nov/2021:00:43:15 +0000] "GET /wp-includes/js/dist/dom-ready.min.js?ver=71883072590656bf22c74c7b887df3dd HTTP/2.0" 200 620 "-" "Mozilla/5.0 (Macintosh; Intel Mac OS X 10.15; rv:94.0) Gecko/20100101 Firefox/94.0"
113.147.10.206 - - [28/Nov/2021:00:43:15 +0000] "GET /wp-includes/js/admin-bar.min.js?ver=5.8.2 HTTP/2.0" 200 1461 "-" "Mozilla/5.0 (Macintosh; Intel Mac OS X 10.15; rv:94.0) Gecko/20100101 Firefox/94.0"
113.147.10.206 - - [28/Nov/2021:00:43:15 +0000] "GET /wp-includes/js/jquery/ui/core.min.js?ver=1.12.1 HTTP/2.0" 200 7680 "-" "Mozilla/5.0 (Macintosh; Intel Mac OS X 10.15; rv:94.0) Gecko/20100101 Firefox/94.0"
113.147.10.206 - - [28/Nov/2021:00:43:15 +0000] "GET /wp-admin/js/media-upload.min.js?ver=5.8.2 HTTP/2.0" 200 629 "-" "Mozilla/5.0 (Macintosh; Intel Mac OS X 10.15; rv:94.0) Gecko/20100101 Firefox/94.0"
113.147.10.206 - - [28/Nov/2021:00:43:15 +0000] "GET /wp-includes/js/clipboard.min.js?ver=5.8.2 HTTP/2.0" 200 3735 "-" "Mozilla/5.0 (Macintosh; Intel Mac OS X 10.15; rv:94.0) Gecko/20100101 Firefox/94.0"
113.147.10.206 - - [28/Nov/2021:00:43:15 +0000] "GET /wp-content/plugins/wp-statistics/assets/js/chartjs/chart.min.js?ver=3.5.1 HTTP/2.0" 304 0 "https://ja.tak-cslab.org/wp-admin/" "Mozilla/5.0 (Macintosh; Intel Mac OS X 10.15; rv:94.0) Gecko/20100101 Firefox/94.0"
113.147.10.206 - - [28/Nov/2021:00:43:15 +0000] "GET /wp-content/plugins/wp-statistics/assets/js/chartjs/chart.min.js?ver=3.5.1 HTTP/2.0" 200 76107 "-" "Mozilla/5.0 (Macintosh; Intel Mac OS X 10.15; rv:94.0) Gecko/20100101 Firefox/94.0"
113.147.10.206 - - [28/Nov/2021:00:43:15 +0000] "GET /wp-includes/js/thickbox/loadingAnimation.gif HTTP/2.0" 200 15238 "https://ja.tak-cslab.org/wp-admin/" "Mozilla/5.0 (Macintosh; Intel Mac OS X 10.15; rv:94.0) Gecko/20100101 Firefox/94.0"
113.147.10.206 - - [28/Nov/2021:00:43:15 +0000] "GET /wp-json/wp-statistics/v2/metabox?name=quickstats&_=1638060194855 HTTP/2.0" 200 492 "https://ja.tak-cslab.org/wp-admin/" "Mozilla/5.0 (Macintosh; Intel Mac OS X 10.15; rv:94.0) Gecko/20100101 Firefox/94.0"
113.147.10.206 - - [28/Nov/2021:00:43:17 +0000] "POST /wp-admin/admin-ajax.php HTTP/2.0" 200 278 "https://ja.tak-cslab.org/wp-admin/" "Mozilla/5.0 (Macintosh; Intel Mac OS X 10.15; rv:94.0) Gecko/20100101 Firefox/94.0"
113.147.10.206 - - [28/Nov/2021:00:43:19 +0000] "GET /wp-admin/edit.php?post_type=page HTTP/2.0" 200 21819 "https://ja.tak-cslab.org/wp-admin/" "Mozilla/5.0 (Macintosh; Intel Mac OS X 10.15; rv:94.0) Gecko/20100101 Firefox/94.0"
113.147.10.206 - - [28/Nov/2021:00:43:19 +0000] "GET /wp-includes/js/jquery/ui/menu.min.js?ver=1.12.1 HTTP/2.0" 200 3301 "https://ja.tak-cslab.org/wp-admin/edit.php?post_type=page" "Mozilla/5.0 (Macintosh; Intel Mac OS X 10.15; rv:94.0) Gecko/20100101 Firefox/94.0"
113.147.10.206 - - [28/Nov/2021:00:43:19 +0000] "GET /wp-includes/js/jquery/ui/autocomplete.min.js?ver=1.12.1 HTTP/2.0" 200 3215 "https://ja.tak-cslab.org/wp-admin/edit.php?post_type=page" "Mozilla/5.0 (Macintosh; Intel Mac OS X 10.15; rv:94.0) Gecko/20100101 Firefox/94.0"
113.147.10.206 - - [28/Nov/2021:00:43:19 +0000] "GET /wp-admin/js/tags-suggest.min.js?ver=5.8.2 HTTP/2.0" 200 1105 "https://ja.tak-cslab.org/wp-admin/edit.php?post_type=page" "Mozilla/5.0 (Macintosh; Intel Mac OS X 10.15; rv:94.0) Gecko/20100101 Firefox/94.0"
113.147.10.206 - - [28/Nov/2021:00:43:19 +0000] "GET /wp-admin/js/inline-edit-post.min.js?ver=5.8.2 HTTP/2.0" 200 2903 "https://ja.tak-cslab.org/wp-admin/edit.php?post_type=page" "Mozilla/5.0 (Macintosh; Intel Mac OS X 10.15; rv:94.0) Gecko/20100101 Firefox/94.0"
113.147.10.206 - - [28/Nov/2021:00:43:19 +0000] "GET /wp-includes/js/jquery/ui/menu.min.js?ver=1.12.1 HTTP/2.0" 200 3301 "-" "Mozilla/5.0 (Macintosh; Intel Mac OS X 10.15; rv:94.0) Gecko/20100101 Firefox/94.0"
113.147.10.206 - - [28/Nov/2021:00:43:19 +0000] "GET /wp-includes/js/jquery/ui/autocomplete.min.js?ver=1.12.1 HTTP/2.0" 200 3215 "-" "Mozilla/5.0 (Macintosh; Intel Mac OS X 10.15; rv:94.0) Gecko/20100101 Firefox/94.0"
113.147.10.206 - - [28/Nov/2021:00:43:19 +0000] "GET /wp-admin/js/tags-suggest.min.js?ver=5.8.2 HTTP/2.0" 200 1105 "-" "Mozilla/5.0 (Macintosh; Intel Mac OS X 10.15; rv:94.0) Gecko/20100101 Firefox/94.0"
113.147.10.206 - - [28/Nov/2021:00:43:19 +0000] "GET /wp-admin/js/inline-edit-post.min.js?ver=5.8.2 HTTP/2.0" 200 2903 "-" "Mozilla/5.0 (Macintosh; Intel Mac OS X 10.15; rv:94.0) Gecko/20100101 Firefox/94.0"
113.147.10.206 - - [28/Nov/2021:00:43:19 +0000] "GET /wp-admin/load-styles.php?c=0&dir=ltr&load%5Bchunk_0%5D=dashicons,admin-bar,common,forms,admin-menu,dashboard,list-tables,edit,revisions,media,themes,about,nav-menus,wp-pointer,widgets&load%5Bchunk_1%5D=,site-icon,l10n,buttons,wp-auth-check&ver=5.8.2 HTTP/2.0" 200 118750 "https://ja.tak-cslab.org/wp-admin/edit.php?post_type=page" "Mozilla/5.0 (Macintosh; Intel Mac OS X 10.15; rv:94.0) Gecko/20100101 Firefox/94.0"
113.147.10.206 - - [28/Nov/2021:00:43:19 +0000] "POST /wp-admin/admin-ajax.php HTTP/2.0" 200 67 "https://ja.tak-cslab.org/wp-admin/edit.php?post_type=page" "Mozilla/5.0 (Macintosh; Intel Mac OS X 10.15; rv:94.0) Gecko/20100101 Firefox/94.0"
113.147.10.206 - - [28/Nov/2021:00:43:25 +0000] "GET /wp-admin/post.php?post=184&action=edit HTTP/2.0" 200 142079 "https://ja.tak-cslab.org/wp-admin/edit.php?post_type=page" "Mozilla/5.0 (Macintosh; Intel Mac OS X 10.15; rv:94.0) Gecko/20100101 Firefox/94.0"
113.147.10.206 - - [28/Nov/2021:00:43:25 +0000] "GET /wp-includes/js/mediaelement/wp-mediaelement.min.css?ver=5.8.2 HTTP/2.0" 200 1297 "https://ja.tak-cslab.org/wp-admin/post.php?post=184&action=edit" "Mozilla/5.0 (Macintosh; Intel Mac OS X 10.15; rv:94.0) Gecko/20100101 Firefox/94.0"
113.147.10.206 - - [28/Nov/2021:00:43:25 +0000] "GET /wp-includes/js/mediaelement/mediaelementplayer-legacy.min.css?ver=4.2.16 HTTP/2.0" 200 3007 "https://ja.tak-cslab.org/wp-admin/post.php?post=184&action=edit" "Mozilla/5.0 (Macintosh; Intel Mac OS X 10.15; rv:94.0) Gecko/20100101 Firefox/94.0"
113.147.10.206 - - [28/Nov/2021:00:43:25 +0000] "GET /wp-includes/js/imgareaselect/imgareaselect.css?ver=0.9.8 HTTP/2.0" 200 275 "https://ja.tak-cslab.org/wp-admin/post.php?post=184&action=edit" "Mozilla/5.0 (Macintosh; Intel Mac OS X 10.15; rv:94.0) Gecko/20100101 Firefox/94.0"
113.147.10.206 - - [28/Nov/2021:00:43:25 +0000] "GET /wp-content/plugins/seo-simple-pack/dist/css/post.css?ver=2.2.7 HTTP/2.0" 200 490 "https://ja.tak-cslab.org/wp-admin/post.php?post=184&action=edit" "Mozilla/5.0 (Macintosh; Intel Mac OS X 10.15; rv:94.0) Gecko/20100101 Firefox/94.0"
113.147.10.206 - - [28/Nov/2021:00:43:25 +0000] "GET /wp-includes/js/dist/vendor/react.min.js?ver=16.13.1 HTTP/2.0" 200 5338 "https://ja.tak-cslab.org/wp-admin/post.php?post=184&action=edit" "Mozilla/5.0 (Macintosh; Intel Mac OS X 10.15; rv:94.0) Gecko/20100101 Firefox/94.0"
113.147.10.206 - - [28/Nov/2021:00:43:25 +0000] "GET /wp-includes/js/dist/blob.min.js?ver=4eca38a62df5f0145a5f1a78858581e7 HTTP/2.0" 200 726 "https://ja.tak-cslab.org/wp-admin/post.php?post=184&action=edit" "Mozilla/5.0 (Macintosh; Intel Mac OS X 10.15; rv:94.0) Gecko/20100101 Firefox/94.0"
113.147.10.206 - - [28/Nov/2021:00:43:25 +0000] "GET /wp-includes/js/dist/autop.min.js?ver=0e55c6c10f6d8a4bd90b2ea903436301 HTTP/2.0" 200 2501 "https://ja.tak-cslab.org/wp-admin/post.php?post=184&action=edit" "Mozilla/5.0 (Macintosh; Intel Mac OS X 10.15; rv:94.0) Gecko/20100101 Firefox/94.0"
113.147.10.206 - - [28/Nov/2021:00:43:25 +0000] "GET /wp-includes/js/dist/block-serialization-default-parser.min.js?ver=2fc6dec19af6d4c5e5fec8f6fdc1a10b HTTP/2.0" 200 1384 "https://ja.tak-cslab.org/wp-admin/post.php?post=184&action=edit" "Mozilla/5.0 (Macintosh; Intel Mac OS X 10.15; rv:94.0) Gecko/20100101 Firefox/94.0"
113.147.10.206 - - [28/Nov/2021:00:43:25 +0000] "GET /wp-includes/js/dist/deprecated.min.js?ver=932d8bb37da8bbb396a7a3f754345e08 HTTP/2.0" 200 794 "https://ja.tak-cslab.org/wp-admin/post.php?post=184&action=edit" "Mozilla/5.0 (Macintosh; Intel Mac OS X 10.15; rv:94.0) Gecko/20100101 Firefox/94.0"
113.147.10.206 - - [28/Nov/2021:00:43:25 +0000] "GET /wp-includes/js/dist/escape-html.min.js?ver=dcba9e40e8782c7d5883426934834b3e HTTP/2.0" 200 791 "https://ja.tak-cslab.org/wp-admin/post.php?post=184&action=edit" "Mozilla/5.0 (Macintosh; Intel Mac OS X 10.15; rv:94.0) Gecko/20100101 Firefox/94.0"
113.147.10.206 - - [28/Nov/2021:00:43:25 +0000] "GET /wp-includes/js/dist/element.min.js?ver=43a121e875f299c637e1115581bee905 HTTP/2.0" 200 3762 "https://ja.tak-cslab.org/wp-admin/post.php?post=184&action=edit" "Mozilla/5.0 (Macintosh; Intel Mac OS X 10.15; rv:94.0) Gecko/20100101 Firefox/94.0"
113.147.10.206 - - [28/Nov/2021:00:43:25 +0000] "GET /wp-includes/js/dist/is-shallow-equal.min.js?ver=9b8d91804cfb3ef5b14e6ef816664072 HTTP/2.0" 200 770 "https://ja.tak-cslab.org/wp-admin/post.php?post=184&action=edit" "Mozilla/5.0 (Macintosh; Intel Mac OS X 10.15; rv:94.0) Gecko/20100101 Firefox/94.0"
113.147.10.206 - - [28/Nov/2021:00:43:25 +0000] "GET /wp-includes/js/dist/keycodes.min.js?ver=0b881ee2324067c223d746a87ae4ddda HTTP/2.0" 200 1479 "https://ja.tak-cslab.org/wp-admin/post.php?post=184&action=edit" "Mozilla/5.0 (Macintosh; Intel Mac OS X 10.15; rv:94.0) Gecko/20100101 Firefox/94.0"
113.147.10.206 - - [28/Nov/2021:00:43:25 +0000] "GET /wp-includes/js/dist/priority-queue.min.js?ver=b2e76fb9887a285b5eff38763f2ac2fc HTTP/2.0" 200 839 "https://ja.tak-cslab.org/wp-admin/post.php?post=184&action=edit" "Mozilla/5.0 (Macintosh; Intel Mac OS X 10.15; rv:94.0) Gecko/20100101 Firefox/94.0"
113.147.10.206 - - [28/Nov/2021:00:43:25 +0000] "GET /wp-includes/js/dist/dom.min.js?ver=a82fdb54a6baeb86aa639117061bf119 HTTP/2.0" 200 5318 "https://ja.tak-cslab.org/wp-admin/post.php?post=184&action=edit" "Mozilla/5.0 (Macintosh; Intel Mac OS X 10.15; rv:94.0) Gecko/20100101 Firefox/94.0"
113.147.10.206 - - [28/Nov/2021:00:43:25 +0000] "GET /wp-includes/js/dist/redux-routine.min.js?ver=fd5f93d1f8206c65d1891cf1f898211e HTTP/2.0" 200 3284 "https://ja.tak-cslab.org/wp-admin/post.php?post=184&action=edit" "Mozilla/5.0 (Macintosh; Intel Mac OS X 10.15; rv:94.0) Gecko/20100101 Firefox/94.0"
113.147.10.206 - - [28/Nov/2021:00:43:25 +0000] "GET /wp-includes/js/dist/html-entities.min.js?ver=26307b6ad1e445fc1a4643f634cb29c6 HTTP/2.0" 200 675 "https://ja.tak-cslab.org/wp-admin/post.php?post=184&action=edit" "Mozilla/5.0 (Macintosh; Intel Mac OS X 10.15; rv:94.0) Gecko/20100101 Firefox/94.0"
113.147.10.206 - - [28/Nov/2021:00:43:25 +0000] "GET /wp-includes/js/dist/primitives.min.js?ver=fedf57cf6da174d1eca2875b8b730af3 HTTP/2.0" 200 1238 "https://ja.tak-cslab.org/wp-admin/post.php?post=184&action=edit" "Mozilla/5.0 (Macintosh; Intel Mac OS X 10.15; rv:94.0) Gecko/20100101 Firefox/94.0"
113.147.10.206 - - [28/Nov/2021:00:43:25 +0000] "GET /wp-includes/js/dist/shortcode.min.js?ver=361473450d55d9ffe30983cf22f42a8f HTTP/2.0" 200 1807 "https://ja.tak-cslab.org/wp-admin/post.php?post=184&action=edit" "Mozilla/5.0 (Macintosh; Intel Mac OS X 10.15; rv:94.0) Gecko/20100101 Firefox/94.0"
113.147.10.206 - - [28/Nov/2021:00:43:25 +0000] "GET /wp-includes/js/dist/warning.min.js?ver=3e70e9d62208deeee510b84df4dec7f1 HTTP/2.0" 200 1222 "https://ja.tak-cslab.org/wp-admin/post.php?post=184&action=edit" "Mozilla/5.0 (Macintosh; Intel Mac OS X 10.15; rv:94.0) Gecko/20100101 Firefox/94.0"
113.147.10.206 - - [28/Nov/2021:00:43:25 +0000] "GET /wp-includes/js/dist/keyboard-shortcuts.min.js?ver=d70c8cb490d99422cf8f2693ab7e88d0 HTTP/2.0" 200 1907 "https://ja.tak-cslab.org/wp-admin/post.php?post=184&action=edit" "Mozilla/5.0 (Macintosh; Intel Mac OS X 10.15; rv:94.0) Gecko/20100101 Firefox/94.0"
113.147.10.206 - - [28/Nov/2021:00:43:25 +0000] "GET /wp-includes/js/dist/notices.min.js?ver=f5dfeda575085df54ed17c2d8a6afaa4 HTTP/2.0" 200 1165 "https://ja.tak-cslab.org/wp-admin/post.php?post=184&action=edit" "Mozilla/5.0 (Macintosh; Intel Mac OS X 10.15; rv:94.0) Gecko/20100101 Firefox/94.0"
113.147.10.206 - - [28/Nov/2021:00:43:25 +0000] "GET /wp-includes/js/dist/token-list.min.js?ver=4440092061c305ccc3ebf8ce18138c8a HTTP/2.0" 200 923 "https://ja.tak-cslab.org/wp-admin/post.php?post=184&action=edit" "Mozilla/5.0 (Macintosh; Intel Mac OS X 10.15; rv:94.0) Gecko/20100101 Firefox/94.0"
113.147.10.206 - - [28/Nov/2021:00:43:25 +0000] "GET /wp-includes/js/dist/wordcount.min.js?ver=83b86052fd3fc408a609e60d52164115 HTTP/2.0" 200 1324 "https://ja.tak-cslab.org/wp-admin/post.php?post=184&action=edit" "Mozilla/5.0 (Macintosh; Intel Mac OS X 10.15; rv:94.0) Gecko/20100101 Firefox/94.0"
113.147.10.206 - - [28/Nov/2021:00:43:25 +0000] "GET /wp-includes/js/dist/data.min.js?ver=a9e98fe3ad76884fe7909ba8348395b7 HTTP/2.0" 200 8263 "https://ja.tak-cslab.org/wp-admin/post.php?post=184&action=edit" "Mozilla/5.0 (Macintosh; Intel Mac OS X 10.15; rv:94.0) Gecko/20100101 Firefox/94.0"
113.147.10.206 - - [28/Nov/2021:00:43:25 +0000] "GET /wp-includes/js/dist/compose.min.js?ver=35754587ca81a116927d3de1017f4fa0 HTTP/2.0" 200 11962 "https://ja.tak-cslab.org/wp-admin/post.php?post=184&action=edit" "Mozilla/5.0 (Macintosh; Intel Mac OS X 10.15; rv:94.0) Gecko/20100101 Firefox/94.0"
113.147.10.206 - - [28/Nov/2021:00:43:25 +0000] "GET /wp-includes/js/dist/rich-text.min.js?ver=10cd4e4656806fb1a6884c84213af69c HTTP/2.0" 200 12482 "https://ja.tak-cslab.org/wp-admin/post.php?post=184&action=edit" "Mozilla/5.0 (Macintosh; Intel Mac OS X 10.15; rv:94.0) Gecko/20100101 Firefox/94.0"
113.147.10.206 - - [28/Nov/2021:00:43:25 +0000] "GET /wp-includes/js/dist/vendor/react.min.js?ver=16.13.1 HTTP/2.0" 200 5338 "-" "Mozilla/5.0 (Macintosh; Intel Mac OS X 10.15; rv:94.0) Gecko/20100101 Firefox/94.0"
113.147.10.206 - - [28/Nov/2021:00:43:25 +0000] "GET /wp-includes/js/dist/blob.min.js?ver=4eca38a62df5f0145a5f1a78858581e7 HTTP/2.0" 200 726 "-" "Mozilla/5.0 (Macintosh; Intel Mac OS X 10.15; rv:94.0) Gecko/20100101 Firefox/94.0"
113.147.10.206 - - [28/Nov/2021:00:43:25 +0000] "GET /wp-includes/js/dist/autop.min.js?ver=0e55c6c10f6d8a4bd90b2ea903436301 HTTP/2.0" 200 2501 "-" "Mozilla/5.0 (Macintosh; Intel Mac OS X 10.15; rv:94.0) Gecko/20100101 Firefox/94.0"
113.147.10.206 - - [28/Nov/2021:00:43:25 +0000] "GET /wp-includes/js/dist/block-serialization-default-parser.min.js?ver=2fc6dec19af6d4c5e5fec8f6fdc1a10b HTTP/2.0" 200 1384 "-" "Mozilla/5.0 (Macintosh; Intel Mac OS X 10.15; rv:94.0) Gecko/20100101 Firefox/94.0"
113.147.10.206 - - [28/Nov/2021:00:43:25 +0000] "GET /wp-includes/js/dist/deprecated.min.js?ver=932d8bb37da8bbb396a7a3f754345e08 HTTP/2.0" 200 794 "-" "Mozilla/5.0 (Macintosh; Intel Mac OS X 10.15; rv:94.0) Gecko/20100101 Firefox/94.0"
