216.245.221.83 - - [23/Nov/2021:16:45:08 +0000] "HEAD / HTTP/1.1" 200 0 "http://ja.tak-cslab.org/" "Mozilla/5.0+(compatible; UptimeRobot/2.0; http://www.uptimerobot.com/)"
34.206.38.217 - - [23/Nov/2021:16:46:10 +0000] "GET /feed HTTP/1.1" 200 55867 "-" "Automate.io BOT"
207.46.13.201 - - [23/Nov/2021:16:49:48 +0000] "GET /archives/1056 HTTP/2.0" 200 8668 "-" "Mozilla/5.0 (compatible; bingbot/2.0; +http://www.bing.com/bingbot.htm)"
216.245.221.83 - - [23/Nov/2021:16:50:08 +0000] "HEAD / HTTP/1.1" 301 0 "http://ja.tak-cslab.org/" "Mozilla/5.0+(compatible; UptimeRobot/2.0; http://www.uptimerobot.com/)"
216.245.221.83 - - [23/Nov/2021:16:50:08 +0000] "HEAD / HTTP/1.1" 200 0 "http://ja.tak-cslab.org/" "Mozilla/5.0+(compatible; UptimeRobot/2.0; http://www.uptimerobot.com/)"
34.206.38.217 - - [23/Nov/2021:16:51:10 +0000] "GET /feed HTTP/1.1" 200 55860 "-" "Automate.io BOT"
54.36.148.110 - - [23/Nov/2021:16:51:34 +0000] "GET /wp-content/uploads/2020/01/image-6.png HTTP/2.0" 200 279972 "-" "Mozilla/5.0 (compatible; AhrefsBot/7.0; +http://ahrefs.com/robot/)"
207.46.13.109 - - [23/Nov/2021:16:51:58 +0000] "GET /wp-content/uploads/2020/12/Kubernetes-logo-1-300x201.png HTTP/2.0" 200 18932 "-" "Mozilla/5.0 (compatible; bingbot/2.0; +http://www.bing.com/bingbot.htm)"
216.244.66.230 - - [23/Nov/2021:16:52:16 +0000] "GET /robots.txt HTTP/1.1" 301 162 "-" "Mozilla/5.0 (compatible; DotBot/1.2; +https://opensiteexplorer.org/dotbot; help@moz.com)"
216.244.66.230 - - [23/Nov/2021:16:52:16 +0000] "GET /robots.txt HTTP/1.1" 200 128 "-" "Mozilla/5.0 (compatible; DotBot/1.2; +https://opensiteexplorer.org/dotbot; help@moz.com)"
87.250.224.40 - - [23/Nov/2021:16:52:45 +0000] "GET /robots.txt HTTP/1.1" 200 128 "-" "Mozilla/5.0 (compatible; YandexBot/3.0; +http://yandex.com/bots)"
87.250.224.40 - - [23/Nov/2021:16:52:48 +0000] "GET / HTTP/1.1" 200 6312 "-" "Mozilla/5.0 (compatible; YandexBot/3.0; +http://yandex.com/bots)"
107.22.113.173 - - [23/Nov/2021:16:53:40 +0000] "HEAD /feed HTTP/2.0" 200 0 "-" "Slackbot 1.0 (+https://api.slack.com/robots)"
54.144.114.20 - - [23/Nov/2021:16:53:40 +0000] "GET /feed HTTP/1.1" 200 55868 "-" "Slackbot 1.0 (+https://api.slack.com/robots)"
52.73.84.243 - - [23/Nov/2021:16:53:42 +0000] "GET / HTTP/1.1" 200 6312 "-" "Slackbot 1.0 (+https://api.slack.com/robots)"
216.245.221.83 - - [23/Nov/2021:16:55:08 +0000] "HEAD / HTTP/1.1" 301 0 "http://ja.tak-cslab.org/" "Mozilla/5.0+(compatible; UptimeRobot/2.0; http://www.uptimerobot.com/)"
216.245.221.83 - - [23/Nov/2021:16:55:08 +0000] "HEAD / HTTP/1.1" 200 0 "http://ja.tak-cslab.org/" "Mozilla/5.0+(compatible; UptimeRobot/2.0; http://www.uptimerobot.com/)"
34.206.38.217 - - [23/Nov/2021:16:56:10 +0000] "GET /feed HTTP/1.1" 200 55868 "-" "Automate.io BOT"
163.215.3.21 - - [23/Nov/2021:16:56:33 +0000] "GET / HTTP/2.0" 200 6293 "-" "Mozilla/5.0 (Windows NT 10.0; Win64; x64) AppleWebKit/537.36 (KHTML, like Gecko) Chrome/95.0.4638.69 Safari/537.36"
163.215.3.21 - - [23/Nov/2021:16:56:34 +0000] "GET /wp-content/uploads/2020/01/server-e1585573899521.png HTTP/2.0" 200 426115 "https://ja.tak-cslab.org/" "Mozilla/5.0 (Windows NT 10.0; Win64; x64) AppleWebKit/537.36 (KHTML, like Gecko) Chrome/95.0.4638.69 Safari/537.36"
163.215.3.21 - - [23/Nov/2021:16:56:34 +0000] "GET /wp-content/uploads/2020/01/desk-e1585573956500.png HTTP/2.0" 200 367831 "https://ja.tak-cslab.org/" "Mozilla/5.0 (Windows NT 10.0; Win64; x64) AppleWebKit/537.36 (KHTML, like Gecko) Chrome/95.0.4638.69 Safari/537.36"
163.215.3.21 - - [23/Nov/2021:16:56:34 +0000] "GET /wp-content/uploads/2020/01/books-e1585573975658.png HTTP/2.0" 200 549531 "https://ja.tak-cslab.org/" "Mozilla/5.0 (Windows NT 10.0; Win64; x64) AppleWebKit/537.36 (KHTML, like Gecko) Chrome/95.0.4638.69 Safari/537.36"
163.215.3.21 - - [23/Nov/2021:16:56:34 +0000] "GET /wp-content/uploads/2020/01/iot2-e1585573992906.png HTTP/2.0" 200 439802 "https://ja.tak-cslab.org/" "Mozilla/5.0 (Windows NT 10.0; Win64; x64) AppleWebKit/537.36 (KHTML, like Gecko) Chrome/95.0.4638.69 Safari/537.36"
163.215.3.21 - - [23/Nov/2021:16:56:37 +0000] "GET /tech-report HTTP/2.0" 200 12282 "https://ja.tak-cslab.org/" "Mozilla/5.0 (Windows NT 10.0; Win64; x64) AppleWebKit/537.36 (KHTML, like Gecko) Chrome/95.0.4638.69 Safari/537.36"
216.245.221.83 - - [23/Nov/2021:17:00:08 +0000] "HEAD / HTTP/1.1" 301 0 "http://ja.tak-cslab.org/" "Mozilla/5.0+(compatible; UptimeRobot/2.0; http://www.uptimerobot.com/)"
216.245.221.83 - - [23/Nov/2021:17:00:08 +0000] "HEAD / HTTP/1.1" 200 0 "http://ja.tak-cslab.org/" "Mozilla/5.0+(compatible; UptimeRobot/2.0; http://www.uptimerobot.com/)"
163.215.6.1 - - [23/Nov/2021:17:01:10 +0000] "POST /wp-cron.php?doing_wp_cron=1637686870.7582321166992187500000 HTTP/1.1" 200 31 "https://ja.tak-cslab.org/wp-cron.php?doing_wp_cron=1637686870.7582321166992187500000" "WordPress/5.8.2; https://ja.tak-cslab.org"
34.206.38.217 - - [23/Nov/2021:17:01:10 +0000] "GET /feed HTTP/1.1" 200 55868 "-" "Automate.io BOT"
207.46.13.25 - - [23/Nov/2021:17:03:27 +0000] "GET /wp-content/uploads/2020/09/20200925_200925_0-1040x780.jpg HTTP/2.0" 200 101654 "-" "Mozilla/5.0 (compatible; bingbot/2.0; +http://www.bing.com/bingbot.htm)"
216.245.221.83 - - [23/Nov/2021:17:05:08 +0000] "HEAD / HTTP/1.1" 301 0 "http://ja.tak-cslab.org/" "Mozilla/5.0+(compatible; UptimeRobot/2.0; http://www.uptimerobot.com/)"
216.245.221.83 - - [23/Nov/2021:17:05:08 +0000] "HEAD / HTTP/1.1" 200 0 "http://ja.tak-cslab.org/" "Mozilla/5.0+(compatible; UptimeRobot/2.0; http://www.uptimerobot.com/)"
34.206.38.217 - - [23/Nov/2021:17:06:11 +0000] "GET /feed HTTP/1.1" 200 55867 "-" "Automate.io BOT"
216.244.66.230 - - [23/Nov/2021:17:06:34 +0000] "GET /10gin_cds1?redirect_to=https%3A%2F%2Fja.tak-cslab.org%2Farchives%2F802 HTTP/1.1" 200 13341 "-" "Mozilla/5.0 (compatible; DotBot/1.2; +https://opensiteexplorer.org/dotbot; help@moz.com)"
216.245.221.83 - - [23/Nov/2021:17:10:08 +0000] "HEAD / HTTP/1.1" 301 0 "http://ja.tak-cslab.org/" "Mozilla/5.0+(compatible; UptimeRobot/2.0; http://www.uptimerobot.com/)"
216.245.221.83 - - [23/Nov/2021:17:10:08 +0000] "HEAD / HTTP/1.1" 200 0 "http://ja.tak-cslab.org/" "Mozilla/5.0+(compatible; UptimeRobot/2.0; http://www.uptimerobot.com/)"
34.206.38.217 - - [23/Nov/2021:17:11:11 +0000] "GET /feed HTTP/1.1" 200 55867 "-" "Automate.io BOT"
34.239.136.168 - - [23/Nov/2021:17:13:40 +0000] "HEAD /feed HTTP/2.0" 200 0 "-" "Slackbot 1.0 (+https://api.slack.com/robots)"
18.232.188.90 - - [23/Nov/2021:17:13:41 +0000] "GET /feed HTTP/1.1" 200 55861 "-" "Slackbot 1.0 (+https://api.slack.com/robots)"
52.90.160.90 - - [23/Nov/2021:17:13:42 +0000] "GET / HTTP/1.1" 200 6312 "-" "Slackbot 1.0 (+https://api.slack.com/robots)"
216.245.221.83 - - [23/Nov/2021:17:15:08 +0000] "HEAD / HTTP/1.1" 301 0 "http://ja.tak-cslab.org/" "Mozilla/5.0+(compatible; UptimeRobot/2.0; http://www.uptimerobot.com/)"
216.245.221.83 - - [23/Nov/2021:17:15:08 +0000] "HEAD / HTTP/1.1" 200 0 "http://ja.tak-cslab.org/" "Mozilla/5.0+(compatible; UptimeRobot/2.0; http://www.uptimerobot.com/)"
34.206.38.217 - - [23/Nov/2021:17:16:11 +0000] "GET /feed HTTP/1.1" 200 55868 "-" "Automate.io BOT"
216.245.221.83 - - [23/Nov/2021:17:20:08 +0000] "HEAD / HTTP/1.1" 301 0 "http://ja.tak-cslab.org/" "Mozilla/5.0+(compatible; UptimeRobot/2.0; http://www.uptimerobot.com/)"
163.215.6.1 - - [23/Nov/2021:17:20:08 +0000] "POST /wp-cron.php?doing_wp_cron=1637688008.6728210449218750000000 HTTP/1.1" 200 31 "https://ja.tak-cslab.org/wp-cron.php?doing_wp_cron=1637688008.6728210449218750000000" "WordPress/5.8.2; https://ja.tak-cslab.org"
216.245.221.83 - - [23/Nov/2021:17:20:08 +0000] "HEAD / HTTP/1.1" 200 0 "http://ja.tak-cslab.org/" "Mozilla/5.0+(compatible; UptimeRobot/2.0; http://www.uptimerobot.com/)"
34.206.38.217 - - [23/Nov/2021:17:21:11 +0000] "GET /feed HTTP/1.1" 200 55861 "-" "Automate.io BOT"
152.165.86.145 - - [23/Nov/2021:17:21:31 +0000] "GET / HTTP/2.0" 200 6293 "-" "Mozilla/5.0 (Windows NT 10.0; Win64; x64) AppleWebKit/537.36 (KHTML, like Gecko) Chrome/96.0.4664.45 Safari/537.36"
152.165.86.145 - - [23/Nov/2021:17:21:31 +0000] "GET /wp-includes/js/wp-embed.min.js?ver=5.8.2 HTTP/2.0" 304 0 "https://ja.tak-cslab.org/" "Mozilla/5.0 (Windows NT 10.0; Win64; x64) AppleWebKit/537.36 (KHTML, like Gecko) Chrome/96.0.4664.45 Safari/537.36"
152.165.86.145 - - [23/Nov/2021:17:21:31 +0000] "GET /wp-includes/css/dist/block-library/style.min.css?ver=5.8.2 HTTP/2.0" 304 0 "https://ja.tak-cslab.org/" "Mozilla/5.0 (Windows NT 10.0; Win64; x64) AppleWebKit/537.36 (KHTML, like Gecko) Chrome/96.0.4664.45 Safari/537.36"
152.165.86.145 - - [23/Nov/2021:17:21:31 +0000] "GET /wp-includes/js/wp-emoji-release.min.js?ver=5.8.2 HTTP/2.0" 304 0 "https://ja.tak-cslab.org/" "Mozilla/5.0 (Windows NT 10.0; Win64; x64) AppleWebKit/537.36 (KHTML, like Gecko) Chrome/96.0.4664.45 Safari/537.36"
152.165.86.145 - - [23/Nov/2021:17:21:33 +0000] "GET /?page_id=117 HTTP/2.0" 301 0 "-" "Mozilla/5.0 (Windows NT 10.0; Win64; x64) AppleWebKit/537.36 (KHTML, like Gecko) Chrome/96.0.4664.45 Safari/537.36"
152.165.86.145 - - [23/Nov/2021:17:21:33 +0000] "GET /tech-report HTTP/2.0" 200 12282 "-" "Mozilla/5.0 (Windows NT 10.0; Win64; x64) AppleWebKit/537.36 (KHTML, like Gecko) Chrome/96.0.4664.45 Safari/537.36"
216.245.221.83 - - [23/Nov/2021:17:25:08 +0000] "HEAD / HTTP/1.1" 301 0 "http://ja.tak-cslab.org/" "Mozilla/5.0+(compatible; UptimeRobot/2.0; http://www.uptimerobot.com/)"
216.245.221.83 - - [23/Nov/2021:17:25:08 +0000] "HEAD / HTTP/1.1" 200 0 "http://ja.tak-cslab.org/" "Mozilla/5.0+(compatible; UptimeRobot/2.0; http://www.uptimerobot.com/)"
34.206.38.217 - - [23/Nov/2021:17:26:11 +0000] "GET /feed HTTP/1.1" 200 55861 "-" "Automate.io BOT"
216.245.221.83 - - [23/Nov/2021:17:30:08 +0000] "HEAD / HTTP/1.1" 301 0 "http://ja.tak-cslab.org/" "Mozilla/5.0+(compatible; UptimeRobot/2.0; http://www.uptimerobot.com/)"
216.245.221.83 - - [23/Nov/2021:17:30:08 +0000] "HEAD / HTTP/1.1" 200 0 "http://ja.tak-cslab.org/" "Mozilla/5.0+(compatible; UptimeRobot/2.0; http://www.uptimerobot.com/)"
34.206.38.217 - - [23/Nov/2021:17:31:11 +0000] "GET /feed HTTP/1.1" 200 55868 "-" "Automate.io BOT"
54.85.61.192 - - [23/Nov/2021:17:33:41 +0000] "HEAD /feed HTTP/2.0" 200 0 "-" "Slackbot 1.0 (+https://api.slack.com/robots)"
54.242.174.147 - - [23/Nov/2021:17:33:42 +0000] "GET /feed HTTP/1.1" 200 55868 "-" "Slackbot 1.0 (+https://api.slack.com/robots)"
18.232.188.90 - - [23/Nov/2021:17:33:44 +0000] "GET / HTTP/1.1" 200 6312 "-" "Slackbot 1.0 (+https://api.slack.com/robots)"
216.245.221.83 - - [23/Nov/2021:17:35:08 +0000] "HEAD / HTTP/1.1" 301 0 "http://ja.tak-cslab.org/" "Mozilla/5.0+(compatible; UptimeRobot/2.0; http://www.uptimerobot.com/)"
216.245.221.83 - - [23/Nov/2021:17:35:08 +0000] "HEAD / HTTP/1.1" 200 0 "http://ja.tak-cslab.org/" "Mozilla/5.0+(compatible; UptimeRobot/2.0; http://www.uptimerobot.com/)"
34.206.38.217 - - [23/Nov/2021:17:36:11 +0000] "GET /feed HTTP/1.1" 200 55868 "-" "Automate.io BOT"
216.245.221.83 - - [23/Nov/2021:17:40:08 +0000] "HEAD / HTTP/1.1" 301 0 "http://ja.tak-cslab.org/" "Mozilla/5.0+(compatible; UptimeRobot/2.0; http://www.uptimerobot.com/)"
216.245.221.83 - - [23/Nov/2021:17:40:08 +0000] "HEAD / HTTP/1.1" 200 0 "http://ja.tak-cslab.org/" "Mozilla/5.0+(compatible; UptimeRobot/2.0; http://www.uptimerobot.com/)"
34.206.38.217 - - [23/Nov/2021:17:41:12 +0000] "GET /feed HTTP/1.1" 200 55861 "-" "Automate.io BOT"
216.244.66.230 - - [23/Nov/2021:17:43:04 +0000] "GET /robots.txt HTTP/1.1" 301 162 "-" "Mozilla/5.0 (compatible; DotBot/1.2; +https://opensiteexplorer.org/dotbot; help@moz.com)"
216.244.66.230 - - [23/Nov/2021:17:43:04 +0000] "GET /robots.txt HTTP/1.1" 200 128 "-" "Mozilla/5.0 (compatible; DotBot/1.2; +https://opensiteexplorer.org/dotbot; help@moz.com)"
216.245.221.83 - - [23/Nov/2021:17:45:08 +0000] "HEAD / HTTP/1.1" 301 0 "http://ja.tak-cslab.org/" "Mozilla/5.0+(compatible; UptimeRobot/2.0; http://www.uptimerobot.com/)"
216.245.221.83 - - [23/Nov/2021:17:45:08 +0000] "HEAD / HTTP/1.1" 200 0 "http://ja.tak-cslab.org/" "Mozilla/5.0+(compatible; UptimeRobot/2.0; http://www.uptimerobot.com/)"
34.206.38.217 - - [23/Nov/2021:17:46:11 +0000] "GET /feed HTTP/1.1" 200 55861 "-" "Automate.io BOT"
216.245.221.83 - - [23/Nov/2021:17:50:08 +0000] "HEAD / HTTP/1.1" 301 0 "http://ja.tak-cslab.org/" "Mozilla/5.0+(compatible; UptimeRobot/2.0; http://www.uptimerobot.com/)"
216.245.221.83 - - [23/Nov/2021:17:50:08 +0000] "HEAD / HTTP/1.1" 200 0 "http://ja.tak-cslab.org/" "Mozilla/5.0+(compatible; UptimeRobot/2.0; http://www.uptimerobot.com/)"
34.206.38.217 - - [23/Nov/2021:17:51:11 +0000] "GET /feed HTTP/1.1" 200 55868 "-" "Automate.io BOT"
3.235.74.62 - - [23/Nov/2021:17:53:41 +0000] "HEAD /feed HTTP/2.0" 200 0 "-" "Slackbot 1.0 (+https://api.slack.com/robots)"
3.237.178.178 - - [23/Nov/2021:17:53:41 +0000] "GET /feed HTTP/1.1" 200 55868 "-" "Slackbot 1.0 (+https://api.slack.com/robots)"
3.86.99.244 - - [23/Nov/2021:17:53:42 +0000] "GET / HTTP/1.1" 200 6312 "-" "Slackbot 1.0 (+https://api.slack.com/robots)"
216.245.221.83 - - [23/Nov/2021:17:55:08 +0000] "HEAD / HTTP/1.1" 301 0 "http://ja.tak-cslab.org/" "Mozilla/5.0+(compatible; UptimeRobot/2.0; http://www.uptimerobot.com/)"
216.245.221.83 - - [23/Nov/2021:17:55:08 +0000] "HEAD / HTTP/1.1" 200 0 "http://ja.tak-cslab.org/" "Mozilla/5.0+(compatible; UptimeRobot/2.0; http://www.uptimerobot.com/)"
34.206.38.217 - - [23/Nov/2021:17:56:11 +0000] "GET /feed HTTP/1.1" 200 55861 "-" "Automate.io BOT"
188.235.214.202 - - [23/Nov/2021:17:56:23 +0000] "GET /archives/460/ HTTP/1.0" 301 162 "http://ja.tak-cslab.org/archives/460/" "Mozilla/5.0 (Windows NT 6.1) AppleWebKit/537.36 (KHTML, like Gecko) Chrome/90.0.4430.72 Safari/537.36"
188.235.214.202 - - [23/Nov/2021:17:56:25 +0000] "GET /archives/460/ HTTP/1.0" 301 0 "https://ja.tak-cslab.org/archives/460/" "Mozilla/5.0 (Windows NT 6.1) AppleWebKit/537.36 (KHTML, like Gecko) Chrome/90.0.4430.72 Safari/537.36"
66.249.65.95 - - [23/Nov/2021:17:56:30 +0000] "GET /topics/blog HTTP/1.1" 200 13039 "-" "Mozilla/5.0 (compatible; Googlebot/2.1; +http://www.google.com/bot.html)"
188.235.214.202 - - [23/Nov/2021:17:56:31 +0000] "GET /archives/460 HTTP/1.0" 200 27841 "https://ja.tak-cslab.org/archives/460" "Mozilla/5.0 (Windows NT 6.1) AppleWebKit/537.36 (KHTML, like Gecko) Chrome/90.0.4430.72 Safari/537.36"
216.244.66.230 - - [23/Nov/2021:17:58:34 +0000] "GET /10gin_cds1?redirect_to=https%3A%2F%2Fja.tak-cslab.org%2Farchives%2F786 HTTP/1.1" 200 13341 "-" "Mozilla/5.0 (compatible; DotBot/1.2; +https://opensiteexplorer.org/dotbot; help@moz.com)"
207.46.13.21 - - [23/Nov/2021:18:00:04 +0000] "GET /wp-content/uploads/2021/04/https___qiita-image-store.s3.amazonaws.com_0_171398_3cac0ae7-3349-9194-bbfe-e67c1181cd48-1024x524.gif HTTP/2.0" 200 45548 "-" "Mozilla/5.0 (compatible; bingbot/2.0; +http://www.bing.com/bingbot.htm)"
216.245.221.83 - - [23/Nov/2021:18:00:08 +0000] "HEAD / HTTP/1.1" 301 0 "http://ja.tak-cslab.org/" "Mozilla/5.0+(compatible; UptimeRobot/2.0; http://www.uptimerobot.com/)"
216.245.221.83 - - [23/Nov/2021:18:00:08 +0000] "HEAD / HTTP/1.1" 200 0 "http://ja.tak-cslab.org/" "Mozilla/5.0+(compatible; UptimeRobot/2.0; http://www.uptimerobot.com/)"
163.215.6.1 - - [23/Nov/2021:18:01:12 +0000] "POST /wp-cron.php?doing_wp_cron=1637690471.9690229892730712890625 HTTP/1.1" 200 31 "https://ja.tak-cslab.org/wp-cron.php?doing_wp_cron=1637690471.9690229892730712890625" "WordPress/5.8.2; https://ja.tak-cslab.org"
34.206.38.217 - - [23/Nov/2021:18:01:12 +0000] "GET /feed HTTP/1.1" 200 55867 "-" "Automate.io BOT"
216.245.221.83 - - [23/Nov/2021:18:05:08 +0000] "HEAD / HTTP/1.1" 301 0 "http://ja.tak-cslab.org/" "Mozilla/5.0+(compatible; UptimeRobot/2.0; http://www.uptimerobot.com/)"
216.245.221.83 - - [23/Nov/2021:18:05:08 +0000] "HEAD / HTTP/1.1" 200 0 "http://ja.tak-cslab.org/" "Mozilla/5.0+(compatible; UptimeRobot/2.0; http://www.uptimerobot.com/)"
34.206.38.217 - - [23/Nov/2021:18:06:11 +0000] "GET /feed HTTP/1.1" 200 55868 "-" "Automate.io BOT"
216.245.221.83 - - [23/Nov/2021:18:10:08 +0000] "HEAD / HTTP/1.1" 301 0 "http://ja.tak-cslab.org/" "Mozilla/5.0+(compatible; UptimeRobot/2.0; http://www.uptimerobot.com/)"
216.245.221.83 - - [23/Nov/2021:18:10:08 +0000] "HEAD / HTTP/1.1" 200 0 "http://ja.tak-cslab.org/" "Mozilla/5.0+(compatible; UptimeRobot/2.0; http://www.uptimerobot.com/)"
34.206.38.217 - - [23/Nov/2021:18:11:11 +0000] "GET /feed HTTP/1.1" 200 55868 "-" "Automate.io BOT"
157.55.39.177 - - [23/Nov/2021:18:11:38 +0000] "GET / HTTP/1.1" 301 162 "-" "Mozilla/5.0 (compatible; bingbot/2.0; +http://www.bing.com/bingbot.htm)"
54.224.8.138 - - [23/Nov/2021:18:13:43 +0000] "HEAD /feed HTTP/2.0" 200 0 "-" "Slackbot 1.0 (+https://api.slack.com/robots)"
54.235.13.200 - - [23/Nov/2021:18:13:44 +0000] "GET /feed HTTP/1.1" 200 55867 "-" "Slackbot 1.0 (+https://api.slack.com/robots)"
3.238.144.235 - - [23/Nov/2021:18:13:45 +0000] "GET / HTTP/1.1" 200 6312 "-" "Slackbot 1.0 (+https://api.slack.com/robots)"
216.245.221.83 - - [23/Nov/2021:18:15:08 +0000] "HEAD / HTTP/1.1" 301 0 "http://ja.tak-cslab.org/" "Mozilla/5.0+(compatible; UptimeRobot/2.0; http://www.uptimerobot.com/)"
216.245.221.83 - - [23/Nov/2021:18:15:08 +0000] "HEAD / HTTP/1.1" 200 0 "http://ja.tak-cslab.org/" "Mozilla/5.0+(compatible; UptimeRobot/2.0; http://www.uptimerobot.com/)"
34.206.38.217 - - [23/Nov/2021:18:16:11 +0000] "GET /feed HTTP/1.1" 200 55867 "-" "Automate.io BOT"
216.245.221.83 - - [23/Nov/2021:18:20:08 +0000] "HEAD / HTTP/1.1" 301 0 "http://ja.tak-cslab.org/" "Mozilla/5.0+(compatible; UptimeRobot/2.0; http://www.uptimerobot.com/)"
163.215.6.1 - - [23/Nov/2021:18:20:08 +0000] "POST /wp-cron.php?doing_wp_cron=1637691608.7534360885620117187500 HTTP/1.1" 200 31 "https://ja.tak-cslab.org/wp-cron.php?doing_wp_cron=1637691608.7534360885620117187500" "WordPress/5.8.2; https://ja.tak-cslab.org"
216.245.221.83 - - [23/Nov/2021:18:20:08 +0000] "HEAD / HTTP/1.1" 200 0 "http://ja.tak-cslab.org/" "Mozilla/5.0+(compatible; UptimeRobot/2.0; http://www.uptimerobot.com/)"
34.206.38.217 - - [23/Nov/2021:18:21:11 +0000] "GET /feed HTTP/1.1" 200 55867 "-" "Automate.io BOT"
216.245.221.83 - - [23/Nov/2021:18:25:08 +0000] "HEAD / HTTP/1.1" 301 0 "http://ja.tak-cslab.org/" "Mozilla/5.0+(compatible; UptimeRobot/2.0; http://www.uptimerobot.com/)"
216.245.221.83 - - [23/Nov/2021:18:25:08 +0000] "HEAD / HTTP/1.1" 200 0 "http://ja.tak-cslab.org/" "Mozilla/5.0+(compatible; UptimeRobot/2.0; http://www.uptimerobot.com/)"
34.206.38.217 - - [23/Nov/2021:18:26:11 +0000] "GET /feed HTTP/1.1" 200 55868 "-" "Automate.io BOT"
216.245.221.83 - - [23/Nov/2021:18:30:08 +0000] "HEAD / HTTP/1.1" 301 0 "http://ja.tak-cslab.org/" "Mozilla/5.0+(compatible; UptimeRobot/2.0; http://www.uptimerobot.com/)"
216.245.221.83 - - [23/Nov/2021:18:30:08 +0000] "HEAD / HTTP/1.1" 200 0 "http://ja.tak-cslab.org/" "Mozilla/5.0+(compatible; UptimeRobot/2.0; http://www.uptimerobot.com/)"
34.206.38.217 - - [23/Nov/2021:18:31:11 +0000] "GET /feed HTTP/1.1" 200 55867 "-" "Automate.io BOT"
3.88.101.53 - - [23/Nov/2021:18:33:43 +0000] "HEAD /feed HTTP/2.0" 200 0 "-" "Slackbot 1.0 (+https://api.slack.com/robots)"
3.239.70.226 - - [23/Nov/2021:18:33:44 +0000] "GET /feed HTTP/1.1" 200 55867 "-" "Slackbot 1.0 (+https://api.slack.com/robots)"
3.88.101.53 - - [23/Nov/2021:18:33:46 +0000] "GET / HTTP/1.1" 200 6312 "-" "Slackbot 1.0 (+https://api.slack.com/robots)"
216.245.221.83 - - [23/Nov/2021:18:35:08 +0000] "HEAD / HTTP/1.1" 301 0 "http://ja.tak-cslab.org/" "Mozilla/5.0+(compatible; UptimeRobot/2.0; http://www.uptimerobot.com/)"
216.245.221.83 - - [23/Nov/2021:18:35:08 +0000] "HEAD / HTTP/1.1" 200 0 "http://ja.tak-cslab.org/" "Mozilla/5.0+(compatible; UptimeRobot/2.0; http://www.uptimerobot.com/)"
34.206.38.217 - - [23/Nov/2021:18:36:11 +0000] "GET /feed HTTP/1.1" 200 55867 "-" "Automate.io BOT"
216.245.221.83 - - [23/Nov/2021:18:40:08 +0000] "HEAD / HTTP/1.1" 301 0 "http://ja.tak-cslab.org/" "Mozilla/5.0+(compatible; UptimeRobot/2.0; http://www.uptimerobot.com/)"
216.245.221.83 - - [23/Nov/2021:18:40:08 +0000] "HEAD / HTTP/1.1" 200 0 "http://ja.tak-cslab.org/" "Mozilla/5.0+(compatible; UptimeRobot/2.0; http://www.uptimerobot.com/)"
34.206.38.217 - - [23/Nov/2021:18:41:12 +0000] "GET /feed HTTP/1.1" 200 55868 "-" "Automate.io BOT"
52.14.119.11 - - [23/Nov/2021:18:41:43 +0000] "GET /robots.txt HTTP/1.1" 200 123 "-" "clark-crawler2/Nutch-1.19-SNAPSHOT"
52.14.119.11 - - [23/Nov/2021:18:41:44 +0000] "GET /wp-content/uploads/2021/11/IMG_7440-1.jpg HTTP/1.1" 200 90847 "-" "clark-crawler2/Nutch-1.19-SNAPSHOT"
52.14.119.11 - - [23/Nov/2021:18:42:44 +0000] "GET /wp-content/uploads/2021/11/IMG_9095.jpg HTTP/1.1" 200 102456 "-" "clark-crawler2/Nutch-1.19-SNAPSHOT"
216.245.221.83 - - [23/Nov/2021:18:45:08 +0000] "HEAD / HTTP/1.1" 301 0 "http://ja.tak-cslab.org/" "Mozilla/5.0+(compatible; UptimeRobot/2.0; http://www.uptimerobot.com/)"
216.245.221.83 - - [23/Nov/2021:18:45:08 +0000] "HEAD / HTTP/1.1" 200 0 "http://ja.tak-cslab.org/" "Mozilla/5.0+(compatible; UptimeRobot/2.0; http://www.uptimerobot.com/)"
34.206.38.217 - - [23/Nov/2021:18:46:11 +0000] "GET /feed HTTP/1.1" 200 55868 "-" "Automate.io BOT"
216.245.221.83 - - [23/Nov/2021:18:50:08 +0000] "HEAD / HTTP/1.1" 301 0 "http://ja.tak-cslab.org/" "Mozilla/5.0+(compatible; UptimeRobot/2.0; http://www.uptimerobot.com/)"
216.245.221.83 - - [23/Nov/2021:18:50:08 +0000] "HEAD / HTTP/1.1" 200 0 "http://ja.tak-cslab.org/" "Mozilla/5.0+(compatible; UptimeRobot/2.0; http://www.uptimerobot.com/)"
34.206.38.217 - - [23/Nov/2021:18:51:11 +0000] "GET /feed HTTP/1.1" 200 55867 "-" "Automate.io BOT"
66.249.65.65 - - [23/Nov/2021:18:52:24 +0000] "GET /archives/1211 HTTP/1.1" 200 7522 "-" "Mozilla/5.0 (Linux; Android 6.0.1; Nexus 5X Build/MMB29P) AppleWebKit/537.36 (KHTML, like Gecko) Chrome/96.0.4664.45 Mobile Safari/537.36 (compatible; Googlebot/2.1; +http://www.google.com/bot.html)"
185.191.171.26 - - [23/Nov/2021:18:52:36 +0000] "GET /robots.txt HTTP/1.1" 200 123 "-" "Mozilla/5.0 (compatible; SemrushBot/7~bl; +http://www.semrush.com/bot.html)"
185.191.171.37 - - [23/Nov/2021:18:52:37 +0000] "GET /archives/1015 HTTP/1.1" 200 7469 "-" "Mozilla/5.0 (compatible; SemrushBot/7~bl; +http://www.semrush.com/bot.html)"
54.152.91.173 - - [23/Nov/2021:18:53:39 +0000] "HEAD /feed HTTP/2.0" 200 0 "-" "Slackbot 1.0 (+https://api.slack.com/robots)"
3.238.132.11 - - [23/Nov/2021:18:53:39 +0000] "GET /feed HTTP/1.1" 200 55867 "-" "Slackbot 1.0 (+https://api.slack.com/robots)"
3.235.161.44 - - [23/Nov/2021:18:53:41 +0000] "GET / HTTP/1.1" 200 6312 "-" "Slackbot 1.0 (+https://api.slack.com/robots)"
207.46.13.109 - - [23/Nov/2021:18:54:31 +0000] "GET /wp-content/uploads/2020/08/1835b47794783c752a0d709c5b5e2247-600x554.png HTTP/2.0" 200 103928 "-" "Mozilla/5.0 (compatible; bingbot/2.0; +http://www.bing.com/bingbot.htm)"
52.14.119.11 - - [23/Nov/2021:18:54:36 +0000] "GET /wp-content/uploads/2021/11/IMG_9138.jpg HTTP/1.1" 200 165097 "-" "clark-crawler2/Nutch-1.19-SNAPSHOT"
52.14.119.11 - - [23/Nov/2021:18:54:39 +0000] "GET /wp-content/uploads/2021/11/iOS-%E3%81%AE%E7%94%BB%E5%83%8F-1-scaled.jpg HTTP/1.1" 200 744650 "-" "clark-crawler2/Nutch-1.19-SNAPSHOT"
216.245.221.83 - - [23/Nov/2021:18:55:08 +0000] "HEAD / HTTP/1.1" 301 0 "http://ja.tak-cslab.org/" "Mozilla/5.0+(compatible; UptimeRobot/2.0; http://www.uptimerobot.com/)"
216.245.221.83 - - [23/Nov/2021:18:55:08 +0000] "HEAD / HTTP/1.1" 200 0 "http://ja.tak-cslab.org/" "Mozilla/5.0+(compatible; UptimeRobot/2.0; http://www.uptimerobot.com/)"
34.206.38.217 - - [23/Nov/2021:18:56:11 +0000] "GET /feed HTTP/1.1" 200 55867 "-" "Automate.io BOT"
51.222.253.1 - - [23/Nov/2021:18:57:06 +0000] "GET /10gin_cds1?redirect_to=https%3A%2F%2Fja.tak-cslab.org%2Farchives%2F244 HTTP/2.0" 200 4532 "-" "Mozilla/5.0 (compatible; AhrefsBot/7.0; +http://ahrefs.com/robot/)"
52.14.119.11 - - [23/Nov/2021:18:58:39 +0000] "GET /wp-content/uploads/2021/11/4802D652-BD0F-4516-9091-6ECBE0F6189F_1_105_c.jpg HTTP/1.1" 200 279465 "-" "clark-crawler2/Nutch-1.19-SNAPSHOT"
216.245.221.83 - - [23/Nov/2021:19:00:08 +0000] "HEAD / HTTP/1.1" 301 0 "http://ja.tak-cslab.org/" "Mozilla/5.0+(compatible; UptimeRobot/2.0; http://www.uptimerobot.com/)"
216.245.221.83 - - [23/Nov/2021:19:00:08 +0000] "HEAD / HTTP/1.1" 200 0 "http://ja.tak-cslab.org/" "Mozilla/5.0+(compatible; UptimeRobot/2.0; http://www.uptimerobot.com/)"
52.14.119.11 - - [23/Nov/2021:19:00:32 +0000] "GET /wp-content/uploads/2021/11/image-1-1024x461.png HTTP/1.1" 200 60183 "-" "clark-crawler2/Nutch-1.19-SNAPSHOT"
163.215.6.1 - - [23/Nov/2021:19:01:11 +0000] "POST /wp-cron.php?doing_wp_cron=1637694071.2328820228576660156250 HTTP/1.1" 200 31 "https://ja.tak-cslab.org/wp-cron.php?doing_wp_cron=1637694071.2328820228576660156250" "WordPress/5.8.2; https://ja.tak-cslab.org"
34.206.38.217 - - [23/Nov/2021:19:01:11 +0000] "GET /feed HTTP/1.1" 200 55868 "-" "Automate.io BOT"
52.14.119.11 - - [23/Nov/2021:19:02:07 +0000] "GET /wp-content/uploads/2021/11/IMG_9139-rotated.jpg HTTP/1.1" 200 219714 "-" "clark-crawler2/Nutch-1.19-SNAPSHOT"
216.245.221.83 - - [23/Nov/2021:19:05:08 +0000] "HEAD / HTTP/1.1" 301 0 "http://ja.tak-cslab.org/" "Mozilla/5.0+(compatible; UptimeRobot/2.0; http://www.uptimerobot.com/)"
216.245.221.83 - - [23/Nov/2021:19:05:08 +0000] "HEAD / HTTP/1.1" 200 0 "http://ja.tak-cslab.org/" "Mozilla/5.0+(compatible; UptimeRobot/2.0; http://www.uptimerobot.com/)"
207.46.13.21 - - [23/Nov/2021:19:06:03 +0000] "GET /archives/859 HTTP/2.0" 200 8513 "-" "Mozilla/5.0 (compatible; bingbot/2.0; +http://www.bing.com/bingbot.htm)"
34.206.38.217 - - [23/Nov/2021:19:06:11 +0000] "GET /feed HTTP/1.1" 200 55868 "-" "Automate.io BOT"
157.55.39.177 - - [23/Nov/2021:19:06:22 +0000] "GET /wp-includes/js/comment-reply.min.js?ver=5.8.2 HTTP/2.0" 200 1390 "-" "Mozilla/5.0 (compatible; bingbot/2.0; +http://www.bing.com/bingbot.htm)"
207.46.13.109 - - [23/Nov/2021:19:06:22 +0000] "GET /wp-content/themes/scaffold/assets/js/navigation.js?ver=1.3.1 HTTP/2.0" 200 1266 "-" "Mozilla/5.0 (compatible; bingbot/2.0; +http://www.bing.com/bingbot.htm)"
185.83.214.69 - - [23/Nov/2021:19:07:51 +0000] "POST /xmlrpc.php HTTP/1.0" 301 162 "-" "Mozilla/5.0 (Windows NT 6.3; WOW64) AppleWebKit/537.36 (KHTML, like Gecko) Chrome/90.0.4430.93 Safari/537.36"
185.83.214.69 - - [23/Nov/2021:19:07:53 +0000] "POST /xmlrpc.php HTTP/1.0" 200 403 "-" "Mozilla/5.0 (Windows NT 6.3; WOW64) AppleWebKit/537.36 (KHTML, like Gecko) Chrome/90.0.4430.93 Safari/537.36"
35.77.46.6 - - [23/Nov/2021:19:09:47 +0000] "GET /favicon.ico HTTP/1.1" 302 5 "-" "Slack-ImgProxy (+https://api.slack.com/robots)"
52.194.192.156 - - [23/Nov/2021:19:09:47 +0000] "GET /wp-includes/images/w-logo-blue-white-bg.png HTTP/1.1" 200 4119 "-" "Slack-ImgProxy (+https://api.slack.com/robots)"
216.245.221.83 - - [23/Nov/2021:19:10:08 +0000] "HEAD / HTTP/1.1" 301 0 "http://ja.tak-cslab.org/" "Mozilla/5.0+(compatible; UptimeRobot/2.0; http://www.uptimerobot.com/)"
216.245.221.83 - - [23/Nov/2021:19:10:08 +0000] "HEAD / HTTP/1.1" 200 0 "http://ja.tak-cslab.org/" "Mozilla/5.0+(compatible; UptimeRobot/2.0; http://www.uptimerobot.com/)"
34.206.38.217 - - [23/Nov/2021:19:11:11 +0000] "GET /feed HTTP/1.1" 200 55867 "-" "Automate.io BOT"
40.77.167.82 - - [23/Nov/2021:19:13:14 +0000] "GET /wp-content/uploads/2020/08/image-2.png HTTP/2.0" 200 532786 "-" "Mozilla/5.0 (compatible; bingbot/2.0; +http://www.bing.com/bingbot.htm)"
44.192.65.22 - - [23/Nov/2021:19:13:41 +0000] "HEAD /feed HTTP/2.0" 200 0 "-" "Slackbot 1.0 (+https://api.slack.com/robots)"
3.239.53.83 - - [23/Nov/2021:19:13:42 +0000] "GET /feed HTTP/1.1" 200 55867 "-" "Slackbot 1.0 (+https://api.slack.com/robots)"
3.239.205.106 - - [23/Nov/2021:19:13:44 +0000] "GET / HTTP/1.1" 200 6312 "-" "Slackbot 1.0 (+https://api.slack.com/robots)"
52.14.119.11 - - [23/Nov/2021:19:13:46 +0000] "GET /wp-content/uploads/2021/11/515378A5-9FB4-4B74-8272-B46A64FAD39A_1_105_c-3.jpg HTTP/1.1" 200 196253 "-" "clark-crawler2/Nutch-1.19-SNAPSHOT"
66.249.65.94 - - [23/Nov/2021:19:14:54 +0000] "GET /?page_id=156 HTTP/1.1" 301 5 "-" "Mozilla/5.0 (Linux; Android 6.0.1; Nexus 5X Build/MMB29P) AppleWebKit/537.36 (KHTML, like Gecko) Chrome/96.0.4664.45 Mobile Safari/537.36 (compatible; Googlebot/2.1; +http://www.google.com/bot.html)"
66.249.65.94 - - [23/Nov/2021:19:14:55 +0000] "GET /about/it-facility HTTP/1.1" 200 9024 "-" "Mozilla/5.0 (Linux; Android 6.0.1; Nexus 5X Build/MMB29P) AppleWebKit/537.36 (KHTML, like Gecko) Chrome/96.0.4664.45 Mobile Safari/537.36 (compatible; Googlebot/2.1; +http://www.google.com/bot.html)"
216.245.221.83 - - [23/Nov/2021:19:15:08 +0000] "HEAD / HTTP/1.1" 301 0 "http://ja.tak-cslab.org/" "Mozilla/5.0+(compatible; UptimeRobot/2.0; http://www.uptimerobot.com/)"
216.245.221.83 - - [23/Nov/2021:19:15:08 +0000] "HEAD / HTTP/1.1" 200 0 "http://ja.tak-cslab.org/" "Mozilla/5.0+(compatible; UptimeRobot/2.0; http://www.uptimerobot.com/)"
185.191.171.36 - - [23/Nov/2021:19:15:40 +0000] "GET /archives/244 HTTP/1.1" 200 6925 "-" "Mozilla/5.0 (compatible; SemrushBot/7~bl; +http://www.semrush.com/bot.html)"
34.206.38.217 - - [23/Nov/2021:19:16:11 +0000] "GET /feed HTTP/1.1" 200 55867 "-" "Automate.io BOT"
52.14.119.11 - - [23/Nov/2021:19:16:28 +0000] "GET /wp-content/uploads/2021/11/IMG_9140.jpg HTTP/1.1" 200 181539 "-" "clark-crawler2/Nutch-1.19-SNAPSHOT"
52.14.119.11 - - [23/Nov/2021:19:19:16 +0000] "GET /wp-content/uploads/2021/11/iOS-%E3%81%AE%E7%94%BB%E5%83%8F-1024x768.jpg HTTP/1.1" 200 141200 "-" "clark-crawler2/Nutch-1.19-SNAPSHOT"
216.245.221.83 - - [23/Nov/2021:19:20:08 +0000] "HEAD / HTTP/1.1" 301 0 "http://ja.tak-cslab.org/" "Mozilla/5.0+(compatible; UptimeRobot/2.0; http://www.uptimerobot.com/)"
163.215.6.1 - - [23/Nov/2021:19:20:08 +0000] "POST /wp-cron.php?doing_wp_cron=1637695208.6513490676879882812500 HTTP/1.1" 200 31 "https://ja.tak-cslab.org/wp-cron.php?doing_wp_cron=1637695208.6513490676879882812500" "WordPress/5.8.2; https://ja.tak-cslab.org"
216.245.221.83 - - [23/Nov/2021:19:20:08 +0000] "HEAD / HTTP/1.1" 200 0 "http://ja.tak-cslab.org/" "Mozilla/5.0+(compatible; UptimeRobot/2.0; http://www.uptimerobot.com/)"
34.206.38.217 - - [23/Nov/2021:19:21:11 +0000] "GET /feed HTTP/1.1" 200 55860 "-" "Automate.io BOT"
216.245.221.83 - - [23/Nov/2021:19:25:08 +0000] "HEAD / HTTP/1.1" 301 0 "http://ja.tak-cslab.org/" "Mozilla/5.0+(compatible; UptimeRobot/2.0; http://www.uptimerobot.com/)"
216.245.221.83 - - [23/Nov/2021:19:25:08 +0000] "HEAD / HTTP/1.1" 200 0 "http://ja.tak-cslab.org/" "Mozilla/5.0+(compatible; UptimeRobot/2.0; http://www.uptimerobot.com/)"
52.14.119.11 - - [23/Nov/2021:19:25:28 +0000] "GET /wp-content/uploads/2021/11/iOS-%E3%81%AE%E7%94%BB%E5%83%8F-2-scaled.jpg HTTP/1.1" 200 754192 "-" "clark-crawler2/Nutch-1.19-SNAPSHOT"
34.206.38.217 - - [23/Nov/2021:19:26:12 +0000] "GET /feed HTTP/1.1" 200 55868 "-" "Automate.io BOT"
52.14.119.11 - - [23/Nov/2021:19:26:23 +0000] "GET /wp-content/uploads/2021/11/iOS-%E3%81%AE%E7%94%BB%E5%83%8F-4-1-scaled.jpg HTTP/1.1" 200 611252 "-" "clark-crawler2/Nutch-1.19-SNAPSHOT"
52.14.119.11 - - [23/Nov/2021:19:28:31 +0000] "GET /wp-content/uploads/2021/11/IMG_9147.jpg HTTP/1.1" 200 82384 "-" "clark-crawler2/Nutch-1.19-SNAPSHOT"
216.245.221.83 - - [23/Nov/2021:19:30:08 +0000] "HEAD / HTTP/1.1" 301 0 "http://ja.tak-cslab.org/" "Mozilla/5.0+(compatible; UptimeRobot/2.0; http://www.uptimerobot.com/)"
216.245.221.83 - - [23/Nov/2021:19:30:08 +0000] "HEAD / HTTP/1.1" 200 0 "http://ja.tak-cslab.org/" "Mozilla/5.0+(compatible; UptimeRobot/2.0; http://www.uptimerobot.com/)"
34.206.38.217 - - [23/Nov/2021:19:31:12 +0000] "GET /feed HTTP/1.1" 200 55867 "-" "Automate.io BOT"
52.14.119.11 - - [23/Nov/2021:19:31:52 +0000] "GET /wp-content/uploads/2021/10/%E3%82%B9%E3%82%AF%E3%83%AA%E3%83%BC%E3%83%B3%E3%82%B7%E3%83%A7%E3%83%83%E3%83%88-2021-10-08-14.51.59%EF%BC%882%EF%BC%89-edited.png HTTP/1.1" 200 292808 "-" "clark-crawler2/Nutch-1.19-SNAPSHOT"
3.86.94.180 - - [23/Nov/2021:19:33:43 +0000] "HEAD /feed HTTP/2.0" 200 0 "-" "Slackbot 1.0 (+https://api.slack.com/robots)"
3.237.202.173 - - [23/Nov/2021:19:33:44 +0000] "GET /feed HTTP/1.1" 200 55861 "-" "Slackbot 1.0 (+https://api.slack.com/robots)"
3.238.206.246 - - [23/Nov/2021:19:33:46 +0000] "GET / HTTP/1.1" 200 6312 "-" "Slackbot 1.0 (+https://api.slack.com/robots)"
52.14.119.11 - - [23/Nov/2021:19:34:47 +0000] "GET /wp-content/uploads/2021/11/IMG_9133.jpg HTTP/1.1" 200 245851 "-" "clark-crawler2/Nutch-1.19-SNAPSHOT"
216.245.221.83 - - [23/Nov/2021:19:35:08 +0000] "HEAD / HTTP/1.1" 301 0 "http://ja.tak-cslab.org/" "Mozilla/5.0+(compatible; UptimeRobot/2.0; http://www.uptimerobot.com/)"
216.245.221.83 - - [23/Nov/2021:19:35:08 +0000] "HEAD / HTTP/1.1" 200 0 "http://ja.tak-cslab.org/" "Mozilla/5.0+(compatible; UptimeRobot/2.0; http://www.uptimerobot.com/)"
34.206.38.217 - - [23/Nov/2021:19:36:12 +0000] "GET /feed HTTP/1.1" 200 55867 "-" "Automate.io BOT"
66.249.65.65 - - [23/Nov/2021:19:37:26 +0000] "GET /archives/999 HTTP/1.1" 200 7812 "-" "Mozilla/5.0 (Linux; Android 6.0.1; Nexus 5X Build/MMB29P) AppleWebKit/537.36 (KHTML, like Gecko) Chrome/96.0.4664.45 Mobile Safari/537.36 (compatible; Googlebot/2.1; +http://www.google.com/bot.html)"
216.245.221.83 - - [23/Nov/2021:19:40:08 +0000] "HEAD / HTTP/1.1" 301 0 "http://ja.tak-cslab.org/" "Mozilla/5.0+(compatible; UptimeRobot/2.0; http://www.uptimerobot.com/)"
216.245.221.83 - - [23/Nov/2021:19:40:08 +0000] "HEAD / HTTP/1.1" 200 0 "http://ja.tak-cslab.org/" "Mozilla/5.0+(compatible; UptimeRobot/2.0; http://www.uptimerobot.com/)"
195.123.209.118 - - [23/Nov/2021:19:40:26 +0000] "GET / HTTP/1.1" 301 162 "https://sauni-moskva.ru/" "Mozilla/5.0 (Windows NT 5.1; U; en) Opera 8.00"
195.123.209.118 - - [23/Nov/2021:19:40:27 +0000] "GET / HTTP/1.1" 301 162 "https://sauni-moskva.ru/" "Mozilla/5.0 (Windows NT 5.1; U; en) Opera 8.00"
195.123.209.118 - - [23/Nov/2021:19:40:28 +0000] "GET / HTTP/1.1" 301 162 "https://sauni-moskva.ru/" "Mozilla/5.0 (Windows NT 5.1; U; en) Opera 8.00"
34.206.38.217 - - [23/Nov/2021:19:41:12 +0000] "GET /feed HTTP/1.1" 200 55867 "-" "Automate.io BOT"
52.14.119.11 - - [23/Nov/2021:19:43:20 +0000] "GET /wp-content/uploads/2021/06/IMG_4135_Original-1-1024x768.jpg HTTP/1.1" 200 127943 "-" "clark-crawler2/Nutch-1.19-SNAPSHOT"
52.14.119.11 - - [23/Nov/2021:19:44:04 +0000] "GET /wp-content/uploads/2020/01/B82273F0-65D6-4270-A2B7-B8A008AAEE39-1024x986.jpeg HTTP/1.1" 200 69604 "-" "clark-crawler2/Nutch-1.19-SNAPSHOT"
52.14.119.11 - - [23/Nov/2021:19:44:07 +0000] "GET /wp-content/uploads/2020/09/Screen-Shot-2020-09-09-at-14.34.26-1024x699.png HTTP/1.1" 200 326235 "-" "clark-crawler2/Nutch-1.19-SNAPSHOT"
52.14.119.11 - - [23/Nov/2021:19:44:10 +0000] "GET /wp-content/uploads/2020/01/desk-e1585573956500.png HTTP/1.1" 200 367831 "-" "clark-crawler2/Nutch-1.19-SNAPSHOT"
52.14.119.11 - - [23/Nov/2021:19:44:39 +0000] "GET /wp-content/uploads/2021/07/image-5.png HTTP/1.1" 200 32401 "-" "clark-crawler2/Nutch-1.19-SNAPSHOT"
216.245.221.83 - - [23/Nov/2021:19:45:08 +0000] "HEAD / HTTP/1.1" 301 0 "http://ja.tak-cslab.org/" "Mozilla/5.0+(compatible; UptimeRobot/2.0; http://www.uptimerobot.com/)"
216.245.221.83 - - [23/Nov/2021:19:45:08 +0000] "HEAD / HTTP/1.1" 200 0 "http://ja.tak-cslab.org/" "Mozilla/5.0+(compatible; UptimeRobot/2.0; http://www.uptimerobot.com/)"
52.14.119.11 - - [23/Nov/2021:19:45:31 +0000] "GET /wp-content/uploads/2020/01/iot.png HTTP/1.1" 200 1197066 "-" "clark-crawler2/Nutch-1.19-SNAPSHOT"
52.14.119.11 - - [23/Nov/2021:19:46:07 +0000] "GET /wp-content/uploads/2020/02/image-1.png HTTP/1.1" 200 130884 "-" "clark-crawler2/Nutch-1.19-SNAPSHOT"
34.206.38.217 - - [23/Nov/2021:19:46:12 +0000] "GET /feed HTTP/1.1" 200 55861 "-" "Automate.io BOT"
52.14.119.11 - - [23/Nov/2021:19:46:23 +0000] "GET /wp-content/uploads/2021/09/image-4-1024x768.png HTTP/1.1" 200 1095953 "-" "clark-crawler2/Nutch-1.19-SNAPSHOT"
52.14.119.11 - - [23/Nov/2021:19:47:18 +0000] "GET /wp-content/uploads/2020/01/image-4-1024x420.png HTTP/1.1" 200 66860 "-" "clark-crawler2/Nutch-1.19-SNAPSHOT"
52.14.119.11 - - [23/Nov/2021:19:48:04 +0000] "GET /wp-content/uploads/2020/09/20200925_200925_2-768x1024.jpg HTTP/1.1" 200 92396 "-" "clark-crawler2/Nutch-1.19-SNAPSHOT"
52.14.119.11 - - [23/Nov/2021:19:48:14 +0000] "GET /wp-content/uploads/2020/10/IMG_4250-1-1.jpg HTTP/1.1" 200 182506 "-" "clark-crawler2/Nutch-1.19-SNAPSHOT"
52.14.119.11 - - [23/Nov/2021:19:49:01 +0000] "GET /wp-content/uploads/2021/04/CDSL-System-Architecture2.png HTTP/1.1" 200 59389 "-" "clark-crawler2/Nutch-1.19-SNAPSHOT"
216.245.221.83 - - [23/Nov/2021:19:50:08 +0000] "HEAD / HTTP/1.1" 301 0 "http://ja.tak-cslab.org/" "Mozilla/5.0+(compatible; UptimeRobot/2.0; http://www.uptimerobot.com/)"
216.245.221.83 - - [23/Nov/2021:19:50:08 +0000] "HEAD / HTTP/1.1" 200 0 "http://ja.tak-cslab.org/" "Mozilla/5.0+(compatible; UptimeRobot/2.0; http://www.uptimerobot.com/)"
52.14.119.11 - - [23/Nov/2021:19:50:31 +0000] "GET /wp-content/uploads/2020/01/elk-arch.png HTTP/1.1" 200 70256 "-" "clark-crawler2/Nutch-1.19-SNAPSHOT"
52.14.119.11 - - [23/Nov/2021:19:50:52 +0000] "GET /wp-content/uploads/2021/02/IMG_1894-1024x768.jpg HTTP/1.1" 200 79373 "-" "clark-crawler2/Nutch-1.19-SNAPSHOT"
52.14.119.11 - - [23/Nov/2021:19:51:13 +0000] "GET /wp-content/uploads/2020/06/cdsl-storage.png HTTP/1.1" 200 41898 "-" "clark-crawler2/Nutch-1.19-SNAPSHOT"
52.14.119.11 - - [23/Nov/2021:19:51:35 +0000] "GET /wp-content/uploads/2020/02/image-3.png HTTP/1.1" 200 171014 "-" "clark-crawler2/Nutch-1.19-SNAPSHOT"
34.206.38.217 - - [23/Nov/2021:19:51:55 +0000] "GET /feed HTTP/1.1" 200 55867 "-" "Automate.io BOT"
52.14.119.11 - - [23/Nov/2021:19:52:06 +0000] "GET /wp-content/uploads/2020/06/cdsl-mackerel-1024x487.jpg HTTP/1.1" 200 60163 "-" "clark-crawler2/Nutch-1.19-SNAPSHOT"
52.14.119.11 - - [23/Nov/2021:19:52:14 +0000] "GET /wp-content/uploads/2020/09/Screen-Shot-2020-09-09-at-16.04.25-1024x729.png HTTP/1.1" 200 133423 "-" "clark-crawler2/Nutch-1.19-SNAPSHOT"
52.14.119.11 - - [23/Nov/2021:19:52:17 +0000] "GET /wp-content/uploads/2021/03/iOS-%E3%81%AE%E7%94%BB%E5%83%8F-2-1-1024x768.jpg HTTP/1.1" 200 120029 "-" "clark-crawler2/Nutch-1.19-SNAPSHOT"
52.14.119.11 - - [23/Nov/2021:19:52:22 +0000] "GET /wp-content/uploads/2020/07/%E3%83%80%E3%82%A6%E3%83%B3%E3%83%AD%E3%83%BC%E3%83%89-1024x221.png HTTP/1.1" 200 79272 "-" "clark-crawler2/Nutch-1.19-SNAPSHOT"
52.14.119.11 - - [23/Nov/2021:19:52:24 +0000] "GET /wp-content/uploads/2020/10/IMG_4243.jpg HTTP/1.1" 200 214517 "-" "clark-crawler2/Nutch-1.19-SNAPSHOT"
52.14.119.11 - - [23/Nov/2021:19:52:47 +0000] "GET /wp-content/uploads/2020/01/IMG_1121-1024x768.jpg HTTP/1.1" 200 130805 "-" "clark-crawler2/Nutch-1.19-SNAPSHOT"
3.238.206.246 - - [23/Nov/2021:19:53:42 +0000] "HEAD /feed HTTP/2.0" 200 0 "-" "Slackbot 1.0 (+https://api.slack.com/robots)"
3.91.106.132 - - [23/Nov/2021:19:53:43 +0000] "GET /feed HTTP/1.1" 200 55867 "-" "Slackbot 1.0 (+https://api.slack.com/robots)"
3.238.206.246 - - [23/Nov/2021:19:53:44 +0000] "GET / HTTP/1.1" 200 6312 "-" "Slackbot 1.0 (+https://api.slack.com/robots)"
52.14.119.11 - - [23/Nov/2021:19:53:45 +0000] "GET /wp-content/uploads/2021/08/CDSL-System-Architecture.png HTTP/1.1" 200 59085 "-" "clark-crawler2/Nutch-1.19-SNAPSHOT"
52.14.119.11 - - [23/Nov/2021:19:54:10 +0000] "GET /wp-content/uploads/2020/02/image-4.png HTTP/1.1" 200 135754 "-" "clark-crawler2/Nutch-1.19-SNAPSHOT"
52.14.119.11 - - [23/Nov/2021:19:54:39 +0000] "GET /wp-content/uploads/2020/08/image-1.png HTTP/1.1" 200 120069 "-" "clark-crawler2/Nutch-1.19-SNAPSHOT"
52.14.119.11 - - [23/Nov/2021:19:54:53 +0000] "GET /wp-content/uploads/2020/10/IMG_4235-1.jpg HTTP/1.1" 200 459964 "-" "clark-crawler2/Nutch-1.19-SNAPSHOT"
52.14.119.11 - - [23/Nov/2021:19:54:54 +0000] "GET /wp-content/uploads/2021/06/IMG_4710_Original-1024x768.jpg HTTP/1.1" 200 165275 "-" "clark-crawler2/Nutch-1.19-SNAPSHOT"
216.245.221.83 - - [23/Nov/2021:19:55:08 +0000] "HEAD / HTTP/1.1" 301 0 "http://ja.tak-cslab.org/" "Mozilla/5.0+(compatible; UptimeRobot/2.0; http://www.uptimerobot.com/)"
216.245.221.83 - - [23/Nov/2021:19:55:08 +0000] "HEAD / HTTP/1.1" 200 0 "http://ja.tak-cslab.org/" "Mozilla/5.0+(compatible; UptimeRobot/2.0; http://www.uptimerobot.com/)"
52.14.119.11 - - [23/Nov/2021:19:55:22 +0000] "GET /wp-content/uploads/2020/03/meet-1024x473.png HTTP/1.1" 200 369480 "-" "clark-crawler2/Nutch-1.19-SNAPSHOT"
52.14.119.11 - - [23/Nov/2021:19:55:26 +0000] "GET /wp-content/uploads/2021/11/iOS-%E3%81%AE%E7%94%BB%E5%83%8F-3-scaled.jpg HTTP/1.1" 200 847240 "-" "clark-crawler2/Nutch-1.19-SNAPSHOT"
52.14.119.11 - - [23/Nov/2021:19:55:28 +0000] "GET /wp-content/uploads/2021/02/IMG_1870-1024x768.jpg HTTP/1.1" 200 86844 "-" "clark-crawler2/Nutch-1.19-SNAPSHOT"
52.14.119.11 - - [23/Nov/2021:19:56:47 +0000] "GET /wp-content/uploads/2020/02/image.png HTTP/1.1" 200 164444 "-" "clark-crawler2/Nutch-1.19-SNAPSHOT"
52.14.119.11 - - [23/Nov/2021:19:56:49 +0000] "GET /wp-content/uploads/2020/02/image-5.png HTTP/1.1" 200 121373 "-" "clark-crawler2/Nutch-1.19-SNAPSHOT"
34.206.38.217 - - [23/Nov/2021:19:56:56 +0000] "GET /feed HTTP/1.1" 200 55867 "-" "Automate.io BOT"
52.14.119.11 - - [23/Nov/2021:19:57:33 +0000] "GET /wp-content/uploads/2020/01/qiita-1024x668.png HTTP/1.1" 200 280288 "-" "clark-crawler2/Nutch-1.19-SNAPSHOT"
52.14.119.11 - - [23/Nov/2021:19:57:55 +0000] "GET /wp-content/uploads/2020/09/Screen-Shot-2020-09-09-at-16.18.16-1024x804.png HTTP/1.1" 200 261532 "-" "clark-crawler2/Nutch-1.19-SNAPSHOT"
52.14.119.11 - - [23/Nov/2021:19:58:20 +0000] "GET /wp-content/uploads/2021/05/CDSL-System-Architecture1.png HTTP/1.1" 200 76202 "-" "clark-crawler2/Nutch-1.19-SNAPSHOT"
52.14.119.11 - - [23/Nov/2021:19:59:17 +0000] "GET /wp-content/uploads/2020/10/%E8%AA%AC%E6%98%8E-1-1024x768.jpg HTTP/1.1" 200 86467 "-" "clark-crawler2/Nutch-1.19-SNAPSHOT"
52.14.119.11 - - [23/Nov/2021:19:59:43 +0000] "GET /wp-content/uploads/2021/08/image-3.png HTTP/1.1" 200 674874 "-" "clark-crawler2/Nutch-1.19-SNAPSHOT"
52.14.119.11 - - [23/Nov/2021:19:59:55 +0000] "GET /wp-content/uploads/2020/01/server-e1585573899521.png HTTP/1.1" 200 426115 "-" "clark-crawler2/Nutch-1.19-SNAPSHOT"
66.249.65.65 - - [23/Nov/2021:19:59:56 +0000] "GET /tags/nas HTTP/1.1" 200 6668 "-" "Mozilla/5.0 (Linux; Android 6.0.1; Nexus 5X Build/MMB29P) AppleWebKit/537.36 (KHTML, like Gecko) Chrome/96.0.4664.45 Mobile Safari/537.36 (compatible; Googlebot/2.1; +http://www.google.com/bot.html)"
52.14.119.11 - - [23/Nov/2021:19:59:57 +0000] "GET /wp-content/uploads/2020/07/domain-2121820_640.jpg HTTP/1.1" 200 58687 "-" "clark-crawler2/Nutch-1.19-SNAPSHOT"
52.14.119.11 - - [23/Nov/2021:19:59:59 +0000] "GET /wp-content/uploads/2020/09/Screen-Shot-2020-09-09-at-16.14.45-1024x683.png HTTP/1.1" 200 269113 "-" "clark-crawler2/Nutch-1.19-SNAPSHOT"
216.245.221.83 - - [23/Nov/2021:20:00:08 +0000] "HEAD / HTTP/1.1" 301 0 "http://ja.tak-cslab.org/" "Mozilla/5.0+(compatible; UptimeRobot/2.0; http://www.uptimerobot.com/)"
216.245.221.83 - - [23/Nov/2021:20:00:08 +0000] "HEAD / HTTP/1.1" 200 0 "http://ja.tak-cslab.org/" "Mozilla/5.0+(compatible; UptimeRobot/2.0; http://www.uptimerobot.com/)"
52.14.119.11 - - [23/Nov/2021:20:00:09 +0000] "GET /wp-content/uploads/2021/04/CDSL-System-Architecture3.png HTTP/1.1" 200 70474 "-" "clark-crawler2/Nutch-1.19-SNAPSHOT"
52.14.119.11 - - [23/Nov/2021:20:00:25 +0000] "GET /wp-content/uploads/2021/02/%E3%83%92%E3%83%89%E3%83%A9%EF%BC%92.png HTTP/1.1" 200 31701 "-" "clark-crawler2/Nutch-1.19-SNAPSHOT"
52.14.119.11 - - [23/Nov/2021:20:00:39 +0000] "GET /wp-content/uploads/2020/09/20200925_200925_7-768x1024.jpg HTTP/1.1" 200 110029 "-" "clark-crawler2/Nutch-1.19-SNAPSHOT"
52.14.119.11 - - [23/Nov/2021:20:01:12 +0000] "GET /wp-content/uploads/2020/01/IMG_1118-1024x768.jpg HTTP/1.1" 200 144037 "-" "clark-crawler2/Nutch-1.19-SNAPSHOT"
52.14.119.11 - - [23/Nov/2021:20:01:44 +0000] "GET /wp-content/uploads/2020/12/79c88101a9c403279aeedc67586221c07ebaed06-1024x517.png HTTP/1.1" 200 166518 "-" "clark-crawler2/Nutch-1.19-SNAPSHOT"
52.14.119.11 - - [23/Nov/2021:20:01:51 +0000] "GET /wp-content/uploads/2020/09/20200925_200925_8-1024x768.jpg HTTP/1.1" 200 92811 "-" "clark-crawler2/Nutch-1.19-SNAPSHOT"
163.215.6.1 - - [23/Nov/2021:20:01:55 +0000] "POST /wp-cron.php?doing_wp_cron=1637697715.9042639732360839843750 HTTP/1.1" 200 31 "https://ja.tak-cslab.org/wp-cron.php?doing_wp_cron=1637697715.9042639732360839843750" "WordPress/5.8.2; https://ja.tak-cslab.org"
34.206.38.217 - - [23/Nov/2021:20:01:55 +0000] "GET /feed HTTP/1.1" 200 55867 "-" "Automate.io BOT"
52.14.119.11 - - [23/Nov/2021:20:02:18 +0000] "GET /wp-content/uploads/2021/11/IMG_9104-1.jpg HTTP/1.1" 200 105715 "-" "clark-crawler2/Nutch-1.19-SNAPSHOT"
52.14.119.11 - - [23/Nov/2021:20:02:29 +0000] "GET /wp-content/uploads/2020/09/Screen-Shot-2020-09-09-at-14.40.09-1024x902.png HTTP/1.1" 200 192547 "-" "clark-crawler2/Nutch-1.19-SNAPSHOT"
52.14.119.11 - - [23/Nov/2021:20:02:31 +0000] "GET /wp-content/themes/cdsl/logo-qiita.png HTTP/1.1" 200 4021 "-" "clark-crawler2/Nutch-1.19-SNAPSHOT"
52.14.119.11 - - [23/Nov/2021:20:02:48 +0000] "GET /wp-content/uploads/2021/05/takaya_210519_02.png HTTP/1.1" 200 403816 "-" "clark-crawler2/Nutch-1.19-SNAPSHOT"
52.14.119.11 - - [23/Nov/2021:20:03:01 +0000] "GET /wp-content/uploads/2021/09/%E3%82%B9%E3%82%AF%E3%83%AA%E3%83%BC%E3%83%B3%E3%82%B7%E3%83%A7%E3%83%83%E3%83%88-2021-08-28-1.55.31.png HTTP/1.1" 200 352559 "-" "clark-crawler2/Nutch-1.19-SNAPSHOT"
52.14.119.11 - - [23/Nov/2021:20:03:17 +0000] "GET /wp-content/uploads/2021/01/Screen-Shot-2021-01-21-at-0.23.35-1024x312.png HTTP/1.1" 200 197791 "-" "clark-crawler2/Nutch-1.19-SNAPSHOT"
52.14.119.11 - - [23/Nov/2021:20:04:34 +0000] "GET /wp-content/uploads/2021/03/iOS-%E3%81%AE%E7%94%BB%E5%83%8F-4-768x1024.jpg HTTP/1.1" 200 91046 "-" "clark-crawler2/Nutch-1.19-SNAPSHOT"
52.14.119.11 - - [23/Nov/2021:20:04:45 +0000] "GET /wp-content/uploads/2021/04/https___qiita-image-store.s3.amazonaws.com_0_171398_3cac0ae7-3349-9194-bbfe-e67c1181cd48-1024x524.gif HTTP/1.1" 200 45548 "-" "clark-crawler2/Nutch-1.19-SNAPSHOT"
52.14.119.11 - - [23/Nov/2021:20:04:57 +0000] "GET /wp-content/uploads/2020/01/image-3-1024x508.png HTTP/1.1" 200 272496 "-" "clark-crawler2/Nutch-1.19-SNAPSHOT"
52.14.119.11 - - [23/Nov/2021:20:05:04 +0000] "GET /wp-content/uploads/2020/08/abc1b59869b80aaead6fe11d4dd6e34e.png HTTP/1.1" 200 32557 "-" "clark-crawler2/Nutch-1.19-SNAPSHOT"
216.245.221.83 - - [23/Nov/2021:20:05:08 +0000] "HEAD / HTTP/1.1" 301 0 "http://ja.tak-cslab.org/" "Mozilla/5.0+(compatible; UptimeRobot/2.0; http://www.uptimerobot.com/)"
216.245.221.83 - - [23/Nov/2021:20:05:08 +0000] "HEAD / HTTP/1.1" 200 0 "http://ja.tak-cslab.org/" "Mozilla/5.0+(compatible; UptimeRobot/2.0; http://www.uptimerobot.com/)"
52.14.119.11 - - [23/Nov/2021:20:05:22 +0000] "GET /wp-content/uploads/2020/08/image.png HTTP/1.1" 200 62343 "-" "clark-crawler2/Nutch-1.19-SNAPSHOT"
52.14.119.11 - - [23/Nov/2021:20:06:22 +0000] "GET /wp-content/uploads/2021/11/image.png HTTP/1.1" 200 72614 "-" "clark-crawler2/Nutch-1.19-SNAPSHOT"
52.14.119.11 - - [23/Nov/2021:20:06:25 +0000] "GET /wp-content/uploads/2020/09/Screen-Shot-2020-09-09-at-14.31.27-1024x733.png HTTP/1.1" 200 195229 "-" "clark-crawler2/Nutch-1.19-SNAPSHOT"
34.206.38.217 - - [23/Nov/2021:20:06:56 +0000] "GET /feed HTTP/1.1" 200 55868 "-" "Automate.io BOT"
52.14.119.11 - - [23/Nov/2021:20:07:58 +0000] "GET /wp-content/uploads/2021/07/image-2-426x1024.png HTTP/1.1" 200 194464 "-" "clark-crawler2/Nutch-1.19-SNAPSHOT"
52.14.119.11 - - [23/Nov/2021:20:08:37 +0000] "GET /wp-content/uploads/2020/01/DSC_1077-1024x576.jpg HTTP/1.1" 200 56567 "-" "clark-crawler2/Nutch-1.19-SNAPSHOT"
66.249.65.95 - - [23/Nov/2021:20:08:57 +0000] "GET /archives/1466 HTTP/1.1" 200 11760 "-" "Mozilla/5.0 (Linux; Android 6.0.1; Nexus 5X Build/MMB29P) AppleWebKit/537.36 (KHTML, like Gecko) Chrome/96.0.4664.45 Mobile Safari/537.36 (compatible; Googlebot/2.1; +http://www.google.com/bot.html)"
52.14.119.11 - - [23/Nov/2021:20:10:00 +0000] "GET /wp-content/uploads/2021/04/unnamed-1.png HTTP/1.1" 200 12790 "-" "clark-crawler2/Nutch-1.19-SNAPSHOT"
216.245.221.83 - - [23/Nov/2021:20:10:08 +0000] "HEAD / HTTP/1.1" 301 0 "http://ja.tak-cslab.org/" "Mozilla/5.0+(compatible; UptimeRobot/2.0; http://www.uptimerobot.com/)"
216.245.221.83 - - [23/Nov/2021:20:10:08 +0000] "HEAD / HTTP/1.1" 200 0 "http://ja.tak-cslab.org/" "Mozilla/5.0+(compatible; UptimeRobot/2.0; http://www.uptimerobot.com/)"
52.14.119.11 - - [23/Nov/2021:20:10:09 +0000] "GET /wp-content/uploads/2021/03/%E3%82%B9%E3%82%AF%E3%83%AA%E3%83%BC%E3%83%B3%E3%82%B7%E3%83%A7%E3%83%83%E3%83%88-2021-03-12-3.41.01-1024x714.png HTTP/1.1" 200 393121 "-" "clark-crawler2/Nutch-1.19-SNAPSHOT"
52.14.119.11 - - [23/Nov/2021:20:10:59 +0000] "GET /wp-content/uploads/2021/02/%E3%83%92%E3%83%89%E3%83%A9%EF%BC%91.png HTTP/1.1" 200 27267 "-" "clark-crawler2/Nutch-1.19-SNAPSHOT"
52.14.119.11 - - [23/Nov/2021:20:11:19 +0000] "GET /wp-content/uploads/2021/02/IMG_4497-1-1024x576.jpeg HTTP/1.1" 200 80353 "-" "clark-crawler2/Nutch-1.19-SNAPSHOT"
52.14.119.11 - - [23/Nov/2021:20:11:34 +0000] "GET /wp-content/uploads/2020/02/buresuto.png HTTP/1.1" 200 1042683 "-" "clark-crawler2/Nutch-1.19-SNAPSHOT"
52.14.119.11 - - [23/Nov/2021:20:11:38 +0000] "GET /wp-content/uploads/2021/04/CDSL-System-Architecture4.png HTTP/1.1" 200 57036 "-" "clark-crawler2/Nutch-1.19-SNAPSHOT"
34.206.38.217 - - [23/Nov/2021:20:11:56 +0000] "GET /feed HTTP/1.1" 200 55861 "-" "Automate.io BOT"
52.14.119.11 - - [23/Nov/2021:20:12:43 +0000] "GET /wp-content/uploads/2021/05/%E3%82%B9%E3%82%AF%E3%83%AA%E3%83%BC%E3%83%B3%E3%82%B7%E3%83%A7%E3%83%83%E3%83%88-2021-05-28-18.27.21-1024x344.png HTTP/1.1" 200 329481 "-" "clark-crawler2/Nutch-1.19-SNAPSHOT"
52.14.119.11 - - [23/Nov/2021:20:12:48 +0000] "GET /wp-content/uploads/2020/07/search-13476_640.jpg HTTP/1.1" 200 24923 "-" "clark-crawler2/Nutch-1.19-SNAPSHOT"
54.235.13.200 - - [23/Nov/2021:20:13:39 +0000] "HEAD /feed HTTP/2.0" 200 0 "-" "Slackbot 1.0 (+https://api.slack.com/robots)"
