163.215.6.1 - - [03/Dec/2021:05:58:50 +0000] "GET /wp-includes/js/dist/viewport.min.js?ver=57f92677272305fe301d0d0616d6c8c7 HTTP/2.0" 304 0 "https://ja.tak-cslab.org/wp-admin/post.php?post=1682&action=edit" "Mozilla/5.0 (iPhone; CPU iPhone OS 15_1 like Mac OS X) AppleWebKit/605.1.15 (KHTML, like Gecko) Version/15.1 Mobile/15E148 Safari/604.1"
163.215.6.1 - - [03/Dec/2021:05:58:50 +0000] "GET /wp-includes/js/dist/server-side-render.min.js?ver=e68a4eae1f1e1f9a993d3bfbb601bad3 HTTP/2.0" 304 0 "https://ja.tak-cslab.org/wp-admin/post.php?post=1682&action=edit" "Mozilla/5.0 (iPhone; CPU iPhone OS 15_1 like Mac OS X) AppleWebKit/605.1.15 (KHTML, like Gecko) Version/15.1 Mobile/15E148 Safari/604.1"
163.215.6.1 - - [03/Dec/2021:05:58:50 +0000] "GET /wp-includes/js/dist/token-list.min.js?ver=4440092061c305ccc3ebf8ce18138c8a HTTP/2.0" 304 0 "https://ja.tak-cslab.org/wp-admin/post.php?post=1682&action=edit" "Mozilla/5.0 (iPhone; CPU iPhone OS 15_1 like Mac OS X) AppleWebKit/605.1.15 (KHTML, like Gecko) Version/15.1 Mobile/15E148 Safari/604.1"
163.215.6.1 - - [03/Dec/2021:05:58:50 +0000] "GET /wp-admin/js/editor.min.js?ver=5.8.2 HTTP/2.0" 304 0 "https://ja.tak-cslab.org/wp-admin/post.php?post=1682&action=edit" "Mozilla/5.0 (iPhone; CPU iPhone OS 15_1 like Mac OS X) AppleWebKit/605.1.15 (KHTML, like Gecko) Version/15.1 Mobile/15E148 Safari/604.1"
163.215.6.1 - - [03/Dec/2021:05:58:50 +0000] "GET /wp-includes/js/dist/media-utils.min.js?ver=8e557d69e3ef2356d081c60830d157a1 HTTP/2.0" 304 0 "https://ja.tak-cslab.org/wp-admin/post.php?post=1682&action=edit" "Mozilla/5.0 (iPhone; CPU iPhone OS 15_1 like Mac OS X) AppleWebKit/605.1.15 (KHTML, like Gecko) Version/15.1 Mobile/15E148 Safari/604.1"
163.215.6.1 - - [03/Dec/2021:05:58:50 +0000] "GET /wp-includes/js/wp-backbone.min.js?ver=5.8.2 HTTP/2.0" 304 0 "https://ja.tak-cslab.org/wp-admin/post.php?post=1682&action=edit" "Mozilla/5.0 (iPhone; CPU iPhone OS 15_1 like Mac OS X) AppleWebKit/605.1.15 (KHTML, like Gecko) Version/15.1 Mobile/15E148 Safari/604.1"
163.215.6.1 - - [03/Dec/2021:05:58:50 +0000] "GET /wp-includes/js/media-models.min.js?ver=5.8.2 HTTP/2.0" 304 0 "https://ja.tak-cslab.org/wp-admin/post.php?post=1682&action=edit" "Mozilla/5.0 (iPhone; CPU iPhone OS 15_1 like Mac OS X) AppleWebKit/605.1.15 (KHTML, like Gecko) Version/15.1 Mobile/15E148 Safari/604.1"
163.215.6.1 - - [03/Dec/2021:05:58:50 +0000] "GET /wp-includes/js/dist/plugins.min.js?ver=01dbac2843febe57b20f01bdb7a432b8 HTTP/2.0" 304 0 "https://ja.tak-cslab.org/wp-admin/post.php?post=1682&action=edit" "Mozilla/5.0 (iPhone; CPU iPhone OS 15_1 like Mac OS X) AppleWebKit/605.1.15 (KHTML, like Gecko) Version/15.1 Mobile/15E148 Safari/604.1"
163.215.6.1 - - [03/Dec/2021:05:58:50 +0000] "GET /wp-includes/js/backbone.min.js?ver=1.4.0 HTTP/2.0" 304 0 "https://ja.tak-cslab.org/wp-admin/post.php?post=1682&action=edit" "Mozilla/5.0 (iPhone; CPU iPhone OS 15_1 like Mac OS X) AppleWebKit/605.1.15 (KHTML, like Gecko) Version/15.1 Mobile/15E148 Safari/604.1"
163.215.6.1 - - [03/Dec/2021:05:58:50 +0000] "GET /wp-admin/js/image-edit.min.js?ver=5.8.2 HTTP/2.0" 304 0 "https://ja.tak-cslab.org/wp-admin/post.php?post=1682&action=edit" "Mozilla/5.0 (iPhone; CPU iPhone OS 15_1 like Mac OS X) AppleWebKit/605.1.15 (KHTML, like Gecko) Version/15.1 Mobile/15E148 Safari/604.1"
163.215.6.1 - - [03/Dec/2021:05:58:50 +0000] "GET /wp-includes/js/imgareaselect/jquery.imgareaselect.min.js?ver=5.8.2 HTTP/2.0" 304 0 "https://ja.tak-cslab.org/wp-admin/post.php?post=1682&action=edit" "Mozilla/5.0 (iPhone; CPU iPhone OS 15_1 like Mac OS X) AppleWebKit/605.1.15 (KHTML, like Gecko) Version/15.1 Mobile/15E148 Safari/604.1"
163.215.6.1 - - [03/Dec/2021:05:58:50 +0000] "GET /wp-includes/js/mce-view.min.js?ver=5.8.2 HTTP/2.0" 304 0 "https://ja.tak-cslab.org/wp-admin/post.php?post=1682&action=edit" "Mozilla/5.0 (iPhone; CPU iPhone OS 15_1 like Mac OS X) AppleWebKit/605.1.15 (KHTML, like Gecko) Version/15.1 Mobile/15E148 Safari/604.1"
163.215.6.1 - - [03/Dec/2021:05:58:50 +0000] "GET /wp-includes/js/media-audiovideo.min.js?ver=5.8.2 HTTP/2.0" 304 0 "https://ja.tak-cslab.org/wp-admin/post.php?post=1682&action=edit" "Mozilla/5.0 (iPhone; CPU iPhone OS 15_1 like Mac OS X) AppleWebKit/605.1.15 (KHTML, like Gecko) Version/15.1 Mobile/15E148 Safari/604.1"
163.215.6.1 - - [03/Dec/2021:05:58:50 +0000] "GET /wp-includes/js/dist/components.min.js?ver=413e179f8a99bd28091ba5cc6f72c9f3 HTTP/2.0" 304 0 "https://ja.tak-cslab.org/wp-admin/post.php?post=1682&action=edit" "Mozilla/5.0 (iPhone; CPU iPhone OS 15_1 like Mac OS X) AppleWebKit/605.1.15 (KHTML, like Gecko) Version/15.1 Mobile/15E148 Safari/604.1"
163.215.6.1 - - [03/Dec/2021:05:58:50 +0000] "GET /wp-json/wp-statistics/v2/metabox?name=post&ID=1682&_=1638511128863 HTTP/2.0" 200 175 "https://ja.tak-cslab.org/wp-admin/post.php?post=1682&action=edit" "Mozilla/5.0 (iPhone; CPU iPhone OS 15_1 like Mac OS X) AppleWebKit/605.1.15 (KHTML, like Gecko) Version/15.1 Mobile/15E148 Safari/604.1"
163.215.6.1 - - [03/Dec/2021:05:58:50 +0000] "GET /wp-content/uploads/2021/12/IMG_3285-1-1024x682.jpg HTTP/2.0" 304 0 "https://ja.tak-cslab.org/wp-admin/post.php?post=1682&action=edit" "Mozilla/5.0 (iPhone; CPU iPhone OS 15_1 like Mac OS X) AppleWebKit/605.1.15 (KHTML, like Gecko) Version/15.1 Mobile/15E148 Safari/604.1"
163.215.6.1 - - [03/Dec/2021:05:58:50 +0000] "GET /wp-json/wp/v2/blocks?context=edit&per_page=100&_locale=user HTTP/2.0" 200 22 "https://ja.tak-cslab.org/wp-admin/post.php?post=1682&action=edit" "Mozilla/5.0 (iPhone; CPU iPhone OS 15_1 like Mac OS X) AppleWebKit/605.1.15 (KHTML, like Gecko) Version/15.1 Mobile/15E148 Safari/604.1"
163.215.6.1 - - [03/Dec/2021:05:58:50 +0000] "GET /wp-json/wp/v2/users/me?_locale=user HTTP/2.0" 200 283 "https://ja.tak-cslab.org/wp-admin/post.php?post=1682&action=edit" "Mozilla/5.0 (iPhone; CPU iPhone OS 15_1 like Mac OS X) AppleWebKit/605.1.15 (KHTML, like Gecko) Version/15.1 Mobile/15E148 Safari/604.1"
216.245.221.83 - - [03/Dec/2021:05:59:26 +0000] "HEAD / HTTP/1.1" 301 0 "http://ja.tak-cslab.org/" "Mozilla/5.0+(compatible; UptimeRobot/2.0; http://www.uptimerobot.com/)"
216.245.221.83 - - [03/Dec/2021:05:59:26 +0000] "HEAD / HTTP/1.1" 200 0 "http://ja.tak-cslab.org/" "Mozilla/5.0+(compatible; UptimeRobot/2.0; http://www.uptimerobot.com/)"
40.77.188.4 - - [03/Dec/2021:06:00:26 +0000] "GET /wp-content/themes/scaffold/assets/js/navigation.js?ver=1.3.1 HTTP/2.0" 200 3124 "-" "Mozilla/5.0 (Windows NT 6.1; WOW64) AppleWebKit/534+ (KHTML, like Gecko) BingPreview/1.0b"
163.215.6.1 - - [03/Dec/2021:06:02:49 +0000] "POST /wp-cron.php?doing_wp_cron=1638511369.3406519889831542968750 HTTP/1.1" 200 31 "https://ja.tak-cslab.org/wp-cron.php?doing_wp_cron=1638511369.3406519889831542968750" "WordPress/5.8.2; https://ja.tak-cslab.org"
34.206.38.217 - - [03/Dec/2021:06:02:49 +0000] "GET /feed HTTP/1.1" 200 56281 "-" "Automate.io BOT"
216.245.221.83 - - [03/Dec/2021:06:04:26 +0000] "HEAD / HTTP/1.1" 301 0 "http://ja.tak-cslab.org/" "Mozilla/5.0+(compatible; UptimeRobot/2.0; http://www.uptimerobot.com/)"
216.245.221.83 - - [03/Dec/2021:06:04:26 +0000] "HEAD / HTTP/1.1" 200 0 "http://ja.tak-cslab.org/" "Mozilla/5.0+(compatible; UptimeRobot/2.0; http://www.uptimerobot.com/)"
34.206.38.217 - - [03/Dec/2021:06:07:49 +0000] "GET /feed HTTP/1.1" 200 56281 "-" "Automate.io BOT"
216.245.221.83 - - [03/Dec/2021:06:09:26 +0000] "HEAD / HTTP/1.1" 301 0 "http://ja.tak-cslab.org/" "Mozilla/5.0+(compatible; UptimeRobot/2.0; http://www.uptimerobot.com/)"
216.245.221.83 - - [03/Dec/2021:06:09:26 +0000] "HEAD / HTTP/1.1" 200 0 "http://ja.tak-cslab.org/" "Mozilla/5.0+(compatible; UptimeRobot/2.0; http://www.uptimerobot.com/)"
207.46.13.85 - - [03/Dec/2021:06:10:54 +0000] "GET /wp-content/uploads/2020/01/iot2-e1585573992906.png HTTP/2.0" 200 439802 "-" "Mozilla/5.0 (compatible; bingbot/2.0; +http://www.bing.com/bingbot.htm)"
54.227.97.219 - - [03/Dec/2021:06:11:27 +0000] "GET /robots.txt HTTP/1.1" 200 123 "-" "CCBot/2.0 (https://commoncrawl.org/faq/)"
54.227.97.219 - - [03/Dec/2021:06:11:27 +0000] "GET /10gin_cds1?redirect_to=https%3A%2F%2Fja.tak-cslab.org%2Farchives%2F1009 HTTP/1.1" 200 4551 "-" "CCBot/2.0 (https://commoncrawl.org/faq/)"
34.206.38.217 - - [03/Dec/2021:06:12:52 +0000] "GET /feed HTTP/1.1" 200 56281 "-" "Automate.io BOT"
199.59.150.182 - - [03/Dec/2021:06:13:18 +0000] "GET /robots.txt HTTP/1.1" 200 128 "-" "Twitterbot/1.0"
199.59.150.182 - - [03/Dec/2021:06:13:18 +0000] "GET /archives/1446 HTTP/1.1" 200 7024 "-" "Twitterbot/1.0"
54.86.100.24 - - [03/Dec/2021:06:13:43 +0000] "HEAD /feed HTTP/2.0" 200 0 "-" "Slackbot 1.0 (+https://api.slack.com/robots)"
34.231.180.52 - - [03/Dec/2021:06:13:44 +0000] "GET /feed HTTP/1.1" 200 56281 "-" "Slackbot 1.0 (+https://api.slack.com/robots)"
54.82.110.180 - - [03/Dec/2021:06:13:45 +0000] "GET / HTTP/1.1" 200 6249 "-" "Slackbot 1.0 (+https://api.slack.com/robots)"
216.245.221.83 - - [03/Dec/2021:06:14:26 +0000] "HEAD / HTTP/1.1" 301 0 "http://ja.tak-cslab.org/" "Mozilla/5.0+(compatible; UptimeRobot/2.0; http://www.uptimerobot.com/)"
216.245.221.83 - - [03/Dec/2021:06:14:26 +0000] "HEAD / HTTP/1.1" 200 0 "http://ja.tak-cslab.org/" "Mozilla/5.0+(compatible; UptimeRobot/2.0; http://www.uptimerobot.com/)"
54.227.97.219 - - [03/Dec/2021:06:15:08 +0000] "GET /10gin_cds1?redirect_to=https%3A%2F%2Fja.tak-cslab.org%2Farchives%2F1462 HTTP/1.1" 200 4546 "-" "CCBot/2.0 (https://commoncrawl.org/faq/)"
66.249.66.87 - - [03/Dec/2021:06:17:00 +0000] "GET /archives/394 HTTP/1.1" 200 10720 "-" "Mozilla/5.0 (compatible; Googlebot/2.1; +http://www.google.com/bot.html)"
163.215.6.1 - - [03/Dec/2021:06:17:52 +0000] "POST /wp-cron.php?doing_wp_cron=1638512272.7523241043090820312500 HTTP/1.1" 200 31 "https://ja.tak-cslab.org/wp-cron.php?doing_wp_cron=1638512272.7523241043090820312500" "WordPress/5.8.2; https://ja.tak-cslab.org"
34.206.38.217 - - [03/Dec/2021:06:17:52 +0000] "GET /feed HTTP/1.1" 200 56281 "-" "Automate.io BOT"
185.191.171.26 - - [03/Dec/2021:06:18:09 +0000] "GET /robots.txt HTTP/1.1" 200 123 "-" "Mozilla/5.0 (compatible; SemrushBot/7~bl; +http://www.semrush.com/bot.html)"
185.191.171.42 - - [03/Dec/2021:06:18:10 +0000] "GET /archives/1064 HTTP/1.1" 200 8888 "-" "Mozilla/5.0 (compatible; SemrushBot/7~bl; +http://www.semrush.com/bot.html)"
216.245.221.83 - - [03/Dec/2021:06:19:26 +0000] "HEAD / HTTP/1.1" 301 0 "http://ja.tak-cslab.org/" "Mozilla/5.0+(compatible; UptimeRobot/2.0; http://www.uptimerobot.com/)"
216.245.221.83 - - [03/Dec/2021:06:19:26 +0000] "HEAD / HTTP/1.1" 200 0 "http://ja.tak-cslab.org/" "Mozilla/5.0+(compatible; UptimeRobot/2.0; http://www.uptimerobot.com/)"
54.227.97.219 - - [03/Dec/2021:06:19:31 +0000] "GET /archives/646 HTTP/1.1" 200 9331 "-" "CCBot/2.0 (https://commoncrawl.org/faq/)"
51.222.253.14 - - [03/Dec/2021:06:19:45 +0000] "GET /archives/881 HTTP/2.0" 200 7240 "-" "Mozilla/5.0 (compatible; AhrefsBot/7.0; +http://ahrefs.com/robot/)"
54.227.97.219 - - [03/Dec/2021:06:22:18 +0000] "GET /archives/1412 HTTP/1.1" 200 8406 "-" "CCBot/2.0 (https://commoncrawl.org/faq/)"
34.206.38.217 - - [03/Dec/2021:06:22:52 +0000] "GET /feed HTTP/1.1" 200 56281 "-" "Automate.io BOT"
54.227.97.219 - - [03/Dec/2021:06:23:10 +0000] "GET /archives/737 HTTP/1.1" 200 6951 "-" "CCBot/2.0 (https://commoncrawl.org/faq/)"
216.245.221.83 - - [03/Dec/2021:06:24:26 +0000] "HEAD / HTTP/1.1" 301 0 "http://ja.tak-cslab.org/" "Mozilla/5.0+(compatible; UptimeRobot/2.0; http://www.uptimerobot.com/)"
216.245.221.83 - - [03/Dec/2021:06:24:26 +0000] "HEAD / HTTP/1.1" 200 0 "http://ja.tak-cslab.org/" "Mozilla/5.0+(compatible; UptimeRobot/2.0; http://www.uptimerobot.com/)"
66.249.66.201 - - [03/Dec/2021:06:24:42 +0000] "GET /archives/date/2020/12 HTTP/1.1" 200 11013 "-" "Mozilla/5.0 (compatible; Googlebot/2.1; +http://www.google.com/bot.html)"
13.230.41.244 - - [03/Dec/2021:06:24:56 +0000] "GET /favicon.ico HTTP/1.1" 302 5 "-" "Slack-ImgProxy (+https://api.slack.com/robots)"
13.114.122.197 - - [03/Dec/2021:06:24:56 +0000] "GET /wp-includes/images/w-logo-blue-white-bg.png HTTP/1.1" 200 4119 "-" "Slack-ImgProxy (+https://api.slack.com/robots)"
54.227.97.219 - - [03/Dec/2021:06:25:48 +0000] "GET /10gin_cds1?redirect_to=https%3A%2F%2Fja.tak-cslab.org%2Farchives%2F1484 HTTP/1.1" 200 4545 "-" "CCBot/2.0 (https://commoncrawl.org/faq/)"
150.97.252.13 - - [03/Dec/2021:06:26:47 +0000] "GET /archives/1064 HTTP/2.0" 200 8861 "https://www.google.com/" "Mozilla/5.0 (Windows NT 10.0; Win64; x64) AppleWebKit/537.36 (KHTML, like Gecko) Chrome/88.0.4324.186 Safari/537.36"
150.97.252.13 - - [03/Dec/2021:06:26:47 +0000] "GET /wp-content/themes/cdsl/style.css?ver=1.3.1 HTTP/2.0" 200 272 "https://ja.tak-cslab.org/archives/1064" "Mozilla/5.0 (Windows NT 10.0; Win64; x64) AppleWebKit/537.36 (KHTML, like Gecko) Chrome/88.0.4324.186 Safari/537.36"
150.97.252.13 - - [03/Dec/2021:06:26:47 +0000] "GET /wp-content/themes/scaffold/assets/js/navigation.js?ver=1.3.1 HTTP/2.0" 200 1266 "https://ja.tak-cslab.org/archives/1064" "Mozilla/5.0 (Windows NT 10.0; Win64; x64) AppleWebKit/537.36 (KHTML, like Gecko) Chrome/88.0.4324.186 Safari/537.36"
150.97.252.13 - - [03/Dec/2021:06:26:47 +0000] "GET /wp-includes/js/comment-reply.min.js?ver=5.8.2 HTTP/2.0" 200 1390 "https://ja.tak-cslab.org/archives/1064" "Mozilla/5.0 (Windows NT 10.0; Win64; x64) AppleWebKit/537.36 (KHTML, like Gecko) Chrome/88.0.4324.186 Safari/537.36"
150.97.252.13 - - [03/Dec/2021:06:26:47 +0000] "GET /wp-includes/js/wp-embed.min.js?ver=5.8.2 HTTP/2.0" 200 779 "https://ja.tak-cslab.org/archives/1064" "Mozilla/5.0 (Windows NT 10.0; Win64; x64) AppleWebKit/537.36 (KHTML, like Gecko) Chrome/88.0.4324.186 Safari/537.36"
150.97.252.13 - - [03/Dec/2021:06:26:47 +0000] "GET /wp-includes/css/dist/block-library/style.min.css?ver=5.8.2 HTTP/2.0" 200 13704 "https://ja.tak-cslab.org/archives/1064" "Mozilla/5.0 (Windows NT 10.0; Win64; x64) AppleWebKit/537.36 (KHTML, like Gecko) Chrome/88.0.4324.186 Safari/537.36"
150.97.252.13 - - [03/Dec/2021:06:26:47 +0000] "GET /wp-content/themes/scaffold/style.css?ver=5.8.2 HTTP/2.0" 200 5846 "https://ja.tak-cslab.org/archives/1064" "Mozilla/5.0 (Windows NT 10.0; Win64; x64) AppleWebKit/537.36 (KHTML, like Gecko) Chrome/88.0.4324.186 Safari/537.36"
150.97.252.13 - - [03/Dec/2021:06:26:47 +0000] "GET /wp-includes/js/wp-emoji-release.min.js?ver=5.8.2 HTTP/2.0" 200 5714 "https://ja.tak-cslab.org/archives/1064" "Mozilla/5.0 (Windows NT 10.0; Win64; x64) AppleWebKit/537.36 (KHTML, like Gecko) Chrome/88.0.4324.186 Safari/537.36"
150.97.252.13 - - [03/Dec/2021:06:26:48 +0000] "GET /wp-content/plugins/native-lazyload/assets/images/placeholder.svg HTTP/2.0" 200 88 "https://ja.tak-cslab.org/archives/1064" "Mozilla/5.0 (Windows NT 10.0; Win64; x64) AppleWebKit/537.36 (KHTML, like Gecko) Chrome/88.0.4324.186 Safari/537.36"
150.97.252.13 - - [03/Dec/2021:06:26:48 +0000] "GET /wp-content/uploads/2021/04/CDSL-System-Architecture1.png HTTP/2.0" 200 89919 "https://ja.tak-cslab.org/archives/1064" "Mozilla/5.0 (Windows NT 10.0; Win64; x64) AppleWebKit/537.36 (KHTML, like Gecko) Chrome/88.0.4324.186 Safari/537.36"
150.97.252.13 - - [03/Dec/2021:06:26:48 +0000] "GET /wp-content/uploads/2021/04/CDSL-System-Architecture2.png HTTP/2.0" 200 59389 "https://ja.tak-cslab.org/archives/1064" "Mozilla/5.0 (Windows NT 10.0; Win64; x64) AppleWebKit/537.36 (KHTML, like Gecko) Chrome/88.0.4324.186 Safari/537.36"
150.97.252.13 - - [03/Dec/2021:06:26:48 +0000] "GET /wp-content/uploads/2021/04/CDSL-System-Architecture3.png HTTP/2.0" 200 70474 "https://ja.tak-cslab.org/archives/1064" "Mozilla/5.0 (Windows NT 10.0; Win64; x64) AppleWebKit/537.36 (KHTML, like Gecko) Chrome/88.0.4324.186 Safari/537.36"
150.97.252.13 - - [03/Dec/2021:06:26:48 +0000] "GET /favicon.ico HTTP/2.0" 302 0 "https://ja.tak-cslab.org/archives/1064" "Mozilla/5.0 (Windows NT 10.0; Win64; x64) AppleWebKit/537.36 (KHTML, like Gecko) Chrome/88.0.4324.186 Safari/537.36"
150.97.252.13 - - [03/Dec/2021:06:26:48 +0000] "GET /wp-includes/images/w-logo-blue-white-bg.png HTTP/2.0" 200 4119 "https://ja.tak-cslab.org/archives/1064" "Mozilla/5.0 (Windows NT 10.0; Win64; x64) AppleWebKit/537.36 (KHTML, like Gecko) Chrome/88.0.4324.186 Safari/537.36"
150.97.252.13 - - [03/Dec/2021:06:26:48 +0000] "GET /favicon.ico HTTP/2.0" 302 0 "-" "Mozilla/5.0 (Windows NT 10.0; Win64; x64) AppleWebKit/537.36 (KHTML, like Gecko) Chrome/88.0.4324.186 Safari/537.36"
150.97.252.13 - - [03/Dec/2021:06:26:48 +0000] "GET /wp-includes/images/w-logo-blue-white-bg.png HTTP/2.0" 200 4119 "-" "Mozilla/5.0 (Windows NT 10.0; Win64; x64) AppleWebKit/537.36 (KHTML, like Gecko) Chrome/88.0.4324.186 Safari/537.36"
150.97.252.13 - - [03/Dec/2021:06:26:48 +0000] "GET /favicon.ico HTTP/2.0" 302 0 "-" "Mozilla/5.0 (Windows NT 10.0; Win64; x64) AppleWebKit/537.36 (KHTML, like Gecko) Chrome/88.0.4324.186 Safari/537.36"
150.97.252.13 - - [03/Dec/2021:06:26:48 +0000] "GET /wp-content/uploads/2021/04/CDSL-System-Architecture1-1.png HTTP/2.0" 200 89919 "https://ja.tak-cslab.org/archives/1064" "Mozilla/5.0 (Windows NT 10.0; Win64; x64) AppleWebKit/537.36 (KHTML, like Gecko) Chrome/88.0.4324.186 Safari/537.36"
150.97.252.13 - - [03/Dec/2021:06:26:50 +0000] "GET /wp-content/uploads/2021/04/CDSL-System-Architecture4.png HTTP/2.0" 200 57036 "https://ja.tak-cslab.org/archives/1064" "Mozilla/5.0 (Windows NT 10.0; Win64; x64) AppleWebKit/537.36 (KHTML, like Gecko) Chrome/88.0.4324.186 Safari/537.36"
150.97.252.13 - - [03/Dec/2021:06:26:51 +0000] "GET /wp-content/uploads/2020/01/elk-arch.png HTTP/2.0" 200 70256 "https://ja.tak-cslab.org/archives/1064" "Mozilla/5.0 (Windows NT 10.0; Win64; x64) AppleWebKit/537.36 (KHTML, like Gecko) Chrome/88.0.4324.186 Safari/537.36"
150.97.252.13 - - [03/Dec/2021:06:26:51 +0000] "GET /wp-content/uploads/2021/04/CDSL-System-Architecture6.png HTTP/2.0" 200 70835 "https://ja.tak-cslab.org/archives/1064" "Mozilla/5.0 (Windows NT 10.0; Win64; x64) AppleWebKit/537.36 (KHTML, like Gecko) Chrome/88.0.4324.186 Safari/537.36"
150.97.252.13 - - [03/Dec/2021:06:26:52 +0000] "GET /wp-content/uploads/2021/04/CDSL-System-Architecture7.png HTTP/2.0" 200 89237 "https://ja.tak-cslab.org/archives/1064" "Mozilla/5.0 (Windows NT 10.0; Win64; x64) AppleWebKit/537.36 (KHTML, like Gecko) Chrome/88.0.4324.186 Safari/537.36"
150.97.252.13 - - [03/Dec/2021:06:26:52 +0000] "GET /wp-content/uploads/2021/04/CDSL-System-Architecture8.png HTTP/2.0" 200 147410 "https://ja.tak-cslab.org/archives/1064" "Mozilla/5.0 (Windows NT 10.0; Win64; x64) AppleWebKit/537.36 (KHTML, like Gecko) Chrome/88.0.4324.186 Safari/537.36"
216.245.221.83 - - [03/Dec/2021:06:29:26 +0000] "HEAD / HTTP/1.1" 301 0 "http://ja.tak-cslab.org/" "Mozilla/5.0+(compatible; UptimeRobot/2.0; http://www.uptimerobot.com/)"
216.245.221.83 - - [03/Dec/2021:06:29:26 +0000] "HEAD / HTTP/1.1" 200 0 "http://ja.tak-cslab.org/" "Mozilla/5.0+(compatible; UptimeRobot/2.0; http://www.uptimerobot.com/)"
40.77.167.66 - - [03/Dec/2021:06:29:56 +0000] "GET /archives/425 HTTP/2.0" 200 6533 "-" "Mozilla/5.0 (compatible; bingbot/2.0; +http://www.bing.com/bingbot.htm)"
54.227.97.219 - - [03/Dec/2021:06:29:58 +0000] "GET /10gin_cds1?redirect_to=https%3A%2F%2Fja.tak-cslab.org%2Farchives%2F734 HTTP/1.1" 200 4543 "-" "CCBot/2.0 (https://commoncrawl.org/faq/)"
40.77.167.44 - - [03/Dec/2021:06:30:11 +0000] "GET /wp-content/themes/scaffold/assets/js/navigation.js?ver=1.3.1 HTTP/2.0" 200 1266 "-" "Mozilla/5.0 (compatible; bingbot/2.0; +http://www.bing.com/bingbot.htm)"
34.206.38.217 - - [03/Dec/2021:06:32:53 +0000] "GET /feed HTTP/1.1" 200 56281 "-" "Automate.io BOT"
44.197.215.38 - - [03/Dec/2021:06:33:44 +0000] "HEAD /feed HTTP/2.0" 200 0 "-" "Slackbot 1.0 (+https://api.slack.com/robots)"
44.192.69.8 - - [03/Dec/2021:06:33:45 +0000] "GET /feed HTTP/1.1" 200 56281 "-" "Slackbot 1.0 (+https://api.slack.com/robots)"
54.85.162.32 - - [03/Dec/2021:06:33:46 +0000] "GET / HTTP/1.1" 200 6249 "-" "Slackbot 1.0 (+https://api.slack.com/robots)"
216.245.221.83 - - [03/Dec/2021:06:34:26 +0000] "HEAD / HTTP/1.1" 301 0 "http://ja.tak-cslab.org/" "Mozilla/5.0+(compatible; UptimeRobot/2.0; http://www.uptimerobot.com/)"
216.245.221.83 - - [03/Dec/2021:06:34:26 +0000] "HEAD / HTTP/1.1" 200 0 "http://ja.tak-cslab.org/" "Mozilla/5.0+(compatible; UptimeRobot/2.0; http://www.uptimerobot.com/)"
163.215.6.1 - - [03/Dec/2021:06:36:08 +0000] "GET /tech-report HTTP/2.0" 200 12789 "-" "Mozilla/5.0 (Windows NT 10.0; Win64; x64) AppleWebKit/537.36 (KHTML, like Gecko) Chrome/96.0.4664.45 Safari/537.36"
66.249.66.5 - - [03/Dec/2021:06:36:51 +0000] "GET /archives/1682/feed HTTP/1.1" 200 804 "-" "Mozilla/5.0 (compatible; Googlebot/2.1; +http://www.google.com/bot.html)"
54.227.97.219 - - [03/Dec/2021:06:37:38 +0000] "GET /archives/author/yutaro-takaya HTTP/1.1" 200 5986 "-" "CCBot/2.0 (https://commoncrawl.org/faq/)"
34.206.38.217 - - [03/Dec/2021:06:37:54 +0000] "GET /feed HTTP/1.1" 200 56281 "-" "Automate.io BOT"
216.245.221.83 - - [03/Dec/2021:06:39:26 +0000] "HEAD / HTTP/1.1" 301 0 "http://ja.tak-cslab.org/" "Mozilla/5.0+(compatible; UptimeRobot/2.0; http://www.uptimerobot.com/)"
216.245.221.83 - - [03/Dec/2021:06:39:26 +0000] "HEAD / HTTP/1.1" 200 0 "http://ja.tak-cslab.org/" "Mozilla/5.0+(compatible; UptimeRobot/2.0; http://www.uptimerobot.com/)"
34.206.38.217 - - [03/Dec/2021:06:42:53 +0000] "GET /feed HTTP/1.1" 200 56281 "-" "Automate.io BOT"
216.245.221.83 - - [03/Dec/2021:06:44:26 +0000] "HEAD / HTTP/1.1" 301 0 "http://ja.tak-cslab.org/" "Mozilla/5.0+(compatible; UptimeRobot/2.0; http://www.uptimerobot.com/)"
216.245.221.83 - - [03/Dec/2021:06:44:26 +0000] "HEAD / HTTP/1.1" 200 0 "http://ja.tak-cslab.org/" "Mozilla/5.0+(compatible; UptimeRobot/2.0; http://www.uptimerobot.com/)"
54.227.97.219 - - [03/Dec/2021:06:44:37 +0000] "GET /10gin_cds1?redirect_to=https%3A%2F%2Fja.tak-cslab.org%2Farchives%2F1446 HTTP/1.1" 200 4551 "-" "CCBot/2.0 (https://commoncrawl.org/faq/)"
34.206.38.217 - - [03/Dec/2021:06:47:54 +0000] "GET /feed HTTP/1.1" 200 56281 "-" "Automate.io BOT"
223.134.5.67 - - [03/Dec/2021:06:48:33 +0000] "GET /archives/1049 HTTP/2.0" 200 8594 "https://www.google.com/" "Mozilla/5.0 (Windows NT 10.0; Win64; x64) AppleWebKit/537.36 (KHTML, like Gecko) Chrome/96.0.4664.45 Safari/537.36"
223.134.5.67 - - [03/Dec/2021:06:48:33 +0000] "GET /wp-content/themes/cdsl/style.css?ver=1.3.1 HTTP/2.0" 200 272 "https://ja.tak-cslab.org/archives/1049" "Mozilla/5.0 (Windows NT 10.0; Win64; x64) AppleWebKit/537.36 (KHTML, like Gecko) Chrome/96.0.4664.45 Safari/537.36"
223.134.5.67 - - [03/Dec/2021:06:48:33 +0000] "GET /wp-content/themes/scaffold/assets/js/navigation.js?ver=1.3.1 HTTP/2.0" 200 1266 "https://ja.tak-cslab.org/archives/1049" "Mozilla/5.0 (Windows NT 10.0; Win64; x64) AppleWebKit/537.36 (KHTML, like Gecko) Chrome/96.0.4664.45 Safari/537.36"
223.134.5.67 - - [03/Dec/2021:06:48:33 +0000] "GET /wp-includes/js/comment-reply.min.js?ver=5.8.2 HTTP/2.0" 200 1390 "https://ja.tak-cslab.org/archives/1049" "Mozilla/5.0 (Windows NT 10.0; Win64; x64) AppleWebKit/537.36 (KHTML, like Gecko) Chrome/96.0.4664.45 Safari/537.36"
223.134.5.67 - - [03/Dec/2021:06:48:33 +0000] "GET /wp-includes/js/wp-embed.min.js?ver=5.8.2 HTTP/2.0" 200 779 "https://ja.tak-cslab.org/archives/1049" "Mozilla/5.0 (Windows NT 10.0; Win64; x64) AppleWebKit/537.36 (KHTML, like Gecko) Chrome/96.0.4664.45 Safari/537.36"
223.134.5.67 - - [03/Dec/2021:06:48:33 +0000] "GET /wp-content/themes/scaffold/style.css?ver=5.8.2 HTTP/2.0" 200 5846 "https://ja.tak-cslab.org/archives/1049" "Mozilla/5.0 (Windows NT 10.0; Win64; x64) AppleWebKit/537.36 (KHTML, like Gecko) Chrome/96.0.4664.45 Safari/537.36"
223.134.5.67 - - [03/Dec/2021:06:48:33 +0000] "GET /wp-includes/css/dist/block-library/style.min.css?ver=5.8.2 HTTP/2.0" 200 13704 "https://ja.tak-cslab.org/archives/1049" "Mozilla/5.0 (Windows NT 10.0; Win64; x64) AppleWebKit/537.36 (KHTML, like Gecko) Chrome/96.0.4664.45 Safari/537.36"
223.134.5.67 - - [03/Dec/2021:06:48:33 +0000] "GET /wp-includes/js/wp-emoji-release.min.js?ver=5.8.2 HTTP/2.0" 200 5714 "https://ja.tak-cslab.org/archives/1049" "Mozilla/5.0 (Windows NT 10.0; Win64; x64) AppleWebKit/537.36 (KHTML, like Gecko) Chrome/96.0.4664.45 Safari/537.36"
223.134.5.67 - - [03/Dec/2021:06:48:33 +0000] "GET /wp-content/plugins/native-lazyload/assets/images/placeholder.svg HTTP/2.0" 200 88 "https://ja.tak-cslab.org/archives/1049" "Mozilla/5.0 (Windows NT 10.0; Win64; x64) AppleWebKit/537.36 (KHTML, like Gecko) Chrome/96.0.4664.45 Safari/537.36"
223.134.5.67 - - [03/Dec/2021:06:48:33 +0000] "GET /wp-content/uploads/2021/04/https___qiita-image-store.s3.amazonaws.com_0_171398_3cac0ae7-3349-9194-bbfe-e67c1181cd48-1024x524.gif HTTP/2.0" 200 45548 "https://ja.tak-cslab.org/archives/1049" "Mozilla/5.0 (Windows NT 10.0; Win64; x64) AppleWebKit/537.36 (KHTML, like Gecko) Chrome/96.0.4664.45 Safari/537.36"
40.77.167.53 - - [03/Dec/2021:06:48:44 +0000] "GET /wp-content/uploads/2020/10/IMG_4250-1-1.jpg HTTP/2.0" 200 182506 "-" "Mozilla/5.0 (compatible; bingbot/2.0; +http://www.bing.com/bingbot.htm)"
216.245.221.83 - - [03/Dec/2021:06:49:26 +0000] "HEAD / HTTP/1.1" 301 0 "http://ja.tak-cslab.org/" "Mozilla/5.0+(compatible; UptimeRobot/2.0; http://www.uptimerobot.com/)"
216.245.221.83 - - [03/Dec/2021:06:49:26 +0000] "HEAD / HTTP/1.1" 200 0 "http://ja.tak-cslab.org/" "Mozilla/5.0+(compatible; UptimeRobot/2.0; http://www.uptimerobot.com/)"
54.227.97.219 - - [03/Dec/2021:06:52:21 +0000] "GET /archives/786 HTTP/1.1" 200 9339 "-" "CCBot/2.0 (https://commoncrawl.org/faq/)"
18.233.223.86 - - [03/Dec/2021:06:53:41 +0000] "HEAD /feed HTTP/2.0" 200 0 "-" "Slackbot 1.0 (+https://api.slack.com/robots)"
34.235.115.250 - - [03/Dec/2021:06:53:42 +0000] "GET /feed HTTP/1.1" 200 56281 "-" "Slackbot 1.0 (+https://api.slack.com/robots)"
54.204.227.67 - - [03/Dec/2021:06:53:43 +0000] "GET / HTTP/1.1" 200 6242 "-" "Slackbot 1.0 (+https://api.slack.com/robots)"
40.77.167.53 - - [03/Dec/2021:06:53:45 +0000] "GET /wp-content/uploads/2020/12/%E3%82%AD%E3%83%A3%E3%83%97%E3%83%81%E3%83%A3-1024x504.png HTTP/2.0" 200 78330 "-" "Mozilla/5.0 (compatible; bingbot/2.0; +http://www.bing.com/bingbot.htm)"
216.245.221.83 - - [03/Dec/2021:06:54:26 +0000] "HEAD / HTTP/1.1" 301 0 "http://ja.tak-cslab.org/" "Mozilla/5.0+(compatible; UptimeRobot/2.0; http://www.uptimerobot.com/)"
216.245.221.83 - - [03/Dec/2021:06:54:26 +0000] "HEAD / HTTP/1.1" 200 0 "http://ja.tak-cslab.org/" "Mozilla/5.0+(compatible; UptimeRobot/2.0; http://www.uptimerobot.com/)"
40.77.167.66 - - [03/Dec/2021:06:54:38 +0000] "GET /wp-content/uploads/2021/03/%E3%82%B9%E3%82%AF%E3%83%AA%E3%83%BC%E3%83%B3%E3%82%B7%E3%83%A7%E3%83%83%E3%83%88-2021-03-12-4.05.11-1536x832.png HTTP/2.0" 200 1124471 "-" "Mozilla/5.0 (compatible; bingbot/2.0; +http://www.bing.com/bingbot.htm)"
66.249.66.159 - - [03/Dec/2021:06:54:49 +0000] "GET /archives/author/shota-nakagawa HTTP/1.1" 200 5940 "-" "Mozilla/5.0 (Linux; Android 6.0.1; Nexus 5X Build/MMB29P) AppleWebKit/537.36 (KHTML, like Gecko) Chrome/96.0.4664.45 Mobile Safari/537.36 (compatible; Googlebot/2.1; +http://www.google.com/bot.html)"
34.206.38.217 - - [03/Dec/2021:06:57:55 +0000] "GET /feed HTTP/1.1" 200 56274 "-" "Automate.io BOT"
18.183.226.43 - - [03/Dec/2021:06:59:16 +0000] "GET /favicon.ico HTTP/1.1" 302 5 "-" "Slack-ImgProxy (+https://api.slack.com/robots)"
52.68.90.109 - - [03/Dec/2021:06:59:16 +0000] "GET /wp-includes/images/w-logo-blue-white-bg.png HTTP/1.1" 200 4119 "-" "Slack-ImgProxy (+https://api.slack.com/robots)"
54.227.97.219 - - [03/Dec/2021:06:59:20 +0000] "GET /archives/723 HTTP/1.1" 200 8590 "-" "CCBot/2.0 (https://commoncrawl.org/faq/)"
216.245.221.83 - - [03/Dec/2021:06:59:26 +0000] "HEAD / HTTP/1.1" 301 0 "http://ja.tak-cslab.org/" "Mozilla/5.0+(compatible; UptimeRobot/2.0; http://www.uptimerobot.com/)"
216.245.221.83 - - [03/Dec/2021:06:59:26 +0000] "HEAD / HTTP/1.1" 200 0 "http://ja.tak-cslab.org/" "Mozilla/5.0+(compatible; UptimeRobot/2.0; http://www.uptimerobot.com/)"
163.215.6.1 - - [03/Dec/2021:07:00:41 +0000] "POST /wp-cron.php?doing_wp_cron=1638514841.4250268936157226562500 HTTP/1.1" 200 31 "https://ja.tak-cslab.org/wp-cron.php?doing_wp_cron=1638514841.4250268936157226562500" "WordPress/5.8.2; https://ja.tak-cslab.org"
54.227.97.219 - - [03/Dec/2021:07:00:41 +0000] "GET /archives/author/yuuki-takagi HTTP/1.1" 200 6242 "-" "CCBot/2.0 (https://commoncrawl.org/faq/)"
34.206.38.217 - - [03/Dec/2021:07:02:55 +0000] "GET /feed HTTP/1.1" 200 56281 "-" "Automate.io BOT"
216.245.221.83 - - [03/Dec/2021:07:04:26 +0000] "HEAD / HTTP/1.1" 301 0 "http://ja.tak-cslab.org/" "Mozilla/5.0+(compatible; UptimeRobot/2.0; http://www.uptimerobot.com/)"
216.245.221.83 - - [03/Dec/2021:07:04:26 +0000] "HEAD / HTTP/1.1" 200 0 "http://ja.tak-cslab.org/" "Mozilla/5.0+(compatible; UptimeRobot/2.0; http://www.uptimerobot.com/)"
54.227.97.219 - - [03/Dec/2021:07:07:18 +0000] "GET /archives/author/c0118083 HTTP/1.1" 200 6001 "-" "CCBot/2.0 (https://commoncrawl.org/faq/)"
216.245.221.83 - - [03/Dec/2021:07:09:26 +0000] "HEAD / HTTP/1.1" 301 0 "http://ja.tak-cslab.org/" "Mozilla/5.0+(compatible; UptimeRobot/2.0; http://www.uptimerobot.com/)"
216.245.221.83 - - [03/Dec/2021:07:09:26 +0000] "HEAD / HTTP/1.1" 200 0 "http://ja.tak-cslab.org/" "Mozilla/5.0+(compatible; UptimeRobot/2.0; http://www.uptimerobot.com/)"
66.249.66.129 - - [03/Dec/2021:07:09:42 +0000] "GET /archives/152 HTTP/1.1" 200 6246 "-" "Mozilla/5.0 (Linux; Android 6.0.1; Nexus 5X Build/MMB29P) AppleWebKit/537.36 (KHTML, like Gecko) Chrome/96.0.4664.45 Mobile Safari/537.36 (compatible; Googlebot/2.1; +http://www.google.com/bot.html)"
51.222.253.2 - - [03/Dec/2021:07:10:23 +0000] "GET /archives/1536 HTTP/2.0" 200 7126 "-" "Mozilla/5.0 (compatible; AhrefsBot/7.0; +http://ahrefs.com/robot/)"
54.227.97.219 - - [03/Dec/2021:07:10:51 +0000] "GET /archives/1015 HTTP/1.1" 200 7419 "-" "CCBot/2.0 (https://commoncrawl.org/faq/)"
54.227.97.219 - - [03/Dec/2021:07:11:25 +0000] "GET /archives/1064 HTTP/1.1" 200 8888 "-" "CCBot/2.0 (https://commoncrawl.org/faq/)"
40.77.167.66 - - [03/Dec/2021:07:12:09 +0000] "GET /archives/786 HTTP/2.0" 200 9311 "-" "Mozilla/5.0 (compatible; bingbot/2.0; +http://www.bing.com/bingbot.htm)"
40.77.167.44 - - [03/Dec/2021:07:12:25 +0000] "GET /wp-content/themes/scaffold/assets/js/navigation.js?ver=1.3.1 HTTP/2.0" 200 1266 "-" "Mozilla/5.0 (compatible; bingbot/2.0; +http://www.bing.com/bingbot.htm)"
18.207.111.41 - - [03/Dec/2021:07:13:43 +0000] "HEAD /feed HTTP/2.0" 200 0 "-" "Slackbot 1.0 (+https://api.slack.com/robots)"
18.212.191.209 - - [03/Dec/2021:07:13:44 +0000] "GET /feed HTTP/1.1" 200 56281 "-" "Slackbot 1.0 (+https://api.slack.com/robots)"
54.83.83.160 - - [03/Dec/2021:07:13:45 +0000] "GET / HTTP/1.1" 200 6241 "-" "Slackbot 1.0 (+https://api.slack.com/robots)"
207.46.13.41 - - [03/Dec/2021:07:13:53 +0000] "GET /archives/author/c0118050 HTTP/2.0" 200 5968 "-" "Mozilla/5.0 (compatible; bingbot/2.0; +http://www.bing.com/bingbot.htm)"
216.245.221.83 - - [03/Dec/2021:07:14:26 +0000] "HEAD / HTTP/1.1" 301 0 "http://ja.tak-cslab.org/" "Mozilla/5.0+(compatible; UptimeRobot/2.0; http://www.uptimerobot.com/)"
216.245.221.83 - - [03/Dec/2021:07:14:26 +0000] "HEAD / HTTP/1.1" 200 0 "http://ja.tak-cslab.org/" "Mozilla/5.0+(compatible; UptimeRobot/2.0; http://www.uptimerobot.com/)"
54.227.97.219 - - [03/Dec/2021:07:15:52 +0000] "GET /topics/blog/page/2 HTTP/1.1" 200 19678 "-" "CCBot/2.0 (https://commoncrawl.org/faq/)"
163.215.6.1 - - [03/Dec/2021:07:17:57 +0000] "POST /wp-cron.php?doing_wp_cron=1638515876.7500720024108886718750 HTTP/1.1" 200 31 "https://ja.tak-cslab.org/wp-cron.php?doing_wp_cron=1638515876.7500720024108886718750" "WordPress/5.8.2; https://ja.tak-cslab.org"
34.206.38.217 - - [03/Dec/2021:07:17:57 +0000] "GET /feed HTTP/1.1" 200 56281 "-" "Automate.io BOT"
216.245.221.83 - - [03/Dec/2021:07:19:26 +0000] "HEAD / HTTP/1.1" 301 0 "http://ja.tak-cslab.org/" "Mozilla/5.0+(compatible; UptimeRobot/2.0; http://www.uptimerobot.com/)"
216.245.221.83 - - [03/Dec/2021:07:19:26 +0000] "HEAD / HTTP/1.1" 200 0 "http://ja.tak-cslab.org/" "Mozilla/5.0+(compatible; UptimeRobot/2.0; http://www.uptimerobot.com/)"
216.245.221.83 - - [03/Dec/2021:07:24:26 +0000] "HEAD / HTTP/1.1" 301 0 "http://ja.tak-cslab.org/" "Mozilla/5.0+(compatible; UptimeRobot/2.0; http://www.uptimerobot.com/)"
216.245.221.83 - - [03/Dec/2021:07:24:26 +0000] "HEAD / HTTP/1.1" 200 0 "http://ja.tak-cslab.org/" "Mozilla/5.0+(compatible; UptimeRobot/2.0; http://www.uptimerobot.com/)"
54.227.97.219 - - [03/Dec/2021:07:25:11 +0000] "GET /archives/author/shota-nakagawa HTTP/1.1" 200 5940 "-" "CCBot/2.0 (https://commoncrawl.org/faq/)"
34.206.38.217 - - [03/Dec/2021:07:27:56 +0000] "GET /feed HTTP/1.1" 200 56281 "-" "Automate.io BOT"
54.227.97.219 - - [03/Dec/2021:07:28:11 +0000] "GET /10gin_cds1?redirect_to=https%3A%2F%2Fja.tak-cslab.org%2Farchives%2F1466 HTTP/1.1" 200 4551 "-" "CCBot/2.0 (https://commoncrawl.org/faq/)"
216.245.221.83 - - [03/Dec/2021:07:29:26 +0000] "HEAD / HTTP/1.1" 301 0 "http://ja.tak-cslab.org/" "Mozilla/5.0+(compatible; UptimeRobot/2.0; http://www.uptimerobot.com/)"
216.245.221.83 - - [03/Dec/2021:07:29:26 +0000] "HEAD / HTTP/1.1" 200 0 "http://ja.tak-cslab.org/" "Mozilla/5.0+(compatible; UptimeRobot/2.0; http://www.uptimerobot.com/)"
207.46.13.41 - - [03/Dec/2021:07:31:57 +0000] "GET /archives/999 HTTP/2.0" 200 7739 "-" "Mozilla/5.0 (compatible; bingbot/2.0; +http://www.bing.com/bingbot.htm)"
54.227.97.219 - - [03/Dec/2021:07:32:32 +0000] "GET /10gin_cds1?redirect_to=https%3A%2F%2Fja.tak-cslab.org%2Farchives%2F1477 HTTP/1.1" 200 4551 "-" "CCBot/2.0 (https://commoncrawl.org/faq/)"
34.206.38.217 - - [03/Dec/2021:07:32:56 +0000] "GET /feed HTTP/1.1" 200 56281 "-" "Automate.io BOT"
52.55.53.178 - - [03/Dec/2021:07:33:43 +0000] "HEAD /feed HTTP/2.0" 200 0 "-" "Slackbot 1.0 (+https://api.slack.com/robots)"
52.23.181.25 - - [03/Dec/2021:07:33:43 +0000] "GET /feed HTTP/1.1" 200 56281 "-" "Slackbot 1.0 (+https://api.slack.com/robots)"
3.86.154.110 - - [03/Dec/2021:07:33:44 +0000] "GET / HTTP/1.1" 200 6249 "-" "Slackbot 1.0 (+https://api.slack.com/robots)"
216.245.221.83 - - [03/Dec/2021:07:34:26 +0000] "HEAD / HTTP/1.1" 301 0 "http://ja.tak-cslab.org/" "Mozilla/5.0+(compatible; UptimeRobot/2.0; http://www.uptimerobot.com/)"
216.245.221.83 - - [03/Dec/2021:07:34:26 +0000] "HEAD / HTTP/1.1" 200 0 "http://ja.tak-cslab.org/" "Mozilla/5.0+(compatible; UptimeRobot/2.0; http://www.uptimerobot.com/)"
124.219.161.144 - - [03/Dec/2021:07:34:50 +0000] "GET /wp-content/uploads/2021/05/CDSL-System-Architecture.png HTTP/2.0" 200 64734 "https://www.google.com/" "Mozilla/5.0 (Windows NT 10.0; Win64; x64) AppleWebKit/537.36 (KHTML, like Gecko) Chrome/96.0.4664.45 Safari/537.36"
54.227.97.219 - - [03/Dec/2021:07:37:26 +0000] "GET /archives/1522 HTTP/1.1" 200 6883 "-" "CCBot/2.0 (https://commoncrawl.org/faq/)"
34.206.38.217 - - [03/Dec/2021:07:37:55 +0000] "GET /feed HTTP/1.1" 200 56281 "-" "Automate.io BOT"
163.215.6.1 - - [03/Dec/2021:07:37:58 +0000] "GET / HTTP/2.0" 200 6222 "-" "Mozilla/5.0 (Macintosh; Intel Mac OS X 10_15_7) AppleWebKit/537.36 (KHTML, like Gecko) Chrome/96.0.4664.55 Safari/537.36"
163.215.6.1 - - [03/Dec/2021:07:38:00 +0000] "GET /wp-content/uploads/2020/01/server-e1585573899521.png HTTP/2.0" 200 426115 "https://ja.tak-cslab.org/" "Mozilla/5.0 (Macintosh; Intel Mac OS X 10_15_7) AppleWebKit/537.36 (KHTML, like Gecko) Chrome/96.0.4664.55 Safari/537.36"
163.215.6.1 - - [03/Dec/2021:07:38:00 +0000] "GET /wp-content/uploads/2020/01/iot2-e1585573992906.png HTTP/2.0" 200 439802 "https://ja.tak-cslab.org/" "Mozilla/5.0 (Macintosh; Intel Mac OS X 10_15_7) AppleWebKit/537.36 (KHTML, like Gecko) Chrome/96.0.4664.55 Safari/537.36"
163.215.6.1 - - [03/Dec/2021:07:38:00 +0000] "GET /wp-content/uploads/2020/01/books-e1585573975658.png HTTP/2.0" 200 549531 "https://ja.tak-cslab.org/" "Mozilla/5.0 (Macintosh; Intel Mac OS X 10_15_7) AppleWebKit/537.36 (KHTML, like Gecko) Chrome/96.0.4664.55 Safari/537.36"
163.215.6.1 - - [03/Dec/2021:07:38:00 +0000] "GET /wp-content/uploads/2020/01/desk-e1585573956500.png HTTP/2.0" 200 367831 "https://ja.tak-cslab.org/" "Mozilla/5.0 (Macintosh; Intel Mac OS X 10_15_7) AppleWebKit/537.36 (KHTML, like Gecko) Chrome/96.0.4664.55 Safari/537.36"
66.249.66.158 - - [03/Dec/2021:07:38:45 +0000] "GET /archives/177 HTTP/1.1" 200 8140 "-" "Mozilla/5.0 (Linux; Android 6.0.1; Nexus 5X Build/MMB29P) AppleWebKit/537.36 (KHTML, like Gecko) Chrome/96.0.4664.45 Mobile Safari/537.36 (compatible; Googlebot/2.1; +http://www.google.com/bot.html)"
216.245.221.83 - - [03/Dec/2021:07:39:26 +0000] "HEAD / HTTP/1.1" 301 0 "http://ja.tak-cslab.org/" "Mozilla/5.0+(compatible; UptimeRobot/2.0; http://www.uptimerobot.com/)"
216.245.221.83 - - [03/Dec/2021:07:39:26 +0000] "HEAD / HTTP/1.1" 200 0 "http://ja.tak-cslab.org/" "Mozilla/5.0+(compatible; UptimeRobot/2.0; http://www.uptimerobot.com/)"
18.183.226.43 - - [03/Dec/2021:07:40:46 +0000] "GET /favicon.ico HTTP/1.1" 302 5 "-" "Slack-ImgProxy (+https://api.slack.com/robots)"
18.181.185.232 - - [03/Dec/2021:07:40:46 +0000] "GET /wp-includes/images/w-logo-blue-white-bg.png HTTP/1.1" 200 4119 "-" "Slack-ImgProxy (+https://api.slack.com/robots)"
54.227.97.219 - - [03/Dec/2021:07:41:38 +0000] "GET /archives/295 HTTP/1.1" 200 6445 "-" "CCBot/2.0 (https://commoncrawl.org/faq/)"
34.206.38.217 - - [03/Dec/2021:07:42:56 +0000] "GET /feed HTTP/1.1" 200 56281 "-" "Automate.io BOT"
40.77.167.44 - - [03/Dec/2021:07:43:28 +0000] "GET /wp-content/uploads/2020/09/Screen-Shot-2020-09-09-at-14.28.38-1024x668.png HTTP/2.0" 200 281217 "-" "Mozilla/5.0 (compatible; bingbot/2.0; +http://www.bing.com/bingbot.htm)"
216.245.221.83 - - [03/Dec/2021:07:44:26 +0000] "HEAD / HTTP/1.1" 301 0 "http://ja.tak-cslab.org/" "Mozilla/5.0+(compatible; UptimeRobot/2.0; http://www.uptimerobot.com/)"
216.245.221.83 - - [03/Dec/2021:07:44:26 +0000] "HEAD / HTTP/1.1" 200 0 "http://ja.tak-cslab.org/" "Mozilla/5.0+(compatible; UptimeRobot/2.0; http://www.uptimerobot.com/)"
163.215.6.1 - - [03/Dec/2021:07:45:15 +0000] "GET /tech-report HTTP/2.0" 200 12789 "-" "Mozilla/5.0 (Windows NT 10.0; Win64; x64) AppleWebKit/537.36 (KHTML, like Gecko) Chrome/96.0.4664.55 Safari/537.36 Edg/96.0.1054.41"
34.206.38.217 - - [03/Dec/2021:07:47:55 +0000] "GET /feed HTTP/1.1" 200 56281 "-" "Automate.io BOT"
54.227.97.219 - - [03/Dec/2021:07:48:22 +0000] "GET / HTTP/1.1" 200 6242 "-" "CCBot/2.0 (https://commoncrawl.org/faq/)"
54.227.97.219 - - [03/Dec/2021:07:48:58 +0000] "GET /archives/author/c0118050 HTTP/1.1" 200 5995 "-" "CCBot/2.0 (https://commoncrawl.org/faq/)"
216.245.221.83 - - [03/Dec/2021:07:49:26 +0000] "HEAD / HTTP/1.1" 301 0 "http://ja.tak-cslab.org/" "Mozilla/5.0+(compatible; UptimeRobot/2.0; http://www.uptimerobot.com/)"
216.245.221.83 - - [03/Dec/2021:07:49:26 +0000] "HEAD / HTTP/1.1" 200 0 "http://ja.tak-cslab.org/" "Mozilla/5.0+(compatible; UptimeRobot/2.0; http://www.uptimerobot.com/)"
34.206.38.217 - - [03/Dec/2021:07:52:56 +0000] "GET /feed HTTP/1.1" 200 56281 "-" "Automate.io BOT"
3.86.102.217 - - [03/Dec/2021:07:53:42 +0000] "HEAD /feed HTTP/2.0" 200 0 "-" "Slackbot 1.0 (+https://api.slack.com/robots)"
18.205.247.12 - - [03/Dec/2021:07:53:43 +0000] "GET /feed HTTP/1.1" 200 56281 "-" "Slackbot 1.0 (+https://api.slack.com/robots)"
18.212.191.209 - - [03/Dec/2021:07:53:45 +0000] "GET / HTTP/1.1" 200 6242 "-" "Slackbot 1.0 (+https://api.slack.com/robots)"
216.245.221.83 - - [03/Dec/2021:07:54:26 +0000] "HEAD / HTTP/1.1" 301 0 "http://ja.tak-cslab.org/" "Mozilla/5.0+(compatible; UptimeRobot/2.0; http://www.uptimerobot.com/)"
216.245.221.83 - - [03/Dec/2021:07:54:26 +0000] "HEAD / HTTP/1.1" 200 0 "http://ja.tak-cslab.org/" "Mozilla/5.0+(compatible; UptimeRobot/2.0; http://www.uptimerobot.com/)"
54.227.97.219 - - [03/Dec/2021:07:55:05 +0000] "GET /10gin_cds1?redirect_to=https%3A%2F%2Fja.tak-cslab.org%2Farchives%2F1453 HTTP/1.1" 200 4551 "-" "CCBot/2.0 (https://commoncrawl.org/faq/)"
51.222.253.1 - - [03/Dec/2021:07:55:09 +0000] "GET /archives/555 HTTP/2.0" 200 8123 "-" "Mozilla/5.0 (compatible; AhrefsBot/7.0; +http://ahrefs.com/robot/)"
54.227.97.219 - - [03/Dec/2021:07:56:14 +0000] "GET /archives/999 HTTP/1.1" 200 7759 "-" "CCBot/2.0 (https://commoncrawl.org/faq/)"
34.206.38.217 - - [03/Dec/2021:07:57:55 +0000] "GET /feed HTTP/1.1" 200 56281 "-" "Automate.io BOT"
216.245.221.83 - - [03/Dec/2021:07:59:26 +0000] "HEAD / HTTP/1.1" 301 0 "http://ja.tak-cslab.org/" "Mozilla/5.0+(compatible; UptimeRobot/2.0; http://www.uptimerobot.com/)"
216.245.221.83 - - [03/Dec/2021:07:59:26 +0000] "HEAD / HTTP/1.1" 200 0 "http://ja.tak-cslab.org/" "Mozilla/5.0+(compatible; UptimeRobot/2.0; http://www.uptimerobot.com/)"
54.227.97.219 - - [03/Dec/2021:07:59:58 +0000] "GET /archives/author/c0118014 HTTP/1.1" 200 6009 "-" "CCBot/2.0 (https://commoncrawl.org/faq/)"
185.191.171.39 - - [03/Dec/2021:08:00:16 +0000] "GET /robots.txt HTTP/1.1" 200 123 "-" "Mozilla/5.0 (compatible; SemrushBot/7~bl; +http://www.semrush.com/bot.html)"
185.191.171.23 - - [03/Dec/2021:08:00:17 +0000] "GET /10gin_cds1?redirect_to=https%3A%2F%2Fja.tak-cslab.org%2Farchives%2F498 HTTP/1.1" 200 4543 "-" "Mozilla/5.0 (compatible; SemrushBot/7~bl; +http://www.semrush.com/bot.html)"
163.215.6.1 - - [03/Dec/2021:08:01:15 +0000] "POST /wp-cron.php?doing_wp_cron=1638518475.7113690376281738281250 HTTP/1.1" 200 31 "https://ja.tak-cslab.org/wp-cron.php?doing_wp_cron=1638518475.7113690376281738281250" "WordPress/5.8.2; https://ja.tak-cslab.org"
66.249.66.159 - - [03/Dec/2021:08:01:15 +0000] "GET /about?amp HTTP/1.1" 200 5375 "-" "Mozilla/5.0 (Linux; Android 6.0.1; Nexus 5X Build/MMB29P) AppleWebKit/537.36 (KHTML, like Gecko) Chrome/96.0.4664.45 Mobile Safari/537.36 (compatible; Googlebot/2.1; +http://www.google.com/bot.html)"
34.206.38.217 - - [03/Dec/2021:08:02:56 +0000] "GET /feed HTTP/1.1" 200 56281 "-" "Automate.io BOT"
18.183.191.45 - - [03/Dec/2021:08:03:03 +0000] "GET /wp-content/uploads/2020/09/20200925_200925_0-1.jpg HTTP/1.1" 200 247845 "-" "Slack-ImgProxy (+https://api.slack.com/robots)"
18.183.66.251 - - [03/Dec/2021:08:03:04 +0000] "GET /wp-content/uploads/2020/09/20200925_200925_0-1.jpg HTTP/1.1" 200 247845 "-" "Slack-ImgProxy (+https://api.slack.com/robots)"
216.245.221.83 - - [03/Dec/2021:08:04:26 +0000] "HEAD / HTTP/1.1" 301 0 "http://ja.tak-cslab.org/" "Mozilla/5.0+(compatible; UptimeRobot/2.0; http://www.uptimerobot.com/)"
216.245.221.83 - - [03/Dec/2021:08:04:26 +0000] "HEAD / HTTP/1.1" 200 0 "http://ja.tak-cslab.org/" "Mozilla/5.0+(compatible; UptimeRobot/2.0; http://www.uptimerobot.com/)"
54.227.97.219 - - [03/Dec/2021:08:05:04 +0000] "GET /archives/1503 HTTP/1.1" 200 7136 "-" "CCBot/2.0 (https://commoncrawl.org/faq/)"
34.206.38.217 - - [03/Dec/2021:08:07:57 +0000] "GET /feed HTTP/1.1" 200 56281 "-" "Automate.io BOT"
216.245.221.83 - - [03/Dec/2021:08:09:26 +0000] "HEAD / HTTP/1.1" 301 0 "http://ja.tak-cslab.org/" "Mozilla/5.0+(compatible; UptimeRobot/2.0; http://www.uptimerobot.com/)"
216.245.221.83 - - [03/Dec/2021:08:09:26 +0000] "HEAD / HTTP/1.1" 200 0 "http://ja.tak-cslab.org/" "Mozilla/5.0+(compatible; UptimeRobot/2.0; http://www.uptimerobot.com/)"
34.206.38.217 - - [03/Dec/2021:08:12:56 +0000] "GET /feed HTTP/1.1" 200 56281 "-" "Automate.io BOT"
54.86.100.24 - - [03/Dec/2021:08:13:41 +0000] "HEAD /feed HTTP/2.0" 200 0 "-" "Slackbot 1.0 (+https://api.slack.com/robots)"
3.86.102.217 - - [03/Dec/2021:08:13:41 +0000] "GET /feed HTTP/1.1" 200 56281 "-" "Slackbot 1.0 (+https://api.slack.com/robots)"
44.195.77.125 - - [03/Dec/2021:08:13:43 +0000] "GET / HTTP/1.1" 200 6249 "-" "Slackbot 1.0 (+https://api.slack.com/robots)"
216.245.221.83 - - [03/Dec/2021:08:14:26 +0000] "HEAD / HTTP/1.1" 301 0 "http://ja.tak-cslab.org/" "Mozilla/5.0+(compatible; UptimeRobot/2.0; http://www.uptimerobot.com/)"
216.245.221.83 - - [03/Dec/2021:08:14:26 +0000] "HEAD / HTTP/1.1" 200 0 "http://ja.tak-cslab.org/" "Mozilla/5.0+(compatible; UptimeRobot/2.0; http://www.uptimerobot.com/)"
114.160.200.147 - - [03/Dec/2021:08:17:04 +0000] "GET /tags/%E3%83%90%E3%83%83%E3%82%AF%E3%82%A2%E3%83%83%E3%83%97 HTTP/2.0" 200 6632 "https://www.google.com/" "Mozilla/5.0 (Windows NT 10.0; Win64; x64) AppleWebKit/537.36 (KHTML, like Gecko) Chrome/96.0.4664.45 Safari/537.36"
114.160.200.147 - - [03/Dec/2021:08:17:04 +0000] "GET /wp-content/themes/cdsl/style.css?ver=1.3.1 HTTP/2.0" 200 272 "https://ja.tak-cslab.org/tags/%E3%83%90%E3%83%83%E3%82%AF%E3%82%A2%E3%83%83%E3%83%97" "Mozilla/5.0 (Windows NT 10.0; Win64; x64) AppleWebKit/537.36 (KHTML, like Gecko) Chrome/96.0.4664.45 Safari/537.36"
114.160.200.147 - - [03/Dec/2021:08:17:04 +0000] "GET /wp-content/themes/scaffold/style.css?ver=5.8.2 HTTP/2.0" 200 5846 "https://ja.tak-cslab.org/tags/%E3%83%90%E3%83%83%E3%82%AF%E3%82%A2%E3%83%83%E3%83%97" "Mozilla/5.0 (Windows NT 10.0; Win64; x64) AppleWebKit/537.36 (KHTML, like Gecko) Chrome/96.0.4664.45 Safari/537.36"
114.160.200.147 - - [03/Dec/2021:08:17:04 +0000] "GET /wp-includes/css/dist/block-library/style.min.css?ver=5.8.2 HTTP/2.0" 200 13704 "https://ja.tak-cslab.org/tags/%E3%83%90%E3%83%83%E3%82%AF%E3%82%A2%E3%83%83%E3%83%97" "Mozilla/5.0 (Windows NT 10.0; Win64; x64) AppleWebKit/537.36 (KHTML, like Gecko) Chrome/96.0.4664.45 Safari/537.36"
114.160.200.147 - - [03/Dec/2021:08:17:04 +0000] "GET /wp-content/themes/scaffold/assets/js/navigation.js?ver=1.3.1 HTTP/2.0" 200 1266 "https://ja.tak-cslab.org/tags/%E3%83%90%E3%83%83%E3%82%AF%E3%82%A2%E3%83%83%E3%83%97" "Mozilla/5.0 (Windows NT 10.0; Win64; x64) AppleWebKit/537.36 (KHTML, like Gecko) Chrome/96.0.4664.45 Safari/537.36"
114.160.200.147 - - [03/Dec/2021:08:17:04 +0000] "GET /wp-includes/js/wp-embed.min.js?ver=5.8.2 HTTP/2.0" 200 779 "https://ja.tak-cslab.org/tags/%E3%83%90%E3%83%83%E3%82%AF%E3%82%A2%E3%83%83%E3%83%97" "Mozilla/5.0 (Windows NT 10.0; Win64; x64) AppleWebKit/537.36 (KHTML, like Gecko) Chrome/96.0.4664.45 Safari/537.36"
114.160.200.147 - - [03/Dec/2021:08:17:04 +0000] "GET /wp-includes/js/wp-emoji-release.min.js?ver=5.8.2 HTTP/2.0" 200 5714 "https://ja.tak-cslab.org/tags/%E3%83%90%E3%83%83%E3%82%AF%E3%82%A2%E3%83%83%E3%83%97" "Mozilla/5.0 (Windows NT 10.0; Win64; x64) AppleWebKit/537.36 (KHTML, like Gecko) Chrome/96.0.4664.45 Safari/537.36"
114.160.200.147 - - [03/Dec/2021:08:17:05 +0000] "GET /favicon.ico HTTP/2.0" 302 0 "https://ja.tak-cslab.org/tags/%E3%83%90%E3%83%83%E3%82%AF%E3%82%A2%E3%83%83%E3%83%97" "Mozilla/5.0 (Windows NT 10.0; Win64; x64) AppleWebKit/537.36 (KHTML, like Gecko) Chrome/96.0.4664.45 Safari/537.36"
114.160.200.147 - - [03/Dec/2021:08:17:05 +0000] "GET /wp-includes/images/w-logo-blue-white-bg.png HTTP/2.0" 200 4119 "https://ja.tak-cslab.org/tags/%E3%83%90%E3%83%83%E3%82%AF%E3%82%A2%E3%83%83%E3%83%97" "Mozilla/5.0 (Windows NT 10.0; Win64; x64) AppleWebKit/537.36 (KHTML, like Gecko) Chrome/96.0.4664.45 Safari/537.36"
163.215.6.1 - - [03/Dec/2021:08:17:56 +0000] "POST /wp-cron.php?doing_wp_cron=1638519476.5072760581970214843750 HTTP/1.1" 200 31 "https://ja.tak-cslab.org/wp-cron.php?doing_wp_cron=1638519476.5072760581970214843750" "WordPress/5.8.2; https://ja.tak-cslab.org"
34.206.38.217 - - [03/Dec/2021:08:17:56 +0000] "GET /feed HTTP/1.1" 200 56281 "-" "Automate.io BOT"
216.245.221.83 - - [03/Dec/2021:08:19:26 +0000] "HEAD / HTTP/1.1" 301 0 "http://ja.tak-cslab.org/" "Mozilla/5.0+(compatible; UptimeRobot/2.0; http://www.uptimerobot.com/)"
216.245.221.83 - - [03/Dec/2021:08:19:26 +0000] "HEAD / HTTP/1.1" 200 0 "http://ja.tak-cslab.org/" "Mozilla/5.0+(compatible; UptimeRobot/2.0; http://www.uptimerobot.com/)"
66.249.66.159 - - [03/Dec/2021:08:23:46 +0000] "GET /archives/author/kenichi-takahashi HTTP/1.1" 200 5894 "-" "Mozilla/5.0 (Linux; Android 6.0.1; Nexus 5X Build/MMB29P) AppleWebKit/537.36 (KHTML, like Gecko) Chrome/96.0.4664.45 Mobile Safari/537.36 (compatible; Googlebot/2.1; +http://www.google.com/bot.html)"
216.245.221.83 - - [03/Dec/2021:08:24:26 +0000] "HEAD / HTTP/1.1" 301 0 "http://ja.tak-cslab.org/" "Mozilla/5.0+(compatible; UptimeRobot/2.0; http://www.uptimerobot.com/)"
216.245.221.83 - - [03/Dec/2021:08:24:26 +0000] "HEAD / HTTP/1.1" 200 0 "http://ja.tak-cslab.org/" "Mozilla/5.0+(compatible; UptimeRobot/2.0; http://www.uptimerobot.com/)"
34.206.38.217 - - [03/Dec/2021:08:27:57 +0000] "GET /feed HTTP/1.1" 200 56281 "-" "Automate.io BOT"
216.245.221.83 - - [03/Dec/2021:08:29:26 +0000] "HEAD / HTTP/1.1" 301 0 "http://ja.tak-cslab.org/" "Mozilla/5.0+(compatible; UptimeRobot/2.0; http://www.uptimerobot.com/)"
216.245.221.83 - - [03/Dec/2021:08:29:26 +0000] "HEAD / HTTP/1.1" 200 0 "http://ja.tak-cslab.org/" "Mozilla/5.0+(compatible; UptimeRobot/2.0; http://www.uptimerobot.com/)"
34.206.38.217 - - [03/Dec/2021:08:32:56 +0000] "GET /feed HTTP/1.1" 200 56281 "-" "Automate.io BOT"
3.93.48.106 - - [03/Dec/2021:08:33:42 +0000] "HEAD /feed HTTP/2.0" 200 0 "-" "Slackbot 1.0 (+https://api.slack.com/robots)"
3.93.48.106 - - [03/Dec/2021:08:33:42 +0000] "GET /feed HTTP/1.1" 200 56281 "-" "Slackbot 1.0 (+https://api.slack.com/robots)"
3.237.239.38 - - [03/Dec/2021:08:33:44 +0000] "GET / HTTP/1.1" 200 6249 "-" "Slackbot 1.0 (+https://api.slack.com/robots)"
216.245.221.83 - - [03/Dec/2021:08:34:26 +0000] "HEAD / HTTP/1.1" 301 0 "http://ja.tak-cslab.org/" "Mozilla/5.0+(compatible; UptimeRobot/2.0; http://www.uptimerobot.com/)"
216.245.221.83 - - [03/Dec/2021:08:34:26 +0000] "HEAD / HTTP/1.1" 200 0 "http://ja.tak-cslab.org/" "Mozilla/5.0+(compatible; UptimeRobot/2.0; http://www.uptimerobot.com/)"
34.206.38.217 - - [03/Dec/2021:08:37:56 +0000] "GET /feed HTTP/1.1" 200 56281 "-" "Automate.io BOT"
66.249.66.9 - - [03/Dec/2021:08:39:19 +0000] "GET /archives/716 HTTP/1.1" 200 6470 "-" "Mozilla/5.0 (Linux; Android 6.0.1; Nexus 5X Build/MMB29P) AppleWebKit/537.36 (KHTML, like Gecko) Chrome/96.0.4664.45 Mobile Safari/537.36 (compatible; Googlebot/2.1; +http://www.google.com/bot.html)"
216.245.221.83 - - [03/Dec/2021:08:39:26 +0000] "HEAD / HTTP/1.1" 301 0 "http://ja.tak-cslab.org/" "Mozilla/5.0+(compatible; UptimeRobot/2.0; http://www.uptimerobot.com/)"
