150.249.192.144 - - [19/Nov/2021:07:38:37 +0000] "GET /robots.txt HTTP/2.0" 200 112 "-" "Mozilla/5.0 (Windows NT 10.0; Win64; x64) AppleWebKit/537.36 (KHTML, like Gecko) Chrome/96.0.4664.45 Safari/537.36"
150.249.192.144 - - [19/Nov/2021:07:38:37 +0000] "GET /archives/606 HTTP/2.0" 200 11297 "https://www.google.com/" "Mozilla/5.0 (Windows NT 10.0; Win64; x64) AppleWebKit/537.36 (KHTML, like Gecko) Chrome/96.0.4664.45 Safari/537.36"
150.249.192.144 - - [19/Nov/2021:07:38:38 +0000] "GET /wp-content/themes/scaffold/style.css?ver=5.8.2 HTTP/2.0" 200 5846 "https://ja.tak-cslab.org/archives/606" "Mozilla/5.0 (Windows NT 10.0; Win64; x64) AppleWebKit/537.36 (KHTML, like Gecko) Chrome/96.0.4664.45 Safari/537.36"
150.249.192.144 - - [19/Nov/2021:07:38:38 +0000] "GET /wp-content/themes/cdsl/style.css?ver=1.3.1 HTTP/2.0" 200 272 "https://ja.tak-cslab.org/archives/606" "Mozilla/5.0 (Windows NT 10.0; Win64; x64) AppleWebKit/537.36 (KHTML, like Gecko) Chrome/96.0.4664.45 Safari/537.36"
150.249.192.144 - - [19/Nov/2021:07:38:38 +0000] "GET /wp-includes/css/dist/block-library/style.min.css?ver=5.8.2 HTTP/2.0" 200 13704 "https://ja.tak-cslab.org/archives/606" "Mozilla/5.0 (Windows NT 10.0; Win64; x64) AppleWebKit/537.36 (KHTML, like Gecko) Chrome/96.0.4664.45 Safari/537.36"
150.249.192.144 - - [19/Nov/2021:07:38:38 +0000] "GET /wp-includes/js/wp-emoji-release.min.js?ver=5.8.2 HTTP/2.0" 200 5714 "https://ja.tak-cslab.org/archives/606" "Mozilla/5.0 (Windows NT 10.0; Win64; x64) AppleWebKit/537.36 (KHTML, like Gecko) Chrome/96.0.4664.45 Safari/537.36"
150.249.192.144 - - [19/Nov/2021:07:38:38 +0000] "GET /wp-content/themes/scaffold/assets/js/navigation.js?ver=1.3.1 HTTP/2.0" 200 1266 "https://ja.tak-cslab.org/archives/606" "Mozilla/5.0 (Windows NT 10.0; Win64; x64) AppleWebKit/537.36 (KHTML, like Gecko) Chrome/96.0.4664.45 Safari/537.36"
150.249.192.144 - - [19/Nov/2021:07:38:38 +0000] "GET /wp-includes/js/comment-reply.min.js?ver=5.8.2 HTTP/2.0" 200 1390 "https://ja.tak-cslab.org/archives/606" "Mozilla/5.0 (Windows NT 10.0; Win64; x64) AppleWebKit/537.36 (KHTML, like Gecko) Chrome/96.0.4664.45 Safari/537.36"
150.249.192.144 - - [19/Nov/2021:07:38:38 +0000] "GET /wp-includes/js/wp-embed.min.js?ver=5.8.2 HTTP/2.0" 200 779 "https://ja.tak-cslab.org/archives/606" "Mozilla/5.0 (Windows NT 10.0; Win64; x64) AppleWebKit/537.36 (KHTML, like Gecko) Chrome/96.0.4664.45 Safari/537.36"
150.249.192.144 - - [19/Nov/2021:07:38:38 +0000] "GET /wp-content/themes/scaffold/assets/js/navigation.js?ver=1.3.1 HTTP/2.0" 200 1266 "-" "Mozilla/5.0 (Windows NT 10.0; Win64; x64) AppleWebKit/537.36 (KHTML, like Gecko) Chrome/96.0.4664.45 Safari/537.36"
150.249.192.144 - - [19/Nov/2021:07:38:38 +0000] "GET /wp-includes/js/wp-emoji-release.min.js?ver=5.8.2 HTTP/2.0" 200 5714 "-" "Mozilla/5.0 (Windows NT 10.0; Win64; x64) AppleWebKit/537.36 (KHTML, like Gecko) Chrome/96.0.4664.45 Safari/537.36"
150.249.192.144 - - [19/Nov/2021:07:38:38 +0000] "GET /wp-includes/js/comment-reply.min.js?ver=5.8.2 HTTP/2.0" 200 1390 "-" "Mozilla/5.0 (Windows NT 10.0; Win64; x64) AppleWebKit/537.36 (KHTML, like Gecko) Chrome/96.0.4664.45 Safari/537.36"
150.249.192.144 - - [19/Nov/2021:07:38:38 +0000] "GET /wp-includes/js/wp-embed.min.js?ver=5.8.2 HTTP/2.0" 200 779 "-" "Mozilla/5.0 (Windows NT 10.0; Win64; x64) AppleWebKit/537.36 (KHTML, like Gecko) Chrome/96.0.4664.45 Safari/537.36"
150.249.192.144 - - [19/Nov/2021:07:38:38 +0000] "GET /wp-content/plugins/native-lazyload/assets/images/placeholder.svg HTTP/2.0" 200 88 "https://ja.tak-cslab.org/archives/606" "Mozilla/5.0 (Windows NT 10.0; Win64; x64) AppleWebKit/537.36 (KHTML, like Gecko) Chrome/96.0.4664.45 Safari/537.36"
150.249.192.144 - - [19/Nov/2021:07:38:38 +0000] "GET /wp-content/uploads/2020/09/20200925_200925_0-1-600x450.jpg HTTP/2.0" 200 44810 "https://ja.tak-cslab.org/archives/606" "Mozilla/5.0 (Windows NT 10.0; Win64; x64) AppleWebKit/537.36 (KHTML, like Gecko) Chrome/96.0.4664.45 Safari/537.36"
150.249.192.144 - - [19/Nov/2021:07:38:38 +0000] "GET /2a9a7912-132f-455a-ba3e-e646218e3b66 HTTP/2.0" 404 5316 "https://ja.tak-cslab.org/archives/606" "Mozilla/5.0 (Windows NT 10.0; Win64; x64) AppleWebKit/537.36 (KHTML, like Gecko) Chrome/96.0.4664.45 Safari/537.36"
150.249.192.144 - - [19/Nov/2021:07:38:38 +0000] "GET /favicon.ico HTTP/2.0" 302 0 "https://ja.tak-cslab.org/archives/606" "Mozilla/5.0 (Windows NT 10.0; Win64; x64) AppleWebKit/537.36 (KHTML, like Gecko) Chrome/96.0.4664.45 Safari/537.36"
150.249.192.144 - - [19/Nov/2021:07:38:38 +0000] "GET /wp-includes/images/w-logo-blue-white-bg.png HTTP/2.0" 200 4119 "https://ja.tak-cslab.org/archives/606" "Mozilla/5.0 (Windows NT 10.0; Win64; x64) AppleWebKit/537.36 (KHTML, like Gecko) Chrome/96.0.4664.45 Safari/537.36"
150.249.192.144 - - [19/Nov/2021:07:38:38 +0000] "GET /wp-content/uploads/2020/09/Screen-Shot-2020-09-09-at-14.24.13-1024x638.png HTTP/2.0" 200 272074 "https://ja.tak-cslab.org/archives/606" "Mozilla/5.0 (Windows NT 10.0; Win64; x64) AppleWebKit/537.36 (KHTML, like Gecko) Chrome/96.0.4664.45 Safari/537.36"
150.249.192.144 - - [19/Nov/2021:07:38:38 +0000] "GET /wp-content/uploads/2020/09/Screen-Shot-2020-09-09-at-14.27.39-1024x752.png HTTP/2.0" 200 374177 "https://ja.tak-cslab.org/archives/606" "Mozilla/5.0 (Windows NT 10.0; Win64; x64) AppleWebKit/537.36 (KHTML, like Gecko) Chrome/96.0.4664.45 Safari/537.36"
150.249.192.144 - - [19/Nov/2021:07:38:38 +0000] "GET /wp-content/uploads/2020/09/Screen-Shot-2020-09-09-at-14.27.04-1024x767.png HTTP/2.0" 200 458420 "https://ja.tak-cslab.org/archives/606" "Mozilla/5.0 (Windows NT 10.0; Win64; x64) AppleWebKit/537.36 (KHTML, like Gecko) Chrome/96.0.4664.45 Safari/537.36"
150.249.192.144 - - [19/Nov/2021:07:38:39 +0000] "GET /wp-content/uploads/2020/09/Screen-Shot-2020-09-09-at-14.28.38-1024x668.png HTTP/2.0" 200 281217 "https://ja.tak-cslab.org/archives/606" "Mozilla/5.0 (Windows NT 10.0; Win64; x64) AppleWebKit/537.36 (KHTML, like Gecko) Chrome/96.0.4664.45 Safari/537.36"
150.249.192.144 - - [19/Nov/2021:07:38:40 +0000] "GET /wp-content/uploads/2020/09/Screen-Shot-2020-09-09-at-14.29.23-1024x587.png HTTP/2.0" 200 253756 "https://ja.tak-cslab.org/archives/606" "Mozilla/5.0 (Windows NT 10.0; Win64; x64) AppleWebKit/537.36 (KHTML, like Gecko) Chrome/96.0.4664.45 Safari/537.36"
150.249.192.144 - - [19/Nov/2021:07:38:40 +0000] "GET /wp-content/uploads/2020/09/Screen-Shot-2020-09-09-at-14.31.27-1024x733.png HTTP/2.0" 200 195229 "https://ja.tak-cslab.org/archives/606" "Mozilla/5.0 (Windows NT 10.0; Win64; x64) AppleWebKit/537.36 (KHTML, like Gecko) Chrome/96.0.4664.45 Safari/537.36"
150.249.192.144 - - [19/Nov/2021:07:38:42 +0000] "GET /wp-content/uploads/2020/09/Screen-Shot-2020-09-09-at-14.34.26-1024x699.png HTTP/2.0" 200 326235 "https://ja.tak-cslab.org/archives/606" "Mozilla/5.0 (Windows NT 10.0; Win64; x64) AppleWebKit/537.36 (KHTML, like Gecko) Chrome/96.0.4664.45 Safari/537.36"
34.206.38.217 - - [19/Nov/2021:07:38:49 +0000] "GET /feed HTTP/1.1" 200 55867 "-" "Automate.io BOT"
150.249.192.144 - - [19/Nov/2021:07:38:55 +0000] "GET /wp-content/uploads/2020/09/Screen-Shot-2020-09-09-at-14.39.13-1024x912.png HTTP/2.0" 200 219212 "https://ja.tak-cslab.org/archives/606" "Mozilla/5.0 (Windows NT 10.0; Win64; x64) AppleWebKit/537.36 (KHTML, like Gecko) Chrome/96.0.4664.45 Safari/537.36"
150.249.192.144 - - [19/Nov/2021:07:40:31 +0000] "GET /wp-content/uploads/2020/09/Screen-Shot-2020-09-09-at-14.40.09-1024x902.png HTTP/2.0" 200 192547 "https://ja.tak-cslab.org/archives/606" "Mozilla/5.0 (Windows NT 10.0; Win64; x64) AppleWebKit/537.36 (KHTML, like Gecko) Chrome/96.0.4664.45 Safari/537.36"
216.245.221.83 - - [19/Nov/2021:07:43:08 +0000] "HEAD / HTTP/1.1" 301 0 "http://ja.tak-cslab.org/" "Mozilla/5.0+(compatible; UptimeRobot/2.0; http://www.uptimerobot.com/)"
216.245.221.83 - - [19/Nov/2021:07:43:08 +0000] "HEAD / HTTP/1.1" 200 0 "http://ja.tak-cslab.org/" "Mozilla/5.0+(compatible; UptimeRobot/2.0; http://www.uptimerobot.com/)"
13.114.196.198 - - [19/Nov/2021:07:43:19 +0000] "GET /favicon.ico HTTP/1.1" 302 5 "-" "Slack-ImgProxy (+https://api.slack.com/robots)"
13.114.196.198 - - [19/Nov/2021:07:43:19 +0000] "GET /wp-includes/images/w-logo-blue-white-bg.png HTTP/1.1" 200 4119 "-" "Slack-ImgProxy (+https://api.slack.com/robots)"
34.207.176.13 - - [19/Nov/2021:07:43:41 +0000] "HEAD /feed HTTP/2.0" 200 0 "-" "Slackbot 1.0 (+https://api.slack.com/robots)"
3.81.27.220 - - [19/Nov/2021:07:43:42 +0000] "GET /feed HTTP/1.1" 200 55867 "-" "Slackbot 1.0 (+https://api.slack.com/robots)"
52.54.163.134 - - [19/Nov/2021:07:43:43 +0000] "GET / HTTP/1.1" 200 6312 "-" "Slackbot 1.0 (+https://api.slack.com/robots)"
34.206.38.217 - - [19/Nov/2021:07:43:49 +0000] "GET /feed HTTP/1.1" 200 55867 "-" "Automate.io BOT"
216.245.221.83 - - [19/Nov/2021:07:48:08 +0000] "HEAD / HTTP/1.1" 301 0 "http://ja.tak-cslab.org/" "Mozilla/5.0+(compatible; UptimeRobot/2.0; http://www.uptimerobot.com/)"
216.245.221.83 - - [19/Nov/2021:07:48:08 +0000] "HEAD / HTTP/1.1" 200 0 "http://ja.tak-cslab.org/" "Mozilla/5.0+(compatible; UptimeRobot/2.0; http://www.uptimerobot.com/)"
34.206.38.217 - - [19/Nov/2021:07:48:49 +0000] "GET /feed HTTP/1.1" 200 55861 "-" "Automate.io BOT"
36.99.136.128 - - [19/Nov/2021:07:49:32 +0000] "GET / HTTP/1.1" 301 162 "-" "python-requests/2.26.0"
36.99.136.129 - - [19/Nov/2021:07:49:33 +0000] "GET / HTTP/1.1" 200 6312 "-" "python-requests/2.26.0"
66.249.79.158 - - [19/Nov/2021:07:52:48 +0000] "GET /archives/1647 HTTP/1.1" 200 6393 "-" "Mozilla/5.0 (compatible; Googlebot/2.1; +http://www.google.com/bot.html)"
216.245.221.83 - - [19/Nov/2021:07:53:08 +0000] "HEAD / HTTP/1.1" 301 0 "http://ja.tak-cslab.org/" "Mozilla/5.0+(compatible; UptimeRobot/2.0; http://www.uptimerobot.com/)"
216.245.221.83 - - [19/Nov/2021:07:53:08 +0000] "HEAD / HTTP/1.1" 200 0 "http://ja.tak-cslab.org/" "Mozilla/5.0+(compatible; UptimeRobot/2.0; http://www.uptimerobot.com/)"
34.206.38.217 - - [19/Nov/2021:07:53:48 +0000] "GET /feed HTTP/1.1" 200 55867 "-" "Automate.io BOT"
216.245.221.83 - - [19/Nov/2021:07:58:08 +0000] "HEAD / HTTP/1.1" 301 0 "http://ja.tak-cslab.org/" "Mozilla/5.0+(compatible; UptimeRobot/2.0; http://www.uptimerobot.com/)"
216.245.221.83 - - [19/Nov/2021:07:58:08 +0000] "HEAD / HTTP/1.1" 200 0 "http://ja.tak-cslab.org/" "Mozilla/5.0+(compatible; UptimeRobot/2.0; http://www.uptimerobot.com/)"
34.206.38.217 - - [19/Nov/2021:07:58:49 +0000] "GET /feed HTTP/1.1" 200 55868 "-" "Automate.io BOT"
216.245.221.83 - - [19/Nov/2021:08:03:08 +0000] "HEAD / HTTP/1.1" 301 0 "http://ja.tak-cslab.org/" "Mozilla/5.0+(compatible; UptimeRobot/2.0; http://www.uptimerobot.com/)"
163.215.6.1 - - [19/Nov/2021:08:03:08 +0000] "POST /wp-cron.php?doing_wp_cron=1637308988.7211740016937255859375 HTTP/1.1" 200 31 "https://ja.tak-cslab.org/wp-cron.php?doing_wp_cron=1637308988.7211740016937255859375" "WordPress/5.8.2; https://ja.tak-cslab.org"
216.245.221.83 - - [19/Nov/2021:08:03:08 +0000] "HEAD / HTTP/1.1" 200 0 "http://ja.tak-cslab.org/" "Mozilla/5.0+(compatible; UptimeRobot/2.0; http://www.uptimerobot.com/)"
54.164.186.217 - - [19/Nov/2021:08:03:44 +0000] "HEAD /feed HTTP/2.0" 200 0 "-" "Slackbot 1.0 (+https://api.slack.com/robots)"
54.158.252.131 - - [19/Nov/2021:08:03:44 +0000] "GET /feed HTTP/1.1" 200 55867 "-" "Slackbot 1.0 (+https://api.slack.com/robots)"
54.164.186.217 - - [19/Nov/2021:08:03:46 +0000] "GET / HTTP/1.1" 200 6312 "-" "Slackbot 1.0 (+https://api.slack.com/robots)"
34.206.38.217 - - [19/Nov/2021:08:03:48 +0000] "GET /feed HTTP/1.1" 200 55868 "-" "Automate.io BOT"
216.245.221.83 - - [19/Nov/2021:08:08:08 +0000] "HEAD / HTTP/1.1" 301 0 "http://ja.tak-cslab.org/" "Mozilla/5.0+(compatible; UptimeRobot/2.0; http://www.uptimerobot.com/)"
216.245.221.83 - - [19/Nov/2021:08:08:08 +0000] "HEAD / HTTP/1.1" 200 0 "http://ja.tak-cslab.org/" "Mozilla/5.0+(compatible; UptimeRobot/2.0; http://www.uptimerobot.com/)"
34.206.38.217 - - [19/Nov/2021:08:08:48 +0000] "GET /feed HTTP/1.1" 200 55867 "-" "Automate.io BOT"
216.245.221.83 - - [19/Nov/2021:08:13:08 +0000] "HEAD / HTTP/1.1" 301 0 "http://ja.tak-cslab.org/" "Mozilla/5.0+(compatible; UptimeRobot/2.0; http://www.uptimerobot.com/)"
216.245.221.83 - - [19/Nov/2021:08:13:08 +0000] "HEAD / HTTP/1.1" 200 0 "http://ja.tak-cslab.org/" "Mozilla/5.0+(compatible; UptimeRobot/2.0; http://www.uptimerobot.com/)"
34.206.38.217 - - [19/Nov/2021:08:13:49 +0000] "GET /feed HTTP/1.1" 200 55867 "-" "Automate.io BOT"
66.249.79.158 - - [19/Nov/2021:08:15:19 +0000] "GET / HTTP/1.1" 200 6312 "-" "Mozilla/5.0 (Linux; Android 6.0.1; Nexus 5X Build/MMB29P) AppleWebKit/537.36 (KHTML, like Gecko) Chrome/96.0.4664.45 Mobile Safari/537.36 (compatible; Googlebot/2.1; +http://www.google.com/bot.html)"
40.77.167.30 - - [19/Nov/2021:08:16:23 +0000] "GET /wp-content/uploads/2020/01/IMG_1118-1024x768.jpg HTTP/2.0" 200 144037 "-" "Mozilla/5.0 (compatible; bingbot/2.0; +http://www.bing.com/bingbot.htm)"
157.55.39.177 - - [19/Nov/2021:08:17:47 +0000] "GET /wp-content/uploads/2021/04/https___qiita-image-store.s3.amazonaws.com_0_171398_3cac0ae7-3349-9194-bbfe-e67c1181cd48-600x307.gif HTTP/2.0" 200 21533 "-" "Mozilla/5.0 (compatible; bingbot/2.0; +http://www.bing.com/bingbot.htm)"
216.245.221.83 - - [19/Nov/2021:08:18:08 +0000] "HEAD / HTTP/1.1" 301 0 "http://ja.tak-cslab.org/" "Mozilla/5.0+(compatible; UptimeRobot/2.0; http://www.uptimerobot.com/)"
216.245.221.83 - - [19/Nov/2021:08:18:10 +0000] "HEAD / HTTP/1.1" 200 0 "http://ja.tak-cslab.org/" "Mozilla/5.0+(compatible; UptimeRobot/2.0; http://www.uptimerobot.com/)"
34.206.38.217 - - [19/Nov/2021:08:18:49 +0000] "GET /feed HTTP/1.1" 200 55860 "-" "Automate.io BOT"
163.215.6.1 - - [19/Nov/2021:08:21:50 +0000] "POST /wp-cron.php?doing_wp_cron=1637310110.1589000225067138671875 HTTP/1.1" 200 31 "https://ja.tak-cslab.org/wp-cron.php?doing_wp_cron=1637310110.1589000225067138671875" "WordPress/5.8.2; https://ja.tak-cslab.org"
54.65.56.196 - - [19/Nov/2021:08:21:50 +0000] "GET /favicon.ico HTTP/1.1" 302 5 "-" "Slack-ImgProxy (+https://api.slack.com/robots)"
35.75.18.166 - - [19/Nov/2021:08:21:50 +0000] "GET /wp-includes/images/w-logo-blue-white-bg.png HTTP/1.1" 200 4119 "-" "Slack-ImgProxy (+https://api.slack.com/robots)"
150.249.192.144 - - [19/Nov/2021:08:22:41 +0000] "GET /wp-content/uploads/2020/09/Screen-Shot-2020-09-09-at-14.40.41-1024x898.png HTTP/2.0" 200 270328 "https://ja.tak-cslab.org/archives/606" "Mozilla/5.0 (Windows NT 10.0; Win64; x64) AppleWebKit/537.36 (KHTML, like Gecko) Chrome/96.0.4664.45 Safari/537.36"
150.249.192.144 - - [19/Nov/2021:08:22:42 +0000] "GET /wp-content/uploads/2020/09/Screen-Shot-2020-09-09-at-14.41.23-1024x906.png HTTP/2.0" 200 206520 "https://ja.tak-cslab.org/archives/606" "Mozilla/5.0 (Windows NT 10.0; Win64; x64) AppleWebKit/537.36 (KHTML, like Gecko) Chrome/96.0.4664.45 Safari/537.36"
150.249.192.144 - - [19/Nov/2021:08:22:42 +0000] "GET /wp-content/uploads/2020/09/20200925_200925_7-768x1024.jpg HTTP/2.0" 200 110029 "https://ja.tak-cslab.org/archives/606" "Mozilla/5.0 (Windows NT 10.0; Win64; x64) AppleWebKit/537.36 (KHTML, like Gecko) Chrome/96.0.4664.45 Safari/537.36"
150.249.192.144 - - [19/Nov/2021:08:22:42 +0000] "GET /wp-content/uploads/2020/09/20200925_200925_0-1024x768.jpg HTTP/2.0" 200 98940 "https://ja.tak-cslab.org/archives/606" "Mozilla/5.0 (Windows NT 10.0; Win64; x64) AppleWebKit/537.36 (KHTML, like Gecko) Chrome/96.0.4664.45 Safari/537.36"
150.249.192.144 - - [19/Nov/2021:08:22:42 +0000] "GET /wp-content/uploads/2020/09/20200925_200925_8-1024x768.jpg HTTP/2.0" 200 92811 "https://ja.tak-cslab.org/archives/606" "Mozilla/5.0 (Windows NT 10.0; Win64; x64) AppleWebKit/537.36 (KHTML, like Gecko) Chrome/96.0.4664.45 Safari/537.36"
150.249.192.144 - - [19/Nov/2021:08:22:42 +0000] "GET /wp-content/uploads/2020/09/20200925_200925_3-768x1024.jpg HTTP/2.0" 200 106701 "https://ja.tak-cslab.org/archives/606" "Mozilla/5.0 (Windows NT 10.0; Win64; x64) AppleWebKit/537.36 (KHTML, like Gecko) Chrome/96.0.4664.45 Safari/537.36"
150.249.192.144 - - [19/Nov/2021:08:22:42 +0000] "GET /wp-content/uploads/2020/09/20200925_200925_2-768x1024.jpg HTTP/2.0" 200 92396 "https://ja.tak-cslab.org/archives/606" "Mozilla/5.0 (Windows NT 10.0; Win64; x64) AppleWebKit/537.36 (KHTML, like Gecko) Chrome/96.0.4664.45 Safari/537.36"
150.249.192.144 - - [19/Nov/2021:08:22:42 +0000] "GET /wp-content/uploads/2020/09/20200925_200925_1-768x1024.jpg HTTP/2.0" 200 122290 "https://ja.tak-cslab.org/archives/606" "Mozilla/5.0 (Windows NT 10.0; Win64; x64) AppleWebKit/537.36 (KHTML, like Gecko) Chrome/96.0.4664.45 Safari/537.36"
150.249.192.144 - - [19/Nov/2021:08:22:44 +0000] "GET /wp-content/uploads/2020/09/Screen-Shot-2020-09-09-at-15.13.25-1024x623.png HTTP/2.0" 200 170476 "https://ja.tak-cslab.org/archives/606" "Mozilla/5.0 (Windows NT 10.0; Win64; x64) AppleWebKit/537.36 (KHTML, like Gecko) Chrome/96.0.4664.45 Safari/537.36"
150.249.192.144 - - [19/Nov/2021:08:22:45 +0000] "GET /wp-content/uploads/2020/09/Screen-Shot-2020-09-09-at-15.14.44-1024x630.png HTTP/2.0" 200 426428 "https://ja.tak-cslab.org/archives/606" "Mozilla/5.0 (Windows NT 10.0; Win64; x64) AppleWebKit/537.36 (KHTML, like Gecko) Chrome/96.0.4664.45 Safari/537.36"
150.249.192.144 - - [19/Nov/2021:08:22:45 +0000] "GET /wp-content/uploads/2020/09/Screen-Shot-2020-09-09-at-15.20.45-1024x524.png HTTP/2.0" 200 188588 "https://ja.tak-cslab.org/archives/606" "Mozilla/5.0 (Windows NT 10.0; Win64; x64) AppleWebKit/537.36 (KHTML, like Gecko) Chrome/96.0.4664.45 Safari/537.36"
216.245.221.83 - - [19/Nov/2021:08:23:08 +0000] "HEAD / HTTP/1.1" 301 0 "http://ja.tak-cslab.org/" "Mozilla/5.0+(compatible; UptimeRobot/2.0; http://www.uptimerobot.com/)"
216.245.221.83 - - [19/Nov/2021:08:23:08 +0000] "HEAD / HTTP/1.1" 200 0 "http://ja.tak-cslab.org/" "Mozilla/5.0+(compatible; UptimeRobot/2.0; http://www.uptimerobot.com/)"
54.90.90.214 - - [19/Nov/2021:08:23:42 +0000] "HEAD /feed HTTP/2.0" 200 0 "-" "Slackbot 1.0 (+https://api.slack.com/robots)"
3.231.151.180 - - [19/Nov/2021:08:23:43 +0000] "GET /feed HTTP/1.1" 200 55868 "-" "Slackbot 1.0 (+https://api.slack.com/robots)"
3.235.228.57 - - [19/Nov/2021:08:23:44 +0000] "GET / HTTP/1.1" 200 6306 "-" "Slackbot 1.0 (+https://api.slack.com/robots)"
34.206.38.217 - - [19/Nov/2021:08:23:48 +0000] "GET /feed HTTP/1.1" 200 55860 "-" "Automate.io BOT"
182.22.17.35 - - [19/Nov/2021:08:26:32 +0000] "GET /wp-content/uploads/2021/04/CDSL-System-Architecture8.png HTTP/2.0" 200 147410 "-" "Mozilla/5.0 (Windows NT 10.0; Win64; x64) AppleWebKit/537.36 (KHTML, like Gecko) Chrome/95.0.4638.69 Safari/537.36 Edg/95.0.1020.53"
61.127.224.112 - - [19/Nov/2021:08:28:02 +0000] "GET /wp-content/uploads/2021/04/CDSL-System-Architecture1.png HTTP/2.0" 200 89919 "https://www.google.com/" "Mozilla/5.0 (Windows NT 10.0; Win64; x64) AppleWebKit/537.36 (KHTML, like Gecko) Chrome/96.0.4664.45 Safari/537.36"
216.245.221.83 - - [19/Nov/2021:08:28:09 +0000] "HEAD / HTTP/1.1" 301 0 "http://ja.tak-cslab.org/" "Mozilla/5.0+(compatible; UptimeRobot/2.0; http://www.uptimerobot.com/)"
216.245.221.83 - - [19/Nov/2021:08:28:09 +0000] "HEAD / HTTP/1.1" 200 0 "http://ja.tak-cslab.org/" "Mozilla/5.0+(compatible; UptimeRobot/2.0; http://www.uptimerobot.com/)"
34.206.38.217 - - [19/Nov/2021:08:28:49 +0000] "GET /feed HTTP/1.1" 200 55860 "-" "Automate.io BOT"
157.55.39.177 - - [19/Nov/2021:08:30:08 +0000] "GET /wp-content/uploads/2020/07/rudder-3700018_640-600x399.jpg HTTP/2.0" 200 35137 "-" "Mozilla/5.0 (compatible; bingbot/2.0; +http://www.bing.com/bingbot.htm)"
216.245.221.83 - - [19/Nov/2021:08:33:08 +0000] "HEAD / HTTP/1.1" 301 0 "http://ja.tak-cslab.org/" "Mozilla/5.0+(compatible; UptimeRobot/2.0; http://www.uptimerobot.com/)"
216.245.221.83 - - [19/Nov/2021:08:33:08 +0000] "HEAD / HTTP/1.1" 200 0 "http://ja.tak-cslab.org/" "Mozilla/5.0+(compatible; UptimeRobot/2.0; http://www.uptimerobot.com/)"
34.206.38.217 - - [19/Nov/2021:08:33:52 +0000] "GET /feed HTTP/1.1" 200 55861 "-" "Automate.io BOT"
185.191.171.43 - - [19/Nov/2021:08:35:04 +0000] "GET /robots.txt HTTP/1.1" 200 123 "-" "Mozilla/5.0 (compatible; SemrushBot/7~bl; +http://www.semrush.com/bot.html)"
163.215.6.1 - - [19/Nov/2021:08:35:04 +0000] "GET / HTTP/2.0" 200 8372 "-" "Mozilla/5.0 (Windows NT 10.0; Win64; x64) AppleWebKit/537.36 (KHTML, like Gecko) Chrome/96.0.4664.45 Safari/537.36"
163.215.6.1 - - [19/Nov/2021:08:35:04 +0000] "GET /wp-includes/css/dashicons.min.css?ver=5.8.2 HTTP/2.0" 200 36701 "https://ja.tak-cslab.org/" "Mozilla/5.0 (Windows NT 10.0; Win64; x64) AppleWebKit/537.36 (KHTML, like Gecko) Chrome/96.0.4664.45 Safari/537.36"
163.215.6.1 - - [19/Nov/2021:08:35:04 +0000] "GET /wp-includes/css/admin-bar.min.css?ver=5.8.2 HTTP/2.0" 200 4749 "https://ja.tak-cslab.org/" "Mozilla/5.0 (Windows NT 10.0; Win64; x64) AppleWebKit/537.36 (KHTML, like Gecko) Chrome/96.0.4664.45 Safari/537.36"
163.215.6.1 - - [19/Nov/2021:08:35:04 +0000] "GET /wp-includes/css/dist/block-library/style.min.css?ver=5.8.2 HTTP/2.0" 200 13704 "https://ja.tak-cslab.org/" "Mozilla/5.0 (Windows NT 10.0; Win64; x64) AppleWebKit/537.36 (KHTML, like Gecko) Chrome/96.0.4664.45 Safari/537.36"
163.215.6.1 - - [19/Nov/2021:08:35:04 +0000] "GET /wp-content/plugins/wp-statistics/assets/css/frontend.min.css?ver=13.1.2 HTTP/2.0" 200 98 "https://ja.tak-cslab.org/" "Mozilla/5.0 (Windows NT 10.0; Win64; x64) AppleWebKit/537.36 (KHTML, like Gecko) Chrome/96.0.4664.45 Safari/537.36"
163.215.6.1 - - [19/Nov/2021:08:35:04 +0000] "GET /wp-content/themes/scaffold/style.css?ver=5.8.2 HTTP/2.0" 200 5846 "https://ja.tak-cslab.org/" "Mozilla/5.0 (Windows NT 10.0; Win64; x64) AppleWebKit/537.36 (KHTML, like Gecko) Chrome/96.0.4664.45 Safari/537.36"
163.215.6.1 - - [19/Nov/2021:08:35:04 +0000] "GET /wp-content/themes/cdsl/style.css?ver=1.3.1 HTTP/2.0" 200 272 "https://ja.tak-cslab.org/" "Mozilla/5.0 (Windows NT 10.0; Win64; x64) AppleWebKit/537.36 (KHTML, like Gecko) Chrome/96.0.4664.45 Safari/537.36"
163.215.6.1 - - [19/Nov/2021:08:35:04 +0000] "GET /wp-content/plugins/native-lazyload/assets/images/placeholder.svg HTTP/2.0" 200 88 "https://ja.tak-cslab.org/" "Mozilla/5.0 (Windows NT 10.0; Win64; x64) AppleWebKit/537.36 (KHTML, like Gecko) Chrome/96.0.4664.45 Safari/537.36"
163.215.6.1 - - [19/Nov/2021:08:35:04 +0000] "GET /wp-includes/js/hoverintent-js.min.js?ver=2.2.1 HTTP/2.0" 200 738 "https://ja.tak-cslab.org/" "Mozilla/5.0 (Windows NT 10.0; Win64; x64) AppleWebKit/537.36 (KHTML, like Gecko) Chrome/96.0.4664.45 Safari/537.36"
163.215.6.1 - - [19/Nov/2021:08:35:04 +0000] "GET /wp-includes/js/admin-bar.min.js?ver=5.8.2 HTTP/2.0" 200 1461 "https://ja.tak-cslab.org/" "Mozilla/5.0 (Windows NT 10.0; Win64; x64) AppleWebKit/537.36 (KHTML, like Gecko) Chrome/96.0.4664.45 Safari/537.36"
163.215.6.1 - - [19/Nov/2021:08:35:04 +0000] "GET /wp-content/themes/scaffold/assets/js/navigation.js?ver=1.3.1 HTTP/2.0" 200 1266 "https://ja.tak-cslab.org/" "Mozilla/5.0 (Windows NT 10.0; Win64; x64) AppleWebKit/537.36 (KHTML, like Gecko) Chrome/96.0.4664.45 Safari/537.36"
163.215.6.1 - - [19/Nov/2021:08:35:04 +0000] "GET /wp-includes/js/wp-embed.min.js?ver=5.8.2 HTTP/2.0" 200 779 "https://ja.tak-cslab.org/" "Mozilla/5.0 (Windows NT 10.0; Win64; x64) AppleWebKit/537.36 (KHTML, like Gecko) Chrome/96.0.4664.45 Safari/537.36"
163.215.6.1 - - [19/Nov/2021:08:35:04 +0000] "GET /wp-includes/js/wp-emoji-release.min.js?ver=5.8.2 HTTP/2.0" 200 5714 "https://ja.tak-cslab.org/" "Mozilla/5.0 (Windows NT 10.0; Win64; x64) AppleWebKit/537.36 (KHTML, like Gecko) Chrome/96.0.4664.45 Safari/537.36"
185.191.171.38 - - [19/Nov/2021:08:35:05 +0000] "GET /archives/1594 HTTP/1.1" 200 8793 "-" "Mozilla/5.0 (compatible; SemrushBot/7~bl; +http://www.semrush.com/bot.html)"
163.215.6.1 - - [19/Nov/2021:08:35:05 +0000] "GET /wp-content/uploads/2020/01/desk-e1585573956500.png HTTP/2.0" 200 367831 "https://ja.tak-cslab.org/" "Mozilla/5.0 (Windows NT 10.0; Win64; x64) AppleWebKit/537.36 (KHTML, like Gecko) Chrome/96.0.4664.45 Safari/537.36"
163.215.6.1 - - [19/Nov/2021:08:35:05 +0000] "GET /wp-content/uploads/2020/01/iot2-e1585573992906.png HTTP/2.0" 200 439802 "https://ja.tak-cslab.org/" "Mozilla/5.0 (Windows NT 10.0; Win64; x64) AppleWebKit/537.36 (KHTML, like Gecko) Chrome/96.0.4664.45 Safari/537.36"
163.215.6.1 - - [19/Nov/2021:08:35:05 +0000] "GET /wp-content/uploads/2020/01/books-e1585573975658.png HTTP/2.0" 200 549531 "https://ja.tak-cslab.org/" "Mozilla/5.0 (Windows NT 10.0; Win64; x64) AppleWebKit/537.36 (KHTML, like Gecko) Chrome/96.0.4664.45 Safari/537.36"
163.215.6.1 - - [19/Nov/2021:08:35:05 +0000] "GET /wp-content/uploads/2020/01/server-e1585573899521.png HTTP/2.0" 200 426115 "https://ja.tak-cslab.org/" "Mozilla/5.0 (Windows NT 10.0; Win64; x64) AppleWebKit/537.36 (KHTML, like Gecko) Chrome/96.0.4664.45 Safari/537.36"
163.215.6.1 - - [19/Nov/2021:08:35:07 +0000] "GET /tech-report HTTP/2.0" 200 14497 "https://ja.tak-cslab.org/" "Mozilla/5.0 (Windows NT 10.0; Win64; x64) AppleWebKit/537.36 (KHTML, like Gecko) Chrome/96.0.4664.45 Safari/537.36"
163.215.6.1 - - [19/Nov/2021:08:35:11 +0000] "GET /topics/blog HTTP/2.0" 200 15265 "https://ja.tak-cslab.org/tech-report" "Mozilla/5.0 (Windows NT 10.0; Win64; x64) AppleWebKit/537.36 (KHTML, like Gecko) Chrome/96.0.4664.45 Safari/537.36"
163.215.6.1 - - [19/Nov/2021:08:35:16 +0000] "GET /archives/1563 HTTP/2.0" 200 11265 "https://ja.tak-cslab.org/topics/blog" "Mozilla/5.0 (Windows NT 10.0; Win64; x64) AppleWebKit/537.36 (KHTML, like Gecko) Chrome/96.0.4664.45 Safari/537.36"
163.215.6.1 - - [19/Nov/2021:08:35:16 +0000] "GET /wp-includes/js/comment-reply.min.js?ver=5.8.2 HTTP/2.0" 200 1390 "https://ja.tak-cslab.org/archives/1563" "Mozilla/5.0 (Windows NT 10.0; Win64; x64) AppleWebKit/537.36 (KHTML, like Gecko) Chrome/96.0.4664.45 Safari/537.36"
163.215.6.1 - - [19/Nov/2021:08:35:17 +0000] "GET /wp-content/uploads/2021/11/IMG_9095.jpg HTTP/2.0" 200 102456 "https://ja.tak-cslab.org/archives/1563" "Mozilla/5.0 (Windows NT 10.0; Win64; x64) AppleWebKit/537.36 (KHTML, like Gecko) Chrome/96.0.4664.45 Safari/537.36"
163.215.6.1 - - [19/Nov/2021:08:35:17 +0000] "GET /wp-content/uploads/2021/11/IMG_9104-1.jpg HTTP/2.0" 200 105715 "https://ja.tak-cslab.org/archives/1563" "Mozilla/5.0 (Windows NT 10.0; Win64; x64) AppleWebKit/537.36 (KHTML, like Gecko) Chrome/96.0.4664.45 Safari/537.36"
163.215.6.1 - - [19/Nov/2021:08:35:17 +0000] "GET /wp-content/uploads/2021/11/IMG_9145.jpg HTTP/2.0" 200 115779 "https://ja.tak-cslab.org/archives/1563" "Mozilla/5.0 (Windows NT 10.0; Win64; x64) AppleWebKit/537.36 (KHTML, like Gecko) Chrome/96.0.4664.45 Safari/537.36"
163.215.6.1 - - [19/Nov/2021:08:35:17 +0000] "GET /wp-content/uploads/2021/11/IMG_7440-1.jpg HTTP/2.0" 200 90847 "https://ja.tak-cslab.org/archives/1563" "Mozilla/5.0 (Windows NT 10.0; Win64; x64) AppleWebKit/537.36 (KHTML, like Gecko) Chrome/96.0.4664.45 Safari/537.36"
163.215.6.1 - - [19/Nov/2021:08:35:17 +0000] "GET /wp-content/uploads/2021/11/IMG_9147.jpg HTTP/2.0" 200 82384 "https://ja.tak-cslab.org/archives/1563" "Mozilla/5.0 (Windows NT 10.0; Win64; x64) AppleWebKit/537.36 (KHTML, like Gecko) Chrome/96.0.4664.45 Safari/537.36"
163.215.6.1 - - [19/Nov/2021:08:35:17 +0000] "GET /wp-content/uploads/2021/11/IMG_9139-rotated.jpg HTTP/2.0" 200 219714 "https://ja.tak-cslab.org/archives/1563" "Mozilla/5.0 (Windows NT 10.0; Win64; x64) AppleWebKit/537.36 (KHTML, like Gecko) Chrome/96.0.4664.45 Safari/537.36"
163.215.6.1 - - [19/Nov/2021:08:35:17 +0000] "GET /wp-content/uploads/2021/11/IMG_9092.jpg HTTP/2.0" 200 213548 "https://ja.tak-cslab.org/archives/1563" "Mozilla/5.0 (Windows NT 10.0; Win64; x64) AppleWebKit/537.36 (KHTML, like Gecko) Chrome/96.0.4664.45 Safari/537.36"
163.215.6.1 - - [19/Nov/2021:08:35:17 +0000] "GET /wp-content/uploads/2021/11/IMG_9133.jpg HTTP/2.0" 200 245851 "https://ja.tak-cslab.org/archives/1563" "Mozilla/5.0 (Windows NT 10.0; Win64; x64) AppleWebKit/537.36 (KHTML, like Gecko) Chrome/96.0.4664.45 Safari/537.36"
163.215.6.1 - - [19/Nov/2021:08:35:17 +0000] "GET /wp-content/uploads/2021/11/IMG_9138.jpg HTTP/2.0" 200 165097 "https://ja.tak-cslab.org/archives/1563" "Mozilla/5.0 (Windows NT 10.0; Win64; x64) AppleWebKit/537.36 (KHTML, like Gecko) Chrome/96.0.4664.45 Safari/537.36"
163.215.6.1 - - [19/Nov/2021:08:35:17 +0000] "GET /wp-content/uploads/2021/11/IMG_9140.jpg HTTP/2.0" 200 181539 "https://ja.tak-cslab.org/archives/1563" "Mozilla/5.0 (Windows NT 10.0; Win64; x64) AppleWebKit/537.36 (KHTML, like Gecko) Chrome/96.0.4664.45 Safari/537.36"
66.249.79.159 - - [19/Nov/2021:08:37:49 +0000] "GET /archives/1211 HTTP/1.1" 200 7521 "-" "Mozilla/5.0 (compatible; Googlebot/2.1; +http://www.google.com/bot.html)"
216.245.221.83 - - [19/Nov/2021:08:38:08 +0000] "HEAD / HTTP/1.1" 301 0 "http://ja.tak-cslab.org/" "Mozilla/5.0+(compatible; UptimeRobot/2.0; http://www.uptimerobot.com/)"
216.245.221.83 - - [19/Nov/2021:08:38:08 +0000] "HEAD / HTTP/1.1" 200 0 "http://ja.tak-cslab.org/" "Mozilla/5.0+(compatible; UptimeRobot/2.0; http://www.uptimerobot.com/)"
34.206.38.217 - - [19/Nov/2021:08:38:53 +0000] "GET /feed HTTP/1.1" 200 55868 "-" "Automate.io BOT"
216.245.221.83 - - [19/Nov/2021:08:43:08 +0000] "HEAD / HTTP/1.1" 301 0 "http://ja.tak-cslab.org/" "Mozilla/5.0+(compatible; UptimeRobot/2.0; http://www.uptimerobot.com/)"
216.245.221.83 - - [19/Nov/2021:08:43:08 +0000] "HEAD / HTTP/1.1" 200 0 "http://ja.tak-cslab.org/" "Mozilla/5.0+(compatible; UptimeRobot/2.0; http://www.uptimerobot.com/)"
54.164.109.47 - - [19/Nov/2021:08:43:41 +0000] "HEAD /feed HTTP/2.0" 200 0 "-" "Slackbot 1.0 (+https://api.slack.com/robots)"
54.164.109.47 - - [19/Nov/2021:08:43:42 +0000] "GET /feed HTTP/1.1" 200 55861 "-" "Slackbot 1.0 (+https://api.slack.com/robots)"
54.224.226.92 - - [19/Nov/2021:08:43:43 +0000] "GET / HTTP/1.1" 200 6306 "-" "Slackbot 1.0 (+https://api.slack.com/robots)"
34.206.38.217 - - [19/Nov/2021:08:43:52 +0000] "GET /feed HTTP/1.1" 200 55854 "-" "Automate.io BOT"
126.66.103.94 - - [19/Nov/2021:08:46:10 +0000] "GET /about HTTP/2.0" 200 5430 "https://www.google.com/" "Mozilla/5.0 (Windows NT 10.0; Win64; x64) AppleWebKit/537.36 (KHTML, like Gecko) Chrome/96.0.4664.45 Safari/537.36"
126.66.103.94 - - [19/Nov/2021:08:46:10 +0000] "GET /wp-content/themes/cdsl/style.css?ver=1.3.1 HTTP/2.0" 200 272 "https://ja.tak-cslab.org/about" "Mozilla/5.0 (Windows NT 10.0; Win64; x64) AppleWebKit/537.36 (KHTML, like Gecko) Chrome/96.0.4664.45 Safari/537.36"
126.66.103.94 - - [19/Nov/2021:08:46:10 +0000] "GET /wp-content/themes/scaffold/assets/js/navigation.js?ver=1.3.1 HTTP/2.0" 200 1266 "https://ja.tak-cslab.org/about" "Mozilla/5.0 (Windows NT 10.0; Win64; x64) AppleWebKit/537.36 (KHTML, like Gecko) Chrome/96.0.4664.45 Safari/537.36"
126.66.103.94 - - [19/Nov/2021:08:46:10 +0000] "GET /wp-includes/js/wp-embed.min.js?ver=5.8.2 HTTP/2.0" 200 779 "https://ja.tak-cslab.org/about" "Mozilla/5.0 (Windows NT 10.0; Win64; x64) AppleWebKit/537.36 (KHTML, like Gecko) Chrome/96.0.4664.45 Safari/537.36"
126.66.103.94 - - [19/Nov/2021:08:46:10 +0000] "GET /wp-content/themes/scaffold/style.css?ver=5.8.2 HTTP/2.0" 200 5846 "https://ja.tak-cslab.org/about" "Mozilla/5.0 (Windows NT 10.0; Win64; x64) AppleWebKit/537.36 (KHTML, like Gecko) Chrome/96.0.4664.45 Safari/537.36"
126.66.103.94 - - [19/Nov/2021:08:46:10 +0000] "GET /wp-includes/css/dist/block-library/style.min.css?ver=5.8.2 HTTP/2.0" 200 13704 "https://ja.tak-cslab.org/about" "Mozilla/5.0 (Windows NT 10.0; Win64; x64) AppleWebKit/537.36 (KHTML, like Gecko) Chrome/96.0.4664.45 Safari/537.36"
126.66.103.94 - - [19/Nov/2021:08:46:10 +0000] "GET /wp-includes/js/wp-emoji-release.min.js?ver=5.8.2 HTTP/2.0" 200 5714 "https://ja.tak-cslab.org/about" "Mozilla/5.0 (Windows NT 10.0; Win64; x64) AppleWebKit/537.36 (KHTML, like Gecko) Chrome/96.0.4664.45 Safari/537.36"
126.66.103.94 - - [19/Nov/2021:08:46:10 +0000] "GET /favicon.ico HTTP/2.0" 302 0 "https://ja.tak-cslab.org/about" "Mozilla/5.0 (Windows NT 10.0; Win64; x64) AppleWebKit/537.36 (KHTML, like Gecko) Chrome/96.0.4664.45 Safari/537.36"
126.66.103.94 - - [19/Nov/2021:08:46:10 +0000] "GET /wp-includes/images/w-logo-blue-white-bg.png HTTP/2.0" 200 4119 "https://ja.tak-cslab.org/about" "Mozilla/5.0 (Windows NT 10.0; Win64; x64) AppleWebKit/537.36 (KHTML, like Gecko) Chrome/96.0.4664.45 Safari/537.36"
126.66.103.94 - - [19/Nov/2021:08:46:11 +0000] "GET /tech-report HTTP/2.0" 200 12282 "https://ja.tak-cslab.org/about" "Mozilla/5.0 (Windows NT 10.0; Win64; x64) AppleWebKit/537.36 (KHTML, like Gecko) Chrome/96.0.4664.45 Safari/537.36"
126.66.103.94 - - [19/Nov/2021:08:46:11 +0000] "GET /favicon.ico HTTP/2.0" 302 0 "https://ja.tak-cslab.org/tech-report" "Mozilla/5.0 (Windows NT 10.0; Win64; x64) AppleWebKit/537.36 (KHTML, like Gecko) Chrome/96.0.4664.45 Safari/537.36"
216.245.221.83 - - [19/Nov/2021:08:48:08 +0000] "HEAD / HTTP/1.1" 301 0 "http://ja.tak-cslab.org/" "Mozilla/5.0+(compatible; UptimeRobot/2.0; http://www.uptimerobot.com/)"
216.245.221.83 - - [19/Nov/2021:08:48:08 +0000] "HEAD / HTTP/1.1" 200 0 "http://ja.tak-cslab.org/" "Mozilla/5.0+(compatible; UptimeRobot/2.0; http://www.uptimerobot.com/)"
34.206.38.217 - - [19/Nov/2021:08:48:53 +0000] "GET /feed HTTP/1.1" 200 55867 "-" "Automate.io BOT"
91.90.120.14 - - [19/Nov/2021:08:51:07 +0000] "HEAD / HTTP/1.1" 301 0 "-" "-"
91.90.120.14 - - [19/Nov/2021:08:51:08 +0000] "HEAD / HTTP/1.1" 200 0 "-" "python-requests/2.26.0"
216.245.221.83 - - [19/Nov/2021:08:53:08 +0000] "HEAD / HTTP/1.1" 301 0 "http://ja.tak-cslab.org/" "Mozilla/5.0+(compatible; UptimeRobot/2.0; http://www.uptimerobot.com/)"
216.245.221.83 - - [19/Nov/2021:08:53:08 +0000] "HEAD / HTTP/1.1" 200 0 "http://ja.tak-cslab.org/" "Mozilla/5.0+(compatible; UptimeRobot/2.0; http://www.uptimerobot.com/)"
34.206.38.217 - - [19/Nov/2021:08:53:53 +0000] "GET /feed HTTP/1.1" 200 55867 "-" "Automate.io BOT"
40.77.167.30 - - [19/Nov/2021:08:55:26 +0000] "GET /wp-content/uploads/2020/08/image-1-300x242.png HTTP/2.0" 200 54751 "-" "Mozilla/5.0 (compatible; bingbot/2.0; +http://www.bing.com/bingbot.htm)"
216.245.221.83 - - [19/Nov/2021:08:58:08 +0000] "HEAD / HTTP/1.1" 301 0 "http://ja.tak-cslab.org/" "Mozilla/5.0+(compatible; UptimeRobot/2.0; http://www.uptimerobot.com/)"
216.245.221.83 - - [19/Nov/2021:08:58:08 +0000] "HEAD / HTTP/1.1" 200 0 "http://ja.tak-cslab.org/" "Mozilla/5.0+(compatible; UptimeRobot/2.0; http://www.uptimerobot.com/)"
51.222.253.1 - - [19/Nov/2021:08:58:39 +0000] "GET /archives/780 HTTP/2.0" 200 6780 "-" "Mozilla/5.0 (compatible; AhrefsBot/7.0; +http://ahrefs.com/robot/)"
34.206.38.217 - - [19/Nov/2021:08:58:53 +0000] "GET /feed HTTP/1.1" 200 55867 "-" "Automate.io BOT"
216.245.221.83 - - [19/Nov/2021:09:03:08 +0000] "HEAD / HTTP/1.1" 301 0 "http://ja.tak-cslab.org/" "Mozilla/5.0+(compatible; UptimeRobot/2.0; http://www.uptimerobot.com/)"
163.215.6.1 - - [19/Nov/2021:09:03:08 +0000] "POST /wp-cron.php?doing_wp_cron=1637312588.6639211177825927734375 HTTP/1.1" 200 31 "https://ja.tak-cslab.org/wp-cron.php?doing_wp_cron=1637312588.6639211177825927734375" "WordPress/5.8.2; https://ja.tak-cslab.org"
216.245.221.83 - - [19/Nov/2021:09:03:08 +0000] "HEAD / HTTP/1.1" 200 0 "http://ja.tak-cslab.org/" "Mozilla/5.0+(compatible; UptimeRobot/2.0; http://www.uptimerobot.com/)"
3.238.95.149 - - [19/Nov/2021:09:03:39 +0000] "HEAD /feed HTTP/2.0" 200 0 "-" "Slackbot 1.0 (+https://api.slack.com/robots)"
3.88.101.53 - - [19/Nov/2021:09:03:39 +0000] "GET /feed HTTP/1.1" 200 55867 "-" "Slackbot 1.0 (+https://api.slack.com/robots)"
34.239.141.230 - - [19/Nov/2021:09:03:40 +0000] "GET / HTTP/1.1" 200 6312 "-" "Slackbot 1.0 (+https://api.slack.com/robots)"
34.206.38.217 - - [19/Nov/2021:09:03:52 +0000] "GET /feed HTTP/1.1" 200 55861 "-" "Automate.io BOT"
2.57.150.206 - - [19/Nov/2021:09:04:35 +0000] "GET /archives/460/ HTTP/1.0" 301 162 "http://ja.tak-cslab.org/archives/460/" "Mozilla/5.0 (Windows NT 6.3; Win64; x64) AppleWebKit/537.36 (KHTML, like Gecko) Chrome/90.0.4430.93 Safari/537.36"
37.229.244.199 - - [19/Nov/2021:09:04:36 +0000] "GET /archives/460/ HTTP/1.0" 301 0 "https://ja.tak-cslab.org/archives/460/" "Mozilla/5.0 (Windows NT 6.3; Win64; x64) AppleWebKit/537.36 (KHTML, like Gecko) Chrome/90.0.4430.93 Safari/537.36"
37.229.244.199 - - [19/Nov/2021:09:04:37 +0000] "GET /archives/460 HTTP/1.0" 200 27841 "https://ja.tak-cslab.org/archives/460" "Mozilla/5.0 (Windows NT 6.3; Win64; x64) AppleWebKit/537.36 (KHTML, like Gecko) Chrome/90.0.4430.93 Safari/537.36"
216.245.221.83 - - [19/Nov/2021:09:08:08 +0000] "HEAD / HTTP/1.1" 301 0 "http://ja.tak-cslab.org/" "Mozilla/5.0+(compatible; UptimeRobot/2.0; http://www.uptimerobot.com/)"
216.245.221.83 - - [19/Nov/2021:09:08:08 +0000] "HEAD / HTTP/1.1" 200 0 "http://ja.tak-cslab.org/" "Mozilla/5.0+(compatible; UptimeRobot/2.0; http://www.uptimerobot.com/)"
66.249.79.129 - - [19/Nov/2021:09:08:44 +0000] "GET /topics/blog HTTP/1.1" 200 13039 "-" "Mozilla/5.0 (compatible; Googlebot/2.1; +http://www.google.com/bot.html)"
34.206.38.217 - - [19/Nov/2021:09:08:53 +0000] "GET /feed HTTP/1.1" 200 55860 "-" "Automate.io BOT"
37.215.164.159 - - [19/Nov/2021:09:12:27 +0000] "GET /archives/460/ HTTP/1.0" 301 162 "http://ja.tak-cslab.org/archives/460/" "Mozilla/5.0 (Windows NT 6.3; Win64; x64) AppleWebKit/537.36 (KHTML, like Gecko) Chrome/90.0.4430.85 Safari/537.36 Edg/90.0.818.49"
37.215.164.159 - - [19/Nov/2021:09:12:28 +0000] "GET /archives/460/ HTTP/1.0" 301 0 "https://ja.tak-cslab.org/archives/460/" "Mozilla/5.0 (Windows NT 6.3; Win64; x64) AppleWebKit/537.36 (KHTML, like Gecko) Chrome/90.0.4430.85 Safari/537.36 Edg/90.0.818.49"
37.215.164.159 - - [19/Nov/2021:09:12:29 +0000] "GET /archives/460 HTTP/1.0" 200 27841 "https://ja.tak-cslab.org/archives/460" "Mozilla/5.0 (Windows NT 6.3; Win64; x64) AppleWebKit/537.36 (KHTML, like Gecko) Chrome/90.0.4430.85 Safari/537.36 Edg/90.0.818.49"
216.245.221.83 - - [19/Nov/2021:09:13:08 +0000] "HEAD / HTTP/1.1" 301 0 "http://ja.tak-cslab.org/" "Mozilla/5.0+(compatible; UptimeRobot/2.0; http://www.uptimerobot.com/)"
216.245.221.83 - - [19/Nov/2021:09:13:08 +0000] "HEAD / HTTP/1.1" 200 0 "http://ja.tak-cslab.org/" "Mozilla/5.0+(compatible; UptimeRobot/2.0; http://www.uptimerobot.com/)"
34.206.38.217 - - [19/Nov/2021:09:13:53 +0000] "GET /feed HTTP/1.1" 200 55867 "-" "Automate.io BOT"
216.245.221.83 - - [19/Nov/2021:09:18:08 +0000] "HEAD / HTTP/1.1" 301 0 "http://ja.tak-cslab.org/" "Mozilla/5.0+(compatible; UptimeRobot/2.0; http://www.uptimerobot.com/)"
163.215.6.1 - - [19/Nov/2021:09:18:08 +0000] "POST /wp-cron.php?doing_wp_cron=1637313488.6725990772247314453125 HTTP/1.1" 200 31 "https://ja.tak-cslab.org/wp-cron.php?doing_wp_cron=1637313488.6725990772247314453125" "WordPress/5.8.2; https://ja.tak-cslab.org"
216.245.221.83 - - [19/Nov/2021:09:18:08 +0000] "HEAD / HTTP/1.1" 200 0 "http://ja.tak-cslab.org/" "Mozilla/5.0+(compatible; UptimeRobot/2.0; http://www.uptimerobot.com/)"
34.206.38.217 - - [19/Nov/2021:09:18:53 +0000] "GET /feed HTTP/1.1" 200 55867 "-" "Automate.io BOT"
202.32.2.196 - - [19/Nov/2021:09:21:20 +0000] "GET /archives/770 HTTP/2.0" 200 8640 "https://www.google.com/" "Mozilla/5.0 (Macintosh; Intel Mac OS X 10_15_7) AppleWebKit/537.36 (KHTML, like Gecko) Chrome/95.0.4638.69 Safari/537.36"
202.32.2.196 - - [19/Nov/2021:09:21:20 +0000] "GET /wp-content/themes/cdsl/style.css?ver=1.3.1 HTTP/2.0" 200 272 "https://ja.tak-cslab.org/archives/770" "Mozilla/5.0 (Macintosh; Intel Mac OS X 10_15_7) AppleWebKit/537.36 (KHTML, like Gecko) Chrome/95.0.4638.69 Safari/537.36"
202.32.2.196 - - [19/Nov/2021:09:21:20 +0000] "GET /wp-content/themes/scaffold/assets/js/navigation.js?ver=1.3.1 HTTP/2.0" 200 1266 "https://ja.tak-cslab.org/archives/770" "Mozilla/5.0 (Macintosh; Intel Mac OS X 10_15_7) AppleWebKit/537.36 (KHTML, like Gecko) Chrome/95.0.4638.69 Safari/537.36"
202.32.2.196 - - [19/Nov/2021:09:21:20 +0000] "GET /wp-includes/js/comment-reply.min.js?ver=5.8.2 HTTP/2.0" 200 1390 "https://ja.tak-cslab.org/archives/770" "Mozilla/5.0 (Macintosh; Intel Mac OS X 10_15_7) AppleWebKit/537.36 (KHTML, like Gecko) Chrome/95.0.4638.69 Safari/537.36"
202.32.2.196 - - [19/Nov/2021:09:21:20 +0000] "GET /wp-includes/js/wp-embed.min.js?ver=5.8.2 HTTP/2.0" 200 779 "https://ja.tak-cslab.org/archives/770" "Mozilla/5.0 (Macintosh; Intel Mac OS X 10_15_7) AppleWebKit/537.36 (KHTML, like Gecko) Chrome/95.0.4638.69 Safari/537.36"
202.32.2.196 - - [19/Nov/2021:09:21:20 +0000] "GET /wp-content/themes/scaffold/style.css?ver=5.8.2 HTTP/2.0" 200 5846 "https://ja.tak-cslab.org/archives/770" "Mozilla/5.0 (Macintosh; Intel Mac OS X 10_15_7) AppleWebKit/537.36 (KHTML, like Gecko) Chrome/95.0.4638.69 Safari/537.36"
202.32.2.196 - - [19/Nov/2021:09:21:20 +0000] "GET /wp-includes/css/dist/block-library/style.min.css?ver=5.8.2 HTTP/2.0" 200 13704 "https://ja.tak-cslab.org/archives/770" "Mozilla/5.0 (Macintosh; Intel Mac OS X 10_15_7) AppleWebKit/537.36 (KHTML, like Gecko) Chrome/95.0.4638.69 Safari/537.36"
202.32.2.196 - - [19/Nov/2021:09:21:20 +0000] "GET /wp-includes/js/wp-emoji-release.min.js?ver=5.8.2 HTTP/2.0" 200 5714 "https://ja.tak-cslab.org/archives/770" "Mozilla/5.0 (Macintosh; Intel Mac OS X 10_15_7) AppleWebKit/537.36 (KHTML, like Gecko) Chrome/95.0.4638.69 Safari/537.36"
202.32.2.196 - - [19/Nov/2021:09:21:20 +0000] "GET /wp-content/plugins/native-lazyload/assets/images/placeholder.svg HTTP/2.0" 200 88 "https://ja.tak-cslab.org/archives/770" "Mozilla/5.0 (Macintosh; Intel Mac OS X 10_15_7) AppleWebKit/537.36 (KHTML, like Gecko) Chrome/95.0.4638.69 Safari/537.36"
202.32.2.196 - - [19/Nov/2021:09:21:20 +0000] "GET /favicon.ico HTTP/2.0" 302 0 "https://ja.tak-cslab.org/archives/770" "Mozilla/5.0 (Macintosh; Intel Mac OS X 10_15_7) AppleWebKit/537.36 (KHTML, like Gecko) Chrome/95.0.4638.69 Safari/537.36"
202.32.2.196 - - [19/Nov/2021:09:21:20 +0000] "GET /wp-includes/images/w-logo-blue-white-bg.png HTTP/2.0" 200 4119 "https://ja.tak-cslab.org/archives/770" "Mozilla/5.0 (Macintosh; Intel Mac OS X 10_15_7) AppleWebKit/537.36 (KHTML, like Gecko) Chrome/95.0.4638.69 Safari/537.36"
66.249.79.158 - - [19/Nov/2021:09:22:49 +0000] "GET /archives/1594/feed HTTP/1.1" 200 839 "-" "Mozilla/5.0 (Linux; Android 6.0.1; Nexus 5X Build/MMB29P) AppleWebKit/537.36 (KHTML, like Gecko) Chrome/96.0.4664.45 Mobile Safari/537.36 (compatible; Googlebot/2.1; +http://www.google.com/bot.html)"
216.245.221.83 - - [19/Nov/2021:09:23:08 +0000] "HEAD / HTTP/1.1" 301 0 "http://ja.tak-cslab.org/" "Mozilla/5.0+(compatible; UptimeRobot/2.0; http://www.uptimerobot.com/)"
216.245.221.83 - - [19/Nov/2021:09:23:08 +0000] "HEAD / HTTP/1.1" 200 0 "http://ja.tak-cslab.org/" "Mozilla/5.0+(compatible; UptimeRobot/2.0; http://www.uptimerobot.com/)"
3.235.65.157 - - [19/Nov/2021:09:23:44 +0000] "HEAD /feed HTTP/2.0" 200 0 "-" "Slackbot 1.0 (+https://api.slack.com/robots)"
34.230.22.164 - - [19/Nov/2021:09:23:45 +0000] "GET /feed HTTP/1.1" 200 55867 "-" "Slackbot 1.0 (+https://api.slack.com/robots)"
3.83.216.176 - - [19/Nov/2021:09:23:46 +0000] "GET / HTTP/1.1" 200 6312 "-" "Slackbot 1.0 (+https://api.slack.com/robots)"
34.206.38.217 - - [19/Nov/2021:09:23:53 +0000] "GET /feed HTTP/1.1" 200 55867 "-" "Automate.io BOT"
40.77.167.99 - - [19/Nov/2021:09:26:52 +0000] "GET /robots.txt HTTP/2.0" 200 112 "-" "Mozilla/5.0 (compatible; bingbot/2.0; +http://www.bing.com/bingbot.htm)"
207.46.13.25 - - [19/Nov/2021:09:26:52 +0000] "GET /archives/653 HTTP/2.0" 200 7039 "-" "Mozilla/5.0 (compatible; bingbot/2.0; +http://www.bing.com/bingbot.htm)"
40.77.167.99 - - [19/Nov/2021:09:26:52 +0000] "GET /robots.txt HTTP/2.0" 200 112 "-" "Mozilla/5.0 (compatible; bingbot/2.0; +http://www.bing.com/bingbot.htm)"
40.77.167.30 - - [19/Nov/2021:09:27:10 +0000] "GET /wp-content/themes/scaffold/assets/js/navigation.js?ver=1.3.1 HTTP/2.0" 200 1266 "-" "Mozilla/5.0 (compatible; bingbot/2.0; +http://www.bing.com/bingbot.htm)"
216.245.221.83 - - [19/Nov/2021:09:28:08 +0000] "HEAD / HTTP/1.1" 301 0 "http://ja.tak-cslab.org/" "Mozilla/5.0+(compatible; UptimeRobot/2.0; http://www.uptimerobot.com/)"
216.245.221.83 - - [19/Nov/2021:09:28:08 +0000] "HEAD / HTTP/1.1" 200 0 "http://ja.tak-cslab.org/" "Mozilla/5.0+(compatible; UptimeRobot/2.0; http://www.uptimerobot.com/)"
34.206.38.217 - - [19/Nov/2021:09:28:53 +0000] "GET /feed HTTP/1.1" 200 55868 "-" "Automate.io BOT"
207.46.13.25 - - [19/Nov/2021:09:29:32 +0000] "GET /archives/827 HTTP/2.0" 200 6031 "-" "Mozilla/5.0 (compatible; bingbot/2.0; +http://www.bing.com/bingbot.htm)"
216.245.221.83 - - [19/Nov/2021:09:33:08 +0000] "HEAD / HTTP/1.1" 301 0 "http://ja.tak-cslab.org/" "Mozilla/5.0+(compatible; UptimeRobot/2.0; http://www.uptimerobot.com/)"
216.245.221.83 - - [19/Nov/2021:09:33:08 +0000] "HEAD / HTTP/1.1" 200 0 "http://ja.tak-cslab.org/" "Mozilla/5.0+(compatible; UptimeRobot/2.0; http://www.uptimerobot.com/)"
34.206.38.217 - - [19/Nov/2021:09:33:53 +0000] "GET /feed HTTP/1.1" 200 55868 "-" "Automate.io BOT"
216.245.221.83 - - [19/Nov/2021:09:38:08 +0000] "HEAD / HTTP/1.1" 301 0 "http://ja.tak-cslab.org/" "Mozilla/5.0+(compatible; UptimeRobot/2.0; http://www.uptimerobot.com/)"
216.245.221.83 - - [19/Nov/2021:09:38:08 +0000] "HEAD / HTTP/1.1" 200 0 "http://ja.tak-cslab.org/" "Mozilla/5.0+(compatible; UptimeRobot/2.0; http://www.uptimerobot.com/)"
34.206.38.217 - - [19/Nov/2021:09:38:53 +0000] "GET /feed HTTP/1.1" 200 55867 "-" "Automate.io BOT"
216.245.221.83 - - [19/Nov/2021:09:43:08 +0000] "HEAD / HTTP/1.1" 301 0 "http://ja.tak-cslab.org/" "Mozilla/5.0+(compatible; UptimeRobot/2.0; http://www.uptimerobot.com/)"
216.245.221.83 - - [19/Nov/2021:09:43:08 +0000] "HEAD / HTTP/1.1" 200 0 "http://ja.tak-cslab.org/" "Mozilla/5.0+(compatible; UptimeRobot/2.0; http://www.uptimerobot.com/)"
54.197.164.189 - - [19/Nov/2021:09:43:41 +0000] "HEAD /feed HTTP/2.0" 200 0 "-" "Slackbot 1.0 (+https://api.slack.com/robots)"
54.158.252.131 - - [19/Nov/2021:09:43:41 +0000] "GET /feed HTTP/1.1" 200 55867 "-" "Slackbot 1.0 (+https://api.slack.com/robots)"
52.54.163.134 - - [19/Nov/2021:09:43:42 +0000] "GET / HTTP/1.1" 200 6312 "-" "Slackbot 1.0 (+https://api.slack.com/robots)"
34.206.38.217 - - [19/Nov/2021:09:43:53 +0000] "GET /feed HTTP/1.1" 200 55860 "-" "Automate.io BOT"
216.245.221.83 - - [19/Nov/2021:09:48:08 +0000] "HEAD / HTTP/1.1" 301 0 "http://ja.tak-cslab.org/" "Mozilla/5.0+(compatible; UptimeRobot/2.0; http://www.uptimerobot.com/)"
216.245.221.83 - - [19/Nov/2021:09:48:08 +0000] "HEAD / HTTP/1.1" 200 0 "http://ja.tak-cslab.org/" "Mozilla/5.0+(compatible; UptimeRobot/2.0; http://www.uptimerobot.com/)"
34.206.38.217 - - [19/Nov/2021:09:48:53 +0000] "GET /feed HTTP/1.1" 200 55868 "-" "Automate.io BOT"
185.191.171.5 - - [19/Nov/2021:09:49:47 +0000] "GET /robots.txt HTTP/1.1" 200 123 "-" "Mozilla/5.0 (compatible; SemrushBot/7~bl; +http://www.semrush.com/bot.html)"
185.191.171.37 - - [19/Nov/2021:09:49:48 +0000] "GET /?page_id=131 HTTP/1.1" 301 5 "-" "Mozilla/5.0 (compatible; SemrushBot/7~bl; +http://www.semrush.com/bot.html)"
185.191.171.22 - - [19/Nov/2021:09:49:50 +0000] "GET /about/member HTTP/1.1" 200 6617 "-" "Mozilla/5.0 (compatible; SemrushBot/7~bl; +http://www.semrush.com/bot.html)"
216.245.221.83 - - [19/Nov/2021:09:53:08 +0000] "HEAD / HTTP/1.1" 301 0 "http://ja.tak-cslab.org/" "Mozilla/5.0+(compatible; UptimeRobot/2.0; http://www.uptimerobot.com/)"
216.245.221.83 - - [19/Nov/2021:09:53:08 +0000] "HEAD / HTTP/1.1" 200 0 "http://ja.tak-cslab.org/" "Mozilla/5.0+(compatible; UptimeRobot/2.0; http://www.uptimerobot.com/)"
34.206.38.217 - - [19/Nov/2021:09:53:53 +0000] "GET /feed HTTP/1.1" 200 55867 "-" "Automate.io BOT"
216.245.221.83 - - [19/Nov/2021:09:58:09 +0000] "HEAD / HTTP/1.1" 301 0 "http://ja.tak-cslab.org/" "Mozilla/5.0+(compatible; UptimeRobot/2.0; http://www.uptimerobot.com/)"
216.245.221.83 - - [19/Nov/2021:09:58:10 +0000] "HEAD / HTTP/1.1" 200 0 "http://ja.tak-cslab.org/" "Mozilla/5.0+(compatible; UptimeRobot/2.0; http://www.uptimerobot.com/)"
34.206.38.217 - - [19/Nov/2021:09:58:53 +0000] "GET /feed HTTP/1.1" 200 55867 "-" "Automate.io BOT"
216.245.221.83 - - [19/Nov/2021:10:03:08 +0000] "HEAD / HTTP/1.1" 301 0 "http://ja.tak-cslab.org/" "Mozilla/5.0+(compatible; UptimeRobot/2.0; http://www.uptimerobot.com/)"
163.215.6.1 - - [19/Nov/2021:10:03:08 +0000] "POST /wp-cron.php?doing_wp_cron=1637316188.7256510257720947265625 HTTP/1.1" 200 31 "https://ja.tak-cslab.org/wp-cron.php?doing_wp_cron=1637316188.7256510257720947265625" "WordPress/5.8.2; https://ja.tak-cslab.org"
216.245.221.83 - - [19/Nov/2021:10:03:08 +0000] "HEAD / HTTP/1.1" 200 0 "http://ja.tak-cslab.org/" "Mozilla/5.0+(compatible; UptimeRobot/2.0; http://www.uptimerobot.com/)"
3.238.73.240 - - [19/Nov/2021:10:03:44 +0000] "HEAD /feed HTTP/2.0" 200 0 "-" "Slackbot 1.0 (+https://api.slack.com/robots)"
18.233.158.227 - - [19/Nov/2021:10:03:44 +0000] "GET /feed HTTP/1.1" 200 55867 "-" "Slackbot 1.0 (+https://api.slack.com/robots)"
34.204.108.15 - - [19/Nov/2021:10:03:46 +0000] "GET / HTTP/1.1" 200 6312 "-" "Slackbot 1.0 (+https://api.slack.com/robots)"
34.206.38.217 - - [19/Nov/2021:10:03:53 +0000] "GET /feed HTTP/1.1" 200 55860 "-" "Automate.io BOT"
216.245.221.83 - - [19/Nov/2021:10:08:08 +0000] "HEAD / HTTP/1.1" 301 0 "http://ja.tak-cslab.org/" "Mozilla/5.0+(compatible; UptimeRobot/2.0; http://www.uptimerobot.com/)"
216.245.221.83 - - [19/Nov/2021:10:08:08 +0000] "HEAD / HTTP/1.1" 200 0 "http://ja.tak-cslab.org/" "Mozilla/5.0+(compatible; UptimeRobot/2.0; http://www.uptimerobot.com/)"
34.206.38.217 - - [19/Nov/2021:10:08:53 +0000] "GET /feed HTTP/1.1" 200 55868 "-" "Automate.io BOT"
216.245.221.83 - - [19/Nov/2021:10:13:08 +0000] "HEAD / HTTP/1.1" 301 0 "http://ja.tak-cslab.org/" "Mozilla/5.0+(compatible; UptimeRobot/2.0; http://www.uptimerobot.com/)"
216.245.221.83 - - [19/Nov/2021:10:13:08 +0000] "HEAD / HTTP/1.1" 200 0 "http://ja.tak-cslab.org/" "Mozilla/5.0+(compatible; UptimeRobot/2.0; http://www.uptimerobot.com/)"
34.206.38.217 - - [19/Nov/2021:10:13:53 +0000] "GET /feed HTTP/1.1" 200 55867 "-" "Automate.io BOT"
216.245.221.83 - - [19/Nov/2021:10:18:08 +0000] "HEAD / HTTP/1.1" 301 0 "http://ja.tak-cslab.org/" "Mozilla/5.0+(compatible; UptimeRobot/2.0; http://www.uptimerobot.com/)"
