94.181.44.79 - - [26/Nov/2021:09:19:35 +0000] "GET /archives/460/ HTTP/1.0" 301 162 "http://ja.tak-cslab.org/archives/460/" "Mozilla/5.0 (Windows NT 6.1) AppleWebKit/537.36 (KHTML, like Gecko) Chrome/90.0.4430.72 Safari/537.36"
94.181.44.79 - - [26/Nov/2021:09:19:36 +0000] "GET /archives/460/ HTTP/1.0" 301 0 "https://ja.tak-cslab.org/archives/460/" "Mozilla/5.0 (Windows NT 6.1) AppleWebKit/537.36 (KHTML, like Gecko) Chrome/90.0.4430.72 Safari/537.36"
94.181.44.79 - - [26/Nov/2021:09:19:37 +0000] "GET /archives/460 HTTP/1.0" 200 27841 "https://ja.tak-cslab.org/archives/460" "Mozilla/5.0 (Windows NT 6.1) AppleWebKit/537.36 (KHTML, like Gecko) Chrome/90.0.4430.72 Safari/537.36"
40.77.167.53 - - [26/Nov/2021:09:20:35 +0000] "GET /tags/nas HTTP/2.0" 200 6641 "-" "Mozilla/5.0 (compatible; bingbot/2.0; +http://www.bing.com/bingbot.htm)"
216.245.221.83 - - [26/Nov/2021:09:22:27 +0000] "HEAD / HTTP/1.1" 301 0 "http://ja.tak-cslab.org/" "Mozilla/5.0+(compatible; UptimeRobot/2.0; http://www.uptimerobot.com/)"
216.245.221.83 - - [26/Nov/2021:09:22:27 +0000] "HEAD / HTTP/1.1" 200 0 "http://ja.tak-cslab.org/" "Mozilla/5.0+(compatible; UptimeRobot/2.0; http://www.uptimerobot.com/)"
34.206.38.217 - - [26/Nov/2021:09:23:33 +0000] "GET /feed HTTP/1.1" 200 55860 "-" "Automate.io BOT"
207.46.13.41 - - [26/Nov/2021:09:27:14 +0000] "GET /wp-content/uploads/2020/09/Screen-Shot-2020-09-09-at-16.04.25-768x547.png HTTP/2.0" 200 117290 "-" "Mozilla/5.0 (compatible; bingbot/2.0; +http://www.bing.com/bingbot.htm)"
216.245.221.83 - - [26/Nov/2021:09:27:27 +0000] "HEAD / HTTP/1.1" 301 0 "http://ja.tak-cslab.org/" "Mozilla/5.0+(compatible; UptimeRobot/2.0; http://www.uptimerobot.com/)"
216.245.221.83 - - [26/Nov/2021:09:27:27 +0000] "HEAD / HTTP/1.1" 200 0 "http://ja.tak-cslab.org/" "Mozilla/5.0+(compatible; UptimeRobot/2.0; http://www.uptimerobot.com/)"
34.206.38.217 - - [26/Nov/2021:09:28:33 +0000] "GET /feed HTTP/1.1" 200 55867 "-" "Automate.io BOT"
216.245.221.83 - - [26/Nov/2021:09:32:27 +0000] "HEAD / HTTP/1.1" 301 0 "http://ja.tak-cslab.org/" "Mozilla/5.0+(compatible; UptimeRobot/2.0; http://www.uptimerobot.com/)"
216.245.221.83 - - [26/Nov/2021:09:32:27 +0000] "HEAD / HTTP/1.1" 200 0 "http://ja.tak-cslab.org/" "Mozilla/5.0+(compatible; UptimeRobot/2.0; http://www.uptimerobot.com/)"
34.206.38.217 - - [26/Nov/2021:09:33:33 +0000] "GET /feed HTTP/1.1" 200 55867 "-" "Automate.io BOT"
3.81.149.207 - - [26/Nov/2021:09:33:42 +0000] "HEAD /feed HTTP/2.0" 200 0 "-" "Slackbot 1.0 (+https://api.slack.com/robots)"
52.55.54.52 - - [26/Nov/2021:09:33:43 +0000] "GET /feed HTTP/1.1" 200 55861 "-" "Slackbot 1.0 (+https://api.slack.com/robots)"
54.237.215.39 - - [26/Nov/2021:09:33:45 +0000] "GET / HTTP/1.1" 200 6312 "-" "Slackbot 1.0 (+https://api.slack.com/robots)"
94.181.165.3 - - [26/Nov/2021:09:34:28 +0000] "GET /archives/460/ HTTP/1.0" 301 162 "http://ja.tak-cslab.org/archives/460/" "Mozilla/5.0 (Windows NT 10.0; WOW64) AppleWebKit/537.36 (KHTML, like Gecko) Chrome/90.0.4400.8 Safari/537.36"
94.181.165.3 - - [26/Nov/2021:09:34:29 +0000] "GET /archives/460/ HTTP/1.0" 301 0 "https://ja.tak-cslab.org/archives/460/" "Mozilla/5.0 (Windows NT 10.0; WOW64) AppleWebKit/537.36 (KHTML, like Gecko) Chrome/90.0.4400.8 Safari/537.36"
94.181.165.3 - - [26/Nov/2021:09:34:30 +0000] "GET /archives/460 HTTP/1.0" 200 27841 "https://ja.tak-cslab.org/archives/460" "Mozilla/5.0 (Windows NT 10.0; WOW64) AppleWebKit/537.36 (KHTML, like Gecko) Chrome/90.0.4400.8 Safari/537.36"
66.249.64.18 - - [26/Nov/2021:09:36:17 +0000] "GET /archives/653 HTTP/1.1" 200 7058 "-" "Mozilla/5.0 (compatible; Googlebot/2.1; +http://www.google.com/bot.html)"
216.245.221.83 - - [26/Nov/2021:09:37:27 +0000] "HEAD / HTTP/1.1" 301 0 "http://ja.tak-cslab.org/" "Mozilla/5.0+(compatible; UptimeRobot/2.0; http://www.uptimerobot.com/)"
216.245.221.83 - - [26/Nov/2021:09:37:27 +0000] "HEAD / HTTP/1.1" 200 0 "http://ja.tak-cslab.org/" "Mozilla/5.0+(compatible; UptimeRobot/2.0; http://www.uptimerobot.com/)"
34.206.38.217 - - [26/Nov/2021:09:38:33 +0000] "GET /feed HTTP/1.1" 200 55860 "-" "Automate.io BOT"
54.218.249.168 - - [26/Nov/2021:09:39:26 +0000] "GET / HTTP/1.1" 200 22053 "-" "Mozilla/5.0 (Windows NT 6.1; Win64; x64) AppleWebKit/537.36 (KHTML, like Gecko) Chrome/72.0.3626.109 Safari/537.36"
216.244.66.230 - - [26/Nov/2021:09:41:55 +0000] "GET /robots.txt HTTP/1.1" 301 162 "-" "Mozilla/5.0 (compatible; DotBot/1.2; +https://opensiteexplorer.org/dotbot; help@moz.com)"
216.244.66.230 - - [26/Nov/2021:09:41:55 +0000] "GET /robots.txt HTTP/1.1" 200 128 "-" "Mozilla/5.0 (compatible; DotBot/1.2; +https://opensiteexplorer.org/dotbot; help@moz.com)"
216.245.221.83 - - [26/Nov/2021:09:42:27 +0000] "HEAD / HTTP/1.1" 301 0 "http://ja.tak-cslab.org/" "Mozilla/5.0+(compatible; UptimeRobot/2.0; http://www.uptimerobot.com/)"
216.245.221.83 - - [26/Nov/2021:09:42:27 +0000] "HEAD / HTTP/1.1" 200 0 "http://ja.tak-cslab.org/" "Mozilla/5.0+(compatible; UptimeRobot/2.0; http://www.uptimerobot.com/)"
34.206.38.217 - - [26/Nov/2021:09:43:33 +0000] "GET /feed HTTP/1.1" 200 55860 "-" "Automate.io BOT"
66.249.64.19 - - [26/Nov/2021:09:44:05 +0000] "GET /topics/blog HTTP/1.1" 200 13039 "-" "Mozilla/5.0 (compatible; Googlebot/2.1; +http://www.google.com/bot.html)"
150.66.79.197 - - [26/Nov/2021:09:45:22 +0000] "GET / HTTP/2.0" 200 6293 "-" "Mozilla/5.0 (iPhone; CPU iPhone OS 15_0_2 like Mac OS X) AppleWebKit/605.1.15 (KHTML, like Gecko) FxiOS/39.0  Mobile/15E148 Safari/605.1.15"
150.66.79.197 - - [26/Nov/2021:09:45:28 +0000] "GET /?s=HDD HTTP/2.0" 200 6035 "https://ja.tak-cslab.org/" "Mozilla/5.0 (iPhone; CPU iPhone OS 15_0_2 like Mac OS X) AppleWebKit/605.1.15 (KHTML, like Gecko) FxiOS/39.0  Mobile/15E148 Safari/605.1.15"
150.66.79.197 - - [26/Nov/2021:09:45:29 +0000] "GET /wp-content/uploads/2020/09/20200925_200925_0-1-600x450.jpg HTTP/2.0" 200 44810 "https://ja.tak-cslab.org/?s=HDD" "Mozilla/5.0 (iPhone; CPU iPhone OS 15_0_2 like Mac OS X) AppleWebKit/605.1.15 (KHTML, like Gecko) FxiOS/39.0  Mobile/15E148 Safari/605.1.15"
150.66.79.197 - - [26/Nov/2021:09:45:29 +0000] "GET /wp-content/uploads/2020/09/20200925_200925_0-1-1024x768.jpg HTTP/2.0" 200 98940 "https://ja.tak-cslab.org/?s=HDD" "Mozilla/5.0 (iPhone; CPU iPhone OS 15_0_2 like Mac OS X) AppleWebKit/605.1.15 (KHTML, like Gecko) FxiOS/39.0  Mobile/15E148 Safari/605.1.15"
150.66.79.197 - - [26/Nov/2021:09:45:31 +0000] "GET /archives/606 HTTP/2.0" 200 11297 "https://ja.tak-cslab.org/?s=HDD" "Mozilla/5.0 (iPhone; CPU iPhone OS 15_0_2 like Mac OS X) AppleWebKit/605.1.15 (KHTML, like Gecko) FxiOS/39.0  Mobile/15E148 Safari/605.1.15"
150.66.79.197 - - [26/Nov/2021:09:45:31 +0000] "GET /wp-includes/js/comment-reply.min.js?ver=5.8.2 HTTP/2.0" 200 1390 "https://ja.tak-cslab.org/archives/606" "Mozilla/5.0 (iPhone; CPU iPhone OS 15_0_2 like Mac OS X) AppleWebKit/605.1.15 (KHTML, like Gecko) FxiOS/39.0  Mobile/15E148 Safari/605.1.15"
150.66.79.197 - - [26/Nov/2021:09:45:31 +0000] "GET /2a9a7912-132f-455a-ba3e-e646218e3b66 HTTP/2.0" 404 5316 "https://ja.tak-cslab.org/archives/606" "Mozilla/5.0 (iPhone; CPU iPhone OS 15_0_2 like Mac OS X) AppleWebKit/605.1.15 (KHTML, like Gecko) FxiOS/39.0  Mobile/15E148 Safari/605.1.15"
150.66.79.197 - - [26/Nov/2021:09:45:31 +0000] "GET /wp-content/uploads/2020/09/Screen-Shot-2020-09-09-at-14.24.13-1024x638.png HTTP/2.0" 200 272074 "https://ja.tak-cslab.org/archives/606" "Mozilla/5.0 (iPhone; CPU iPhone OS 15_0_2 like Mac OS X) AppleWebKit/605.1.15 (KHTML, like Gecko) FxiOS/39.0  Mobile/15E148 Safari/605.1.15"
150.66.79.197 - - [26/Nov/2021:09:45:32 +0000] "GET /wp-content/uploads/2020/09/Screen-Shot-2020-09-09-at-14.27.04-1024x767.png HTTP/2.0" 200 458420 "https://ja.tak-cslab.org/archives/606" "Mozilla/5.0 (iPhone; CPU iPhone OS 15_0_2 like Mac OS X) AppleWebKit/605.1.15 (KHTML, like Gecko) FxiOS/39.0  Mobile/15E148 Safari/605.1.15"
150.66.79.197 - - [26/Nov/2021:09:45:32 +0000] "GET /archives/favicon.ico HTTP/2.0" 404 5316 "-" "Mozilla/5.0 (iPhone; CPU iPhone OS 15_0_2 like Mac OS X) AppleWebKit/605.1.15 (KHTML, like Gecko) FxiOS/39.0  Mobile/15E148 Safari/605.1.15"
150.66.79.197 - - [26/Nov/2021:09:45:32 +0000] "GET /archives/favicon.ico HTTP/2.0" 404 5316 "-" "Mozilla/5.0 (iPhone; CPU iPhone OS 15_0_2 like Mac OS X) AppleWebKit/605.1.15 (KHTML, like Gecko) FxiOS/39.0  Mobile/15E148 Safari/605.1.15"
150.66.79.197 - - [26/Nov/2021:09:45:33 +0000] "GET /archives/606 HTTP/2.0" 200 11297 "https://ja.tak-cslab.org/?s=HDD" "Mozilla/5.0 (iPhone; CPU iPhone OS 15_0_2 like Mac OS X) AppleWebKit/605.1.15 (KHTML, like Gecko) FxiOS/39.0  Mobile/15E148 Safari/605.1.15"
150.66.79.197 - - [26/Nov/2021:09:45:34 +0000] "GET /archives/606 HTTP/2.0" 200 11297 "https://ja.tak-cslab.org/?s=HDD" "Mozilla/5.0 (iPhone; CPU iPhone OS 15_0_2 like Mac OS X) AppleWebKit/605.1.15 (KHTML, like Gecko) FxiOS/39.0  Mobile/15E148 Safari/605.1.15"
150.66.79.197 - - [26/Nov/2021:09:45:36 +0000] "GET /archives/606 HTTP/2.0" 200 11297 "https://ja.tak-cslab.org/?s=HDD" "Mozilla/5.0 (iPhone; CPU iPhone OS 15_0_2 like Mac OS X) AppleWebKit/605.1.15 (KHTML, like Gecko) FxiOS/39.0  Mobile/15E148 Safari/605.1.15"
150.66.79.197 - - [26/Nov/2021:09:45:40 +0000] "GET /archives/606 HTTP/2.0" 200 11297 "https://ja.tak-cslab.org/?s=HDD" "Mozilla/5.0 (iPhone; CPU iPhone OS 15_0_2 like Mac OS X) AppleWebKit/605.1.15 (KHTML, like Gecko) FxiOS/39.0  Mobile/15E148 Safari/605.1.15"
150.66.79.197 - - [26/Nov/2021:09:45:40 +0000] "GET /archives/favicon.ico HTTP/2.0" 404 5316 "-" "Mozilla/5.0 (iPhone; CPU iPhone OS 15_0_2 like Mac OS X) AppleWebKit/605.1.15 (KHTML, like Gecko) FxiOS/39.0  Mobile/15E148 Safari/605.1.15"
150.66.79.197 - - [26/Nov/2021:09:45:41 +0000] "GET /wp-content/uploads/2020/09/Screen-Shot-2020-09-09-at-14.24.13-1024x638.png HTTP/2.0" 200 272074 "https://ja.tak-cslab.org/archives/606" "Mozilla/5.0 (iPhone; CPU iPhone OS 15_0_2 like Mac OS X) AppleWebKit/605.1.15 (KHTML, like Gecko) FxiOS/39.0  Mobile/15E148 Safari/605.1.15"
150.66.79.197 - - [26/Nov/2021:09:45:41 +0000] "GET /2a9a7912-132f-455a-ba3e-e646218e3b66 HTTP/2.0" 404 5316 "https://ja.tak-cslab.org/archives/606" "Mozilla/5.0 (iPhone; CPU iPhone OS 15_0_2 like Mac OS X) AppleWebKit/605.1.15 (KHTML, like Gecko) FxiOS/39.0  Mobile/15E148 Safari/605.1.15"
150.66.79.197 - - [26/Nov/2021:09:45:42 +0000] "GET /wp-content/uploads/2020/09/Screen-Shot-2020-09-09-at-14.27.04-1024x767.png HTTP/2.0" 200 458420 "https://ja.tak-cslab.org/archives/606" "Mozilla/5.0 (iPhone; CPU iPhone OS 15_0_2 like Mac OS X) AppleWebKit/605.1.15 (KHTML, like Gecko) FxiOS/39.0  Mobile/15E148 Safari/605.1.15"
150.66.79.197 - - [26/Nov/2021:09:45:45 +0000] "GET /wp-content/uploads/2020/09/Screen-Shot-2020-09-09-at-14.27.39-1024x752.png HTTP/2.0" 200 374177 "https://ja.tak-cslab.org/archives/606" "Mozilla/5.0 (iPhone; CPU iPhone OS 15_0_2 like Mac OS X) AppleWebKit/605.1.15 (KHTML, like Gecko) FxiOS/39.0  Mobile/15E148 Safari/605.1.15"
150.66.79.197 - - [26/Nov/2021:09:45:48 +0000] "GET /wp-content/uploads/2020/09/Screen-Shot-2020-09-09-at-14.28.38-1024x668.png HTTP/2.0" 200 281217 "https://ja.tak-cslab.org/archives/606" "Mozilla/5.0 (iPhone; CPU iPhone OS 15_0_2 like Mac OS X) AppleWebKit/605.1.15 (KHTML, like Gecko) FxiOS/39.0  Mobile/15E148 Safari/605.1.15"
150.66.79.197 - - [26/Nov/2021:09:45:55 +0000] "GET /wp-content/uploads/2020/09/Screen-Shot-2020-09-09-at-14.29.23-1024x587.png HTTP/2.0" 200 253756 "https://ja.tak-cslab.org/archives/606" "Mozilla/5.0 (iPhone; CPU iPhone OS 15_0_2 like Mac OS X) AppleWebKit/605.1.15 (KHTML, like Gecko) FxiOS/39.0  Mobile/15E148 Safari/605.1.15"
150.66.79.197 - - [26/Nov/2021:09:45:56 +0000] "GET /wp-content/uploads/2020/09/Screen-Shot-2020-09-09-at-14.31.27-1024x733.png HTTP/2.0" 200 195229 "https://ja.tak-cslab.org/archives/606" "Mozilla/5.0 (iPhone; CPU iPhone OS 15_0_2 like Mac OS X) AppleWebKit/605.1.15 (KHTML, like Gecko) FxiOS/39.0  Mobile/15E148 Safari/605.1.15"
150.66.79.197 - - [26/Nov/2021:09:45:57 +0000] "GET /wp-content/uploads/2020/09/Screen-Shot-2020-09-09-at-14.34.26-1024x699.png HTTP/2.0" 200 326235 "https://ja.tak-cslab.org/archives/606" "Mozilla/5.0 (iPhone; CPU iPhone OS 15_0_2 like Mac OS X) AppleWebKit/605.1.15 (KHTML, like Gecko) FxiOS/39.0  Mobile/15E148 Safari/605.1.15"
150.66.79.197 - - [26/Nov/2021:09:45:59 +0000] "GET /wp-content/uploads/2020/09/Screen-Shot-2020-09-09-at-14.39.13-1024x912.png HTTP/2.0" 200 219212 "https://ja.tak-cslab.org/archives/606" "Mozilla/5.0 (iPhone; CPU iPhone OS 15_0_2 like Mac OS X) AppleWebKit/605.1.15 (KHTML, like Gecko) FxiOS/39.0  Mobile/15E148 Safari/605.1.15"
150.66.79.197 - - [26/Nov/2021:09:46:00 +0000] "GET /wp-content/uploads/2020/09/Screen-Shot-2020-09-09-at-14.40.09-1024x902.png HTTP/2.0" 200 192547 "https://ja.tak-cslab.org/archives/606" "Mozilla/5.0 (iPhone; CPU iPhone OS 15_0_2 like Mac OS X) AppleWebKit/605.1.15 (KHTML, like Gecko) FxiOS/39.0  Mobile/15E148 Safari/605.1.15"
150.66.79.197 - - [26/Nov/2021:09:46:01 +0000] "GET /wp-content/uploads/2020/09/Screen-Shot-2020-09-09-at-14.40.41-1024x898.png HTTP/2.0" 200 270328 "https://ja.tak-cslab.org/archives/606" "Mozilla/5.0 (iPhone; CPU iPhone OS 15_0_2 like Mac OS X) AppleWebKit/605.1.15 (KHTML, like Gecko) FxiOS/39.0  Mobile/15E148 Safari/605.1.15"
150.66.79.197 - - [26/Nov/2021:09:46:03 +0000] "GET /wp-content/uploads/2020/09/Screen-Shot-2020-09-09-at-14.41.23-1024x906.png HTTP/2.0" 200 206520 "https://ja.tak-cslab.org/archives/606" "Mozilla/5.0 (iPhone; CPU iPhone OS 15_0_2 like Mac OS X) AppleWebKit/605.1.15 (KHTML, like Gecko) FxiOS/39.0  Mobile/15E148 Safari/605.1.15"
150.66.79.197 - - [26/Nov/2021:09:46:04 +0000] "GET /wp-content/uploads/2020/09/20200925_200925_7-768x1024.jpg HTTP/2.0" 200 110029 "https://ja.tak-cslab.org/archives/606" "Mozilla/5.0 (iPhone; CPU iPhone OS 15_0_2 like Mac OS X) AppleWebKit/605.1.15 (KHTML, like Gecko) FxiOS/39.0  Mobile/15E148 Safari/605.1.15"
150.66.79.197 - - [26/Nov/2021:09:46:04 +0000] "GET /wp-content/uploads/2020/09/20200925_200925_8-1024x768.jpg HTTP/2.0" 200 92811 "https://ja.tak-cslab.org/archives/606" "Mozilla/5.0 (iPhone; CPU iPhone OS 15_0_2 like Mac OS X) AppleWebKit/605.1.15 (KHTML, like Gecko) FxiOS/39.0  Mobile/15E148 Safari/605.1.15"
150.66.79.197 - - [26/Nov/2021:09:46:04 +0000] "GET /wp-content/uploads/2020/09/20200925_200925_7-1040x1387.jpg HTTP/2.0" 200 175010 "https://ja.tak-cslab.org/archives/606" "Mozilla/5.0 (iPhone; CPU iPhone OS 15_0_2 like Mac OS X) AppleWebKit/605.1.15 (KHTML, like Gecko) FxiOS/39.0  Mobile/15E148 Safari/605.1.15"
150.66.79.197 - - [26/Nov/2021:09:46:05 +0000] "GET /wp-content/uploads/2020/09/20200925_200925_0-1024x768.jpg HTTP/2.0" 200 98940 "https://ja.tak-cslab.org/archives/606" "Mozilla/5.0 (iPhone; CPU iPhone OS 15_0_2 like Mac OS X) AppleWebKit/605.1.15 (KHTML, like Gecko) FxiOS/39.0  Mobile/15E148 Safari/605.1.15"
150.66.79.197 - - [26/Nov/2021:09:46:05 +0000] "GET /wp-content/uploads/2020/09/20200925_200925_1-768x1024.jpg HTTP/2.0" 200 122290 "https://ja.tak-cslab.org/archives/606" "Mozilla/5.0 (iPhone; CPU iPhone OS 15_0_2 like Mac OS X) AppleWebKit/605.1.15 (KHTML, like Gecko) FxiOS/39.0  Mobile/15E148 Safari/605.1.15"
150.66.79.197 - - [26/Nov/2021:09:46:05 +0000] "GET /wp-content/uploads/2020/09/20200925_200925_1-1040x1387.jpg HTTP/2.0" 200 197793 "https://ja.tak-cslab.org/archives/606" "Mozilla/5.0 (iPhone; CPU iPhone OS 15_0_2 like Mac OS X) AppleWebKit/605.1.15 (KHTML, like Gecko) FxiOS/39.0  Mobile/15E148 Safari/605.1.15"
150.66.79.197 - - [26/Nov/2021:09:46:07 +0000] "GET /wp-content/uploads/2020/09/20200925_200925_2-768x1024.jpg HTTP/2.0" 200 92396 "https://ja.tak-cslab.org/archives/606" "Mozilla/5.0 (iPhone; CPU iPhone OS 15_0_2 like Mac OS X) AppleWebKit/605.1.15 (KHTML, like Gecko) FxiOS/39.0  Mobile/15E148 Safari/605.1.15"
150.66.79.197 - - [26/Nov/2021:09:46:07 +0000] "GET /wp-content/uploads/2020/09/20200925_200925_3-768x1024.jpg HTTP/2.0" 200 106701 "https://ja.tak-cslab.org/archives/606" "Mozilla/5.0 (iPhone; CPU iPhone OS 15_0_2 like Mac OS X) AppleWebKit/605.1.15 (KHTML, like Gecko) FxiOS/39.0  Mobile/15E148 Safari/605.1.15"
150.66.79.197 - - [26/Nov/2021:09:46:07 +0000] "GET /wp-content/uploads/2020/09/20200925_200925_2-1040x1387.jpg HTTP/2.0" 200 146804 "https://ja.tak-cslab.org/archives/606" "Mozilla/5.0 (iPhone; CPU iPhone OS 15_0_2 like Mac OS X) AppleWebKit/605.1.15 (KHTML, like Gecko) FxiOS/39.0  Mobile/15E148 Safari/605.1.15"
150.66.79.197 - - [26/Nov/2021:09:46:07 +0000] "GET /wp-content/uploads/2020/09/20200925_200925_3-1040x1387.jpg HTTP/2.0" 200 165173 "https://ja.tak-cslab.org/archives/606" "Mozilla/5.0 (iPhone; CPU iPhone OS 15_0_2 like Mac OS X) AppleWebKit/605.1.15 (KHTML, like Gecko) FxiOS/39.0  Mobile/15E148 Safari/605.1.15"
150.66.79.197 - - [26/Nov/2021:09:46:22 +0000] "GET /wp-content/uploads/2020/09/Screen-Shot-2020-09-09-at-15.13.25-1024x623.png HTTP/2.0" 200 170476 "https://ja.tak-cslab.org/archives/606" "Mozilla/5.0 (iPhone; CPU iPhone OS 15_0_2 like Mac OS X) AppleWebKit/605.1.15 (KHTML, like Gecko) FxiOS/39.0  Mobile/15E148 Safari/605.1.15"
150.66.79.197 - - [26/Nov/2021:09:46:24 +0000] "GET /archives/606 HTTP/2.0" 200 11297 "-" "Mozilla/5.0 (Macintosh; Intel Mac OS X 10_11_1) AppleWebKit/601.2.4 (KHTML, like Gecko) Version/9.0.1 Safari/601.2.4 facebookexternalhit/1.1 Facebot Twitterbot/1.0"
150.66.79.197 - - [26/Nov/2021:09:46:24 +0000] "GET /apple-touch-icon-precomposed.png HTTP/2.0" 404 5316 "-" "Mozilla/5.0 (Macintosh; Intel Mac OS X 10_11_1) AppleWebKit/601.2.4 (KHTML, like Gecko) Version/9.0.1 Safari/601.2.4 facebookexternalhit/1.1 Facebot Twitterbot/1.0"
150.66.79.197 - - [26/Nov/2021:09:46:24 +0000] "GET /favicon.ico HTTP/2.0" 302 0 "-" "Mozilla/5.0 (Macintosh; Intel Mac OS X 10_11_1) AppleWebKit/601.2.4 (KHTML, like Gecko) Version/9.0.1 Safari/601.2.4 facebookexternalhit/1.1 Facebot Twitterbot/1.0"
150.66.79.197 - - [26/Nov/2021:09:46:24 +0000] "GET /apple-touch-icon.png HTTP/2.0" 404 5316 "-" "Mozilla/5.0 (Macintosh; Intel Mac OS X 10_11_1) AppleWebKit/601.2.4 (KHTML, like Gecko) Version/9.0.1 Safari/601.2.4 facebookexternalhit/1.1 Facebot Twitterbot/1.0"
150.66.79.197 - - [26/Nov/2021:09:46:25 +0000] "GET /wp-content/uploads/2020/09/20200925_200925_0-1.jpg HTTP/2.0" 200 247845 "-" "Mozilla/5.0 (Macintosh; Intel Mac OS X 10_11_1) AppleWebKit/601.2.4 (KHTML, like Gecko) Version/9.0.1 Safari/601.2.4 facebookexternalhit/1.1 Facebot Twitterbot/1.0"
150.66.79.197 - - [26/Nov/2021:09:46:25 +0000] "GET /wp-includes/images/w-logo-blue-white-bg.png HTTP/2.0" 200 4119 "-" "Mozilla/5.0 (Macintosh; Intel Mac OS X 10_11_1) AppleWebKit/601.2.4 (KHTML, like Gecko) Version/9.0.1 Safari/601.2.4 facebookexternalhit/1.1 Facebot Twitterbot/1.0"
150.66.79.197 - - [26/Nov/2021:09:46:27 +0000] "GET /archives/606 HTTP/2.0" 200 11297 "-" "Mozilla/5.0 (Macintosh; Intel Mac OS X 10_15_4) AppleWebKit/605.1.15 (KHTML, like Gecko) Version/13.1 Safari/605.1.15"
150.66.79.197 - - [26/Nov/2021:09:46:27 +0000] "GET /archives/606 HTTP/2.0" 200 11297 "-" "Mozilla/5.0 (Macintosh; Intel Mac OS X 10_15_4) AppleWebKit/605.1.15 (KHTML, like Gecko) Version/13.1 Safari/605.1.15"
40.77.167.44 - - [26/Nov/2021:09:46:35 +0000] "GET /archives/1263 HTTP/2.0" 200 6534 "-" "Mozilla/5.0 (compatible; bingbot/2.0; +http://www.bing.com/bingbot.htm)"
3.90.246.122 - - [26/Nov/2021:09:46:36 +0000] "GET /archives/606 HTTP/1.1" 200 11310 "-" "Slackbot-LinkExpanding 1.0 (+https://api.slack.com/robots)"
34.231.110.121 - - [26/Nov/2021:09:46:37 +0000] "GET /wp-json/oembed/1.0/embed?url=https%3A%2F%2Fja.tak-cslab.org%2Farchives%2F606&maxheight=150 HTTP/1.1" 200 1333 "-" "Slackbot-LinkExpanding 1.0 (+https://api.slack.com/robots)"
34.203.36.16 - - [26/Nov/2021:09:46:38 +0000] "GET /wp-content/uploads/2020/09/20200925_200925_0-1.jpg HTTP/1.1" 200 247845 "-" "Slackbot 1.0 (+https://api.slack.com/robots)"
54.85.61.192 - - [26/Nov/2021:09:46:39 +0000] "GET /wp-content/uploads/2020/09/20200925_200925_0-1.jpg HTTP/1.1" 200 247845 "-" "Slackbot 1.0 (+https://api.slack.com/robots)"
18.234.200.5 - - [26/Nov/2021:09:46:40 +0000] "GET /favicon.ico HTTP/1.1" 302 5 "-" "Slackbot 1.0 (+https://api.slack.com/robots)"
18.234.200.5 - - [26/Nov/2021:09:46:40 +0000] "GET /wp-includes/images/w-logo-blue-white-bg.png HTTP/1.1" 200 4119 "-" "Slackbot 1.0 (+https://api.slack.com/robots)"
3.112.113.107 - - [26/Nov/2021:09:46:42 +0000] "GET /wp-content/uploads/2020/09/20200925_200925_0-1.jpg HTTP/1.1" 200 247845 "-" "Slack-ImgProxy (+https://api.slack.com/robots)"
216.245.221.83 - - [26/Nov/2021:09:47:27 +0000] "HEAD / HTTP/1.1" 301 0 "http://ja.tak-cslab.org/" "Mozilla/5.0+(compatible; UptimeRobot/2.0; http://www.uptimerobot.com/)"
216.245.221.83 - - [26/Nov/2021:09:47:27 +0000] "HEAD / HTTP/1.1" 200 0 "http://ja.tak-cslab.org/" "Mozilla/5.0+(compatible; UptimeRobot/2.0; http://www.uptimerobot.com/)"
34.206.38.217 - - [26/Nov/2021:09:48:33 +0000] "GET /feed HTTP/1.1" 200 55861 "-" "Automate.io BOT"
150.66.79.197 - - [26/Nov/2021:09:48:54 +0000] "GET /archives/606 HTTP/2.0" 200 11297 "-" "Mozilla/5.0 (Macintosh; Intel Mac OS X 10_15_4) AppleWebKit/605.1.15 (KHTML, like Gecko) Version/13.1 Safari/605.1.15"
216.245.221.83 - - [26/Nov/2021:09:52:27 +0000] "HEAD / HTTP/1.1" 301 0 "http://ja.tak-cslab.org/" "Mozilla/5.0+(compatible; UptimeRobot/2.0; http://www.uptimerobot.com/)"
216.245.221.83 - - [26/Nov/2021:09:52:27 +0000] "HEAD / HTTP/1.1" 200 0 "http://ja.tak-cslab.org/" "Mozilla/5.0+(compatible; UptimeRobot/2.0; http://www.uptimerobot.com/)"
34.206.38.217 - - [26/Nov/2021:09:53:33 +0000] "GET /feed HTTP/1.1" 200 55868 "-" "Automate.io BOT"
54.204.194.115 - - [26/Nov/2021:09:53:39 +0000] "HEAD /feed HTTP/2.0" 200 0 "-" "Slackbot 1.0 (+https://api.slack.com/robots)"
54.242.174.147 - - [26/Nov/2021:09:53:39 +0000] "GET /feed HTTP/1.1" 200 55861 "-" "Slackbot 1.0 (+https://api.slack.com/robots)"
44.197.188.118 - - [26/Nov/2021:09:53:41 +0000] "GET / HTTP/1.1" 200 6312 "-" "Slackbot 1.0 (+https://api.slack.com/robots)"
1.75.241.179 - - [26/Nov/2021:09:56:30 +0000] "GET /favicon.ico HTTP/2.0" 302 0 "-" "com.tinyspeck.chatlyio/21.11.20 (iPhone; iOS 14.8.1; Scale/2.00)"
1.75.241.179 - - [26/Nov/2021:09:56:30 +0000] "GET /wp-includes/images/w-logo-blue-white-bg.png HTTP/2.0" 200 4119 "-" "com.tinyspeck.chatlyio/21.11.20 (iPhone; iOS 14.8.1; Scale/2.00)"
49.98.210.32 - - [26/Nov/2021:09:57:01 +0000] "GET /tech-report HTTP/2.0" 200 12209 "-" "Mozilla/5.0 (iPhone; CPU iPhone OS 15_1 like Mac OS X) AppleWebKit/605.1.15 (KHTML, like Gecko) Version/15.1 Mobile/15E148 Safari/604.1"
49.98.210.32 - - [26/Nov/2021:09:57:01 +0000] "GET /wp-includes/js/wp-embed.min.js?ver=5.8.2 HTTP/2.0" 304 0 "https://ja.tak-cslab.org/tech-report" "Mozilla/5.0 (iPhone; CPU iPhone OS 15_1 like Mac OS X) AppleWebKit/605.1.15 (KHTML, like Gecko) Version/15.1 Mobile/15E148 Safari/604.1"
49.98.210.32 - - [26/Nov/2021:09:57:01 +0000] "GET /wp-includes/js/wp-emoji-release.min.js?ver=5.8.2 HTTP/2.0" 304 0 "https://ja.tak-cslab.org/tech-report" "Mozilla/5.0 (iPhone; CPU iPhone OS 15_1 like Mac OS X) AppleWebKit/605.1.15 (KHTML, like Gecko) Version/15.1 Mobile/15E148 Safari/604.1"
49.98.210.32 - - [26/Nov/2021:09:57:01 +0000] "GET /wp-includes/css/dist/block-library/style.min.css?ver=5.8.2 HTTP/2.0" 200 13704 "https://ja.tak-cslab.org/tech-report" "Mozilla/5.0 (iPhone; CPU iPhone OS 15_1 like Mac OS X) AppleWebKit/605.1.15 (KHTML, like Gecko) Version/15.1 Mobile/15E148 Safari/604.1"
49.98.210.32 - - [26/Nov/2021:09:57:01 +0000] "GET /apple-touch-icon-120x120-precomposed.png HTTP/2.0" 404 5316 "-" "MobileSafari/8612.2.9.0.20 CFNetwork/1325.0.1 Darwin/21.1.0"
49.98.210.32 - - [26/Nov/2021:09:57:01 +0000] "GET /apple-touch-icon-120x120.png HTTP/2.0" 404 5316 "-" "MobileSafari/8612.2.9.0.20 CFNetwork/1325.0.1 Darwin/21.1.0"
49.98.210.32 - - [26/Nov/2021:09:57:01 +0000] "GET /favicon.ico HTTP/2.0" 302 0 "https://ja.tak-cslab.org/tech-report" "Mozilla/5.0 (iPhone; CPU iPhone OS 15_1 like Mac OS X) AppleWebKit/605.1.15 (KHTML, like Gecko) Version/15.1 Mobile/15E148 Safari/604.1"
49.98.210.32 - - [26/Nov/2021:09:57:01 +0000] "GET /apple-touch-icon-precomposed.png HTTP/2.0" 404 5316 "-" "MobileSafari/8612.2.9.0.20 CFNetwork/1325.0.1 Darwin/21.1.0"
49.98.210.32 - - [26/Nov/2021:09:57:01 +0000] "GET /wp-includes/images/w-logo-blue-white-bg.png HTTP/2.0" 200 4119 "https://ja.tak-cslab.org/tech-report" "Mozilla/5.0 (iPhone; CPU iPhone OS 15_1 like Mac OS X) AppleWebKit/605.1.15 (KHTML, like Gecko) Version/15.1 Mobile/15E148 Safari/604.1"
49.98.210.32 - - [26/Nov/2021:09:57:01 +0000] "GET /apple-touch-icon.png HTTP/2.0" 404 5316 "-" "MobileSafari/8612.2.9.0.20 CFNetwork/1325.0.1 Darwin/21.1.0"
216.245.221.83 - - [26/Nov/2021:09:57:27 +0000] "HEAD / HTTP/1.1" 301 0 "http://ja.tak-cslab.org/" "Mozilla/5.0+(compatible; UptimeRobot/2.0; http://www.uptimerobot.com/)"
216.245.221.83 - - [26/Nov/2021:09:57:27 +0000] "HEAD / HTTP/1.1" 200 0 "http://ja.tak-cslab.org/" "Mozilla/5.0+(compatible; UptimeRobot/2.0; http://www.uptimerobot.com/)"
40.77.167.99 - - [26/Nov/2021:09:58:10 +0000] "GET /robots.txt HTTP/2.0" 200 112 "-" "Mozilla/5.0 (compatible; bingbot/2.0; +http://www.bing.com/bingbot.htm)"
40.77.167.99 - - [26/Nov/2021:09:58:10 +0000] "GET /robots.txt HTTP/2.0" 200 112 "-" "Mozilla/5.0 (compatible; bingbot/2.0; +http://www.bing.com/bingbot.htm)"
34.206.38.217 - - [26/Nov/2021:09:58:33 +0000] "GET /feed HTTP/1.1" 200 55868 "-" "Automate.io BOT"
216.244.66.230 - - [26/Nov/2021:09:59:20 +0000] "GET /10gin_cds1?redirect_to=https%3A%2F%2Fja.tak-cslab.org%2Farchives%2F780 HTTP/1.1" 200 13341 "-" "Mozilla/5.0 (compatible; DotBot/1.2; +https://opensiteexplorer.org/dotbot; help@moz.com)"
216.245.221.83 - - [26/Nov/2021:10:02:27 +0000] "HEAD / HTTP/1.1" 301 0 "http://ja.tak-cslab.org/" "Mozilla/5.0+(compatible; UptimeRobot/2.0; http://www.uptimerobot.com/)"
163.215.6.1 - - [26/Nov/2021:10:02:27 +0000] "POST /wp-cron.php?doing_wp_cron=1637920947.7079300880432128906250 HTTP/1.1" 200 31 "https://ja.tak-cslab.org/wp-cron.php?doing_wp_cron=1637920947.7079300880432128906250" "WordPress/5.8.2; https://ja.tak-cslab.org"
216.245.221.83 - - [26/Nov/2021:10:02:27 +0000] "HEAD / HTTP/1.1" 200 0 "http://ja.tak-cslab.org/" "Mozilla/5.0+(compatible; UptimeRobot/2.0; http://www.uptimerobot.com/)"
34.206.38.217 - - [26/Nov/2021:10:03:33 +0000] "GET /feed HTTP/1.1" 200 55860 "-" "Automate.io BOT"
217.178.209.188 - - [26/Nov/2021:10:04:24 +0000] "GET /about/it-facility HTTP/2.0" 200 9004 "https://www.google.com/" "Mozilla/5.0 (Windows NT 10.0; Win64; x64) AppleWebKit/537.36 (KHTML, like Gecko) Chrome/96.0.4664.45 Safari/537.36"
217.178.209.188 - - [26/Nov/2021:10:04:24 +0000] "GET /wp-content/themes/cdsl/style.css?ver=1.3.1 HTTP/2.0" 200 272 "https://ja.tak-cslab.org/about/it-facility" "Mozilla/5.0 (Windows NT 10.0; Win64; x64) AppleWebKit/537.36 (KHTML, like Gecko) Chrome/96.0.4664.45 Safari/537.36"
217.178.209.188 - - [26/Nov/2021:10:04:24 +0000] "GET /wp-content/themes/scaffold/style.css?ver=5.8.2 HTTP/2.0" 200 5846 "https://ja.tak-cslab.org/about/it-facility" "Mozilla/5.0 (Windows NT 10.0; Win64; x64) AppleWebKit/537.36 (KHTML, like Gecko) Chrome/96.0.4664.45 Safari/537.36"
217.178.209.188 - - [26/Nov/2021:10:04:24 +0000] "GET /wp-includes/css/dist/block-library/style.min.css?ver=5.8.2 HTTP/2.0" 200 13704 "https://ja.tak-cslab.org/about/it-facility" "Mozilla/5.0 (Windows NT 10.0; Win64; x64) AppleWebKit/537.36 (KHTML, like Gecko) Chrome/96.0.4664.45 Safari/537.36"
217.178.209.188 - - [26/Nov/2021:10:04:24 +0000] "GET /wp-content/themes/scaffold/assets/js/navigation.js?ver=1.3.1 HTTP/2.0" 200 1266 "https://ja.tak-cslab.org/about/it-facility" "Mozilla/5.0 (Windows NT 10.0; Win64; x64) AppleWebKit/537.36 (KHTML, like Gecko) Chrome/96.0.4664.45 Safari/537.36"
217.178.209.188 - - [26/Nov/2021:10:04:24 +0000] "GET /wp-includes/js/wp-embed.min.js?ver=5.8.2 HTTP/2.0" 200 779 "https://ja.tak-cslab.org/about/it-facility" "Mozilla/5.0 (Windows NT 10.0; Win64; x64) AppleWebKit/537.36 (KHTML, like Gecko) Chrome/96.0.4664.45 Safari/537.36"
217.178.209.188 - - [26/Nov/2021:10:04:24 +0000] "GET /wp-includes/js/wp-emoji-release.min.js?ver=5.8.2 HTTP/2.0" 200 5714 "https://ja.tak-cslab.org/about/it-facility" "Mozilla/5.0 (Windows NT 10.0; Win64; x64) AppleWebKit/537.36 (KHTML, like Gecko) Chrome/96.0.4664.45 Safari/537.36"
217.178.209.188 - - [26/Nov/2021:10:04:24 +0000] "GET /wp-content/plugins/native-lazyload/assets/images/placeholder.svg HTTP/2.0" 200 88 "https://ja.tak-cslab.org/about/it-facility" "Mozilla/5.0 (Windows NT 10.0; Win64; x64) AppleWebKit/537.36 (KHTML, like Gecko) Chrome/96.0.4664.45 Safari/537.36"
217.178.209.188 - - [26/Nov/2021:10:04:25 +0000] "GET /wp-content/uploads/2021/01/IMG_3379.jpg HTTP/2.0" 200 297859 "https://ja.tak-cslab.org/about/it-facility" "Mozilla/5.0 (Windows NT 10.0; Win64; x64) AppleWebKit/537.36 (KHTML, like Gecko) Chrome/96.0.4664.45 Safari/537.36"
217.178.209.188 - - [26/Nov/2021:10:04:25 +0000] "GET /wp-content/uploads/2020/01/nas.png HTTP/2.0" 200 1140869 "https://ja.tak-cslab.org/about/it-facility" "Mozilla/5.0 (Windows NT 10.0; Win64; x64) AppleWebKit/537.36 (KHTML, like Gecko) Chrome/96.0.4664.45 Safari/537.36"
217.178.209.188 - - [26/Nov/2021:10:04:25 +0000] "GET /favicon.ico HTTP/2.0" 302 0 "https://ja.tak-cslab.org/about/it-facility" "Mozilla/5.0 (Windows NT 10.0; Win64; x64) AppleWebKit/537.36 (KHTML, like Gecko) Chrome/96.0.4664.45 Safari/537.36"
217.178.209.188 - - [26/Nov/2021:10:04:25 +0000] "GET /wp-includes/images/w-logo-blue-white-bg.png HTTP/2.0" 200 4119 "https://ja.tak-cslab.org/about/it-facility" "Mozilla/5.0 (Windows NT 10.0; Win64; x64) AppleWebKit/537.36 (KHTML, like Gecko) Chrome/96.0.4664.45 Safari/537.36"
217.178.209.188 - - [26/Nov/2021:10:04:26 +0000] "GET /wp-content/uploads/2020/06/cdsl-storage.png HTTP/2.0" 200 41898 "https://ja.tak-cslab.org/about/it-facility" "Mozilla/5.0 (Windows NT 10.0; Win64; x64) AppleWebKit/537.36 (KHTML, like Gecko) Chrome/96.0.4664.45 Safari/537.36"
217.178.209.188 - - [26/Nov/2021:10:04:28 +0000] "GET /wp-content/uploads/2021/05/CDSL-System-Architecture.png HTTP/2.0" 200 64734 "https://ja.tak-cslab.org/about/it-facility" "Mozilla/5.0 (Windows NT 10.0; Win64; x64) AppleWebKit/537.36 (KHTML, like Gecko) Chrome/96.0.4664.45 Safari/537.36"
217.178.209.188 - - [26/Nov/2021:10:04:33 +0000] "GET /wp-content/uploads/2021/05/CDSL-System-Architecture1.png HTTP/2.0" 200 76202 "https://ja.tak-cslab.org/about/it-facility" "Mozilla/5.0 (Windows NT 10.0; Win64; x64) AppleWebKit/537.36 (KHTML, like Gecko) Chrome/96.0.4664.45 Safari/537.36"
217.178.209.188 - - [26/Nov/2021:10:04:44 +0000] "GET /wp-content/uploads/2020/01/elk-arch.png HTTP/2.0" 200 70256 "https://ja.tak-cslab.org/about/it-facility" "Mozilla/5.0 (Windows NT 10.0; Win64; x64) AppleWebKit/537.36 (KHTML, like Gecko) Chrome/96.0.4664.45 Safari/537.36"
217.178.209.188 - - [26/Nov/2021:10:04:46 +0000] "GET /wp-content/uploads/2021/01/CDSL-System-Architecture.png HTTP/2.0" 200 71713 "https://ja.tak-cslab.org/about/it-facility" "Mozilla/5.0 (Windows NT 10.0; Win64; x64) AppleWebKit/537.36 (KHTML, like Gecko) Chrome/96.0.4664.45 Safari/537.36"
217.178.209.188 - - [26/Nov/2021:10:04:51 +0000] "GET /wp-content/uploads/2021/01/image.png HTTP/2.0" 200 49210 "https://ja.tak-cslab.org/about/it-facility" "Mozilla/5.0 (Windows NT 10.0; Win64; x64) AppleWebKit/537.36 (KHTML, like Gecko) Chrome/96.0.4664.45 Safari/537.36"
217.178.209.188 - - [26/Nov/2021:10:04:52 +0000] "GET /wp-content/uploads/2020/06/cdsl-mackerel-1536x731.jpg HTTP/2.0" 200 106397 "https://ja.tak-cslab.org/about/it-facility" "Mozilla/5.0 (Windows NT 10.0; Win64; x64) AppleWebKit/537.36 (KHTML, like Gecko) Chrome/96.0.4664.45 Safari/537.36"
216.245.221.83 - - [26/Nov/2021:10:07:27 +0000] "HEAD / HTTP/1.1" 301 0 "http://ja.tak-cslab.org/" "Mozilla/5.0+(compatible; UptimeRobot/2.0; http://www.uptimerobot.com/)"
216.245.221.83 - - [26/Nov/2021:10:07:27 +0000] "HEAD / HTTP/1.1" 200 0 "http://ja.tak-cslab.org/" "Mozilla/5.0+(compatible; UptimeRobot/2.0; http://www.uptimerobot.com/)"
106.146.26.160 - - [26/Nov/2021:10:08:23 +0000] "GET /favicon.ico HTTP/2.0" 302 0 "-" "com.tinyspeck.chatlyio/21.11.20 (iPhone; iOS 14.8; Scale/3.00)"
106.146.26.160 - - [26/Nov/2021:10:08:23 +0000] "GET /wp-includes/images/w-logo-blue-white-bg.png HTTP/2.0" 200 4119 "-" "com.tinyspeck.chatlyio/21.11.20 (iPhone; iOS 14.8; Scale/3.00)"
34.206.38.217 - - [26/Nov/2021:10:08:34 +0000] "GET /feed HTTP/1.1" 200 55861 "-" "Automate.io BOT"
126.205.92.16 - - [26/Nov/2021:10:10:40 +0000] "GET /favicon.ico HTTP/2.0" 302 0 "-" "com.tinyspeck.chatlyio/21.11.20 (iPhone; iOS 14.7.1; Scale/2.00)"
126.205.92.16 - - [26/Nov/2021:10:10:40 +0000] "GET /wp-includes/images/w-logo-blue-white-bg.png HTTP/2.0" 200 4119 "-" "com.tinyspeck.chatlyio/21.11.20 (iPhone; iOS 14.7.1; Scale/2.00)"
216.245.221.83 - - [26/Nov/2021:10:12:27 +0000] "HEAD / HTTP/1.1" 301 0 "http://ja.tak-cslab.org/" "Mozilla/5.0+(compatible; UptimeRobot/2.0; http://www.uptimerobot.com/)"
216.245.221.83 - - [26/Nov/2021:10:12:27 +0000] "HEAD / HTTP/1.1" 200 0 "http://ja.tak-cslab.org/" "Mozilla/5.0+(compatible; UptimeRobot/2.0; http://www.uptimerobot.com/)"
52.194.244.174 - - [26/Nov/2021:10:13:14 +0000] "GET /favicon.ico HTTP/1.1" 302 5 "-" "Slack-ImgProxy (+https://api.slack.com/robots)"
3.113.26.186 - - [26/Nov/2021:10:13:14 +0000] "GET /wp-includes/images/w-logo-blue-white-bg.png HTTP/1.1" 200 4119 "-" "Slack-ImgProxy (+https://api.slack.com/robots)"
18.181.229.209 - - [26/Nov/2021:10:13:14 +0000] "GET /wp-content/uploads/2020/09/20200925_200925_0-1.jpg HTTP/1.1" 200 65282 "-" "Slack-ImgProxy (+https://api.slack.com/robots)"
35.77.46.6 - - [26/Nov/2021:10:13:14 +0000] "GET /wp-content/uploads/2020/09/20200925_200925_0-1.jpg HTTP/1.1" 200 247845 "-" "Slack-ImgProxy (+https://api.slack.com/robots)"
34.206.38.217 - - [26/Nov/2021:10:13:33 +0000] "GET /feed HTTP/1.1" 200 55867 "-" "Automate.io BOT"
34.206.52.23 - - [26/Nov/2021:10:13:39 +0000] "HEAD /feed HTTP/2.0" 200 0 "-" "Slackbot 1.0 (+https://api.slack.com/robots)"
3.83.82.16 - - [26/Nov/2021:10:13:39 +0000] "GET /feed HTTP/1.1" 200 55867 "-" "Slackbot 1.0 (+https://api.slack.com/robots)"
3.239.87.53 - - [26/Nov/2021:10:13:41 +0000] "GET / HTTP/1.1" 200 6313 "-" "Slackbot 1.0 (+https://api.slack.com/robots)"
216.245.221.83 - - [26/Nov/2021:10:17:27 +0000] "HEAD / HTTP/1.1" 301 0 "http://ja.tak-cslab.org/" "Mozilla/5.0+(compatible; UptimeRobot/2.0; http://www.uptimerobot.com/)"
216.245.221.83 - - [26/Nov/2021:10:17:27 +0000] "HEAD / HTTP/1.1" 200 0 "http://ja.tak-cslab.org/" "Mozilla/5.0+(compatible; UptimeRobot/2.0; http://www.uptimerobot.com/)"
40.77.189.87 - - [26/Nov/2021:10:17:46 +0000] "GET /wp-content/themes/scaffold/assets/js/navigation.js?ver=1.3.1 HTTP/2.0" 200 3124 "-" "Mozilla/5.0 (Windows NT 6.1; WOW64) AppleWebKit/534+ (KHTML, like Gecko) BingPreview/1.0b"
40.77.188.46 - - [26/Nov/2021:10:17:47 +0000] "GET /wp-content/themes/scaffold/assets/js/navigation.js?ver=1.3.1 HTTP/2.0" 200 3124 "-" "Mozilla/5.0 (Windows NT 6.1; WOW64) AppleWebKit/534+ (KHTML, like Gecko) BingPreview/1.0b"
163.215.6.1 - - [26/Nov/2021:10:18:33 +0000] "POST /wp-cron.php?doing_wp_cron=1637921913.6043739318847656250000 HTTP/1.1" 200 31 "https://ja.tak-cslab.org/wp-cron.php?doing_wp_cron=1637921913.6043739318847656250000" "WordPress/5.8.2; https://ja.tak-cslab.org"
34.206.38.217 - - [26/Nov/2021:10:18:33 +0000] "GET /feed HTTP/1.1" 200 55867 "-" "Automate.io BOT"
52.12.255.54 - - [26/Nov/2021:10:20:34 +0000] "GET /wp-content/plugins/native-lazyload/assets/images/placeholder.svg HTTP/1.1" 200 88 "-" "Mozilla/5.0 (Windows NT 6.1; Win64; x64) AppleWebKit/537.36 (KHTML, like Gecko) Chrome/72.0.3626.109 Safari/537.36"
216.245.221.83 - - [26/Nov/2021:10:22:27 +0000] "HEAD / HTTP/1.1" 301 0 "http://ja.tak-cslab.org/" "Mozilla/5.0+(compatible; UptimeRobot/2.0; http://www.uptimerobot.com/)"
216.245.221.83 - - [26/Nov/2021:10:22:27 +0000] "HEAD / HTTP/1.1" 200 0 "http://ja.tak-cslab.org/" "Mozilla/5.0+(compatible; UptimeRobot/2.0; http://www.uptimerobot.com/)"
18.237.216.211 - - [26/Nov/2021:10:22:33 +0000] "GET /wp-includes/js/wp-embed.min.js?ver=5.8.2 HTTP/1.1" 200 1426 "-" "Mozilla/5.0 (Windows NT 6.1; Win64; x64) AppleWebKit/537.36 (KHTML, like Gecko) Chrome/72.0.3626.109 Safari/537.36"
35.86.113.132 - - [26/Nov/2021:10:23:27 +0000] "GET /wp-content/themes/scaffold/assets/js/navigation.js?ver=1.3.1 HTTP/1.1" 200 3124 "-" "Mozilla/5.0 (Windows NT 6.1; Win64; x64) AppleWebKit/537.36 (KHTML, like Gecko) Chrome/72.0.3626.109 Safari/537.36"
34.206.38.217 - - [26/Nov/2021:10:23:33 +0000] "GET /feed HTTP/1.1" 200 55868 "-" "Automate.io BOT"
216.245.221.83 - - [26/Nov/2021:10:27:27 +0000] "HEAD / HTTP/1.1" 301 0 "http://ja.tak-cslab.org/" "Mozilla/5.0+(compatible; UptimeRobot/2.0; http://www.uptimerobot.com/)"
216.245.221.83 - - [26/Nov/2021:10:27:27 +0000] "HEAD / HTTP/1.1" 200 0 "http://ja.tak-cslab.org/" "Mozilla/5.0+(compatible; UptimeRobot/2.0; http://www.uptimerobot.com/)"
34.206.38.217 - - [26/Nov/2021:10:28:33 +0000] "GET /feed HTTP/1.1" 200 55868 "-" "Automate.io BOT"
35.77.46.6 - - [26/Nov/2021:10:28:52 +0000] "GET /wp-content/uploads/2020/09/20200925_200925_0-1.jpg HTTP/1.1" 200 247845 "-" "Slack-ImgProxy (+https://api.slack.com/robots)"
223.218.132.253 - - [26/Nov/2021:10:28:52 +0000] "GET /favicon.ico HTTP/2.0" 302 0 "-" "com.tinyspeck.chatlyio/21.11.20 (iPhone; iOS 15.0.2; Scale/3.00)"
223.218.132.253 - - [26/Nov/2021:10:28:52 +0000] "GET /wp-includes/images/w-logo-blue-white-bg.png HTTP/2.0" 200 4119 "-" "com.tinyspeck.chatlyio/21.11.20 (iPhone; iOS 15.0.2; Scale/3.00)"
216.245.221.83 - - [26/Nov/2021:10:32:27 +0000] "HEAD / HTTP/1.1" 301 0 "http://ja.tak-cslab.org/" "Mozilla/5.0+(compatible; UptimeRobot/2.0; http://www.uptimerobot.com/)"
216.245.221.83 - - [26/Nov/2021:10:32:27 +0000] "HEAD / HTTP/1.1" 200 0 "http://ja.tak-cslab.org/" "Mozilla/5.0+(compatible; UptimeRobot/2.0; http://www.uptimerobot.com/)"
34.206.38.217 - - [26/Nov/2021:10:33:34 +0000] "GET /feed HTTP/1.1" 200 55868 "-" "Automate.io BOT"
18.207.143.54 - - [26/Nov/2021:10:33:44 +0000] "HEAD /feed HTTP/2.0" 200 0 "-" "Slackbot 1.0 (+https://api.slack.com/robots)"
18.234.217.65 - - [26/Nov/2021:10:33:45 +0000] "GET /feed HTTP/1.1" 200 55867 "-" "Slackbot 1.0 (+https://api.slack.com/robots)"
54.242.90.39 - - [26/Nov/2021:10:33:48 +0000] "GET / HTTP/1.1" 200 6313 "-" "Slackbot 1.0 (+https://api.slack.com/robots)"
18.237.216.211 - - [26/Nov/2021:10:36:57 +0000] "GET /about/it-facility HTTP/1.1" 200 35369 "-" "Mozilla/5.0 (Windows NT 6.1; Win64; x64) AppleWebKit/537.36 (KHTML, like Gecko) Chrome/72.0.3626.109 Safari/537.36"
216.245.221.83 - - [26/Nov/2021:10:37:27 +0000] "HEAD / HTTP/1.1" 301 0 "http://ja.tak-cslab.org/" "Mozilla/5.0+(compatible; UptimeRobot/2.0; http://www.uptimerobot.com/)"
216.245.221.83 - - [26/Nov/2021:10:37:27 +0000] "HEAD / HTTP/1.1" 200 0 "http://ja.tak-cslab.org/" "Mozilla/5.0+(compatible; UptimeRobot/2.0; http://www.uptimerobot.com/)"
34.206.38.217 - - [26/Nov/2021:10:38:33 +0000] "GET /feed HTTP/1.1" 200 55868 "-" "Automate.io BOT"
216.245.221.83 - - [26/Nov/2021:10:42:27 +0000] "HEAD / HTTP/1.1" 301 0 "http://ja.tak-cslab.org/" "Mozilla/5.0+(compatible; UptimeRobot/2.0; http://www.uptimerobot.com/)"
216.245.221.83 - - [26/Nov/2021:10:42:27 +0000] "HEAD / HTTP/1.1" 200 0 "http://ja.tak-cslab.org/" "Mozilla/5.0+(compatible; UptimeRobot/2.0; http://www.uptimerobot.com/)"
34.206.38.217 - - [26/Nov/2021:10:43:34 +0000] "GET /feed HTTP/1.1" 200 55867 "-" "Automate.io BOT"
216.245.221.83 - - [26/Nov/2021:10:47:27 +0000] "HEAD / HTTP/1.1" 301 0 "http://ja.tak-cslab.org/" "Mozilla/5.0+(compatible; UptimeRobot/2.0; http://www.uptimerobot.com/)"
216.245.221.83 - - [26/Nov/2021:10:47:27 +0000] "HEAD / HTTP/1.1" 200 0 "http://ja.tak-cslab.org/" "Mozilla/5.0+(compatible; UptimeRobot/2.0; http://www.uptimerobot.com/)"
34.206.38.217 - - [26/Nov/2021:10:48:34 +0000] "GET /feed HTTP/1.1" 200 55860 "-" "Automate.io BOT"
216.245.221.83 - - [26/Nov/2021:10:52:27 +0000] "HEAD / HTTP/1.1" 301 0 "http://ja.tak-cslab.org/" "Mozilla/5.0+(compatible; UptimeRobot/2.0; http://www.uptimerobot.com/)"
216.245.221.83 - - [26/Nov/2021:10:52:27 +0000] "HEAD / HTTP/1.1" 200 0 "http://ja.tak-cslab.org/" "Mozilla/5.0+(compatible; UptimeRobot/2.0; http://www.uptimerobot.com/)"
158.46.99.43 - - [26/Nov/2021:10:53:07 +0000] "GET /archives/460/ HTTP/1.0" 301 162 "-" "Mozilla/5.0 (Windows NT 6.3; Win64; x64) AppleWebKit/537.36 (KHTML, like Gecko) Chrome/75.0.3770.100 Safari/537.36"
34.206.38.217 - - [26/Nov/2021:10:53:34 +0000] "GET /feed HTTP/1.1" 200 55861 "-" "Automate.io BOT"
44.193.200.177 - - [26/Nov/2021:10:53:40 +0000] "HEAD /feed HTTP/2.0" 200 0 "-" "Slackbot 1.0 (+https://api.slack.com/robots)"
54.242.174.147 - - [26/Nov/2021:10:53:40 +0000] "GET /feed HTTP/1.1" 200 55860 "-" "Slackbot 1.0 (+https://api.slack.com/robots)"
54.85.61.192 - - [26/Nov/2021:10:53:42 +0000] "GET / HTTP/1.1" 200 6312 "-" "Slackbot 1.0 (+https://api.slack.com/robots)"
216.245.221.83 - - [26/Nov/2021:10:57:27 +0000] "HEAD / HTTP/1.1" 301 0 "http://ja.tak-cslab.org/" "Mozilla/5.0+(compatible; UptimeRobot/2.0; http://www.uptimerobot.com/)"
216.245.221.83 - - [26/Nov/2021:10:57:27 +0000] "HEAD / HTTP/1.1" 200 0 "http://ja.tak-cslab.org/" "Mozilla/5.0+(compatible; UptimeRobot/2.0; http://www.uptimerobot.com/)"
34.206.38.217 - - [26/Nov/2021:10:58:34 +0000] "GET /feed HTTP/1.1" 200 55861 "-" "Automate.io BOT"
216.245.221.83 - - [26/Nov/2021:11:02:27 +0000] "HEAD / HTTP/1.1" 301 0 "http://ja.tak-cslab.org/" "Mozilla/5.0+(compatible; UptimeRobot/2.0; http://www.uptimerobot.com/)"
163.215.6.1 - - [26/Nov/2021:11:02:27 +0000] "POST /wp-cron.php?doing_wp_cron=1637924547.6398470401763916015625 HTTP/1.1" 200 31 "https://ja.tak-cslab.org/wp-cron.php?doing_wp_cron=1637924547.6398470401763916015625" "WordPress/5.8.2; https://ja.tak-cslab.org"
216.245.221.83 - - [26/Nov/2021:11:02:27 +0000] "HEAD / HTTP/1.1" 200 0 "http://ja.tak-cslab.org/" "Mozilla/5.0+(compatible; UptimeRobot/2.0; http://www.uptimerobot.com/)"
34.206.38.217 - - [26/Nov/2021:11:03:34 +0000] "GET /feed HTTP/1.1" 200 55867 "-" "Automate.io BOT"
49.234.43.244 - - [26/Nov/2021:11:05:03 +0000] "GET /archives/460/ HTTP/1.1" 301 162 "-" "Mozilla/5.0 (Linux; Android 6.0; Nexus 5 Build/MRA58N) AppleWebKit/537.36 (KHTML, like Gecko) Chrome/81.0.4044.138 Mobile Safari/537.36"
49.234.43.244 - - [26/Nov/2021:11:05:08 +0000] "GET /archives/460/ HTTP/1.1" 301 5 "http://ja.tak-cslab.org/archives/460/" "Mozilla/5.0 (Linux; Android 6.0; Nexus 5 Build/MRA58N) AppleWebKit/537.36 (KHTML, like Gecko) Chrome/81.0.4044.138 Mobile Safari/537.36"
49.234.43.244 - - [26/Nov/2021:11:05:14 +0000] "GET /archives/460 HTTP/1.1" 200 9398 "https://ja.tak-cslab.org/archives/460/" "Mozilla/5.0 (Linux; Android 6.0; Nexus 5 Build/MRA58N) AppleWebKit/537.36 (KHTML, like Gecko) Chrome/81.0.4044.138 Mobile Safari/537.36"
133.106.77.200 - - [26/Nov/2021:11:06:03 +0000] "GET /archives/896 HTTP/2.0" 200 10420 "-" "Mozilla/5.0 (Linux; Android 12; Pixel 3 XL Build/SP1A.210812.015; wv) AppleWebKit/537.36 (KHTML, like Gecko) Version/4.0 Chrome/96.0.4664.45 Mobile Safari/537.36 Line/11.19.1/IAB"
133.106.77.200 - - [26/Nov/2021:11:06:03 +0000] "GET /wp-content/themes/cdsl/style.css?ver=1.3.1 HTTP/2.0" 200 272 "https://ja.tak-cslab.org/archives/896" "Mozilla/5.0 (Linux; Android 12; Pixel 3 XL Build/SP1A.210812.015; wv) AppleWebKit/537.36 (KHTML, like Gecko) Version/4.0 Chrome/96.0.4664.45 Mobile Safari/537.36 Line/11.19.1/IAB"
133.106.77.200 - - [26/Nov/2021:11:06:03 +0000] "GET /wp-content/themes/scaffold/assets/js/navigation.js?ver=1.3.1 HTTP/2.0" 200 1266 "https://ja.tak-cslab.org/archives/896" "Mozilla/5.0 (Linux; Android 12; Pixel 3 XL Build/SP1A.210812.015; wv) AppleWebKit/537.36 (KHTML, like Gecko) Version/4.0 Chrome/96.0.4664.45 Mobile Safari/537.36 Line/11.19.1/IAB"
133.106.77.200 - - [26/Nov/2021:11:06:03 +0000] "GET /wp-includes/js/comment-reply.min.js?ver=5.8.2 HTTP/2.0" 200 1390 "https://ja.tak-cslab.org/archives/896" "Mozilla/5.0 (Linux; Android 12; Pixel 3 XL Build/SP1A.210812.015; wv) AppleWebKit/537.36 (KHTML, like Gecko) Version/4.0 Chrome/96.0.4664.45 Mobile Safari/537.36 Line/11.19.1/IAB"
133.106.77.200 - - [26/Nov/2021:11:06:03 +0000] "GET /wp-includes/js/wp-embed.min.js?ver=5.8.2 HTTP/2.0" 200 779 "https://ja.tak-cslab.org/archives/896" "Mozilla/5.0 (Linux; Android 12; Pixel 3 XL Build/SP1A.210812.015; wv) AppleWebKit/537.36 (KHTML, like Gecko) Version/4.0 Chrome/96.0.4664.45 Mobile Safari/537.36 Line/11.19.1/IAB"
133.106.77.200 - - [26/Nov/2021:11:06:03 +0000] "GET /wp-includes/css/dist/block-library/style.min.css?ver=5.8.2 HTTP/2.0" 200 13704 "https://ja.tak-cslab.org/archives/896" "Mozilla/5.0 (Linux; Android 12; Pixel 3 XL Build/SP1A.210812.015; wv) AppleWebKit/537.36 (KHTML, like Gecko) Version/4.0 Chrome/96.0.4664.45 Mobile Safari/537.36 Line/11.19.1/IAB"
133.106.77.200 - - [26/Nov/2021:11:06:03 +0000] "GET /wp-content/themes/scaffold/style.css?ver=5.8.2 HTTP/2.0" 200 5846 "https://ja.tak-cslab.org/archives/896" "Mozilla/5.0 (Linux; Android 12; Pixel 3 XL Build/SP1A.210812.015; wv) AppleWebKit/537.36 (KHTML, like Gecko) Version/4.0 Chrome/96.0.4664.45 Mobile Safari/537.36 Line/11.19.1/IAB"
133.106.77.200 - - [26/Nov/2021:11:06:03 +0000] "GET /wp-includes/js/wp-emoji-release.min.js?ver=5.8.2 HTTP/2.0" 200 5714 "https://ja.tak-cslab.org/archives/896" "Mozilla/5.0 (Linux; Android 12; Pixel 3 XL Build/SP1A.210812.015; wv) AppleWebKit/537.36 (KHTML, like Gecko) Version/4.0 Chrome/96.0.4664.45 Mobile Safari/537.36 Line/11.19.1/IAB"
133.106.77.200 - - [26/Nov/2021:11:06:03 +0000] "GET /wp-content/plugins/native-lazyload/assets/images/placeholder.svg HTTP/2.0" 200 88 "https://ja.tak-cslab.org/archives/896" "Mozilla/5.0 (Linux; Android 12; Pixel 3 XL Build/SP1A.210812.015; wv) AppleWebKit/537.36 (KHTML, like Gecko) Version/4.0 Chrome/96.0.4664.45 Mobile Safari/537.36 Line/11.19.1/IAB"
133.106.77.200 - - [26/Nov/2021:11:06:03 +0000] "GET /wp-content/uploads/2021/02/%E3%83%92%E3%83%89%E3%83%A9%EF%BC%91.png HTTP/2.0" 200 27267 "https://ja.tak-cslab.org/archives/896" "Mozilla/5.0 (Linux; Android 12; Pixel 3 XL Build/SP1A.210812.015; wv) AppleWebKit/537.36 (KHTML, like Gecko) Version/4.0 Chrome/96.0.4664.45 Mobile Safari/537.36 Line/11.19.1/IAB"
133.106.77.200 - - [26/Nov/2021:11:06:03 +0000] "GET /wp-content/uploads/2021/01/%E3%83%92%E3%83%89%E3%83%A9.jpeg HTTP/2.0" 200 12823 "https://ja.tak-cslab.org/archives/896" "Mozilla/5.0 (Linux; Android 12; Pixel 3 XL Build/SP1A.210812.015; wv) AppleWebKit/537.36 (KHTML, like Gecko) Version/4.0 Chrome/96.0.4664.45 Mobile Safari/537.36 Line/11.19.1/IAB"
133.106.77.200 - - [26/Nov/2021:11:06:03 +0000] "GET /wp-content/uploads/2021/02/%E3%83%92%E3%83%89%E3%83%A9%EF%BC%92.png HTTP/2.0" 200 31701 "https://ja.tak-cslab.org/archives/896" "Mozilla/5.0 (Linux; Android 12; Pixel 3 XL Build/SP1A.210812.015; wv) AppleWebKit/537.36 (KHTML, like Gecko) Version/4.0 Chrome/96.0.4664.45 Mobile Safari/537.36 Line/11.19.1/IAB"
133.106.77.200 - - [26/Nov/2021:11:06:03 +0000] "GET /favicon.ico HTTP/2.0" 302 0 "https://ja.tak-cslab.org/archives/896" "Mozilla/5.0 (Linux; Android 12; Pixel 3 XL Build/SP1A.210812.015; wv) AppleWebKit/537.36 (KHTML, like Gecko) Version/4.0 Chrome/96.0.4664.45 Mobile Safari/537.36 Line/11.19.1/IAB"
133.106.77.200 - - [26/Nov/2021:11:06:03 +0000] "GET /wp-includes/images/w-logo-blue-white-bg.png HTTP/2.0" 200 4119 "https://ja.tak-cslab.org/archives/896" "Mozilla/5.0 (Linux; Android 12; Pixel 3 XL Build/SP1A.210812.015; wv) AppleWebKit/537.36 (KHTML, like Gecko) Version/4.0 Chrome/96.0.4664.45 Mobile Safari/537.36 Line/11.19.1/IAB"
133.106.77.200 - - [26/Nov/2021:11:06:04 +0000] "GET /favicon.ico HTTP/2.0" 302 0 "https://ja.tak-cslab.org/archives/896" "Mozilla/5.0 (Linux; Android 12; Pixel 3 XL Build/SP1A.210812.015; wv) AppleWebKit/537.36 (KHTML, like Gecko) Version/4.0 Chrome/96.0.4664.45 Mobile Safari/537.36 Line/11.19.1/IAB"
133.106.77.200 - - [26/Nov/2021:11:06:04 +0000] "GET /favicon.ico HTTP/2.0" 302 0 "https://ja.tak-cslab.org/archives/896" "Mozilla/5.0 (Linux; Android 12; Pixel 3 XL Build/SP1A.210812.015; wv) AppleWebKit/537.36 (KHTML, like Gecko) Version/4.0 Chrome/96.0.4664.45 Mobile Safari/537.36 Line/11.19.1/IAB"
133.106.77.200 - - [26/Nov/2021:11:06:05 +0000] "GET /favicon.ico HTTP/2.0" 302 0 "https://ja.tak-cslab.org/archives/896" "Mozilla/5.0 (Linux; Android 12; Pixel 3 XL Build/SP1A.210812.015; wv) AppleWebKit/537.36 (KHTML, like Gecko) Version/4.0 Chrome/96.0.4664.45 Mobile Safari/537.36 Line/11.19.1/IAB"
133.106.77.200 - - [26/Nov/2021:11:06:05 +0000] "GET /favicon.ico HTTP/2.0" 302 0 "https://ja.tak-cslab.org/archives/896" "Mozilla/5.0 (Linux; Android 12; Pixel 3 XL Build/SP1A.210812.015; wv) AppleWebKit/537.36 (KHTML, like Gecko) Version/4.0 Chrome/96.0.4664.45 Mobile Safari/537.36 Line/11.19.1/IAB"
133.106.77.200 - - [26/Nov/2021:11:06:05 +0000] "GET /favicon.ico HTTP/2.0" 302 0 "https://ja.tak-cslab.org/archives/896" "Mozilla/5.0 (Linux; Android 12; Pixel 3 XL Build/SP1A.210812.015; wv) AppleWebKit/537.36 (KHTML, like Gecko) Version/4.0 Chrome/96.0.4664.45 Mobile Safari/537.36 Line/11.19.1/IAB"
133.106.77.200 - - [26/Nov/2021:11:06:05 +0000] "GET /favicon.ico HTTP/2.0" 302 0 "https://ja.tak-cslab.org/archives/896" "Mozilla/5.0 (Linux; Android 12; Pixel 3 XL Build/SP1A.210812.015; wv) AppleWebKit/537.36 (KHTML, like Gecko) Version/4.0 Chrome/96.0.4664.45 Mobile Safari/537.36 Line/11.19.1/IAB"
133.106.77.200 - - [26/Nov/2021:11:06:05 +0000] "GET /favicon.ico HTTP/2.0" 302 0 "https://ja.tak-cslab.org/archives/896" "Mozilla/5.0 (Linux; Android 12; Pixel 3 XL Build/SP1A.210812.015; wv) AppleWebKit/537.36 (KHTML, like Gecko) Version/4.0 Chrome/96.0.4664.45 Mobile Safari/537.36 Line/11.19.1/IAB"
133.106.77.200 - - [26/Nov/2021:11:06:05 +0000] "GET /favicon.ico HTTP/2.0" 302 0 "https://ja.tak-cslab.org/archives/896" "Mozilla/5.0 (Linux; Android 12; Pixel 3 XL Build/SP1A.210812.015; wv) AppleWebKit/537.36 (KHTML, like Gecko) Version/4.0 Chrome/96.0.4664.45 Mobile Safari/537.36 Line/11.19.1/IAB"
