216.245.221.83 - - [19/Nov/2021:01:58:08 +0000] "HEAD / HTTP/1.1" 301 0 "http://ja.tak-cslab.org/" "Mozilla/5.0+(compatible; UptimeRobot/2.0; http://www.uptimerobot.com/)"
216.245.221.83 - - [19/Nov/2021:01:58:08 +0000] "HEAD / HTTP/1.1" 200 0 "http://ja.tak-cslab.org/" "Mozilla/5.0+(compatible; UptimeRobot/2.0; http://www.uptimerobot.com/)"
163.215.6.1 - - [19/Nov/2021:02:01:32 +0000] "POST /wp-cron.php?doing_wp_cron=1637287292.5724170207977294921875 HTTP/1.1" 200 31 "https://ja.tak-cslab.org/wp-cron.php?doing_wp_cron=1637287292.5724170207977294921875" "WordPress/5.8.2; https://ja.tak-cslab.org"
34.206.38.217 - - [19/Nov/2021:02:01:32 +0000] "GET /feed HTTP/1.1" 200 55867 "-" "Automate.io BOT"
216.245.221.83 - - [19/Nov/2021:02:03:08 +0000] "HEAD / HTTP/1.1" 301 0 "http://ja.tak-cslab.org/" "Mozilla/5.0+(compatible; UptimeRobot/2.0; http://www.uptimerobot.com/)"
216.245.221.83 - - [19/Nov/2021:02:03:08 +0000] "HEAD / HTTP/1.1" 200 0 "http://ja.tak-cslab.org/" "Mozilla/5.0+(compatible; UptimeRobot/2.0; http://www.uptimerobot.com/)"
34.239.148.241 - - [19/Nov/2021:02:03:37 +0000] "HEAD /feed HTTP/2.0" 200 0 "-" "Slackbot 1.0 (+https://api.slack.com/robots)"
18.206.172.9 - - [19/Nov/2021:02:03:39 +0000] "GET /feed HTTP/1.1" 200 55867 "-" "Slackbot 1.0 (+https://api.slack.com/robots)"
54.90.90.214 - - [19/Nov/2021:02:03:39 +0000] "GET / HTTP/1.1" 200 6320 "-" "Slackbot 1.0 (+https://api.slack.com/robots)"
157.90.209.76 - - [19/Nov/2021:02:04:44 +0000] "GET /robots.txt HTTP/1.1" 301 162 "-" "Mozilla/5.0 (compatible; BLEXBot/1.0; +http://webmeup-crawler.com/)"
157.90.209.76 - - [19/Nov/2021:02:04:45 +0000] "GET /robots.txt HTTP/1.1" 200 123 "-" "Mozilla/5.0 (compatible; BLEXBot/1.0; +http://webmeup-crawler.com/)"
157.90.209.76 - - [19/Nov/2021:02:04:45 +0000] "GET /10gin_cds1?redirect_to=https://ja.tak-cslab.org/archives/1559 HTTP/1.1" 200 4545 "-" "Mozilla/5.0 (compatible; BLEXBot/1.0; +http://webmeup-crawler.com/)"
157.90.209.76 - - [19/Nov/2021:02:04:53 +0000] "GET /10gin_cds1?redirect_to=https://ja.tak-cslab.org/archives/1563 HTTP/1.1" 200 4544 "-" "Mozilla/5.0 (compatible; BLEXBot/1.0; +http://webmeup-crawler.com/)"
157.90.209.76 - - [19/Nov/2021:02:04:59 +0000] "GET /archives/1581 HTTP/1.1" 200 7187 "-" "Mozilla/5.0 (compatible; BLEXBot/1.0; +http://webmeup-crawler.com/)"
157.90.209.76 - - [19/Nov/2021:02:05:10 +0000] "GET /archives/1588 HTTP/1.1" 200 8259 "-" "Mozilla/5.0 (compatible; BLEXBot/1.0; +http://webmeup-crawler.com/)"
157.90.209.76 - - [19/Nov/2021:02:05:22 +0000] "GET /archives/1594 HTTP/1.1" 200 8793 "-" "Mozilla/5.0 (compatible; BLEXBot/1.0; +http://webmeup-crawler.com/)"
34.206.38.217 - - [19/Nov/2021:02:06:32 +0000] "GET /feed HTTP/1.1" 200 55868 "-" "Automate.io BOT"
216.245.221.83 - - [19/Nov/2021:02:08:08 +0000] "HEAD / HTTP/1.1" 301 0 "http://ja.tak-cslab.org/" "Mozilla/5.0+(compatible; UptimeRobot/2.0; http://www.uptimerobot.com/)"
216.245.221.83 - - [19/Nov/2021:02:08:08 +0000] "HEAD / HTTP/1.1" 200 0 "http://ja.tak-cslab.org/" "Mozilla/5.0+(compatible; UptimeRobot/2.0; http://www.uptimerobot.com/)"
34.206.38.217 - - [19/Nov/2021:02:11:32 +0000] "GET /feed HTTP/1.1" 200 55860 "-" "Automate.io BOT"
185.191.171.5 - - [19/Nov/2021:02:13:03 +0000] "GET /robots.txt HTTP/1.1" 200 123 "-" "Mozilla/5.0 (compatible; SemrushBot/7~bl; +http://www.semrush.com/bot.html)"
185.191.171.18 - - [19/Nov/2021:02:13:04 +0000] "GET /10gin_cds1?redirect_to=https%3A%2F%2Fja.tak-cslab.org%2Farchives%2F692 HTTP/1.1" 200 4544 "-" "Mozilla/5.0 (compatible; SemrushBot/7~bl; +http://www.semrush.com/bot.html)"
216.245.221.83 - - [19/Nov/2021:02:13:08 +0000] "HEAD / HTTP/1.1" 301 0 "http://ja.tak-cslab.org/" "Mozilla/5.0+(compatible; UptimeRobot/2.0; http://www.uptimerobot.com/)"
216.245.221.83 - - [19/Nov/2021:02:13:08 +0000] "HEAD / HTTP/1.1" 200 0 "http://ja.tak-cslab.org/" "Mozilla/5.0+(compatible; UptimeRobot/2.0; http://www.uptimerobot.com/)"
34.206.38.217 - - [19/Nov/2021:02:16:33 +0000] "GET /feed HTTP/1.1" 200 55868 "-" "Automate.io BOT"
216.245.221.83 - - [19/Nov/2021:02:18:08 +0000] "HEAD / HTTP/1.1" 301 0 "http://ja.tak-cslab.org/" "Mozilla/5.0+(compatible; UptimeRobot/2.0; http://www.uptimerobot.com/)"
163.215.6.1 - - [19/Nov/2021:02:18:08 +0000] "POST /wp-cron.php?doing_wp_cron=1637288288.7088029384613037109375 HTTP/1.1" 200 31 "https://ja.tak-cslab.org/wp-cron.php?doing_wp_cron=1637288288.7088029384613037109375" "WordPress/5.8.2; https://ja.tak-cslab.org"
216.245.221.83 - - [19/Nov/2021:02:18:08 +0000] "HEAD / HTTP/1.1" 200 0 "http://ja.tak-cslab.org/" "Mozilla/5.0+(compatible; UptimeRobot/2.0; http://www.uptimerobot.com/)"
207.46.13.201 - - [19/Nov/2021:02:19:12 +0000] "GET /wp-content/uploads/2021/02/IMG_1838-1024x768.jpg HTTP/2.0" 200 145835 "-" "Mozilla/5.0 (compatible; bingbot/2.0; +http://www.bing.com/bingbot.htm)"
52.69.106.112 - - [19/Nov/2021:02:21:03 +0000] "GET /archives/author/kazuhiko-sugimoto HTTP/1.1" 200 21612 "https://www.google.co.jp/" "User-Agent: Mozilla/5.0 (Windows NT 6.1; Win64; x64) AppleWebKit/537.36 (KHTML, like Gecko) Chrome/72.0.3626.119 Safari/537.36"
34.206.38.217 - - [19/Nov/2021:02:21:32 +0000] "GET /feed HTTP/1.1" 200 55860 "-" "Automate.io BOT"
216.245.221.83 - - [19/Nov/2021:02:23:08 +0000] "HEAD / HTTP/1.1" 301 0 "http://ja.tak-cslab.org/" "Mozilla/5.0+(compatible; UptimeRobot/2.0; http://www.uptimerobot.com/)"
216.245.221.83 - - [19/Nov/2021:02:23:08 +0000] "HEAD / HTTP/1.1" 200 0 "http://ja.tak-cslab.org/" "Mozilla/5.0+(compatible; UptimeRobot/2.0; http://www.uptimerobot.com/)"
3.236.184.237 - - [19/Nov/2021:02:23:45 +0000] "HEAD /feed HTTP/2.0" 200 0 "-" "Slackbot 1.0 (+https://api.slack.com/robots)"
34.204.108.15 - - [19/Nov/2021:02:23:45 +0000] "GET /feed HTTP/1.1" 200 55861 "-" "Slackbot 1.0 (+https://api.slack.com/robots)"
52.54.163.134 - - [19/Nov/2021:02:23:46 +0000] "GET / HTTP/1.1" 200 6312 "-" "Slackbot 1.0 (+https://api.slack.com/robots)"
34.206.38.217 - - [19/Nov/2021:02:26:33 +0000] "GET /feed HTTP/1.1" 200 55868 "-" "Automate.io BOT"
216.245.221.83 - - [19/Nov/2021:02:28:08 +0000] "HEAD / HTTP/1.1" 301 0 "http://ja.tak-cslab.org/" "Mozilla/5.0+(compatible; UptimeRobot/2.0; http://www.uptimerobot.com/)"
216.245.221.83 - - [19/Nov/2021:02:28:08 +0000] "HEAD / HTTP/1.1" 200 0 "http://ja.tak-cslab.org/" "Mozilla/5.0+(compatible; UptimeRobot/2.0; http://www.uptimerobot.com/)"
192.133.77.14 - - [19/Nov/2021:02:31:11 +0000] "GET /robots.txt HTTP/1.1" 200 128 "-" "Twitterbot/1.0"
192.133.77.14 - - [19/Nov/2021:02:31:11 +0000] "GET /archives/1522 HTTP/1.1" 200 6926 "-" "Twitterbot/1.0"
34.206.38.217 - - [19/Nov/2021:02:31:32 +0000] "GET /feed HTTP/1.1" 200 55867 "-" "Automate.io BOT"
218.225.235.113 - - [19/Nov/2021:02:31:42 +0000] "GET /archives/1647 HTTP/2.0" 200 6380 "https://t.co/" "Mozilla/5.0 (iPhone; CPU iPhone OS 15_0_2 like Mac OS X) AppleWebKit/605.1.15 (KHTML, like Gecko) Version/15.0 Mobile/15E148 Safari/604.1"
218.225.235.113 - - [19/Nov/2021:02:31:42 +0000] "GET /wp-includes/js/wp-emoji-release.min.js?ver=5.8.2 HTTP/2.0" 200 5714 "https://ja.tak-cslab.org/archives/1647" "Mozilla/5.0 (iPhone; CPU iPhone OS 15_0_2 like Mac OS X) AppleWebKit/605.1.15 (KHTML, like Gecko) Version/15.0 Mobile/15E148 Safari/604.1"
218.225.235.113 - - [19/Nov/2021:02:31:42 +0000] "GET /wp-content/themes/cdsl/style.css?ver=1.3.1 HTTP/2.0" 200 272 "https://ja.tak-cslab.org/archives/1647" "Mozilla/5.0 (iPhone; CPU iPhone OS 15_0_2 like Mac OS X) AppleWebKit/605.1.15 (KHTML, like Gecko) Version/15.0 Mobile/15E148 Safari/604.1"
218.225.235.113 - - [19/Nov/2021:02:31:42 +0000] "GET /wp-content/themes/scaffold/assets/js/navigation.js?ver=1.3.1 HTTP/2.0" 200 1266 "https://ja.tak-cslab.org/archives/1647" "Mozilla/5.0 (iPhone; CPU iPhone OS 15_0_2 like Mac OS X) AppleWebKit/605.1.15 (KHTML, like Gecko) Version/15.0 Mobile/15E148 Safari/604.1"
218.225.235.113 - - [19/Nov/2021:02:31:42 +0000] "GET /wp-includes/js/comment-reply.min.js?ver=5.8.2 HTTP/2.0" 200 1390 "https://ja.tak-cslab.org/archives/1647" "Mozilla/5.0 (iPhone; CPU iPhone OS 15_0_2 like Mac OS X) AppleWebKit/605.1.15 (KHTML, like Gecko) Version/15.0 Mobile/15E148 Safari/604.1"
218.225.235.113 - - [19/Nov/2021:02:31:42 +0000] "GET /wp-includes/js/wp-embed.min.js?ver=5.8.2 HTTP/2.0" 200 779 "https://ja.tak-cslab.org/archives/1647" "Mozilla/5.0 (iPhone; CPU iPhone OS 15_0_2 like Mac OS X) AppleWebKit/605.1.15 (KHTML, like Gecko) Version/15.0 Mobile/15E148 Safari/604.1"
218.225.235.113 - - [19/Nov/2021:02:31:42 +0000] "GET /wp-content/themes/scaffold/style.css?ver=5.8.2 HTTP/2.0" 200 5846 "https://ja.tak-cslab.org/archives/1647" "Mozilla/5.0 (iPhone; CPU iPhone OS 15_0_2 like Mac OS X) AppleWebKit/605.1.15 (KHTML, like Gecko) Version/15.0 Mobile/15E148 Safari/604.1"
218.225.235.113 - - [19/Nov/2021:02:31:42 +0000] "GET /wp-includes/css/dist/block-library/style.min.css?ver=5.8.2 HTTP/2.0" 200 13704 "https://ja.tak-cslab.org/archives/1647" "Mozilla/5.0 (iPhone; CPU iPhone OS 15_0_2 like Mac OS X) AppleWebKit/605.1.15 (KHTML, like Gecko) Version/15.0 Mobile/15E148 Safari/604.1"
218.225.235.113 - - [19/Nov/2021:02:31:42 +0000] "GET /wp-content/plugins/native-lazyload/assets/js/lazyload.js HTTP/2.0" 200 1085 "https://ja.tak-cslab.org/archives/1647" "Mozilla/5.0 (iPhone; CPU iPhone OS 15_0_2 like Mac OS X) AppleWebKit/605.1.15 (KHTML, like Gecko) Version/15.0 Mobile/15E148 Safari/604.1"
218.225.235.113 - - [19/Nov/2021:02:31:58 +0000] "GET /archives/1588 HTTP/2.0" 200 8232 "https://ja.tak-cslab.org/archives/1647" "Mozilla/5.0 (iPhone; CPU iPhone OS 15_0_2 like Mac OS X) AppleWebKit/605.1.15 (KHTML, like Gecko) Version/15.0 Mobile/15E148 Safari/604.1"
218.225.235.113 - - [19/Nov/2021:02:31:59 +0000] "GET /wp-content/plugins/native-lazyload/assets/images/placeholder.svg HTTP/2.0" 200 88 "https://ja.tak-cslab.org/archives/1588" "Mozilla/5.0 (iPhone; CPU iPhone OS 15_0_2 like Mac OS X) AppleWebKit/605.1.15 (KHTML, like Gecko) Version/15.0 Mobile/15E148 Safari/604.1"
218.225.235.113 - - [19/Nov/2021:02:31:59 +0000] "GET /wp-content/uploads/2021/11/4802D652-BD0F-4516-9091-6ECBE0F6189F_1_105_c.jpg HTTP/2.0" 200 279465 "https://ja.tak-cslab.org/archives/1588" "Mozilla/5.0 (iPhone; CPU iPhone OS 15_0_2 like Mac OS X) AppleWebKit/605.1.15 (KHTML, like Gecko) Version/15.0 Mobile/15E148 Safari/604.1"
218.225.235.113 - - [19/Nov/2021:02:31:59 +0000] "GET /wp-content/uploads/2021/11/iOS-%E3%81%AE%E7%94%BB%E5%83%8F-1-1536x2048.jpg HTTP/2.0" 200 513769 "https://ja.tak-cslab.org/archives/1588" "Mozilla/5.0 (iPhone; CPU iPhone OS 15_0_2 like Mac OS X) AppleWebKit/605.1.15 (KHTML, like Gecko) Version/15.0 Mobile/15E148 Safari/604.1"
218.225.235.113 - - [19/Nov/2021:02:31:59 +0000] "GET /wp-content/uploads/2021/11/iOS-%E3%81%AE%E7%94%BB%E5%83%8F-2-1536x2048.jpg HTTP/2.0" 200 523014 "https://ja.tak-cslab.org/archives/1588" "Mozilla/5.0 (iPhone; CPU iPhone OS 15_0_2 like Mac OS X) AppleWebKit/605.1.15 (KHTML, like Gecko) Version/15.0 Mobile/15E148 Safari/604.1"
218.225.235.113 - - [19/Nov/2021:02:31:59 +0000] "GET /wp-content/uploads/2021/11/iOS-%E3%81%AE%E7%94%BB%E5%83%8F-1-scaled.jpg HTTP/2.0" 200 744650 "https://ja.tak-cslab.org/archives/1588" "Mozilla/5.0 (iPhone; CPU iPhone OS 15_0_2 like Mac OS X) AppleWebKit/605.1.15 (KHTML, like Gecko) Version/15.0 Mobile/15E148 Safari/604.1"
218.225.235.113 - - [19/Nov/2021:02:31:59 +0000] "GET /wp-content/uploads/2021/11/iOS-%E3%81%AE%E7%94%BB%E5%83%8F-4-1-scaled.jpg HTTP/2.0" 200 611252 "https://ja.tak-cslab.org/archives/1588" "Mozilla/5.0 (iPhone; CPU iPhone OS 15_0_2 like Mac OS X) AppleWebKit/605.1.15 (KHTML, like Gecko) Version/15.0 Mobile/15E148 Safari/604.1"
218.225.235.113 - - [19/Nov/2021:02:31:59 +0000] "GET /wp-content/uploads/2021/11/iOS-%E3%81%AE%E7%94%BB%E5%83%8F-4-1-1536x2048.jpg HTTP/2.0" 200 422357 "https://ja.tak-cslab.org/archives/1588" "Mozilla/5.0 (iPhone; CPU iPhone OS 15_0_2 like Mac OS X) AppleWebKit/605.1.15 (KHTML, like Gecko) Version/15.0 Mobile/15E148 Safari/604.1"
218.225.235.113 - - [19/Nov/2021:02:31:59 +0000] "GET /wp-content/uploads/2021/11/iOS-%E3%81%AE%E7%94%BB%E5%83%8F-3-1536x2048.jpg HTTP/2.0" 200 582113 "https://ja.tak-cslab.org/archives/1588" "Mozilla/5.0 (iPhone; CPU iPhone OS 15_0_2 like Mac OS X) AppleWebKit/605.1.15 (KHTML, like Gecko) Version/15.0 Mobile/15E148 Safari/604.1"
218.225.235.113 - - [19/Nov/2021:02:31:59 +0000] "GET /wp-content/uploads/2021/11/iOS-%E3%81%AE%E7%94%BB%E5%83%8F-2-scaled.jpg HTTP/2.0" 200 754192 "https://ja.tak-cslab.org/archives/1588" "Mozilla/5.0 (iPhone; CPU iPhone OS 15_0_2 like Mac OS X) AppleWebKit/605.1.15 (KHTML, like Gecko) Version/15.0 Mobile/15E148 Safari/604.1"
218.225.235.113 - - [19/Nov/2021:02:31:59 +0000] "GET /wp-content/uploads/2021/11/iOS-%E3%81%AE%E7%94%BB%E5%83%8F-3-scaled.jpg HTTP/2.0" 200 847240 "https://ja.tak-cslab.org/archives/1588" "Mozilla/5.0 (iPhone; CPU iPhone OS 15_0_2 like Mac OS X) AppleWebKit/605.1.15 (KHTML, like Gecko) Version/15.0 Mobile/15E148 Safari/604.1"
218.225.235.113 - - [19/Nov/2021:02:32:02 +0000] "GET /wp-content/uploads/2021/11/515378A5-9FB4-4B74-8272-B46A64FAD39A_1_105_c-3.jpg HTTP/2.0" 200 196253 "https://ja.tak-cslab.org/archives/1588" "Mozilla/5.0 (iPhone; CPU iPhone OS 15_0_2 like Mac OS X) AppleWebKit/605.1.15 (KHTML, like Gecko) Version/15.0 Mobile/15E148 Safari/604.1"
218.225.235.113 - - [19/Nov/2021:02:32:02 +0000] "GET /wp-content/uploads/2021/11/23F6560F-D84B-410B-B029-72B21416F7F4_1_105_c-5.jpg HTTP/2.0" 200 268638 "https://ja.tak-cslab.org/archives/1588" "Mozilla/5.0 (iPhone; CPU iPhone OS 15_0_2 like Mac OS X) AppleWebKit/605.1.15 (KHTML, like Gecko) Version/15.0 Mobile/15E148 Safari/604.1"
218.225.235.113 - - [19/Nov/2021:02:32:26 +0000] "GET /archives/1581 HTTP/2.0" 200 7167 "https://ja.tak-cslab.org/archives/1588" "Mozilla/5.0 (iPhone; CPU iPhone OS 15_0_2 like Mac OS X) AppleWebKit/605.1.15 (KHTML, like Gecko) Version/15.0 Mobile/15E148 Safari/604.1"
218.225.235.113 - - [19/Nov/2021:02:32:28 +0000] "GET /wp-content/uploads/2021/11/image.png HTTP/2.0" 200 72614 "https://ja.tak-cslab.org/archives/1581" "Mozilla/5.0 (iPhone; CPU iPhone OS 15_0_2 like Mac OS X) AppleWebKit/605.1.15 (KHTML, like Gecko) Version/15.0 Mobile/15E148 Safari/604.1"
218.225.235.113 - - [19/Nov/2021:02:32:31 +0000] "GET /archives/1594 HTTP/2.0" 200 8766 "https://ja.tak-cslab.org/archives/1581" "Mozilla/5.0 (iPhone; CPU iPhone OS 15_0_2 like Mac OS X) AppleWebKit/605.1.15 (KHTML, like Gecko) Version/15.0 Mobile/15E148 Safari/604.1"
218.225.235.113 - - [19/Nov/2021:02:32:31 +0000] "GET /wp-content/uploads/2021/11/iOS-%E3%81%AE%E7%94%BB%E5%83%8F-1024x768.jpg HTTP/2.0" 200 141200 "https://ja.tak-cslab.org/archives/1594" "Mozilla/5.0 (iPhone; CPU iPhone OS 15_0_2 like Mac OS X) AppleWebKit/605.1.15 (KHTML, like Gecko) Version/15.0 Mobile/15E148 Safari/604.1"
218.225.235.113 - - [19/Nov/2021:02:32:31 +0000] "GET /wp-content/uploads/2021/11/iOS-%E3%81%AE%E7%94%BB%E5%83%8F-1536x1152.jpg HTTP/2.0" 200 272547 "https://ja.tak-cslab.org/archives/1594" "Mozilla/5.0 (iPhone; CPU iPhone OS 15_0_2 like Mac OS X) AppleWebKit/605.1.15 (KHTML, like Gecko) Version/15.0 Mobile/15E148 Safari/604.1"
218.225.235.113 - - [19/Nov/2021:02:32:38 +0000] "GET /archives/1588 HTTP/2.0" 200 8232 "https://ja.tak-cslab.org/archives/1581" "Mozilla/5.0 (iPhone; CPU iPhone OS 15_0_2 like Mac OS X) AppleWebKit/605.1.15 (KHTML, like Gecko) Version/15.0 Mobile/15E148 Safari/604.1"
218.225.235.113 - - [19/Nov/2021:02:32:42 +0000] "GET /archives/1581 HTTP/2.0" 200 7167 "https://ja.tak-cslab.org/archives/1581" "Mozilla/5.0 (iPhone; CPU iPhone OS 15_0_2 like Mac OS X) AppleWebKit/605.1.15 (KHTML, like Gecko) Version/15.0 Mobile/15E148 Safari/604.1"
218.225.235.113 - - [19/Nov/2021:02:32:45 +0000] "GET /archives/1647 HTTP/2.0" 200 6380 "https://ja.tak-cslab.org/archives/1588" "Mozilla/5.0 (iPhone; CPU iPhone OS 15_0_2 like Mac OS X) AppleWebKit/605.1.15 (KHTML, like Gecko) Version/15.0 Mobile/15E148 Safari/604.1"
218.225.235.113 - - [19/Nov/2021:02:32:47 +0000] "GET /archives/1563 HTTP/2.0" 200 8735 "https://ja.tak-cslab.org/archives/1588" "Mozilla/5.0 (iPhone; CPU iPhone OS 15_0_2 like Mac OS X) AppleWebKit/605.1.15 (KHTML, like Gecko) Version/15.0 Mobile/15E148 Safari/604.1"
218.225.235.113 - - [19/Nov/2021:02:32:47 +0000] "GET /wp-content/uploads/2021/11/IMG_9095.jpg HTTP/2.0" 200 102456 "https://ja.tak-cslab.org/archives/1563" "Mozilla/5.0 (iPhone; CPU iPhone OS 15_0_2 like Mac OS X) AppleWebKit/605.1.15 (KHTML, like Gecko) Version/15.0 Mobile/15E148 Safari/604.1"
218.225.235.113 - - [19/Nov/2021:02:32:47 +0000] "GET /wp-content/uploads/2021/11/IMG_9092.jpg HTTP/2.0" 200 213548 "https://ja.tak-cslab.org/archives/1563" "Mozilla/5.0 (iPhone; CPU iPhone OS 15_0_2 like Mac OS X) AppleWebKit/605.1.15 (KHTML, like Gecko) Version/15.0 Mobile/15E148 Safari/604.1"
218.225.235.113 - - [19/Nov/2021:02:32:54 +0000] "GET / HTTP/2.0" 200 6293 "https://ja.tak-cslab.org/archives/1588" "Mozilla/5.0 (iPhone; CPU iPhone OS 15_0_2 like Mac OS X) AppleWebKit/605.1.15 (KHTML, like Gecko) Version/15.0 Mobile/15E148 Safari/604.1"
218.225.235.113 - - [19/Nov/2021:02:32:54 +0000] "GET /wp-content/uploads/2020/01/server-e1585573899521.png HTTP/2.0" 200 426115 "https://ja.tak-cslab.org/" "Mozilla/5.0 (iPhone; CPU iPhone OS 15_0_2 like Mac OS X) AppleWebKit/605.1.15 (KHTML, like Gecko) Version/15.0 Mobile/15E148 Safari/604.1"
218.225.235.113 - - [19/Nov/2021:02:32:54 +0000] "GET /wp-content/uploads/2020/01/books-e1585573975658.png HTTP/2.0" 200 549531 "https://ja.tak-cslab.org/" "Mozilla/5.0 (iPhone; CPU iPhone OS 15_0_2 like Mac OS X) AppleWebKit/605.1.15 (KHTML, like Gecko) Version/15.0 Mobile/15E148 Safari/604.1"
218.225.235.113 - - [19/Nov/2021:02:32:55 +0000] "GET /wp-content/uploads/2020/01/desk-e1585573956500.png HTTP/2.0" 200 367831 "https://ja.tak-cslab.org/" "Mozilla/5.0 (iPhone; CPU iPhone OS 15_0_2 like Mac OS X) AppleWebKit/605.1.15 (KHTML, like Gecko) Version/15.0 Mobile/15E148 Safari/604.1"
218.225.235.113 - - [19/Nov/2021:02:32:55 +0000] "GET /wp-content/uploads/2020/01/iot2-e1585573992906.png HTTP/2.0" 200 439802 "https://ja.tak-cslab.org/" "Mozilla/5.0 (iPhone; CPU iPhone OS 15_0_2 like Mac OS X) AppleWebKit/605.1.15 (KHTML, like Gecko) Version/15.0 Mobile/15E148 Safari/604.1"
216.245.221.83 - - [19/Nov/2021:02:33:08 +0000] "HEAD / HTTP/1.1" 301 0 "http://ja.tak-cslab.org/" "Mozilla/5.0+(compatible; UptimeRobot/2.0; http://www.uptimerobot.com/)"
216.245.221.83 - - [19/Nov/2021:02:33:08 +0000] "HEAD / HTTP/1.1" 200 0 "http://ja.tak-cslab.org/" "Mozilla/5.0+(compatible; UptimeRobot/2.0; http://www.uptimerobot.com/)"
87.250.224.40 - - [19/Nov/2021:02:34:35 +0000] "GET /robots.txt HTTP/1.1" 200 128 "-" "Mozilla/5.0 (compatible; YandexBot/3.0; +http://yandex.com/bots)"
87.250.224.40 - - [19/Nov/2021:02:34:38 +0000] "GET /favicon.ico HTTP/1.1" 302 5 "-" "Mozilla/5.0 (compatible; YandexFavicons/1.0; +http://yandex.com/bots)"
141.8.142.81 - - [19/Nov/2021:02:34:43 +0000] "GET /wp-includes/images/w-logo-blue-white-bg.png HTTP/1.1" 200 4119 "-" "Mozilla/5.0 (compatible; YandexFavicons/1.0; +http://yandex.com/bots)"
87.250.224.40 - - [19/Nov/2021:02:34:53 +0000] "GET /wp-sitemap.xml HTTP/1.1" 501 256 "-" "Mozilla/5.0 (compatible; YandexBot/3.0; +http://yandex.com/bots)"
87.250.224.183 - - [19/Nov/2021:02:34:58 +0000] "GET /wp-sitemap.xml HTTP/1.1" 501 256 "-" "Mozilla/5.0 (compatible; YandexBot/3.0; +http://yandex.com/bots)"
5.255.253.175 - - [19/Nov/2021:02:35:03 +0000] "GET /wp-sitemap.xml HTTP/1.1" 501 256 "-" "Mozilla/5.0 (compatible; YandexBot/3.0; +http://yandex.com/bots)"
34.206.38.217 - - [19/Nov/2021:02:36:34 +0000] "GET /feed HTTP/1.1" 200 55868 "-" "Automate.io BOT"
216.245.221.83 - - [19/Nov/2021:02:38:08 +0000] "HEAD / HTTP/1.1" 301 0 "http://ja.tak-cslab.org/" "Mozilla/5.0+(compatible; UptimeRobot/2.0; http://www.uptimerobot.com/)"
216.245.221.83 - - [19/Nov/2021:02:38:08 +0000] "HEAD / HTTP/1.1" 200 0 "http://ja.tak-cslab.org/" "Mozilla/5.0+(compatible; UptimeRobot/2.0; http://www.uptimerobot.com/)"
144.76.60.198 - - [19/Nov/2021:02:38:24 +0000] "GET /robots.txt HTTP/1.1" 200 128 "-" "Mozilla/5.0 (compatible; MJ12bot/v1.4.8; http://mj12bot.com/)"
144.76.60.198 - - [19/Nov/2021:02:38:28 +0000] "GET /10gin_cds1?redirect_to=https://ja.tak-cslab.org/archives/1647 HTTP/1.1" 200 4546 "-" "Mozilla/5.0 (compatible; MJ12bot/v1.4.8; http://mj12bot.com/)"
144.76.60.198 - - [19/Nov/2021:02:38:32 +0000] "GET /archives/1647/feed HTTP/1.1" 200 819 "-" "Mozilla/5.0 (compatible; MJ12bot/v1.4.8; http://mj12bot.com/)"
165.225.97.111 - - [19/Nov/2021:02:40:38 +0000] "GET /wp-content/uploads/2021/04/CDSL-System-Architecture7.png HTTP/2.0" 200 89237 "https://www.google.com/" "Mozilla/5.0 (Windows NT 10.0; Win64; x64; rv:94.0) Gecko/20100101 Firefox/94.0"
34.206.38.217 - - [19/Nov/2021:02:41:35 +0000] "GET /feed HTTP/1.1" 200 55868 "-" "Automate.io BOT"
18.182.39.35 - - [19/Nov/2021:02:41:57 +0000] "GET /favicon.ico HTTP/1.1" 302 5 "-" "Slack-ImgProxy (+https://api.slack.com/robots)"
18.180.227.218 - - [19/Nov/2021:02:41:57 +0000] "GET /wp-includes/images/w-logo-blue-white-bg.png HTTP/1.1" 200 4119 "-" "Slack-ImgProxy (+https://api.slack.com/robots)"
216.245.221.83 - - [19/Nov/2021:02:43:08 +0000] "HEAD / HTTP/1.1" 301 0 "http://ja.tak-cslab.org/" "Mozilla/5.0+(compatible; UptimeRobot/2.0; http://www.uptimerobot.com/)"
216.245.221.83 - - [19/Nov/2021:02:43:08 +0000] "HEAD / HTTP/1.1" 200 0 "http://ja.tak-cslab.org/" "Mozilla/5.0+(compatible; UptimeRobot/2.0; http://www.uptimerobot.com/)"
17.121.114.92 - - [19/Nov/2021:02:43:41 +0000] "GET /robots.txt HTTP/1.1" 200 123 "-" "Mozilla/5.0 (Macintosh; Intel Mac OS X 10_15_5) AppleWebKit/605.1.15 (KHTML, like Gecko) Version/13.1.1 Safari/605.1.15 (Applebot/0.1; +http://www.apple.com/go/applebot)"
17.121.114.92 - - [19/Nov/2021:02:43:41 +0000] "GET /archives/1096 HTTP/1.1" 200 6752 "-" "Mozilla/5.0 (Macintosh; Intel Mac OS X 10_15_5) AppleWebKit/605.1.15 (KHTML, like Gecko) Version/13.1.1 Safari/605.1.15 (Applebot/0.1; +http://www.apple.com/go/applebot)"
54.197.164.189 - - [19/Nov/2021:02:43:43 +0000] "HEAD /feed HTTP/2.0" 200 0 "-" "Slackbot 1.0 (+https://api.slack.com/robots)"
35.173.224.189 - - [19/Nov/2021:02:43:44 +0000] "GET /feed HTTP/1.1" 200 55847 "-" "Slackbot 1.0 (+https://api.slack.com/robots)"
114.119.135.83 - - [19/Nov/2021:02:43:44 +0000] "GET /wp-content/uploads/2020/09/20200925_200925_0-1-1024x768.jpg HTTP/1.1" 200 98940 "-" "Mozilla/5.0 (Linux; Android 7.0;) AppleWebKit/537.36 (KHTML, like Gecko) Mobile Safari/537.36 (compatible; PetalBot;+https://webmaster.petalsearch.com/site/petalbot)"
54.221.85.187 - - [19/Nov/2021:02:43:45 +0000] "GET / HTTP/1.1" 200 6312 "-" "Slackbot 1.0 (+https://api.slack.com/robots)"
34.206.38.217 - - [19/Nov/2021:02:46:35 +0000] "GET /feed HTTP/1.1" 200 55868 "-" "Automate.io BOT"
216.245.221.83 - - [19/Nov/2021:02:48:08 +0000] "HEAD / HTTP/1.1" 301 0 "http://ja.tak-cslab.org/" "Mozilla/5.0+(compatible; UptimeRobot/2.0; http://www.uptimerobot.com/)"
216.245.221.83 - - [19/Nov/2021:02:48:08 +0000] "HEAD / HTTP/1.1" 200 0 "http://ja.tak-cslab.org/" "Mozilla/5.0+(compatible; UptimeRobot/2.0; http://www.uptimerobot.com/)"
40.77.167.82 - - [19/Nov/2021:02:49:42 +0000] "GET /wp-content/uploads/2020/09/Screen-Shot-2020-09-09-at-14.31.27.png HTTP/2.0" 200 250749 "-" "Mozilla/5.0 (compatible; bingbot/2.0; +http://www.bing.com/bingbot.htm)"
34.206.38.217 - - [19/Nov/2021:02:51:35 +0000] "GET /feed HTTP/1.1" 200 55867 "-" "Automate.io BOT"
216.245.221.83 - - [19/Nov/2021:02:53:08 +0000] "HEAD / HTTP/1.1" 301 0 "http://ja.tak-cslab.org/" "Mozilla/5.0+(compatible; UptimeRobot/2.0; http://www.uptimerobot.com/)"
216.245.221.83 - - [19/Nov/2021:02:53:08 +0000] "HEAD / HTTP/1.1" 200 0 "http://ja.tak-cslab.org/" "Mozilla/5.0+(compatible; UptimeRobot/2.0; http://www.uptimerobot.com/)"
34.206.38.217 - - [19/Nov/2021:02:56:34 +0000] "GET /feed HTTP/1.1" 200 55861 "-" "Automate.io BOT"
216.245.221.83 - - [19/Nov/2021:02:58:08 +0000] "HEAD / HTTP/1.1" 301 0 "http://ja.tak-cslab.org/" "Mozilla/5.0+(compatible; UptimeRobot/2.0; http://www.uptimerobot.com/)"
216.245.221.83 - - [19/Nov/2021:02:58:08 +0000] "HEAD / HTTP/1.1" 200 0 "http://ja.tak-cslab.org/" "Mozilla/5.0+(compatible; UptimeRobot/2.0; http://www.uptimerobot.com/)"
185.191.171.34 - - [19/Nov/2021:03:00:14 +0000] "GET /archives/author/c0119360 HTTP/1.1" 200 5718 "-" "Mozilla/5.0 (compatible; SemrushBot/7~bl; +http://www.semrush.com/bot.html)"
163.215.6.1 - - [19/Nov/2021:03:01:34 +0000] "POST /wp-cron.php?doing_wp_cron=1637290894.6918990612030029296875 HTTP/1.1" 200 31 "https://ja.tak-cslab.org/wp-cron.php?doing_wp_cron=1637290894.6918990612030029296875" "WordPress/5.8.2; https://ja.tak-cslab.org"
34.206.38.217 - - [19/Nov/2021:03:01:34 +0000] "GET /feed HTTP/1.1" 200 55861 "-" "Automate.io BOT"
216.245.221.83 - - [19/Nov/2021:03:03:08 +0000] "HEAD / HTTP/1.1" 301 0 "http://ja.tak-cslab.org/" "Mozilla/5.0+(compatible; UptimeRobot/2.0; http://www.uptimerobot.com/)"
216.245.221.83 - - [19/Nov/2021:03:03:08 +0000] "HEAD / HTTP/1.1" 200 0 "http://ja.tak-cslab.org/" "Mozilla/5.0+(compatible; UptimeRobot/2.0; http://www.uptimerobot.com/)"
3.92.169.139 - - [19/Nov/2021:03:03:39 +0000] "HEAD /feed HTTP/2.0" 200 0 "-" "Slackbot 1.0 (+https://api.slack.com/robots)"
34.205.127.160 - - [19/Nov/2021:03:03:40 +0000] "GET /feed HTTP/1.1" 200 55868 "-" "Slackbot 1.0 (+https://api.slack.com/robots)"
54.197.164.189 - - [19/Nov/2021:03:03:41 +0000] "GET / HTTP/1.1" 200 6312 "-" "Slackbot 1.0 (+https://api.slack.com/robots)"
34.206.38.217 - - [19/Nov/2021:03:06:35 +0000] "GET /feed HTTP/1.1" 200 55867 "-" "Automate.io BOT"
216.245.221.83 - - [19/Nov/2021:03:08:08 +0000] "HEAD / HTTP/1.1" 301 0 "http://ja.tak-cslab.org/" "Mozilla/5.0+(compatible; UptimeRobot/2.0; http://www.uptimerobot.com/)"
216.245.221.83 - - [19/Nov/2021:03:08:08 +0000] "HEAD / HTTP/1.1" 200 0 "http://ja.tak-cslab.org/" "Mozilla/5.0+(compatible; UptimeRobot/2.0; http://www.uptimerobot.com/)"
34.206.38.217 - - [19/Nov/2021:03:11:35 +0000] "GET /feed HTTP/1.1" 200 55861 "-" "Automate.io BOT"
35.77.17.141 - - [19/Nov/2021:03:12:52 +0000] "GET /favicon.ico HTTP/1.1" 302 5 "-" "Slack-ImgProxy (+https://api.slack.com/robots)"
13.115.234.236 - - [19/Nov/2021:03:12:52 +0000] "GET /wp-includes/images/w-logo-blue-white-bg.png HTTP/1.1" 200 4119 "-" "Slack-ImgProxy (+https://api.slack.com/robots)"
216.245.221.83 - - [19/Nov/2021:03:13:08 +0000] "HEAD / HTTP/1.1" 301 0 "http://ja.tak-cslab.org/" "Mozilla/5.0+(compatible; UptimeRobot/2.0; http://www.uptimerobot.com/)"
216.245.221.83 - - [19/Nov/2021:03:13:08 +0000] "HEAD / HTTP/1.1" 200 0 "http://ja.tak-cslab.org/" "Mozilla/5.0+(compatible; UptimeRobot/2.0; http://www.uptimerobot.com/)"
207.46.13.21 - - [19/Nov/2021:03:14:00 +0000] "GET /archives/692 HTTP/2.0" 200 10497 "-" "Mozilla/5.0 (compatible; bingbot/2.0; +http://www.bing.com/bingbot.htm)"
40.77.167.30 - - [19/Nov/2021:03:14:12 +0000] "GET /wp-content/themes/scaffold/assets/js/navigation.js?ver=1.3.1 HTTP/2.0" 200 1266 "-" "Mozilla/5.0 (compatible; bingbot/2.0; +http://www.bing.com/bingbot.htm)"
34.206.38.217 - - [19/Nov/2021:03:16:35 +0000] "GET /feed HTTP/1.1" 200 55867 "-" "Automate.io BOT"
163.215.6.1 - - [19/Nov/2021:03:17:06 +0000] "GET /archives/152 HTTP/2.0" 200 6271 "https://www.google.com/" "Mozilla/5.0 (Windows NT 10.0; Win64; x64) AppleWebKit/537.36 (KHTML, like Gecko) Chrome/95.0.4638.69 Safari/537.36"
163.215.6.1 - - [19/Nov/2021:03:17:10 +0000] "GET /tech-report HTTP/2.0" 200 12282 "https://ja.tak-cslab.org/archives/152" "Mozilla/5.0 (Windows NT 10.0; Win64; x64) AppleWebKit/537.36 (KHTML, like Gecko) Chrome/95.0.4638.69 Safari/537.36"
216.245.221.83 - - [19/Nov/2021:03:18:08 +0000] "HEAD / HTTP/1.1" 301 0 "http://ja.tak-cslab.org/" "Mozilla/5.0+(compatible; UptimeRobot/2.0; http://www.uptimerobot.com/)"
163.215.6.1 - - [19/Nov/2021:03:18:08 +0000] "POST /wp-cron.php?doing_wp_cron=1637291888.7182540893554687500000 HTTP/1.1" 200 31 "https://ja.tak-cslab.org/wp-cron.php?doing_wp_cron=1637291888.7182540893554687500000" "WordPress/5.8.2; https://ja.tak-cslab.org"
216.245.221.83 - - [19/Nov/2021:03:18:08 +0000] "HEAD / HTTP/1.1" 200 0 "http://ja.tak-cslab.org/" "Mozilla/5.0+(compatible; UptimeRobot/2.0; http://www.uptimerobot.com/)"
114.119.138.140 - - [19/Nov/2021:03:20:55 +0000] "GET /robots.txt HTTP/1.1" 200 123 "-" "Mozilla/5.0 (compatible;PetalBot;+https://webmaster.petalsearch.com/site/petalbot)"
34.206.38.217 - - [19/Nov/2021:03:21:35 +0000] "GET /feed HTTP/1.1" 200 55867 "-" "Automate.io BOT"
216.245.221.83 - - [19/Nov/2021:03:23:08 +0000] "HEAD / HTTP/1.1" 301 0 "http://ja.tak-cslab.org/" "Mozilla/5.0+(compatible; UptimeRobot/2.0; http://www.uptimerobot.com/)"
216.245.221.83 - - [19/Nov/2021:03:23:08 +0000] "HEAD / HTTP/1.1" 200 0 "http://ja.tak-cslab.org/" "Mozilla/5.0+(compatible; UptimeRobot/2.0; http://www.uptimerobot.com/)"
3.234.178.179 - - [19/Nov/2021:03:23:44 +0000] "HEAD /feed HTTP/2.0" 200 0 "-" "Slackbot 1.0 (+https://api.slack.com/robots)"
54.158.252.131 - - [19/Nov/2021:03:23:45 +0000] "GET /feed HTTP/1.1" 200 55854 "-" "Slackbot 1.0 (+https://api.slack.com/robots)"
3.216.93.196 - - [19/Nov/2021:03:23:46 +0000] "GET / HTTP/1.1" 200 6312 "-" "Slackbot 1.0 (+https://api.slack.com/robots)"
34.206.38.217 - - [19/Nov/2021:03:26:35 +0000] "GET /feed HTTP/1.1" 200 55868 "-" "Automate.io BOT"
216.245.221.83 - - [19/Nov/2021:03:28:08 +0000] "HEAD / HTTP/1.1" 301 0 "http://ja.tak-cslab.org/" "Mozilla/5.0+(compatible; UptimeRobot/2.0; http://www.uptimerobot.com/)"
216.245.221.83 - - [19/Nov/2021:03:28:08 +0000] "HEAD / HTTP/1.1" 200 0 "http://ja.tak-cslab.org/" "Mozilla/5.0+(compatible; UptimeRobot/2.0; http://www.uptimerobot.com/)"
39.110.120.193 - - [19/Nov/2021:03:31:13 +0000] "GET /archives/460 HTTP/2.0" 200 9378 "https://www.google.co.jp/" "Mozilla/5.0 (iPhone; CPU iPhone OS 14_8 like Mac OS X) AppleWebKit/605.1.15 (KHTML, like Gecko) Version/14.1.2 Mobile/15E148 Safari/604.1"
39.110.120.193 - - [19/Nov/2021:03:31:13 +0000] "GET /wp-includes/js/wp-emoji-release.min.js?ver=5.8.2 HTTP/2.0" 200 5714 "https://ja.tak-cslab.org/archives/460" "Mozilla/5.0 (iPhone; CPU iPhone OS 14_8 like Mac OS X) AppleWebKit/605.1.15 (KHTML, like Gecko) Version/14.1.2 Mobile/15E148 Safari/604.1"
39.110.120.193 - - [19/Nov/2021:03:31:13 +0000] "GET /wp-content/themes/cdsl/style.css?ver=1.3.1 HTTP/2.0" 200 272 "https://ja.tak-cslab.org/archives/460" "Mozilla/5.0 (iPhone; CPU iPhone OS 14_8 like Mac OS X) AppleWebKit/605.1.15 (KHTML, like Gecko) Version/14.1.2 Mobile/15E148 Safari/604.1"
39.110.120.193 - - [19/Nov/2021:03:31:13 +0000] "GET /wp-content/plugins/native-lazyload/assets/images/placeholder.svg HTTP/2.0" 200 88 "https://ja.tak-cslab.org/archives/460" "Mozilla/5.0 (iPhone; CPU iPhone OS 14_8 like Mac OS X) AppleWebKit/605.1.15 (KHTML, like Gecko) Version/14.1.2 Mobile/15E148 Safari/604.1"
39.110.120.193 - - [19/Nov/2021:03:31:13 +0000] "GET /wp-content/themes/scaffold/assets/js/navigation.js?ver=1.3.1 HTTP/2.0" 200 1266 "https://ja.tak-cslab.org/archives/460" "Mozilla/5.0 (iPhone; CPU iPhone OS 14_8 like Mac OS X) AppleWebKit/605.1.15 (KHTML, like Gecko) Version/14.1.2 Mobile/15E148 Safari/604.1"
39.110.120.193 - - [19/Nov/2021:03:31:13 +0000] "GET /wp-includes/js/wp-embed.min.js?ver=5.8.2 HTTP/2.0" 200 779 "https://ja.tak-cslab.org/archives/460" "Mozilla/5.0 (iPhone; CPU iPhone OS 14_8 like Mac OS X) AppleWebKit/605.1.15 (KHTML, like Gecko) Version/14.1.2 Mobile/15E148 Safari/604.1"
39.110.120.193 - - [19/Nov/2021:03:31:13 +0000] "GET /wp-content/themes/scaffold/style.css?ver=5.8.2 HTTP/2.0" 200 5846 "https://ja.tak-cslab.org/archives/460" "Mozilla/5.0 (iPhone; CPU iPhone OS 14_8 like Mac OS X) AppleWebKit/605.1.15 (KHTML, like Gecko) Version/14.1.2 Mobile/15E148 Safari/604.1"
39.110.120.193 - - [19/Nov/2021:03:31:13 +0000] "GET /wp-includes/css/dist/block-library/style.min.css?ver=5.8.2 HTTP/2.0" 200 13704 "https://ja.tak-cslab.org/archives/460" "Mozilla/5.0 (iPhone; CPU iPhone OS 14_8 like Mac OS X) AppleWebKit/605.1.15 (KHTML, like Gecko) Version/14.1.2 Mobile/15E148 Safari/604.1"
39.110.120.193 - - [19/Nov/2021:03:31:13 +0000] "GET /wp-content/plugins/native-lazyload/assets/js/lazyload.js HTTP/2.0" 200 1085 "https://ja.tak-cslab.org/archives/460" "Mozilla/5.0 (iPhone; CPU iPhone OS 14_8 like Mac OS X) AppleWebKit/605.1.15 (KHTML, like Gecko) Version/14.1.2 Mobile/15E148 Safari/604.1"
39.110.120.193 - - [19/Nov/2021:03:31:13 +0000] "GET /favicon.ico HTTP/2.0" 302 0 "https://ja.tak-cslab.org/archives/460" "Mozilla/5.0 (iPhone; CPU iPhone OS 14_8 like Mac OS X) AppleWebKit/605.1.15 (KHTML, like Gecko) Version/14.1.2 Mobile/15E148 Safari/604.1"
39.110.120.193 - - [19/Nov/2021:03:31:13 +0000] "GET /wp-includes/images/w-logo-blue-white-bg.png HTTP/2.0" 200 4119 "https://ja.tak-cslab.org/archives/460" "Mozilla/5.0 (iPhone; CPU iPhone OS 14_8 like Mac OS X) AppleWebKit/605.1.15 (KHTML, like Gecko) Version/14.1.2 Mobile/15E148 Safari/604.1"
39.110.120.193 - - [19/Nov/2021:03:31:15 +0000] "GET /wp-content/uploads/2020/07/bft1-2.png HTTP/2.0" 200 156708 "https://ja.tak-cslab.org/archives/460" "Mozilla/5.0 (iPhone; CPU iPhone OS 14_8 like Mac OS X) AppleWebKit/605.1.15 (KHTML, like Gecko) Version/14.1.2 Mobile/15E148 Safari/604.1"
39.110.120.193 - - [19/Nov/2021:03:31:15 +0000] "GET /wp-content/uploads/2020/07/bft1-2-768x487.png HTTP/2.0" 200 159639 "https://ja.tak-cslab.org/archives/460" "Mozilla/5.0 (iPhone; CPU iPhone OS 14_8 like Mac OS X) AppleWebKit/605.1.15 (KHTML, like Gecko) Version/14.1.2 Mobile/15E148 Safari/604.1"
39.110.120.193 - - [19/Nov/2021:03:31:26 +0000] "GET /wp-content/uploads/2020/07/bft2.png HTTP/2.0" 200 106970 "https://ja.tak-cslab.org/archives/460" "Mozilla/5.0 (iPhone; CPU iPhone OS 14_8 like Mac OS X) AppleWebKit/605.1.15 (KHTML, like Gecko) Version/14.1.2 Mobile/15E148 Safari/604.1"
39.110.120.193 - - [19/Nov/2021:03:31:26 +0000] "GET /wp-content/uploads/2020/07/bft2-768x509.png HTTP/2.0" 200 212973 "https://ja.tak-cslab.org/archives/460" "Mozilla/5.0 (iPhone; CPU iPhone OS 14_8 like Mac OS X) AppleWebKit/605.1.15 (KHTML, like Gecko) Version/14.1.2 Mobile/15E148 Safari/604.1"
34.206.38.217 - - [19/Nov/2021:03:31:35 +0000] "GET /feed HTTP/1.1" 200 55860 "-" "Automate.io BOT"
216.245.221.83 - - [19/Nov/2021:03:33:08 +0000] "HEAD / HTTP/1.1" 301 0 "http://ja.tak-cslab.org/" "Mozilla/5.0+(compatible; UptimeRobot/2.0; http://www.uptimerobot.com/)"
216.245.221.83 - - [19/Nov/2021:03:33:08 +0000] "HEAD / HTTP/1.1" 200 0 "http://ja.tak-cslab.org/" "Mozilla/5.0+(compatible; UptimeRobot/2.0; http://www.uptimerobot.com/)"
51.222.253.10 - - [19/Nov/2021:03:34:56 +0000] "GET /topics/blog/page/8 HTTP/2.0" 200 17609 "-" "Mozilla/5.0 (compatible; AhrefsBot/7.0; +http://ahrefs.com/robot/)"
106.132.238.197 - - [19/Nov/2021:03:35:42 +0000] "GET /archives/1581 HTTP/2.0" 200 7167 "https://ja.tak-cslab.org/about" "Mozilla/5.0 (iPhone; CPU iPhone OS 15_1 like Mac OS X) AppleWebKit/605.1.15 (KHTML, like Gecko) Version/15.1 Mobile/15E148 Safari/604.1"
106.132.238.197 - - [19/Nov/2021:03:36:07 +0000] "GET /wp-content/uploads/2021/11/image.png HTTP/2.0" 200 72614 "https://ja.tak-cslab.org/archives/1581" "Mozilla/5.0 (iPhone; CPU iPhone OS 15_1 like Mac OS X) AppleWebKit/605.1.15 (KHTML, like Gecko) Version/15.1 Mobile/15E148 Safari/604.1"
106.132.238.197 - - [19/Nov/2021:03:36:07 +0000] "GET /wp-content/uploads/2021/11/image-768x273.png HTTP/2.0" 200 29115 "https://ja.tak-cslab.org/archives/1581" "Mozilla/5.0 (iPhone; CPU iPhone OS 15_1 like Mac OS X) AppleWebKit/605.1.15 (KHTML, like Gecko) Version/15.1 Mobile/15E148 Safari/604.1"
106.132.238.197 - - [19/Nov/2021:03:36:29 +0000] "GET /archives/1647 HTTP/2.0" 200 6380 "https://ja.tak-cslab.org/about" "Mozilla/5.0 (iPhone; CPU iPhone OS 15_1 like Mac OS X) AppleWebKit/605.1.15 (KHTML, like Gecko) Version/15.1 Mobile/15E148 Safari/604.1"
34.206.38.217 - - [19/Nov/2021:03:36:35 +0000] "GET /feed HTTP/1.1" 200 55868 "-" "Automate.io BOT"
106.132.238.197 - - [19/Nov/2021:03:36:42 +0000] "GET /archives/1647 HTTP/2.0" 200 6380 "https://ja.tak-cslab.org/about" "Mozilla/5.0 (iPhone; CPU iPhone OS 15_1 like Mac OS X) AppleWebKit/605.1.15 (KHTML, like Gecko) Version/15.1 Mobile/15E148 Safari/604.1"
106.132.238.197 - - [19/Nov/2021:03:36:48 +0000] "GET /about HTTP/2.0" 200 5430 "https://ja.tak-cslab.org/about" "Mozilla/5.0 (iPhone; CPU iPhone OS 15_1 like Mac OS X) AppleWebKit/605.1.15 (KHTML, like Gecko) Version/15.1 Mobile/15E148 Safari/604.1"
106.132.238.197 - - [19/Nov/2021:03:36:50 +0000] "GET /about HTTP/2.0" 200 5430 "https://ja.tak-cslab.org/about" "Mozilla/5.0 (iPhone; CPU iPhone OS 15_1 like Mac OS X) AppleWebKit/605.1.15 (KHTML, like Gecko) Version/15.1 Mobile/15E148 Safari/604.1"
106.132.238.197 - - [19/Nov/2021:03:36:53 +0000] "GET /topics/news HTTP/2.0" 200 7875 "https://ja.tak-cslab.org/about" "Mozilla/5.0 (iPhone; CPU iPhone OS 15_1 like Mac OS X) AppleWebKit/605.1.15 (KHTML, like Gecko) Version/15.1 Mobile/15E148 Safari/604.1"
66.249.79.158 - - [19/Nov/2021:03:36:56 +0000] "GET /wp-content/uploads/2020/09/Screen-Shot-2020-09-09-at-15.14.44-1024x630.png HTTP/1.1" 200 426428 "-" "Googlebot-Image/1.0"
114.119.150.210 - - [19/Nov/2021:03:37:03 +0000] "GET /10gin_cds1?redirect_to=https://ja.tak-cslab.org/archives/737 HTTP/1.1" 200 4549 "-" "Mozilla/5.0 (Linux; Android 7.0;) AppleWebKit/537.36 (KHTML, like Gecko) Mobile Safari/537.36 (compatible; PetalBot;+https://webmaster.petalsearch.com/site/petalbot)"
216.245.221.83 - - [19/Nov/2021:03:38:08 +0000] "HEAD / HTTP/1.1" 301 0 "http://ja.tak-cslab.org/" "Mozilla/5.0+(compatible; UptimeRobot/2.0; http://www.uptimerobot.com/)"
216.245.221.83 - - [19/Nov/2021:03:38:08 +0000] "HEAD / HTTP/1.1" 200 0 "http://ja.tak-cslab.org/" "Mozilla/5.0+(compatible; UptimeRobot/2.0; http://www.uptimerobot.com/)"
106.132.238.197 - - [19/Nov/2021:03:38:56 +0000] "GET /join-us HTTP/2.0" 200 5647 "https://ja.tak-cslab.org/about" "Mozilla/5.0 (iPhone; CPU iPhone OS 15_1 like Mac OS X) AppleWebKit/605.1.15 (KHTML, like Gecko) Version/15.1 Mobile/15E148 Safari/604.1"
91.219.236.228 - - [19/Nov/2021:03:39:05 +0000] "POST /xmlrpc.php HTTP/1.0" 301 162 "-" "Mozilla/5.0 (Windows NT 6.1) AppleWebKit/537.36 (KHTML, like Gecko) Chrome/86.0.4240.193 Safari/537.36"
91.219.236.228 - - [19/Nov/2021:03:39:07 +0000] "POST /xmlrpc.php HTTP/1.0" 200 403 "-" "Mozilla/5.0 (Windows NT 6.1) AppleWebKit/537.36 (KHTML, like Gecko) Chrome/86.0.4240.193 Safari/537.36"
106.132.238.197 - - [19/Nov/2021:03:39:14 +0000] "GET /tech-report HTTP/2.0" 200 12282 "https://ja.tak-cslab.org/about" "Mozilla/5.0 (iPhone; CPU iPhone OS 15_1 like Mac OS X) AppleWebKit/605.1.15 (KHTML, like Gecko) Version/15.1 Mobile/15E148 Safari/604.1"
106.132.238.197 - - [19/Nov/2021:03:39:51 +0000] "GET /about/tools HTTP/2.0" 200 6089 "https://ja.tak-cslab.org/about" "Mozilla/5.0 (iPhone; CPU iPhone OS 15_1 like Mac OS X) AppleWebKit/605.1.15 (KHTML, like Gecko) Version/15.1 Mobile/15E148 Safari/604.1"
106.132.238.197 - - [19/Nov/2021:03:39:52 +0000] "GET /wp-content/uploads/2020/01/image-1-768x392.png HTTP/2.0" 200 174961 "https://ja.tak-cslab.org/about/tools" "Mozilla/5.0 (iPhone; CPU iPhone OS 15_1 like Mac OS X) AppleWebKit/605.1.15 (KHTML, like Gecko) Version/15.1 Mobile/15E148 Safari/604.1"
106.132.238.197 - - [19/Nov/2021:03:39:52 +0000] "GET /wp-content/uploads/2020/01/image-1-1024x523.png HTTP/2.0" 200 269833 "https://ja.tak-cslab.org/about/tools" "Mozilla/5.0 (iPhone; CPU iPhone OS 15_1 like Mac OS X) AppleWebKit/605.1.15 (KHTML, like Gecko) Version/15.1 Mobile/15E148 Safari/604.1"
106.132.238.197 - - [19/Nov/2021:03:39:52 +0000] "GET /wp-content/uploads/2020/01/image-2-1024x709.png HTTP/2.0" 200 451610 "https://ja.tak-cslab.org/about/tools" "Mozilla/5.0 (iPhone; CPU iPhone OS 15_1 like Mac OS X) AppleWebKit/605.1.15 (KHTML, like Gecko) Version/15.1 Mobile/15E148 Safari/604.1"
106.132.238.197 - - [19/Nov/2021:03:39:56 +0000] "GET /about/facility HTTP/2.0" 200 5352 "https://ja.tak-cslab.org/about" "Mozilla/5.0 (iPhone; CPU iPhone OS 15_1 like Mac OS X) AppleWebKit/605.1.15 (KHTML, like Gecko) Version/15.1 Mobile/15E148 Safari/604.1"
106.132.238.197 - - [19/Nov/2021:03:39:59 +0000] "GET /about/it-facility HTTP/2.0" 200 9004 "https://ja.tak-cslab.org/about/facility" "Mozilla/5.0 (iPhone; CPU iPhone OS 15_1 like Mac OS X) AppleWebKit/605.1.15 (KHTML, like Gecko) Version/15.1 Mobile/15E148 Safari/604.1"
106.132.238.197 - - [19/Nov/2021:03:40:04 +0000] "GET /about/it-facility HTTP/2.0" 200 9004 "https://ja.tak-cslab.org/about" "Mozilla/5.0 (iPhone; CPU iPhone OS 15_1 like Mac OS X) AppleWebKit/605.1.15 (KHTML, like Gecko) Version/15.1 Mobile/15E148 Safari/604.1"
106.132.238.197 - - [19/Nov/2021:03:40:32 +0000] "GET /archives/1342 HTTP/2.0" 200 7839 "https://ja.tak-cslab.org/about/it-facility" "Mozilla/5.0 (iPhone; CPU iPhone OS 15_1 like Mac OS X) AppleWebKit/605.1.15 (KHTML, like Gecko) Version/15.1 Mobile/15E148 Safari/604.1"
106.132.238.197 - - [19/Nov/2021:03:40:32 +0000] "GET /wp-content/uploads/2021/08/001-600x420.jpg HTTP/2.0" 200 35859 "https://ja.tak-cslab.org/archives/1342" "Mozilla/5.0 (iPhone; CPU iPhone OS 15_1 like Mac OS X) AppleWebKit/605.1.15 (KHTML, like Gecko) Version/15.1 Mobile/15E148 Safari/604.1"
106.132.238.197 - - [19/Nov/2021:03:40:32 +0000] "GET /wp-content/uploads/2021/08/001-768x538.jpg HTTP/2.0" 200 52605 "https://ja.tak-cslab.org/archives/1342" "Mozilla/5.0 (iPhone; CPU iPhone OS 15_1 like Mac OS X) AppleWebKit/605.1.15 (KHTML, like Gecko) Version/15.1 Mobile/15E148 Safari/604.1"
106.132.238.197 - - [19/Nov/2021:03:40:43 +0000] "GET /wp-content/uploads/2021/08/CDSL-System-Architecture.png HTTP/2.0" 200 59085 "https://ja.tak-cslab.org/archives/1342" "Mozilla/5.0 (iPhone; CPU iPhone OS 15_1 like Mac OS X) AppleWebKit/605.1.15 (KHTML, like Gecko) Version/15.1 Mobile/15E148 Safari/604.1"
106.132.238.197 - - [19/Nov/2021:03:40:44 +0000] "GET /wp-content/uploads/2021/08/CDSL-System-Architecture-768x432.png HTTP/2.0" 200 67122 "https://ja.tak-cslab.org/archives/1342" "Mozilla/5.0 (iPhone; CPU iPhone OS 15_1 like Mac OS X) AppleWebKit/605.1.15 (KHTML, like Gecko) Version/15.1 Mobile/15E148 Safari/604.1"
106.132.238.197 - - [19/Nov/2021:03:40:52 +0000] "GET /wp-content/uploads/2021/08/002-1024x702.jpg HTTP/2.0" 200 53095 "https://ja.tak-cslab.org/archives/1342" "Mozilla/5.0 (iPhone; CPU iPhone OS 15_1 like Mac OS X) AppleWebKit/605.1.15 (KHTML, like Gecko) Version/15.1 Mobile/15E148 Safari/604.1"
106.132.238.197 - - [19/Nov/2021:03:40:52 +0000] "GET /wp-content/uploads/2021/08/002-768x527.jpg HTTP/2.0" 200 34881 "https://ja.tak-cslab.org/archives/1342" "Mozilla/5.0 (iPhone; CPU iPhone OS 15_1 like Mac OS X) AppleWebKit/605.1.15 (KHTML, like Gecko) Version/15.1 Mobile/15E148 Safari/604.1"
106.132.238.197 - - [19/Nov/2021:03:41:00 +0000] "GET /wp-content/uploads/2021/08/001-1024x717.jpg HTTP/2.0" 200 78495 "https://ja.tak-cslab.org/archives/1342" "Mozilla/5.0 (iPhone; CPU iPhone OS 15_1 like Mac OS X) AppleWebKit/605.1.15 (KHTML, like Gecko) Version/15.1 Mobile/15E148 Safari/604.1"
34.206.38.217 - - [19/Nov/2021:03:41:34 +0000] "GET /feed HTTP/1.1" 200 55860 "-" "Automate.io BOT"
106.132.238.197 - - [19/Nov/2021:03:41:36 +0000] "GET /archives/1594 HTTP/2.0" 200 8766 "https://ja.tak-cslab.org/about/it-facility" "Mozilla/5.0 (iPhone; CPU iPhone OS 15_1 like Mac OS X) AppleWebKit/605.1.15 (KHTML, like Gecko) Version/15.1 Mobile/15E148 Safari/604.1"
23.95.193.182 - - [19/Nov/2021:03:43:00 +0000] "GET /archives/460/ HTTP/1.1" 301 162 "http://ja.tak-cslab.org/archives/460/" "Mozilla/5.0 (Windows NT 10.0) AppleWebKit/537.36 (KHTML, like Gecko) Chrome/90.0.4430.93 Safari/537.36"
176.193.239.53 - - [19/Nov/2021:03:43:01 +0000] "GET /archives/460/ HTTP/1.0" 301 0 "https://ja.tak-cslab.org/archives/460/" "Mozilla/5.0 (Windows NT 10.0) AppleWebKit/537.36 (KHTML, like Gecko) Chrome/90.0.4430.93 Safari/537.36"
176.193.239.53 - - [19/Nov/2021:03:43:02 +0000] "GET /archives/460 HTTP/1.0" 200 27841 "https://ja.tak-cslab.org/archives/460" "Mozilla/5.0 (Windows NT 10.0) AppleWebKit/537.36 (KHTML, like Gecko) Chrome/90.0.4430.93 Safari/537.36"
216.245.221.83 - - [19/Nov/2021:03:43:08 +0000] "HEAD / HTTP/1.1" 301 0 "http://ja.tak-cslab.org/" "Mozilla/5.0+(compatible; UptimeRobot/2.0; http://www.uptimerobot.com/)"
216.245.221.83 - - [19/Nov/2021:03:43:08 +0000] "HEAD / HTTP/1.1" 200 0 "http://ja.tak-cslab.org/" "Mozilla/5.0+(compatible; UptimeRobot/2.0; http://www.uptimerobot.com/)"
54.158.252.131 - - [19/Nov/2021:03:43:41 +0000] "HEAD /feed HTTP/2.0" 200 0 "-" "Slackbot 1.0 (+https://api.slack.com/robots)"
3.92.169.139 - - [19/Nov/2021:03:43:41 +0000] "GET /feed HTTP/1.1" 200 55868 "-" "Slackbot 1.0 (+https://api.slack.com/robots)"
199.59.150.182 - - [19/Nov/2021:03:43:41 +0000] "GET /robots.txt HTTP/1.1" 200 128 "-" "Twitterbot/1.0"
199.59.150.181 - - [19/Nov/2021:03:43:42 +0000] "GET /robots.txt HTTP/1.1" 200 128 "-" "Twitterbot/1.0"
199.59.150.182 - - [19/Nov/2021:03:43:42 +0000] "GET /wp-content/uploads/2021/08/001.jpg HTTP/1.1" 200 179484 "-" "Twitterbot/1.0"
199.59.150.181 - - [19/Nov/2021:03:43:42 +0000] "GET /wp-content/uploads/2021/08/001.jpg HTTP/1.1" 200 179484 "-" "Twitterbot/1.0"
44.192.40.150 - - [19/Nov/2021:03:43:42 +0000] "GET / HTTP/1.1" 200 6306 "-" "Slackbot 1.0 (+https://api.slack.com/robots)"
163.215.6.1 - - [19/Nov/2021:03:45:58 +0000] "GET / HTTP/2.0" 200 6293 "-" "Mozilla/5.0 (iPhone; CPU iPhone OS 15_0_2 like Mac OS X) AppleWebKit/605.1.15 (KHTML, like Gecko) FxiOS/39.0  Mobile/15E148 Safari/605.1.15"
163.215.6.1 - - [19/Nov/2021:03:45:58 +0000] "GET /wp-content/themes/scaffold/assets/js/navigation.js?ver=1.3.1 HTTP/2.0" 200 1266 "https://ja.tak-cslab.org/" "Mozilla/5.0 (iPhone; CPU iPhone OS 15_0_2 like Mac OS X) AppleWebKit/605.1.15 (KHTML, like Gecko) FxiOS/39.0  Mobile/15E148 Safari/605.1.15"
163.215.6.1 - - [19/Nov/2021:03:45:58 +0000] "GET /wp-includes/js/wp-embed.min.js?ver=5.8.2 HTTP/2.0" 304 0 "https://ja.tak-cslab.org/" "Mozilla/5.0 (iPhone; CPU iPhone OS 15_0_2 like Mac OS X) AppleWebKit/605.1.15 (KHTML, like Gecko) FxiOS/39.0  Mobile/15E148 Safari/605.1.15"
163.215.6.1 - - [19/Nov/2021:03:46:00 +0000] "GET /tech-report HTTP/2.0" 200 12282 "https://ja.tak-cslab.org/" "Mozilla/5.0 (iPhone; CPU iPhone OS 15_0_2 like Mac OS X) AppleWebKit/605.1.15 (KHTML, like Gecko) FxiOS/39.0  Mobile/15E148 Safari/605.1.15"
163.215.6.1 - - [19/Nov/2021:03:46:10 +0000] "GET /join-us HTTP/2.0" 200 5647 "https://ja.tak-cslab.org/tech-report" "Mozilla/5.0 (iPhone; CPU iPhone OS 15_0_2 like Mac OS X) AppleWebKit/605.1.15 (KHTML, like Gecko) FxiOS/39.0  Mobile/15E148 Safari/605.1.15"
163.215.6.1 - - [19/Nov/2021:03:46:23 +0000] "GET /topics/blog HTTP/2.0" 200 13004 "https://ja.tak-cslab.org/join-us" "Mozilla/5.0 (iPhone; CPU iPhone OS 15_0_2 like Mac OS X) AppleWebKit/605.1.15 (KHTML, like Gecko) FxiOS/39.0  Mobile/15E148 Safari/605.1.15"
163.215.6.1 - - [19/Nov/2021:03:46:23 +0000] "GET /topics/favicon.ico HTTP/2.0" 404 5316 "-" "Mozilla/5.0 (iPhone; CPU iPhone OS 15_0_2 like Mac OS X) AppleWebKit/605.1.15 (KHTML, like Gecko) FxiOS/39.0  Mobile/15E148 Safari/605.1.15"
163.215.6.1 - - [19/Nov/2021:03:46:24 +0000] "GET /topics/favicon.ico HTTP/2.0" 404 5316 "-" "Mozilla/5.0 (iPhone; CPU iPhone OS 15_0_2 like Mac OS X) AppleWebKit/605.1.15 (KHTML, like Gecko) FxiOS/39.0  Mobile/15E148 Safari/605.1.15"
163.215.6.1 - - [19/Nov/2021:03:46:30 +0000] "GET /topics/blog HTTP/2.0" 200 13004 "https://ja.tak-cslab.org/topics/blog" "Mozilla/5.0 (iPhone; CPU iPhone OS 15_0_2 like Mac OS X) AppleWebKit/605.1.15 (KHTML, like Gecko) FxiOS/39.0  Mobile/15E148 Safari/605.1.15"
163.215.6.1 - - [19/Nov/2021:03:46:30 +0000] "GET /topics/favicon.ico HTTP/2.0" 404 5316 "-" "Mozilla/5.0 (iPhone; CPU iPhone OS 15_0_2 like Mac OS X) AppleWebKit/605.1.15 (KHTML, like Gecko) FxiOS/39.0  Mobile/15E148 Safari/605.1.15"
34.206.38.217 - - [19/Nov/2021:03:46:34 +0000] "GET /feed HTTP/1.1" 200 55867 "-" "Automate.io BOT"
163.215.6.1 - - [19/Nov/2021:03:46:37 +0000] "GET /topics/favicon.ico HTTP/2.0" 404 5316 "-" "Mozilla/5.0 (iPhone; CPU iPhone OS 15_0_2 like Mac OS X) AppleWebKit/605.1.15 (KHTML, like Gecko) FxiOS/39.0  Mobile/15E148 Safari/605.1.15"
163.215.6.1 - - [19/Nov/2021:03:46:37 +0000] "GET /archives/1588 HTTP/2.0" 200 8232 "https://ja.tak-cslab.org/topics/blog" "Mozilla/5.0 (iPhone; CPU iPhone OS 15_0_2 like Mac OS X) AppleWebKit/605.1.15 (KHTML, like Gecko) FxiOS/39.0  Mobile/15E148 Safari/605.1.15"
163.215.6.1 - - [19/Nov/2021:03:46:37 +0000] "GET /wp-includes/js/comment-reply.min.js?ver=5.8.2 HTTP/2.0" 200 1390 "https://ja.tak-cslab.org/archives/1588" "Mozilla/5.0 (iPhone; CPU iPhone OS 15_0_2 like Mac OS X) AppleWebKit/605.1.15 (KHTML, like Gecko) FxiOS/39.0  Mobile/15E148 Safari/605.1.15"
163.215.6.1 - - [19/Nov/2021:03:46:37 +0000] "GET /archives/favicon.ico HTTP/2.0" 404 799 "-" "Mozilla/5.0 (iPhone; CPU iPhone OS 15_0_2 like Mac OS X) AppleWebKit/605.1.15 (KHTML, like Gecko) FxiOS/39.0  Mobile/15E148 Safari/605.1.15"
163.215.6.1 - - [19/Nov/2021:03:46:37 +0000] "GET /wp-content/uploads/2021/11/iOS-%E3%81%AE%E7%94%BB%E5%83%8F-1-1040x1387.jpg HTTP/2.0" 200 267036 "https://ja.tak-cslab.org/archives/1588" "Mozilla/5.0 (iPhone; CPU iPhone OS 15_0_2 like Mac OS X) AppleWebKit/605.1.15 (KHTML, like Gecko) FxiOS/39.0  Mobile/15E148 Safari/605.1.15"
163.215.6.1 - - [19/Nov/2021:03:46:37 +0000] "GET /wp-content/uploads/2021/11/iOS-%E3%81%AE%E7%94%BB%E5%83%8F-2-1040x1387.jpg HTTP/2.0" 200 273248 "https://ja.tak-cslab.org/archives/1588" "Mozilla/5.0 (iPhone; CPU iPhone OS 15_0_2 like Mac OS X) AppleWebKit/605.1.15 (KHTML, like Gecko) FxiOS/39.0  Mobile/15E148 Safari/605.1.15"
163.215.6.1 - - [19/Nov/2021:03:46:37 +0000] "GET /wp-content/uploads/2021/11/iOS-%E3%81%AE%E7%94%BB%E5%83%8F-2-scaled.jpg HTTP/2.0" 200 754192 "https://ja.tak-cslab.org/archives/1588" "Mozilla/5.0 (iPhone; CPU iPhone OS 15_0_2 like Mac OS X) AppleWebKit/605.1.15 (KHTML, like Gecko) FxiOS/39.0  Mobile/15E148 Safari/605.1.15"
