3.236.184.237 - - [20/Nov/2021:10:43:45 +0000] "GET / HTTP/1.1" 200 6312 "-" "Slackbot 1.0 (+https://api.slack.com/robots)"
34.206.38.217 - - [20/Nov/2021:10:46:39 +0000] "GET /feed HTTP/1.1" 200 55861 "-" "Automate.io BOT"
216.245.221.83 - - [20/Nov/2021:10:48:08 +0000] "HEAD / HTTP/1.1" 301 0 "http://ja.tak-cslab.org/" "Mozilla/5.0+(compatible; UptimeRobot/2.0; http://www.uptimerobot.com/)"
216.245.221.83 - - [20/Nov/2021:10:48:08 +0000] "HEAD / HTTP/1.1" 200 0 "http://ja.tak-cslab.org/" "Mozilla/5.0+(compatible; UptimeRobot/2.0; http://www.uptimerobot.com/)"
34.206.38.217 - - [20/Nov/2021:10:51:40 +0000] "GET /feed HTTP/1.1" 200 55868 "-" "Automate.io BOT"
216.245.221.83 - - [20/Nov/2021:10:53:08 +0000] "HEAD / HTTP/1.1" 301 0 "http://ja.tak-cslab.org/" "Mozilla/5.0+(compatible; UptimeRobot/2.0; http://www.uptimerobot.com/)"
216.245.221.83 - - [20/Nov/2021:10:53:08 +0000] "HEAD / HTTP/1.1" 200 0 "http://ja.tak-cslab.org/" "Mozilla/5.0+(compatible; UptimeRobot/2.0; http://www.uptimerobot.com/)"
34.206.38.217 - - [20/Nov/2021:10:56:39 +0000] "GET /feed HTTP/1.1" 200 55861 "-" "Automate.io BOT"
216.245.221.83 - - [20/Nov/2021:10:58:08 +0000] "HEAD / HTTP/1.1" 301 0 "http://ja.tak-cslab.org/" "Mozilla/5.0+(compatible; UptimeRobot/2.0; http://www.uptimerobot.com/)"
216.245.221.83 - - [20/Nov/2021:10:58:09 +0000] "HEAD / HTTP/1.1" 200 0 "http://ja.tak-cslab.org/" "Mozilla/5.0+(compatible; UptimeRobot/2.0; http://www.uptimerobot.com/)"
207.46.13.25 - - [20/Nov/2021:10:58:29 +0000] "GET /archives/1096 HTTP/2.0" 200 6733 "-" "Mozilla/5.0 (compatible; bingbot/2.0; +http://www.bing.com/bingbot.htm)"
163.215.6.1 - - [20/Nov/2021:11:01:39 +0000] "POST /wp-cron.php?doing_wp_cron=1637406099.4305839538574218750000 HTTP/1.1" 200 31 "https://ja.tak-cslab.org/wp-cron.php?doing_wp_cron=1637406099.4305839538574218750000" "WordPress/5.8.2; https://ja.tak-cslab.org"
34.206.38.217 - - [20/Nov/2021:11:01:39 +0000] "GET /feed HTTP/1.1" 200 55867 "-" "Automate.io BOT"
216.245.221.83 - - [20/Nov/2021:11:03:08 +0000] "HEAD / HTTP/1.1" 301 0 "http://ja.tak-cslab.org/" "Mozilla/5.0+(compatible; UptimeRobot/2.0; http://www.uptimerobot.com/)"
216.245.221.83 - - [20/Nov/2021:11:03:08 +0000] "HEAD / HTTP/1.1" 200 0 "http://ja.tak-cslab.org/" "Mozilla/5.0+(compatible; UptimeRobot/2.0; http://www.uptimerobot.com/)"
18.233.99.84 - - [20/Nov/2021:11:03:42 +0000] "HEAD /feed HTTP/2.0" 200 0 "-" "Slackbot 1.0 (+https://api.slack.com/robots)"
34.239.141.230 - - [20/Nov/2021:11:03:43 +0000] "GET /feed HTTP/1.1" 200 55854 "-" "Slackbot 1.0 (+https://api.slack.com/robots)"
34.230.80.95 - - [20/Nov/2021:11:03:44 +0000] "GET / HTTP/1.1" 200 6312 "-" "Slackbot 1.0 (+https://api.slack.com/robots)"
34.206.38.217 - - [20/Nov/2021:11:06:39 +0000] "GET /feed HTTP/1.1" 200 55854 "-" "Automate.io BOT"
216.245.221.83 - - [20/Nov/2021:11:08:08 +0000] "HEAD / HTTP/1.1" 301 0 "http://ja.tak-cslab.org/" "Mozilla/5.0+(compatible; UptimeRobot/2.0; http://www.uptimerobot.com/)"
216.245.221.83 - - [20/Nov/2021:11:08:08 +0000] "HEAD / HTTP/1.1" 200 0 "http://ja.tak-cslab.org/" "Mozilla/5.0+(compatible; UptimeRobot/2.0; http://www.uptimerobot.com/)"
34.206.38.217 - - [20/Nov/2021:11:11:39 +0000] "GET /feed HTTP/1.1" 200 55868 "-" "Automate.io BOT"
216.245.221.83 - - [20/Nov/2021:11:13:08 +0000] "HEAD / HTTP/1.1" 301 0 "http://ja.tak-cslab.org/" "Mozilla/5.0+(compatible; UptimeRobot/2.0; http://www.uptimerobot.com/)"
216.245.221.83 - - [20/Nov/2021:11:13:08 +0000] "HEAD / HTTP/1.1" 200 0 "http://ja.tak-cslab.org/" "Mozilla/5.0+(compatible; UptimeRobot/2.0; http://www.uptimerobot.com/)"
34.206.38.217 - - [20/Nov/2021:11:16:39 +0000] "GET /feed HTTP/1.1" 200 55867 "-" "Automate.io BOT"
216.245.221.83 - - [20/Nov/2021:11:18:08 +0000] "HEAD / HTTP/1.1" 301 0 "http://ja.tak-cslab.org/" "Mozilla/5.0+(compatible; UptimeRobot/2.0; http://www.uptimerobot.com/)"
163.215.6.1 - - [20/Nov/2021:11:18:08 +0000] "POST /wp-cron.php?doing_wp_cron=1637407088.7785389423370361328125 HTTP/1.1" 200 31 "https://ja.tak-cslab.org/wp-cron.php?doing_wp_cron=1637407088.7785389423370361328125" "WordPress/5.8.2; https://ja.tak-cslab.org"
216.245.221.83 - - [20/Nov/2021:11:18:08 +0000] "HEAD / HTTP/1.1" 200 0 "http://ja.tak-cslab.org/" "Mozilla/5.0+(compatible; UptimeRobot/2.0; http://www.uptimerobot.com/)"
34.206.38.217 - - [20/Nov/2021:11:21:39 +0000] "GET /feed HTTP/1.1" 200 55860 "-" "Automate.io BOT"
216.245.221.83 - - [20/Nov/2021:11:23:08 +0000] "HEAD / HTTP/1.1" 301 0 "http://ja.tak-cslab.org/" "Mozilla/5.0+(compatible; UptimeRobot/2.0; http://www.uptimerobot.com/)"
216.245.221.83 - - [20/Nov/2021:11:23:08 +0000] "HEAD / HTTP/1.1" 200 0 "http://ja.tak-cslab.org/" "Mozilla/5.0+(compatible; UptimeRobot/2.0; http://www.uptimerobot.com/)"
54.86.66.252 - - [20/Nov/2021:11:23:40 +0000] "GET /archives/606 HTTP/1.1" 200 11324 "-" "Mozilla/5.0 (Macintosh; Intel Mac OS X 10_10_1) AppleWebKit/600.1.25 (KHTML, like Gecko) Version/8.0 Safari/600.1.25"
3.238.73.240 - - [20/Nov/2021:11:23:41 +0000] "HEAD /feed HTTP/2.0" 200 0 "-" "Slackbot 1.0 (+https://api.slack.com/robots)"
3.89.33.98 - - [20/Nov/2021:11:23:42 +0000] "GET /feed HTTP/1.1" 200 55861 "-" "Slackbot 1.0 (+https://api.slack.com/robots)"
34.204.108.15 - - [20/Nov/2021:11:23:43 +0000] "GET / HTTP/1.1" 200 6320 "-" "Slackbot 1.0 (+https://api.slack.com/robots)"
34.206.38.217 - - [20/Nov/2021:11:26:39 +0000] "GET /feed HTTP/1.1" 200 55867 "-" "Automate.io BOT"
216.245.221.83 - - [20/Nov/2021:11:28:08 +0000] "HEAD / HTTP/1.1" 301 0 "http://ja.tak-cslab.org/" "Mozilla/5.0+(compatible; UptimeRobot/2.0; http://www.uptimerobot.com/)"
216.245.221.83 - - [20/Nov/2021:11:28:08 +0000] "HEAD / HTTP/1.1" 200 0 "http://ja.tak-cslab.org/" "Mozilla/5.0+(compatible; UptimeRobot/2.0; http://www.uptimerobot.com/)"
111.98.111.49 - - [20/Nov/2021:11:30:31 +0000] "GET /archives/1549 HTTP/2.0" 200 6690 "-" "Mozilla/5.0 (iPhone; CPU iPhone OS 14_8_1 like Mac OS X) AppleWebKit/605.1.15 (KHTML, like Gecko) Version/14.1.2 Mobile/15E148 Safari/604.1"
111.98.111.49 - - [20/Nov/2021:11:30:31 +0000] "GET /wp-includes/js/comment-reply.min.js?ver=5.8.2 HTTP/2.0" 200 1390 "https://ja.tak-cslab.org/archives/1549" "Mozilla/5.0 (iPhone; CPU iPhone OS 14_8_1 like Mac OS X) AppleWebKit/605.1.15 (KHTML, like Gecko) Version/14.1.2 Mobile/15E148 Safari/604.1"
111.98.111.49 - - [20/Nov/2021:11:30:31 +0000] "GET /wp-includes/js/wp-embed.min.js?ver=5.8.2 HTTP/2.0" 304 0 "https://ja.tak-cslab.org/archives/1549" "Mozilla/5.0 (iPhone; CPU iPhone OS 14_8_1 like Mac OS X) AppleWebKit/605.1.15 (KHTML, like Gecko) Version/14.1.2 Mobile/15E148 Safari/604.1"
111.98.111.49 - - [20/Nov/2021:11:30:31 +0000] "GET /wp-includes/js/wp-emoji-release.min.js?ver=5.8.2 HTTP/2.0" 304 0 "https://ja.tak-cslab.org/archives/1549" "Mozilla/5.0 (iPhone; CPU iPhone OS 14_8_1 like Mac OS X) AppleWebKit/605.1.15 (KHTML, like Gecko) Version/14.1.2 Mobile/15E148 Safari/604.1"
111.98.111.49 - - [20/Nov/2021:11:30:31 +0000] "GET /wp-includes/css/dist/block-library/style.min.css?ver=5.8.2 HTTP/2.0" 304 0 "https://ja.tak-cslab.org/archives/1549" "Mozilla/5.0 (iPhone; CPU iPhone OS 14_8_1 like Mac OS X) AppleWebKit/605.1.15 (KHTML, like Gecko) Version/14.1.2 Mobile/15E148 Safari/604.1"
111.98.111.49 - - [20/Nov/2021:11:30:32 +0000] "GET /archives/1549 HTTP/2.0" 200 6690 "-" "Mozilla/5.0 (iPhone; CPU iPhone OS 14_8_1 like Mac OS X) AppleWebKit/605.1.15 (KHTML, like Gecko) Version/14.1.2 Mobile/15E148 Safari/604.1"
111.98.111.49 - - [20/Nov/2021:11:30:32 +0000] "GET /wp-includes/js/wp-emoji-release.min.js?ver=5.8.2 HTTP/2.0" 200 5714 "https://ja.tak-cslab.org/archives/1549" "Mozilla/5.0 (iPhone; CPU iPhone OS 14_8_1 like Mac OS X) AppleWebKit/605.1.15 (KHTML, like Gecko) Version/14.1.2 Mobile/15E148 Safari/604.1"
111.98.111.49 - - [20/Nov/2021:11:30:32 +0000] "GET /wp-content/themes/scaffold/style.css?ver=5.8.2 HTTP/2.0" 200 5846 "https://ja.tak-cslab.org/archives/1549" "Mozilla/5.0 (iPhone; CPU iPhone OS 14_8_1 like Mac OS X) AppleWebKit/605.1.15 (KHTML, like Gecko) Version/14.1.2 Mobile/15E148 Safari/604.1"
111.98.111.49 - - [20/Nov/2021:11:30:32 +0000] "GET /wp-content/themes/cdsl/style.css?ver=1.3.1 HTTP/2.0" 200 272 "https://ja.tak-cslab.org/archives/1549" "Mozilla/5.0 (iPhone; CPU iPhone OS 14_8_1 like Mac OS X) AppleWebKit/605.1.15 (KHTML, like Gecko) Version/14.1.2 Mobile/15E148 Safari/604.1"
111.98.111.49 - - [20/Nov/2021:11:30:32 +0000] "GET /wp-content/themes/scaffold/assets/js/navigation.js?ver=1.3.1 HTTP/2.0" 200 1266 "https://ja.tak-cslab.org/archives/1549" "Mozilla/5.0 (iPhone; CPU iPhone OS 14_8_1 like Mac OS X) AppleWebKit/605.1.15 (KHTML, like Gecko) Version/14.1.2 Mobile/15E148 Safari/604.1"
111.98.111.49 - - [20/Nov/2021:11:30:32 +0000] "GET /wp-includes/js/comment-reply.min.js?ver=5.8.2 HTTP/2.0" 200 1390 "https://ja.tak-cslab.org/archives/1549" "Mozilla/5.0 (iPhone; CPU iPhone OS 14_8_1 like Mac OS X) AppleWebKit/605.1.15 (KHTML, like Gecko) Version/14.1.2 Mobile/15E148 Safari/604.1"
111.98.111.49 - - [20/Nov/2021:11:30:32 +0000] "GET /wp-includes/js/wp-embed.min.js?ver=5.8.2 HTTP/2.0" 200 779 "https://ja.tak-cslab.org/archives/1549" "Mozilla/5.0 (iPhone; CPU iPhone OS 14_8_1 like Mac OS X) AppleWebKit/605.1.15 (KHTML, like Gecko) Version/14.1.2 Mobile/15E148 Safari/604.1"
111.98.111.49 - - [20/Nov/2021:11:30:32 +0000] "GET /wp-includes/css/dist/block-library/style.min.css?ver=5.8.2 HTTP/2.0" 200 13704 "https://ja.tak-cslab.org/archives/1549" "Mozilla/5.0 (iPhone; CPU iPhone OS 14_8_1 like Mac OS X) AppleWebKit/605.1.15 (KHTML, like Gecko) Version/14.1.2 Mobile/15E148 Safari/604.1"
111.98.111.49 - - [20/Nov/2021:11:30:32 +0000] "GET /wp-content/plugins/native-lazyload/assets/js/lazyload.js HTTP/2.0" 200 1085 "https://ja.tak-cslab.org/archives/1549" "Mozilla/5.0 (iPhone; CPU iPhone OS 14_8_1 like Mac OS X) AppleWebKit/605.1.15 (KHTML, like Gecko) Version/14.1.2 Mobile/15E148 Safari/604.1"
111.98.111.49 - - [20/Nov/2021:11:30:32 +0000] "GET /favicon.ico HTTP/2.0" 302 0 "https://ja.tak-cslab.org/archives/1549" "Mozilla/5.0 (iPhone; CPU iPhone OS 14_8_1 like Mac OS X) AppleWebKit/605.1.15 (KHTML, like Gecko) Version/14.1.2 Mobile/15E148 Safari/604.1"
111.98.111.49 - - [20/Nov/2021:11:30:32 +0000] "GET /wp-includes/images/w-logo-blue-white-bg.png HTTP/2.0" 200 4119 "https://ja.tak-cslab.org/archives/1549" "Mozilla/5.0 (iPhone; CPU iPhone OS 14_8_1 like Mac OS X) AppleWebKit/605.1.15 (KHTML, like Gecko) Version/14.1.2 Mobile/15E148 Safari/604.1"
111.98.111.49 - - [20/Nov/2021:11:30:53 +0000] "GET /archives/1544 HTTP/2.0" 200 6458 "https://ja.tak-cslab.org/archives/1549" "Mozilla/5.0 (iPhone; CPU iPhone OS 14_8_1 like Mac OS X) AppleWebKit/605.1.15 (KHTML, like Gecko) Version/14.1.2 Mobile/15E148 Safari/604.1"
66.249.79.129 - - [20/Nov/2021:11:31:38 +0000] "GET /archives/848 HTTP/1.1" 200 7888 "-" "Mozilla/5.0 (compatible; Googlebot/2.1; +http://www.google.com/bot.html)"
34.206.38.217 - - [20/Nov/2021:11:31:39 +0000] "GET /feed HTTP/1.1" 200 55854 "-" "Automate.io BOT"
216.245.221.83 - - [20/Nov/2021:11:33:08 +0000] "HEAD / HTTP/1.1" 301 0 "http://ja.tak-cslab.org/" "Mozilla/5.0+(compatible; UptimeRobot/2.0; http://www.uptimerobot.com/)"
216.245.221.83 - - [20/Nov/2021:11:33:08 +0000] "HEAD / HTTP/1.1" 200 0 "http://ja.tak-cslab.org/" "Mozilla/5.0+(compatible; UptimeRobot/2.0; http://www.uptimerobot.com/)"
66.249.79.158 - - [20/Nov/2021:11:34:59 +0000] "GET /wp-content/themes/cdsl/style.css?ver=1.3.1 HTTP/1.1" 200 284 "https://ja.tak-cslab.org/archives/848" "Mozilla/5.0 AppleWebKit/537.36 (KHTML, like Gecko; compatible; Googlebot/2.1; +http://www.google.com/bot.html) Chrome/95.0.4638.69 Safari/537.36"
34.206.38.217 - - [20/Nov/2021:11:36:41 +0000] "GET /feed HTTP/1.1" 200 55867 "-" "Automate.io BOT"
216.245.221.83 - - [20/Nov/2021:11:38:08 +0000] "HEAD / HTTP/1.1" 301 0 "http://ja.tak-cslab.org/" "Mozilla/5.0+(compatible; UptimeRobot/2.0; http://www.uptimerobot.com/)"
216.245.221.83 - - [20/Nov/2021:11:38:08 +0000] "HEAD / HTTP/1.1" 200 0 "http://ja.tak-cslab.org/" "Mozilla/5.0+(compatible; UptimeRobot/2.0; http://www.uptimerobot.com/)"
34.206.38.217 - - [20/Nov/2021:11:41:42 +0000] "GET /feed HTTP/1.1" 200 55860 "-" "Automate.io BOT"
216.245.221.83 - - [20/Nov/2021:11:43:08 +0000] "HEAD / HTTP/1.1" 301 0 "http://ja.tak-cslab.org/" "Mozilla/5.0+(compatible; UptimeRobot/2.0; http://www.uptimerobot.com/)"
216.245.221.83 - - [20/Nov/2021:11:43:08 +0000] "HEAD / HTTP/1.1" 200 0 "http://ja.tak-cslab.org/" "Mozilla/5.0+(compatible; UptimeRobot/2.0; http://www.uptimerobot.com/)"
3.235.65.157 - - [20/Nov/2021:11:43:40 +0000] "HEAD /feed HTTP/2.0" 200 0 "-" "Slackbot 1.0 (+https://api.slack.com/robots)"
3.236.184.237 - - [20/Nov/2021:11:43:41 +0000] "GET /feed HTTP/1.1" 200 55867 "-" "Slackbot 1.0 (+https://api.slack.com/robots)"
18.209.241.59 - - [20/Nov/2021:11:43:42 +0000] "GET / HTTP/1.1" 200 6312 "-" "Slackbot 1.0 (+https://api.slack.com/robots)"
34.206.38.217 - - [20/Nov/2021:11:46:41 +0000] "GET /feed HTTP/1.1" 200 55854 "-" "Automate.io BOT"
59.136.153.196 - - [20/Nov/2021:11:48:04 +0000] "GET /tech-report HTTP/2.0" 200 12282 "https://www.google.com/" "Mozilla/5.0 (Windows NT 10.0; Win64; x64) AppleWebKit/537.36 (KHTML, like Gecko) Chrome/95.0.4638.69 Safari/537.36"
216.245.221.83 - - [20/Nov/2021:11:48:08 +0000] "HEAD / HTTP/1.1" 301 0 "http://ja.tak-cslab.org/" "Mozilla/5.0+(compatible; UptimeRobot/2.0; http://www.uptimerobot.com/)"
216.245.221.83 - - [20/Nov/2021:11:48:08 +0000] "HEAD / HTTP/1.1" 200 0 "http://ja.tak-cslab.org/" "Mozilla/5.0+(compatible; UptimeRobot/2.0; http://www.uptimerobot.com/)"
34.206.38.217 - - [20/Nov/2021:11:51:42 +0000] "GET /feed HTTP/1.1" 200 55868 "-" "Automate.io BOT"
216.245.221.83 - - [20/Nov/2021:11:53:08 +0000] "HEAD / HTTP/1.1" 301 0 "http://ja.tak-cslab.org/" "Mozilla/5.0+(compatible; UptimeRobot/2.0; http://www.uptimerobot.com/)"
216.245.221.83 - - [20/Nov/2021:11:53:08 +0000] "HEAD / HTTP/1.1" 200 0 "http://ja.tak-cslab.org/" "Mozilla/5.0+(compatible; UptimeRobot/2.0; http://www.uptimerobot.com/)"
66.249.79.159 - - [20/Nov/2021:11:55:25 +0000] "GET /archives/591 HTTP/1.1" 200 8994 "-" "Mozilla/5.0 (Linux; Android 6.0.1; Nexus 5X Build/MMB29P) AppleWebKit/537.36 (KHTML, like Gecko) Chrome/96.0.4664.45 Mobile Safari/537.36 (compatible; Googlebot/2.1; +http://www.google.com/bot.html)"
34.206.38.217 - - [20/Nov/2021:11:56:42 +0000] "GET /feed HTTP/1.1" 200 55861 "-" "Automate.io BOT"
216.245.221.83 - - [20/Nov/2021:11:58:08 +0000] "HEAD / HTTP/1.1" 301 0 "http://ja.tak-cslab.org/" "Mozilla/5.0+(compatible; UptimeRobot/2.0; http://www.uptimerobot.com/)"
216.245.221.83 - - [20/Nov/2021:11:58:08 +0000] "HEAD / HTTP/1.1" 200 0 "http://ja.tak-cslab.org/" "Mozilla/5.0+(compatible; UptimeRobot/2.0; http://www.uptimerobot.com/)"
163.215.6.1 - - [20/Nov/2021:12:01:42 +0000] "POST /wp-cron.php?doing_wp_cron=1637409702.1983070373535156250000 HTTP/1.1" 200 31 "https://ja.tak-cslab.org/wp-cron.php?doing_wp_cron=1637409702.1983070373535156250000" "WordPress/5.8.2; https://ja.tak-cslab.org"
34.206.38.217 - - [20/Nov/2021:12:01:42 +0000] "GET /feed HTTP/1.1" 200 55867 "-" "Automate.io BOT"
216.245.221.83 - - [20/Nov/2021:12:03:08 +0000] "HEAD / HTTP/1.1" 301 0 "http://ja.tak-cslab.org/" "Mozilla/5.0+(compatible; UptimeRobot/2.0; http://www.uptimerobot.com/)"
216.245.221.83 - - [20/Nov/2021:12:03:08 +0000] "HEAD / HTTP/1.1" 200 0 "http://ja.tak-cslab.org/" "Mozilla/5.0+(compatible; UptimeRobot/2.0; http://www.uptimerobot.com/)"
3.92.169.139 - - [20/Nov/2021:12:03:42 +0000] "HEAD /feed HTTP/2.0" 200 0 "-" "Slackbot 1.0 (+https://api.slack.com/robots)"
3.89.33.98 - - [20/Nov/2021:12:03:43 +0000] "GET /feed HTTP/1.1" 200 55867 "-" "Slackbot 1.0 (+https://api.slack.com/robots)"
34.205.127.160 - - [20/Nov/2021:12:03:44 +0000] "GET / HTTP/1.1" 200 6312 "-" "Slackbot 1.0 (+https://api.slack.com/robots)"
207.46.13.201 - - [20/Nov/2021:12:04:39 +0000] "GET /wp-content/uploads/2021/03/iOS-%E3%81%AE%E7%94%BB%E5%83%8F-2-1536x1152.jpg HTTP/2.0" 200 221106 "-" "Mozilla/5.0 (compatible; bingbot/2.0; +http://www.bing.com/bingbot.htm)"
34.206.38.217 - - [20/Nov/2021:12:06:41 +0000] "GET /feed HTTP/1.1" 200 55868 "-" "Automate.io BOT"
216.245.221.83 - - [20/Nov/2021:12:08:08 +0000] "HEAD / HTTP/1.1" 301 0 "http://ja.tak-cslab.org/" "Mozilla/5.0+(compatible; UptimeRobot/2.0; http://www.uptimerobot.com/)"
216.245.221.83 - - [20/Nov/2021:12:08:08 +0000] "HEAD / HTTP/1.1" 200 0 "http://ja.tak-cslab.org/" "Mozilla/5.0+(compatible; UptimeRobot/2.0; http://www.uptimerobot.com/)"
34.206.38.217 - - [20/Nov/2021:12:11:42 +0000] "GET /feed HTTP/1.1" 200 55868 "-" "Automate.io BOT"
216.245.221.83 - - [20/Nov/2021:12:13:08 +0000] "HEAD / HTTP/1.1" 301 0 "http://ja.tak-cslab.org/" "Mozilla/5.0+(compatible; UptimeRobot/2.0; http://www.uptimerobot.com/)"
216.245.221.83 - - [20/Nov/2021:12:13:08 +0000] "HEAD / HTTP/1.1" 200 0 "http://ja.tak-cslab.org/" "Mozilla/5.0+(compatible; UptimeRobot/2.0; http://www.uptimerobot.com/)"
185.191.171.40 - - [20/Nov/2021:12:15:02 +0000] "GET /robots.txt HTTP/1.1" 200 123 "-" "Mozilla/5.0 (compatible; SemrushBot/7~bl; +http://www.semrush.com/bot.html)"
185.191.171.12 - - [20/Nov/2021:12:15:03 +0000] "GET /10gin_cds1?redirect_to=https%3A%2F%2Fja.tak-cslab.org%2Farchives%2F737 HTTP/1.1" 200 4545 "-" "Mozilla/5.0 (compatible; SemrushBot/7~bl; +http://www.semrush.com/bot.html)"
34.206.38.217 - - [20/Nov/2021:12:16:41 +0000] "GET /feed HTTP/1.1" 200 55868 "-" "Automate.io BOT"
114.119.145.175 - - [20/Nov/2021:12:17:30 +0000] "GET /robots.txt HTTP/1.1" 200 123 "-" "Mozilla/5.0 (compatible;PetalBot;+https://webmaster.petalsearch.com/site/petalbot)"
216.245.221.83 - - [20/Nov/2021:12:18:08 +0000] "HEAD / HTTP/1.1" 301 0 "http://ja.tak-cslab.org/" "Mozilla/5.0+(compatible; UptimeRobot/2.0; http://www.uptimerobot.com/)"
163.215.6.1 - - [20/Nov/2021:12:18:08 +0000] "POST /wp-cron.php?doing_wp_cron=1637410688.7504549026489257812500 HTTP/1.1" 200 31 "https://ja.tak-cslab.org/wp-cron.php?doing_wp_cron=1637410688.7504549026489257812500" "WordPress/5.8.2; https://ja.tak-cslab.org"
216.245.221.83 - - [20/Nov/2021:12:18:08 +0000] "HEAD / HTTP/1.1" 200 0 "http://ja.tak-cslab.org/" "Mozilla/5.0+(compatible; UptimeRobot/2.0; http://www.uptimerobot.com/)"
34.206.38.217 - - [20/Nov/2021:12:21:41 +0000] "GET /feed HTTP/1.1" 200 55867 "-" "Automate.io BOT"
216.245.221.83 - - [20/Nov/2021:12:23:08 +0000] "HEAD / HTTP/1.1" 301 0 "http://ja.tak-cslab.org/" "Mozilla/5.0+(compatible; UptimeRobot/2.0; http://www.uptimerobot.com/)"
216.245.221.83 - - [20/Nov/2021:12:23:08 +0000] "HEAD / HTTP/1.1" 200 0 "http://ja.tak-cslab.org/" "Mozilla/5.0+(compatible; UptimeRobot/2.0; http://www.uptimerobot.com/)"
3.234.178.179 - - [20/Nov/2021:12:23:43 +0000] "HEAD /feed HTTP/2.0" 200 0 "-" "Slackbot 1.0 (+https://api.slack.com/robots)"
34.228.255.42 - - [20/Nov/2021:12:23:44 +0000] "GET /feed HTTP/1.1" 200 55860 "-" "Slackbot 1.0 (+https://api.slack.com/robots)"
3.216.93.196 - - [20/Nov/2021:12:23:45 +0000] "GET / HTTP/1.1" 200 6312 "-" "Slackbot 1.0 (+https://api.slack.com/robots)"
66.249.79.158 - - [20/Nov/2021:12:24:31 +0000] "GET /archives/author/c0117340 HTTP/1.1" 200 5699 "-" "Mozilla/5.0 (compatible; Googlebot/2.1; +http://www.google.com/bot.html)"
34.206.38.217 - - [20/Nov/2021:12:26:41 +0000] "GET /feed HTTP/1.1" 200 55860 "-" "Automate.io BOT"
66.249.79.159 - - [20/Nov/2021:12:26:45 +0000] "GET /topics/blog HTTP/1.1" 200 13039 "-" "Mozilla/5.0 (compatible; Googlebot/2.1; +http://www.google.com/bot.html)"
216.245.221.83 - - [20/Nov/2021:12:28:08 +0000] "HEAD / HTTP/1.1" 301 0 "http://ja.tak-cslab.org/" "Mozilla/5.0+(compatible; UptimeRobot/2.0; http://www.uptimerobot.com/)"
216.245.221.83 - - [20/Nov/2021:12:28:08 +0000] "HEAD / HTTP/1.1" 200 0 "http://ja.tak-cslab.org/" "Mozilla/5.0+(compatible; UptimeRobot/2.0; http://www.uptimerobot.com/)"
34.206.38.217 - - [20/Nov/2021:12:31:42 +0000] "GET /feed HTTP/1.1" 200 55867 "-" "Automate.io BOT"
216.245.221.83 - - [20/Nov/2021:12:33:08 +0000] "HEAD / HTTP/1.1" 301 0 "http://ja.tak-cslab.org/" "Mozilla/5.0+(compatible; UptimeRobot/2.0; http://www.uptimerobot.com/)"
216.245.221.83 - - [20/Nov/2021:12:33:08 +0000] "HEAD / HTTP/1.1" 200 0 "http://ja.tak-cslab.org/" "Mozilla/5.0+(compatible; UptimeRobot/2.0; http://www.uptimerobot.com/)"
34.206.38.217 - - [20/Nov/2021:12:36:42 +0000] "GET /feed HTTP/1.1" 200 55867 "-" "Automate.io BOT"
216.245.221.83 - - [20/Nov/2021:12:38:08 +0000] "HEAD / HTTP/1.1" 301 0 "http://ja.tak-cslab.org/" "Mozilla/5.0+(compatible; UptimeRobot/2.0; http://www.uptimerobot.com/)"
216.245.221.83 - - [20/Nov/2021:12:38:08 +0000] "HEAD / HTTP/1.1" 200 0 "http://ja.tak-cslab.org/" "Mozilla/5.0+(compatible; UptimeRobot/2.0; http://www.uptimerobot.com/)"
34.206.38.217 - - [20/Nov/2021:12:41:42 +0000] "GET /feed HTTP/1.1" 200 55847 "-" "Automate.io BOT"
216.245.221.83 - - [20/Nov/2021:12:43:08 +0000] "HEAD / HTTP/1.1" 301 0 "http://ja.tak-cslab.org/" "Mozilla/5.0+(compatible; UptimeRobot/2.0; http://www.uptimerobot.com/)"
216.245.221.83 - - [20/Nov/2021:12:43:08 +0000] "HEAD / HTTP/1.1" 200 0 "http://ja.tak-cslab.org/" "Mozilla/5.0+(compatible; UptimeRobot/2.0; http://www.uptimerobot.com/)"
3.239.119.233 - - [20/Nov/2021:12:43:45 +0000] "HEAD /feed HTTP/2.0" 200 0 "-" "Slackbot 1.0 (+https://api.slack.com/robots)"
3.92.70.211 - - [20/Nov/2021:12:43:46 +0000] "GET /feed HTTP/1.1" 200 55861 "-" "Slackbot 1.0 (+https://api.slack.com/robots)"
54.81.251.213 - - [20/Nov/2021:12:43:47 +0000] "GET / HTTP/1.1" 200 6313 "-" "Slackbot 1.0 (+https://api.slack.com/robots)"
34.206.38.217 - - [20/Nov/2021:12:46:42 +0000] "GET /feed HTTP/1.1" 200 55867 "-" "Automate.io BOT"
216.245.221.83 - - [20/Nov/2021:12:48:08 +0000] "HEAD / HTTP/1.1" 301 0 "http://ja.tak-cslab.org/" "Mozilla/5.0+(compatible; UptimeRobot/2.0; http://www.uptimerobot.com/)"
216.245.221.83 - - [20/Nov/2021:12:48:08 +0000] "HEAD / HTTP/1.1" 200 0 "http://ja.tak-cslab.org/" "Mozilla/5.0+(compatible; UptimeRobot/2.0; http://www.uptimerobot.com/)"
34.206.38.217 - - [20/Nov/2021:12:51:42 +0000] "GET /feed HTTP/1.1" 200 55860 "-" "Automate.io BOT"
216.245.221.83 - - [20/Nov/2021:12:53:08 +0000] "HEAD / HTTP/1.1" 301 0 "http://ja.tak-cslab.org/" "Mozilla/5.0+(compatible; UptimeRobot/2.0; http://www.uptimerobot.com/)"
216.245.221.83 - - [20/Nov/2021:12:53:08 +0000] "HEAD / HTTP/1.1" 200 0 "http://ja.tak-cslab.org/" "Mozilla/5.0+(compatible; UptimeRobot/2.0; http://www.uptimerobot.com/)"
3.23.202.177 - - [20/Nov/2021:12:53:26 +0000] "GET /archives/896 HTTP/2.0" 200 10420 "-" "Mozilla/5.0 (Windows NT 6.1; Trident/7.0; rv:11.0) like Gecko"
34.206.38.217 - - [20/Nov/2021:12:56:42 +0000] "GET /feed HTTP/1.1" 200 55867 "-" "Automate.io BOT"
216.245.221.83 - - [20/Nov/2021:12:58:08 +0000] "HEAD / HTTP/1.1" 301 0 "http://ja.tak-cslab.org/" "Mozilla/5.0+(compatible; UptimeRobot/2.0; http://www.uptimerobot.com/)"
216.245.221.83 - - [20/Nov/2021:12:58:09 +0000] "HEAD / HTTP/1.1" 200 0 "http://ja.tak-cslab.org/" "Mozilla/5.0+(compatible; UptimeRobot/2.0; http://www.uptimerobot.com/)"
163.215.6.1 - - [20/Nov/2021:13:01:42 +0000] "POST /wp-cron.php?doing_wp_cron=1637413302.1486940383911132812500 HTTP/1.1" 200 31 "https://ja.tak-cslab.org/wp-cron.php?doing_wp_cron=1637413302.1486940383911132812500" "WordPress/5.8.2; https://ja.tak-cslab.org"
34.206.38.217 - - [20/Nov/2021:13:01:42 +0000] "GET /feed HTTP/1.1" 200 55861 "-" "Automate.io BOT"
216.245.221.83 - - [20/Nov/2021:13:03:08 +0000] "HEAD / HTTP/1.1" 301 0 "http://ja.tak-cslab.org/" "Mozilla/5.0+(compatible; UptimeRobot/2.0; http://www.uptimerobot.com/)"
216.245.221.83 - - [20/Nov/2021:13:03:08 +0000] "HEAD / HTTP/1.1" 200 0 "http://ja.tak-cslab.org/" "Mozilla/5.0+(compatible; UptimeRobot/2.0; http://www.uptimerobot.com/)"
207.46.13.109 - - [20/Nov/2021:13:03:19 +0000] "GET /wp-content/uploads/2020/08/a09d90ee1399aba8e4a03e1ecfd12a89-600x560.png HTTP/2.0" 200 141118 "-" "Mozilla/5.0 (compatible; bingbot/2.0; +http://www.bing.com/bingbot.htm)"
54.197.164.189 - - [20/Nov/2021:13:03:43 +0000] "HEAD /feed HTTP/2.0" 200 0 "-" "Slackbot 1.0 (+https://api.slack.com/robots)"
3.81.27.220 - - [20/Nov/2021:13:03:43 +0000] "GET /feed HTTP/1.1" 200 55861 "-" "Slackbot 1.0 (+https://api.slack.com/robots)"
3.80.131.52 - - [20/Nov/2021:13:03:44 +0000] "GET / HTTP/1.1" 200 6312 "-" "Slackbot 1.0 (+https://api.slack.com/robots)"
17.121.114.137 - - [20/Nov/2021:13:05:49 +0000] "GET /robots.txt HTTP/1.1" 200 123 "-" "Mozilla/5.0 (Macintosh; Intel Mac OS X 10_15_5) AppleWebKit/605.1.15 (KHTML, like Gecko) Version/13.1.1 Safari/605.1.15 (Applebot/0.1; +http://www.apple.com/go/applebot)"
17.121.114.137 - - [20/Nov/2021:13:05:49 +0000] "GET /archives/889 HTTP/1.1" 200 6564 "-" "Mozilla/5.0 (Macintosh; Intel Mac OS X 10_15_5) AppleWebKit/605.1.15 (KHTML, like Gecko) Version/13.1.1 Safari/605.1.15 (Applebot/0.1; +http://www.apple.com/go/applebot)"
34.206.38.217 - - [20/Nov/2021:13:06:42 +0000] "GET /feed HTTP/1.1" 200 55868 "-" "Automate.io BOT"
216.245.221.83 - - [20/Nov/2021:13:08:08 +0000] "HEAD / HTTP/1.1" 301 0 "http://ja.tak-cslab.org/" "Mozilla/5.0+(compatible; UptimeRobot/2.0; http://www.uptimerobot.com/)"
216.245.221.83 - - [20/Nov/2021:13:08:08 +0000] "HEAD / HTTP/1.1" 200 0 "http://ja.tak-cslab.org/" "Mozilla/5.0+(compatible; UptimeRobot/2.0; http://www.uptimerobot.com/)"
114.119.135.83 - - [20/Nov/2021:13:08:32 +0000] "GET /archives/244 HTTP/1.1" 200 6925 "-" "Mozilla/5.0 (Linux; Android 7.0;) AppleWebKit/537.36 (KHTML, like Gecko) Mobile Safari/537.36 (compatible; PetalBot;+https://webmaster.petalsearch.com/site/petalbot)"
163.215.6.1 - - [20/Nov/2021:13:11:42 +0000] "POST /wp-cron.php?doing_wp_cron=1637413902.1417629718780517578125 HTTP/1.1" 200 31 "https://ja.tak-cslab.org/wp-cron.php?doing_wp_cron=1637413902.1417629718780517578125" "WordPress/5.8.2; https://ja.tak-cslab.org"
34.206.38.217 - - [20/Nov/2021:13:11:42 +0000] "GET /feed HTTP/1.1" 200 55868 "-" "Automate.io BOT"
216.245.221.83 - - [20/Nov/2021:13:13:08 +0000] "HEAD / HTTP/1.1" 301 0 "http://ja.tak-cslab.org/" "Mozilla/5.0+(compatible; UptimeRobot/2.0; http://www.uptimerobot.com/)"
216.245.221.83 - - [20/Nov/2021:13:13:08 +0000] "HEAD / HTTP/1.1" 200 0 "http://ja.tak-cslab.org/" "Mozilla/5.0+(compatible; UptimeRobot/2.0; http://www.uptimerobot.com/)"
163.215.6.1 - - [20/Nov/2021:13:16:44 +0000] "POST /wp-cron.php?doing_wp_cron=1637414204.3511390686035156250000 HTTP/1.1" 200 31 "https://ja.tak-cslab.org/wp-cron.php?doing_wp_cron=1637414204.3511390686035156250000" "WordPress/5.8.2; https://ja.tak-cslab.org"
34.206.38.217 - - [20/Nov/2021:13:16:44 +0000] "GET /feed HTTP/1.1" 200 55867 "-" "Automate.io BOT"
207.46.13.201 - - [20/Nov/2021:13:17:46 +0000] "GET /wp-content/uploads/2020/05/image-3-300x222.png HTTP/2.0" 200 72198 "-" "Mozilla/5.0 (compatible; bingbot/2.0; +http://www.bing.com/bingbot.htm)"
216.245.221.83 - - [20/Nov/2021:13:18:08 +0000] "HEAD / HTTP/1.1" 301 0 "http://ja.tak-cslab.org/" "Mozilla/5.0+(compatible; UptimeRobot/2.0; http://www.uptimerobot.com/)"
163.215.6.1 - - [20/Nov/2021:13:18:08 +0000] "POST /wp-cron.php?doing_wp_cron=1637414288.6851830482482910156250 HTTP/1.1" 200 31 "https://ja.tak-cslab.org/wp-cron.php?doing_wp_cron=1637414288.6851830482482910156250" "WordPress/5.8.2; https://ja.tak-cslab.org"
216.245.221.83 - - [20/Nov/2021:13:18:08 +0000] "HEAD / HTTP/1.1" 200 0 "http://ja.tak-cslab.org/" "Mozilla/5.0+(compatible; UptimeRobot/2.0; http://www.uptimerobot.com/)"
163.215.6.1 - - [20/Nov/2021:13:21:44 +0000] "POST /wp-cron.php?doing_wp_cron=1637414504.8190729618072509765625 HTTP/1.1" 200 31 "https://ja.tak-cslab.org/wp-cron.php?doing_wp_cron=1637414504.8190729618072509765625" "WordPress/5.8.2; https://ja.tak-cslab.org"
34.206.38.217 - - [20/Nov/2021:13:21:44 +0000] "GET /feed HTTP/1.1" 200 55868 "-" "Automate.io BOT"
216.245.221.83 - - [20/Nov/2021:13:23:08 +0000] "HEAD / HTTP/1.1" 301 0 "http://ja.tak-cslab.org/" "Mozilla/5.0+(compatible; UptimeRobot/2.0; http://www.uptimerobot.com/)"
216.245.221.83 - - [20/Nov/2021:13:23:08 +0000] "HEAD / HTTP/1.1" 200 0 "http://ja.tak-cslab.org/" "Mozilla/5.0+(compatible; UptimeRobot/2.0; http://www.uptimerobot.com/)"
18.233.158.227 - - [20/Nov/2021:13:23:42 +0000] "HEAD /feed HTTP/2.0" 200 0 "-" "Slackbot 1.0 (+https://api.slack.com/robots)"
3.239.70.226 - - [20/Nov/2021:13:23:42 +0000] "GET /feed HTTP/1.1" 200 55868 "-" "Slackbot 1.0 (+https://api.slack.com/robots)"
34.228.255.42 - - [20/Nov/2021:13:23:43 +0000] "GET / HTTP/1.1" 200 6313 "-" "Slackbot 1.0 (+https://api.slack.com/robots)"
66.249.79.129 - - [20/Nov/2021:13:25:24 +0000] "GET /archives/1180 HTTP/1.1" 200 8745 "-" "Mozilla/5.0 (Linux; Android 6.0.1; Nexus 5X Build/MMB29P) AppleWebKit/537.36 (KHTML, like Gecko) Chrome/96.0.4664.45 Mobile Safari/537.36 (compatible; Googlebot/2.1; +http://www.google.com/bot.html)"
34.206.38.217 - - [20/Nov/2021:13:26:44 +0000] "GET /feed HTTP/1.1" 200 55868 "-" "Automate.io BOT"
216.245.221.83 - - [20/Nov/2021:13:28:08 +0000] "HEAD / HTTP/1.1" 301 0 "http://ja.tak-cslab.org/" "Mozilla/5.0+(compatible; UptimeRobot/2.0; http://www.uptimerobot.com/)"
216.245.221.83 - - [20/Nov/2021:13:28:08 +0000] "HEAD / HTTP/1.1" 200 0 "http://ja.tak-cslab.org/" "Mozilla/5.0+(compatible; UptimeRobot/2.0; http://www.uptimerobot.com/)"
207.46.13.21 - - [20/Nov/2021:13:29:40 +0000] "GET /wp-content/uploads/2020/09/Screen-Shot-2020-09-09-at-15.14.44-2048x1260.png HTTP/2.0" 200 1599928 "-" "Mozilla/5.0 (compatible; bingbot/2.0; +http://www.bing.com/bingbot.htm)"
34.206.38.217 - - [20/Nov/2021:13:31:44 +0000] "GET /feed HTTP/1.1" 200 55860 "-" "Automate.io BOT"
216.245.221.83 - - [20/Nov/2021:13:33:08 +0000] "HEAD / HTTP/1.1" 301 0 "http://ja.tak-cslab.org/" "Mozilla/5.0+(compatible; UptimeRobot/2.0; http://www.uptimerobot.com/)"
216.245.221.83 - - [20/Nov/2021:13:33:08 +0000] "HEAD / HTTP/1.1" 200 0 "http://ja.tak-cslab.org/" "Mozilla/5.0+(compatible; UptimeRobot/2.0; http://www.uptimerobot.com/)"
163.215.6.1 - - [20/Nov/2021:13:36:44 +0000] "POST /wp-cron.php?doing_wp_cron=1637415404.6442880630493164062500 HTTP/1.1" 200 31 "https://ja.tak-cslab.org/wp-cron.php?doing_wp_cron=1637415404.6442880630493164062500" "WordPress/5.8.2; https://ja.tak-cslab.org"
34.206.38.217 - - [20/Nov/2021:13:36:44 +0000] "GET /feed HTTP/1.1" 200 55868 "-" "Automate.io BOT"
163.215.6.1 - - [20/Nov/2021:13:36:44 +0000] "GET / HTTP/1.1" 200 6312 "https://ja.tak-cslab.org/" "WordPress/5.8.2; https://ja.tak-cslab.org"
216.245.221.83 - - [20/Nov/2021:13:38:08 +0000] "HEAD / HTTP/1.1" 301 0 "http://ja.tak-cslab.org/" "Mozilla/5.0+(compatible; UptimeRobot/2.0; http://www.uptimerobot.com/)"
216.245.221.83 - - [20/Nov/2021:13:38:08 +0000] "HEAD / HTTP/1.1" 200 0 "http://ja.tak-cslab.org/" "Mozilla/5.0+(compatible; UptimeRobot/2.0; http://www.uptimerobot.com/)"
34.206.38.217 - - [20/Nov/2021:13:41:44 +0000] "GET /feed HTTP/1.1" 200 55868 "-" "Automate.io BOT"
216.245.221.83 - - [20/Nov/2021:13:43:08 +0000] "HEAD / HTTP/1.1" 301 0 "http://ja.tak-cslab.org/" "Mozilla/5.0+(compatible; UptimeRobot/2.0; http://www.uptimerobot.com/)"
216.245.221.83 - - [20/Nov/2021:13:43:08 +0000] "HEAD / HTTP/1.1" 200 0 "http://ja.tak-cslab.org/" "Mozilla/5.0+(compatible; UptimeRobot/2.0; http://www.uptimerobot.com/)"
18.209.241.59 - - [20/Nov/2021:13:43:39 +0000] "HEAD /feed HTTP/2.0" 200 0 "-" "Slackbot 1.0 (+https://api.slack.com/robots)"
34.229.229.13 - - [20/Nov/2021:13:43:40 +0000] "GET /feed HTTP/1.1" 200 55868 "-" "Slackbot 1.0 (+https://api.slack.com/robots)"
54.221.85.187 - - [20/Nov/2021:13:43:41 +0000] "GET / HTTP/1.1" 200 6312 "-" "Slackbot 1.0 (+https://api.slack.com/robots)"
34.206.38.217 - - [20/Nov/2021:13:46:44 +0000] "GET /feed HTTP/1.1" 200 55868 "-" "Automate.io BOT"
216.245.221.83 - - [20/Nov/2021:13:48:08 +0000] "HEAD / HTTP/1.1" 301 0 "http://ja.tak-cslab.org/" "Mozilla/5.0+(compatible; UptimeRobot/2.0; http://www.uptimerobot.com/)"
216.245.221.83 - - [20/Nov/2021:13:48:08 +0000] "HEAD / HTTP/1.1" 200 0 "http://ja.tak-cslab.org/" "Mozilla/5.0+(compatible; UptimeRobot/2.0; http://www.uptimerobot.com/)"
34.206.38.217 - - [20/Nov/2021:13:51:44 +0000] "GET /feed HTTP/1.1" 200 55854 "-" "Automate.io BOT"
216.245.221.83 - - [20/Nov/2021:13:53:08 +0000] "HEAD / HTTP/1.1" 301 0 "http://ja.tak-cslab.org/" "Mozilla/5.0+(compatible; UptimeRobot/2.0; http://www.uptimerobot.com/)"
216.245.221.83 - - [20/Nov/2021:13:53:08 +0000] "HEAD / HTTP/1.1" 200 0 "http://ja.tak-cslab.org/" "Mozilla/5.0+(compatible; UptimeRobot/2.0; http://www.uptimerobot.com/)"
34.206.38.217 - - [20/Nov/2021:13:56:44 +0000] "GET /feed HTTP/1.1" 200 55868 "-" "Automate.io BOT"
216.245.221.83 - - [20/Nov/2021:13:58:08 +0000] "HEAD / HTTP/1.1" 301 0 "http://ja.tak-cslab.org/" "Mozilla/5.0+(compatible; UptimeRobot/2.0; http://www.uptimerobot.com/)"
216.245.221.83 - - [20/Nov/2021:13:58:08 +0000] "HEAD / HTTP/1.1" 200 0 "http://ja.tak-cslab.org/" "Mozilla/5.0+(compatible; UptimeRobot/2.0; http://www.uptimerobot.com/)"
163.215.6.1 - - [20/Nov/2021:14:01:44 +0000] "POST /wp-cron.php?doing_wp_cron=1637416904.7669060230255126953125 HTTP/1.1" 200 31 "https://ja.tak-cslab.org/wp-cron.php?doing_wp_cron=1637416904.7669060230255126953125" "WordPress/5.8.2; https://ja.tak-cslab.org"
34.206.38.217 - - [20/Nov/2021:14:01:44 +0000] "GET /feed HTTP/1.1" 200 55847 "-" "Automate.io BOT"
216.245.221.83 - - [20/Nov/2021:14:03:08 +0000] "HEAD / HTTP/1.1" 301 0 "http://ja.tak-cslab.org/" "Mozilla/5.0+(compatible; UptimeRobot/2.0; http://www.uptimerobot.com/)"
216.245.221.83 - - [20/Nov/2021:14:03:08 +0000] "HEAD / HTTP/1.1" 200 0 "http://ja.tak-cslab.org/" "Mozilla/5.0+(compatible; UptimeRobot/2.0; http://www.uptimerobot.com/)"
44.197.249.204 - - [20/Nov/2021:14:03:43 +0000] "HEAD /feed HTTP/2.0" 200 0 "-" "Slackbot 1.0 (+https://api.slack.com/robots)"
34.201.4.104 - - [20/Nov/2021:14:03:44 +0000] "GET /feed HTTP/1.1" 200 55868 "-" "Slackbot 1.0 (+https://api.slack.com/robots)"
18.206.182.230 - - [20/Nov/2021:14:03:45 +0000] "GET / HTTP/1.1" 200 6312 "-" "Slackbot 1.0 (+https://api.slack.com/robots)"
59.166.175.190 - - [20/Nov/2021:14:05:35 +0000] "GET /archives/848 HTTP/2.0" 200 7868 "https://www.google.com/" "Mozilla/5.0 (Linux; Android 12; Pixel 3) AppleWebKit/537.36 (KHTML, like Gecko) Chrome/95.0.4638.74 Mobile Safari/537.36"
59.166.175.190 - - [20/Nov/2021:14:05:35 +0000] "GET /wp-content/themes/cdsl/style.css?ver=1.3.1 HTTP/2.0" 200 272 "-" "Mozilla/5.0 (Linux; Android 12; Pixel 3) AppleWebKit/537.36 (KHTML, like Gecko) Chrome/95.0.4638.74 Mobile Safari/537.36"
59.166.175.190 - - [20/Nov/2021:14:05:35 +0000] "GET /wp-includes/css/dist/block-library/style.min.css?ver=5.8.2 HTTP/2.0" 200 13704 "-" "Mozilla/5.0 (Linux; Android 12; Pixel 3) AppleWebKit/537.36 (KHTML, like Gecko) Chrome/95.0.4638.74 Mobile Safari/537.36"
59.166.175.190 - - [20/Nov/2021:14:05:35 +0000] "GET /wp-content/themes/scaffold/style.css?ver=5.8.2 HTTP/2.0" 200 5846 "-" "Mozilla/5.0 (Linux; Android 12; Pixel 3) AppleWebKit/537.36 (KHTML, like Gecko) Chrome/95.0.4638.74 Mobile Safari/537.36"
59.166.175.190 - - [20/Nov/2021:14:05:35 +0000] "GET /wp-content/themes/scaffold/assets/js/navigation.js?ver=1.3.1 HTTP/2.0" 200 1266 "https://ja.tak-cslab.org/archives/848" "Mozilla/5.0 (Linux; Android 12; Pixel 3) AppleWebKit/537.36 (KHTML, like Gecko) Chrome/95.0.4638.74 Mobile Safari/537.36"
59.166.175.190 - - [20/Nov/2021:14:05:35 +0000] "GET /wp-includes/js/comment-reply.min.js?ver=5.8.2 HTTP/2.0" 200 1390 "https://ja.tak-cslab.org/archives/848" "Mozilla/5.0 (Linux; Android 12; Pixel 3) AppleWebKit/537.36 (KHTML, like Gecko) Chrome/95.0.4638.74 Mobile Safari/537.36"
59.166.175.190 - - [20/Nov/2021:14:05:35 +0000] "GET /wp-includes/js/wp-embed.min.js?ver=5.8.2 HTTP/2.0" 200 779 "https://ja.tak-cslab.org/archives/848" "Mozilla/5.0 (Linux; Android 12; Pixel 3) AppleWebKit/537.36 (KHTML, like Gecko) Chrome/95.0.4638.74 Mobile Safari/537.36"
59.166.175.190 - - [20/Nov/2021:14:05:35 +0000] "GET /wp-includes/js/wp-emoji-release.min.js?ver=5.8.2 HTTP/2.0" 200 5714 "https://ja.tak-cslab.org/archives/848" "Mozilla/5.0 (Linux; Android 12; Pixel 3) AppleWebKit/537.36 (KHTML, like Gecko) Chrome/95.0.4638.74 Mobile Safari/537.36"
59.166.175.190 - - [20/Nov/2021:14:05:35 +0000] "GET /wp-content/uploads/2020/12/Kubernetes-logo-1.png HTTP/2.0" 200 49082 "https://ja.tak-cslab.org/archives/848" "Mozilla/5.0 (Linux; Android 12; Pixel 3) AppleWebKit/537.36 (KHTML, like Gecko) Chrome/95.0.4638.74 Mobile Safari/537.36"
59.166.175.190 - - [20/Nov/2021:14:05:35 +0000] "GET /wp-content/uploads/2020/12/%E3%82%AD%E3%83%A3%E3%83%97%E3%83%81%E3%83%A3-1040x511.png HTTP/2.0" 200 81641 "https://ja.tak-cslab.org/archives/848" "Mozilla/5.0 (Linux; Android 12; Pixel 3) AppleWebKit/537.36 (KHTML, like Gecko) Chrome/95.0.4638.74 Mobile Safari/537.36"
59.166.175.190 - - [20/Nov/2021:14:05:35 +0000] "GET /wp-content/uploads/2020/12/Rancher_K3s2-1040x544.png HTTP/2.0" 200 81821 "https://ja.tak-cslab.org/archives/848" "Mozilla/5.0 (Linux; Android 12; Pixel 3) AppleWebKit/537.36 (KHTML, like Gecko) Chrome/95.0.4638.74 Mobile Safari/537.36"
59.166.175.190 - - [20/Nov/2021:14:05:35 +0000] "GET /favicon.ico HTTP/2.0" 302 0 "https://ja.tak-cslab.org/archives/848" "Mozilla/5.0 (Linux; Android 12; Pixel 3) AppleWebKit/537.36 (KHTML, like Gecko) Chrome/95.0.4638.74 Mobile Safari/537.36"
59.166.175.190 - - [20/Nov/2021:14:05:35 +0000] "GET /wp-includes/images/w-logo-blue-white-bg.png HTTP/2.0" 200 4119 "https://ja.tak-cslab.org/archives/848" "Mozilla/5.0 (Linux; Android 12; Pixel 3) AppleWebKit/537.36 (KHTML, like Gecko) Chrome/95.0.4638.74 Mobile Safari/537.36"
59.166.175.190 - - [20/Nov/2021:14:05:36 +0000] "GET /wp-content/uploads/2020/12/79c88101a9c403279aeedc67586221c07ebaed06-1040x525.png HTTP/2.0" 200 195313 "https://ja.tak-cslab.org/archives/848" "Mozilla/5.0 (Linux; Android 12; Pixel 3) AppleWebKit/537.36 (KHTML, like Gecko) Chrome/95.0.4638.74 Mobile Safari/537.36"
34.206.38.217 - - [20/Nov/2021:14:06:44 +0000] "GET /feed HTTP/1.1" 200 55867 "-" "Automate.io BOT"
216.245.221.83 - - [20/Nov/2021:14:08:08 +0000] "HEAD / HTTP/1.1" 301 0 "http://ja.tak-cslab.org/" "Mozilla/5.0+(compatible; UptimeRobot/2.0; http://www.uptimerobot.com/)"
216.245.221.83 - - [20/Nov/2021:14:08:08 +0000] "HEAD / HTTP/1.1" 200 0 "http://ja.tak-cslab.org/" "Mozilla/5.0+(compatible; UptimeRobot/2.0; http://www.uptimerobot.com/)"
34.206.38.217 - - [20/Nov/2021:14:11:53 +0000] "GET /feed HTTP/1.1" 200 55854 "-" "Automate.io BOT"
216.245.221.83 - - [20/Nov/2021:14:13:08 +0000] "HEAD / HTTP/1.1" 301 0 "http://ja.tak-cslab.org/" "Mozilla/5.0+(compatible; UptimeRobot/2.0; http://www.uptimerobot.com/)"
216.245.221.83 - - [20/Nov/2021:14:13:08 +0000] "HEAD / HTTP/1.1" 200 0 "http://ja.tak-cslab.org/" "Mozilla/5.0+(compatible; UptimeRobot/2.0; http://www.uptimerobot.com/)"
34.206.38.217 - - [20/Nov/2021:14:16:53 +0000] "GET /feed HTTP/1.1" 200 55867 "-" "Automate.io BOT"
216.245.221.83 - - [20/Nov/2021:14:18:08 +0000] "HEAD / HTTP/1.1" 301 0 "http://ja.tak-cslab.org/" "Mozilla/5.0+(compatible; UptimeRobot/2.0; http://www.uptimerobot.com/)"
163.215.6.1 - - [20/Nov/2021:14:18:08 +0000] "POST /wp-cron.php?doing_wp_cron=1637417888.7493510246276855468750 HTTP/1.1" 200 31 "https://ja.tak-cslab.org/wp-cron.php?doing_wp_cron=1637417888.7493510246276855468750" "WordPress/5.8.2; https://ja.tak-cslab.org"
216.245.221.83 - - [20/Nov/2021:14:18:08 +0000] "HEAD / HTTP/1.1" 200 0 "http://ja.tak-cslab.org/" "Mozilla/5.0+(compatible; UptimeRobot/2.0; http://www.uptimerobot.com/)"
34.206.38.217 - - [20/Nov/2021:14:21:53 +0000] "GET /feed HTTP/1.1" 200 55861 "-" "Automate.io BOT"
216.245.221.83 - - [20/Nov/2021:14:23:08 +0000] "HEAD / HTTP/1.1" 301 0 "http://ja.tak-cslab.org/" "Mozilla/5.0+(compatible; UptimeRobot/2.0; http://www.uptimerobot.com/)"
216.245.221.83 - - [20/Nov/2021:14:23:08 +0000] "HEAD / HTTP/1.1" 200 0 "http://ja.tak-cslab.org/" "Mozilla/5.0+(compatible; UptimeRobot/2.0; http://www.uptimerobot.com/)"
34.230.80.95 - - [20/Nov/2021:14:23:38 +0000] "HEAD /feed HTTP/2.0" 200 0 "-" "Slackbot 1.0 (+https://api.slack.com/robots)"
3.216.93.196 - - [20/Nov/2021:14:23:39 +0000] "GET /feed HTTP/1.1" 200 55867 "-" "Slackbot 1.0 (+https://api.slack.com/robots)"
3.239.119.233 - - [20/Nov/2021:14:23:40 +0000] "GET / HTTP/1.1" 200 6312 "-" "Slackbot 1.0 (+https://api.slack.com/robots)"
34.206.38.217 - - [20/Nov/2021:14:26:53 +0000] "GET /feed HTTP/1.1" 200 55868 "-" "Automate.io BOT"
216.245.221.83 - - [20/Nov/2021:14:28:08 +0000] "HEAD / HTTP/1.1" 301 0 "http://ja.tak-cslab.org/" "Mozilla/5.0+(compatible; UptimeRobot/2.0; http://www.uptimerobot.com/)"
216.245.221.83 - - [20/Nov/2021:14:28:08 +0000] "HEAD / HTTP/1.1" 200 0 "http://ja.tak-cslab.org/" "Mozilla/5.0+(compatible; UptimeRobot/2.0; http://www.uptimerobot.com/)"
34.206.38.217 - - [20/Nov/2021:14:31:53 +0000] "GET /feed HTTP/1.1" 200 55846 "-" "Automate.io BOT"
40.77.167.82 - - [20/Nov/2021:14:33:03 +0000] "GET /archives/1170 HTTP/2.0" 200 6937 "-" "Mozilla/5.0 (compatible; bingbot/2.0; +http://www.bing.com/bingbot.htm)"
216.245.221.83 - - [20/Nov/2021:14:33:08 +0000] "HEAD / HTTP/1.1" 301 0 "http://ja.tak-cslab.org/" "Mozilla/5.0+(compatible; UptimeRobot/2.0; http://www.uptimerobot.com/)"
216.245.221.83 - - [20/Nov/2021:14:33:08 +0000] "HEAD / HTTP/1.1" 200 0 "http://ja.tak-cslab.org/" "Mozilla/5.0+(compatible; UptimeRobot/2.0; http://www.uptimerobot.com/)"
207.46.13.109 - - [20/Nov/2021:14:33:19 +0000] "GET /wp-content/themes/scaffold/assets/js/navigation.js?ver=1.3.1 HTTP/2.0" 200 1266 "-" "Mozilla/5.0 (compatible; bingbot/2.0; +http://www.bing.com/bingbot.htm)"
34.206.38.217 - - [20/Nov/2021:14:36:53 +0000] "GET /feed HTTP/1.1" 200 55867 "-" "Automate.io BOT"
216.245.221.83 - - [20/Nov/2021:14:38:08 +0000] "HEAD / HTTP/1.1" 301 0 "http://ja.tak-cslab.org/" "Mozilla/5.0+(compatible; UptimeRobot/2.0; http://www.uptimerobot.com/)"
216.245.221.83 - - [20/Nov/2021:14:38:08 +0000] "HEAD / HTTP/1.1" 200 0 "http://ja.tak-cslab.org/" "Mozilla/5.0+(compatible; UptimeRobot/2.0; http://www.uptimerobot.com/)"
156.146.41.211 - - [20/Nov/2021:14:39:31 +0000] "GET /archives/460/ HTTP/1.1" 301 162 "-" "Mozilla/5.0 (Windows; U; Windows NT 5.1; ru-RU; rv:1.8.1.17) Gecko/20080919 K-Meleon/1.5.1"
195.123.209.118 - - [20/Nov/2021:14:40:24 +0000] "GET / HTTP/1.1" 301 162 "http://lordzfilmz.me/" "Mozilla/4.0 (compatible; MSIE 6.0; Windows NT 5.1; .NET CLR 1.1.4322)"
195.123.209.118 - - [20/Nov/2021:14:40:25 +0000] "GET / HTTP/1.1" 301 162 "http://lordzfilmz.me/" "Mozilla/4.0 (compatible; MSIE 6.0; Windows NT 5.1; .NET CLR 1.1.4322)"
195.123.209.118 - - [20/Nov/2021:14:40:26 +0000] "GET / HTTP/1.1" 301 162 "http://lordzfilmz.me/" "Mozilla/4.0 (compatible; MSIE 6.0; Windows NT 5.1; .NET CLR 1.1.4322)"
34.206.38.217 - - [20/Nov/2021:14:41:53 +0000] "GET /feed HTTP/1.1" 200 55861 "-" "Automate.io BOT"
216.245.221.83 - - [20/Nov/2021:14:43:08 +0000] "HEAD / HTTP/1.1" 301 0 "http://ja.tak-cslab.org/" "Mozilla/5.0+(compatible; UptimeRobot/2.0; http://www.uptimerobot.com/)"
216.245.221.83 - - [20/Nov/2021:14:43:08 +0000] "HEAD / HTTP/1.1" 200 0 "http://ja.tak-cslab.org/" "Mozilla/5.0+(compatible; UptimeRobot/2.0; http://www.uptimerobot.com/)"
3.239.119.233 - - [20/Nov/2021:14:43:39 +0000] "HEAD /feed HTTP/2.0" 200 0 "-" "Slackbot 1.0 (+https://api.slack.com/robots)"
54.224.226.92 - - [20/Nov/2021:14:43:40 +0000] "GET /feed HTTP/1.1" 200 55868 "-" "Slackbot 1.0 (+https://api.slack.com/robots)"
34.201.4.104 - - [20/Nov/2021:14:43:41 +0000] "GET / HTTP/1.1" 200 6312 "-" "Slackbot 1.0 (+https://api.slack.com/robots)"
34.206.38.217 - - [20/Nov/2021:14:46:54 +0000] "GET /feed HTTP/1.1" 200 55868 "-" "Automate.io BOT"
216.245.221.83 - - [20/Nov/2021:14:48:08 +0000] "HEAD / HTTP/1.1" 301 0 "http://ja.tak-cslab.org/" "Mozilla/5.0+(compatible; UptimeRobot/2.0; http://www.uptimerobot.com/)"
216.245.221.83 - - [20/Nov/2021:14:48:08 +0000] "HEAD / HTTP/1.1" 200 0 "http://ja.tak-cslab.org/" "Mozilla/5.0+(compatible; UptimeRobot/2.0; http://www.uptimerobot.com/)"
34.206.38.217 - - [20/Nov/2021:14:51:53 +0000] "GET /feed HTTP/1.1" 200 55860 "-" "Automate.io BOT"
216.245.221.83 - - [20/Nov/2021:14:53:08 +0000] "HEAD / HTTP/1.1" 301 0 "http://ja.tak-cslab.org/" "Mozilla/5.0+(compatible; UptimeRobot/2.0; http://www.uptimerobot.com/)"
216.245.221.83 - - [20/Nov/2021:14:53:08 +0000] "HEAD / HTTP/1.1" 200 0 "http://ja.tak-cslab.org/" "Mozilla/5.0+(compatible; UptimeRobot/2.0; http://www.uptimerobot.com/)"
34.206.38.217 - - [20/Nov/2021:14:56:53 +0000] "GET /feed HTTP/1.1" 200 55868 "-" "Automate.io BOT"
216.245.221.83 - - [20/Nov/2021:14:58:08 +0000] "HEAD / HTTP/1.1" 301 0 "http://ja.tak-cslab.org/" "Mozilla/5.0+(compatible; UptimeRobot/2.0; http://www.uptimerobot.com/)"
216.245.221.83 - - [20/Nov/2021:14:58:08 +0000] "HEAD / HTTP/1.1" 200 0 "http://ja.tak-cslab.org/" "Mozilla/5.0+(compatible; UptimeRobot/2.0; http://www.uptimerobot.com/)"
163.215.6.1 - - [20/Nov/2021:15:01:54 +0000] "POST /wp-cron.php?doing_wp_cron=1637420514.2108728885650634765625 HTTP/1.1" 200 31 "https://ja.tak-cslab.org/wp-cron.php?doing_wp_cron=1637420514.2108728885650634765625" "WordPress/5.8.2; https://ja.tak-cslab.org"
34.206.38.217 - - [20/Nov/2021:15:01:54 +0000] "GET /feed HTTP/1.1" 200 55868 "-" "Automate.io BOT"
216.245.221.83 - - [20/Nov/2021:15:03:08 +0000] "HEAD / HTTP/1.1" 301 0 "http://ja.tak-cslab.org/" "Mozilla/5.0+(compatible; UptimeRobot/2.0; http://www.uptimerobot.com/)"
216.245.221.83 - - [20/Nov/2021:15:03:08 +0000] "HEAD / HTTP/1.1" 200 0 "http://ja.tak-cslab.org/" "Mozilla/5.0+(compatible; UptimeRobot/2.0; http://www.uptimerobot.com/)"
18.233.99.84 - - [20/Nov/2021:15:03:43 +0000] "HEAD /feed HTTP/2.0" 200 0 "-" "Slackbot 1.0 (+https://api.slack.com/robots)"
54.164.109.47 - - [20/Nov/2021:15:03:43 +0000] "GET /feed HTTP/1.1" 200 55868 "-" "Slackbot 1.0 (+https://api.slack.com/robots)"
3.235.228.57 - - [20/Nov/2021:15:03:44 +0000] "GET / HTTP/1.1" 200 6312 "-" "Slackbot 1.0 (+https://api.slack.com/robots)"
40.77.189.209 - - [20/Nov/2021:15:04:18 +0000] "GET /wp-content/themes/scaffold/style.css?ver=5.8.2 HTTP/2.0" 200 19889 "-" "Mozilla/5.0 (Windows NT 6.1; WOW64) AppleWebKit/534+ (KHTML, like Gecko) BingPreview/1.0b"
216.244.66.230 - - [20/Nov/2021:15:06:52 +0000] "GET /robots.txt HTTP/1.1" 301 162 "-" "Mozilla/5.0 (compatible; DotBot/1.2; +https://opensiteexplorer.org/dotbot; help@moz.com)"
216.244.66.230 - - [20/Nov/2021:15:06:53 +0000] "GET /robots.txt HTTP/1.1" 200 128 "-" "Mozilla/5.0 (compatible; DotBot/1.2; +https://opensiteexplorer.org/dotbot; help@moz.com)"
34.206.38.217 - - [20/Nov/2021:15:06:53 +0000] "GET /feed HTTP/1.1" 200 55861 "-" "Automate.io BOT"
216.245.221.83 - - [20/Nov/2021:15:08:08 +0000] "HEAD / HTTP/1.1" 301 0 "http://ja.tak-cslab.org/" "Mozilla/5.0+(compatible; UptimeRobot/2.0; http://www.uptimerobot.com/)"
216.245.221.83 - - [20/Nov/2021:15:08:08 +0000] "HEAD / HTTP/1.1" 200 0 "http://ja.tak-cslab.org/" "Mozilla/5.0+(compatible; UptimeRobot/2.0; http://www.uptimerobot.com/)"
216.244.66.230 - - [20/Nov/2021:15:08:12 +0000] "GET /archives/1594 HTTP/1.1" 200 29395 "-" "Mozilla/5.0 (compatible; DotBot/1.2; +https://opensiteexplorer.org/dotbot; help@moz.com)"
34.206.38.217 - - [20/Nov/2021:15:11:53 +0000] "GET /feed HTTP/1.1" 200 55861 "-" "Automate.io BOT"
216.245.221.83 - - [20/Nov/2021:15:13:08 +0000] "HEAD / HTTP/1.1" 301 0 "http://ja.tak-cslab.org/" "Mozilla/5.0+(compatible; UptimeRobot/2.0; http://www.uptimerobot.com/)"
216.245.221.83 - - [20/Nov/2021:15:13:08 +0000] "HEAD / HTTP/1.1" 200 0 "http://ja.tak-cslab.org/" "Mozilla/5.0+(compatible; UptimeRobot/2.0; http://www.uptimerobot.com/)"
34.206.38.217 - - [20/Nov/2021:15:16:53 +0000] "GET /feed HTTP/1.1" 200 55867 "-" "Automate.io BOT"
216.245.221.83 - - [20/Nov/2021:15:18:08 +0000] "HEAD / HTTP/1.1" 301 0 "http://ja.tak-cslab.org/" "Mozilla/5.0+(compatible; UptimeRobot/2.0; http://www.uptimerobot.com/)"
163.215.6.1 - - [20/Nov/2021:15:18:09 +0000] "POST /wp-cron.php?doing_wp_cron=1637421488.6645500659942626953125 HTTP/1.1" 200 31 "https://ja.tak-cslab.org/wp-cron.php?doing_wp_cron=1637421488.6645500659942626953125" "WordPress/5.8.2; https://ja.tak-cslab.org"
216.245.221.83 - - [20/Nov/2021:15:18:09 +0000] "HEAD / HTTP/1.1" 200 0 "http://ja.tak-cslab.org/" "Mozilla/5.0+(compatible; UptimeRobot/2.0; http://www.uptimerobot.com/)"
34.206.38.217 - - [20/Nov/2021:15:21:53 +0000] "GET /feed HTTP/1.1" 200 55867 "-" "Automate.io BOT"
51.222.253.11 - - [20/Nov/2021:15:22:17 +0000] "GET /archives/766 HTTP/2.0" 200 6607 "-" "Mozilla/5.0 (compatible; AhrefsBot/7.0; +http://ahrefs.com/robot/)"
216.245.221.83 - - [20/Nov/2021:15:23:08 +0000] "HEAD / HTTP/1.1" 301 0 "http://ja.tak-cslab.org/" "Mozilla/5.0+(compatible; UptimeRobot/2.0; http://www.uptimerobot.com/)"
216.245.221.83 - - [20/Nov/2021:15:23:08 +0000] "HEAD / HTTP/1.1" 200 0 "http://ja.tak-cslab.org/" "Mozilla/5.0+(compatible; UptimeRobot/2.0; http://www.uptimerobot.com/)"
3.239.53.83 - - [20/Nov/2021:15:23:43 +0000] "HEAD /feed HTTP/2.0" 200 0 "-" "Slackbot 1.0 (+https://api.slack.com/robots)"
3.81.80.239 - - [20/Nov/2021:15:23:44 +0000] "GET /feed HTTP/1.1" 200 55861 "-" "Slackbot 1.0 (+https://api.slack.com/robots)"
3.238.73.240 - - [20/Nov/2021:15:23:45 +0000] "GET / HTTP/1.1" 200 6312 "-" "Slackbot 1.0 (+https://api.slack.com/robots)"
34.206.38.217 - - [20/Nov/2021:15:26:54 +0000] "GET /feed HTTP/1.1" 200 55860 "-" "Automate.io BOT"
216.245.221.83 - - [20/Nov/2021:15:28:08 +0000] "HEAD / HTTP/1.1" 301 0 "http://ja.tak-cslab.org/" "Mozilla/5.0+(compatible; UptimeRobot/2.0; http://www.uptimerobot.com/)"
216.245.221.83 - - [20/Nov/2021:15:28:08 +0000] "HEAD / HTTP/1.1" 200 0 "http://ja.tak-cslab.org/" "Mozilla/5.0+(compatible; UptimeRobot/2.0; http://www.uptimerobot.com/)"
34.206.38.217 - - [20/Nov/2021:15:31:54 +0000] "GET /feed HTTP/1.1" 200 55867 "-" "Automate.io BOT"
216.245.221.83 - - [20/Nov/2021:15:33:08 +0000] "HEAD / HTTP/1.1" 301 0 "http://ja.tak-cslab.org/" "Mozilla/5.0+(compatible; UptimeRobot/2.0; http://www.uptimerobot.com/)"
