163.215.6.1 - - [18/Nov/2021:13:15:04 +0000] "POST /wp-cron.php?doing_wp_cron=1637241304.6870729923248291015625 HTTP/1.1" 200 31 "https://ja.tak-cslab.org/wp-cron.php?doing_wp_cron=1637241304.6870729923248291015625" "WordPress/5.8.2; https://ja.tak-cslab.org"
216.245.221.83 - - [18/Nov/2021:13:15:04 +0000] "HEAD / HTTP/1.1" 200 0 "http://ja.tak-cslab.org/" "Mozilla/5.0+(compatible; UptimeRobot/2.0; http://www.uptimerobot.com/)"
3.19.61.83 - - [18/Nov/2021:13:15:10 +0000] "GET /wp-content/uploads/2020/08/41pdvo5w0L._AC_SY400_.jpg HTTP/1.1" 200 13169 "-" "clark-crawler2/Nutch-1.19-SNAPSHOT"
3.19.61.83 - - [18/Nov/2021:13:15:17 +0000] "GET /wp-content/uploads/2020/01/books.png HTTP/1.1" 200 1611142 "-" "clark-crawler2/Nutch-1.19-SNAPSHOT"
3.19.61.83 - - [18/Nov/2021:13:15:51 +0000] "GET /wp-content/uploads/2020/09/Screen-Shot-2020-09-09-at-14.41.23-1024x906.png HTTP/1.1" 200 206520 "-" "clark-crawler2/Nutch-1.19-SNAPSHOT"
34.206.38.217 - - [18/Nov/2021:13:15:53 +0000] "GET /feed HTTP/1.1" 200 55867 "-" "Automate.io BOT"
3.115.117.188 - - [18/Nov/2021:13:17:30 +0000] "GET /favicon.ico HTTP/1.1" 302 5 "-" "Slack-ImgProxy (+https://api.slack.com/robots)"
3.112.37.7 - - [18/Nov/2021:13:17:30 +0000] "GET /wp-includes/images/w-logo-blue-white-bg.png HTTP/1.1" 200 4119 "-" "Slack-ImgProxy (+https://api.slack.com/robots)"
3.19.61.83 - - [18/Nov/2021:13:18:54 +0000] "GET /wp-content/uploads/2020/09/Screen-Shot-2020-09-09-at-15.20.45-1024x524.png HTTP/1.1" 200 188588 "-" "clark-crawler2/Nutch-1.19-SNAPSHOT"
54.221.27.173 - - [18/Nov/2021:13:19:53 +0000] "GET / HTTP/1.1" 301 162 "-" "Mozilla/5.0 (Windows NT 10.0; Win64; x64) AppleWebKit/537.36 (KHTML, like Gecko) Chrome/88.0.4324.150 Safari/537.36"
163.215.6.1 - - [18/Nov/2021:13:19:54 +0000] "POST /wp-cron.php?doing_wp_cron=1637241594.0731050968170166015625 HTTP/1.1" 200 31 "https://ja.tak-cslab.org/wp-cron.php?doing_wp_cron=1637241594.0731050968170166015625" "WordPress/5.8.2; https://ja.tak-cslab.org"
54.221.27.173 - - [18/Nov/2021:13:19:54 +0000] "GET / HTTP/1.1" 200 6312 "http://ja.tak-cslab.org" "Mozilla/5.0 (Windows NT 10.0; Win64; x64) AppleWebKit/537.36 (KHTML, like Gecko) Chrome/88.0.4324.150 Safari/537.36"
216.245.221.83 - - [18/Nov/2021:13:20:04 +0000] "HEAD / HTTP/1.1" 301 0 "http://ja.tak-cslab.org/" "Mozilla/5.0+(compatible; UptimeRobot/2.0; http://www.uptimerobot.com/)"
216.245.221.83 - - [18/Nov/2021:13:20:04 +0000] "HEAD / HTTP/1.1" 200 0 "http://ja.tak-cslab.org/" "Mozilla/5.0+(compatible; UptimeRobot/2.0; http://www.uptimerobot.com/)"
181.177.82.249 - - [18/Nov/2021:13:20:48 +0000] "GET /about HTTP/1.1" 200 5449 "-" "AccompanyBot"
34.206.38.217 - - [18/Nov/2021:13:20:53 +0000] "GET /feed HTTP/1.1" 200 55861 "-" "Automate.io BOT"
54.197.164.189 - - [18/Nov/2021:13:23:43 +0000] "HEAD /feed HTTP/2.0" 200 0 "-" "Slackbot 1.0 (+https://api.slack.com/robots)"
18.209.241.12 - - [18/Nov/2021:13:23:44 +0000] "GET /feed HTTP/1.1" 200 55867 "-" "Slackbot 1.0 (+https://api.slack.com/robots)"
34.239.141.230 - - [18/Nov/2021:13:23:45 +0000] "GET / HTTP/1.1" 200 6312 "-" "Slackbot 1.0 (+https://api.slack.com/robots)"
3.19.61.83 - - [18/Nov/2021:13:24:31 +0000] "GET /wp-content/uploads/2021/01/image.png HTTP/1.1" 200 49210 "-" "clark-crawler2/Nutch-1.19-SNAPSHOT"
216.245.221.83 - - [18/Nov/2021:13:25:04 +0000] "HEAD / HTTP/1.1" 301 0 "http://ja.tak-cslab.org/" "Mozilla/5.0+(compatible; UptimeRobot/2.0; http://www.uptimerobot.com/)"
216.245.221.83 - - [18/Nov/2021:13:25:04 +0000] "HEAD / HTTP/1.1" 200 0 "http://ja.tak-cslab.org/" "Mozilla/5.0+(compatible; UptimeRobot/2.0; http://www.uptimerobot.com/)"
34.206.38.217 - - [18/Nov/2021:13:25:53 +0000] "GET /feed HTTP/1.1" 200 55853 "-" "Automate.io BOT"
3.19.61.83 - - [18/Nov/2021:13:28:01 +0000] "GET /wp-content/uploads/2021/01/IMG_3379.jpg HTTP/1.1" 200 297859 "-" "clark-crawler2/Nutch-1.19-SNAPSHOT"
3.19.61.83 - - [18/Nov/2021:13:28:08 +0000] "GET /wp-content/uploads/2020/01/IMG_1108-768x1024.jpg HTTP/1.1" 200 113635 "-" "clark-crawler2/Nutch-1.19-SNAPSHOT"
3.19.61.83 - - [18/Nov/2021:13:29:35 +0000] "GET /wp-content/uploads/2021/04/CDSL-System-Architecture1.png HTTP/1.1" 200 89919 "-" "clark-crawler2/Nutch-1.19-SNAPSHOT"
216.245.221.83 - - [18/Nov/2021:13:30:04 +0000] "HEAD / HTTP/1.1" 301 0 "http://ja.tak-cslab.org/" "Mozilla/5.0+(compatible; UptimeRobot/2.0; http://www.uptimerobot.com/)"
216.245.221.83 - - [18/Nov/2021:13:30:04 +0000] "HEAD / HTTP/1.1" 200 0 "http://ja.tak-cslab.org/" "Mozilla/5.0+(compatible; UptimeRobot/2.0; http://www.uptimerobot.com/)"
3.19.61.83 - - [18/Nov/2021:13:30:47 +0000] "GET /wp-content/uploads/2020/12/dps-hall.png HTTP/1.1" 200 2979781 "-" "clark-crawler2/Nutch-1.19-SNAPSHOT"
34.206.38.217 - - [18/Nov/2021:13:30:53 +0000] "GET /feed HTTP/1.1" 200 55868 "-" "Automate.io BOT"
207.46.13.176 - - [18/Nov/2021:13:32:07 +0000] "GET /wp-content/uploads/2020/01/image-4-768x315.png HTTP/2.0" 200 51480 "-" "Mozilla/5.0 (compatible; bingbot/2.0; +http://www.bing.com/bingbot.htm)"
3.19.61.83 - - [18/Nov/2021:13:33:09 +0000] "GET /wp-content/uploads/2020/01/image-6.png HTTP/1.1" 200 279972 "-" "clark-crawler2/Nutch-1.19-SNAPSHOT"
3.19.61.83 - - [18/Nov/2021:13:33:54 +0000] "GET /wp-content/uploads/2020/09/Screen-Shot-2020-09-09-at-14.24.13-1024x638.png HTTP/1.1" 200 272074 "-" "clark-crawler2/Nutch-1.19-SNAPSHOT"
3.19.61.83 - - [18/Nov/2021:13:34:52 +0000] "GET /wp-content/uploads/2020/10/IMG_4237.jpg HTTP/1.1" 200 242357 "-" "clark-crawler2/Nutch-1.19-SNAPSHOT"
216.245.221.83 - - [18/Nov/2021:13:35:04 +0000] "HEAD / HTTP/1.1" 301 0 "http://ja.tak-cslab.org/" "Mozilla/5.0+(compatible; UptimeRobot/2.0; http://www.uptimerobot.com/)"
163.215.6.1 - - [18/Nov/2021:13:35:04 +0000] "POST /wp-cron.php?doing_wp_cron=1637242504.7212109565734863281250 HTTP/1.1" 200 31 "https://ja.tak-cslab.org/wp-cron.php?doing_wp_cron=1637242504.7212109565734863281250" "WordPress/5.8.2; https://ja.tak-cslab.org"
216.245.221.83 - - [18/Nov/2021:13:35:04 +0000] "HEAD / HTTP/1.1" 200 0 "http://ja.tak-cslab.org/" "Mozilla/5.0+(compatible; UptimeRobot/2.0; http://www.uptimerobot.com/)"
163.215.6.1 - - [18/Nov/2021:13:35:04 +0000] "GET / HTTP/1.1" 200 6312 "https://ja.tak-cslab.org/" "WordPress/5.8.2; https://ja.tak-cslab.org"
34.206.38.217 - - [18/Nov/2021:13:35:53 +0000] "GET /feed HTTP/1.1" 200 55867 "-" "Automate.io BOT"
3.19.61.83 - - [18/Nov/2021:13:36:10 +0000] "GET /wp-content/uploads/2021/08/meeting-space-1024x768.png HTTP/1.1" 200 962787 "-" "clark-crawler2/Nutch-1.19-SNAPSHOT"
39.106.223.134 - - [18/Nov/2021:13:36:32 +0000] "GET /archives/460/ HTTP/1.0" 301 162 "http://ja.tak-cslab.org/archives/460/" "Mozilla/5.0 (Windows NT 6.2; Win64; x64) AppleWebKit/537.36 (KHTML, like Gecko) Chrome/90.0.4430.93 Safari/537.36"
185.191.171.17 - - [18/Nov/2021:13:38:38 +0000] "GET /robots.txt HTTP/1.1" 200 123 "-" "Mozilla/5.0 (compatible; SemrushBot/7~bl; +http://www.semrush.com/bot.html)"
185.191.171.42 - - [18/Nov/2021:13:38:39 +0000] "GET /10gin_cds1?redirect_to=https%3A%2F%2Fja.tak-cslab.org%2Farchives%2F606 HTTP/1.1" 200 4544 "-" "Mozilla/5.0 (compatible; SemrushBot/7~bl; +http://www.semrush.com/bot.html)"
216.245.221.83 - - [18/Nov/2021:13:40:04 +0000] "HEAD / HTTP/1.1" 301 0 "http://ja.tak-cslab.org/" "Mozilla/5.0+(compatible; UptimeRobot/2.0; http://www.uptimerobot.com/)"
216.245.221.83 - - [18/Nov/2021:13:40:04 +0000] "HEAD / HTTP/1.1" 200 0 "http://ja.tak-cslab.org/" "Mozilla/5.0+(compatible; UptimeRobot/2.0; http://www.uptimerobot.com/)"
3.19.61.83 - - [18/Nov/2021:13:40:45 +0000] "GET /wp-content/uploads/2020/09/Screen-Shot-2020-09-09-at-16.09.33-1024x557.png HTTP/1.1" 200 157205 "-" "clark-crawler2/Nutch-1.19-SNAPSHOT"
34.206.38.217 - - [18/Nov/2021:13:40:52 +0000] "GET /feed HTTP/1.1" 200 55868 "-" "Automate.io BOT"
3.19.61.83 - - [18/Nov/2021:13:41:21 +0000] "GET /wp-content/uploads/2021/07/image-4.png HTTP/1.1" 200 85375 "-" "clark-crawler2/Nutch-1.19-SNAPSHOT"
3.19.61.83 - - [18/Nov/2021:13:42:23 +0000] "GET /wp-content/uploads/2020/10/IMG_4247.jpg HTTP/1.1" 200 268024 "-" "clark-crawler2/Nutch-1.19-SNAPSHOT"
52.91.162.203 - - [18/Nov/2021:13:43:42 +0000] "HEAD /feed HTTP/2.0" 200 0 "-" "Slackbot 1.0 (+https://api.slack.com/robots)"
3.235.228.57 - - [18/Nov/2021:13:43:43 +0000] "GET /feed HTTP/1.1" 200 55867 "-" "Slackbot 1.0 (+https://api.slack.com/robots)"
3.85.201.106 - - [18/Nov/2021:13:43:44 +0000] "GET / HTTP/1.1" 200 6312 "-" "Slackbot 1.0 (+https://api.slack.com/robots)"
216.245.221.83 - - [18/Nov/2021:13:45:04 +0000] "HEAD / HTTP/1.1" 301 0 "http://ja.tak-cslab.org/" "Mozilla/5.0+(compatible; UptimeRobot/2.0; http://www.uptimerobot.com/)"
216.245.221.83 - - [18/Nov/2021:13:45:04 +0000] "HEAD / HTTP/1.1" 200 0 "http://ja.tak-cslab.org/" "Mozilla/5.0+(compatible; UptimeRobot/2.0; http://www.uptimerobot.com/)"
34.206.38.217 - - [18/Nov/2021:13:45:52 +0000] "GET /feed HTTP/1.1" 200 55867 "-" "Automate.io BOT"
34.206.38.217 - - [18/Nov/2021:13:50:53 +0000] "GET /feed HTTP/1.1" 200 55868 "-" "Automate.io BOT"
34.206.38.217 - - [18/Nov/2021:13:55:53 +0000] "GET /feed HTTP/1.1" 200 55861 "-" "Automate.io BOT"
216.245.221.83 - - [18/Nov/2021:13:58:08 +0000] "HEAD / HTTP/1.1" 301 0 "http://ja.tak-cslab.org/" "Mozilla/5.0+(compatible; UptimeRobot/2.0; http://www.uptimerobot.com/)"
216.245.221.83 - - [18/Nov/2021:13:58:08 +0000] "HEAD / HTTP/1.1" 200 0 "http://ja.tak-cslab.org/" "Mozilla/5.0+(compatible; UptimeRobot/2.0; http://www.uptimerobot.com/)"
106.73.74.225 - - [18/Nov/2021:13:59:22 +0000] "GET /tech-report HTTP/2.0" 200 12282 "https://www.google.com/" "Mozilla/5.0 (Macintosh; Intel Mac OS X 10_15_7) AppleWebKit/537.36 (KHTML, like Gecko) Chrome/96.0.4664.45 Safari/537.36"
106.73.74.225 - - [18/Nov/2021:13:59:22 +0000] "GET /wp-content/themes/cdsl/style.css?ver=1.3.1 HTTP/2.0" 200 272 "https://ja.tak-cslab.org/tech-report" "Mozilla/5.0 (Macintosh; Intel Mac OS X 10_15_7) AppleWebKit/537.36 (KHTML, like Gecko) Chrome/96.0.4664.45 Safari/537.36"
106.73.74.225 - - [18/Nov/2021:13:59:22 +0000] "GET /wp-content/themes/scaffold/assets/js/navigation.js?ver=1.3.1 HTTP/2.0" 200 1266 "https://ja.tak-cslab.org/tech-report" "Mozilla/5.0 (Macintosh; Intel Mac OS X 10_15_7) AppleWebKit/537.36 (KHTML, like Gecko) Chrome/96.0.4664.45 Safari/537.36"
106.73.74.225 - - [18/Nov/2021:13:59:22 +0000] "GET /wp-includes/js/wp-embed.min.js?ver=5.8.2 HTTP/2.0" 200 779 "https://ja.tak-cslab.org/tech-report" "Mozilla/5.0 (Macintosh; Intel Mac OS X 10_15_7) AppleWebKit/537.36 (KHTML, like Gecko) Chrome/96.0.4664.45 Safari/537.36"
106.73.74.225 - - [18/Nov/2021:13:59:22 +0000] "GET /wp-content/themes/scaffold/style.css?ver=5.8.2 HTTP/2.0" 200 5846 "https://ja.tak-cslab.org/tech-report" "Mozilla/5.0 (Macintosh; Intel Mac OS X 10_15_7) AppleWebKit/537.36 (KHTML, like Gecko) Chrome/96.0.4664.45 Safari/537.36"
106.73.74.225 - - [18/Nov/2021:13:59:22 +0000] "GET /wp-includes/css/dist/block-library/style.min.css?ver=5.8.2 HTTP/2.0" 200 13704 "https://ja.tak-cslab.org/tech-report" "Mozilla/5.0 (Macintosh; Intel Mac OS X 10_15_7) AppleWebKit/537.36 (KHTML, like Gecko) Chrome/96.0.4664.45 Safari/537.36"
106.73.74.225 - - [18/Nov/2021:13:59:23 +0000] "GET /wp-includes/js/wp-emoji-release.min.js?ver=5.8.2 HTTP/2.0" 200 5714 "https://ja.tak-cslab.org/tech-report" "Mozilla/5.0 (Macintosh; Intel Mac OS X 10_15_7) AppleWebKit/537.36 (KHTML, like Gecko) Chrome/96.0.4664.45 Safari/537.36"
106.73.74.225 - - [18/Nov/2021:13:59:23 +0000] "GET /favicon.ico HTTP/2.0" 302 0 "https://ja.tak-cslab.org/tech-report" "Mozilla/5.0 (Macintosh; Intel Mac OS X 10_15_7) AppleWebKit/537.36 (KHTML, like Gecko) Chrome/96.0.4664.45 Safari/537.36"
106.73.74.225 - - [18/Nov/2021:13:59:23 +0000] "GET /wp-includes/images/w-logo-blue-white-bg.png HTTP/2.0" 200 4119 "https://ja.tak-cslab.org/tech-report" "Mozilla/5.0 (Macintosh; Intel Mac OS X 10_15_7) AppleWebKit/537.36 (KHTML, like Gecko) Chrome/96.0.4664.45 Safari/537.36"
106.73.74.225 - - [18/Nov/2021:14:00:03 +0000] "GET /tech-report HTTP/2.0" 200 12282 "https://www.google.com/" "Mozilla/5.0 (Macintosh; Intel Mac OS X 10_15_7) AppleWebKit/537.36 (KHTML, like Gecko) Chrome/96.0.4664.45 Safari/537.36"
106.73.74.225 - - [18/Nov/2021:14:00:08 +0000] "GET / HTTP/2.0" 200 6293 "https://ja.tak-cslab.org/tech-report" "Mozilla/5.0 (Macintosh; Intel Mac OS X 10_15_7) AppleWebKit/537.36 (KHTML, like Gecko) Chrome/96.0.4664.45 Safari/537.36"
106.73.74.225 - - [18/Nov/2021:14:00:08 +0000] "GET /wp-content/plugins/native-lazyload/assets/images/placeholder.svg HTTP/2.0" 200 88 "https://ja.tak-cslab.org/" "Mozilla/5.0 (Macintosh; Intel Mac OS X 10_15_7) AppleWebKit/537.36 (KHTML, like Gecko) Chrome/96.0.4664.45 Safari/537.36"
106.73.74.225 - - [18/Nov/2021:14:00:08 +0000] "GET /wp-content/uploads/2020/01/desk-e1585573956500.png HTTP/2.0" 200 367831 "https://ja.tak-cslab.org/" "Mozilla/5.0 (Macintosh; Intel Mac OS X 10_15_7) AppleWebKit/537.36 (KHTML, like Gecko) Chrome/96.0.4664.45 Safari/537.36"
106.73.74.225 - - [18/Nov/2021:14:00:08 +0000] "GET /wp-content/uploads/2020/01/books-e1585573975658.png HTTP/2.0" 200 549531 "https://ja.tak-cslab.org/" "Mozilla/5.0 (Macintosh; Intel Mac OS X 10_15_7) AppleWebKit/537.36 (KHTML, like Gecko) Chrome/96.0.4664.45 Safari/537.36"
106.73.74.225 - - [18/Nov/2021:14:00:08 +0000] "GET /wp-content/uploads/2020/01/server-e1585573899521.png HTTP/2.0" 200 426115 "https://ja.tak-cslab.org/" "Mozilla/5.0 (Macintosh; Intel Mac OS X 10_15_7) AppleWebKit/537.36 (KHTML, like Gecko) Chrome/96.0.4664.45 Safari/537.36"
106.73.74.225 - - [18/Nov/2021:14:00:08 +0000] "GET /wp-content/uploads/2020/01/iot2-e1585573992906.png HTTP/2.0" 200 439802 "https://ja.tak-cslab.org/" "Mozilla/5.0 (Macintosh; Intel Mac OS X 10_15_7) AppleWebKit/537.36 (KHTML, like Gecko) Chrome/96.0.4664.45 Safari/537.36"
106.73.74.225 - - [18/Nov/2021:14:00:18 +0000] "GET /access HTTP/2.0" 200 6167 "https://ja.tak-cslab.org/" "Mozilla/5.0 (Macintosh; Intel Mac OS X 10_15_7) AppleWebKit/537.36 (KHTML, like Gecko) Chrome/96.0.4664.45 Safari/537.36"
163.215.6.1 - - [18/Nov/2021:14:00:46 +0000] "POST /wp-cron.php?doing_wp_cron=1637244046.1367409229278564453125 HTTP/1.1" 200 31 "https://ja.tak-cslab.org/wp-cron.php?doing_wp_cron=1637244046.1367409229278564453125" "WordPress/5.8.2; https://ja.tak-cslab.org"
106.73.74.225 - - [18/Nov/2021:14:00:46 +0000] "GET /access HTTP/2.0" 200 0 "https://ja.tak-cslab.org/" "Mozilla/5.0 (Macintosh; Intel Mac OS X 10_15_7) AppleWebKit/537.36 (KHTML, like Gecko) Chrome/96.0.4664.45 Safari/537.36"
106.73.74.225 - - [18/Nov/2021:14:00:47 +0000] "GET /favicon.ico HTTP/2.0" 302 0 "https://ja.tak-cslab.org/" "Mozilla/5.0 (Macintosh; Intel Mac OS X 10_15_7) AppleWebKit/537.36 (KHTML, like Gecko) Chrome/96.0.4664.45 Safari/537.36"
106.73.74.225 - - [18/Nov/2021:14:00:49 +0000] "GET /access HTTP/2.0" 200 6167 "https://ja.tak-cslab.org/" "Mozilla/5.0 (Macintosh; Intel Mac OS X 10_15_7) AppleWebKit/537.36 (KHTML, like Gecko) Chrome/96.0.4664.45 Safari/537.36"
34.206.38.217 - - [18/Nov/2021:14:00:52 +0000] "GET /feed HTTP/1.1" 200 55854 "-" "Automate.io BOT"
112.94.253.32 - - [18/Nov/2021:14:02:12 +0000] "GET / HTTP/1.1" 301 162 "-" "Mozilla/5.0 (iPhone; CPU iPhone OS 9_1 like Mac OS X) AppleWebKit/601.1.46 (KHTML, like Gecko) Version/9.0 Mobile/13B143 Safari/601.1"
216.245.221.83 - - [18/Nov/2021:14:03:08 +0000] "HEAD / HTTP/1.1" 301 0 "http://ja.tak-cslab.org/" "Mozilla/5.0+(compatible; UptimeRobot/2.0; http://www.uptimerobot.com/)"
216.245.221.83 - - [18/Nov/2021:14:03:09 +0000] "HEAD / HTTP/1.1" 200 0 "http://ja.tak-cslab.org/" "Mozilla/5.0+(compatible; UptimeRobot/2.0; http://www.uptimerobot.com/)"
34.230.22.164 - - [18/Nov/2021:14:03:44 +0000] "HEAD /feed HTTP/2.0" 200 0 "-" "Slackbot 1.0 (+https://api.slack.com/robots)"
54.197.164.189 - - [18/Nov/2021:14:03:45 +0000] "GET /feed HTTP/1.1" 200 55868 "-" "Slackbot 1.0 (+https://api.slack.com/robots)"
3.91.240.250 - - [18/Nov/2021:14:03:47 +0000] "GET / HTTP/1.1" 200 6306 "-" "Slackbot 1.0 (+https://api.slack.com/robots)"
34.206.38.217 - - [18/Nov/2021:14:05:52 +0000] "GET /feed HTTP/1.1" 200 55867 "-" "Automate.io BOT"
216.245.221.83 - - [18/Nov/2021:14:08:08 +0000] "HEAD / HTTP/1.1" 301 0 "http://ja.tak-cslab.org/" "Mozilla/5.0+(compatible; UptimeRobot/2.0; http://www.uptimerobot.com/)"
216.245.221.83 - - [18/Nov/2021:14:08:08 +0000] "HEAD / HTTP/1.1" 200 0 "http://ja.tak-cslab.org/" "Mozilla/5.0+(compatible; UptimeRobot/2.0; http://www.uptimerobot.com/)"
65.154.226.165 - - [18/Nov/2021:14:09:58 +0000] "GET / HTTP/1.1" 301 162 "-" "Mozilla/5.0 (Windows NT 10.0; Win64; x64) AppleWebKit/537.36 (KHTML, like Gecko) Chrome/76.0.3809.71 Safari/537.36"
65.154.226.165 - - [18/Nov/2021:14:09:59 +0000] "GET / HTTP/2.0" 200 6293 "-" "Mozilla/5.0 (Windows NT 10.0; Win64; x64) AppleWebKit/537.36 (KHTML, like Gecko) Chrome/76.0.3809.71 Safari/537.36"
65.154.226.165 - - [18/Nov/2021:14:09:59 +0000] "GET /wp-content/plugins/native-lazyload/assets/images/placeholder.svg HTTP/2.0" 200 88 "https://ja.tak-cslab.org/" "Mozilla/5.0 (Windows NT 10.0; Win64; x64) AppleWebKit/537.36 (KHTML, like Gecko) Chrome/76.0.3809.71 Safari/537.36"
65.154.226.165 - - [18/Nov/2021:14:09:59 +0000] "GET /wp-content/themes/cdsl/style.css?ver=1.3.1 HTTP/2.0" 200 272 "https://ja.tak-cslab.org/" "Mozilla/5.0 (Windows NT 10.0; Win64; x64) AppleWebKit/537.36 (KHTML, like Gecko) Chrome/76.0.3809.71 Safari/537.36"
65.154.226.165 - - [18/Nov/2021:14:09:59 +0000] "GET /wp-content/themes/scaffold/style.css?ver=5.8.2 HTTP/2.0" 200 5846 "https://ja.tak-cslab.org/" "Mozilla/5.0 (Windows NT 10.0; Win64; x64) AppleWebKit/537.36 (KHTML, like Gecko) Chrome/76.0.3809.71 Safari/537.36"
65.154.226.165 - - [18/Nov/2021:14:09:59 +0000] "GET /wp-includes/css/dist/block-library/style.min.css?ver=5.8.2 HTTP/2.0" 200 13704 "https://ja.tak-cslab.org/" "Mozilla/5.0 (Windows NT 10.0; Win64; x64) AppleWebKit/537.36 (KHTML, like Gecko) Chrome/76.0.3809.71 Safari/537.36"
65.154.226.165 - - [18/Nov/2021:14:10:00 +0000] "GET /wp-content/themes/scaffold/assets/js/navigation.js?ver=1.3.1 HTTP/2.0" 200 1266 "https://ja.tak-cslab.org/" "Mozilla/5.0 (Windows NT 10.0; Win64; x64) AppleWebKit/537.36 (KHTML, like Gecko) Chrome/76.0.3809.71 Safari/537.36"
65.154.226.165 - - [18/Nov/2021:14:10:00 +0000] "GET /wp-includes/js/wp-embed.min.js?ver=5.8.2 HTTP/2.0" 200 779 "https://ja.tak-cslab.org/" "Mozilla/5.0 (Windows NT 10.0; Win64; x64) AppleWebKit/537.36 (KHTML, like Gecko) Chrome/76.0.3809.71 Safari/537.36"
65.154.226.165 - - [18/Nov/2021:14:10:00 +0000] "GET /wp-includes/js/wp-emoji-release.min.js?ver=5.8.2 HTTP/2.0" 200 5714 "https://ja.tak-cslab.org/" "Mozilla/5.0 (Windows NT 10.0; Win64; x64) AppleWebKit/537.36 (KHTML, like Gecko) Chrome/76.0.3809.71 Safari/537.36"
65.154.226.165 - - [18/Nov/2021:14:10:00 +0000] "GET /wp-content/plugins/native-lazyload/assets/js/lazyload.js HTTP/2.0" 200 1085 "https://ja.tak-cslab.org/" "Mozilla/5.0 (Windows NT 10.0; Win64; x64) AppleWebKit/537.36 (KHTML, like Gecko) Chrome/76.0.3809.71 Safari/537.36"
65.154.226.165 - - [18/Nov/2021:14:10:01 +0000] "GET /wp-content/uploads/2020/01/server-e1585573899521.png HTTP/2.0" 200 426115 "https://ja.tak-cslab.org/" "Mozilla/5.0 (Windows NT 10.0; Win64; x64) AppleWebKit/537.36 (KHTML, like Gecko) Chrome/76.0.3809.71 Safari/537.36"
65.154.226.165 - - [18/Nov/2021:14:10:02 +0000] "GET /wp-content/uploads/2020/01/desk-e1585573956500.png HTTP/2.0" 200 367831 "https://ja.tak-cslab.org/" "Mozilla/5.0 (Windows NT 10.0; Win64; x64) AppleWebKit/537.36 (KHTML, like Gecko) Chrome/76.0.3809.71 Safari/537.36"
65.154.226.165 - - [18/Nov/2021:14:10:02 +0000] "GET /wp-content/uploads/2020/01/books-e1585573975658.png HTTP/2.0" 200 549531 "https://ja.tak-cslab.org/" "Mozilla/5.0 (Windows NT 10.0; Win64; x64) AppleWebKit/537.36 (KHTML, like Gecko) Chrome/76.0.3809.71 Safari/537.36"
65.154.226.165 - - [18/Nov/2021:14:10:02 +0000] "GET /wp-content/uploads/2020/01/iot2-e1585573992906.png HTTP/2.0" 200 439802 "https://ja.tak-cslab.org/" "Mozilla/5.0 (Windows NT 10.0; Win64; x64) AppleWebKit/537.36 (KHTML, like Gecko) Chrome/76.0.3809.71 Safari/537.36"
34.206.38.217 - - [18/Nov/2021:14:10:53 +0000] "GET /feed HTTP/1.1" 200 55868 "-" "Automate.io BOT"
216.245.221.83 - - [18/Nov/2021:14:13:08 +0000] "HEAD / HTTP/1.1" 301 0 "http://ja.tak-cslab.org/" "Mozilla/5.0+(compatible; UptimeRobot/2.0; http://www.uptimerobot.com/)"
216.245.221.83 - - [18/Nov/2021:14:13:08 +0000] "HEAD / HTTP/1.1" 200 0 "http://ja.tak-cslab.org/" "Mozilla/5.0+(compatible; UptimeRobot/2.0; http://www.uptimerobot.com/)"
34.206.38.217 - - [18/Nov/2021:14:15:52 +0000] "GET /feed HTTP/1.1" 200 55861 "-" "Automate.io BOT"
186.35.125.14 - - [18/Nov/2021:14:16:49 +0000] "GET /archives/460/ HTTP/1.1" 301 162 "http://ja.tak-cslab.org/archives/460/" "Mozilla/5.0 (Windows NT 6.2; Win64; x64) AppleWebKit/537.36 (KHTML, like Gecko) Chrome/90.0.4430.93 Safari/537.36"
62.16.2.110 - - [18/Nov/2021:14:16:51 +0000] "GET /archives/460/ HTTP/1.0" 301 0 "https://ja.tak-cslab.org/archives/460/" "Mozilla/5.0 (Windows NT 6.2; Win64; x64) AppleWebKit/537.36 (KHTML, like Gecko) Chrome/90.0.4430.93 Safari/537.36"
62.16.2.110 - - [18/Nov/2021:14:16:52 +0000] "GET /archives/460 HTTP/1.0" 200 27841 "https://ja.tak-cslab.org/archives/460" "Mozilla/5.0 (Windows NT 6.2; Win64; x64) AppleWebKit/537.36 (KHTML, like Gecko) Chrome/90.0.4430.93 Safari/537.36"
216.245.221.83 - - [18/Nov/2021:14:18:08 +0000] "HEAD / HTTP/1.1" 301 0 "http://ja.tak-cslab.org/" "Mozilla/5.0+(compatible; UptimeRobot/2.0; http://www.uptimerobot.com/)"
163.215.6.1 - - [18/Nov/2021:14:18:08 +0000] "POST /wp-cron.php?doing_wp_cron=1637245088.7254528999328613281250 HTTP/1.1" 200 31 "https://ja.tak-cslab.org/wp-cron.php?doing_wp_cron=1637245088.7254528999328613281250" "WordPress/5.8.2; https://ja.tak-cslab.org"
216.245.221.83 - - [18/Nov/2021:14:18:08 +0000] "HEAD / HTTP/1.1" 200 0 "http://ja.tak-cslab.org/" "Mozilla/5.0+(compatible; UptimeRobot/2.0; http://www.uptimerobot.com/)"
34.206.38.217 - - [18/Nov/2021:14:20:53 +0000] "GET /feed HTTP/1.1" 200 55847 "-" "Automate.io BOT"
157.55.39.177 - - [18/Nov/2021:14:21:24 +0000] "GET /archives/394 HTTP/2.0" 200 10757 "-" "Mozilla/5.0 (compatible; bingbot/2.0; +http://www.bing.com/bingbot.htm)"
216.245.221.83 - - [18/Nov/2021:14:23:08 +0000] "HEAD / HTTP/1.1" 301 0 "http://ja.tak-cslab.org/" "Mozilla/5.0+(compatible; UptimeRobot/2.0; http://www.uptimerobot.com/)"
216.245.221.83 - - [18/Nov/2021:14:23:08 +0000] "HEAD / HTTP/1.1" 200 0 "http://ja.tak-cslab.org/" "Mozilla/5.0+(compatible; UptimeRobot/2.0; http://www.uptimerobot.com/)"
3.85.201.106 - - [18/Nov/2021:14:23:39 +0000] "HEAD /feed HTTP/2.0" 200 0 "-" "Slackbot 1.0 (+https://api.slack.com/robots)"
52.91.162.203 - - [18/Nov/2021:14:23:39 +0000] "GET /feed HTTP/1.1" 200 55868 "-" "Slackbot 1.0 (+https://api.slack.com/robots)"
3.95.222.165 - - [18/Nov/2021:14:23:40 +0000] "GET / HTTP/1.1" 200 6312 "-" "Slackbot 1.0 (+https://api.slack.com/robots)"
34.206.38.217 - - [18/Nov/2021:14:25:53 +0000] "GET /feed HTTP/1.1" 200 55860 "-" "Automate.io BOT"
216.245.221.83 - - [18/Nov/2021:14:28:08 +0000] "HEAD / HTTP/1.1" 301 0 "http://ja.tak-cslab.org/" "Mozilla/5.0+(compatible; UptimeRobot/2.0; http://www.uptimerobot.com/)"
216.245.221.83 - - [18/Nov/2021:14:28:08 +0000] "HEAD / HTTP/1.1" 200 0 "http://ja.tak-cslab.org/" "Mozilla/5.0+(compatible; UptimeRobot/2.0; http://www.uptimerobot.com/)"
34.206.38.217 - - [18/Nov/2021:14:30:52 +0000] "GET /feed HTTP/1.1" 200 55867 "-" "Automate.io BOT"
216.245.221.83 - - [18/Nov/2021:14:33:08 +0000] "HEAD / HTTP/1.1" 301 0 "http://ja.tak-cslab.org/" "Mozilla/5.0+(compatible; UptimeRobot/2.0; http://www.uptimerobot.com/)"
216.245.221.83 - - [18/Nov/2021:14:33:08 +0000] "HEAD / HTTP/1.1" 200 0 "http://ja.tak-cslab.org/" "Mozilla/5.0+(compatible; UptimeRobot/2.0; http://www.uptimerobot.com/)"
40.77.167.82 - - [18/Nov/2021:14:34:19 +0000] "GET /wp-content/uploads/2020/04/%E3%82%B3%E3%83%A1%E3%83%B3%E3%83%88-2020-04-28-113504-1024x504.jpg HTTP/2.0" 200 58585 "-" "Mozilla/5.0 (compatible; bingbot/2.0; +http://www.bing.com/bingbot.htm)"
34.206.38.217 - - [18/Nov/2021:14:35:53 +0000] "GET /feed HTTP/1.1" 200 55861 "-" "Automate.io BOT"
216.245.221.83 - - [18/Nov/2021:14:38:08 +0000] "HEAD / HTTP/1.1" 301 0 "http://ja.tak-cslab.org/" "Mozilla/5.0+(compatible; UptimeRobot/2.0; http://www.uptimerobot.com/)"
216.245.221.83 - - [18/Nov/2021:14:38:08 +0000] "HEAD / HTTP/1.1" 200 0 "http://ja.tak-cslab.org/" "Mozilla/5.0+(compatible; UptimeRobot/2.0; http://www.uptimerobot.com/)"
34.206.38.217 - - [18/Nov/2021:14:40:53 +0000] "GET /feed HTTP/1.1" 200 55860 "-" "Automate.io BOT"
216.245.221.83 - - [18/Nov/2021:14:43:08 +0000] "HEAD / HTTP/1.1" 301 0 "http://ja.tak-cslab.org/" "Mozilla/5.0+(compatible; UptimeRobot/2.0; http://www.uptimerobot.com/)"
216.245.221.83 - - [18/Nov/2021:14:43:08 +0000] "HEAD / HTTP/1.1" 200 0 "http://ja.tak-cslab.org/" "Mozilla/5.0+(compatible; UptimeRobot/2.0; http://www.uptimerobot.com/)"
172.245.50.173 - - [18/Nov/2021:14:43:38 +0000] "GET /about/member HTTP/1.1" 200 6617 "-" "AccompanyBot"
34.229.152.201 - - [18/Nov/2021:14:43:43 +0000] "HEAD /feed HTTP/2.0" 200 0 "-" "Slackbot 1.0 (+https://api.slack.com/robots)"
34.224.18.72 - - [18/Nov/2021:14:43:44 +0000] "GET /feed HTTP/1.1" 200 55868 "-" "Slackbot 1.0 (+https://api.slack.com/robots)"
3.216.93.196 - - [18/Nov/2021:14:43:45 +0000] "GET / HTTP/1.1" 200 6312 "-" "Slackbot 1.0 (+https://api.slack.com/robots)"
34.206.38.217 - - [18/Nov/2021:14:45:53 +0000] "GET /feed HTTP/1.1" 200 55860 "-" "Automate.io BOT"
216.245.221.83 - - [18/Nov/2021:14:48:08 +0000] "HEAD / HTTP/1.1" 301 0 "http://ja.tak-cslab.org/" "Mozilla/5.0+(compatible; UptimeRobot/2.0; http://www.uptimerobot.com/)"
216.245.221.83 - - [18/Nov/2021:14:48:08 +0000] "HEAD / HTTP/1.1" 200 0 "http://ja.tak-cslab.org/" "Mozilla/5.0+(compatible; UptimeRobot/2.0; http://www.uptimerobot.com/)"
34.206.38.217 - - [18/Nov/2021:14:50:53 +0000] "GET /feed HTTP/1.1" 200 55860 "-" "Automate.io BOT"
216.245.221.83 - - [18/Nov/2021:14:53:08 +0000] "HEAD / HTTP/1.1" 301 0 "http://ja.tak-cslab.org/" "Mozilla/5.0+(compatible; UptimeRobot/2.0; http://www.uptimerobot.com/)"
216.245.221.83 - - [18/Nov/2021:14:53:08 +0000] "HEAD / HTTP/1.1" 200 0 "http://ja.tak-cslab.org/" "Mozilla/5.0+(compatible; UptimeRobot/2.0; http://www.uptimerobot.com/)"
49.97.99.170 - - [18/Nov/2021:14:55:51 +0000] "GET /archives/848 HTTP/2.0" 200 7868 "https://www.google.co.jp/" "Mozilla/5.0 (iPhone; CPU iPhone OS 14_8 like Mac OS X) AppleWebKit/605.1.15 (KHTML, like Gecko) Version/14.1.2 Mobile/15E148 Safari/604.1"
49.97.99.170 - - [18/Nov/2021:14:55:51 +0000] "GET /wp-includes/js/wp-emoji-release.min.js?ver=5.8.2 HTTP/2.0" 200 5714 "https://ja.tak-cslab.org/archives/848" "Mozilla/5.0 (iPhone; CPU iPhone OS 14_8 like Mac OS X) AppleWebKit/605.1.15 (KHTML, like Gecko) Version/14.1.2 Mobile/15E148 Safari/604.1"
49.97.99.170 - - [18/Nov/2021:14:55:51 +0000] "GET /wp-content/themes/cdsl/style.css?ver=1.3.1 HTTP/2.0" 200 272 "https://ja.tak-cslab.org/archives/848" "Mozilla/5.0 (iPhone; CPU iPhone OS 14_8 like Mac OS X) AppleWebKit/605.1.15 (KHTML, like Gecko) Version/14.1.2 Mobile/15E148 Safari/604.1"
49.97.99.170 - - [18/Nov/2021:14:55:51 +0000] "GET /wp-content/themes/scaffold/style.css?ver=5.8.2 HTTP/2.0" 200 5846 "https://ja.tak-cslab.org/archives/848" "Mozilla/5.0 (iPhone; CPU iPhone OS 14_8 like Mac OS X) AppleWebKit/605.1.15 (KHTML, like Gecko) Version/14.1.2 Mobile/15E148 Safari/604.1"
49.97.99.170 - - [18/Nov/2021:14:55:51 +0000] "GET /wp-content/plugins/native-lazyload/assets/images/placeholder.svg HTTP/2.0" 200 88 "https://ja.tak-cslab.org/archives/848" "Mozilla/5.0 (iPhone; CPU iPhone OS 14_8 like Mac OS X) AppleWebKit/605.1.15 (KHTML, like Gecko) Version/14.1.2 Mobile/15E148 Safari/604.1"
49.97.99.170 - - [18/Nov/2021:14:55:51 +0000] "GET /wp-content/themes/scaffold/assets/js/navigation.js?ver=1.3.1 HTTP/2.0" 200 1266 "https://ja.tak-cslab.org/archives/848" "Mozilla/5.0 (iPhone; CPU iPhone OS 14_8 like Mac OS X) AppleWebKit/605.1.15 (KHTML, like Gecko) Version/14.1.2 Mobile/15E148 Safari/604.1"
49.97.99.170 - - [18/Nov/2021:14:55:51 +0000] "GET /wp-includes/js/comment-reply.min.js?ver=5.8.2 HTTP/2.0" 200 1390 "https://ja.tak-cslab.org/archives/848" "Mozilla/5.0 (iPhone; CPU iPhone OS 14_8 like Mac OS X) AppleWebKit/605.1.15 (KHTML, like Gecko) Version/14.1.2 Mobile/15E148 Safari/604.1"
49.97.99.170 - - [18/Nov/2021:14:55:51 +0000] "GET /wp-includes/js/wp-embed.min.js?ver=5.8.2 HTTP/2.0" 200 779 "https://ja.tak-cslab.org/archives/848" "Mozilla/5.0 (iPhone; CPU iPhone OS 14_8 like Mac OS X) AppleWebKit/605.1.15 (KHTML, like Gecko) Version/14.1.2 Mobile/15E148 Safari/604.1"
49.97.99.170 - - [18/Nov/2021:14:55:51 +0000] "GET /wp-includes/css/dist/block-library/style.min.css?ver=5.8.2 HTTP/2.0" 200 13704 "https://ja.tak-cslab.org/archives/848" "Mozilla/5.0 (iPhone; CPU iPhone OS 14_8 like Mac OS X) AppleWebKit/605.1.15 (KHTML, like Gecko) Version/14.1.2 Mobile/15E148 Safari/604.1"
49.97.99.170 - - [18/Nov/2021:14:55:51 +0000] "GET /wp-content/plugins/native-lazyload/assets/js/lazyload.js HTTP/2.0" 200 1085 "https://ja.tak-cslab.org/archives/848" "Mozilla/5.0 (iPhone; CPU iPhone OS 14_8 like Mac OS X) AppleWebKit/605.1.15 (KHTML, like Gecko) Version/14.1.2 Mobile/15E148 Safari/604.1"
49.97.99.170 - - [18/Nov/2021:14:55:51 +0000] "GET /wp-content/uploads/2020/12/Kubernetes-logo-1.png HTTP/2.0" 200 49082 "https://ja.tak-cslab.org/archives/848" "Mozilla/5.0 (iPhone; CPU iPhone OS 14_8 like Mac OS X) AppleWebKit/605.1.15 (KHTML, like Gecko) Version/14.1.2 Mobile/15E148 Safari/604.1"
49.97.99.170 - - [18/Nov/2021:14:55:52 +0000] "GET /favicon.ico HTTP/2.0" 302 0 "https://ja.tak-cslab.org/archives/848" "Mozilla/5.0 (iPhone; CPU iPhone OS 14_8 like Mac OS X) AppleWebKit/605.1.15 (KHTML, like Gecko) Version/14.1.2 Mobile/15E148 Safari/604.1"
49.97.99.170 - - [18/Nov/2021:14:55:52 +0000] "GET /wp-includes/images/w-logo-blue-white-bg.png HTTP/2.0" 200 4119 "https://ja.tak-cslab.org/archives/848" "Mozilla/5.0 (iPhone; CPU iPhone OS 14_8 like Mac OS X) AppleWebKit/605.1.15 (KHTML, like Gecko) Version/14.1.2 Mobile/15E148 Safari/604.1"
34.206.38.217 - - [18/Nov/2021:14:55:52 +0000] "GET /feed HTTP/1.1" 200 55867 "-" "Automate.io BOT"
49.97.99.170 - - [18/Nov/2021:14:56:03 +0000] "GET /wp-content/uploads/2020/12/%E3%82%AD%E3%83%A3%E3%83%97%E3%83%81%E3%83%A3-1024x504.png HTTP/2.0" 200 78330 "https://ja.tak-cslab.org/archives/848" "Mozilla/5.0 (iPhone; CPU iPhone OS 14_8 like Mac OS X) AppleWebKit/605.1.15 (KHTML, like Gecko) Version/14.1.2 Mobile/15E148 Safari/604.1"
49.97.99.170 - - [18/Nov/2021:14:56:03 +0000] "GET /wp-content/uploads/2020/12/%E3%82%AD%E3%83%A3%E3%83%97%E3%83%81%E3%83%A3-1536x755.png HTTP/2.0" 200 134971 "https://ja.tak-cslab.org/archives/848" "Mozilla/5.0 (iPhone; CPU iPhone OS 14_8 like Mac OS X) AppleWebKit/605.1.15 (KHTML, like Gecko) Version/14.1.2 Mobile/15E148 Safari/604.1"
49.97.99.170 - - [18/Nov/2021:14:56:17 +0000] "GET /wp-content/uploads/2020/12/Rancher_K3s2.png HTTP/2.0" 200 36482 "https://ja.tak-cslab.org/archives/848" "Mozilla/5.0 (iPhone; CPU iPhone OS 14_8 like Mac OS X) AppleWebKit/605.1.15 (KHTML, like Gecko) Version/14.1.2 Mobile/15E148 Safari/604.1"
49.97.99.170 - - [18/Nov/2021:14:56:17 +0000] "GET /wp-content/uploads/2020/12/Rancher_K3s2-1024x536.png HTTP/2.0" 200 79919 "https://ja.tak-cslab.org/archives/848" "Mozilla/5.0 (iPhone; CPU iPhone OS 14_8 like Mac OS X) AppleWebKit/605.1.15 (KHTML, like Gecko) Version/14.1.2 Mobile/15E148 Safari/604.1"
49.97.99.170 - - [18/Nov/2021:14:56:24 +0000] "GET /wp-content/uploads/2020/12/79c88101a9c403279aeedc67586221c07ebaed06.png HTTP/2.0" 200 13412 "https://ja.tak-cslab.org/archives/848" "Mozilla/5.0 (iPhone; CPU iPhone OS 14_8 like Mac OS X) AppleWebKit/605.1.15 (KHTML, like Gecko) Version/14.1.2 Mobile/15E148 Safari/604.1"
49.97.99.170 - - [18/Nov/2021:14:56:24 +0000] "GET /wp-content/uploads/2020/12/79c88101a9c403279aeedc67586221c07ebaed06-1024x517.png HTTP/2.0" 200 166518 "https://ja.tak-cslab.org/archives/848" "Mozilla/5.0 (iPhone; CPU iPhone OS 14_8 like Mac OS X) AppleWebKit/605.1.15 (KHTML, like Gecko) Version/14.1.2 Mobile/15E148 Safari/604.1"
216.245.221.83 - - [18/Nov/2021:14:58:08 +0000] "HEAD / HTTP/1.1" 301 0 "http://ja.tak-cslab.org/" "Mozilla/5.0+(compatible; UptimeRobot/2.0; http://www.uptimerobot.com/)"
216.245.221.83 - - [18/Nov/2021:14:58:08 +0000] "HEAD / HTTP/1.1" 200 0 "http://ja.tak-cslab.org/" "Mozilla/5.0+(compatible; UptimeRobot/2.0; http://www.uptimerobot.com/)"
163.215.6.1 - - [18/Nov/2021:15:00:53 +0000] "POST /wp-cron.php?doing_wp_cron=1637247653.2540779113769531250000 HTTP/1.1" 200 31 "https://ja.tak-cslab.org/wp-cron.php?doing_wp_cron=1637247653.2540779113769531250000" "WordPress/5.8.2; https://ja.tak-cslab.org"
34.206.38.217 - - [18/Nov/2021:15:00:53 +0000] "GET /feed HTTP/1.1" 200 55854 "-" "Automate.io BOT"
216.245.221.83 - - [18/Nov/2021:15:03:08 +0000] "HEAD / HTTP/1.1" 301 0 "http://ja.tak-cslab.org/" "Mozilla/5.0+(compatible; UptimeRobot/2.0; http://www.uptimerobot.com/)"
216.245.221.83 - - [18/Nov/2021:15:03:08 +0000] "HEAD / HTTP/1.1" 200 0 "http://ja.tak-cslab.org/" "Mozilla/5.0+(compatible; UptimeRobot/2.0; http://www.uptimerobot.com/)"
35.173.224.189 - - [18/Nov/2021:15:03:43 +0000] "HEAD /feed HTTP/2.0" 200 0 "-" "Slackbot 1.0 (+https://api.slack.com/robots)"
54.84.222.175 - - [18/Nov/2021:15:03:43 +0000] "GET /feed HTTP/1.1" 200 55868 "-" "Slackbot 1.0 (+https://api.slack.com/robots)"
44.192.40.150 - - [18/Nov/2021:15:03:45 +0000] "GET / HTTP/1.1" 200 6312 "-" "Slackbot 1.0 (+https://api.slack.com/robots)"
207.46.13.21 - - [18/Nov/2021:15:05:18 +0000] "GET /wp-content/uploads/2020/08/image-1-600x485.png HTTP/2.0" 200 175762 "-" "Mozilla/5.0 (compatible; bingbot/2.0; +http://www.bing.com/bingbot.htm)"
34.206.38.217 - - [18/Nov/2021:15:05:53 +0000] "GET /feed HTTP/1.1" 200 55860 "-" "Automate.io BOT"
185.191.171.13 - - [18/Nov/2021:15:07:46 +0000] "GET /robots.txt HTTP/1.1" 200 123 "-" "Mozilla/5.0 (compatible; SemrushBot/7~bl; +http://www.semrush.com/bot.html)"
185.191.171.24 - - [18/Nov/2021:15:07:47 +0000] "GET /archives/author/futa-takahashi HTTP/1.1" 200 5709 "-" "Mozilla/5.0 (compatible; SemrushBot/7~bl; +http://www.semrush.com/bot.html)"
216.245.221.83 - - [18/Nov/2021:15:08:08 +0000] "HEAD / HTTP/1.1" 301 0 "http://ja.tak-cslab.org/" "Mozilla/5.0+(compatible; UptimeRobot/2.0; http://www.uptimerobot.com/)"
216.245.221.83 - - [18/Nov/2021:15:08:08 +0000] "HEAD / HTTP/1.1" 200 0 "http://ja.tak-cslab.org/" "Mozilla/5.0+(compatible; UptimeRobot/2.0; http://www.uptimerobot.com/)"
34.206.38.217 - - [18/Nov/2021:15:10:52 +0000] "GET /feed HTTP/1.1" 200 55868 "-" "Automate.io BOT"
216.245.221.83 - - [18/Nov/2021:15:13:08 +0000] "HEAD / HTTP/1.1" 301 0 "http://ja.tak-cslab.org/" "Mozilla/5.0+(compatible; UptimeRobot/2.0; http://www.uptimerobot.com/)"
216.245.221.83 - - [18/Nov/2021:15:13:08 +0000] "HEAD / HTTP/1.1" 200 0 "http://ja.tak-cslab.org/" "Mozilla/5.0+(compatible; UptimeRobot/2.0; http://www.uptimerobot.com/)"
34.206.38.217 - - [18/Nov/2021:15:15:53 +0000] "GET /feed HTTP/1.1" 200 55867 "-" "Automate.io BOT"
216.245.221.83 - - [18/Nov/2021:15:18:08 +0000] "HEAD / HTTP/1.1" 301 0 "http://ja.tak-cslab.org/" "Mozilla/5.0+(compatible; UptimeRobot/2.0; http://www.uptimerobot.com/)"
163.215.6.1 - - [18/Nov/2021:15:18:08 +0000] "POST /wp-cron.php?doing_wp_cron=1637248688.6708540916442871093750 HTTP/1.1" 200 31 "https://ja.tak-cslab.org/wp-cron.php?doing_wp_cron=1637248688.6708540916442871093750" "WordPress/5.8.2; https://ja.tak-cslab.org"
216.245.221.83 - - [18/Nov/2021:15:18:08 +0000] "HEAD / HTTP/1.1" 200 0 "http://ja.tak-cslab.org/" "Mozilla/5.0+(compatible; UptimeRobot/2.0; http://www.uptimerobot.com/)"
34.206.38.217 - - [18/Nov/2021:15:20:52 +0000] "GET /feed HTTP/1.1" 200 55861 "-" "Automate.io BOT"
216.245.221.83 - - [18/Nov/2021:15:23:08 +0000] "HEAD / HTTP/1.1" 301 0 "http://ja.tak-cslab.org/" "Mozilla/5.0+(compatible; UptimeRobot/2.0; http://www.uptimerobot.com/)"
216.245.221.83 - - [18/Nov/2021:15:23:08 +0000] "HEAD / HTTP/1.1" 200 0 "http://ja.tak-cslab.org/" "Mozilla/5.0+(compatible; UptimeRobot/2.0; http://www.uptimerobot.com/)"
34.238.41.238 - - [18/Nov/2021:15:23:41 +0000] "HEAD /feed HTTP/2.0" 200 0 "-" "Slackbot 1.0 (+https://api.slack.com/robots)"
54.197.164.189 - - [18/Nov/2021:15:23:41 +0000] "GET /feed HTTP/1.1" 200 55853 "-" "Slackbot 1.0 (+https://api.slack.com/robots)"
54.197.164.189 - - [18/Nov/2021:15:23:42 +0000] "GET / HTTP/1.1" 200 6312 "-" "Slackbot 1.0 (+https://api.slack.com/robots)"
34.206.38.217 - - [18/Nov/2021:15:25:53 +0000] "GET /feed HTTP/1.1" 200 55868 "-" "Automate.io BOT"
216.245.221.83 - - [18/Nov/2021:15:28:08 +0000] "HEAD / HTTP/1.1" 301 0 "http://ja.tak-cslab.org/" "Mozilla/5.0+(compatible; UptimeRobot/2.0; http://www.uptimerobot.com/)"
216.245.221.83 - - [18/Nov/2021:15:28:08 +0000] "HEAD / HTTP/1.1" 200 0 "http://ja.tak-cslab.org/" "Mozilla/5.0+(compatible; UptimeRobot/2.0; http://www.uptimerobot.com/)"
34.206.38.217 - - [18/Nov/2021:15:30:53 +0000] "GET /feed HTTP/1.1" 200 55868 "-" "Automate.io BOT"
66.249.79.158 - - [18/Nov/2021:15:30:53 +0000] "GET /about/member HTTP/1.1" 200 6617 "-" "Mozilla/5.0 (Linux; Android 6.0.1; Nexus 5X Build/MMB29P) AppleWebKit/537.36 (KHTML, like Gecko) Chrome/95.0.4638.69 Mobile Safari/537.36 (compatible; Googlebot/2.1; +http://www.google.com/bot.html)"
216.245.221.83 - - [18/Nov/2021:15:33:08 +0000] "HEAD / HTTP/1.1" 301 0 "http://ja.tak-cslab.org/" "Mozilla/5.0+(compatible; UptimeRobot/2.0; http://www.uptimerobot.com/)"
216.245.221.83 - - [18/Nov/2021:15:33:08 +0000] "HEAD / HTTP/1.1" 200 0 "http://ja.tak-cslab.org/" "Mozilla/5.0+(compatible; UptimeRobot/2.0; http://www.uptimerobot.com/)"
34.206.38.217 - - [18/Nov/2021:15:35:53 +0000] "GET /feed HTTP/1.1" 200 55868 "-" "Automate.io BOT"
216.245.221.83 - - [18/Nov/2021:15:38:08 +0000] "HEAD / HTTP/1.1" 301 0 "http://ja.tak-cslab.org/" "Mozilla/5.0+(compatible; UptimeRobot/2.0; http://www.uptimerobot.com/)"
216.245.221.83 - - [18/Nov/2021:15:38:08 +0000] "HEAD / HTTP/1.1" 200 0 "http://ja.tak-cslab.org/" "Mozilla/5.0+(compatible; UptimeRobot/2.0; http://www.uptimerobot.com/)"
34.206.38.217 - - [18/Nov/2021:15:40:53 +0000] "GET /feed HTTP/1.1" 200 55867 "-" "Automate.io BOT"
216.245.221.83 - - [18/Nov/2021:15:43:08 +0000] "HEAD / HTTP/1.1" 301 0 "http://ja.tak-cslab.org/" "Mozilla/5.0+(compatible; UptimeRobot/2.0; http://www.uptimerobot.com/)"
216.245.221.83 - - [18/Nov/2021:15:43:08 +0000] "HEAD / HTTP/1.1" 200 0 "http://ja.tak-cslab.org/" "Mozilla/5.0+(compatible; UptimeRobot/2.0; http://www.uptimerobot.com/)"
35.173.224.189 - - [18/Nov/2021:15:43:43 +0000] "HEAD /feed HTTP/2.0" 200 0 "-" "Slackbot 1.0 (+https://api.slack.com/robots)"
18.232.184.78 - - [18/Nov/2021:15:43:44 +0000] "GET /feed HTTP/1.1" 200 55867 "-" "Slackbot 1.0 (+https://api.slack.com/robots)"
3.216.93.196 - - [18/Nov/2021:15:43:46 +0000] "GET / HTTP/1.1" 200 6312 "-" "Slackbot 1.0 (+https://api.slack.com/robots)"
34.206.38.217 - - [18/Nov/2021:15:46:04 +0000] "GET /feed HTTP/1.1" 200 55867 "-" "Automate.io BOT"
216.245.221.83 - - [18/Nov/2021:15:48:08 +0000] "HEAD / HTTP/1.1" 301 0 "http://ja.tak-cslab.org/" "Mozilla/5.0+(compatible; UptimeRobot/2.0; http://www.uptimerobot.com/)"
216.245.221.83 - - [18/Nov/2021:15:48:08 +0000] "HEAD / HTTP/1.1" 200 0 "http://ja.tak-cslab.org/" "Mozilla/5.0+(compatible; UptimeRobot/2.0; http://www.uptimerobot.com/)"
34.206.38.217 - - [18/Nov/2021:15:51:04 +0000] "GET /feed HTTP/1.1" 200 55868 "-" "Automate.io BOT"
216.245.221.83 - - [18/Nov/2021:15:53:08 +0000] "HEAD / HTTP/1.1" 301 0 "http://ja.tak-cslab.org/" "Mozilla/5.0+(compatible; UptimeRobot/2.0; http://www.uptimerobot.com/)"
216.245.221.83 - - [18/Nov/2021:15:53:08 +0000] "HEAD / HTTP/1.1" 200 0 "http://ja.tak-cslab.org/" "Mozilla/5.0+(compatible; UptimeRobot/2.0; http://www.uptimerobot.com/)"
34.206.38.217 - - [18/Nov/2021:15:56:04 +0000] "GET /feed HTTP/1.1" 200 55854 "-" "Automate.io BOT"
216.245.221.83 - - [18/Nov/2021:15:58:08 +0000] "HEAD / HTTP/1.1" 301 0 "http://ja.tak-cslab.org/" "Mozilla/5.0+(compatible; UptimeRobot/2.0; http://www.uptimerobot.com/)"
216.245.221.83 - - [18/Nov/2021:15:58:08 +0000] "HEAD / HTTP/1.1" 200 0 "http://ja.tak-cslab.org/" "Mozilla/5.0+(compatible; UptimeRobot/2.0; http://www.uptimerobot.com/)"
163.215.6.1 - - [18/Nov/2021:16:01:05 +0000] "POST /wp-cron.php?doing_wp_cron=1637251265.0632181167602539062500 HTTP/1.1" 200 31 "https://ja.tak-cslab.org/wp-cron.php?doing_wp_cron=1637251265.0632181167602539062500" "WordPress/5.8.2; https://ja.tak-cslab.org"
34.206.38.217 - - [18/Nov/2021:16:01:05 +0000] "GET /feed HTTP/1.1" 200 55868 "-" "Automate.io BOT"
216.245.221.83 - - [18/Nov/2021:16:03:08 +0000] "HEAD / HTTP/1.1" 301 0 "http://ja.tak-cslab.org/" "Mozilla/5.0+(compatible; UptimeRobot/2.0; http://www.uptimerobot.com/)"
216.245.221.83 - - [18/Nov/2021:16:03:08 +0000] "HEAD / HTTP/1.1" 200 0 "http://ja.tak-cslab.org/" "Mozilla/5.0+(compatible; UptimeRobot/2.0; http://www.uptimerobot.com/)"
34.239.148.241 - - [18/Nov/2021:16:03:38 +0000] "HEAD /feed HTTP/2.0" 200 0 "-" "Slackbot 1.0 (+https://api.slack.com/robots)"
54.198.120.58 - - [18/Nov/2021:16:03:39 +0000] "GET /feed HTTP/1.1" 200 55868 "-" "Slackbot 1.0 (+https://api.slack.com/robots)"
52.201.232.4 - - [18/Nov/2021:16:03:40 +0000] "GET / HTTP/1.1" 200 6312 "-" "Slackbot 1.0 (+https://api.slack.com/robots)"
34.206.38.217 - - [18/Nov/2021:16:06:05 +0000] "GET /feed HTTP/1.1" 200 55867 "-" "Automate.io BOT"
40.77.167.82 - - [18/Nov/2021:16:06:19 +0000] "GET /wp-sitemap.xml HTTP/2.0" 501 245 "-" "Mozilla/5.0 (compatible; bingbot/2.0; +http://www.bing.com/bingbot.htm)"
216.245.221.83 - - [18/Nov/2021:16:08:08 +0000] "HEAD / HTTP/1.1" 301 0 "http://ja.tak-cslab.org/" "Mozilla/5.0+(compatible; UptimeRobot/2.0; http://www.uptimerobot.com/)"
216.245.221.83 - - [18/Nov/2021:16:08:08 +0000] "HEAD / HTTP/1.1" 200 0 "http://ja.tak-cslab.org/" "Mozilla/5.0+(compatible; UptimeRobot/2.0; http://www.uptimerobot.com/)"
34.206.38.217 - - [18/Nov/2021:16:11:04 +0000] "GET /feed HTTP/1.1" 200 55860 "-" "Automate.io BOT"
216.245.221.83 - - [18/Nov/2021:16:13:08 +0000] "HEAD / HTTP/1.1" 301 0 "http://ja.tak-cslab.org/" "Mozilla/5.0+(compatible; UptimeRobot/2.0; http://www.uptimerobot.com/)"
216.245.221.83 - - [18/Nov/2021:16:13:08 +0000] "HEAD / HTTP/1.1" 200 0 "http://ja.tak-cslab.org/" "Mozilla/5.0+(compatible; UptimeRobot/2.0; http://www.uptimerobot.com/)"
34.206.38.217 - - [18/Nov/2021:16:16:04 +0000] "GET /feed HTTP/1.1" 200 55868 "-" "Automate.io BOT"
216.245.221.83 - - [18/Nov/2021:16:18:08 +0000] "HEAD / HTTP/1.1" 301 0 "http://ja.tak-cslab.org/" "Mozilla/5.0+(compatible; UptimeRobot/2.0; http://www.uptimerobot.com/)"
163.215.6.1 - - [18/Nov/2021:16:18:08 +0000] "POST /wp-cron.php?doing_wp_cron=1637252288.6929979324340820312500 HTTP/1.1" 200 31 "https://ja.tak-cslab.org/wp-cron.php?doing_wp_cron=1637252288.6929979324340820312500" "WordPress/5.8.2; https://ja.tak-cslab.org"
216.245.221.83 - - [18/Nov/2021:16:18:08 +0000] "HEAD / HTTP/1.1" 200 0 "http://ja.tak-cslab.org/" "Mozilla/5.0+(compatible; UptimeRobot/2.0; http://www.uptimerobot.com/)"
34.206.38.217 - - [18/Nov/2021:16:21:04 +0000] "GET /feed HTTP/1.1" 200 55868 "-" "Automate.io BOT"
216.245.221.83 - - [18/Nov/2021:16:23:08 +0000] "HEAD / HTTP/1.1" 301 0 "http://ja.tak-cslab.org/" "Mozilla/5.0+(compatible; UptimeRobot/2.0; http://www.uptimerobot.com/)"
216.245.221.83 - - [18/Nov/2021:16:23:08 +0000] "HEAD / HTTP/1.1" 200 0 "http://ja.tak-cslab.org/" "Mozilla/5.0+(compatible; UptimeRobot/2.0; http://www.uptimerobot.com/)"
34.228.241.92 - - [18/Nov/2021:16:23:39 +0000] "HEAD /feed HTTP/2.0" 200 0 "-" "Slackbot 1.0 (+https://api.slack.com/robots)"
34.228.241.92 - - [18/Nov/2021:16:23:40 +0000] "GET /feed HTTP/1.1" 200 55861 "-" "Slackbot 1.0 (+https://api.slack.com/robots)"
3.216.93.196 - - [18/Nov/2021:16:23:41 +0000] "GET / HTTP/1.1" 200 6320 "-" "Slackbot 1.0 (+https://api.slack.com/robots)"
34.206.38.217 - - [18/Nov/2021:16:26:05 +0000] "GET /feed HTTP/1.1" 200 55867 "-" "Automate.io BOT"
216.245.221.83 - - [18/Nov/2021:16:28:08 +0000] "HEAD / HTTP/1.1" 301 0 "http://ja.tak-cslab.org/" "Mozilla/5.0+(compatible; UptimeRobot/2.0; http://www.uptimerobot.com/)"
216.245.221.83 - - [18/Nov/2021:16:28:08 +0000] "HEAD / HTTP/1.1" 200 0 "http://ja.tak-cslab.org/" "Mozilla/5.0+(compatible; UptimeRobot/2.0; http://www.uptimerobot.com/)"
34.206.38.217 - - [18/Nov/2021:16:31:05 +0000] "GET /feed HTTP/1.1" 200 55867 "-" "Automate.io BOT"
216.245.221.83 - - [18/Nov/2021:16:33:08 +0000] "HEAD / HTTP/1.1" 301 0 "http://ja.tak-cslab.org/" "Mozilla/5.0+(compatible; UptimeRobot/2.0; http://www.uptimerobot.com/)"
216.245.221.83 - - [18/Nov/2021:16:33:08 +0000] "HEAD / HTTP/1.1" 200 0 "http://ja.tak-cslab.org/" "Mozilla/5.0+(compatible; UptimeRobot/2.0; http://www.uptimerobot.com/)"
35.73.127.73 - - [18/Nov/2021:16:33:26 +0000] "GET /favicon.ico HTTP/1.1" 302 5 "-" "Slack-ImgProxy (+https://api.slack.com/robots)"
35.73.127.73 - - [18/Nov/2021:16:33:26 +0000] "GET /wp-includes/images/w-logo-blue-white-bg.png HTTP/1.1" 200 4119 "-" "Slack-ImgProxy (+https://api.slack.com/robots)"
34.206.38.217 - - [18/Nov/2021:16:36:05 +0000] "GET /feed HTTP/1.1" 200 55867 "-" "Automate.io BOT"
216.245.221.83 - - [18/Nov/2021:16:38:08 +0000] "HEAD / HTTP/1.1" 301 0 "http://ja.tak-cslab.org/" "Mozilla/5.0+(compatible; UptimeRobot/2.0; http://www.uptimerobot.com/)"
216.245.221.83 - - [18/Nov/2021:16:38:08 +0000] "HEAD / HTTP/1.1" 200 0 "http://ja.tak-cslab.org/" "Mozilla/5.0+(compatible; UptimeRobot/2.0; http://www.uptimerobot.com/)"
34.206.38.217 - - [18/Nov/2021:16:41:04 +0000] "GET /feed HTTP/1.1" 200 55868 "-" "Automate.io BOT"
216.245.221.83 - - [18/Nov/2021:16:43:08 +0000] "HEAD / HTTP/1.1" 301 0 "http://ja.tak-cslab.org/" "Mozilla/5.0+(compatible; UptimeRobot/2.0; http://www.uptimerobot.com/)"
216.245.221.83 - - [18/Nov/2021:16:43:08 +0000] "HEAD / HTTP/1.1" 200 0 "http://ja.tak-cslab.org/" "Mozilla/5.0+(compatible; UptimeRobot/2.0; http://www.uptimerobot.com/)"
3.231.151.180 - - [18/Nov/2021:16:43:41 +0000] "HEAD /feed HTTP/2.0" 200 0 "-" "Slackbot 1.0 (+https://api.slack.com/robots)"
18.233.158.227 - - [18/Nov/2021:16:43:41 +0000] "GET /feed HTTP/1.1" 200 55868 "-" "Slackbot 1.0 (+https://api.slack.com/robots)"
3.237.10.5 - - [18/Nov/2021:16:43:42 +0000] "GET / HTTP/1.1" 200 6313 "-" "Slackbot 1.0 (+https://api.slack.com/robots)"
34.206.38.217 - - [18/Nov/2021:16:46:04 +0000] "GET /feed HTTP/1.1" 200 55860 "-" "Automate.io BOT"
195.246.120.171 - - [18/Nov/2021:16:47:29 +0000] "GET /archives/460/ HTTP/1.0" 301 162 "http://ja.tak-cslab.org/archives/460/" "Mozilla/5.0 (Windows NT 10.0; Win64; x64) AppleWebKit/537.36 (KHTML, like Gecko) Chrome/90.0.4430.86 Safari/537.36"
195.246.120.171 - - [18/Nov/2021:16:47:30 +0000] "GET /archives/460/ HTTP/1.0" 301 0 "https://ja.tak-cslab.org/archives/460/" "Mozilla/5.0 (Windows NT 10.0; Win64; x64) AppleWebKit/537.36 (KHTML, like Gecko) Chrome/90.0.4430.86 Safari/537.36"
195.246.120.171 - - [18/Nov/2021:16:47:31 +0000] "GET /archives/460 HTTP/1.0" 200 27841 "https://ja.tak-cslab.org/archives/460" "Mozilla/5.0 (Windows NT 10.0; Win64; x64) AppleWebKit/537.36 (KHTML, like Gecko) Chrome/90.0.4430.86 Safari/537.36"
216.245.221.83 - - [18/Nov/2021:16:48:08 +0000] "HEAD / HTTP/1.1" 301 0 "http://ja.tak-cslab.org/" "Mozilla/5.0+(compatible; UptimeRobot/2.0; http://www.uptimerobot.com/)"
216.245.221.83 - - [18/Nov/2021:16:48:08 +0000] "HEAD / HTTP/1.1" 200 0 "http://ja.tak-cslab.org/" "Mozilla/5.0+(compatible; UptimeRobot/2.0; http://www.uptimerobot.com/)"
34.206.38.217 - - [18/Nov/2021:16:51:04 +0000] "GET /feed HTTP/1.1" 200 55854 "-" "Automate.io BOT"
216.245.221.83 - - [18/Nov/2021:16:53:08 +0000] "HEAD / HTTP/1.1" 301 0 "http://ja.tak-cslab.org/" "Mozilla/5.0+(compatible; UptimeRobot/2.0; http://www.uptimerobot.com/)"
216.245.221.83 - - [18/Nov/2021:16:53:08 +0000] "HEAD / HTTP/1.1" 200 0 "http://ja.tak-cslab.org/" "Mozilla/5.0+(compatible; UptimeRobot/2.0; http://www.uptimerobot.com/)"
34.206.38.217 - - [18/Nov/2021:16:56:04 +0000] "GET /feed HTTP/1.1" 200 55867 "-" "Automate.io BOT"
207.46.13.25 - - [18/Nov/2021:16:56:28 +0000] "GET /wp-content/uploads/2021/02/IMG_1838-1040x780.jpg HTTP/2.0" 200 150574 "-" "Mozilla/5.0 (compatible; bingbot/2.0; +http://www.bing.com/bingbot.htm)"
207.46.13.201 - - [18/Nov/2021:16:56:47 +0000] "GET /wp-content/uploads/2021/03/iOS-%E3%81%AE%E7%94%BB%E5%83%8F-1-1-2048x1536.jpg HTTP/2.0" 200 292191 "-" "Mozilla/5.0 (compatible; bingbot/2.0; +http://www.bing.com/bingbot.htm)"
216.245.221.83 - - [18/Nov/2021:16:58:08 +0000] "HEAD / HTTP/1.1" 301 0 "http://ja.tak-cslab.org/" "Mozilla/5.0+(compatible; UptimeRobot/2.0; http://www.uptimerobot.com/)"
216.245.221.83 - - [18/Nov/2021:16:58:08 +0000] "HEAD / HTTP/1.1" 200 0 "http://ja.tak-cslab.org/" "Mozilla/5.0+(compatible; UptimeRobot/2.0; http://www.uptimerobot.com/)"
163.215.6.1 - - [18/Nov/2021:17:01:04 +0000] "POST /wp-cron.php?doing_wp_cron=1637254864.7250990867614746093750 HTTP/1.1" 200 31 "https://ja.tak-cslab.org/wp-cron.php?doing_wp_cron=1637254864.7250990867614746093750" "WordPress/5.8.2; https://ja.tak-cslab.org"
34.206.38.217 - - [18/Nov/2021:17:01:04 +0000] "GET /feed HTTP/1.1" 200 55847 "-" "Automate.io BOT"
216.245.221.83 - - [18/Nov/2021:17:03:08 +0000] "HEAD / HTTP/1.1" 301 0 "http://ja.tak-cslab.org/" "Mozilla/5.0+(compatible; UptimeRobot/2.0; http://www.uptimerobot.com/)"
216.245.221.83 - - [18/Nov/2021:17:03:08 +0000] "HEAD / HTTP/1.1" 200 0 "http://ja.tak-cslab.org/" "Mozilla/5.0+(compatible; UptimeRobot/2.0; http://www.uptimerobot.com/)"
54.224.226.92 - - [18/Nov/2021:17:03:45 +0000] "HEAD /feed HTTP/2.0" 200 0 "-" "Slackbot 1.0 (+https://api.slack.com/robots)"
34.201.4.104 - - [18/Nov/2021:17:03:45 +0000] "GET /feed HTTP/1.1" 200 55867 "-" "Slackbot 1.0 (+https://api.slack.com/robots)"
