52.201.232.4 - - [20/Nov/2021:04:23:41 +0000] "GET /feed HTTP/1.1" 200 55861 "-" "Slackbot 1.0 (+https://api.slack.com/robots)"
3.239.70.226 - - [20/Nov/2021:04:23:43 +0000] "GET / HTTP/1.1" 200 6312 "-" "Slackbot 1.0 (+https://api.slack.com/robots)"
66.249.79.158 - - [20/Nov/2021:04:24:41 +0000] "GET /tags/nas HTTP/1.1" 200 6660 "-" "Mozilla/5.0 (compatible; Googlebot/2.1; +http://www.google.com/bot.html)"
34.206.38.217 - - [20/Nov/2021:04:26:00 +0000] "GET /feed HTTP/1.1" 200 55868 "-" "Automate.io BOT"
216.245.221.83 - - [20/Nov/2021:04:28:08 +0000] "HEAD / HTTP/1.1" 301 0 "http://ja.tak-cslab.org/" "Mozilla/5.0+(compatible; UptimeRobot/2.0; http://www.uptimerobot.com/)"
216.245.221.83 - - [20/Nov/2021:04:28:08 +0000] "HEAD / HTTP/1.1" 200 0 "http://ja.tak-cslab.org/" "Mozilla/5.0+(compatible; UptimeRobot/2.0; http://www.uptimerobot.com/)"
34.206.38.217 - - [20/Nov/2021:04:31:01 +0000] "GET /feed HTTP/1.1" 200 55868 "-" "Automate.io BOT"
185.191.171.17 - - [20/Nov/2021:04:32:28 +0000] "GET /robots.txt HTTP/1.1" 200 123 "-" "Mozilla/5.0 (compatible; SemrushBot/7~bl; +http://www.semrush.com/bot.html)"
185.191.171.18 - - [20/Nov/2021:04:32:29 +0000] "GET /archives/901 HTTP/1.1" 200 9703 "-" "Mozilla/5.0 (compatible; SemrushBot/7~bl; +http://www.semrush.com/bot.html)"
216.245.221.83 - - [20/Nov/2021:04:33:08 +0000] "HEAD / HTTP/1.1" 301 0 "http://ja.tak-cslab.org/" "Mozilla/5.0+(compatible; UptimeRobot/2.0; http://www.uptimerobot.com/)"
216.245.221.83 - - [20/Nov/2021:04:33:08 +0000] "HEAD / HTTP/1.1" 200 0 "http://ja.tak-cslab.org/" "Mozilla/5.0+(compatible; UptimeRobot/2.0; http://www.uptimerobot.com/)"
66.249.79.129 - - [20/Nov/2021:04:33:46 +0000] "GET /topics/blog HTTP/1.1" 200 13039 "-" "Mozilla/5.0 (compatible; Googlebot/2.1; +http://www.google.com/bot.html)"
34.206.38.217 - - [20/Nov/2021:04:36:00 +0000] "GET /feed HTTP/1.1" 200 55861 "-" "Automate.io BOT"
187.160.9.213 - - [20/Nov/2021:04:37:32 +0000] "GET /wp-content/uploads/2020/12/79c88101a9c403279aeedc67586221c07ebaed06-1024x517.png HTTP/2.0" 200 166518 "https://www.bing.com/" "Mozilla/5.0 (Windows NT 10.0; Win64; x64) AppleWebKit/537.36 (KHTML, like Gecko) Chrome/95.0.4638.69 Safari/537.36 Edg/95.0.1020.53"
216.245.221.83 - - [20/Nov/2021:04:38:08 +0000] "HEAD / HTTP/1.1" 301 0 "http://ja.tak-cslab.org/" "Mozilla/5.0+(compatible; UptimeRobot/2.0; http://www.uptimerobot.com/)"
216.245.221.83 - - [20/Nov/2021:04:38:08 +0000] "HEAD / HTTP/1.1" 200 0 "http://ja.tak-cslab.org/" "Mozilla/5.0+(compatible; UptimeRobot/2.0; http://www.uptimerobot.com/)"
34.206.38.217 - - [20/Nov/2021:04:41:03 +0000] "GET /feed HTTP/1.1" 200 55868 "-" "Automate.io BOT"
216.244.66.230 - - [20/Nov/2021:04:43:04 +0000] "GET /robots.txt HTTP/1.1" 301 162 "-" "Mozilla/5.0 (compatible; DotBot/1.2; +https://opensiteexplorer.org/dotbot; help@moz.com)"
216.244.66.230 - - [20/Nov/2021:04:43:05 +0000] "GET /robots.txt HTTP/1.1" 200 128 "-" "Mozilla/5.0 (compatible; DotBot/1.2; +https://opensiteexplorer.org/dotbot; help@moz.com)"
216.245.221.83 - - [20/Nov/2021:04:43:08 +0000] "HEAD / HTTP/1.1" 301 0 "http://ja.tak-cslab.org/" "Mozilla/5.0+(compatible; UptimeRobot/2.0; http://www.uptimerobot.com/)"
216.245.221.83 - - [20/Nov/2021:04:43:08 +0000] "HEAD / HTTP/1.1" 200 0 "http://ja.tak-cslab.org/" "Mozilla/5.0+(compatible; UptimeRobot/2.0; http://www.uptimerobot.com/)"
3.235.228.57 - - [20/Nov/2021:04:43:39 +0000] "HEAD /feed HTTP/2.0" 200 0 "-" "Slackbot 1.0 (+https://api.slack.com/robots)"
3.234.178.179 - - [20/Nov/2021:04:43:39 +0000] "GET /feed HTTP/1.1" 200 55868 "-" "Slackbot 1.0 (+https://api.slack.com/robots)"
3.83.216.176 - - [20/Nov/2021:04:43:40 +0000] "GET / HTTP/1.1" 200 6312 "-" "Slackbot 1.0 (+https://api.slack.com/robots)"
34.206.38.217 - - [20/Nov/2021:04:46:04 +0000] "GET /feed HTTP/1.1" 200 55861 "-" "Automate.io BOT"
123.223.40.167 - - [20/Nov/2021:04:46:41 +0000] "GET /archives/848 HTTP/2.0" 200 7868 "https://www.google.com/" "Mozilla/5.0 (Linux; Android 11; M2101K9R) AppleWebKit/537.36 (KHTML, like Gecko) SamsungBrowser/15.0 Chrome/90.0.4430.210 Mobile Safari/537.36"
123.223.40.167 - - [20/Nov/2021:04:46:41 +0000] "GET /wp-content/themes/cdsl/style.css?ver=1.3.1 HTTP/2.0" 200 272 "https://ja.tak-cslab.org/archives/848" "Mozilla/5.0 (Linux; Android 11; M2101K9R) AppleWebKit/537.36 (KHTML, like Gecko) SamsungBrowser/15.0 Chrome/90.0.4430.210 Mobile Safari/537.36"
123.223.40.167 - - [20/Nov/2021:04:46:41 +0000] "GET /wp-content/themes/scaffold/assets/js/navigation.js?ver=1.3.1 HTTP/2.0" 200 1266 "https://ja.tak-cslab.org/archives/848" "Mozilla/5.0 (Linux; Android 11; M2101K9R) AppleWebKit/537.36 (KHTML, like Gecko) SamsungBrowser/15.0 Chrome/90.0.4430.210 Mobile Safari/537.36"
123.223.40.167 - - [20/Nov/2021:04:46:41 +0000] "GET /wp-includes/js/comment-reply.min.js?ver=5.8.2 HTTP/2.0" 200 1390 "https://ja.tak-cslab.org/archives/848" "Mozilla/5.0 (Linux; Android 11; M2101K9R) AppleWebKit/537.36 (KHTML, like Gecko) SamsungBrowser/15.0 Chrome/90.0.4430.210 Mobile Safari/537.36"
123.223.40.167 - - [20/Nov/2021:04:46:41 +0000] "GET /wp-includes/js/wp-embed.min.js?ver=5.8.2 HTTP/2.0" 200 779 "https://ja.tak-cslab.org/archives/848" "Mozilla/5.0 (Linux; Android 11; M2101K9R) AppleWebKit/537.36 (KHTML, like Gecko) SamsungBrowser/15.0 Chrome/90.0.4430.210 Mobile Safari/537.36"
123.223.40.167 - - [20/Nov/2021:04:46:41 +0000] "GET /wp-content/themes/scaffold/style.css?ver=5.8.2 HTTP/2.0" 200 5846 "https://ja.tak-cslab.org/archives/848" "Mozilla/5.0 (Linux; Android 11; M2101K9R) AppleWebKit/537.36 (KHTML, like Gecko) SamsungBrowser/15.0 Chrome/90.0.4430.210 Mobile Safari/537.36"
123.223.40.167 - - [20/Nov/2021:04:46:41 +0000] "GET /wp-includes/css/dist/block-library/style.min.css?ver=5.8.2 HTTP/2.0" 200 13704 "https://ja.tak-cslab.org/archives/848" "Mozilla/5.0 (Linux; Android 11; M2101K9R) AppleWebKit/537.36 (KHTML, like Gecko) SamsungBrowser/15.0 Chrome/90.0.4430.210 Mobile Safari/537.36"
123.223.40.167 - - [20/Nov/2021:04:46:41 +0000] "GET /wp-content/uploads/2020/12/Kubernetes-logo-1.png HTTP/2.0" 200 49082 "https://ja.tak-cslab.org/archives/848" "Mozilla/5.0 (Linux; Android 11; M2101K9R) AppleWebKit/537.36 (KHTML, like Gecko) SamsungBrowser/15.0 Chrome/90.0.4430.210 Mobile Safari/537.36"
123.223.40.167 - - [20/Nov/2021:04:46:41 +0000] "GET /wp-content/uploads/2020/12/%E3%82%AD%E3%83%A3%E3%83%97%E3%83%81%E3%83%A3-1040x511.png HTTP/2.0" 200 81641 "https://ja.tak-cslab.org/archives/848" "Mozilla/5.0 (Linux; Android 11; M2101K9R) AppleWebKit/537.36 (KHTML, like Gecko) SamsungBrowser/15.0 Chrome/90.0.4430.210 Mobile Safari/537.36"
123.223.40.167 - - [20/Nov/2021:04:46:41 +0000] "GET /favicon.ico HTTP/2.0" 302 0 "https://ja.tak-cslab.org/archives/848" "Mozilla/5.0 (Linux; Android 11; M2101K9R) AppleWebKit/537.36 (KHTML, like Gecko) SamsungBrowser/15.0 Chrome/90.0.4430.210 Mobile Safari/537.36"
123.223.40.167 - - [20/Nov/2021:04:46:41 +0000] "GET /wp-content/uploads/2020/12/Rancher_K3s2-1040x544.png HTTP/2.0" 200 81821 "https://ja.tak-cslab.org/archives/848" "Mozilla/5.0 (Linux; Android 11; M2101K9R) AppleWebKit/537.36 (KHTML, like Gecko) SamsungBrowser/15.0 Chrome/90.0.4430.210 Mobile Safari/537.36"
123.223.40.167 - - [20/Nov/2021:04:46:41 +0000] "GET /wp-content/uploads/2020/12/79c88101a9c403279aeedc67586221c07ebaed06-1040x525.png HTTP/2.0" 200 195313 "https://ja.tak-cslab.org/archives/848" "Mozilla/5.0 (Linux; Android 11; M2101K9R) AppleWebKit/537.36 (KHTML, like Gecko) SamsungBrowser/15.0 Chrome/90.0.4430.210 Mobile Safari/537.36"
123.223.40.167 - - [20/Nov/2021:04:46:41 +0000] "GET /wp-includes/images/w-logo-blue-white-bg.png HTTP/2.0" 200 4119 "https://ja.tak-cslab.org/archives/848" "Mozilla/5.0 (Linux; Android 11; M2101K9R) AppleWebKit/537.36 (KHTML, like Gecko) SamsungBrowser/15.0 Chrome/90.0.4430.210 Mobile Safari/537.36"
144.76.91.79 - - [20/Nov/2021:04:47:01 +0000] "GET /robots.txt HTTP/1.1" 200 128 "-" "Mozilla/5.0 (compatible; MJ12bot/v1.4.8; http://mj12bot.com/)"
144.76.91.79 - - [20/Nov/2021:04:47:03 +0000] "GET /archives/1174/feed HTTP/1.1" 200 810 "-" "Mozilla/5.0 (compatible; MJ12bot/v1.4.8; http://mj12bot.com/)"
66.249.79.129 - - [20/Nov/2021:04:47:11 +0000] "GET /archives/498 HTTP/1.1" 200 7441 "-" "Mozilla/5.0 (compatible; Googlebot/2.1; +http://www.google.com/bot.html)"
123.223.40.167 - - [20/Nov/2021:04:47:23 +0000] "GET /archives/1647 HTTP/2.0" 200 6380 "https://ja.tak-cslab.org/archives/848" "Mozilla/5.0 (Linux; Android 11; M2101K9R) AppleWebKit/537.36 (KHTML, like Gecko) SamsungBrowser/15.0 Chrome/90.0.4430.210 Mobile Safari/537.36"
123.223.40.167 - - [20/Nov/2021:04:47:35 +0000] "GET /archives/1594 HTTP/2.0" 200 8766 "https://ja.tak-cslab.org/archives/848" "Mozilla/5.0 (Linux; Android 11; M2101K9R) AppleWebKit/537.36 (KHTML, like Gecko) SamsungBrowser/15.0 Chrome/90.0.4430.210 Mobile Safari/537.36"
123.223.40.167 - - [20/Nov/2021:04:47:35 +0000] "GET /wp-content/uploads/2021/11/iOS-%E3%81%AE%E7%94%BB%E5%83%8F-1040x780.jpg HTTP/2.0" 200 144947 "https://ja.tak-cslab.org/archives/1594" "Mozilla/5.0 (Linux; Android 11; M2101K9R) AppleWebKit/537.36 (KHTML, like Gecko) SamsungBrowser/15.0 Chrome/90.0.4430.210 Mobile Safari/537.36"
216.245.221.83 - - [20/Nov/2021:04:48:08 +0000] "HEAD / HTTP/1.1" 301 0 "http://ja.tak-cslab.org/" "Mozilla/5.0+(compatible; UptimeRobot/2.0; http://www.uptimerobot.com/)"
216.245.221.83 - - [20/Nov/2021:04:48:08 +0000] "HEAD / HTTP/1.1" 200 0 "http://ja.tak-cslab.org/" "Mozilla/5.0+(compatible; UptimeRobot/2.0; http://www.uptimerobot.com/)"
216.244.66.230 - - [20/Nov/2021:04:48:37 +0000] "GET /archives/1345/feed HTTP/1.1" 200 853 "-" "Mozilla/5.0 (compatible; DotBot/1.2; +https://opensiteexplorer.org/dotbot; help@moz.com)"
207.46.13.109 - - [20/Nov/2021:04:49:52 +0000] "GET /wp-content/uploads/2020/09/20200925_200925_2-1040x1387.jpg HTTP/2.0" 200 146804 "-" "Mozilla/5.0 (compatible; bingbot/2.0; +http://www.bing.com/bingbot.htm)"
34.206.38.217 - - [20/Nov/2021:04:51:03 +0000] "GET /feed HTTP/1.1" 200 55868 "-" "Automate.io BOT"
216.245.221.83 - - [20/Nov/2021:04:53:08 +0000] "HEAD / HTTP/1.1" 301 0 "http://ja.tak-cslab.org/" "Mozilla/5.0+(compatible; UptimeRobot/2.0; http://www.uptimerobot.com/)"
216.245.221.83 - - [20/Nov/2021:04:53:08 +0000] "HEAD / HTTP/1.1" 200 0 "http://ja.tak-cslab.org/" "Mozilla/5.0+(compatible; UptimeRobot/2.0; http://www.uptimerobot.com/)"
34.206.38.217 - - [20/Nov/2021:04:56:03 +0000] "GET /feed HTTP/1.1" 200 55868 "-" "Automate.io BOT"
216.245.221.83 - - [20/Nov/2021:04:58:08 +0000] "HEAD / HTTP/1.1" 301 0 "http://ja.tak-cslab.org/" "Mozilla/5.0+(compatible; UptimeRobot/2.0; http://www.uptimerobot.com/)"
216.245.221.83 - - [20/Nov/2021:04:58:08 +0000] "HEAD / HTTP/1.1" 200 0 "http://ja.tak-cslab.org/" "Mozilla/5.0+(compatible; UptimeRobot/2.0; http://www.uptimerobot.com/)"
217.178.23.121 - - [20/Nov/2021:04:59:35 +0000] "GET /archives/646 HTTP/2.0" 200 9356 "https://www.google.com/" "Mozilla/5.0 (Macintosh; Intel Mac OS X 10_15_7) AppleWebKit/537.36 (KHTML, like Gecko) Chrome/96.0.4664.55 Safari/537.36"
217.178.23.121 - - [20/Nov/2021:04:59:35 +0000] "GET /wp-content/themes/cdsl/style.css?ver=1.3.1 HTTP/2.0" 200 272 "https://ja.tak-cslab.org/archives/646" "Mozilla/5.0 (Macintosh; Intel Mac OS X 10_15_7) AppleWebKit/537.36 (KHTML, like Gecko) Chrome/96.0.4664.55 Safari/537.36"
217.178.23.121 - - [20/Nov/2021:04:59:35 +0000] "GET /wp-content/themes/scaffold/assets/js/navigation.js?ver=1.3.1 HTTP/2.0" 200 1266 "https://ja.tak-cslab.org/archives/646" "Mozilla/5.0 (Macintosh; Intel Mac OS X 10_15_7) AppleWebKit/537.36 (KHTML, like Gecko) Chrome/96.0.4664.55 Safari/537.36"
217.178.23.121 - - [20/Nov/2021:04:59:35 +0000] "GET /wp-includes/js/comment-reply.min.js?ver=5.8.2 HTTP/2.0" 200 1390 "https://ja.tak-cslab.org/archives/646" "Mozilla/5.0 (Macintosh; Intel Mac OS X 10_15_7) AppleWebKit/537.36 (KHTML, like Gecko) Chrome/96.0.4664.55 Safari/537.36"
217.178.23.121 - - [20/Nov/2021:04:59:35 +0000] "GET /wp-includes/js/wp-embed.min.js?ver=5.8.2 HTTP/2.0" 200 779 "https://ja.tak-cslab.org/archives/646" "Mozilla/5.0 (Macintosh; Intel Mac OS X 10_15_7) AppleWebKit/537.36 (KHTML, like Gecko) Chrome/96.0.4664.55 Safari/537.36"
217.178.23.121 - - [20/Nov/2021:04:59:35 +0000] "GET /wp-includes/css/dist/block-library/style.min.css?ver=5.8.2 HTTP/2.0" 200 13704 "https://ja.tak-cslab.org/archives/646" "Mozilla/5.0 (Macintosh; Intel Mac OS X 10_15_7) AppleWebKit/537.36 (KHTML, like Gecko) Chrome/96.0.4664.55 Safari/537.36"
217.178.23.121 - - [20/Nov/2021:04:59:35 +0000] "GET /wp-content/themes/scaffold/style.css?ver=5.8.2 HTTP/2.0" 200 5846 "https://ja.tak-cslab.org/archives/646" "Mozilla/5.0 (Macintosh; Intel Mac OS X 10_15_7) AppleWebKit/537.36 (KHTML, like Gecko) Chrome/96.0.4664.55 Safari/537.36"
217.178.23.121 - - [20/Nov/2021:04:59:35 +0000] "GET /wp-includes/js/wp-emoji-release.min.js?ver=5.8.2 HTTP/2.0" 200 5714 "https://ja.tak-cslab.org/archives/646" "Mozilla/5.0 (Macintosh; Intel Mac OS X 10_15_7) AppleWebKit/537.36 (KHTML, like Gecko) Chrome/96.0.4664.55 Safari/537.36"
217.178.23.121 - - [20/Nov/2021:04:59:35 +0000] "GET /wp-content/plugins/native-lazyload/assets/images/placeholder.svg HTTP/2.0" 200 88 "https://ja.tak-cslab.org/archives/646" "Mozilla/5.0 (Macintosh; Intel Mac OS X 10_15_7) AppleWebKit/537.36 (KHTML, like Gecko) Chrome/96.0.4664.55 Safari/537.36"
217.178.23.121 - - [20/Nov/2021:04:59:35 +0000] "GET /favicon.ico HTTP/2.0" 302 0 "https://ja.tak-cslab.org/archives/646" "Mozilla/5.0 (Macintosh; Intel Mac OS X 10_15_7) AppleWebKit/537.36 (KHTML, like Gecko) Chrome/96.0.4664.55 Safari/537.36"
217.178.23.121 - - [20/Nov/2021:04:59:35 +0000] "GET /wp-content/uploads/2020/10/IMG_4237.jpg HTTP/2.0" 200 242357 "https://ja.tak-cslab.org/archives/646" "Mozilla/5.0 (Macintosh; Intel Mac OS X 10_15_7) AppleWebKit/537.36 (KHTML, like Gecko) Chrome/96.0.4664.55 Safari/537.36"
217.178.23.121 - - [20/Nov/2021:04:59:35 +0000] "GET /wp-includes/images/w-logo-blue-white-bg.png HTTP/2.0" 200 4119 "https://ja.tak-cslab.org/archives/646" "Mozilla/5.0 (Macintosh; Intel Mac OS X 10_15_7) AppleWebKit/537.36 (KHTML, like Gecko) Chrome/96.0.4664.55 Safari/537.36"
217.178.23.121 - - [20/Nov/2021:04:59:35 +0000] "GET /wp-content/uploads/2020/10/IMG_4235-1.jpg HTTP/2.0" 200 459964 "https://ja.tak-cslab.org/archives/646" "Mozilla/5.0 (Macintosh; Intel Mac OS X 10_15_7) AppleWebKit/537.36 (KHTML, like Gecko) Chrome/96.0.4664.55 Safari/537.36"
217.178.23.121 - - [20/Nov/2021:04:59:36 +0000] "GET /wp-content/uploads/2020/10/IMG_4243.jpg HTTP/2.0" 200 214517 "https://ja.tak-cslab.org/archives/646" "Mozilla/5.0 (Macintosh; Intel Mac OS X 10_15_7) AppleWebKit/537.36 (KHTML, like Gecko) Chrome/96.0.4664.55 Safari/537.36"
104.244.77.53 - - [20/Nov/2021:04:59:36 +0000] "POST /xmlrpc.php HTTP/1.0" 301 162 "-" "Mozilla/5.0 (Macintosh; Intel Mac OS X 10_11_6) AppleWebKit/537.36 (KHTML, like Gecko) Chrome/68.0.3440.106 Safari/537.36"
217.178.23.121 - - [20/Nov/2021:04:59:37 +0000] "GET /wp-content/uploads/2020/10/IMG_4247.jpg HTTP/2.0" 200 268024 "https://ja.tak-cslab.org/archives/646" "Mozilla/5.0 (Macintosh; Intel Mac OS X 10_15_7) AppleWebKit/537.36 (KHTML, like Gecko) Chrome/96.0.4664.55 Safari/537.36"
217.178.23.121 - - [20/Nov/2021:04:59:38 +0000] "GET /wp-content/uploads/2020/10/IMG_4250-1-1-768x685.jpg HTTP/2.0" 200 50421 "https://ja.tak-cslab.org/archives/646" "Mozilla/5.0 (Macintosh; Intel Mac OS X 10_15_7) AppleWebKit/537.36 (KHTML, like Gecko) Chrome/96.0.4664.55 Safari/537.36"
104.244.77.53 - - [20/Nov/2021:04:59:39 +0000] "POST /xmlrpc.php HTTP/1.0" 200 403 "-" "Mozilla/5.0 (Macintosh; Intel Mac OS X 10_11_6) AppleWebKit/537.36 (KHTML, like Gecko) Chrome/68.0.3440.106 Safari/537.36"
217.178.23.121 - - [20/Nov/2021:04:59:39 +0000] "GET /wp-content/uploads/2020/10/IMG_4254-1.jpg HTTP/2.0" 200 100651 "https://ja.tak-cslab.org/archives/646" "Mozilla/5.0 (Macintosh; Intel Mac OS X 10_15_7) AppleWebKit/537.36 (KHTML, like Gecko) Chrome/96.0.4664.55 Safari/537.36"
163.215.6.1 - - [20/Nov/2021:05:01:04 +0000] "POST /wp-cron.php?doing_wp_cron=1637384464.0915789604187011718750 HTTP/1.1" 200 31 "https://ja.tak-cslab.org/wp-cron.php?doing_wp_cron=1637384464.0915789604187011718750" "WordPress/5.8.2; https://ja.tak-cslab.org"
34.206.38.217 - - [20/Nov/2021:05:01:04 +0000] "GET /feed HTTP/1.1" 200 55868 "-" "Automate.io BOT"
216.245.221.83 - - [20/Nov/2021:05:03:08 +0000] "HEAD / HTTP/1.1" 301 0 "http://ja.tak-cslab.org/" "Mozilla/5.0+(compatible; UptimeRobot/2.0; http://www.uptimerobot.com/)"
216.245.221.83 - - [20/Nov/2021:05:03:08 +0000] "HEAD / HTTP/1.1" 200 0 "http://ja.tak-cslab.org/" "Mozilla/5.0+(compatible; UptimeRobot/2.0; http://www.uptimerobot.com/)"
123.223.40.167 - - [20/Nov/2021:05:03:08 +0000] "GET /wp-content/uploads/2021/11/image-1-1040x469.png HTTP/2.0" 200 61865 "https://ja.tak-cslab.org/archives/1594" "Mozilla/5.0 (Linux; Android 11; M2101K9R) AppleWebKit/537.36 (KHTML, like Gecko) SamsungBrowser/15.0 Chrome/90.0.4430.210 Mobile Safari/537.36"
18.208.181.125 - - [20/Nov/2021:05:03:46 +0000] "HEAD /feed HTTP/2.0" 200 0 "-" "Slackbot 1.0 (+https://api.slack.com/robots)"
34.230.22.164 - - [20/Nov/2021:05:03:46 +0000] "GET /feed HTTP/1.1" 200 55861 "-" "Slackbot 1.0 (+https://api.slack.com/robots)"
3.216.93.196 - - [20/Nov/2021:05:03:47 +0000] "GET / HTTP/1.1" 200 6312 "-" "Slackbot 1.0 (+https://api.slack.com/robots)"
34.206.38.217 - - [20/Nov/2021:05:06:03 +0000] "GET /feed HTTP/1.1" 200 55868 "-" "Automate.io BOT"
157.55.39.177 - - [20/Nov/2021:05:06:48 +0000] "GET /archives/author/c0118006 HTTP/2.0" 200 6097 "-" "Mozilla/5.0 (compatible; bingbot/2.0; +http://www.bing.com/bingbot.htm)"
207.46.13.109 - - [20/Nov/2021:05:07:04 +0000] "GET /wp-content/themes/scaffold/assets/js/navigation.js?ver=1.3.1 HTTP/2.0" 200 1266 "-" "Mozilla/5.0 (compatible; bingbot/2.0; +http://www.bing.com/bingbot.htm)"
216.245.221.83 - - [20/Nov/2021:05:08:08 +0000] "HEAD / HTTP/1.1" 301 0 "http://ja.tak-cslab.org/" "Mozilla/5.0+(compatible; UptimeRobot/2.0; http://www.uptimerobot.com/)"
216.245.221.83 - - [20/Nov/2021:05:08:08 +0000] "HEAD / HTTP/1.1" 200 0 "http://ja.tak-cslab.org/" "Mozilla/5.0+(compatible; UptimeRobot/2.0; http://www.uptimerobot.com/)"
34.206.38.217 - - [20/Nov/2021:05:11:03 +0000] "GET /feed HTTP/1.1" 200 55861 "-" "Automate.io BOT"
207.46.13.201 - - [20/Nov/2021:05:11:08 +0000] "GET /wp-content/uploads/2021/03/iOS-%E3%81%AE%E7%94%BB%E5%83%8F-1-1-600x450.jpg HTTP/2.0" 200 38669 "-" "Mozilla/5.0 (compatible; bingbot/2.0; +http://www.bing.com/bingbot.htm)"
150.66.89.135 - - [20/Nov/2021:05:12:43 +0000] "GET / HTTP/2.0" 200 6293 "-" "Mozilla/5.0 (iPhone; CPU iPhone OS 15_0_2 like Mac OS X) AppleWebKit/605.1.15 (KHTML, like Gecko) FxiOS/39.0  Mobile/15E148 Safari/605.1.15"
150.66.89.135 - - [20/Nov/2021:05:12:43 +0000] "GET /wp-content/themes/scaffold/style.css?ver=5.8.2 HTTP/2.0" 200 5846 "https://ja.tak-cslab.org/" "Mozilla/5.0 (iPhone; CPU iPhone OS 15_0_2 like Mac OS X) AppleWebKit/605.1.15 (KHTML, like Gecko) FxiOS/39.0  Mobile/15E148 Safari/605.1.15"
150.66.89.135 - - [20/Nov/2021:05:12:43 +0000] "GET /wp-includes/js/wp-embed.min.js?ver=5.8.2 HTTP/2.0" 200 779 "https://ja.tak-cslab.org/" "Mozilla/5.0 (iPhone; CPU iPhone OS 15_0_2 like Mac OS X) AppleWebKit/605.1.15 (KHTML, like Gecko) FxiOS/39.0  Mobile/15E148 Safari/605.1.15"
150.66.89.135 - - [20/Nov/2021:05:12:43 +0000] "GET /wp-content/themes/scaffold/assets/js/navigation.js?ver=1.3.1 HTTP/2.0" 200 1266 "https://ja.tak-cslab.org/" "Mozilla/5.0 (iPhone; CPU iPhone OS 15_0_2 like Mac OS X) AppleWebKit/605.1.15 (KHTML, like Gecko) FxiOS/39.0  Mobile/15E148 Safari/605.1.15"
150.66.89.135 - - [20/Nov/2021:05:12:49 +0000] "GET /archives/1588 HTTP/2.0" 200 8232 "https://ja.tak-cslab.org/" "Mozilla/5.0 (iPhone; CPU iPhone OS 15_0_2 like Mac OS X) AppleWebKit/605.1.15 (KHTML, like Gecko) FxiOS/39.0  Mobile/15E148 Safari/605.1.15"
150.66.89.135 - - [20/Nov/2021:05:12:49 +0000] "GET /wp-includes/js/comment-reply.min.js?ver=5.8.2 HTTP/2.0" 200 1390 "https://ja.tak-cslab.org/archives/1588" "Mozilla/5.0 (iPhone; CPU iPhone OS 15_0_2 like Mac OS X) AppleWebKit/605.1.15 (KHTML, like Gecko) FxiOS/39.0  Mobile/15E148 Safari/605.1.15"
150.66.89.135 - - [20/Nov/2021:05:12:49 +0000] "GET /wp-content/uploads/2021/11/iOS-%E3%81%AE%E7%94%BB%E5%83%8F-2-1040x1387.jpg HTTP/2.0" 304 0 "https://ja.tak-cslab.org/archives/1588" "Mozilla/5.0 (iPhone; CPU iPhone OS 15_0_2 like Mac OS X) AppleWebKit/605.1.15 (KHTML, like Gecko) FxiOS/39.0  Mobile/15E148 Safari/605.1.15"
150.66.89.135 - - [20/Nov/2021:05:12:49 +0000] "GET /wp-content/uploads/2021/11/iOS-%E3%81%AE%E7%94%BB%E5%83%8F-1-1040x1387.jpg HTTP/2.0" 200 267036 "https://ja.tak-cslab.org/archives/1588" "Mozilla/5.0 (iPhone; CPU iPhone OS 15_0_2 like Mac OS X) AppleWebKit/605.1.15 (KHTML, like Gecko) FxiOS/39.0  Mobile/15E148 Safari/605.1.15"
150.66.89.135 - - [20/Nov/2021:05:12:49 +0000] "GET /wp-content/uploads/2021/11/iOS-%E3%81%AE%E7%94%BB%E5%83%8F-1-scaled.jpg HTTP/2.0" 200 744650 "https://ja.tak-cslab.org/archives/1588" "Mozilla/5.0 (iPhone; CPU iPhone OS 15_0_2 like Mac OS X) AppleWebKit/605.1.15 (KHTML, like Gecko) FxiOS/39.0  Mobile/15E148 Safari/605.1.15"
150.66.89.135 - - [20/Nov/2021:05:12:49 +0000] "GET /wp-content/uploads/2021/11/iOS-%E3%81%AE%E7%94%BB%E5%83%8F-2-scaled.jpg HTTP/2.0" 304 0 "https://ja.tak-cslab.org/archives/1588" "Mozilla/5.0 (iPhone; CPU iPhone OS 15_0_2 like Mac OS X) AppleWebKit/605.1.15 (KHTML, like Gecko) FxiOS/39.0  Mobile/15E148 Safari/605.1.15"
150.66.89.135 - - [20/Nov/2021:05:12:50 +0000] "GET /wp-content/uploads/2021/11/iOS-%E3%81%AE%E7%94%BB%E5%83%8F-4-1-1040x1387.jpg HTTP/2.0" 200 219596 "https://ja.tak-cslab.org/archives/1588" "Mozilla/5.0 (iPhone; CPU iPhone OS 15_0_2 like Mac OS X) AppleWebKit/605.1.15 (KHTML, like Gecko) FxiOS/39.0  Mobile/15E148 Safari/605.1.15"
150.66.89.135 - - [20/Nov/2021:05:12:50 +0000] "GET /wp-content/uploads/2021/11/4802D652-BD0F-4516-9091-6ECBE0F6189F_1_105_c.jpg HTTP/2.0" 304 0 "https://ja.tak-cslab.org/archives/1588" "Mozilla/5.0 (iPhone; CPU iPhone OS 15_0_2 like Mac OS X) AppleWebKit/605.1.15 (KHTML, like Gecko) FxiOS/39.0  Mobile/15E148 Safari/605.1.15"
150.66.89.135 - - [20/Nov/2021:05:12:51 +0000] "GET /wp-content/uploads/2021/11/iOS-%E3%81%AE%E7%94%BB%E5%83%8F-3-1040x1387.jpg HTTP/2.0" 304 0 "https://ja.tak-cslab.org/archives/1588" "Mozilla/5.0 (iPhone; CPU iPhone OS 15_0_2 like Mac OS X) AppleWebKit/605.1.15 (KHTML, like Gecko) FxiOS/39.0  Mobile/15E148 Safari/605.1.15"
150.66.89.135 - - [20/Nov/2021:05:12:52 +0000] "GET /wp-content/uploads/2021/11/iOS-%E3%81%AE%E7%94%BB%E5%83%8F-4-1-scaled.jpg HTTP/2.0" 200 611252 "https://ja.tak-cslab.org/archives/1588" "Mozilla/5.0 (iPhone; CPU iPhone OS 15_0_2 like Mac OS X) AppleWebKit/605.1.15 (KHTML, like Gecko) FxiOS/39.0  Mobile/15E148 Safari/605.1.15"
150.66.89.135 - - [20/Nov/2021:05:12:52 +0000] "GET /wp-content/uploads/2021/11/iOS-%E3%81%AE%E7%94%BB%E5%83%8F-3-scaled.jpg HTTP/2.0" 200 847240 "https://ja.tak-cslab.org/archives/1588" "Mozilla/5.0 (iPhone; CPU iPhone OS 15_0_2 like Mac OS X) AppleWebKit/605.1.15 (KHTML, like Gecko) FxiOS/39.0  Mobile/15E148 Safari/605.1.15"
150.66.89.135 - - [20/Nov/2021:05:12:54 +0000] "GET /wp-content/uploads/2021/11/515378A5-9FB4-4B74-8272-B46A64FAD39A_1_105_c-3.jpg HTTP/2.0" 304 0 "https://ja.tak-cslab.org/archives/1588" "Mozilla/5.0 (iPhone; CPU iPhone OS 15_0_2 like Mac OS X) AppleWebKit/605.1.15 (KHTML, like Gecko) FxiOS/39.0  Mobile/15E148 Safari/605.1.15"
150.66.89.135 - - [20/Nov/2021:05:12:54 +0000] "GET /wp-content/uploads/2021/11/23F6560F-D84B-410B-B029-72B21416F7F4_1_105_c-5.jpg HTTP/2.0" 304 0 "https://ja.tak-cslab.org/archives/1588" "Mozilla/5.0 (iPhone; CPU iPhone OS 15_0_2 like Mac OS X) AppleWebKit/605.1.15 (KHTML, like Gecko) FxiOS/39.0  Mobile/15E148 Safari/605.1.15"
150.66.89.135 - - [20/Nov/2021:05:12:55 +0000] "GET /archives/favicon.ico HTTP/2.0" 404 5316 "-" "Mozilla/5.0 (iPhone; CPU iPhone OS 15_0_2 like Mac OS X) AppleWebKit/605.1.15 (KHTML, like Gecko) FxiOS/39.0  Mobile/15E148 Safari/605.1.15"
216.245.221.83 - - [20/Nov/2021:05:13:08 +0000] "HEAD / HTTP/1.1" 301 0 "http://ja.tak-cslab.org/" "Mozilla/5.0+(compatible; UptimeRobot/2.0; http://www.uptimerobot.com/)"
216.245.221.83 - - [20/Nov/2021:05:13:08 +0000] "HEAD / HTTP/1.1" 200 0 "http://ja.tak-cslab.org/" "Mozilla/5.0+(compatible; UptimeRobot/2.0; http://www.uptimerobot.com/)"
150.66.89.135 - - [20/Nov/2021:05:13:48 +0000] "GET /archives/favicon.ico HTTP/2.0" 404 5316 "-" "Mozilla/5.0 (iPhone; CPU iPhone OS 15_0_2 like Mac OS X) AppleWebKit/605.1.15 (KHTML, like Gecko) FxiOS/39.0  Mobile/15E148 Safari/605.1.15"
150.66.89.135 - - [20/Nov/2021:05:14:05 +0000] "GET /archives/1594 HTTP/2.0" 200 8766 "https://ja.tak-cslab.org/" "Mozilla/5.0 (iPhone; CPU iPhone OS 15_0_2 like Mac OS X) AppleWebKit/605.1.15 (KHTML, like Gecko) FxiOS/39.0  Mobile/15E148 Safari/605.1.15"
150.66.89.135 - - [20/Nov/2021:05:14:06 +0000] "GET /archives/favicon.ico HTTP/2.0" 404 5316 "-" "Mozilla/5.0 (iPhone; CPU iPhone OS 15_0_2 like Mac OS X) AppleWebKit/605.1.15 (KHTML, like Gecko) FxiOS/39.0  Mobile/15E148 Safari/605.1.15"
150.66.89.135 - - [20/Nov/2021:05:14:25 +0000] "GET /wp-content/uploads/2021/11/iOS-%E3%81%AE%E7%94%BB%E5%83%8F-1024x768.jpg HTTP/2.0" 200 141200 "https://ja.tak-cslab.org/archives/1594" "Mozilla/5.0 (iPhone; CPU iPhone OS 15_0_2 like Mac OS X) AppleWebKit/605.1.15 (KHTML, like Gecko) FxiOS/39.0  Mobile/15E148 Safari/605.1.15"
34.206.38.217 - - [20/Nov/2021:05:16:04 +0000] "GET /feed HTTP/1.1" 200 55868 "-" "Automate.io BOT"
216.245.221.83 - - [20/Nov/2021:05:18:08 +0000] "HEAD / HTTP/1.1" 301 0 "http://ja.tak-cslab.org/" "Mozilla/5.0+(compatible; UptimeRobot/2.0; http://www.uptimerobot.com/)"
163.215.6.1 - - [20/Nov/2021:05:18:08 +0000] "POST /wp-cron.php?doing_wp_cron=1637385488.7181830406188964843750 HTTP/1.1" 200 31 "https://ja.tak-cslab.org/wp-cron.php?doing_wp_cron=1637385488.7181830406188964843750" "WordPress/5.8.2; https://ja.tak-cslab.org"
216.245.221.83 - - [20/Nov/2021:05:18:08 +0000] "HEAD / HTTP/1.1" 200 0 "http://ja.tak-cslab.org/" "Mozilla/5.0+(compatible; UptimeRobot/2.0; http://www.uptimerobot.com/)"
34.206.38.217 - - [20/Nov/2021:05:21:03 +0000] "GET /feed HTTP/1.1" 200 55868 "-" "Automate.io BOT"
216.245.221.83 - - [20/Nov/2021:05:23:08 +0000] "HEAD / HTTP/1.1" 301 0 "http://ja.tak-cslab.org/" "Mozilla/5.0+(compatible; UptimeRobot/2.0; http://www.uptimerobot.com/)"
216.245.221.83 - - [20/Nov/2021:05:23:08 +0000] "HEAD / HTTP/1.1" 200 0 "http://ja.tak-cslab.org/" "Mozilla/5.0+(compatible; UptimeRobot/2.0; http://www.uptimerobot.com/)"
34.205.127.160 - - [20/Nov/2021:05:23:42 +0000] "HEAD /feed HTTP/2.0" 200 0 "-" "Slackbot 1.0 (+https://api.slack.com/robots)"
3.80.131.52 - - [20/Nov/2021:05:23:43 +0000] "GET /feed HTTP/1.1" 200 55868 "-" "Slackbot 1.0 (+https://api.slack.com/robots)"
3.234.178.179 - - [20/Nov/2021:05:23:44 +0000] "GET / HTTP/1.1" 200 6312 "-" "Slackbot 1.0 (+https://api.slack.com/robots)"
34.206.38.217 - - [20/Nov/2021:05:26:03 +0000] "GET /feed HTTP/1.1" 200 55868 "-" "Automate.io BOT"
216.245.221.83 - - [20/Nov/2021:05:28:08 +0000] "HEAD / HTTP/1.1" 301 0 "http://ja.tak-cslab.org/" "Mozilla/5.0+(compatible; UptimeRobot/2.0; http://www.uptimerobot.com/)"
216.245.221.83 - - [20/Nov/2021:05:28:08 +0000] "HEAD / HTTP/1.1" 200 0 "http://ja.tak-cslab.org/" "Mozilla/5.0+(compatible; UptimeRobot/2.0; http://www.uptimerobot.com/)"
34.206.38.217 - - [20/Nov/2021:05:31:04 +0000] "GET /feed HTTP/1.1" 200 55860 "-" "Automate.io BOT"
216.245.221.83 - - [20/Nov/2021:05:33:08 +0000] "HEAD / HTTP/1.1" 301 0 "http://ja.tak-cslab.org/" "Mozilla/5.0+(compatible; UptimeRobot/2.0; http://www.uptimerobot.com/)"
216.245.221.83 - - [20/Nov/2021:05:33:08 +0000] "HEAD / HTTP/1.1" 200 0 "http://ja.tak-cslab.org/" "Mozilla/5.0+(compatible; UptimeRobot/2.0; http://www.uptimerobot.com/)"
34.206.38.217 - - [20/Nov/2021:05:36:04 +0000] "GET /feed HTTP/1.1" 200 55868 "-" "Automate.io BOT"
114.119.141.178 - - [20/Nov/2021:05:37:27 +0000] "GET /robots.txt HTTP/1.1" 200 123 "-" "Mozilla/5.0 (compatible;PetalBot;+https://webmaster.petalsearch.com/site/petalbot)"
199.59.150.183 - - [20/Nov/2021:05:37:42 +0000] "GET /robots.txt HTTP/1.1" 200 128 "-" "Twitterbot/1.0"
199.59.150.183 - - [20/Nov/2021:05:37:42 +0000] "GET /about/member HTTP/1.1" 200 6617 "-" "Twitterbot/1.0"
216.245.221.83 - - [20/Nov/2021:05:38:08 +0000] "HEAD / HTTP/1.1" 301 0 "http://ja.tak-cslab.org/" "Mozilla/5.0+(compatible; UptimeRobot/2.0; http://www.uptimerobot.com/)"
216.245.221.83 - - [20/Nov/2021:05:38:08 +0000] "HEAD / HTTP/1.1" 200 0 "http://ja.tak-cslab.org/" "Mozilla/5.0+(compatible; UptimeRobot/2.0; http://www.uptimerobot.com/)"
126.205.157.57 - - [20/Nov/2021:05:38:48 +0000] "GET /archives/1647 HTTP/2.0" 200 6380 "https://t.co/3nEYfI02mc?amp=1" "Mozilla/5.0 (iPhone; CPU iPhone OS 12_4 like Mac OS X) AppleWebKit/605.1.15 (KHTML, like Gecko) Version/12.1.2 Mobile/15E148 Safari/604.1"
126.205.157.57 - - [20/Nov/2021:05:38:49 +0000] "GET /wp-content/themes/cdsl/style.css?ver=1.3.1 HTTP/2.0" 200 272 "https://ja.tak-cslab.org/archives/1647" "Mozilla/5.0 (iPhone; CPU iPhone OS 12_4 like Mac OS X) AppleWebKit/605.1.15 (KHTML, like Gecko) Version/12.1.2 Mobile/15E148 Safari/604.1"
126.205.157.57 - - [20/Nov/2021:05:38:49 +0000] "GET /wp-includes/js/wp-emoji-release.min.js?ver=5.8.2 HTTP/2.0" 200 5714 "https://ja.tak-cslab.org/archives/1647" "Mozilla/5.0 (iPhone; CPU iPhone OS 12_4 like Mac OS X) AppleWebKit/605.1.15 (KHTML, like Gecko) Version/12.1.2 Mobile/15E148 Safari/604.1"
126.205.157.57 - - [20/Nov/2021:05:38:49 +0000] "GET /wp-content/themes/scaffold/assets/js/navigation.js?ver=1.3.1 HTTP/2.0" 200 1266 "https://ja.tak-cslab.org/archives/1647" "Mozilla/5.0 (iPhone; CPU iPhone OS 12_4 like Mac OS X) AppleWebKit/605.1.15 (KHTML, like Gecko) Version/12.1.2 Mobile/15E148 Safari/604.1"
126.205.157.57 - - [20/Nov/2021:05:38:49 +0000] "GET /wp-includes/js/comment-reply.min.js?ver=5.8.2 HTTP/2.0" 200 1390 "https://ja.tak-cslab.org/archives/1647" "Mozilla/5.0 (iPhone; CPU iPhone OS 12_4 like Mac OS X) AppleWebKit/605.1.15 (KHTML, like Gecko) Version/12.1.2 Mobile/15E148 Safari/604.1"
126.205.157.57 - - [20/Nov/2021:05:38:49 +0000] "GET /wp-includes/js/wp-embed.min.js?ver=5.8.2 HTTP/2.0" 200 779 "https://ja.tak-cslab.org/archives/1647" "Mozilla/5.0 (iPhone; CPU iPhone OS 12_4 like Mac OS X) AppleWebKit/605.1.15 (KHTML, like Gecko) Version/12.1.2 Mobile/15E148 Safari/604.1"
126.205.157.57 - - [20/Nov/2021:05:38:49 +0000] "GET /wp-content/themes/scaffold/style.css?ver=5.8.2 HTTP/2.0" 200 5846 "https://ja.tak-cslab.org/archives/1647" "Mozilla/5.0 (iPhone; CPU iPhone OS 12_4 like Mac OS X) AppleWebKit/605.1.15 (KHTML, like Gecko) Version/12.1.2 Mobile/15E148 Safari/604.1"
126.205.157.57 - - [20/Nov/2021:05:38:49 +0000] "GET /wp-includes/css/dist/block-library/style.min.css?ver=5.8.2 HTTP/2.0" 200 13704 "https://ja.tak-cslab.org/archives/1647" "Mozilla/5.0 (iPhone; CPU iPhone OS 12_4 like Mac OS X) AppleWebKit/605.1.15 (KHTML, like Gecko) Version/12.1.2 Mobile/15E148 Safari/604.1"
126.205.157.57 - - [20/Nov/2021:05:38:49 +0000] "GET /wp-content/plugins/native-lazyload/assets/js/lazyload.js HTTP/2.0" 200 1085 "https://ja.tak-cslab.org/archives/1647" "Mozilla/5.0 (iPhone; CPU iPhone OS 12_4 like Mac OS X) AppleWebKit/605.1.15 (KHTML, like Gecko) Version/12.1.2 Mobile/15E148 Safari/604.1"
34.206.38.217 - - [20/Nov/2021:05:41:05 +0000] "GET /feed HTTP/1.1" 200 55861 "-" "Automate.io BOT"
216.245.221.83 - - [20/Nov/2021:05:43:08 +0000] "HEAD / HTTP/1.1" 301 0 "http://ja.tak-cslab.org/" "Mozilla/5.0+(compatible; UptimeRobot/2.0; http://www.uptimerobot.com/)"
216.245.221.83 - - [20/Nov/2021:05:43:08 +0000] "HEAD / HTTP/1.1" 200 0 "http://ja.tak-cslab.org/" "Mozilla/5.0+(compatible; UptimeRobot/2.0; http://www.uptimerobot.com/)"
18.209.241.59 - - [20/Nov/2021:05:43:38 +0000] "HEAD /feed HTTP/2.0" 200 0 "-" "Slackbot 1.0 (+https://api.slack.com/robots)"
34.239.141.230 - - [20/Nov/2021:05:43:39 +0000] "GET /feed HTTP/1.1" 200 55868 "-" "Slackbot 1.0 (+https://api.slack.com/robots)"
50.16.149.168 - - [20/Nov/2021:05:43:40 +0000] "GET / HTTP/1.1" 200 6312 "-" "Slackbot 1.0 (+https://api.slack.com/robots)"
118.6.235.157 - - [20/Nov/2021:05:44:07 +0000] "GET /archives/786 HTTP/2.0" 200 9362 "https://www.google.com/" "Mozilla/5.0 (Macintosh; Intel Mac OS X 10_15_7) AppleWebKit/537.36 (KHTML, like Gecko) Chrome/96.0.4664.55 Safari/537.36"
118.6.235.157 - - [20/Nov/2021:05:44:07 +0000] "GET /wp-content/themes/cdsl/style.css?ver=1.3.1 HTTP/2.0" 200 272 "https://ja.tak-cslab.org/archives/786" "Mozilla/5.0 (Macintosh; Intel Mac OS X 10_15_7) AppleWebKit/537.36 (KHTML, like Gecko) Chrome/96.0.4664.55 Safari/537.36"
118.6.235.157 - - [20/Nov/2021:05:44:07 +0000] "GET /wp-content/themes/scaffold/assets/js/navigation.js?ver=1.3.1 HTTP/2.0" 200 1266 "https://ja.tak-cslab.org/archives/786" "Mozilla/5.0 (Macintosh; Intel Mac OS X 10_15_7) AppleWebKit/537.36 (KHTML, like Gecko) Chrome/96.0.4664.55 Safari/537.36"
118.6.235.157 - - [20/Nov/2021:05:44:07 +0000] "GET /wp-includes/js/comment-reply.min.js?ver=5.8.2 HTTP/2.0" 200 1390 "https://ja.tak-cslab.org/archives/786" "Mozilla/5.0 (Macintosh; Intel Mac OS X 10_15_7) AppleWebKit/537.36 (KHTML, like Gecko) Chrome/96.0.4664.55 Safari/537.36"
118.6.235.157 - - [20/Nov/2021:05:44:07 +0000] "GET /wp-includes/js/wp-embed.min.js?ver=5.8.2 HTTP/2.0" 200 779 "https://ja.tak-cslab.org/archives/786" "Mozilla/5.0 (Macintosh; Intel Mac OS X 10_15_7) AppleWebKit/537.36 (KHTML, like Gecko) Chrome/96.0.4664.55 Safari/537.36"
118.6.235.157 - - [20/Nov/2021:05:44:07 +0000] "GET /wp-includes/css/dist/block-library/style.min.css?ver=5.8.2 HTTP/2.0" 200 13704 "https://ja.tak-cslab.org/archives/786" "Mozilla/5.0 (Macintosh; Intel Mac OS X 10_15_7) AppleWebKit/537.36 (KHTML, like Gecko) Chrome/96.0.4664.55 Safari/537.36"
118.6.235.157 - - [20/Nov/2021:05:44:07 +0000] "GET /wp-content/themes/scaffold/style.css?ver=5.8.2 HTTP/2.0" 200 5846 "https://ja.tak-cslab.org/archives/786" "Mozilla/5.0 (Macintosh; Intel Mac OS X 10_15_7) AppleWebKit/537.36 (KHTML, like Gecko) Chrome/96.0.4664.55 Safari/537.36"
118.6.235.157 - - [20/Nov/2021:05:44:07 +0000] "GET /wp-includes/js/wp-emoji-release.min.js?ver=5.8.2 HTTP/2.0" 200 5714 "https://ja.tak-cslab.org/archives/786" "Mozilla/5.0 (Macintosh; Intel Mac OS X 10_15_7) AppleWebKit/537.36 (KHTML, like Gecko) Chrome/96.0.4664.55 Safari/537.36"
118.6.235.157 - - [20/Nov/2021:05:44:07 +0000] "GET /wp-content/plugins/native-lazyload/assets/images/placeholder.svg HTTP/2.0" 200 88 "https://ja.tak-cslab.org/archives/786" "Mozilla/5.0 (Macintosh; Intel Mac OS X 10_15_7) AppleWebKit/537.36 (KHTML, like Gecko) Chrome/96.0.4664.55 Safari/537.36"
118.6.235.157 - - [20/Nov/2021:05:44:07 +0000] "GET /wp-content/uploads/2020/12/image-2.png HTTP/2.0" 200 16450 "https://ja.tak-cslab.org/archives/786" "Mozilla/5.0 (Macintosh; Intel Mac OS X 10_15_7) AppleWebKit/537.36 (KHTML, like Gecko) Chrome/96.0.4664.55 Safari/537.36"
118.6.235.157 - - [20/Nov/2021:05:44:07 +0000] "GET /favicon.ico HTTP/2.0" 302 0 "https://ja.tak-cslab.org/archives/786" "Mozilla/5.0 (Macintosh; Intel Mac OS X 10_15_7) AppleWebKit/537.36 (KHTML, like Gecko) Chrome/96.0.4664.55 Safari/537.36"
118.6.235.157 - - [20/Nov/2021:05:44:07 +0000] "GET /wp-includes/images/w-logo-blue-white-bg.png HTTP/2.0" 200 4119 "https://ja.tak-cslab.org/archives/786" "Mozilla/5.0 (Macintosh; Intel Mac OS X 10_15_7) AppleWebKit/537.36 (KHTML, like Gecko) Chrome/96.0.4664.55 Safari/537.36"
118.6.235.157 - - [20/Nov/2021:05:44:57 +0000] "GET /wp-content/uploads/2020/12/image.png HTTP/2.0" 200 16450 "https://ja.tak-cslab.org/archives/786" "Mozilla/5.0 (Macintosh; Intel Mac OS X 10_15_7) AppleWebKit/537.36 (KHTML, like Gecko) Chrome/96.0.4664.55 Safari/537.36"
118.6.235.157 - - [20/Nov/2021:05:45:05 +0000] "GET /wp-content/uploads/2020/12/image-1.png HTTP/2.0" 200 53287 "https://ja.tak-cslab.org/archives/786" "Mozilla/5.0 (Macintosh; Intel Mac OS X 10_15_7) AppleWebKit/537.36 (KHTML, like Gecko) Chrome/96.0.4664.55 Safari/537.36"
150.66.89.135 - - [20/Nov/2021:05:45:33 +0000] "GET /favicon.ico HTTP/2.0" 302 0 "-" "Mozilla/5.0 (Macintosh; Intel Mac OS X 10_11_1) AppleWebKit/601.2.4 (KHTML, like Gecko) Version/9.0.1 Safari/601.2.4 facebookexternalhit/1.1 Facebot Twitterbot/1.0"
150.66.89.135 - - [20/Nov/2021:05:45:33 +0000] "GET /archives/1594 HTTP/2.0" 200 8766 "-" "Mozilla/5.0 (Macintosh; Intel Mac OS X 10_11_1) AppleWebKit/601.2.4 (KHTML, like Gecko) Version/9.0.1 Safari/601.2.4 facebookexternalhit/1.1 Facebot Twitterbot/1.0"
150.66.89.135 - - [20/Nov/2021:05:45:33 +0000] "GET /apple-touch-icon-precomposed.png HTTP/2.0" 404 5316 "-" "Mozilla/5.0 (Macintosh; Intel Mac OS X 10_11_1) AppleWebKit/601.2.4 (KHTML, like Gecko) Version/9.0.1 Safari/601.2.4 facebookexternalhit/1.1 Facebot Twitterbot/1.0"
150.66.89.135 - - [20/Nov/2021:05:45:33 +0000] "GET /apple-touch-icon.png HTTP/2.0" 404 5316 "-" "Mozilla/5.0 (Macintosh; Intel Mac OS X 10_11_1) AppleWebKit/601.2.4 (KHTML, like Gecko) Version/9.0.1 Safari/601.2.4 facebookexternalhit/1.1 Facebot Twitterbot/1.0"
150.66.89.135 - - [20/Nov/2021:05:45:33 +0000] "GET /wp-includes/images/w-logo-blue-white-bg.png HTTP/2.0" 200 4119 "-" "Mozilla/5.0 (Macintosh; Intel Mac OS X 10_11_1) AppleWebKit/601.2.4 (KHTML, like Gecko) Version/9.0.1 Safari/601.2.4 facebookexternalhit/1.1 Facebot Twitterbot/1.0"
150.66.89.135 - - [20/Nov/2021:05:45:44 +0000] "GET /favicon.ico HTTP/2.0" 302 0 "-" "Mozilla/5.0 (Macintosh; Intel Mac OS X 10_11_1) AppleWebKit/601.2.4 (KHTML, like Gecko) Version/9.0.1 Safari/601.2.4 facebookexternalhit/1.1 Facebot Twitterbot/1.0"
150.66.89.135 - - [20/Nov/2021:05:45:44 +0000] "GET /archives/1594 HTTP/2.0" 200 8766 "-" "Mozilla/5.0 (Macintosh; Intel Mac OS X 10_11_1) AppleWebKit/601.2.4 (KHTML, like Gecko) Version/9.0.1 Safari/601.2.4 facebookexternalhit/1.1 Facebot Twitterbot/1.0"
150.66.89.135 - - [20/Nov/2021:05:45:44 +0000] "GET /apple-touch-icon-precomposed.png HTTP/2.0" 404 5316 "-" "Mozilla/5.0 (Macintosh; Intel Mac OS X 10_11_1) AppleWebKit/601.2.4 (KHTML, like Gecko) Version/9.0.1 Safari/601.2.4 facebookexternalhit/1.1 Facebot Twitterbot/1.0"
150.66.89.135 - - [20/Nov/2021:05:45:44 +0000] "GET /apple-touch-icon.png HTTP/2.0" 404 5316 "-" "Mozilla/5.0 (Macintosh; Intel Mac OS X 10_11_1) AppleWebKit/601.2.4 (KHTML, like Gecko) Version/9.0.1 Safari/601.2.4 facebookexternalhit/1.1 Facebot Twitterbot/1.0"
150.66.89.135 - - [20/Nov/2021:05:45:44 +0000] "GET /wp-includes/images/w-logo-blue-white-bg.png HTTP/2.0" 200 4119 "-" "Mozilla/5.0 (Macintosh; Intel Mac OS X 10_11_1) AppleWebKit/601.2.4 (KHTML, like Gecko) Version/9.0.1 Safari/601.2.4 facebookexternalhit/1.1 Facebot Twitterbot/1.0"
150.66.89.135 - - [20/Nov/2021:05:45:44 +0000] "GET /favicon.ico HTTP/2.0" 302 0 "-" "Mozilla/5.0 (Macintosh; Intel Mac OS X 10_11_1) AppleWebKit/601.2.4 (KHTML, like Gecko) Version/9.0.1 Safari/601.2.4 facebookexternalhit/1.1 Facebot Twitterbot/1.0"
150.66.89.135 - - [20/Nov/2021:05:45:44 +0000] "GET /archives/1594 HTTP/2.0" 200 8766 "-" "Mozilla/5.0 (Macintosh; Intel Mac OS X 10_11_1) AppleWebKit/601.2.4 (KHTML, like Gecko) Version/9.0.1 Safari/601.2.4 facebookexternalhit/1.1 Facebot Twitterbot/1.0"
150.66.89.135 - - [20/Nov/2021:05:45:44 +0000] "GET /apple-touch-icon-precomposed.png HTTP/2.0" 404 5316 "-" "Mozilla/5.0 (Macintosh; Intel Mac OS X 10_11_1) AppleWebKit/601.2.4 (KHTML, like Gecko) Version/9.0.1 Safari/601.2.4 facebookexternalhit/1.1 Facebot Twitterbot/1.0"
150.66.89.135 - - [20/Nov/2021:05:45:44 +0000] "GET /apple-touch-icon.png HTTP/2.0" 404 5316 "-" "Mozilla/5.0 (Macintosh; Intel Mac OS X 10_11_1) AppleWebKit/601.2.4 (KHTML, like Gecko) Version/9.0.1 Safari/601.2.4 facebookexternalhit/1.1 Facebot Twitterbot/1.0"
150.66.89.135 - - [20/Nov/2021:05:45:44 +0000] "GET /wp-includes/images/w-logo-blue-white-bg.png HTTP/2.0" 200 4119 "-" "Mozilla/5.0 (Macintosh; Intel Mac OS X 10_11_1) AppleWebKit/601.2.4 (KHTML, like Gecko) Version/9.0.1 Safari/601.2.4 facebookexternalhit/1.1 Facebot Twitterbot/1.0"
150.66.89.135 - - [20/Nov/2021:05:45:44 +0000] "GET /archives/1594 HTTP/2.0" 200 8766 "-" "Mozilla/5.0 (Macintosh; Intel Mac OS X 10_15_4) AppleWebKit/605.1.15 (KHTML, like Gecko) Version/13.1 Safari/605.1.15"
150.66.89.135 - - [20/Nov/2021:05:45:44 +0000] "GET /archives/1594 HTTP/2.0" 200 8766 "-" "Mozilla/5.0 (Macintosh; Intel Mac OS X 10_15_4) AppleWebKit/605.1.15 (KHTML, like Gecko) Version/13.1 Safari/605.1.15"
152.165.5.169 - - [20/Nov/2021:05:46:12 +0000] "GET /archives/1170 HTTP/2.0" 200 6937 "https://www.google.co.jp/" "Mozilla/5.0 (iPhone; CPU iPhone OS 15_1_1 like Mac OS X) AppleWebKit/605.1.15 (KHTML, like Gecko) Version/15.1 Mobile/15E148 Safari/604.1"
152.165.5.169 - - [20/Nov/2021:05:46:12 +0000] "GET /wp-includes/js/wp-emoji-release.min.js?ver=5.8.2 HTTP/2.0" 200 5714 "https://ja.tak-cslab.org/archives/1170" "Mozilla/5.0 (iPhone; CPU iPhone OS 15_1_1 like Mac OS X) AppleWebKit/605.1.15 (KHTML, like Gecko) Version/15.1 Mobile/15E148 Safari/604.1"
152.165.5.169 - - [20/Nov/2021:05:46:12 +0000] "GET /wp-content/themes/scaffold/style.css?ver=5.8.2 HTTP/2.0" 200 5846 "https://ja.tak-cslab.org/archives/1170" "Mozilla/5.0 (iPhone; CPU iPhone OS 15_1_1 like Mac OS X) AppleWebKit/605.1.15 (KHTML, like Gecko) Version/15.1 Mobile/15E148 Safari/604.1"
152.165.5.169 - - [20/Nov/2021:05:46:12 +0000] "GET /wp-content/themes/cdsl/style.css?ver=1.3.1 HTTP/2.0" 200 272 "https://ja.tak-cslab.org/archives/1170" "Mozilla/5.0 (iPhone; CPU iPhone OS 15_1_1 like Mac OS X) AppleWebKit/605.1.15 (KHTML, like Gecko) Version/15.1 Mobile/15E148 Safari/604.1"
152.165.5.169 - - [20/Nov/2021:05:46:12 +0000] "GET /wp-content/themes/scaffold/assets/js/navigation.js?ver=1.3.1 HTTP/2.0" 200 1266 "https://ja.tak-cslab.org/archives/1170" "Mozilla/5.0 (iPhone; CPU iPhone OS 15_1_1 like Mac OS X) AppleWebKit/605.1.15 (KHTML, like Gecko) Version/15.1 Mobile/15E148 Safari/604.1"
152.165.5.169 - - [20/Nov/2021:05:46:12 +0000] "GET /wp-includes/js/comment-reply.min.js?ver=5.8.2 HTTP/2.0" 200 1390 "https://ja.tak-cslab.org/archives/1170" "Mozilla/5.0 (iPhone; CPU iPhone OS 15_1_1 like Mac OS X) AppleWebKit/605.1.15 (KHTML, like Gecko) Version/15.1 Mobile/15E148 Safari/604.1"
152.165.5.169 - - [20/Nov/2021:05:46:12 +0000] "GET /wp-includes/js/wp-embed.min.js?ver=5.8.2 HTTP/2.0" 200 779 "https://ja.tak-cslab.org/archives/1170" "Mozilla/5.0 (iPhone; CPU iPhone OS 15_1_1 like Mac OS X) AppleWebKit/605.1.15 (KHTML, like Gecko) Version/15.1 Mobile/15E148 Safari/604.1"
152.165.5.169 - - [20/Nov/2021:05:46:12 +0000] "GET /wp-includes/css/dist/block-library/style.min.css?ver=5.8.2 HTTP/2.0" 200 13704 "https://ja.tak-cslab.org/archives/1170" "Mozilla/5.0 (iPhone; CPU iPhone OS 15_1_1 like Mac OS X) AppleWebKit/605.1.15 (KHTML, like Gecko) Version/15.1 Mobile/15E148 Safari/604.1"
152.165.5.169 - - [20/Nov/2021:05:46:12 +0000] "GET /wp-content/plugins/native-lazyload/assets/js/lazyload.js HTTP/2.0" 200 1085 "https://ja.tak-cslab.org/archives/1170" "Mozilla/5.0 (iPhone; CPU iPhone OS 15_1_1 like Mac OS X) AppleWebKit/605.1.15 (KHTML, like Gecko) Version/15.1 Mobile/15E148 Safari/604.1"
152.165.5.169 - - [20/Nov/2021:05:46:12 +0000] "GET /favicon.ico HTTP/2.0" 302 0 "https://ja.tak-cslab.org/archives/1170" "Mozilla/5.0 (iPhone; CPU iPhone OS 15_1_1 like Mac OS X) AppleWebKit/605.1.15 (KHTML, like Gecko) Version/15.1 Mobile/15E148 Safari/604.1"
152.165.5.169 - - [20/Nov/2021:05:46:12 +0000] "GET /wp-includes/images/w-logo-blue-white-bg.png HTTP/2.0" 200 4119 "https://ja.tak-cslab.org/archives/1170" "Mozilla/5.0 (iPhone; CPU iPhone OS 15_1_1 like Mac OS X) AppleWebKit/605.1.15 (KHTML, like Gecko) Version/15.1 Mobile/15E148 Safari/604.1"
34.206.38.217 - - [20/Nov/2021:05:46:21 +0000] "GET /feed HTTP/1.1" 200 55867 "-" "Automate.io BOT"
185.191.171.5 - - [20/Nov/2021:05:46:38 +0000] "GET /robots.txt HTTP/1.1" 200 123 "-" "Mozilla/5.0 (compatible; SemrushBot/7~bl; +http://www.semrush.com/bot.html)"
185.191.171.25 - - [20/Nov/2021:05:46:39 +0000] "GET /10gin_cds1?redirect_to=https%3A%2F%2Fja.tak-cslab.org%2Farchives%2F1266 HTTP/1.1" 200 4545 "-" "Mozilla/5.0 (compatible; SemrushBot/7~bl; +http://www.semrush.com/bot.html)"
126.194.213.114 - - [20/Nov/2021:05:47:06 +0000] "GET /tech-report HTTP/2.0" 200 12282 "https://www.google.com/" "Mozilla/5.0 (Linux; Android 11; Pixel 3) AppleWebKit/537.36 (KHTML, like Gecko) Chrome/96.0.4664.45 Mobile Safari/537.36"
126.194.213.114 - - [20/Nov/2021:05:47:06 +0000] "GET /wp-includes/css/dist/block-library/style.min.css?ver=5.8.2 HTTP/2.0" 304 0 "https://ja.tak-cslab.org/tech-report" "Mozilla/5.0 (Linux; Android 11; Pixel 3) AppleWebKit/537.36 (KHTML, like Gecko) Chrome/96.0.4664.45 Mobile Safari/537.36"
126.194.213.114 - - [20/Nov/2021:05:47:06 +0000] "GET /wp-includes/js/wp-embed.min.js?ver=5.8.2 HTTP/2.0" 304 0 "https://ja.tak-cslab.org/tech-report" "Mozilla/5.0 (Linux; Android 11; Pixel 3) AppleWebKit/537.36 (KHTML, like Gecko) Chrome/96.0.4664.45 Mobile Safari/537.36"
126.194.213.114 - - [20/Nov/2021:05:47:07 +0000] "GET /wp-includes/js/wp-emoji-release.min.js?ver=5.8.2 HTTP/2.0" 304 0 "https://ja.tak-cslab.org/tech-report" "Mozilla/5.0 (Linux; Android 11; Pixel 3) AppleWebKit/537.36 (KHTML, like Gecko) Chrome/96.0.4664.45 Mobile Safari/537.36"
126.194.213.114 - - [20/Nov/2021:05:47:07 +0000] "GET /favicon.ico HTTP/2.0" 302 0 "https://ja.tak-cslab.org/tech-report" "Mozilla/5.0 (Linux; Android 11; Pixel 3) AppleWebKit/537.36 (KHTML, like Gecko) Chrome/96.0.4664.45 Mobile Safari/537.36"
126.194.213.114 - - [20/Nov/2021:05:47:07 +0000] "GET /wp-includes/images/w-logo-blue-white-bg.png HTTP/2.0" 304 0 "https://ja.tak-cslab.org/tech-report" "Mozilla/5.0 (Linux; Android 11; Pixel 3) AppleWebKit/537.36 (KHTML, like Gecko) Chrome/96.0.4664.45 Mobile Safari/537.36"
126.194.213.114 - - [20/Nov/2021:05:47:10 +0000] "GET /topics/blog HTTP/2.0" 200 13004 "https://ja.tak-cslab.org/tech-report" "Mozilla/5.0 (Linux; Android 11; Pixel 3) AppleWebKit/537.36 (KHTML, like Gecko) Chrome/96.0.4664.45 Mobile Safari/537.36"
126.194.213.114 - - [20/Nov/2021:05:47:12 +0000] "GET /archives/1588 HTTP/2.0" 200 8232 "https://ja.tak-cslab.org/topics/blog" "Mozilla/5.0 (Linux; Android 11; Pixel 3) AppleWebKit/537.36 (KHTML, like Gecko) Chrome/96.0.4664.45 Mobile Safari/537.36"
126.194.213.114 - - [20/Nov/2021:05:47:12 +0000] "GET /wp-includes/js/comment-reply.min.js?ver=5.8.2 HTTP/2.0" 304 0 "https://ja.tak-cslab.org/archives/1588" "Mozilla/5.0 (Linux; Android 11; Pixel 3) AppleWebKit/537.36 (KHTML, like Gecko) Chrome/96.0.4664.45 Mobile Safari/537.36"
126.194.213.114 - - [20/Nov/2021:05:47:13 +0000] "GET /wp-content/uploads/2021/11/iOS-%E3%81%AE%E7%94%BB%E5%83%8F-1-1040x1387.jpg HTTP/2.0" 200 267036 "https://ja.tak-cslab.org/archives/1588" "Mozilla/5.0 (Linux; Android 11; Pixel 3) AppleWebKit/537.36 (KHTML, like Gecko) Chrome/96.0.4664.45 Mobile Safari/537.36"
126.194.213.114 - - [20/Nov/2021:05:47:13 +0000] "GET /wp-content/uploads/2021/11/iOS-%E3%81%AE%E7%94%BB%E5%83%8F-2-1040x1387.jpg HTTP/2.0" 200 273248 "https://ja.tak-cslab.org/archives/1588" "Mozilla/5.0 (Linux; Android 11; Pixel 3) AppleWebKit/537.36 (KHTML, like Gecko) Chrome/96.0.4664.45 Mobile Safari/537.36"
126.194.213.114 - - [20/Nov/2021:05:47:13 +0000] "GET /wp-content/uploads/2021/11/515378A5-9FB4-4B74-8272-B46A64FAD39A_1_105_c-3.jpg HTTP/2.0" 200 196253 "https://ja.tak-cslab.org/archives/1588" "Mozilla/5.0 (Linux; Android 11; Pixel 3) AppleWebKit/537.36 (KHTML, like Gecko) Chrome/96.0.4664.45 Mobile Safari/537.36"
126.194.213.114 - - [20/Nov/2021:05:47:13 +0000] "GET /wp-content/uploads/2021/11/4802D652-BD0F-4516-9091-6ECBE0F6189F_1_105_c.jpg HTTP/2.0" 200 279465 "https://ja.tak-cslab.org/archives/1588" "Mozilla/5.0 (Linux; Android 11; Pixel 3) AppleWebKit/537.36 (KHTML, like Gecko) Chrome/96.0.4664.45 Mobile Safari/537.36"
126.194.213.114 - - [20/Nov/2021:05:47:13 +0000] "GET /wp-content/uploads/2021/11/iOS-%E3%81%AE%E7%94%BB%E5%83%8F-4-1-1040x1387.jpg HTTP/2.0" 200 219596 "https://ja.tak-cslab.org/archives/1588" "Mozilla/5.0 (Linux; Android 11; Pixel 3) AppleWebKit/537.36 (KHTML, like Gecko) Chrome/96.0.4664.45 Mobile Safari/537.36"
126.194.213.114 - - [20/Nov/2021:05:47:13 +0000] "GET /wp-content/uploads/2021/11/iOS-%E3%81%AE%E7%94%BB%E5%83%8F-3-1040x1387.jpg HTTP/2.0" 200 294567 "https://ja.tak-cslab.org/archives/1588" "Mozilla/5.0 (Linux; Android 11; Pixel 3) AppleWebKit/537.36 (KHTML, like Gecko) Chrome/96.0.4664.45 Mobile Safari/537.36"
126.194.213.114 - - [20/Nov/2021:05:47:13 +0000] "GET /wp-content/uploads/2021/11/23F6560F-D84B-410B-B029-72B21416F7F4_1_105_c-5.jpg HTTP/2.0" 200 268638 "https://ja.tak-cslab.org/archives/1588" "Mozilla/5.0 (Linux; Android 11; Pixel 3) AppleWebKit/537.36 (KHTML, like Gecko) Chrome/96.0.4664.45 Mobile Safari/537.36"
216.245.221.83 - - [20/Nov/2021:05:48:08 +0000] "HEAD / HTTP/1.1" 301 0 "http://ja.tak-cslab.org/" "Mozilla/5.0+(compatible; UptimeRobot/2.0; http://www.uptimerobot.com/)"
216.245.221.83 - - [20/Nov/2021:05:48:08 +0000] "HEAD / HTTP/1.1" 200 0 "http://ja.tak-cslab.org/" "Mozilla/5.0+(compatible; UptimeRobot/2.0; http://www.uptimerobot.com/)"
34.206.38.217 - - [20/Nov/2021:05:51:22 +0000] "GET /feed HTTP/1.1" 200 55868 "-" "Automate.io BOT"
66.249.79.158 - - [20/Nov/2021:05:52:38 +0000] "GET /wp-content/uploads/2021/04/CDSL-System-Architecture7.png HTTP/1.1" 200 89237 "-" "Googlebot-Image/1.0"
216.245.221.83 - - [20/Nov/2021:05:53:08 +0000] "HEAD / HTTP/1.1" 301 0 "http://ja.tak-cslab.org/" "Mozilla/5.0+(compatible; UptimeRobot/2.0; http://www.uptimerobot.com/)"
216.245.221.83 - - [20/Nov/2021:05:53:08 +0000] "HEAD / HTTP/1.1" 200 0 "http://ja.tak-cslab.org/" "Mozilla/5.0+(compatible; UptimeRobot/2.0; http://www.uptimerobot.com/)"
103.216.82.22 - - [20/Nov/2021:05:56:04 +0000] "GET /archives/460/ HTTP/1.0" 301 162 "http://ja.tak-cslab.org/archives/460/" "Mozilla/5.0 (Windows NT 10.0; WOW64) AppleWebKit/537.36 (KHTML, like Gecko) Chrome/90.0.4430.72 Safari/537.36"
