163.215.6.1 - - [05/Dec/2021:16:00:52 +0000] "POST /wp-cron.php?doing_wp_cron=1638720052.1091330051422119140625 HTTP/1.1" 200 31 "https://ja.tak-cslab.org/wp-cron.php?doing_wp_cron=1638720052.1091330051422119140625" "WordPress/5.8.2; https://ja.tak-cslab.org"
118.83.114.58 - - [05/Dec/2021:16:00:52 +0000] "GET /?page_id=156 HTTP/2.0" 301 0 "https://ja.tak-cslab.org/about/facility" "Mozilla/5.0 (Windows NT 10.0; Win64; x64) AppleWebKit/537.36 (KHTML, like Gecko) Chrome/96.0.4664.45 Safari/537.36"
118.83.114.58 - - [05/Dec/2021:16:00:52 +0000] "GET /about/it-facility HTTP/2.0" 200 8946 "https://ja.tak-cslab.org/about/facility" "Mozilla/5.0 (Windows NT 10.0; Win64; x64) AppleWebKit/537.36 (KHTML, like Gecko) Chrome/96.0.4664.45 Safari/537.36"
118.83.114.58 - - [05/Dec/2021:16:00:52 +0000] "GET /wp-content/uploads/2021/01/IMG_3379.jpg HTTP/2.0" 200 297859 "https://ja.tak-cslab.org/about/it-facility" "Mozilla/5.0 (Windows NT 10.0; Win64; x64) AppleWebKit/537.36 (KHTML, like Gecko) Chrome/96.0.4664.45 Safari/537.36"
118.83.114.58 - - [05/Dec/2021:16:00:52 +0000] "GET /wp-content/uploads/2020/06/cdsl-storage.png HTTP/2.0" 200 41898 "https://ja.tak-cslab.org/about/it-facility" "Mozilla/5.0 (Windows NT 10.0; Win64; x64) AppleWebKit/537.36 (KHTML, like Gecko) Chrome/96.0.4664.45 Safari/537.36"
118.83.114.58 - - [05/Dec/2021:16:00:52 +0000] "GET /wp-content/uploads/2021/05/CDSL-System-Architecture.png HTTP/2.0" 200 64734 "https://ja.tak-cslab.org/about/it-facility" "Mozilla/5.0 (Windows NT 10.0; Win64; x64) AppleWebKit/537.36 (KHTML, like Gecko) Chrome/96.0.4664.45 Safari/537.36"
118.83.114.58 - - [05/Dec/2021:16:00:52 +0000] "GET /wp-content/uploads/2021/05/CDSL-System-Architecture1.png HTTP/2.0" 200 76202 "https://ja.tak-cslab.org/about/it-facility" "Mozilla/5.0 (Windows NT 10.0; Win64; x64) AppleWebKit/537.36 (KHTML, like Gecko) Chrome/96.0.4664.45 Safari/537.36"
118.83.114.58 - - [05/Dec/2021:16:00:52 +0000] "GET /wp-content/uploads/2020/01/elk-arch.png HTTP/2.0" 200 70256 "https://ja.tak-cslab.org/about/it-facility" "Mozilla/5.0 (Windows NT 10.0; Win64; x64) AppleWebKit/537.36 (KHTML, like Gecko) Chrome/96.0.4664.45 Safari/537.36"
118.83.114.58 - - [05/Dec/2021:16:00:52 +0000] "GET /wp-content/uploads/2021/01/CDSL-System-Architecture.png HTTP/2.0" 200 71713 "https://ja.tak-cslab.org/about/it-facility" "Mozilla/5.0 (Windows NT 10.0; Win64; x64) AppleWebKit/537.36 (KHTML, like Gecko) Chrome/96.0.4664.45 Safari/537.36"
118.83.114.58 - - [05/Dec/2021:16:00:52 +0000] "GET /wp-content/uploads/2021/01/image.png HTTP/2.0" 200 49210 "https://ja.tak-cslab.org/about/it-facility" "Mozilla/5.0 (Windows NT 10.0; Win64; x64) AppleWebKit/537.36 (KHTML, like Gecko) Chrome/96.0.4664.45 Safari/537.36"
118.83.114.58 - - [05/Dec/2021:16:00:52 +0000] "GET /wp-content/uploads/2020/06/cdsl-mackerel-1024x487.jpg HTTP/2.0" 200 60163 "https://ja.tak-cslab.org/about/it-facility" "Mozilla/5.0 (Windows NT 10.0; Win64; x64) AppleWebKit/537.36 (KHTML, like Gecko) Chrome/96.0.4664.45 Safari/537.36"
118.83.114.58 - - [05/Dec/2021:16:00:52 +0000] "GET /wp-content/uploads/2020/01/nas.png HTTP/2.0" 200 1140869 "https://ja.tak-cslab.org/about/it-facility" "Mozilla/5.0 (Windows NT 10.0; Win64; x64) AppleWebKit/537.36 (KHTML, like Gecko) Chrome/96.0.4664.45 Safari/537.36"
118.83.114.58 - - [05/Dec/2021:16:00:54 +0000] "GET /?page_id=202 HTTP/2.0" 301 0 "https://ja.tak-cslab.org/about/facility" "Mozilla/5.0 (Windows NT 10.0; Win64; x64) AppleWebKit/537.36 (KHTML, like Gecko) Chrome/96.0.4664.45 Safari/537.36"
118.83.114.58 - - [05/Dec/2021:16:00:54 +0000] "GET /about/tools HTTP/2.0" 200 6089 "https://ja.tak-cslab.org/about/facility" "Mozilla/5.0 (Windows NT 10.0; Win64; x64) AppleWebKit/537.36 (KHTML, like Gecko) Chrome/96.0.4664.45 Safari/537.36"
118.83.114.58 - - [05/Dec/2021:16:00:54 +0000] "GET /wp-content/uploads/2020/01/image-1-1024x523.png HTTP/2.0" 200 269833 "https://ja.tak-cslab.org/about/tools" "Mozilla/5.0 (Windows NT 10.0; Win64; x64) AppleWebKit/537.36 (KHTML, like Gecko) Chrome/96.0.4664.45 Safari/537.36"
118.83.114.58 - - [05/Dec/2021:16:00:54 +0000] "GET /wp-content/uploads/2020/01/image-3-1024x508.png HTTP/2.0" 200 272496 "https://ja.tak-cslab.org/about/tools" "Mozilla/5.0 (Windows NT 10.0; Win64; x64) AppleWebKit/537.36 (KHTML, like Gecko) Chrome/96.0.4664.45 Safari/537.36"
118.83.114.58 - - [05/Dec/2021:16:00:54 +0000] "GET /wp-content/uploads/2020/01/image-2-1024x709.png HTTP/2.0" 200 451610 "https://ja.tak-cslab.org/about/tools" "Mozilla/5.0 (Windows NT 10.0; Win64; x64) AppleWebKit/537.36 (KHTML, like Gecko) Chrome/96.0.4664.45 Safari/537.36"
118.83.114.58 - - [05/Dec/2021:16:01:02 +0000] "GET /wp-content/uploads/2020/01/image-4-1024x420.png HTTP/2.0" 200 66860 "https://ja.tak-cslab.org/about/tools" "Mozilla/5.0 (Windows NT 10.0; Win64; x64) AppleWebKit/537.36 (KHTML, like Gecko) Chrome/96.0.4664.45 Safari/537.36"
118.83.114.58 - - [05/Dec/2021:16:01:07 +0000] "GET /wp-content/uploads/2020/01/image-5-1024x521.png HTTP/2.0" 200 60148 "https://ja.tak-cslab.org/about/tools" "Mozilla/5.0 (Windows NT 10.0; Win64; x64) AppleWebKit/537.36 (KHTML, like Gecko) Chrome/96.0.4664.45 Safari/537.36"
118.83.114.58 - - [05/Dec/2021:16:01:15 +0000] "GET /wp-content/uploads/2020/03/meet-1024x473.png HTTP/2.0" 200 369480 "https://ja.tak-cslab.org/about/tools" "Mozilla/5.0 (Windows NT 10.0; Win64; x64) AppleWebKit/537.36 (KHTML, like Gecko) Chrome/96.0.4664.45 Safari/537.36"
118.83.114.58 - - [05/Dec/2021:16:02:48 +0000] "GET /join-us HTTP/2.0" 200 5515 "https://ja.tak-cslab.org/" "Mozilla/5.0 (Windows NT 10.0; Win64; x64) AppleWebKit/537.36 (KHTML, like Gecko) Chrome/96.0.4664.45 Safari/537.36"
118.83.114.58 - - [05/Dec/2021:16:02:55 +0000] "GET /topics/blog HTTP/2.0" 200 13076 "https://ja.tak-cslab.org/join-us" "Mozilla/5.0 (Windows NT 10.0; Win64; x64) AppleWebKit/537.36 (KHTML, like Gecko) Chrome/96.0.4664.45 Safari/537.36"
118.83.114.58 - - [05/Dec/2021:16:03:39 +0000] "GET /archives/1682 HTTP/2.0" 200 7121 "https://ja.tak-cslab.org/topics/blog" "Mozilla/5.0 (Windows NT 10.0; Win64; x64) AppleWebKit/537.36 (KHTML, like Gecko) Chrome/96.0.4664.45 Safari/537.36"
118.83.114.58 - - [05/Dec/2021:16:03:40 +0000] "GET /wp-includes/js/comment-reply.min.js?ver=5.8.2 HTTP/2.0" 200 1390 "https://ja.tak-cslab.org/archives/1682" "Mozilla/5.0 (Windows NT 10.0; Win64; x64) AppleWebKit/537.36 (KHTML, like Gecko) Chrome/96.0.4664.45 Safari/537.36"
118.83.114.58 - - [05/Dec/2021:16:03:40 +0000] "GET /wp-content/uploads/2021/12/IMG_3285-1-600x399.jpg HTTP/2.0" 200 43661 "https://ja.tak-cslab.org/archives/1682" "Mozilla/5.0 (Windows NT 10.0; Win64; x64) AppleWebKit/537.36 (KHTML, like Gecko) Chrome/96.0.4664.45 Safari/537.36"
118.83.114.58 - - [05/Dec/2021:16:04:02 +0000] "GET /archives/1581 HTTP/2.0" 200 7118 "https://ja.tak-cslab.org/topics/blog" "Mozilla/5.0 (Windows NT 10.0; Win64; x64) AppleWebKit/537.36 (KHTML, like Gecko) Chrome/96.0.4664.45 Safari/537.36"
118.83.114.58 - - [05/Dec/2021:16:04:03 +0000] "GET /wp-content/uploads/2021/11/image.png HTTP/2.0" 200 72614 "https://ja.tak-cslab.org/archives/1581" "Mozilla/5.0 (Windows NT 10.0; Win64; x64) AppleWebKit/537.36 (KHTML, like Gecko) Chrome/96.0.4664.45 Safari/537.36"
118.83.114.58 - - [05/Dec/2021:16:04:14 +0000] "GET /publish-assets HTTP/2.0" 200 10405 "https://ja.tak-cslab.org/topics/blog" "Mozilla/5.0 (Windows NT 10.0; Win64; x64) AppleWebKit/537.36 (KHTML, like Gecko) Chrome/96.0.4664.45 Safari/537.36"
118.83.114.58 - - [05/Dec/2021:16:04:16 +0000] "GET /topics/blog HTTP/2.0" 200 13076 "https://ja.tak-cslab.org/publish-assets" "Mozilla/5.0 (Windows NT 10.0; Win64; x64) AppleWebKit/537.36 (KHTML, like Gecko) Chrome/96.0.4664.45 Safari/537.36"
118.83.114.58 - - [05/Dec/2021:16:04:20 +0000] "GET /about/about-cdsl HTTP/2.0" 200 6993 "https://ja.tak-cslab.org/topics/blog" "Mozilla/5.0 (Windows NT 10.0; Win64; x64) AppleWebKit/537.36 (KHTML, like Gecko) Chrome/96.0.4664.45 Safari/537.36"
118.83.114.58 - - [05/Dec/2021:16:04:20 +0000] "GET /wp-content/uploads/2020/01/image-6.png HTTP/2.0" 200 279972 "https://ja.tak-cslab.org/about/about-cdsl" "Mozilla/5.0 (Windows NT 10.0; Win64; x64) AppleWebKit/537.36 (KHTML, like Gecko) Chrome/96.0.4664.45 Safari/537.36"
118.83.114.58 - - [05/Dec/2021:16:04:21 +0000] "GET /about/member HTTP/2.0" 200 6521 "https://ja.tak-cslab.org/topics/blog" "Mozilla/5.0 (Windows NT 10.0; Win64; x64) AppleWebKit/537.36 (KHTML, like Gecko) Chrome/96.0.4664.45 Safari/537.36"
118.83.114.58 - - [05/Dec/2021:16:04:22 +0000] "GET /about/facility HTTP/2.0" 200 5352 "https://ja.tak-cslab.org/topics/blog" "Mozilla/5.0 (Windows NT 10.0; Win64; x64) AppleWebKit/537.36 (KHTML, like Gecko) Chrome/96.0.4664.45 Safari/537.36"
118.83.114.58 - - [05/Dec/2021:16:04:22 +0000] "GET /about/it-facility HTTP/2.0" 200 8946 "https://ja.tak-cslab.org/topics/blog" "Mozilla/5.0 (Windows NT 10.0; Win64; x64) AppleWebKit/537.36 (KHTML, like Gecko) Chrome/96.0.4664.45 Safari/537.36"
118.83.114.58 - - [05/Dec/2021:16:04:23 +0000] "GET /about/tools HTTP/2.0" 200 6089 "https://ja.tak-cslab.org/topics/blog" "Mozilla/5.0 (Windows NT 10.0; Win64; x64) AppleWebKit/537.36 (KHTML, like Gecko) Chrome/96.0.4664.45 Safari/537.36"
216.245.221.83 - - [05/Dec/2021:16:04:26 +0000] "HEAD / HTTP/1.1" 301 0 "http://ja.tak-cslab.org/" "Mozilla/5.0+(compatible; UptimeRobot/2.0; http://www.uptimerobot.com/)"
216.245.221.83 - - [05/Dec/2021:16:04:26 +0000] "HEAD / HTTP/1.1" 200 0 "http://ja.tak-cslab.org/" "Mozilla/5.0+(compatible; UptimeRobot/2.0; http://www.uptimerobot.com/)"
40.77.167.66 - - [05/Dec/2021:16:04:41 +0000] "GET /wp-content/uploads/2020/02/whiteboard-768x576.png HTTP/2.0" 200 385296 "-" "Mozilla/5.0 (compatible; bingbot/2.0; +http://www.bing.com/bingbot.htm)"
34.206.38.217 - - [05/Dec/2021:16:05:17 +0000] "GET /feed HTTP/1.1" 200 56281 "-" "Automate.io BOT"
118.83.114.58 - - [05/Dec/2021:16:05:19 +0000] "GET /archives/author/c0119381 HTTP/2.0" 200 5618 "https://ja.tak-cslab.org/about/member" "Mozilla/5.0 (Windows NT 10.0; Win64; x64) AppleWebKit/537.36 (KHTML, like Gecko) Chrome/96.0.4664.45 Safari/537.36"
118.83.114.58 - - [05/Dec/2021:16:05:29 +0000] "GET /archives/author/c0119316 HTTP/2.0" 200 5750 "https://ja.tak-cslab.org/about/member" "Mozilla/5.0 (Windows NT 10.0; Win64; x64) AppleWebKit/537.36 (KHTML, like Gecko) Chrome/96.0.4664.45 Safari/537.36"
118.83.114.58 - - [05/Dec/2021:16:05:29 +0000] "GET /wp-content/themes/cdsl/logo-qiita.png HTTP/2.0" 200 4021 "https://ja.tak-cslab.org/archives/author/c0119316" "Mozilla/5.0 (Windows NT 10.0; Win64; x64) AppleWebKit/537.36 (KHTML, like Gecko) Chrome/96.0.4664.45 Safari/537.36"
118.83.114.58 - - [05/Dec/2021:16:05:29 +0000] "GET /wp-content/themes/cdsl/logo-github.png HTTP/2.0" 200 4545 "https://ja.tak-cslab.org/archives/author/c0119316" "Mozilla/5.0 (Windows NT 10.0; Win64; x64) AppleWebKit/537.36 (KHTML, like Gecko) Chrome/96.0.4664.45 Safari/537.36"
216.245.221.83 - - [05/Dec/2021:16:09:26 +0000] "HEAD / HTTP/1.1" 301 0 "http://ja.tak-cslab.org/" "Mozilla/5.0+(compatible; UptimeRobot/2.0; http://www.uptimerobot.com/)"
216.245.221.83 - - [05/Dec/2021:16:09:26 +0000] "HEAD / HTTP/1.1" 200 0 "http://ja.tak-cslab.org/" "Mozilla/5.0+(compatible; UptimeRobot/2.0; http://www.uptimerobot.com/)"
34.206.38.217 - - [05/Dec/2021:16:10:17 +0000] "GET /feed HTTP/1.1" 200 56281 "-" "Automate.io BOT"
207.46.13.41 - - [05/Dec/2021:16:11:40 +0000] "GET /wp-content/uploads/2020/12/image-1-1040x447.png HTTP/2.0" 200 229501 "-" "Mozilla/5.0 (compatible; bingbot/2.0; +http://www.bing.com/bingbot.htm)"
3.238.122.104 - - [05/Dec/2021:16:13:42 +0000] "HEAD /feed HTTP/2.0" 200 0 "-" "Slackbot 1.0 (+https://api.slack.com/robots)"
100.24.122.172 - - [05/Dec/2021:16:13:42 +0000] "GET /feed HTTP/1.1" 200 56281 "-" "Slackbot 1.0 (+https://api.slack.com/robots)"
44.197.239.240 - - [05/Dec/2021:16:13:43 +0000] "GET / HTTP/1.1" 200 6249 "-" "Slackbot 1.0 (+https://api.slack.com/robots)"
207.46.13.41 - - [05/Dec/2021:16:14:00 +0000] "GET /wp-content/uploads/2020/07/container-4203677_640-600x399.jpg HTTP/2.0" 200 54913 "-" "Mozilla/5.0 (compatible; bingbot/2.0; +http://www.bing.com/bingbot.htm)"
216.245.221.83 - - [05/Dec/2021:16:14:26 +0000] "HEAD / HTTP/1.1" 301 0 "http://ja.tak-cslab.org/" "Mozilla/5.0+(compatible; UptimeRobot/2.0; http://www.uptimerobot.com/)"
216.245.221.83 - - [05/Dec/2021:16:14:26 +0000] "HEAD / HTTP/1.1" 200 0 "http://ja.tak-cslab.org/" "Mozilla/5.0+(compatible; UptimeRobot/2.0; http://www.uptimerobot.com/)"
34.206.38.217 - - [05/Dec/2021:16:15:17 +0000] "GET /feed HTTP/1.1" 200 56281 "-" "Automate.io BOT"
211.128.19.190 - - [05/Dec/2021:16:17:06 +0000] "GET /archives/901 HTTP/2.0" 200 9626 "https://www.google.com/" "Mozilla/5.0 (Windows NT 10.0; Win64; x64) AppleWebKit/537.36 (KHTML, like Gecko) Chrome/96.0.4664.45 Safari/537.36"
211.128.19.190 - - [05/Dec/2021:16:17:06 +0000] "GET /wp-content/themes/cdsl/style.css?ver=1.3.1 HTTP/2.0" 200 272 "https://ja.tak-cslab.org/archives/901" "Mozilla/5.0 (Windows NT 10.0; Win64; x64) AppleWebKit/537.36 (KHTML, like Gecko) Chrome/96.0.4664.45 Safari/537.36"
211.128.19.190 - - [05/Dec/2021:16:17:06 +0000] "GET /wp-content/themes/scaffold/assets/js/navigation.js?ver=1.3.1 HTTP/2.0" 200 1266 "https://ja.tak-cslab.org/archives/901" "Mozilla/5.0 (Windows NT 10.0; Win64; x64) AppleWebKit/537.36 (KHTML, like Gecko) Chrome/96.0.4664.45 Safari/537.36"
211.128.19.190 - - [05/Dec/2021:16:17:06 +0000] "GET /wp-includes/js/comment-reply.min.js?ver=5.8.2 HTTP/2.0" 200 1390 "https://ja.tak-cslab.org/archives/901" "Mozilla/5.0 (Windows NT 10.0; Win64; x64) AppleWebKit/537.36 (KHTML, like Gecko) Chrome/96.0.4664.45 Safari/537.36"
211.128.19.190 - - [05/Dec/2021:16:17:06 +0000] "GET /wp-includes/js/wp-embed.min.js?ver=5.8.2 HTTP/2.0" 200 779 "https://ja.tak-cslab.org/archives/901" "Mozilla/5.0 (Windows NT 10.0; Win64; x64) AppleWebKit/537.36 (KHTML, like Gecko) Chrome/96.0.4664.45 Safari/537.36"
211.128.19.190 - - [05/Dec/2021:16:17:06 +0000] "GET /wp-content/themes/scaffold/style.css?ver=5.8.2 HTTP/2.0" 200 5846 "https://ja.tak-cslab.org/archives/901" "Mozilla/5.0 (Windows NT 10.0; Win64; x64) AppleWebKit/537.36 (KHTML, like Gecko) Chrome/96.0.4664.45 Safari/537.36"
211.128.19.190 - - [05/Dec/2021:16:17:06 +0000] "GET /wp-includes/css/dist/block-library/style.min.css?ver=5.8.2 HTTP/2.0" 200 13704 "https://ja.tak-cslab.org/archives/901" "Mozilla/5.0 (Windows NT 10.0; Win64; x64) AppleWebKit/537.36 (KHTML, like Gecko) Chrome/96.0.4664.45 Safari/537.36"
211.128.19.190 - - [05/Dec/2021:16:17:06 +0000] "GET /wp-includes/js/wp-emoji-release.min.js?ver=5.8.2 HTTP/2.0" 200 5714 "https://ja.tak-cslab.org/archives/901" "Mozilla/5.0 (Windows NT 10.0; Win64; x64) AppleWebKit/537.36 (KHTML, like Gecko) Chrome/96.0.4664.45 Safari/537.36"
211.128.19.190 - - [05/Dec/2021:16:17:06 +0000] "GET /wp-content/plugins/native-lazyload/assets/images/placeholder.svg HTTP/2.0" 200 88 "https://ja.tak-cslab.org/archives/901" "Mozilla/5.0 (Windows NT 10.0; Win64; x64) AppleWebKit/537.36 (KHTML, like Gecko) Chrome/96.0.4664.45 Safari/537.36"
211.128.19.190 - - [05/Dec/2021:16:17:07 +0000] "GET /wp-content/uploads/2021/01/Screen-Shot-2021-01-20-at-23.43.16-814x1024.png HTTP/2.0" 200 709028 "https://ja.tak-cslab.org/archives/901" "Mozilla/5.0 (Windows NT 10.0; Win64; x64) AppleWebKit/537.36 (KHTML, like Gecko) Chrome/96.0.4664.45 Safari/537.36"
211.128.19.190 - - [05/Dec/2021:16:17:07 +0000] "GET /favicon.ico HTTP/2.0" 302 0 "https://ja.tak-cslab.org/archives/901" "Mozilla/5.0 (Windows NT 10.0; Win64; x64) AppleWebKit/537.36 (KHTML, like Gecko) Chrome/96.0.4664.45 Safari/537.36"
211.128.19.190 - - [05/Dec/2021:16:17:07 +0000] "GET /wp-includes/images/w-logo-blue-white-bg.png HTTP/2.0" 200 4119 "https://ja.tak-cslab.org/archives/901" "Mozilla/5.0 (Windows NT 10.0; Win64; x64) AppleWebKit/537.36 (KHTML, like Gecko) Chrome/96.0.4664.45 Safari/537.36"
211.128.19.190 - - [05/Dec/2021:16:17:09 +0000] "GET /wp-content/uploads/2021/01/Screen-Shot-2021-01-20-at-23.44.09-1024x391.png HTTP/2.0" 200 215045 "https://ja.tak-cslab.org/archives/901" "Mozilla/5.0 (Windows NT 10.0; Win64; x64) AppleWebKit/537.36 (KHTML, like Gecko) Chrome/96.0.4664.45 Safari/537.36"
211.128.19.190 - - [05/Dec/2021:16:17:10 +0000] "GET /wp-content/uploads/2021/01/Screen-Shot-2021-01-21-at-0.18.03.png HTTP/2.0" 200 16881 "https://ja.tak-cslab.org/archives/901" "Mozilla/5.0 (Windows NT 10.0; Win64; x64) AppleWebKit/537.36 (KHTML, like Gecko) Chrome/96.0.4664.45 Safari/537.36"
211.128.19.190 - - [05/Dec/2021:16:17:11 +0000] "GET /wp-content/uploads/2021/01/Screen-Shot-2021-01-21-at-0.19.14-1024x455.png HTTP/2.0" 200 274778 "https://ja.tak-cslab.org/archives/901" "Mozilla/5.0 (Windows NT 10.0; Win64; x64) AppleWebKit/537.36 (KHTML, like Gecko) Chrome/96.0.4664.45 Safari/537.36"
211.128.19.190 - - [05/Dec/2021:16:17:12 +0000] "GET /wp-content/uploads/2021/01/Screen-Shot-2021-01-21-at-0.21.56.png HTTP/2.0" 200 40043 "https://ja.tak-cslab.org/archives/901" "Mozilla/5.0 (Windows NT 10.0; Win64; x64) AppleWebKit/537.36 (KHTML, like Gecko) Chrome/96.0.4664.45 Safari/537.36"
211.128.19.190 - - [05/Dec/2021:16:17:13 +0000] "GET /wp-content/uploads/2021/01/Screen-Shot-2021-01-21-at-0.23.35-1024x312.png HTTP/2.0" 200 197791 "https://ja.tak-cslab.org/archives/901" "Mozilla/5.0 (Windows NT 10.0; Win64; x64) AppleWebKit/537.36 (KHTML, like Gecko) Chrome/96.0.4664.45 Safari/537.36"
163.215.6.1 - - [05/Dec/2021:16:18:16 +0000] "POST /wp-cron.php?doing_wp_cron=1638721096.1880810260772705078125 HTTP/1.1" 200 31 "https://ja.tak-cslab.org/wp-cron.php?doing_wp_cron=1638721096.1880810260772705078125" "WordPress/5.8.2; https://ja.tak-cslab.org"
40.77.167.53 - - [05/Dec/2021:16:18:16 +0000] "GET /archives/1064 HTTP/2.0" 200 8861 "-" "Mozilla/5.0 (compatible; bingbot/2.0; +http://www.bing.com/bingbot.htm)"
216.245.221.83 - - [05/Dec/2021:16:19:26 +0000] "HEAD / HTTP/1.1" 301 0 "http://ja.tak-cslab.org/" "Mozilla/5.0+(compatible; UptimeRobot/2.0; http://www.uptimerobot.com/)"
216.245.221.83 - - [05/Dec/2021:16:19:26 +0000] "HEAD / HTTP/1.1" 200 0 "http://ja.tak-cslab.org/" "Mozilla/5.0+(compatible; UptimeRobot/2.0; http://www.uptimerobot.com/)"
34.206.38.217 - - [05/Dec/2021:16:20:17 +0000] "GET /feed HTTP/1.1" 200 56281 "-" "Automate.io BOT"
216.245.221.83 - - [05/Dec/2021:16:24:26 +0000] "HEAD / HTTP/1.1" 301 0 "http://ja.tak-cslab.org/" "Mozilla/5.0+(compatible; UptimeRobot/2.0; http://www.uptimerobot.com/)"
216.245.221.83 - - [05/Dec/2021:16:24:26 +0000] "HEAD / HTTP/1.1" 200 0 "http://ja.tak-cslab.org/" "Mozilla/5.0+(compatible; UptimeRobot/2.0; http://www.uptimerobot.com/)"
34.206.38.217 - - [05/Dec/2021:16:25:18 +0000] "GET /feed HTTP/1.1" 200 56281 "-" "Automate.io BOT"
216.245.221.83 - - [05/Dec/2021:16:29:26 +0000] "HEAD / HTTP/1.1" 301 0 "http://ja.tak-cslab.org/" "Mozilla/5.0+(compatible; UptimeRobot/2.0; http://www.uptimerobot.com/)"
216.245.221.83 - - [05/Dec/2021:16:29:26 +0000] "HEAD / HTTP/1.1" 200 0 "http://ja.tak-cslab.org/" "Mozilla/5.0+(compatible; UptimeRobot/2.0; http://www.uptimerobot.com/)"
34.206.38.217 - - [05/Dec/2021:16:30:18 +0000] "GET /feed HTTP/1.1" 200 56281 "-" "Automate.io BOT"
126.182.127.23 - - [05/Dec/2021:16:31:12 +0000] "GET /archives/460 HTTP/2.0" 200 9331 "https://www.google.co.jp/" "Mozilla/5.0 (iPhone; CPU iPhone OS 14_7_1 like Mac OS X) AppleWebKit/605.1.15 (KHTML, like Gecko) Version/14.1.2 Mobile/15E148 Safari/604.1"
126.182.127.23 - - [05/Dec/2021:16:31:12 +0000] "GET /wp-includes/js/wp-emoji-release.min.js?ver=5.8.2 HTTP/2.0" 200 5714 "https://ja.tak-cslab.org/archives/460" "Mozilla/5.0 (iPhone; CPU iPhone OS 14_7_1 like Mac OS X) AppleWebKit/605.1.15 (KHTML, like Gecko) Version/14.1.2 Mobile/15E148 Safari/604.1"
126.182.127.23 - - [05/Dec/2021:16:31:12 +0000] "GET /wp-content/themes/cdsl/style.css?ver=1.3.1 HTTP/2.0" 200 272 "https://ja.tak-cslab.org/archives/460" "Mozilla/5.0 (iPhone; CPU iPhone OS 14_7_1 like Mac OS X) AppleWebKit/605.1.15 (KHTML, like Gecko) Version/14.1.2 Mobile/15E148 Safari/604.1"
126.182.127.23 - - [05/Dec/2021:16:31:12 +0000] "GET /wp-content/plugins/native-lazyload/assets/images/placeholder.svg HTTP/2.0" 200 88 "https://ja.tak-cslab.org/archives/460" "Mozilla/5.0 (iPhone; CPU iPhone OS 14_7_1 like Mac OS X) AppleWebKit/605.1.15 (KHTML, like Gecko) Version/14.1.2 Mobile/15E148 Safari/604.1"
126.182.127.23 - - [05/Dec/2021:16:31:12 +0000] "GET /wp-content/themes/scaffold/assets/js/navigation.js?ver=1.3.1 HTTP/2.0" 200 1266 "https://ja.tak-cslab.org/archives/460" "Mozilla/5.0 (iPhone; CPU iPhone OS 14_7_1 like Mac OS X) AppleWebKit/605.1.15 (KHTML, like Gecko) Version/14.1.2 Mobile/15E148 Safari/604.1"
126.182.127.23 - - [05/Dec/2021:16:31:12 +0000] "GET /wp-includes/js/wp-embed.min.js?ver=5.8.2 HTTP/2.0" 200 779 "https://ja.tak-cslab.org/archives/460" "Mozilla/5.0 (iPhone; CPU iPhone OS 14_7_1 like Mac OS X) AppleWebKit/605.1.15 (KHTML, like Gecko) Version/14.1.2 Mobile/15E148 Safari/604.1"
126.182.127.23 - - [05/Dec/2021:16:31:12 +0000] "GET /wp-content/themes/scaffold/style.css?ver=5.8.2 HTTP/2.0" 200 5846 "https://ja.tak-cslab.org/archives/460" "Mozilla/5.0 (iPhone; CPU iPhone OS 14_7_1 like Mac OS X) AppleWebKit/605.1.15 (KHTML, like Gecko) Version/14.1.2 Mobile/15E148 Safari/604.1"
126.182.127.23 - - [05/Dec/2021:16:31:12 +0000] "GET /wp-includes/css/dist/block-library/style.min.css?ver=5.8.2 HTTP/2.0" 200 13704 "https://ja.tak-cslab.org/archives/460" "Mozilla/5.0 (iPhone; CPU iPhone OS 14_7_1 like Mac OS X) AppleWebKit/605.1.15 (KHTML, like Gecko) Version/14.1.2 Mobile/15E148 Safari/604.1"
126.182.127.23 - - [05/Dec/2021:16:31:12 +0000] "GET /wp-content/plugins/native-lazyload/assets/js/lazyload.js HTTP/2.0" 200 1085 "https://ja.tak-cslab.org/archives/460" "Mozilla/5.0 (iPhone; CPU iPhone OS 14_7_1 like Mac OS X) AppleWebKit/605.1.15 (KHTML, like Gecko) Version/14.1.2 Mobile/15E148 Safari/604.1"
126.182.127.23 - - [05/Dec/2021:16:31:12 +0000] "GET /wp-content/uploads/2020/07/bft2.png HTTP/2.0" 200 106970 "https://ja.tak-cslab.org/archives/460" "Mozilla/5.0 (iPhone; CPU iPhone OS 14_7_1 like Mac OS X) AppleWebKit/605.1.15 (KHTML, like Gecko) Version/14.1.2 Mobile/15E148 Safari/604.1"
126.182.127.23 - - [05/Dec/2021:16:31:12 +0000] "GET /wp-content/uploads/2020/07/bft1-2.png HTTP/2.0" 200 156708 "https://ja.tak-cslab.org/archives/460" "Mozilla/5.0 (iPhone; CPU iPhone OS 14_7_1 like Mac OS X) AppleWebKit/605.1.15 (KHTML, like Gecko) Version/14.1.2 Mobile/15E148 Safari/604.1"
126.182.127.23 - - [05/Dec/2021:16:31:13 +0000] "GET /favicon.ico HTTP/2.0" 302 0 "https://ja.tak-cslab.org/archives/460" "Mozilla/5.0 (iPhone; CPU iPhone OS 14_7_1 like Mac OS X) AppleWebKit/605.1.15 (KHTML, like Gecko) Version/14.1.2 Mobile/15E148 Safari/604.1"
126.182.127.23 - - [05/Dec/2021:16:31:13 +0000] "GET /wp-includes/images/w-logo-blue-white-bg.png HTTP/2.0" 200 4119 "https://ja.tak-cslab.org/archives/460" "Mozilla/5.0 (iPhone; CPU iPhone OS 14_7_1 like Mac OS X) AppleWebKit/605.1.15 (KHTML, like Gecko) Version/14.1.2 Mobile/15E148 Safari/604.1"
3.236.226.100 - - [05/Dec/2021:16:33:39 +0000] "HEAD /feed HTTP/2.0" 200 0 "-" "Slackbot 1.0 (+https://api.slack.com/robots)"
54.196.69.144 - - [05/Dec/2021:16:33:39 +0000] "GET /feed HTTP/1.1" 200 56281 "-" "Slackbot 1.0 (+https://api.slack.com/robots)"
3.227.243.65 - - [05/Dec/2021:16:33:40 +0000] "GET / HTTP/1.1" 200 6249 "-" "Slackbot 1.0 (+https://api.slack.com/robots)"
216.245.221.83 - - [05/Dec/2021:16:34:26 +0000] "HEAD / HTTP/1.1" 301 0 "http://ja.tak-cslab.org/" "Mozilla/5.0+(compatible; UptimeRobot/2.0; http://www.uptimerobot.com/)"
216.245.221.83 - - [05/Dec/2021:16:34:26 +0000] "HEAD / HTTP/1.1" 200 0 "http://ja.tak-cslab.org/" "Mozilla/5.0+(compatible; UptimeRobot/2.0; http://www.uptimerobot.com/)"
34.206.38.217 - - [05/Dec/2021:16:35:17 +0000] "GET /feed HTTP/1.1" 200 56281 "-" "Automate.io BOT"
216.245.221.83 - - [05/Dec/2021:16:39:26 +0000] "HEAD / HTTP/1.1" 301 0 "http://ja.tak-cslab.org/" "Mozilla/5.0+(compatible; UptimeRobot/2.0; http://www.uptimerobot.com/)"
216.245.221.83 - - [05/Dec/2021:16:39:26 +0000] "HEAD / HTTP/1.1" 200 0 "http://ja.tak-cslab.org/" "Mozilla/5.0+(compatible; UptimeRobot/2.0; http://www.uptimerobot.com/)"
34.206.38.217 - - [05/Dec/2021:16:40:17 +0000] "GET /feed HTTP/1.1" 200 56281 "-" "Automate.io BOT"
216.245.221.83 - - [05/Dec/2021:16:44:26 +0000] "HEAD / HTTP/1.1" 301 0 "http://ja.tak-cslab.org/" "Mozilla/5.0+(compatible; UptimeRobot/2.0; http://www.uptimerobot.com/)"
216.245.221.83 - - [05/Dec/2021:16:44:26 +0000] "HEAD / HTTP/1.1" 200 0 "http://ja.tak-cslab.org/" "Mozilla/5.0+(compatible; UptimeRobot/2.0; http://www.uptimerobot.com/)"
34.206.38.217 - - [05/Dec/2021:16:45:17 +0000] "GET /feed HTTP/1.1" 200 56281 "-" "Automate.io BOT"
195.123.209.118 - - [05/Dec/2021:16:46:53 +0000] "GET / HTTP/1.1" 301 162 "https://sauni-moskva.ru/" "Mozilla/4.0 (compatible; MSIE 6.0; Windows NT 5.2; WOW64; SV1; .NET CLR 2.0.50727)"
195.123.209.118 - - [05/Dec/2021:16:46:54 +0000] "GET / HTTP/1.1" 301 162 "https://sauni-moskva.ru/" "Mozilla/4.0 (compatible; MSIE 6.0; Windows NT 5.2; WOW64; SV1; .NET CLR 2.0.50727)"
195.123.209.118 - - [05/Dec/2021:16:46:55 +0000] "GET / HTTP/1.1" 301 162 "https://sauni-moskva.ru/" "Mozilla/4.0 (compatible; MSIE 6.0; Windows NT 5.2; WOW64; SV1; .NET CLR 2.0.50727)"
66.249.66.195 - - [05/Dec/2021:16:47:27 +0000] "GET /archives/848 HTTP/1.1" 200 7858 "-" "Mozilla/5.0 (Linux; Android 6.0.1; Nexus 5X Build/MMB29P) AppleWebKit/537.36 (KHTML, like Gecko) Chrome/96.0.4664.45 Mobile Safari/537.36 (compatible; Googlebot/2.1; +http://www.google.com/bot.html)"
216.245.221.83 - - [05/Dec/2021:16:49:26 +0000] "HEAD / HTTP/1.1" 301 0 "http://ja.tak-cslab.org/" "Mozilla/5.0+(compatible; UptimeRobot/2.0; http://www.uptimerobot.com/)"
216.245.221.83 - - [05/Dec/2021:16:49:26 +0000] "HEAD / HTTP/1.1" 200 0 "http://ja.tak-cslab.org/" "Mozilla/5.0+(compatible; UptimeRobot/2.0; http://www.uptimerobot.com/)"
34.206.38.217 - - [05/Dec/2021:16:50:19 +0000] "GET /feed HTTP/1.1" 200 56281 "-" "Automate.io BOT"
191.101.132.155 - - [05/Dec/2021:16:51:06 +0000] "GET /archives/460/ HTTP/1.0" 301 162 "http://ja.tak-cslab.org/archives/460/" "Mozilla/5.0 (Windows NT 6.3) AppleWebKit/537.36 (KHTML, like Gecko) Chrome/90.0.4430.72 Safari/537.36"
191.101.132.155 - - [05/Dec/2021:16:51:07 +0000] "GET /archives/460/ HTTP/1.0" 301 0 "https://ja.tak-cslab.org/archives/460/" "Mozilla/5.0 (Windows NT 6.3) AppleWebKit/537.36 (KHTML, like Gecko) Chrome/90.0.4430.72 Safari/537.36"
191.101.132.155 - - [05/Dec/2021:16:51:08 +0000] "GET /archives/460 HTTP/1.0" 200 27831 "https://ja.tak-cslab.org/archives/460" "Mozilla/5.0 (Windows NT 6.3) AppleWebKit/537.36 (KHTML, like Gecko) Chrome/90.0.4430.72 Safari/537.36"
44.195.89.36 - - [05/Dec/2021:16:53:43 +0000] "HEAD /feed HTTP/2.0" 200 0 "-" "Slackbot 1.0 (+https://api.slack.com/robots)"
3.82.98.69 - - [05/Dec/2021:16:53:43 +0000] "GET /feed HTTP/1.1" 200 56281 "-" "Slackbot 1.0 (+https://api.slack.com/robots)"
34.201.41.137 - - [05/Dec/2021:16:53:44 +0000] "GET / HTTP/1.1" 200 6242 "-" "Slackbot 1.0 (+https://api.slack.com/robots)"
216.245.221.83 - - [05/Dec/2021:16:54:26 +0000] "HEAD / HTTP/1.1" 301 0 "http://ja.tak-cslab.org/" "Mozilla/5.0+(compatible; UptimeRobot/2.0; http://www.uptimerobot.com/)"
216.245.221.83 - - [05/Dec/2021:16:54:26 +0000] "HEAD / HTTP/1.1" 200 0 "http://ja.tak-cslab.org/" "Mozilla/5.0+(compatible; UptimeRobot/2.0; http://www.uptimerobot.com/)"
34.206.38.217 - - [05/Dec/2021:16:55:18 +0000] "GET /feed HTTP/1.1" 200 56281 "-" "Automate.io BOT"
216.245.221.83 - - [05/Dec/2021:16:59:26 +0000] "HEAD / HTTP/1.1" 301 0 "http://ja.tak-cslab.org/" "Mozilla/5.0+(compatible; UptimeRobot/2.0; http://www.uptimerobot.com/)"
216.245.221.83 - - [05/Dec/2021:16:59:26 +0000] "HEAD / HTTP/1.1" 200 0 "http://ja.tak-cslab.org/" "Mozilla/5.0+(compatible; UptimeRobot/2.0; http://www.uptimerobot.com/)"
34.206.38.217 - - [05/Dec/2021:17:00:18 +0000] "GET /feed HTTP/1.1" 200 56281 "-" "Automate.io BOT"
216.245.221.83 - - [05/Dec/2021:17:04:26 +0000] "HEAD / HTTP/1.1" 301 0 "http://ja.tak-cslab.org/" "Mozilla/5.0+(compatible; UptimeRobot/2.0; http://www.uptimerobot.com/)"
163.215.6.1 - - [05/Dec/2021:17:04:26 +0000] "POST /wp-cron.php?doing_wp_cron=1638723866.7332398891448974609375 HTTP/1.1" 200 31 "https://ja.tak-cslab.org/wp-cron.php?doing_wp_cron=1638723866.7332398891448974609375" "WordPress/5.8.2; https://ja.tak-cslab.org"
216.245.221.83 - - [05/Dec/2021:17:04:26 +0000] "HEAD / HTTP/1.1" 200 0 "http://ja.tak-cslab.org/" "Mozilla/5.0+(compatible; UptimeRobot/2.0; http://www.uptimerobot.com/)"
34.206.38.217 - - [05/Dec/2021:17:05:19 +0000] "GET /feed HTTP/1.1" 200 56281 "-" "Automate.io BOT"
207.46.13.85 - - [05/Dec/2021:17:06:40 +0000] "GET /wp-content/uploads/2020/07/search-13476_640-300x240.jpg HTTP/2.0" 200 7706 "-" "Mozilla/5.0 (compatible; bingbot/2.0; +http://www.bing.com/bingbot.htm)"
216.245.221.83 - - [05/Dec/2021:17:09:26 +0000] "HEAD / HTTP/1.1" 301 0 "http://ja.tak-cslab.org/" "Mozilla/5.0+(compatible; UptimeRobot/2.0; http://www.uptimerobot.com/)"
216.245.221.83 - - [05/Dec/2021:17:09:26 +0000] "HEAD / HTTP/1.1" 200 0 "http://ja.tak-cslab.org/" "Mozilla/5.0+(compatible; UptimeRobot/2.0; http://www.uptimerobot.com/)"
34.206.38.217 - - [05/Dec/2021:17:10:18 +0000] "GET /feed HTTP/1.1" 200 56281 "-" "Automate.io BOT"
3.238.122.104 - - [05/Dec/2021:17:13:42 +0000] "HEAD /feed HTTP/2.0" 200 0 "-" "Slackbot 1.0 (+https://api.slack.com/robots)"
52.23.181.25 - - [05/Dec/2021:17:13:43 +0000] "GET /feed HTTP/1.1" 200 56281 "-" "Slackbot 1.0 (+https://api.slack.com/robots)"
18.205.247.12 - - [05/Dec/2021:17:13:44 +0000] "GET / HTTP/1.1" 200 6242 "-" "Slackbot 1.0 (+https://api.slack.com/robots)"
216.245.221.83 - - [05/Dec/2021:17:14:26 +0000] "HEAD / HTTP/1.1" 301 0 "http://ja.tak-cslab.org/" "Mozilla/5.0+(compatible; UptimeRobot/2.0; http://www.uptimerobot.com/)"
216.245.221.83 - - [05/Dec/2021:17:14:26 +0000] "HEAD / HTTP/1.1" 200 0 "http://ja.tak-cslab.org/" "Mozilla/5.0+(compatible; UptimeRobot/2.0; http://www.uptimerobot.com/)"
34.206.38.217 - - [05/Dec/2021:17:15:19 +0000] "GET /feed HTTP/1.1" 200 56281 "-" "Automate.io BOT"
216.245.221.83 - - [05/Dec/2021:17:19:26 +0000] "HEAD / HTTP/1.1" 301 0 "http://ja.tak-cslab.org/" "Mozilla/5.0+(compatible; UptimeRobot/2.0; http://www.uptimerobot.com/)"
163.215.6.1 - - [05/Dec/2021:17:19:26 +0000] "POST /wp-cron.php?doing_wp_cron=1638724766.6445589065551757812500 HTTP/1.1" 200 31 "https://ja.tak-cslab.org/wp-cron.php?doing_wp_cron=1638724766.6445589065551757812500" "WordPress/5.8.2; https://ja.tak-cslab.org"
216.245.221.83 - - [05/Dec/2021:17:19:26 +0000] "HEAD / HTTP/1.1" 200 0 "http://ja.tak-cslab.org/" "Mozilla/5.0+(compatible; UptimeRobot/2.0; http://www.uptimerobot.com/)"
34.206.38.217 - - [05/Dec/2021:17:20:18 +0000] "GET /feed HTTP/1.1" 200 56281 "-" "Automate.io BOT"
216.245.221.83 - - [05/Dec/2021:17:24:26 +0000] "HEAD / HTTP/1.1" 301 0 "http://ja.tak-cslab.org/" "Mozilla/5.0+(compatible; UptimeRobot/2.0; http://www.uptimerobot.com/)"
216.245.221.83 - - [05/Dec/2021:17:24:26 +0000] "HEAD / HTTP/1.1" 200 0 "http://ja.tak-cslab.org/" "Mozilla/5.0+(compatible; UptimeRobot/2.0; http://www.uptimerobot.com/)"
34.206.38.217 - - [05/Dec/2021:17:25:18 +0000] "GET /feed HTTP/1.1" 200 56281 "-" "Automate.io BOT"
216.245.221.83 - - [05/Dec/2021:17:29:26 +0000] "HEAD / HTTP/1.1" 301 0 "http://ja.tak-cslab.org/" "Mozilla/5.0+(compatible; UptimeRobot/2.0; http://www.uptimerobot.com/)"
216.245.221.83 - - [05/Dec/2021:17:29:26 +0000] "HEAD / HTTP/1.1" 200 0 "http://ja.tak-cslab.org/" "Mozilla/5.0+(compatible; UptimeRobot/2.0; http://www.uptimerobot.com/)"
54.209.170.15 - - [05/Dec/2021:17:33:39 +0000] "HEAD /feed HTTP/2.0" 200 0 "-" "Slackbot 1.0 (+https://api.slack.com/robots)"
3.215.190.50 - - [05/Dec/2021:17:33:39 +0000] "GET /feed HTTP/1.1" 200 56281 "-" "Slackbot 1.0 (+https://api.slack.com/robots)"
52.70.82.174 - - [05/Dec/2021:17:33:41 +0000] "GET / HTTP/1.1" 200 6249 "-" "Slackbot 1.0 (+https://api.slack.com/robots)"
216.245.221.83 - - [05/Dec/2021:17:34:26 +0000] "HEAD / HTTP/1.1" 301 0 "http://ja.tak-cslab.org/" "Mozilla/5.0+(compatible; UptimeRobot/2.0; http://www.uptimerobot.com/)"
216.245.221.83 - - [05/Dec/2021:17:34:26 +0000] "HEAD / HTTP/1.1" 200 0 "http://ja.tak-cslab.org/" "Mozilla/5.0+(compatible; UptimeRobot/2.0; http://www.uptimerobot.com/)"
216.245.221.83 - - [05/Dec/2021:17:39:26 +0000] "HEAD / HTTP/1.1" 301 0 "http://ja.tak-cslab.org/" "Mozilla/5.0+(compatible; UptimeRobot/2.0; http://www.uptimerobot.com/)"
216.245.221.83 - - [05/Dec/2021:17:39:26 +0000] "HEAD / HTTP/1.1" 200 0 "http://ja.tak-cslab.org/" "Mozilla/5.0+(compatible; UptimeRobot/2.0; http://www.uptimerobot.com/)"
216.245.221.83 - - [05/Dec/2021:17:44:26 +0000] "HEAD / HTTP/1.1" 301 0 "http://ja.tak-cslab.org/" "Mozilla/5.0+(compatible; UptimeRobot/2.0; http://www.uptimerobot.com/)"
216.245.221.83 - - [05/Dec/2021:17:44:26 +0000] "HEAD / HTTP/1.1" 200 0 "http://ja.tak-cslab.org/" "Mozilla/5.0+(compatible; UptimeRobot/2.0; http://www.uptimerobot.com/)"
216.245.221.83 - - [05/Dec/2021:17:49:26 +0000] "HEAD / HTTP/1.1" 301 0 "http://ja.tak-cslab.org/" "Mozilla/5.0+(compatible; UptimeRobot/2.0; http://www.uptimerobot.com/)"
216.245.221.83 - - [05/Dec/2021:17:49:26 +0000] "HEAD / HTTP/1.1" 200 0 "http://ja.tak-cslab.org/" "Mozilla/5.0+(compatible; UptimeRobot/2.0; http://www.uptimerobot.com/)"
34.206.38.217 - - [05/Dec/2021:17:50:19 +0000] "GET /feed HTTP/1.1" 200 56281 "-" "Automate.io BOT"
54.160.239.84 - - [05/Dec/2021:17:53:42 +0000] "HEAD /feed HTTP/2.0" 200 0 "-" "Slackbot 1.0 (+https://api.slack.com/robots)"
44.192.31.255 - - [05/Dec/2021:17:53:42 +0000] "GET /feed HTTP/1.1" 200 56281 "-" "Slackbot 1.0 (+https://api.slack.com/robots)"
54.209.170.15 - - [05/Dec/2021:17:53:44 +0000] "GET / HTTP/1.1" 200 6241 "-" "Slackbot 1.0 (+https://api.slack.com/robots)"
216.245.221.83 - - [05/Dec/2021:17:54:26 +0000] "HEAD / HTTP/1.1" 301 0 "http://ja.tak-cslab.org/" "Mozilla/5.0+(compatible; UptimeRobot/2.0; http://www.uptimerobot.com/)"
216.245.221.83 - - [05/Dec/2021:17:54:26 +0000] "HEAD / HTTP/1.1" 200 0 "http://ja.tak-cslab.org/" "Mozilla/5.0+(compatible; UptimeRobot/2.0; http://www.uptimerobot.com/)"
40.77.167.66 - - [05/Dec/2021:17:58:55 +0000] "GET /topics/news HTTP/2.0" 200 7820 "-" "Mozilla/5.0 (compatible; bingbot/2.0; +http://www.bing.com/bingbot.htm)"
40.77.167.44 - - [05/Dec/2021:17:59:11 +0000] "GET /wp-content/themes/scaffold/assets/js/navigation.js?ver=1.3.1 HTTP/2.0" 200 1266 "-" "Mozilla/5.0 (compatible; bingbot/2.0; +http://www.bing.com/bingbot.htm)"
216.245.221.83 - - [05/Dec/2021:17:59:26 +0000] "HEAD / HTTP/1.1" 301 0 "http://ja.tak-cslab.org/" "Mozilla/5.0+(compatible; UptimeRobot/2.0; http://www.uptimerobot.com/)"
216.245.221.83 - - [05/Dec/2021:17:59:26 +0000] "HEAD / HTTP/1.1" 200 0 "http://ja.tak-cslab.org/" "Mozilla/5.0+(compatible; UptimeRobot/2.0; http://www.uptimerobot.com/)"
34.206.38.217 - - [05/Dec/2021:18:00:19 +0000] "GET /feed HTTP/1.1" 200 56281 "-" "Automate.io BOT"
216.245.221.83 - - [05/Dec/2021:18:04:26 +0000] "HEAD / HTTP/1.1" 301 0 "http://ja.tak-cslab.org/" "Mozilla/5.0+(compatible; UptimeRobot/2.0; http://www.uptimerobot.com/)"
163.215.6.1 - - [05/Dec/2021:18:04:26 +0000] "POST /wp-cron.php?doing_wp_cron=1638727466.6578369140625000000000 HTTP/1.1" 200 31 "https://ja.tak-cslab.org/wp-cron.php?doing_wp_cron=1638727466.6578369140625000000000" "WordPress/5.8.2; https://ja.tak-cslab.org"
216.245.221.83 - - [05/Dec/2021:18:04:26 +0000] "HEAD / HTTP/1.1" 200 0 "http://ja.tak-cslab.org/" "Mozilla/5.0+(compatible; UptimeRobot/2.0; http://www.uptimerobot.com/)"
34.206.38.217 - - [05/Dec/2021:18:05:19 +0000] "GET /feed HTTP/1.1" 200 56281 "-" "Automate.io BOT"
216.245.221.83 - - [05/Dec/2021:18:09:26 +0000] "HEAD / HTTP/1.1" 301 0 "http://ja.tak-cslab.org/" "Mozilla/5.0+(compatible; UptimeRobot/2.0; http://www.uptimerobot.com/)"
216.245.221.83 - - [05/Dec/2021:18:09:26 +0000] "HEAD / HTTP/1.1" 200 0 "http://ja.tak-cslab.org/" "Mozilla/5.0+(compatible; UptimeRobot/2.0; http://www.uptimerobot.com/)"
34.206.38.217 - - [05/Dec/2021:18:10:20 +0000] "GET /feed HTTP/1.1" 200 56281 "-" "Automate.io BOT"
141.8.142.81 - - [05/Dec/2021:18:10:41 +0000] "GET /robots.txt HTTP/1.1" 301 162 "-" "Mozilla/5.0 (compatible; YandexBot/3.0; +http://yandex.com/bots)"
87.250.224.183 - - [05/Dec/2021:18:10:42 +0000] "GET /robots.txt HTTP/1.1" 200 128 "-" "Mozilla/5.0 (compatible; YandexBot/3.0; +http://yandex.com/bots)"
141.8.142.81 - - [05/Dec/2021:18:10:45 +0000] "GET / HTTP/1.1" 301 162 "-" "Mozilla/5.0 (compatible; YandexBot/3.0; +http://yandex.com/bots)"
5.255.253.175 - - [05/Dec/2021:18:11:06 +0000] "GET /robots.txt HTTP/1.1" 200 128 "-" "Mozilla/5.0 (compatible; YandexBot/3.0; +http://yandex.com/bots)"
87.250.224.109 - - [05/Dec/2021:18:11:10 +0000] "GET / HTTP/1.1" 200 6249 "-" "Mozilla/5.0 (compatible; YandexBot/3.0; +http://yandex.com/bots)"
216.244.66.230 - - [05/Dec/2021:18:12:23 +0000] "GET /robots.txt HTTP/1.1" 301 162 "-" "Mozilla/5.0 (compatible; DotBot/1.2; +https://opensiteexplorer.org/dotbot; help@moz.com)"
216.244.66.230 - - [05/Dec/2021:18:12:24 +0000] "GET /robots.txt HTTP/1.1" 200 128 "-" "Mozilla/5.0 (compatible; DotBot/1.2; +https://opensiteexplorer.org/dotbot; help@moz.com)"
100.26.54.172 - - [05/Dec/2021:18:13:40 +0000] "HEAD /feed HTTP/2.0" 200 0 "-" "Slackbot 1.0 (+https://api.slack.com/robots)"
3.86.53.214 - - [05/Dec/2021:18:13:41 +0000] "GET /feed HTTP/1.1" 200 56274 "-" "Slackbot 1.0 (+https://api.slack.com/robots)"
54.224.186.77 - - [05/Dec/2021:18:13:42 +0000] "GET / HTTP/1.1" 200 6241 "-" "Slackbot 1.0 (+https://api.slack.com/robots)"
216.245.221.83 - - [05/Dec/2021:18:14:26 +0000] "HEAD / HTTP/1.1" 301 0 "http://ja.tak-cslab.org/" "Mozilla/5.0+(compatible; UptimeRobot/2.0; http://www.uptimerobot.com/)"
216.245.221.83 - - [05/Dec/2021:18:14:26 +0000] "HEAD / HTTP/1.1" 200 0 "http://ja.tak-cslab.org/" "Mozilla/5.0+(compatible; UptimeRobot/2.0; http://www.uptimerobot.com/)"
89.163.249.244 - - [05/Dec/2021:18:16:24 +0000] "POST /xmlrpc.php HTTP/1.0" 301 162 "-" "Mozilla/5.0 (Macintosh; Intel Mac OS X 10_13_5) AppleWebKit/537.36 (KHTML, like Gecko) Chrome/68.0.3440.106 Safari/537.36"
45.151.167.10 - - [05/Dec/2021:18:16:25 +0000] "POST /xmlrpc.php HTTP/1.0" 200 403 "-" "Mozilla/5.0 (Macintosh; Intel Mac OS X 10_13_5) AppleWebKit/537.36 (KHTML, like Gecko) Chrome/68.0.3440.106 Safari/537.36"
66.249.66.87 - - [05/Dec/2021:18:17:27 +0000] "GET /archives/848 HTTP/1.1" 200 7858 "-" "Mozilla/5.0 (Linux; Android 6.0.1; Nexus 5X Build/MMB29P) AppleWebKit/537.36 (KHTML, like Gecko) Chrome/96.0.4664.45 Mobile Safari/537.36 (compatible; Googlebot/2.1; +http://www.google.com/bot.html)"
207.46.13.85 - - [05/Dec/2021:18:17:28 +0000] "GET /wp-content/uploads/2021/03/iOS-%E3%81%AE%E7%94%BB%E5%83%8F-4-600x800.jpg HTTP/2.0" 200 58478 "-" "Mozilla/5.0 (compatible; bingbot/2.0; +http://www.bing.com/bingbot.htm)"
216.245.221.83 - - [05/Dec/2021:18:19:26 +0000] "HEAD / HTTP/1.1" 301 0 "http://ja.tak-cslab.org/" "Mozilla/5.0+(compatible; UptimeRobot/2.0; http://www.uptimerobot.com/)"
163.215.6.1 - - [05/Dec/2021:18:19:26 +0000] "POST /wp-cron.php?doing_wp_cron=1638728366.6541559696197509765625 HTTP/1.1" 200 31 "https://ja.tak-cslab.org/wp-cron.php?doing_wp_cron=1638728366.6541559696197509765625" "WordPress/5.8.2; https://ja.tak-cslab.org"
216.245.221.83 - - [05/Dec/2021:18:19:26 +0000] "HEAD / HTTP/1.1" 200 0 "http://ja.tak-cslab.org/" "Mozilla/5.0+(compatible; UptimeRobot/2.0; http://www.uptimerobot.com/)"
207.46.13.41 - - [05/Dec/2021:18:22:13 +0000] "GET /wp-content/uploads/2020/12/dps-hall2-1040x780.png HTTP/2.0" 200 1032500 "-" "Mozilla/5.0 (compatible; bingbot/2.0; +http://www.bing.com/bingbot.htm)"
207.46.13.41 - - [05/Dec/2021:18:23:52 +0000] "GET /wp-content/uploads/2021/01/Screen-Shot-2021-01-20-at-23.43.16-600x755.png HTTP/2.0" 200 382450 "-" "Mozilla/5.0 (compatible; bingbot/2.0; +http://www.bing.com/bingbot.htm)"
216.245.221.83 - - [05/Dec/2021:18:24:26 +0000] "HEAD / HTTP/1.1" 301 0 "http://ja.tak-cslab.org/" "Mozilla/5.0+(compatible; UptimeRobot/2.0; http://www.uptimerobot.com/)"
216.245.221.83 - - [05/Dec/2021:18:24:26 +0000] "HEAD / HTTP/1.1" 200 0 "http://ja.tak-cslab.org/" "Mozilla/5.0+(compatible; UptimeRobot/2.0; http://www.uptimerobot.com/)"
34.206.38.217 - - [05/Dec/2021:18:25:19 +0000] "GET /feed HTTP/1.1" 200 56281 "-" "Automate.io BOT"
216.244.66.230 - - [05/Dec/2021:18:26:23 +0000] "GET /10gin_cds1?redirect_to=https%3A%2F%2Fja.tak-cslab.org%2Farchives%2F1563 HTTP/1.1" 200 13344 "-" "Mozilla/5.0 (compatible; DotBot/1.2; +https://opensiteexplorer.org/dotbot; help@moz.com)"
216.245.221.83 - - [05/Dec/2021:18:29:26 +0000] "HEAD / HTTP/1.1" 301 0 "http://ja.tak-cslab.org/" "Mozilla/5.0+(compatible; UptimeRobot/2.0; http://www.uptimerobot.com/)"
216.245.221.83 - - [05/Dec/2021:18:29:26 +0000] "HEAD / HTTP/1.1" 200 0 "http://ja.tak-cslab.org/" "Mozilla/5.0+(compatible; UptimeRobot/2.0; http://www.uptimerobot.com/)"
34.206.38.217 - - [05/Dec/2021:18:30:19 +0000] "GET /feed HTTP/1.1" 200 56281 "-" "Automate.io BOT"
3.80.83.109 - - [05/Dec/2021:18:33:39 +0000] "HEAD /feed HTTP/2.0" 200 0 "-" "Slackbot 1.0 (+https://api.slack.com/robots)"
184.73.134.72 - - [05/Dec/2021:18:33:40 +0000] "GET /feed HTTP/1.1" 200 56281 "-" "Slackbot 1.0 (+https://api.slack.com/robots)"
54.82.110.180 - - [05/Dec/2021:18:33:42 +0000] "GET / HTTP/1.1" 200 6249 "-" "Slackbot 1.0 (+https://api.slack.com/robots)"
216.245.221.83 - - [05/Dec/2021:18:34:26 +0000] "HEAD / HTTP/1.1" 301 0 "http://ja.tak-cslab.org/" "Mozilla/5.0+(compatible; UptimeRobot/2.0; http://www.uptimerobot.com/)"
216.245.221.83 - - [05/Dec/2021:18:34:26 +0000] "HEAD / HTTP/1.1" 200 0 "http://ja.tak-cslab.org/" "Mozilla/5.0+(compatible; UptimeRobot/2.0; http://www.uptimerobot.com/)"
216.245.221.83 - - [05/Dec/2021:18:39:26 +0000] "HEAD / HTTP/1.1" 301 0 "http://ja.tak-cslab.org/" "Mozilla/5.0+(compatible; UptimeRobot/2.0; http://www.uptimerobot.com/)"
216.245.221.83 - - [05/Dec/2021:18:39:26 +0000] "HEAD / HTTP/1.1" 200 0 "http://ja.tak-cslab.org/" "Mozilla/5.0+(compatible; UptimeRobot/2.0; http://www.uptimerobot.com/)"
34.206.38.217 - - [05/Dec/2021:18:40:20 +0000] "GET /feed HTTP/1.1" 200 56281 "-" "Automate.io BOT"
216.245.221.83 - - [05/Dec/2021:18:44:26 +0000] "HEAD / HTTP/1.1" 301 0 "http://ja.tak-cslab.org/" "Mozilla/5.0+(compatible; UptimeRobot/2.0; http://www.uptimerobot.com/)"
216.245.221.83 - - [05/Dec/2021:18:44:26 +0000] "HEAD / HTTP/1.1" 200 0 "http://ja.tak-cslab.org/" "Mozilla/5.0+(compatible; UptimeRobot/2.0; http://www.uptimerobot.com/)"
216.245.221.83 - - [05/Dec/2021:18:49:26 +0000] "HEAD / HTTP/1.1" 301 0 "http://ja.tak-cslab.org/" "Mozilla/5.0+(compatible; UptimeRobot/2.0; http://www.uptimerobot.com/)"
216.245.221.83 - - [05/Dec/2021:18:49:26 +0000] "HEAD / HTTP/1.1" 200 0 "http://ja.tak-cslab.org/" "Mozilla/5.0+(compatible; UptimeRobot/2.0; http://www.uptimerobot.com/)"
66.249.66.158 - - [05/Dec/2021:18:50:19 +0000] "GET /archives/1187 HTTP/1.1" 200 7778 "-" "Mozilla/5.0 (compatible; Googlebot/2.1; +http://www.google.com/bot.html)"
40.77.167.66 - - [05/Dec/2021:18:52:18 +0000] "GET /wp-content/uploads/2020/08/image-1-600x485.png HTTP/2.0" 200 175762 "-" "Mozilla/5.0 (compatible; bingbot/2.0; +http://www.bing.com/bingbot.htm)"
185.220.100.253 - - [05/Dec/2021:18:53:39 +0000] "POST /xmlrpc.php HTTP/1.0" 301 162 "-" "Mozilla/5.0 (Windows NT 10.0; WOW64) AppleWebKit/537.36 (KHTML, like Gecko) Chrome/91.0.4472.101 Safari/537.36"
3.94.29.51 - - [05/Dec/2021:18:53:39 +0000] "HEAD /feed HTTP/2.0" 200 0 "-" "Slackbot 1.0 (+https://api.slack.com/robots)"
34.207.173.51 - - [05/Dec/2021:18:53:40 +0000] "GET /feed HTTP/1.1" 200 56281 "-" "Slackbot 1.0 (+https://api.slack.com/robots)"
185.220.100.253 - - [05/Dec/2021:18:53:41 +0000] "POST /xmlrpc.php HTTP/1.0" 200 403 "-" "Mozilla/5.0 (Windows NT 10.0; WOW64) AppleWebKit/537.36 (KHTML, like Gecko) Chrome/91.0.4472.101 Safari/537.36"
54.196.69.144 - - [05/Dec/2021:18:53:41 +0000] "GET / HTTP/1.1" 200 6249 "-" "Slackbot 1.0 (+https://api.slack.com/robots)"
216.245.221.83 - - [05/Dec/2021:18:54:26 +0000] "HEAD / HTTP/1.1" 301 0 "http://ja.tak-cslab.org/" "Mozilla/5.0+(compatible; UptimeRobot/2.0; http://www.uptimerobot.com/)"
216.245.221.83 - - [05/Dec/2021:18:54:26 +0000] "HEAD / HTTP/1.1" 200 0 "http://ja.tak-cslab.org/" "Mozilla/5.0+(compatible; UptimeRobot/2.0; http://www.uptimerobot.com/)"
66.249.66.159 - - [05/Dec/2021:18:54:57 +0000] "GET /wp-includes/js/comment-reply.min.js?ver=5.8.2 HTTP/1.1" 200 1402 "https://ja.tak-cslab.org/archives/1187" "Mozilla/5.0 AppleWebKit/537.36 (KHTML, like Gecko; compatible; Googlebot/2.1; +http://www.google.com/bot.html) Chrome/96.0.4664.45 Safari/537.36"
34.206.38.217 - - [05/Dec/2021:18:55:19 +0000] "GET /feed HTTP/1.1" 200 56281 "-" "Automate.io BOT"
216.244.66.230 - - [05/Dec/2021:18:56:59 +0000] "GET /robots.txt HTTP/1.1" 301 162 "-" "Mozilla/5.0 (compatible; DotBot/1.2; +https://opensiteexplorer.org/dotbot; help@moz.com)"
216.244.66.230 - - [05/Dec/2021:18:57:00 +0000] "GET /robots.txt HTTP/1.1" 200 128 "-" "Mozilla/5.0 (compatible; DotBot/1.2; +https://opensiteexplorer.org/dotbot; help@moz.com)"
216.245.221.83 - - [05/Dec/2021:18:59:26 +0000] "HEAD / HTTP/1.1" 301 0 "http://ja.tak-cslab.org/" "Mozilla/5.0+(compatible; UptimeRobot/2.0; http://www.uptimerobot.com/)"
216.245.221.83 - - [05/Dec/2021:18:59:26 +0000] "HEAD / HTTP/1.1" 200 0 "http://ja.tak-cslab.org/" "Mozilla/5.0+(compatible; UptimeRobot/2.0; http://www.uptimerobot.com/)"
34.206.38.217 - - [05/Dec/2021:19:00:20 +0000] "GET /feed HTTP/1.1" 200 56281 "-" "Automate.io BOT"
207.46.13.41 - - [05/Dec/2021:19:03:35 +0000] "GET /wp-content/uploads/2020/09/20200925_200925_0-1040x780.jpg HTTP/2.0" 200 101654 "-" "Mozilla/5.0 (compatible; bingbot/2.0; +http://www.bing.com/bingbot.htm)"
216.245.221.83 - - [05/Dec/2021:19:04:26 +0000] "HEAD / HTTP/1.1" 301 0 "http://ja.tak-cslab.org/" "Mozilla/5.0+(compatible; UptimeRobot/2.0; http://www.uptimerobot.com/)"
163.215.6.1 - - [05/Dec/2021:19:04:26 +0000] "POST /wp-cron.php?doing_wp_cron=1638731066.6684639453887939453125 HTTP/1.1" 200 31 "https://ja.tak-cslab.org/wp-cron.php?doing_wp_cron=1638731066.6684639453887939453125" "WordPress/5.8.2; https://ja.tak-cslab.org"
216.245.221.83 - - [05/Dec/2021:19:04:26 +0000] "HEAD / HTTP/1.1" 200 0 "http://ja.tak-cslab.org/" "Mozilla/5.0+(compatible; UptimeRobot/2.0; http://www.uptimerobot.com/)"
66.249.66.85 - - [05/Dec/2021:19:05:19 +0000] "GET /about HTTP/1.1" 200 5375 "-" "Mozilla/5.0 (Linux; Android 6.0.1; Nexus 5X Build/MMB29P) AppleWebKit/537.36 (KHTML, like Gecko) Chrome/96.0.4664.45 Mobile Safari/537.36 (compatible; Googlebot/2.1; +http://www.google.com/bot.html)"
34.206.38.217 - - [05/Dec/2021:19:05:20 +0000] "GET /feed HTTP/1.1" 200 56281 "-" "Automate.io BOT"
216.245.221.83 - - [05/Dec/2021:19:09:26 +0000] "HEAD / HTTP/1.1" 301 0 "http://ja.tak-cslab.org/" "Mozilla/5.0+(compatible; UptimeRobot/2.0; http://www.uptimerobot.com/)"
216.245.221.83 - - [05/Dec/2021:19:09:26 +0000] "HEAD / HTTP/1.1" 200 0 "http://ja.tak-cslab.org/" "Mozilla/5.0+(compatible; UptimeRobot/2.0; http://www.uptimerobot.com/)"
216.244.66.230 - - [05/Dec/2021:19:10:18 +0000] "GET /10gin_cds1?redirect_to=https%3A%2F%2Fja.tak-cslab.org%2Farchives%2F1647 HTTP/1.1" 200 13350 "-" "Mozilla/5.0 (compatible; DotBot/1.2; +https://opensiteexplorer.org/dotbot; help@moz.com)"
18.212.191.209 - - [05/Dec/2021:19:13:39 +0000] "HEAD /feed HTTP/2.0" 200 0 "-" "Slackbot 1.0 (+https://api.slack.com/robots)"
3.215.190.50 - - [05/Dec/2021:19:13:39 +0000] "GET /feed HTTP/1.1" 200 56281 "-" "Slackbot 1.0 (+https://api.slack.com/robots)"
34.229.182.64 - - [05/Dec/2021:19:13:40 +0000] "GET / HTTP/1.1" 200 6249 "-" "Slackbot 1.0 (+https://api.slack.com/robots)"
40.77.167.44 - - [05/Dec/2021:19:14:20 +0000] "GET /about/about-cdsl HTTP/2.0" 200 6993 "-" "Mozilla/5.0 (compatible; bingbot/2.0; +http://www.bing.com/bingbot.htm)"
216.245.221.83 - - [05/Dec/2021:19:14:26 +0000] "HEAD / HTTP/1.1" 301 0 "http://ja.tak-cslab.org/" "Mozilla/5.0+(compatible; UptimeRobot/2.0; http://www.uptimerobot.com/)"
216.245.221.83 - - [05/Dec/2021:19:14:26 +0000] "HEAD / HTTP/1.1" 200 0 "http://ja.tak-cslab.org/" "Mozilla/5.0+(compatible; UptimeRobot/2.0; http://www.uptimerobot.com/)"
185.191.171.15 - - [05/Dec/2021:19:14:53 +0000] "GET /robots.txt HTTP/1.1" 200 123 "-" "Mozilla/5.0 (compatible; SemrushBot/7~bl; +http://www.semrush.com/bot.html)"
185.191.171.2 - - [05/Dec/2021:19:14:53 +0000] "GET /10gin_cds1?redirect_to=https%3A%2F%2Fja.tak-cslab.org%2Farchives%2F1446 HTTP/1.1" 200 4545 "-" "Mozilla/5.0 (compatible; SemrushBot/7~bl; +http://www.semrush.com/bot.html)"
34.206.38.217 - - [05/Dec/2021:19:15:19 +0000] "GET /feed HTTP/1.1" 200 56281 "-" "Automate.io BOT"
216.245.221.83 - - [05/Dec/2021:19:19:26 +0000] "HEAD / HTTP/1.1" 301 0 "http://ja.tak-cslab.org/" "Mozilla/5.0+(compatible; UptimeRobot/2.0; http://www.uptimerobot.com/)"
163.215.6.1 - - [05/Dec/2021:19:19:26 +0000] "POST /wp-cron.php?doing_wp_cron=1638731966.7261879444122314453125 HTTP/1.1" 200 31 "https://ja.tak-cslab.org/wp-cron.php?doing_wp_cron=1638731966.7261879444122314453125" "WordPress/5.8.2; https://ja.tak-cslab.org"
216.245.221.83 - - [05/Dec/2021:19:19:26 +0000] "HEAD / HTTP/1.1" 200 0 "http://ja.tak-cslab.org/" "Mozilla/5.0+(compatible; UptimeRobot/2.0; http://www.uptimerobot.com/)"
66.249.66.129 - - [05/Dec/2021:19:20:19 +0000] "GET /about HTTP/1.1" 200 5375 "-" "Mozilla/5.0 (compatible; Googlebot/2.1; +http://www.google.com/bot.html)"
34.206.38.217 - - [05/Dec/2021:19:20:21 +0000] "GET /feed HTTP/1.1" 200 56281 "-" "Automate.io BOT"
216.245.221.83 - - [05/Dec/2021:19:24:26 +0000] "HEAD / HTTP/1.1" 301 0 "http://ja.tak-cslab.org/" "Mozilla/5.0+(compatible; UptimeRobot/2.0; http://www.uptimerobot.com/)"
216.245.221.83 - - [05/Dec/2021:19:24:26 +0000] "HEAD / HTTP/1.1" 200 0 "http://ja.tak-cslab.org/" "Mozilla/5.0+(compatible; UptimeRobot/2.0; http://www.uptimerobot.com/)"
