163.215.6.1 - - [24/Nov/2021:00:00:48 +0000] "POST /wp-cron.php?doing_wp_cron=1637712048.5269949436187744140625 HTTP/1.1" 200 31 "https://ja.tak-cslab.org/wp-cron.php?doing_wp_cron=1637712048.5269949436187744140625" "WordPress/5.8.2; https://ja.tak-cslab.org"
23.92.22.213 - - [24/Nov/2021:00:00:48 +0000] "GET /feed HTTP/1.1" 200 55868 "-" "SerendeputyBot/0.8.6 (http://serendeputy.com/about/serendeputy-bot)"
23.92.22.213 - - [24/Nov/2021:00:00:51 +0000] "GET /feed HTTP/1.1" 200 55868 "-" "SerendeputyBot/0.8.6 (http://serendeputy.com/about/serendeputy-bot)"
34.206.38.217 - - [24/Nov/2021:00:02:10 +0000] "GET /feed HTTP/1.1" 200 55860 "-" "Automate.io BOT"
185.191.171.35 - - [24/Nov/2021:00:03:21 +0000] "GET /robots.txt HTTP/1.1" 200 123 "-" "Mozilla/5.0 (compatible; SemrushBot/7~bl; +http://www.semrush.com/bot.html)"
185.191.171.39 - - [24/Nov/2021:00:03:21 +0000] "GET /10gin_cds1?redirect_to=https%3A%2F%2Fja.tak-cslab.org%2Farchives%2F1174 HTTP/1.1" 200 4545 "-" "Mozilla/5.0 (compatible; SemrushBot/7~bl; +http://www.semrush.com/bot.html)"
216.245.221.83 - - [24/Nov/2021:00:05:08 +0000] "HEAD / HTTP/1.1" 301 0 "http://ja.tak-cslab.org/" "Mozilla/5.0+(compatible; UptimeRobot/2.0; http://www.uptimerobot.com/)"
216.245.221.83 - - [24/Nov/2021:00:05:08 +0000] "HEAD / HTTP/1.1" 200 0 "http://ja.tak-cslab.org/" "Mozilla/5.0+(compatible; UptimeRobot/2.0; http://www.uptimerobot.com/)"
34.206.38.217 - - [24/Nov/2021:00:07:10 +0000] "GET /feed HTTP/1.1" 200 55868 "-" "Automate.io BOT"
216.245.221.83 - - [24/Nov/2021:00:10:08 +0000] "HEAD / HTTP/1.1" 301 0 "http://ja.tak-cslab.org/" "Mozilla/5.0+(compatible; UptimeRobot/2.0; http://www.uptimerobot.com/)"
216.245.221.83 - - [24/Nov/2021:00:10:08 +0000] "HEAD / HTTP/1.1" 200 0 "http://ja.tak-cslab.org/" "Mozilla/5.0+(compatible; UptimeRobot/2.0; http://www.uptimerobot.com/)"
216.244.66.230 - - [24/Nov/2021:00:11:02 +0000] "GET /robots.txt HTTP/1.1" 301 162 "-" "Mozilla/5.0 (compatible; DotBot/1.2; +https://opensiteexplorer.org/dotbot; help@moz.com)"
216.244.66.230 - - [24/Nov/2021:00:11:02 +0000] "GET /robots.txt HTTP/1.1" 200 128 "-" "Mozilla/5.0 (compatible; DotBot/1.2; +https://opensiteexplorer.org/dotbot; help@moz.com)"
34.206.38.217 - - [24/Nov/2021:00:12:13 +0000] "GET /feed HTTP/1.1" 200 55868 "-" "Automate.io BOT"
114.119.135.83 - - [24/Nov/2021:00:12:24 +0000] "GET /10gin_cds1?redirect_to=https://ja.tak-cslab.org/archives/1345 HTTP/1.1" 200 4551 "-" "Mozilla/5.0 (Linux; Android 7.0;) AppleWebKit/537.36 (KHTML, like Gecko) Mobile Safari/537.36 (compatible; PetalBot;+https://webmaster.petalsearch.com/site/petalbot)"
37.120.203.83 - - [24/Nov/2021:00:13:19 +0000] "GET /archives/460/ HTTP/1.0" 301 162 "http://ja.tak-cslab.org/archives/460/" "Mozilla/5.0 (Windows NT 6.1; WOW64) AppleWebKit/537.36 (KHTML, like Gecko) Chrome/90.0.4430.72 Safari/537.36"
37.120.203.83 - - [24/Nov/2021:00:13:20 +0000] "GET /archives/460/ HTTP/1.0" 301 0 "https://ja.tak-cslab.org/archives/460/" "Mozilla/5.0 (Windows NT 6.1; WOW64) AppleWebKit/537.36 (KHTML, like Gecko) Chrome/90.0.4430.72 Safari/537.36"
37.120.203.83 - - [24/Nov/2021:00:13:21 +0000] "GET /archives/460 HTTP/1.0" 200 27841 "https://ja.tak-cslab.org/archives/460" "Mozilla/5.0 (Windows NT 6.1; WOW64) AppleWebKit/537.36 (KHTML, like Gecko) Chrome/90.0.4430.72 Safari/537.36"
3.239.205.106 - - [24/Nov/2021:00:13:42 +0000] "HEAD /feed HTTP/2.0" 200 0 "-" "Slackbot 1.0 (+https://api.slack.com/robots)"
18.208.181.125 - - [24/Nov/2021:00:13:43 +0000] "GET /feed HTTP/1.1" 200 55868 "-" "Slackbot 1.0 (+https://api.slack.com/robots)"
44.192.15.167 - - [24/Nov/2021:00:13:44 +0000] "GET / HTTP/1.1" 200 6312 "-" "Slackbot 1.0 (+https://api.slack.com/robots)"
216.245.221.83 - - [24/Nov/2021:00:15:08 +0000] "HEAD / HTTP/1.1" 301 0 "http://ja.tak-cslab.org/" "Mozilla/5.0+(compatible; UptimeRobot/2.0; http://www.uptimerobot.com/)"
216.245.221.83 - - [24/Nov/2021:00:15:08 +0000] "HEAD / HTTP/1.1" 200 0 "http://ja.tak-cslab.org/" "Mozilla/5.0+(compatible; UptimeRobot/2.0; http://www.uptimerobot.com/)"
106.73.14.129 - - [24/Nov/2021:00:15:45 +0000] "GET /wp-content/uploads/2021/01/%E3%83%92%E3%83%89%E3%83%A9.jpeg HTTP/2.0" 200 12823 "https://www.google.co.jp/" "Mozilla/5.0 (Windows NT 10.0; Win64; x64) AppleWebKit/537.36 (KHTML, like Gecko) Chrome/96.0.4664.45 Safari/537.36 Edg/96.0.1054.29"
34.206.38.217 - - [24/Nov/2021:00:17:13 +0000] "GET /feed HTTP/1.1" 200 55868 "-" "Automate.io BOT"
216.245.221.83 - - [24/Nov/2021:00:20:08 +0000] "HEAD / HTTP/1.1" 301 0 "http://ja.tak-cslab.org/" "Mozilla/5.0+(compatible; UptimeRobot/2.0; http://www.uptimerobot.com/)"
163.215.6.1 - - [24/Nov/2021:00:20:08 +0000] "POST /wp-cron.php?doing_wp_cron=1637713208.7517709732055664062500 HTTP/1.1" 200 31 "https://ja.tak-cslab.org/wp-cron.php?doing_wp_cron=1637713208.7517709732055664062500" "WordPress/5.8.2; https://ja.tak-cslab.org"
216.245.221.83 - - [24/Nov/2021:00:20:08 +0000] "HEAD / HTTP/1.1" 200 0 "http://ja.tak-cslab.org/" "Mozilla/5.0+(compatible; UptimeRobot/2.0; http://www.uptimerobot.com/)"
34.206.38.217 - - [24/Nov/2021:00:22:13 +0000] "GET /feed HTTP/1.1" 200 55868 "-" "Automate.io BOT"
216.244.66.230 - - [24/Nov/2021:00:23:43 +0000] "GET /10gin_cds1?redirect_to=https%3A%2F%2Fja.tak-cslab.org%2Farchives%2F1522 HTTP/1.1" 200 13343 "-" "Mozilla/5.0 (compatible; DotBot/1.2; +https://opensiteexplorer.org/dotbot; help@moz.com)"
216.245.221.83 - - [24/Nov/2021:00:25:08 +0000] "HEAD / HTTP/1.1" 301 0 "http://ja.tak-cslab.org/" "Mozilla/5.0+(compatible; UptimeRobot/2.0; http://www.uptimerobot.com/)"
216.245.221.83 - - [24/Nov/2021:00:25:08 +0000] "HEAD / HTTP/1.1" 200 0 "http://ja.tak-cslab.org/" "Mozilla/5.0+(compatible; UptimeRobot/2.0; http://www.uptimerobot.com/)"
163.135.251.72 - - [24/Nov/2021:00:25:21 +0000] "GET /wp-content/uploads/2020/06/cdsl-storage.png HTTP/2.0" 200 41898 "https://www.bing.com/images/search?view=detailV2&ccid=gCSGakHQ&id=1581EE48729A4E0AA25E24D5C68204B1B899D502&thid=OIP.gCSGakHQwulqVAZpsTgg4AHaEJ&mediaurl=https%3a%2f%2fwww.it-innovation.co.jp%2fwordpress%2fwp-content%2fuploads%2f2014%2f07%2f5f19f8038b959234c30f03075d8068f4.png&exph=1117&expw=1991&q=%e3%82%a2%e3%83%bc%e3%82%ad%e3%83%86%e3%82%af%e3%83%81%e3%83%a3%e3%83%bc%e5%9b%b3+%e6%9b%b8%e3%81%8d%e6%96%b9&simid=608049034352020063&FORM=IRPRST&ck=0796ABBFECBD38B859C239ABC9FA3FDC&selectedIndex=2&mode=overlay" "Mozilla/5.0 (Windows NT 10.0; WOW64; Trident/7.0; rv:11.0) like Gecko"
34.206.38.217 - - [24/Nov/2021:00:27:13 +0000] "GET /feed HTTP/1.1" 200 55868 "-" "Automate.io BOT"
114.119.150.210 - - [24/Nov/2021:00:28:58 +0000] "GET /10gin_cds1?redirect_to=https://ja.tak-cslab.org/archives/889 HTTP/1.1" 200 4549 "-" "Mozilla/5.0 (Linux; Android 7.0;) AppleWebKit/537.36 (KHTML, like Gecko) Mobile Safari/537.36 (compatible; PetalBot;+https://webmaster.petalsearch.com/site/petalbot)"
216.245.221.83 - - [24/Nov/2021:00:30:08 +0000] "HEAD / HTTP/1.1" 301 0 "http://ja.tak-cslab.org/" "Mozilla/5.0+(compatible; UptimeRobot/2.0; http://www.uptimerobot.com/)"
216.245.221.83 - - [24/Nov/2021:00:30:08 +0000] "HEAD / HTTP/1.1" 200 0 "http://ja.tak-cslab.org/" "Mozilla/5.0+(compatible; UptimeRobot/2.0; http://www.uptimerobot.com/)"
202.16.217.4 - - [24/Nov/2021:00:30:47 +0000] "GET /wp-content/uploads/2021/04/CDSL-System-Architecture6.png HTTP/2.0" 200 70835 "https://www.bing.com/" "Mozilla/5.0 (Windows NT 10.0; Win64; x64) AppleWebKit/537.36 (KHTML, like Gecko) Chrome/96.0.4664.45 Safari/537.36 Edg/96.0.1054.29"
202.16.217.4 - - [24/Nov/2021:00:31:25 +0000] "GET /wp-content/uploads/2020/01/elk-arch.png HTTP/2.0" 200 70256 "https://www.bing.com/" "Mozilla/5.0 (Windows NT 10.0; Win64; x64) AppleWebKit/537.36 (KHTML, like Gecko) Chrome/96.0.4664.45 Safari/537.36 Edg/96.0.1054.29"
163.215.6.1 - - [24/Nov/2021:00:31:28 +0000] "GET / HTTP/2.0" 200 6293 "-" "Mozilla/5.0 (Macintosh; Intel Mac OS X 10.15; rv:94.0) Gecko/20100101 Firefox/94.0"
35.185.241.102 - - [24/Nov/2021:00:31:29 +0000] "GET / HTTP/1.1" 301 162 "-" "Mozilla/5.0 (Windows NT 6.1; WOW64; Trident/7.0; rv:11.0) like Gecko"
35.185.241.102 - - [24/Nov/2021:00:31:29 +0000] "GET / HTTP/1.1" 200 6306 "-" "Mozilla/5.0 (Windows NT 6.1; WOW64; Trident/7.0; rv:11.0) like Gecko"
54.36.148.165 - - [24/Nov/2021:00:32:07 +0000] "GET /wp-content/uploads/2021/11/IMG_9104-1.jpg HTTP/2.0" 200 105715 "-" "Mozilla/5.0 (compatible; AhrefsBot/7.0; +http://ahrefs.com/robot/)"
202.16.217.4 - - [24/Nov/2021:00:32:10 +0000] "GET /wp-content/uploads/2021/04/CDSL-System-Architecture2-600x338.png HTTP/2.0" 200 61436 "https://www.bing.com/" "Mozilla/5.0 (Windows NT 10.0; Win64; x64) AppleWebKit/537.36 (KHTML, like Gecko) Chrome/96.0.4664.45 Safari/537.36 Edg/96.0.1054.29"
34.206.38.217 - - [24/Nov/2021:00:32:13 +0000] "GET /feed HTTP/1.1" 200 55868 "-" "Automate.io BOT"
3.231.220.203 - - [24/Nov/2021:00:33:44 +0000] "HEAD /feed HTTP/2.0" 200 0 "-" "Slackbot 1.0 (+https://api.slack.com/robots)"
54.82.234.250 - - [24/Nov/2021:00:33:44 +0000] "GET /feed HTTP/1.1" 200 55868 "-" "Slackbot 1.0 (+https://api.slack.com/robots)"
107.22.113.173 - - [24/Nov/2021:00:33:45 +0000] "GET / HTTP/1.1" 200 6306 "-" "Slackbot 1.0 (+https://api.slack.com/robots)"
216.245.221.83 - - [24/Nov/2021:00:35:08 +0000] "HEAD / HTTP/1.1" 301 0 "http://ja.tak-cslab.org/" "Mozilla/5.0+(compatible; UptimeRobot/2.0; http://www.uptimerobot.com/)"
216.245.221.83 - - [24/Nov/2021:00:35:08 +0000] "HEAD / HTTP/1.1" 200 0 "http://ja.tak-cslab.org/" "Mozilla/5.0+(compatible; UptimeRobot/2.0; http://www.uptimerobot.com/)"
34.206.38.217 - - [24/Nov/2021:00:37:15 +0000] "GET /feed HTTP/1.1" 200 55860 "-" "Automate.io BOT"
216.245.221.83 - - [24/Nov/2021:00:40:08 +0000] "HEAD / HTTP/1.1" 301 0 "http://ja.tak-cslab.org/" "Mozilla/5.0+(compatible; UptimeRobot/2.0; http://www.uptimerobot.com/)"
216.245.221.83 - - [24/Nov/2021:00:40:08 +0000] "HEAD / HTTP/1.1" 200 0 "http://ja.tak-cslab.org/" "Mozilla/5.0+(compatible; UptimeRobot/2.0; http://www.uptimerobot.com/)"
52.69.106.112 - - [24/Nov/2021:00:40:19 +0000] "GET /archives/author/kazuhiko-sugimoto HTTP/1.1" 200 21611 "https://www.google.co.jp/" "User-Agent: Mozilla/5.0 (Windows NT 6.1; Win64; x64) AppleWebKit/537.36 (KHTML, like Gecko) Chrome/72.0.3626.119 Safari/537.36"
34.206.38.217 - - [24/Nov/2021:00:42:15 +0000] "GET /feed HTTP/1.1" 200 55867 "-" "Automate.io BOT"
216.245.221.83 - - [24/Nov/2021:00:45:08 +0000] "HEAD / HTTP/1.1" 301 0 "http://ja.tak-cslab.org/" "Mozilla/5.0+(compatible; UptimeRobot/2.0; http://www.uptimerobot.com/)"
216.245.221.83 - - [24/Nov/2021:00:45:08 +0000] "HEAD / HTTP/1.1" 200 0 "http://ja.tak-cslab.org/" "Mozilla/5.0+(compatible; UptimeRobot/2.0; http://www.uptimerobot.com/)"
34.206.38.217 - - [24/Nov/2021:00:47:15 +0000] "GET /feed HTTP/1.1" 200 55861 "-" "Automate.io BOT"
54.39.177.197 - - [24/Nov/2021:00:47:46 +0000] "GET /feed HTTP/1.1" 200 55860 "-" "Mozilla/5.0 (compatible; YaK/1.0; http://linkfluence.com/; bot@linkfluence.com)"
216.245.221.83 - - [24/Nov/2021:00:50:08 +0000] "HEAD / HTTP/1.1" 301 0 "http://ja.tak-cslab.org/" "Mozilla/5.0+(compatible; UptimeRobot/2.0; http://www.uptimerobot.com/)"
216.245.221.83 - - [24/Nov/2021:00:50:08 +0000] "HEAD / HTTP/1.1" 200 0 "http://ja.tak-cslab.org/" "Mozilla/5.0+(compatible; UptimeRobot/2.0; http://www.uptimerobot.com/)"
54.36.148.121 - - [24/Nov/2021:00:51:27 +0000] "GET /wp-content/uploads/2021/11/IMG_9139-rotated.jpg HTTP/2.0" 200 219714 "-" "Mozilla/5.0 (compatible; AhrefsBot/7.0; +http://ahrefs.com/robot/)"
34.206.38.217 - - [24/Nov/2021:00:52:15 +0000] "GET /feed HTTP/1.1" 200 55868 "-" "Automate.io BOT"
3.237.202.173 - - [24/Nov/2021:00:53:44 +0000] "HEAD /feed HTTP/2.0" 200 0 "-" "Slackbot 1.0 (+https://api.slack.com/robots)"
3.86.94.180 - - [24/Nov/2021:00:53:44 +0000] "GET /feed HTTP/1.1" 200 55868 "-" "Slackbot 1.0 (+https://api.slack.com/robots)"
3.239.53.83 - - [24/Nov/2021:00:53:46 +0000] "GET / HTTP/1.1" 200 6306 "-" "Slackbot 1.0 (+https://api.slack.com/robots)"
216.245.221.83 - - [24/Nov/2021:00:55:08 +0000] "HEAD / HTTP/1.1" 301 0 "http://ja.tak-cslab.org/" "Mozilla/5.0+(compatible; UptimeRobot/2.0; http://www.uptimerobot.com/)"
216.245.221.83 - - [24/Nov/2021:00:55:08 +0000] "HEAD / HTTP/1.1" 200 0 "http://ja.tak-cslab.org/" "Mozilla/5.0+(compatible; UptimeRobot/2.0; http://www.uptimerobot.com/)"
207.46.13.25 - - [24/Nov/2021:00:57:12 +0000] "GET /wp-content/uploads/2020/12/Rancher_K3s2-768x402.png HTTP/2.0" 200 34997 "-" "Mozilla/5.0 (compatible; bingbot/2.0; +http://www.bing.com/bingbot.htm)"
34.206.38.217 - - [24/Nov/2021:00:57:15 +0000] "GET /feed HTTP/1.1" 200 55868 "-" "Automate.io BOT"
51.222.253.15 - - [24/Nov/2021:00:58:46 +0000] "GET /archives/1015 HTTP/2.0" 200 7449 "-" "Mozilla/5.0 (compatible; AhrefsBot/7.0; +http://ahrefs.com/robot/)"
216.245.221.83 - - [24/Nov/2021:01:00:08 +0000] "HEAD / HTTP/1.1" 301 0 "http://ja.tak-cslab.org/" "Mozilla/5.0+(compatible; UptimeRobot/2.0; http://www.uptimerobot.com/)"
216.245.221.83 - - [24/Nov/2021:01:00:08 +0000] "HEAD / HTTP/1.1" 200 0 "http://ja.tak-cslab.org/" "Mozilla/5.0+(compatible; UptimeRobot/2.0; http://www.uptimerobot.com/)"
163.215.6.1 - - [24/Nov/2021:01:02:15 +0000] "POST /wp-cron.php?doing_wp_cron=1637715735.7907080650329589843750 HTTP/1.1" 200 31 "https://ja.tak-cslab.org/wp-cron.php?doing_wp_cron=1637715735.7907080650329589843750" "WordPress/5.8.2; https://ja.tak-cslab.org"
34.206.38.217 - - [24/Nov/2021:01:02:16 +0000] "GET /feed HTTP/1.1" 200 55868 "-" "Automate.io BOT"
157.55.39.177 - - [24/Nov/2021:01:04:27 +0000] "GET /archives/1594 HTTP/2.0" 200 8766 "-" "Mozilla/5.0 (compatible; bingbot/2.0; +http://www.bing.com/bingbot.htm)"
216.245.221.83 - - [24/Nov/2021:01:05:08 +0000] "HEAD / HTTP/1.1" 301 0 "http://ja.tak-cslab.org/" "Mozilla/5.0+(compatible; UptimeRobot/2.0; http://www.uptimerobot.com/)"
216.245.221.83 - - [24/Nov/2021:01:05:08 +0000] "HEAD / HTTP/1.1" 200 0 "http://ja.tak-cslab.org/" "Mozilla/5.0+(compatible; UptimeRobot/2.0; http://www.uptimerobot.com/)"
34.206.38.217 - - [24/Nov/2021:01:07:15 +0000] "GET /feed HTTP/1.1" 200 55868 "-" "Automate.io BOT"
54.36.148.21 - - [24/Nov/2021:01:10:01 +0000] "GET /wp-content/uploads/2021/11/IMG_9147.jpg HTTP/2.0" 200 82384 "-" "Mozilla/5.0 (compatible; AhrefsBot/7.0; +http://ahrefs.com/robot/)"
216.245.221.83 - - [24/Nov/2021:01:10:08 +0000] "HEAD / HTTP/1.1" 301 0 "http://ja.tak-cslab.org/" "Mozilla/5.0+(compatible; UptimeRobot/2.0; http://www.uptimerobot.com/)"
216.245.221.83 - - [24/Nov/2021:01:10:08 +0000] "HEAD / HTTP/1.1" 200 0 "http://ja.tak-cslab.org/" "Mozilla/5.0+(compatible; UptimeRobot/2.0; http://www.uptimerobot.com/)"
34.206.38.217 - - [24/Nov/2021:01:12:15 +0000] "GET /feed HTTP/1.1" 200 55867 "-" "Automate.io BOT"
3.231.148.92 - - [24/Nov/2021:01:13:41 +0000] "HEAD /feed HTTP/2.0" 200 0 "-" "Slackbot 1.0 (+https://api.slack.com/robots)"
3.237.202.173 - - [24/Nov/2021:01:13:42 +0000] "GET /feed HTTP/1.1" 200 55867 "-" "Slackbot 1.0 (+https://api.slack.com/robots)"
18.209.241.59 - - [24/Nov/2021:01:13:43 +0000] "GET / HTTP/1.1" 200 6313 "-" "Slackbot 1.0 (+https://api.slack.com/robots)"
216.245.221.83 - - [24/Nov/2021:01:15:08 +0000] "HEAD / HTTP/1.1" 301 0 "http://ja.tak-cslab.org/" "Mozilla/5.0+(compatible; UptimeRobot/2.0; http://www.uptimerobot.com/)"
216.245.221.83 - - [24/Nov/2021:01:15:08 +0000] "HEAD / HTTP/1.1" 200 0 "http://ja.tak-cslab.org/" "Mozilla/5.0+(compatible; UptimeRobot/2.0; http://www.uptimerobot.com/)"
34.206.38.217 - - [24/Nov/2021:01:17:15 +0000] "GET /feed HTTP/1.1" 200 55867 "-" "Automate.io BOT"
216.245.221.83 - - [24/Nov/2021:01:20:08 +0000] "HEAD / HTTP/1.1" 301 0 "http://ja.tak-cslab.org/" "Mozilla/5.0+(compatible; UptimeRobot/2.0; http://www.uptimerobot.com/)"
163.215.6.1 - - [24/Nov/2021:01:20:08 +0000] "POST /wp-cron.php?doing_wp_cron=1637716808.7471470832824707031250 HTTP/1.1" 200 31 "https://ja.tak-cslab.org/wp-cron.php?doing_wp_cron=1637716808.7471470832824707031250" "WordPress/5.8.2; https://ja.tak-cslab.org"
216.245.221.83 - - [24/Nov/2021:01:20:08 +0000] "HEAD / HTTP/1.1" 200 0 "http://ja.tak-cslab.org/" "Mozilla/5.0+(compatible; UptimeRobot/2.0; http://www.uptimerobot.com/)"
34.206.38.217 - - [24/Nov/2021:01:22:16 +0000] "GET /feed HTTP/1.1" 200 55867 "-" "Automate.io BOT"
199.59.150.180 - - [24/Nov/2021:01:22:44 +0000] "GET /robots.txt HTTP/1.1" 200 128 "-" "Twitterbot/1.0"
199.59.150.180 - - [24/Nov/2021:01:22:44 +0000] "GET /archives/1503 HTTP/1.1" 200 7191 "-" "Twitterbot/1.0"
216.245.221.83 - - [24/Nov/2021:01:25:08 +0000] "HEAD / HTTP/1.1" 301 0 "http://ja.tak-cslab.org/" "Mozilla/5.0+(compatible; UptimeRobot/2.0; http://www.uptimerobot.com/)"
216.245.221.83 - - [24/Nov/2021:01:25:08 +0000] "HEAD / HTTP/1.1" 200 0 "http://ja.tak-cslab.org/" "Mozilla/5.0+(compatible; UptimeRobot/2.0; http://www.uptimerobot.com/)"
34.206.38.217 - - [24/Nov/2021:01:27:15 +0000] "GET /feed HTTP/1.1" 200 55868 "-" "Automate.io BOT"
216.245.221.83 - - [24/Nov/2021:01:30:08 +0000] "HEAD / HTTP/1.1" 301 0 "http://ja.tak-cslab.org/" "Mozilla/5.0+(compatible; UptimeRobot/2.0; http://www.uptimerobot.com/)"
216.245.221.83 - - [24/Nov/2021:01:30:08 +0000] "HEAD / HTTP/1.1" 200 0 "http://ja.tak-cslab.org/" "Mozilla/5.0+(compatible; UptimeRobot/2.0; http://www.uptimerobot.com/)"
163.215.6.1 - - [24/Nov/2021:01:30:17 +0000] "GET / HTTP/2.0" 200 6293 "-" "Mozilla/5.0 (Macintosh; Intel Mac OS X 10.15; rv:94.0) Gecko/20100101 Firefox/94.0"
35.245.188.175 - - [24/Nov/2021:01:30:18 +0000] "GET / HTTP/1.1" 301 162 "-" "Mozilla/5.0 (Windows NT 6.1; WOW64; Trident/7.0; rv:11.0) like Gecko"
35.245.188.175 - - [24/Nov/2021:01:30:19 +0000] "GET / HTTP/1.1" 200 6306 "-" "Mozilla/5.0 (Windows NT 6.1; WOW64; Trident/7.0; rv:11.0) like Gecko"
163.215.6.1 - - [24/Nov/2021:01:30:19 +0000] "GET /tech-report HTTP/2.0" 200 12282 "https://ja.tak-cslab.org/" "Mozilla/5.0 (Macintosh; Intel Mac OS X 10.15; rv:94.0) Gecko/20100101 Firefox/94.0"
35.245.188.175 - - [24/Nov/2021:01:30:19 +0000] "GET / HTTP/1.1" 301 162 "-" "Mozilla/5.0 (Windows NT 6.1; WOW64; Trident/7.0; rv:11.0) like Gecko"
35.245.188.175 - - [24/Nov/2021:01:30:20 +0000] "GET / HTTP/1.1" 200 6306 "-" "Mozilla/5.0 (Windows NT 6.1; WOW64; Trident/7.0; rv:11.0) like Gecko"
163.215.6.1 - - [24/Nov/2021:01:30:34 +0000] "GET /tech-report HTTP/2.0" 200 12282 "-" "Mozilla/5.0 (Windows NT 10.0; Win64; x64) AppleWebKit/537.36 (KHTML, like Gecko) Chrome/96.0.4664.45 Safari/537.36"
34.206.38.217 - - [24/Nov/2021:01:32:16 +0000] "GET /feed HTTP/1.1" 200 55867 "-" "Automate.io BOT"
163.215.6.1 - - [24/Nov/2021:01:32:45 +0000] "GET /tech-report HTTP/2.0" 200 12282 "-" "Mozilla/5.0 (Windows NT 10.0; Win64; x64) AppleWebKit/537.36 (KHTML, like Gecko) Chrome/95.0.4638.69 Safari/537.36"
54.82.234.250 - - [24/Nov/2021:01:33:43 +0000] "HEAD /feed HTTP/2.0" 200 0 "-" "Slackbot 1.0 (+https://api.slack.com/robots)"
54.173.184.167 - - [24/Nov/2021:01:33:44 +0000] "GET /feed HTTP/1.1" 200 55867 "-" "Slackbot 1.0 (+https://api.slack.com/robots)"
54.196.120.34 - - [24/Nov/2021:01:33:45 +0000] "GET / HTTP/1.1" 200 6306 "-" "Slackbot 1.0 (+https://api.slack.com/robots)"
216.245.221.83 - - [24/Nov/2021:01:35:08 +0000] "HEAD / HTTP/1.1" 301 0 "http://ja.tak-cslab.org/" "Mozilla/5.0+(compatible; UptimeRobot/2.0; http://www.uptimerobot.com/)"
163.215.6.1 - - [24/Nov/2021:01:35:08 +0000] "POST /wp-cron.php?doing_wp_cron=1637717708.7244579792022705078125 HTTP/1.1" 200 31 "https://ja.tak-cslab.org/wp-cron.php?doing_wp_cron=1637717708.7244579792022705078125" "WordPress/5.8.2; https://ja.tak-cslab.org"
216.245.221.83 - - [24/Nov/2021:01:35:08 +0000] "HEAD / HTTP/1.1" 200 0 "http://ja.tak-cslab.org/" "Mozilla/5.0+(compatible; UptimeRobot/2.0; http://www.uptimerobot.com/)"
163.215.6.1 - - [24/Nov/2021:01:35:08 +0000] "GET / HTTP/1.1" 200 6306 "https://ja.tak-cslab.org/" "WordPress/5.8.2; https://ja.tak-cslab.org"
185.191.171.40 - - [24/Nov/2021:01:36:53 +0000] "GET /robots.txt HTTP/1.1" 200 123 "-" "Mozilla/5.0 (compatible; SemrushBot/7~bl; +http://www.semrush.com/bot.html)"
185.191.171.17 - - [24/Nov/2021:01:36:54 +0000] "GET /archives/786 HTTP/1.1" 200 9390 "-" "Mozilla/5.0 (compatible; SemrushBot/7~bl; +http://www.semrush.com/bot.html)"
34.206.38.217 - - [24/Nov/2021:01:37:16 +0000] "GET /feed HTTP/1.1" 200 55868 "-" "Automate.io BOT"
216.245.221.83 - - [24/Nov/2021:01:40:08 +0000] "HEAD / HTTP/1.1" 301 0 "http://ja.tak-cslab.org/" "Mozilla/5.0+(compatible; UptimeRobot/2.0; http://www.uptimerobot.com/)"
216.245.221.83 - - [24/Nov/2021:01:40:08 +0000] "HEAD / HTTP/1.1" 200 0 "http://ja.tak-cslab.org/" "Mozilla/5.0+(compatible; UptimeRobot/2.0; http://www.uptimerobot.com/)"
34.206.38.217 - - [24/Nov/2021:01:42:16 +0000] "GET /feed HTTP/1.1" 200 55867 "-" "Automate.io BOT"
216.245.221.83 - - [24/Nov/2021:01:45:08 +0000] "HEAD / HTTP/1.1" 301 0 "http://ja.tak-cslab.org/" "Mozilla/5.0+(compatible; UptimeRobot/2.0; http://www.uptimerobot.com/)"
216.245.221.83 - - [24/Nov/2021:01:45:08 +0000] "HEAD / HTTP/1.1" 200 0 "http://ja.tak-cslab.org/" "Mozilla/5.0+(compatible; UptimeRobot/2.0; http://www.uptimerobot.com/)"
34.206.38.217 - - [24/Nov/2021:01:47:15 +0000] "GET /feed HTTP/1.1" 200 55867 "-" "Automate.io BOT"
54.249.175.15 - - [24/Nov/2021:01:49:13 +0000] "GET /favicon.ico HTTP/1.1" 302 5 "-" "Slack-ImgProxy (+https://api.slack.com/robots)"
35.76.108.221 - - [24/Nov/2021:01:49:13 +0000] "GET /wp-includes/images/w-logo-blue-white-bg.png HTTP/1.1" 200 4119 "-" "Slack-ImgProxy (+https://api.slack.com/robots)"
216.245.221.83 - - [24/Nov/2021:01:50:08 +0000] "HEAD / HTTP/1.1" 301 0 "http://ja.tak-cslab.org/" "Mozilla/5.0+(compatible; UptimeRobot/2.0; http://www.uptimerobot.com/)"
216.245.221.83 - - [24/Nov/2021:01:50:08 +0000] "HEAD / HTTP/1.1" 200 0 "http://ja.tak-cslab.org/" "Mozilla/5.0+(compatible; UptimeRobot/2.0; http://www.uptimerobot.com/)"
34.206.38.217 - - [24/Nov/2021:01:52:15 +0000] "GET /feed HTTP/1.1" 200 55867 "-" "Automate.io BOT"
3.235.161.44 - - [24/Nov/2021:01:53:42 +0000] "HEAD /feed HTTP/2.0" 200 0 "-" "Slackbot 1.0 (+https://api.slack.com/robots)"
34.239.136.168 - - [24/Nov/2021:01:53:43 +0000] "GET /feed HTTP/1.1" 200 55868 "-" "Slackbot 1.0 (+https://api.slack.com/robots)"
3.89.252.175 - - [24/Nov/2021:01:53:45 +0000] "GET / HTTP/1.1" 200 6306 "-" "Slackbot 1.0 (+https://api.slack.com/robots)"
66.249.65.94 - - [24/Nov/2021:01:54:01 +0000] "GET /topics/blog HTTP/1.1" 200 13039 "-" "Mozilla/5.0 (compatible; Googlebot/2.1; +http://www.google.com/bot.html)"
42.125.236.209 - - [24/Nov/2021:01:54:11 +0000] "GET /wp-content/uploads/2020/06/cdsl-storage.png HTTP/1.1" 200 41898 "https://www.bing.com/images/search?view=detailV2&ccid=%2bh2Xxb2m&id=71C20473255622BB02A48C4678F84C44309F75D9&thid=OIP.-h2Xxb2mQl2BMWuskxc4sQHaFP&mediaurl=https%3a%2f%2fpbs.twimg.com%2fmedia%2fC77rzFUV4AAehHq.jpg%3asmall&exph=481&expw=680&q=%e3%83%9d%e3%83%b3%e3%83%81%e5%9b%b3+%e6%9b%b8%e3%81%8d%e6%96%b9&simid=607998671568437773&FORM=IRPRST&ck=27B93098030E4A223C4CE3CDBEDFEE4F&selectedIndex=13&mode=overlay" "Mozilla/5.0 (Windows NT 10.0; WOW64; Trident/7.0; rv:11.0) like Gecko"
216.245.221.83 - - [24/Nov/2021:01:55:08 +0000] "HEAD / HTTP/1.1" 301 0 "http://ja.tak-cslab.org/" "Mozilla/5.0+(compatible; UptimeRobot/2.0; http://www.uptimerobot.com/)"
216.245.221.83 - - [24/Nov/2021:01:55:08 +0000] "HEAD / HTTP/1.1" 200 0 "http://ja.tak-cslab.org/" "Mozilla/5.0+(compatible; UptimeRobot/2.0; http://www.uptimerobot.com/)"
126.88.249.174 - - [24/Nov/2021:01:55:51 +0000] "GET /tech-report HTTP/2.0" 200 12282 "https://www.google.com/" "Mozilla/5.0 (Macintosh; Intel Mac OS X 10_15_7) AppleWebKit/537.36 (KHTML, like Gecko) Chrome/95.0.4638.54 Safari/537.36"
126.88.249.174 - - [24/Nov/2021:01:55:51 +0000] "GET /wp-includes/css/dist/block-library/style.min.css?ver=5.8.2 HTTP/2.0" 200 13704 "https://ja.tak-cslab.org/tech-report" "Mozilla/5.0 (Macintosh; Intel Mac OS X 10_15_7) AppleWebKit/537.36 (KHTML, like Gecko) Chrome/95.0.4638.54 Safari/537.36"
126.88.249.174 - - [24/Nov/2021:01:55:51 +0000] "GET /wp-content/themes/cdsl/style.css?ver=1.3.1 HTTP/2.0" 200 272 "https://ja.tak-cslab.org/tech-report" "Mozilla/5.0 (Macintosh; Intel Mac OS X 10_15_7) AppleWebKit/537.36 (KHTML, like Gecko) Chrome/95.0.4638.54 Safari/537.36"
126.88.249.174 - - [24/Nov/2021:01:55:51 +0000] "GET /wp-content/themes/scaffold/assets/js/navigation.js?ver=1.3.1 HTTP/2.0" 200 1266 "https://ja.tak-cslab.org/tech-report" "Mozilla/5.0 (Macintosh; Intel Mac OS X 10_15_7) AppleWebKit/537.36 (KHTML, like Gecko) Chrome/95.0.4638.54 Safari/537.36"
126.88.249.174 - - [24/Nov/2021:01:55:51 +0000] "GET /wp-includes/js/wp-embed.min.js?ver=5.8.2 HTTP/2.0" 200 779 "https://ja.tak-cslab.org/tech-report" "Mozilla/5.0 (Macintosh; Intel Mac OS X 10_15_7) AppleWebKit/537.36 (KHTML, like Gecko) Chrome/95.0.4638.54 Safari/537.36"
126.88.249.174 - - [24/Nov/2021:01:55:51 +0000] "GET /wp-content/themes/scaffold/style.css?ver=5.8.2 HTTP/2.0" 200 5846 "https://ja.tak-cslab.org/tech-report" "Mozilla/5.0 (Macintosh; Intel Mac OS X 10_15_7) AppleWebKit/537.36 (KHTML, like Gecko) Chrome/95.0.4638.54 Safari/537.36"
126.88.249.174 - - [24/Nov/2021:01:55:52 +0000] "GET /wp-includes/js/wp-emoji-release.min.js?ver=5.8.2 HTTP/2.0" 200 5714 "https://ja.tak-cslab.org/tech-report" "Mozilla/5.0 (Macintosh; Intel Mac OS X 10_15_7) AppleWebKit/537.36 (KHTML, like Gecko) Chrome/95.0.4638.54 Safari/537.36"
34.206.38.217 - - [24/Nov/2021:01:57:15 +0000] "GET /feed HTTP/1.1" 200 55867 "-" "Automate.io BOT"
216.245.221.83 - - [24/Nov/2021:02:00:08 +0000] "HEAD / HTTP/1.1" 301 0 "http://ja.tak-cslab.org/" "Mozilla/5.0+(compatible; UptimeRobot/2.0; http://www.uptimerobot.com/)"
216.245.221.83 - - [24/Nov/2021:02:00:08 +0000] "HEAD / HTTP/1.1" 200 0 "http://ja.tak-cslab.org/" "Mozilla/5.0+(compatible; UptimeRobot/2.0; http://www.uptimerobot.com/)"
163.215.6.1 - - [24/Nov/2021:02:02:15 +0000] "POST /wp-cron.php?doing_wp_cron=1637719335.7103109359741210937500 HTTP/1.1" 200 31 "https://ja.tak-cslab.org/wp-cron.php?doing_wp_cron=1637719335.7103109359741210937500" "WordPress/5.8.2; https://ja.tak-cslab.org"
34.206.38.217 - - [24/Nov/2021:02:02:16 +0000] "GET /feed HTTP/1.1" 200 55861 "-" "Automate.io BOT"
216.245.221.83 - - [24/Nov/2021:02:05:08 +0000] "HEAD / HTTP/1.1" 301 0 "http://ja.tak-cslab.org/" "Mozilla/5.0+(compatible; UptimeRobot/2.0; http://www.uptimerobot.com/)"
216.245.221.83 - - [24/Nov/2021:02:05:08 +0000] "HEAD / HTTP/1.1" 200 0 "http://ja.tak-cslab.org/" "Mozilla/5.0+(compatible; UptimeRobot/2.0; http://www.uptimerobot.com/)"
163.215.6.1 - - [24/Nov/2021:02:06:15 +0000] "GET / HTTP/2.0" 200 6293 "-" "Mozilla/5.0 (Windows NT 10.0; Win64; x64) AppleWebKit/537.36 (KHTML, like Gecko) Chrome/96.0.4664.45 Safari/537.36"
163.215.6.1 - - [24/Nov/2021:02:06:15 +0000] "GET /wp-includes/js/wp-embed.min.js?ver=5.8.2 HTTP/2.0" 304 0 "https://ja.tak-cslab.org/" "Mozilla/5.0 (Windows NT 10.0; Win64; x64) AppleWebKit/537.36 (KHTML, like Gecko) Chrome/96.0.4664.45 Safari/537.36"
163.215.6.1 - - [24/Nov/2021:02:06:15 +0000] "GET /wp-includes/css/dist/block-library/style.min.css?ver=5.8.2 HTTP/2.0" 304 0 "https://ja.tak-cslab.org/" "Mozilla/5.0 (Windows NT 10.0; Win64; x64) AppleWebKit/537.36 (KHTML, like Gecko) Chrome/96.0.4664.45 Safari/537.36"
163.215.6.1 - - [24/Nov/2021:02:06:15 +0000] "GET /wp-includes/js/wp-emoji-release.min.js?ver=5.8.2 HTTP/2.0" 304 0 "https://ja.tak-cslab.org/" "Mozilla/5.0 (Windows NT 10.0; Win64; x64) AppleWebKit/537.36 (KHTML, like Gecko) Chrome/96.0.4664.45 Safari/537.36"
163.215.6.1 - - [24/Nov/2021:02:06:15 +0000] "GET /favicon.ico HTTP/2.0" 302 0 "https://ja.tak-cslab.org/" "Mozilla/5.0 (Windows NT 10.0; Win64; x64) AppleWebKit/537.36 (KHTML, like Gecko) Chrome/96.0.4664.45 Safari/537.36"
163.215.6.1 - - [24/Nov/2021:02:06:15 +0000] "GET /wp-includes/images/w-logo-blue-white-bg.png HTTP/2.0" 200 4119 "https://ja.tak-cslab.org/" "Mozilla/5.0 (Windows NT 10.0; Win64; x64) AppleWebKit/537.36 (KHTML, like Gecko) Chrome/96.0.4664.45 Safari/537.36"
163.215.6.1 - - [24/Nov/2021:02:06:16 +0000] "GET /tech-report HTTP/2.0" 200 12282 "-" "Mozilla/5.0 (Windows NT 10.0; Win64; x64) AppleWebKit/537.36 (KHTML, like Gecko) Chrome/96.0.4664.45 Safari/537.36"
163.215.6.1 - - [24/Nov/2021:02:06:16 +0000] "GET /wp-includes/css/dist/block-library/style.min.css?ver=5.8.2 HTTP/2.0" 200 13704 "https://ja.tak-cslab.org/tech-report" "Mozilla/5.0 (Windows NT 10.0; Win64; x64) AppleWebKit/537.36 (KHTML, like Gecko) Chrome/96.0.4664.45 Safari/537.36"
163.215.6.1 - - [24/Nov/2021:02:06:16 +0000] "GET /wp-content/themes/scaffold/style.css?ver=5.8.2 HTTP/2.0" 200 5846 "https://ja.tak-cslab.org/tech-report" "Mozilla/5.0 (Windows NT 10.0; Win64; x64) AppleWebKit/537.36 (KHTML, like Gecko) Chrome/96.0.4664.45 Safari/537.36"
163.215.6.1 - - [24/Nov/2021:02:06:16 +0000] "GET /wp-content/themes/cdsl/style.css?ver=1.3.1 HTTP/2.0" 200 272 "https://ja.tak-cslab.org/tech-report" "Mozilla/5.0 (Windows NT 10.0; Win64; x64) AppleWebKit/537.36 (KHTML, like Gecko) Chrome/96.0.4664.45 Safari/537.36"
163.215.6.1 - - [24/Nov/2021:02:06:16 +0000] "GET /wp-content/themes/scaffold/assets/js/navigation.js?ver=1.3.1 HTTP/2.0" 200 1266 "https://ja.tak-cslab.org/tech-report" "Mozilla/5.0 (Windows NT 10.0; Win64; x64) AppleWebKit/537.36 (KHTML, like Gecko) Chrome/96.0.4664.45 Safari/537.36"
163.215.6.1 - - [24/Nov/2021:02:06:16 +0000] "GET /wp-includes/js/wp-embed.min.js?ver=5.8.2 HTTP/2.0" 200 779 "https://ja.tak-cslab.org/tech-report" "Mozilla/5.0 (Windows NT 10.0; Win64; x64) AppleWebKit/537.36 (KHTML, like Gecko) Chrome/96.0.4664.45 Safari/537.36"
163.215.6.1 - - [24/Nov/2021:02:06:16 +0000] "GET /wp-includes/js/wp-emoji-release.min.js?ver=5.8.2 HTTP/2.0" 200 5714 "https://ja.tak-cslab.org/tech-report" "Mozilla/5.0 (Windows NT 10.0; Win64; x64) AppleWebKit/537.36 (KHTML, like Gecko) Chrome/96.0.4664.45 Safari/537.36"
163.215.6.1 - - [24/Nov/2021:02:06:16 +0000] "GET /tech-report HTTP/2.0" 200 12282 "https://ja.tak-cslab.org/" "Mozilla/5.0 (Windows NT 10.0; Win64; x64) AppleWebKit/537.36 (KHTML, like Gecko) Chrome/96.0.4664.45 Safari/537.36"
163.215.6.1 - - [24/Nov/2021:02:06:16 +0000] "GET /favicon.ico HTTP/2.0" 302 0 "https://ja.tak-cslab.org/tech-report" "Mozilla/5.0 (Windows NT 10.0; Win64; x64) AppleWebKit/537.36 (KHTML, like Gecko) Chrome/96.0.4664.45 Safari/537.36"
163.215.6.1 - - [24/Nov/2021:02:06:16 +0000] "GET /wp-includes/images/w-logo-blue-white-bg.png HTTP/2.0" 200 4119 "https://ja.tak-cslab.org/tech-report" "Mozilla/5.0 (Windows NT 10.0; Win64; x64) AppleWebKit/537.36 (KHTML, like Gecko) Chrome/96.0.4664.45 Safari/537.36"
34.206.38.217 - - [24/Nov/2021:02:07:15 +0000] "GET /feed HTTP/1.1" 200 55868 "-" "Automate.io BOT"
163.215.6.1 - - [24/Nov/2021:02:08:53 +0000] "GET /10gin_cds1 HTTP/2.0" 200 4502 "-" "Mozilla/5.0 (Macintosh; Intel Mac OS X 10.15; rv:94.0) Gecko/20100101 Firefox/94.0"
163.215.6.1 - - [24/Nov/2021:02:08:53 +0000] "GET /wp-includes/js/jquery/jquery-migrate.min.js?ver=3.3.2 HTTP/2.0" 200 4565 "https://ja.tak-cslab.org/10gin_cds1" "Mozilla/5.0 (Macintosh; Intel Mac OS X 10.15; rv:94.0) Gecko/20100101 Firefox/94.0"
163.215.6.1 - - [24/Nov/2021:02:08:53 +0000] "GET /wp-includes/css/buttons.min.css?ver=5.8.2 HTTP/2.0" 200 1648 "https://ja.tak-cslab.org/10gin_cds1" "Mozilla/5.0 (Macintosh; Intel Mac OS X 10.15; rv:94.0) Gecko/20100101 Firefox/94.0"
163.215.6.1 - - [24/Nov/2021:02:08:53 +0000] "GET /wp-admin/css/l10n.min.css?ver=5.8.2 HTTP/2.0" 200 747 "https://ja.tak-cslab.org/10gin_cds1" "Mozilla/5.0 (Macintosh; Intel Mac OS X 10.15; rv:94.0) Gecko/20100101 Firefox/94.0"
163.215.6.1 - - [24/Nov/2021:02:08:53 +0000] "GET /wp-admin/css/login.min.css?ver=5.8.2 HTTP/2.0" 200 2249 "https://ja.tak-cslab.org/10gin_cds1" "Mozilla/5.0 (Macintosh; Intel Mac OS X 10.15; rv:94.0) Gecko/20100101 Firefox/94.0"
163.215.6.1 - - [24/Nov/2021:02:08:53 +0000] "GET /wp-includes/js/zxcvbn-async.min.js?ver=1.0 HTTP/2.0" 200 258 "https://ja.tak-cslab.org/10gin_cds1" "Mozilla/5.0 (Macintosh; Intel Mac OS X 10.15; rv:94.0) Gecko/20100101 Firefox/94.0"
163.215.6.1 - - [24/Nov/2021:02:08:53 +0000] "GET /wp-includes/js/dist/vendor/regenerator-runtime.min.js?ver=0.13.7 HTTP/2.0" 200 2599 "https://ja.tak-cslab.org/10gin_cds1" "Mozilla/5.0 (Macintosh; Intel Mac OS X 10.15; rv:94.0) Gecko/20100101 Firefox/94.0"
163.215.6.1 - - [24/Nov/2021:02:08:53 +0000] "GET /wp-includes/js/dist/hooks.min.js?ver=a7edae857aab69d69fa10d5aef23a5de HTTP/2.0" 200 1918 "https://ja.tak-cslab.org/10gin_cds1" "Mozilla/5.0 (Macintosh; Intel Mac OS X 10.15; rv:94.0) Gecko/20100101 Firefox/94.0"
163.215.6.1 - - [24/Nov/2021:02:08:53 +0000] "GET /wp-includes/js/dist/i18n.min.js?ver=5f1269854226b4dd90450db411a12b79 HTTP/2.0" 200 4120 "https://ja.tak-cslab.org/10gin_cds1" "Mozilla/5.0 (Macintosh; Intel Mac OS X 10.15; rv:94.0) Gecko/20100101 Firefox/94.0"
163.215.6.1 - - [24/Nov/2021:02:08:53 +0000] "GET /wp-admin/css/forms.min.css?ver=5.8.2 HTTP/2.0" 200 7473 "https://ja.tak-cslab.org/10gin_cds1" "Mozilla/5.0 (Macintosh; Intel Mac OS X 10.15; rv:94.0) Gecko/20100101 Firefox/94.0"
163.215.6.1 - - [24/Nov/2021:02:08:53 +0000] "GET /wp-includes/js/dist/vendor/wp-polyfill.min.js?ver=3.15.0 HTTP/2.0" 200 6737 "https://ja.tak-cslab.org/10gin_cds1" "Mozilla/5.0 (Macintosh; Intel Mac OS X 10.15; rv:94.0) Gecko/20100101 Firefox/94.0"
163.215.6.1 - - [24/Nov/2021:02:08:53 +0000] "GET /wp-includes/css/dashicons.min.css?ver=5.8.2 HTTP/2.0" 200 36701 "https://ja.tak-cslab.org/10gin_cds1" "Mozilla/5.0 (Macintosh; Intel Mac OS X 10.15; rv:94.0) Gecko/20100101 Firefox/94.0"
163.215.6.1 - - [24/Nov/2021:02:08:53 +0000] "GET /wp-includes/js/wp-util.min.js?ver=5.8.2 HTTP/2.0" 200 719 "https://ja.tak-cslab.org/10gin_cds1" "Mozilla/5.0 (Macintosh; Intel Mac OS X 10.15; rv:94.0) Gecko/20100101 Firefox/94.0"
163.215.6.1 - - [24/Nov/2021:02:08:53 +0000] "GET /wp-admin/js/password-strength-meter.min.js?ver=5.8.2 HTTP/2.0" 200 630 "https://ja.tak-cslab.org/10gin_cds1" "Mozilla/5.0 (Macintosh; Intel Mac OS X 10.15; rv:94.0) Gecko/20100101 Firefox/94.0"
163.215.6.1 - - [24/Nov/2021:02:08:53 +0000] "GET /wp-includes/js/jquery/jquery.min.js?ver=3.6.0 HTTP/2.0" 200 36052 "https://ja.tak-cslab.org/10gin_cds1" "Mozilla/5.0 (Macintosh; Intel Mac OS X 10.15; rv:94.0) Gecko/20100101 Firefox/94.0"
163.215.6.1 - - [24/Nov/2021:02:08:53 +0000] "GET /wp-admin/js/user-profile.min.js?ver=5.8.2 HTTP/2.0" 200 2463 "https://ja.tak-cslab.org/10gin_cds1" "Mozilla/5.0 (Macintosh; Intel Mac OS X 10.15; rv:94.0) Gecko/20100101 Firefox/94.0"
163.215.6.1 - - [24/Nov/2021:02:08:53 +0000] "GET /wp-includes/js/underscore.min.js?ver=1.13.1 HTTP/2.0" 200 8109 "https://ja.tak-cslab.org/10gin_cds1" "Mozilla/5.0 (Macintosh; Intel Mac OS X 10.15; rv:94.0) Gecko/20100101 Firefox/94.0"
163.215.6.1 - - [24/Nov/2021:02:08:53 +0000] "GET /wp-admin/images/wordpress-logo.svg?ver=20131107 HTTP/2.0" 200 1521 "https://ja.tak-cslab.org/wp-admin/css/login.min.css?ver=5.8.2" "Mozilla/5.0 (Macintosh; Intel Mac OS X 10.15; rv:94.0) Gecko/20100101 Firefox/94.0"
163.215.6.1 - - [24/Nov/2021:02:08:53 +0000] "GET /wp-content/plugins/google-apps-login//img/google.svg HTTP/2.0" 200 3821 "https://ja.tak-cslab.org/10gin_cds1" "Mozilla/5.0 (Macintosh; Intel Mac OS X 10.15; rv:94.0) Gecko/20100101 Firefox/94.0"
163.215.6.1 - - [24/Nov/2021:02:08:53 +0000] "GET /wp-includes/js/wp-util.min.js?ver=5.8.2 HTTP/2.0" 200 719 "-" "Mozilla/5.0 (Macintosh; Intel Mac OS X 10.15; rv:94.0) Gecko/20100101 Firefox/94.0"
163.215.6.1 - - [24/Nov/2021:02:08:53 +0000] "GET /wp-admin/js/user-profile.min.js?ver=5.8.2 HTTP/2.0" 200 2463 "-" "Mozilla/5.0 (Macintosh; Intel Mac OS X 10.15; rv:94.0) Gecko/20100101 Firefox/94.0"
163.215.6.1 - - [24/Nov/2021:02:08:53 +0000] "GET /wp-admin/js/password-strength-meter.min.js?ver=5.8.2 HTTP/2.0" 200 630 "-" "Mozilla/5.0 (Macintosh; Intel Mac OS X 10.15; rv:94.0) Gecko/20100101 Firefox/94.0"
163.215.6.1 - - [24/Nov/2021:02:08:53 +0000] "GET /wp-includes/js/zxcvbn.min.js HTTP/2.0" 200 440333 "https://ja.tak-cslab.org/10gin_cds1" "Mozilla/5.0 (Macintosh; Intel Mac OS X 10.15; rv:94.0) Gecko/20100101 Firefox/94.0"
35.245.188.175 - - [24/Nov/2021:02:08:54 +0000] "GET / HTTP/1.1" 301 162 "-" "Mozilla/5.0 (Windows NT 6.1; WOW64; Trident/7.0; rv:11.0) like Gecko"
35.245.188.175 - - [24/Nov/2021:02:08:54 +0000] "GET / HTTP/1.1" 301 162 "-" "Mozilla/5.0 (Windows NT 6.1; WOW64; Trident/7.0; rv:11.0) like Gecko"
35.245.188.175 - - [24/Nov/2021:02:08:55 +0000] "GET / HTTP/1.1" 200 22053 "-" "Mozilla/5.0 (Windows NT 6.1; WOW64; Trident/7.0; rv:11.0) like Gecko"
35.245.188.175 - - [24/Nov/2021:02:08:55 +0000] "GET / HTTP/1.1" 200 22053 "-" "Mozilla/5.0 (Windows NT 6.1; WOW64; Trident/7.0; rv:11.0) like Gecko"
163.215.6.1 - - [24/Nov/2021:02:09:00 +0000] "GET /10gin_cds1?state=3d69a1ef77%257C&code=4/0AX4XfWjcu3vCt9Vte4OgiN-SWNu2v6Y7VggWG96aKdL4dLg_c6VDceg5CoI5HcheL9Rc8w&scope=email%20profile%20openid%20https://www.googleapis.com/auth/userinfo.email%20https://www.googleapis.com/auth/userinfo.profile&authuser=0&hd=edu.teu.ac.jp&prompt=none HTTP/2.0" 302 0 "https://accounts.google.com/" "Mozilla/5.0 (Macintosh; Intel Mac OS X 10.15; rv:94.0) Gecko/20100101 Firefox/94.0"
163.215.6.1 - - [24/Nov/2021:02:09:02 +0000] "GET /wp-admin/ HTTP/2.0" 200 26171 "https://accounts.google.com/" "Mozilla/5.0 (Macintosh; Intel Mac OS X 10.15; rv:94.0) Gecko/20100101 Firefox/94.0"
163.215.6.1 - - [24/Nov/2021:02:09:02 +0000] "GET /wp-includes/js/thickbox/thickbox.css?ver=5.8.2 HTTP/2.0" 200 1032 "https://ja.tak-cslab.org/wp-admin/" "Mozilla/5.0 (Macintosh; Intel Mac OS X 10.15; rv:94.0) Gecko/20100101 Firefox/94.0"
163.215.6.1 - - [24/Nov/2021:02:09:02 +0000] "GET /wp-content/plugins/seo-simple-pack/dist/css/common.css?ver=2.2.7 HTTP/2.0" 200 389 "https://ja.tak-cslab.org/wp-admin/" "Mozilla/5.0 (Macintosh; Intel Mac OS X 10.15; rv:94.0) Gecko/20100101 Firefox/94.0"
163.215.6.1 - - [24/Nov/2021:02:09:02 +0000] "GET /wp-content/plugins/wp-statistics/assets/css/jqvmap/jqvmap.min.css?ver=1.5.1 HTTP/2.0" 200 296 "https://ja.tak-cslab.org/wp-admin/" "Mozilla/5.0 (Macintosh; Intel Mac OS X 10.15; rv:94.0) Gecko/20100101 Firefox/94.0"
163.215.6.1 - - [24/Nov/2021:02:09:02 +0000] "GET /wp-content/plugins/sendgrid-email-delivery-simplified/view/css/sendgrid.css?ver=5.8.2 HTTP/2.0" 200 1828 "https://ja.tak-cslab.org/wp-admin/" "Mozilla/5.0 (Macintosh; Intel Mac OS X 10.15; rv:94.0) Gecko/20100101 Firefox/94.0"
163.215.6.1 - - [24/Nov/2021:02:09:02 +0000] "GET /wp-admin/css/colors/ectoplasm/colors.min.css?ver=5.8.2 HTTP/2.0" 200 3799 "https://ja.tak-cslab.org/wp-admin/" "Mozilla/5.0 (Macintosh; Intel Mac OS X 10.15; rv:94.0) Gecko/20100101 Firefox/94.0"
163.215.6.1 - - [24/Nov/2021:02:09:02 +0000] "GET /wp-content/plugins/sendgrid-email-delivery-simplified/view/css/datepicker/smoothness/jquery-ui-1.10.3.custom.css?ver=5.8.2 HTTP/2.0" 200 4761 "https://ja.tak-cslab.org/wp-admin/" "Mozilla/5.0 (Macintosh; Intel Mac OS X 10.15; rv:94.0) Gecko/20100101 Firefox/94.0"
163.215.6.1 - - [24/Nov/2021:02:09:02 +0000] "GET /wp-includes/js/wp-auth-check.min.js?ver=5.8.2 HTTP/2.0" 200 793 "https://ja.tak-cslab.org/wp-admin/" "Mozilla/5.0 (Macintosh; Intel Mac OS X 10.15; rv:94.0) Gecko/20100101 Firefox/94.0"
163.215.6.1 - - [24/Nov/2021:02:09:02 +0000] "GET /wp-content/plugins/wp-statistics/assets/js/jqvmap/jquery.vmap.min.js?ver=1.5.1 HTTP/2.0" 200 7214 "https://ja.tak-cslab.org/wp-admin/" "Mozilla/5.0 (Macintosh; Intel Mac OS X 10.15; rv:94.0) Gecko/20100101 Firefox/94.0"
163.215.6.1 - - [24/Nov/2021:02:09:02 +0000] "GET /wp-includes/js/dist/i18n.min.js?ver=5f1269854226b4dd90450db411a12b79 HTTP/2.0" 200 4120 "-" "Mozilla/5.0 (Macintosh; Intel Mac OS X 10.15; rv:94.0) Gecko/20100101 Firefox/94.0"
163.215.6.1 - - [24/Nov/2021:02:09:02 +0000] "GET /wp-includes/js/underscore.min.js?ver=1.13.1 HTTP/2.0" 200 8109 "-" "Mozilla/5.0 (Macintosh; Intel Mac OS X 10.15; rv:94.0) Gecko/20100101 Firefox/94.0"
163.215.6.1 - - [24/Nov/2021:02:09:02 +0000] "GET /wp-includes/js/wp-auth-check.min.js?ver=5.8.2 HTTP/2.0" 200 793 "-" "Mozilla/5.0 (Macintosh; Intel Mac OS X 10.15; rv:94.0) Gecko/20100101 Firefox/94.0"
163.215.6.1 - - [24/Nov/2021:02:09:02 +0000] "GET /wp-content/plugins/wp-statistics/assets/js/jqvmap/jquery.vmap.min.js?ver=1.5.1 HTTP/2.0" 200 7214 "-" "Mozilla/5.0 (Macintosh; Intel Mac OS X 10.15; rv:94.0) Gecko/20100101 Firefox/94.0"
163.215.6.1 - - [24/Nov/2021:02:09:02 +0000] "GET /wp-content/plugins/sendgrid-email-delivery-simplified/view/js/sendgrid.stats-v1.7.3.js?ver=5.8.2 HTTP/2.0" 200 4514 "https://ja.tak-cslab.org/wp-admin/" "Mozilla/5.0 (Macintosh; Intel Mac OS X 10.15; rv:94.0) Gecko/20100101 Firefox/94.0"
163.215.6.1 - - [24/Nov/2021:02:09:02 +0000] "GET /wp-content/plugins/sendgrid-email-delivery-simplified/view/js/jquery.flot.time.js?ver=5.8.2 HTTP/2.0" 200 4190 "https://ja.tak-cslab.org/wp-admin/" "Mozilla/5.0 (Macintosh; Intel Mac OS X 10.15; rv:94.0) Gecko/20100101 Firefox/94.0"
163.215.6.1 - - [24/Nov/2021:02:09:02 +0000] "GET /wp-admin/load-styles.php?c=0&dir=ltr&load%5Bchunk_0%5D=dashicons,admin-bar,site-health,common,forms,admin-menu,dashboard,list-tables,edit,revisions,media,themes,about,nav-menus,wp-poi&load%5Bchunk_1%5D=nter,widgets,site-icon,l10n,buttons,wp-auth-check&ver=5.8.2 HTTP/2.0" 200 120254 "https://ja.tak-cslab.org/wp-admin/" "Mozilla/5.0 (Macintosh; Intel Mac OS X 10.15; rv:94.0) Gecko/20100101 Firefox/94.0"
163.215.6.1 - - [24/Nov/2021:02:09:02 +0000] "GET /wp-content/plugins/wp-statistics/assets/css/admin.min.css?ver=13.1.2 HTTP/2.0" 200 15362 "https://ja.tak-cslab.org/wp-admin/" "Mozilla/5.0 (Macintosh; Intel Mac OS X 10.15; rv:94.0) Gecko/20100101 Firefox/94.0"
163.215.6.1 - - [24/Nov/2021:02:09:02 +0000] "GET /wp-content/plugins/wp-statistics/assets/js/chartjs/chart.min.js?ver=3.5.1 HTTP/2.0" 200 76107 "https://ja.tak-cslab.org/wp-admin/" "Mozilla/5.0 (Macintosh; Intel Mac OS X 10.15; rv:94.0) Gecko/20100101 Firefox/94.0"
163.215.6.1 - - [24/Nov/2021:02:09:02 +0000] "GET /wp-content/plugins/wp-statistics/assets/js/admin.min.js?ver=13.1.2 HTTP/2.0" 200 13994 "https://ja.tak-cslab.org/wp-admin/" "Mozilla/5.0 (Macintosh; Intel Mac OS X 10.15; rv:94.0) Gecko/20100101 Firefox/94.0"
163.215.6.1 - - [24/Nov/2021:02:09:02 +0000] "GET /wp-content/plugins/wp-statistics/assets/js/jqvmap/jquery.vmap.world.min.js?ver=1.5.1 HTTP/2.0" 200 26398 "https://ja.tak-cslab.org/wp-admin/" "Mozilla/5.0 (Macintosh; Intel Mac OS X 10.15; rv:94.0) Gecko/20100101 Firefox/94.0"
163.215.6.1 - - [24/Nov/2021:02:09:02 +0000] "GET /wp-content/plugins/sendgrid-email-delivery-simplified/view/js/sendgrid.stats-v1.7.3.js?ver=5.8.2 HTTP/2.0" 200 4514 "-" "Mozilla/5.0 (Macintosh; Intel Mac OS X 10.15; rv:94.0) Gecko/20100101 Firefox/94.0"
163.215.6.1 - - [24/Nov/2021:02:09:02 +0000] "GET /wp-content/plugins/sendgrid-email-delivery-simplified/view/js/jquery.flot.js?ver=5.8.2 HTTP/2.0" 200 29870 "https://ja.tak-cslab.org/wp-admin/" "Mozilla/5.0 (Macintosh; Intel Mac OS X 10.15; rv:94.0) Gecko/20100101 Firefox/94.0"
163.215.6.1 - - [24/Nov/2021:02:09:02 +0000] "GET /wp-content/plugins/sendgrid-email-delivery-simplified/view/js/jquery.flot.time.js?ver=5.8.2 HTTP/2.0" 200 4190 "-" "Mozilla/5.0 (Macintosh; Intel Mac OS X 10.15; rv:94.0) Gecko/20100101 Firefox/94.0"
163.215.6.1 - - [24/Nov/2021:02:09:02 +0000] "GET /wp-admin/load-scripts.php?c=0&load%5Bchunk_0%5D=jquery-core,jquery-migrate,utils&ver=5.8.2 HTTP/2.0" 200 40810 "https://ja.tak-cslab.org/wp-admin/" "Mozilla/5.0 (Macintosh; Intel Mac OS X 10.15; rv:94.0) Gecko/20100101 Firefox/94.0"
163.215.6.1 - - [24/Nov/2021:02:09:02 +0000] "GET /wp-content/plugins/wp-statistics/assets/js/chartjs/chart.min.js?ver=3.5.1 HTTP/2.0" 200 76107 "-" "Mozilla/5.0 (Macintosh; Intel Mac OS X 10.15; rv:94.0) Gecko/20100101 Firefox/94.0"
163.215.6.1 - - [24/Nov/2021:02:09:02 +0000] "GET /wp-content/plugins/wp-statistics/assets/js/admin.min.js?ver=13.1.2 HTTP/2.0" 200 13994 "-" "Mozilla/5.0 (Macintosh; Intel Mac OS X 10.15; rv:94.0) Gecko/20100101 Firefox/94.0"
163.215.6.1 - - [24/Nov/2021:02:09:02 +0000] "GET /wp-content/plugins/wp-statistics/assets/js/jqvmap/jquery.vmap.world.min.js?ver=1.5.1 HTTP/2.0" 200 26398 "-" "Mozilla/5.0 (Macintosh; Intel Mac OS X 10.15; rv:94.0) Gecko/20100101 Firefox/94.0"
163.215.6.1 - - [24/Nov/2021:02:09:02 +0000] "GET /wp-content/plugins/sendgrid-email-delivery-simplified/view/js/jquery.flot.js?ver=5.8.2 HTTP/2.0" 200 29870 "-" "Mozilla/5.0 (Macintosh; Intel Mac OS X 10.15; rv:94.0) Gecko/20100101 Firefox/94.0"
163.215.6.1 - - [24/Nov/2021:02:09:02 +0000] "GET /wp-admin/load-scripts.php?c=0&load%5Bchunk_0%5D=jquery-core,jquery-migrate,utils&ver=5.8.2 HTTP/2.0" 200 40810 "-" "Mozilla/5.0 (Macintosh; Intel Mac OS X 10.15; rv:94.0) Gecko/20100101 Firefox/94.0"
35.245.188.175 - - [24/Nov/2021:02:09:03 +0000] "GET / HTTP/1.1" 301 162 "-" "Mozilla/5.0 (Windows NT 6.1; WOW64; Trident/7.0; rv:11.0) like Gecko"
163.215.6.1 - - [24/Nov/2021:02:09:03 +0000] "GET /wp-includes/js/heartbeat.min.js?ver=5.8.2 HTTP/2.0" 200 2189 "https://ja.tak-cslab.org/wp-admin/" "Mozilla/5.0 (Macintosh; Intel Mac OS X 10.15; rv:94.0) Gecko/20100101 Firefox/94.0"
163.215.6.1 - - [24/Nov/2021:02:09:03 +0000] "GET /wp-admin/js/svg-painter.js?ver=5.8.2 HTTP/2.0" 200 2290 "https://ja.tak-cslab.org/wp-admin/" "Mozilla/5.0 (Macintosh; Intel Mac OS X 10.15; rv:94.0) Gecko/20100101 Firefox/94.0"
163.215.6.1 - - [24/Nov/2021:02:09:03 +0000] "GET /wp-admin/js/media-upload.min.js?ver=5.8.2 HTTP/2.0" 200 629 "https://ja.tak-cslab.org/wp-admin/" "Mozilla/5.0 (Macintosh; Intel Mac OS X 10.15; rv:94.0) Gecko/20100101 Firefox/94.0"
163.215.6.1 - - [24/Nov/2021:02:09:03 +0000] "GET /wp-includes/js/shortcode.min.js?ver=5.8.2 HTTP/2.0" 200 1200 "https://ja.tak-cslab.org/wp-admin/" "Mozilla/5.0 (Macintosh; Intel Mac OS X 10.15; rv:94.0) Gecko/20100101 Firefox/94.0"
163.215.6.1 - - [24/Nov/2021:02:09:03 +0000] "GET /wp-includes/js/wp-sanitize.min.js?ver=5.8.2 HTTP/2.0" 200 284 "https://ja.tak-cslab.org/wp-admin/" "Mozilla/5.0 (Macintosh; Intel Mac OS X 10.15; rv:94.0) Gecko/20100101 Firefox/94.0"
163.215.6.1 - - [24/Nov/2021:02:09:03 +0000] "GET /wp-admin/js/plugin-install.min.js?ver=5.8.2 HTTP/2.0" 200 1072 "https://ja.tak-cslab.org/wp-admin/" "Mozilla/5.0 (Macintosh; Intel Mac OS X 10.15; rv:94.0) Gecko/20100101 Firefox/94.0"
163.215.6.1 - - [24/Nov/2021:02:09:03 +0000] "GET /wp-admin/js/dashboard.min.js?ver=5.8.2 HTTP/2.0" 200 3313 "https://ja.tak-cslab.org/wp-admin/" "Mozilla/5.0 (Macintosh; Intel Mac OS X 10.15; rv:94.0) Gecko/20100101 Firefox/94.0"
163.215.6.1 - - [24/Nov/2021:02:09:03 +0000] "GET /wp-admin/js/postbox.min.js?ver=5.8.2 HTTP/2.0" 200 2477 "https://ja.tak-cslab.org/wp-admin/" "Mozilla/5.0 (Macintosh; Intel Mac OS X 10.15; rv:94.0) Gecko/20100101 Firefox/94.0"
163.215.6.1 - - [24/Nov/2021:02:09:03 +0000] "GET /wp-includes/js/thickbox/thickbox.js?ver=3.1-20121105 HTTP/2.0" 200 4488 "https://ja.tak-cslab.org/wp-admin/" "Mozilla/5.0 (Macintosh; Intel Mac OS X 10.15; rv:94.0) Gecko/20100101 Firefox/94.0"
163.215.6.1 - - [24/Nov/2021:02:09:03 +0000] "GET /wp-includes/js/jquery/ui/datepicker.min.js?ver=1.12.1 HTTP/2.0" 200 12584 "https://ja.tak-cslab.org/wp-admin/" "Mozilla/5.0 (Macintosh; Intel Mac OS X 10.15; rv:94.0) Gecko/20100101 Firefox/94.0"
163.215.6.1 - - [24/Nov/2021:02:09:03 +0000] "GET /wp-admin/js/updates.min.js?ver=5.8.2 HTTP/2.0" 200 11090 "https://ja.tak-cslab.org/wp-admin/" "Mozilla/5.0 (Macintosh; Intel Mac OS X 10.15; rv:94.0) Gecko/20100101 Firefox/94.0"
163.215.6.1 - - [24/Nov/2021:02:09:03 +0000] "GET /wp-includes/js/dist/vendor/moment.min.js?ver=2.29.1 HTTP/2.0" 200 21325 "https://ja.tak-cslab.org/wp-admin/" "Mozilla/5.0 (Macintosh; Intel Mac OS X 10.15; rv:94.0) Gecko/20100101 Firefox/94.0"
163.215.6.1 - - [24/Nov/2021:02:09:03 +0000] "GET /wp-includes/js/jquery/ui/sortable.min.js?ver=1.12.1 HTTP/2.0" 200 7661 "https://ja.tak-cslab.org/wp-admin/" "Mozilla/5.0 (Macintosh; Intel Mac OS X 10.15; rv:94.0) Gecko/20100101 Firefox/94.0"
163.215.6.1 - - [24/Nov/2021:02:09:03 +0000] "GET /wp-includes/js/heartbeat.min.js?ver=5.8.2 HTTP/2.0" 200 2189 "-" "Mozilla/5.0 (Macintosh; Intel Mac OS X 10.15; rv:94.0) Gecko/20100101 Firefox/94.0"
163.215.6.1 - - [24/Nov/2021:02:09:03 +0000] "GET /wp-admin/js/svg-painter.js?ver=5.8.2 HTTP/2.0" 200 2290 "-" "Mozilla/5.0 (Macintosh; Intel Mac OS X 10.15; rv:94.0) Gecko/20100101 Firefox/94.0"
163.215.6.1 - - [24/Nov/2021:02:09:03 +0000] "GET /wp-includes/js/wp-sanitize.min.js?ver=5.8.2 HTTP/2.0" 200 284 "-" "Mozilla/5.0 (Macintosh; Intel Mac OS X 10.15; rv:94.0) Gecko/20100101 Firefox/94.0"
163.215.6.1 - - [24/Nov/2021:02:09:03 +0000] "GET /wp-admin/js/edit-comments.min.js?ver=5.8.2 HTTP/2.0" 200 5780 "https://ja.tak-cslab.org/wp-admin/" "Mozilla/5.0 (Macintosh; Intel Mac OS X 10.15; rv:94.0) Gecko/20100101 Firefox/94.0"
163.215.6.1 - - [24/Nov/2021:02:09:03 +0000] "GET /wp-includes/js/jquery/ui/core.min.js?ver=1.12.1 HTTP/2.0" 200 7680 "https://ja.tak-cslab.org/wp-admin/" "Mozilla/5.0 (Macintosh; Intel Mac OS X 10.15; rv:94.0) Gecko/20100101 Firefox/94.0"
163.215.6.1 - - [24/Nov/2021:02:09:03 +0000] "GET /wp-includes/js/thickbox/thickbox.js?ver=3.1-20121105 HTTP/2.0" 200 4488 "-" "Mozilla/5.0 (Macintosh; Intel Mac OS X 10.15; rv:94.0) Gecko/20100101 Firefox/94.0"
163.215.6.1 - - [24/Nov/2021:02:09:03 +0000] "GET /wp-admin/js/common.min.js?ver=5.8.2 HTTP/2.0" 200 7288 "https://ja.tak-cslab.org/wp-admin/" "Mozilla/5.0 (Macintosh; Intel Mac OS X 10.15; rv:94.0) Gecko/20100101 Firefox/94.0"
163.215.6.1 - - [24/Nov/2021:02:09:03 +0000] "GET /wp-admin/load-scripts.php?c=0&load%5Bchunk_0%5D=hoverIntent,regenerator-runtime,wp-polyfill,wp-hooks&ver=5.8.2 HTTP/2.0" 200 11595 "https://ja.tak-cslab.org/wp-admin/" "Mozilla/5.0 (Macintosh; Intel Mac OS X 10.15; rv:94.0) Gecko/20100101 Firefox/94.0"
163.215.6.1 - - [24/Nov/2021:02:09:03 +0000] "GET /wp-includes/js/dist/vendor/moment.min.js?ver=2.29.1 HTTP/2.0" 200 21325 "-" "Mozilla/5.0 (Macintosh; Intel Mac OS X 10.15; rv:94.0) Gecko/20100101 Firefox/94.0"
