222.151.32.28 - - [03/Dec/2021:13:43:20 +0000] "GET /wp-includes/js/dist/redux-routine.min.js?ver=fd5f93d1f8206c65d1891cf1f898211e HTTP/2.0" 200 3284 "https://ja.tak-cslab.org/wp-admin/post.php?post=117&action=edit" "Mozilla/5.0 (Windows NT 10.0; Win64; x64) AppleWebKit/537.36 (KHTML, like Gecko) Chrome/96.0.4664.45 Safari/537.36"
222.151.32.28 - - [03/Dec/2021:13:43:20 +0000] "GET /wp-includes/js/dist/vendor/react-dom.min.js?ver=16.13.1 HTTP/2.0" 200 44586 "https://ja.tak-cslab.org/wp-admin/post.php?post=117&action=edit" "Mozilla/5.0 (Windows NT 10.0; Win64; x64) AppleWebKit/537.36 (KHTML, like Gecko) Chrome/96.0.4664.45 Safari/537.36"
222.151.32.28 - - [03/Dec/2021:13:43:20 +0000] "GET /wp-includes/js/media-audiovideo.min.js?ver=5.8.2 HTTP/2.0" 200 4214 "https://ja.tak-cslab.org/wp-admin/post.php?post=117&action=edit" "Mozilla/5.0 (Windows NT 10.0; Win64; x64) AppleWebKit/537.36 (KHTML, like Gecko) Chrome/96.0.4664.45 Safari/537.36"
222.151.32.28 - - [03/Dec/2021:13:43:20 +0000] "GET /wp-includes/js/media-editor.min.js?ver=5.8.2 HTTP/2.0" 200 4059 "https://ja.tak-cslab.org/wp-admin/post.php?post=117&action=edit" "Mozilla/5.0 (Windows NT 10.0; Win64; x64) AppleWebKit/537.36 (KHTML, like Gecko) Chrome/96.0.4664.45 Safari/537.36"
222.151.32.28 - - [03/Dec/2021:13:43:20 +0000] "GET /wp-admin/load-scripts.php?c=0&load%5Bchunk_0%5D=jquery-core,jquery-migrate,utils,moxiejs,plupload&ver=5.8.2 HTTP/2.0" 200 79067 "https://ja.tak-cslab.org/wp-admin/post.php?post=117&action=edit" "Mozilla/5.0 (Windows NT 10.0; Win64; x64) AppleWebKit/537.36 (KHTML, like Gecko) Chrome/96.0.4664.45 Safari/537.36"
222.151.32.28 - - [03/Dec/2021:13:43:20 +0000] "GET /wp-includes/js/dist/format-library.min.js?ver=c765b263eb6bc434e4b93dfc8771aaaf HTTP/2.0" 200 6497 "https://ja.tak-cslab.org/wp-admin/post.php?post=117&action=edit" "Mozilla/5.0 (Windows NT 10.0; Win64; x64) AppleWebKit/537.36 (KHTML, like Gecko) Chrome/96.0.4664.45 Safari/537.36"
222.151.32.28 - - [03/Dec/2021:13:43:20 +0000] "GET /wp-admin/js/editor.min.js?ver=5.8.2 HTTP/2.0" 200 5197 "https://ja.tak-cslab.org/wp-admin/post.php?post=117&action=edit" "Mozilla/5.0 (Windows NT 10.0; Win64; x64) AppleWebKit/537.36 (KHTML, like Gecko) Chrome/96.0.4664.45 Safari/537.36"
222.151.32.28 - - [03/Dec/2021:13:43:20 +0000] "GET /wp-includes/js/backbone.min.js?ver=1.4.0 HTTP/2.0" 200 9088 "https://ja.tak-cslab.org/wp-admin/post.php?post=117&action=edit" "Mozilla/5.0 (Windows NT 10.0; Win64; x64) AppleWebKit/537.36 (KHTML, like Gecko) Chrome/96.0.4664.45 Safari/537.36"
222.151.32.28 - - [03/Dec/2021:13:43:20 +0000] "GET /wp-includes/js/dist/core-data.min.js?ver=fe45a7066c931b4d3d0ff96789da023d HTTP/2.0" 200 14539 "https://ja.tak-cslab.org/wp-admin/post.php?post=117&action=edit" "Mozilla/5.0 (Windows NT 10.0; Win64; x64) AppleWebKit/537.36 (KHTML, like Gecko) Chrome/96.0.4664.45 Safari/537.36"
222.151.32.28 - - [03/Dec/2021:13:43:20 +0000] "GET /wp-includes/js/dist/dom.min.js?ver=a82fdb54a6baeb86aa639117061bf119 HTTP/2.0" 200 5318 "https://ja.tak-cslab.org/wp-admin/post.php?post=117&action=edit" "Mozilla/5.0 (Windows NT 10.0; Win64; x64) AppleWebKit/537.36 (KHTML, like Gecko) Chrome/96.0.4664.45 Safari/537.36"
222.151.32.28 - - [03/Dec/2021:13:43:20 +0000] "GET /wp-includes/js/dist/block-editor.min.js?ver=fc8c27c6e95e7e0d59b4e344cb9ddfed HTTP/2.0" 200 142939 "https://ja.tak-cslab.org/wp-admin/post.php?post=117&action=edit" "Mozilla/5.0 (Windows NT 10.0; Win64; x64) AppleWebKit/537.36 (KHTML, like Gecko) Chrome/96.0.4664.45 Safari/537.36"
222.151.32.28 - - [03/Dec/2021:13:43:20 +0000] "GET /wp-includes/js/mediaelement/wp-mediaelement.min.js?ver=5.8.2 HTTP/2.0" 200 482 "https://ja.tak-cslab.org/wp-admin/post.php?post=117&action=edit" "Mozilla/5.0 (Windows NT 10.0; Win64; x64) AppleWebKit/537.36 (KHTML, like Gecko) Chrome/96.0.4664.45 Safari/537.36"
222.151.32.28 - - [03/Dec/2021:13:43:20 +0000] "GET /wp-includes/js/dist/blocks.min.js?ver=7ed7fe32dad771c4e0af4f56539ff156 HTTP/2.0" 200 55554 "https://ja.tak-cslab.org/wp-admin/post.php?post=117&action=edit" "Mozilla/5.0 (Windows NT 10.0; Win64; x64) AppleWebKit/537.36 (KHTML, like Gecko) Chrome/96.0.4664.45 Safari/537.36"
222.151.32.28 - - [03/Dec/2021:13:43:20 +0000] "GET /wp-includes/js/dist/compose.min.js?ver=35754587ca81a116927d3de1017f4fa0 HTTP/2.0" 200 11962 "https://ja.tak-cslab.org/wp-admin/post.php?post=117&action=edit" "Mozilla/5.0 (Windows NT 10.0; Win64; x64) AppleWebKit/537.36 (KHTML, like Gecko) Chrome/96.0.4664.45 Safari/537.36"
222.151.32.28 - - [03/Dec/2021:13:43:20 +0000] "GET /wp-includes/js/media-views.min.js?ver=5.8.2 HTTP/2.0" 200 33759 "https://ja.tak-cslab.org/wp-admin/post.php?post=117&action=edit" "Mozilla/5.0 (Windows NT 10.0; Win64; x64) AppleWebKit/537.36 (KHTML, like Gecko) Chrome/96.0.4664.45 Safari/537.36"
222.151.32.28 - - [03/Dec/2021:13:43:20 +0000] "GET /wp-includes/js/dist/data-controls.min.js?ver=cb4174d77c57f56732dc41d3bf3b2781 HTTP/2.0" 200 900 "https://ja.tak-cslab.org/wp-admin/post.php?post=117&action=edit" "Mozilla/5.0 (Windows NT 10.0; Win64; x64) AppleWebKit/537.36 (KHTML, like Gecko) Chrome/96.0.4664.45 Safari/537.36"
222.151.32.28 - - [03/Dec/2021:13:43:20 +0000] "GET /wp-admin/load-styles.php?c=0&dir=ltr&load%5Bchunk_0%5D=dashicons,admin-bar,buttons,media-views,editor-buttons,wp-components,wp-block-editor,wp-nux,wp-reusable-blocks,wp-editor,common,&load%5Bchunk_1%5D=forms,wp-reset-editor-styles,wp-block-library,wp-editor-classic-layout-styles,wp-edit-blocks,wp-edit-post,wp-block-directory,wp-&load%5Bchunk_2%5D=format-library,admin-menu,dashboard,list-tables,edit,revisions,media,themes,about,nav-menus,wp-pointer,widgets,site-icon,l10n,wp&load%5Bchunk_3%5D=-auth-check&ver=5.8.2 HTTP/2.0" 200 216649 "https://ja.tak-cslab.org/wp-admin/post.php?post=117&action=edit" "Mozilla/5.0 (Windows NT 10.0; Win64; x64) AppleWebKit/537.36 (KHTML, like Gecko) Chrome/96.0.4664.45 Safari/537.36"
222.151.32.28 - - [03/Dec/2021:13:43:20 +0000] "GET /wp-includes/js/mediaelement/mediaelement-migrate.min.js?ver=5.8.2 HTTP/2.0" 200 559 "https://ja.tak-cslab.org/wp-admin/post.php?post=117&action=edit" "Mozilla/5.0 (Windows NT 10.0; Win64; x64) AppleWebKit/537.36 (KHTML, like Gecko) Chrome/96.0.4664.45 Safari/537.36"
222.151.32.28 - - [03/Dec/2021:13:43:20 +0000] "GET /wp-includes/js/mediaelement/mediaelement-and-player.min.js?ver=4.2.16 HTTP/2.0" 200 46900 "https://ja.tak-cslab.org/wp-admin/post.php?post=117&action=edit" "Mozilla/5.0 (Windows NT 10.0; Win64; x64) AppleWebKit/537.36 (KHTML, like Gecko) Chrome/96.0.4664.45 Safari/537.36"
222.151.32.28 - - [03/Dec/2021:13:43:20 +0000] "GET /wp-includes/js/dist/viewport.min.js?ver=57f92677272305fe301d0d0616d6c8c7 HTTP/2.0" 200 1396 "https://ja.tak-cslab.org/wp-admin/post.php?post=117&action=edit" "Mozilla/5.0 (Windows NT 10.0; Win64; x64) AppleWebKit/537.36 (KHTML, like Gecko) Chrome/96.0.4664.45 Safari/537.36"
222.151.32.28 - - [03/Dec/2021:13:43:20 +0000] "GET /wp-includes/js/dist/server-side-render.min.js?ver=e68a4eae1f1e1f9a993d3bfbb601bad3 HTTP/2.0" 200 1775 "https://ja.tak-cslab.org/wp-admin/post.php?post=117&action=edit" "Mozilla/5.0 (Windows NT 10.0; Win64; x64) AppleWebKit/537.36 (KHTML, like Gecko) Chrome/96.0.4664.45 Safari/537.36"
222.151.32.28 - - [03/Dec/2021:13:43:20 +0000] "GET /wp-includes/js/dist/reusable-blocks.min.js?ver=f210f01a481601fc2639d3f839449c5c HTTP/2.0" 200 2817 "https://ja.tak-cslab.org/wp-admin/post.php?post=117&action=edit" "Mozilla/5.0 (Windows NT 10.0; Win64; x64) AppleWebKit/537.36 (KHTML, like Gecko) Chrome/96.0.4664.45 Safari/537.36"
222.151.32.28 - - [03/Dec/2021:13:43:20 +0000] "GET /wp-includes/js/dist/editor.min.js?ver=208cadf8632b62c7ccdf2f2feb2398e2 HTTP/2.0" 200 46199 "https://ja.tak-cslab.org/wp-admin/post.php?post=117&action=edit" "Mozilla/5.0 (Windows NT 10.0; Win64; x64) AppleWebKit/537.36 (KHTML, like Gecko) Chrome/96.0.4664.45 Safari/537.36"
222.151.32.28 - - [03/Dec/2021:13:43:20 +0000] "GET /wp-includes/js/dist/media-utils.min.js?ver=8e557d69e3ef2356d081c60830d157a1 HTTP/2.0" 200 3327 "https://ja.tak-cslab.org/wp-admin/post.php?post=117&action=edit" "Mozilla/5.0 (Windows NT 10.0; Win64; x64) AppleWebKit/537.36 (KHTML, like Gecko) Chrome/96.0.4664.45 Safari/537.36"
222.151.32.28 - - [03/Dec/2021:13:43:20 +0000] "GET /wp-includes/js/dist/plugins.min.js?ver=01dbac2843febe57b20f01bdb7a432b8 HTTP/2.0" 200 2190 "https://ja.tak-cslab.org/wp-admin/post.php?post=117&action=edit" "Mozilla/5.0 (Windows NT 10.0; Win64; x64) AppleWebKit/537.36 (KHTML, like Gecko) Chrome/96.0.4664.45 Safari/537.36"
222.151.32.28 - - [03/Dec/2021:13:43:20 +0000] "GET /wp-includes/js/tinymce/plugins/compat3x/plugin.min.js?ver=49110-20201110 HTTP/2.0" 200 1837 "https://ja.tak-cslab.org/wp-admin/post.php?post=117&action=edit" "Mozilla/5.0 (Windows NT 10.0; Win64; x64) AppleWebKit/537.36 (KHTML, like Gecko) Chrome/96.0.4664.45 Safari/537.36"
222.151.32.28 - - [03/Dec/2021:13:43:20 +0000] "GET /wp-content/plugins/seo-simple-pack/dist/js/mediauploader.js?ver=2.2.7 HTTP/2.0" 200 3721 "https://ja.tak-cslab.org/wp-admin/post.php?post=117&action=edit" "Mozilla/5.0 (Windows NT 10.0; Win64; x64) AppleWebKit/537.36 (KHTML, like Gecko) Chrome/96.0.4664.45 Safari/537.36"
222.151.32.28 - - [03/Dec/2021:13:43:20 +0000] "GET /wp-includes/js/dist/edit-post.min.js?ver=3656613c515e40e95a15114467097b39 HTTP/2.0" 200 71719 "https://ja.tak-cslab.org/wp-admin/post.php?post=117&action=edit" "Mozilla/5.0 (Windows NT 10.0; Win64; x64) AppleWebKit/537.36 (KHTML, like Gecko) Chrome/96.0.4664.45 Safari/537.36"
222.151.32.28 - - [03/Dec/2021:13:43:20 +0000] "GET /wp-content/plugins/seo-simple-pack/dist/js/common.js?ver=2.2.7 HTTP/2.0" 200 4638 "https://ja.tak-cslab.org/wp-admin/post.php?post=117&action=edit" "Mozilla/5.0 (Windows NT 10.0; Win64; x64) AppleWebKit/537.36 (KHTML, like Gecko) Chrome/96.0.4664.45 Safari/537.36"
222.151.32.28 - - [03/Dec/2021:13:43:20 +0000] "GET /wp-admin/js/image-edit.min.js?ver=5.8.2 HTTP/2.0" 200 4279 "https://ja.tak-cslab.org/wp-admin/post.php?post=117&action=edit" "Mozilla/5.0 (Windows NT 10.0; Win64; x64) AppleWebKit/537.36 (KHTML, like Gecko) Chrome/96.0.4664.45 Safari/537.36"
222.151.32.28 - - [03/Dec/2021:13:43:20 +0000] "GET /wp-includes/js/tinymce/tinymce.min.js?ver=49110-20201110 HTTP/2.0" 200 145163 "https://ja.tak-cslab.org/wp-admin/post.php?post=117&action=edit" "Mozilla/5.0 (Windows NT 10.0; Win64; x64) AppleWebKit/537.36 (KHTML, like Gecko) Chrome/96.0.4664.45 Safari/537.36"
222.151.32.28 - - [03/Dec/2021:13:43:20 +0000] "GET /wp-includes/js/dist/block-library.min.js?ver=69fc06eecf1aeb26e48b8a47ed38179b HTTP/2.0" 200 156843 "https://ja.tak-cslab.org/wp-admin/post.php?post=117&action=edit" "Mozilla/5.0 (Windows NT 10.0; Win64; x64) AppleWebKit/537.36 (KHTML, like Gecko) Chrome/96.0.4664.45 Safari/537.36"
222.151.32.28 - - [03/Dec/2021:13:43:21 +0000] "GET /wp-includes/js/plupload/wp-plupload.min.js?ver=5.8.2 HTTP/2.0" 200 2501 "https://ja.tak-cslab.org/wp-admin/post.php?post=117&action=edit" "Mozilla/5.0 (Windows NT 10.0; Win64; x64) AppleWebKit/537.36 (KHTML, like Gecko) Chrome/96.0.4664.45 Safari/537.36"
222.151.32.28 - - [03/Dec/2021:13:43:21 +0000] "GET /wp-includes/js/wp-backbone.min.js?ver=5.8.2 HTTP/2.0" 200 1275 "https://ja.tak-cslab.org/wp-admin/post.php?post=117&action=edit" "Mozilla/5.0 (Windows NT 10.0; Win64; x64) AppleWebKit/537.36 (KHTML, like Gecko) Chrome/96.0.4664.45 Safari/537.36"
222.151.32.28 - - [03/Dec/2021:13:43:21 +0000] "GET /wp-includes/js/dist/notices.min.js?ver=f5dfeda575085df54ed17c2d8a6afaa4 HTTP/2.0" 200 1165 "https://ja.tak-cslab.org/wp-admin/post.php?post=117&action=edit" "Mozilla/5.0 (Windows NT 10.0; Win64; x64) AppleWebKit/537.36 (KHTML, like Gecko) Chrome/96.0.4664.45 Safari/537.36"
222.151.32.28 - - [03/Dec/2021:13:43:21 +0000] "GET /wp-includes/js/dist/keyboard-shortcuts.min.js?ver=d70c8cb490d99422cf8f2693ab7e88d0 HTTP/2.0" 200 1907 "https://ja.tak-cslab.org/wp-admin/post.php?post=117&action=edit" "Mozilla/5.0 (Windows NT 10.0; Win64; x64) AppleWebKit/537.36 (KHTML, like Gecko) Chrome/96.0.4664.45 Safari/537.36"
222.151.32.28 - - [03/Dec/2021:13:43:21 +0000] "GET /wp-includes/js/dist/warning.min.js?ver=3e70e9d62208deeee510b84df4dec7f1 HTTP/2.0" 200 1222 "https://ja.tak-cslab.org/wp-admin/post.php?post=117&action=edit" "Mozilla/5.0 (Windows NT 10.0; Win64; x64) AppleWebKit/537.36 (KHTML, like Gecko) Chrome/96.0.4664.45 Safari/537.36"
222.151.32.28 - - [03/Dec/2021:13:43:21 +0000] "GET /wp-includes/js/media-models.min.js?ver=5.8.2 HTTP/2.0" 200 5045 "https://ja.tak-cslab.org/wp-admin/post.php?post=117&action=edit" "Mozilla/5.0 (Windows NT 10.0; Win64; x64) AppleWebKit/537.36 (KHTML, like Gecko) Chrome/96.0.4664.45 Safari/537.36"
222.151.32.28 - - [03/Dec/2021:13:43:21 +0000] "GET /wp-includes/js/wplink.min.js?ver=5.8.2 HTTP/2.0" 200 4329 "https://ja.tak-cslab.org/wp-admin/post.php?post=117&action=edit" "Mozilla/5.0 (Windows NT 10.0; Win64; x64) AppleWebKit/537.36 (KHTML, like Gecko) Chrome/96.0.4664.45 Safari/537.36"
222.151.32.28 - - [03/Dec/2021:13:43:21 +0000] "GET /wp-includes/js/dist/block-directory.min.js?ver=59e39b168393c12505197fed91dc8d01 HTTP/2.0" 200 7417 "https://ja.tak-cslab.org/wp-admin/post.php?post=117&action=edit" "Mozilla/5.0 (Windows NT 10.0; Win64; x64) AppleWebKit/537.36 (KHTML, like Gecko) Chrome/96.0.4664.45 Safari/537.36"
222.151.32.28 - - [03/Dec/2021:13:43:21 +0000] "GET /wp-includes/js/dist/components.min.js?ver=413e179f8a99bd28091ba5cc6f72c9f3 HTTP/2.0" 200 223261 "https://ja.tak-cslab.org/wp-admin/post.php?post=117&action=edit" "Mozilla/5.0 (Windows NT 10.0; Win64; x64) AppleWebKit/537.36 (KHTML, like Gecko) Chrome/96.0.4664.45 Safari/537.36"
222.151.32.28 - - [03/Dec/2021:13:43:22 +0000] "GET /wp-json/wp-statistics/v2/metabox?name=post&ID=117&_=1638539001042 HTTP/2.0" 200 204 "https://ja.tak-cslab.org/wp-admin/post.php?post=117&action=edit" "Mozilla/5.0 (Windows NT 10.0; Win64; x64) AppleWebKit/537.36 (KHTML, like Gecko) Chrome/96.0.4664.45 Safari/537.36"
222.151.32.28 - - [03/Dec/2021:13:43:23 +0000] "GET /wp-json/wp/v2/blocks?context=edit&per_page=100&_locale=user HTTP/2.0" 200 22 "https://ja.tak-cslab.org/wp-admin/post.php?post=117&action=edit" "Mozilla/5.0 (Windows NT 10.0; Win64; x64) AppleWebKit/537.36 (KHTML, like Gecko) Chrome/96.0.4664.45 Safari/537.36"
222.151.32.28 - - [03/Dec/2021:13:43:23 +0000] "GET /wp-json/wp/v2/users/me?_locale=user HTTP/2.0" 200 271 "https://ja.tak-cslab.org/wp-admin/post.php?post=117&action=edit" "Mozilla/5.0 (Windows NT 10.0; Win64; x64) AppleWebKit/537.36 (KHTML, like Gecko) Chrome/96.0.4664.45 Safari/537.36"
222.151.32.28 - - [03/Dec/2021:13:43:23 +0000] "GET /wp-json/wp/v2/templates?context=edit&per_page=100&_locale=user HTTP/2.0" 200 22 "https://ja.tak-cslab.org/wp-admin/post.php?post=117&action=edit" "Mozilla/5.0 (Windows NT 10.0; Win64; x64) AppleWebKit/537.36 (KHTML, like Gecko) Chrome/96.0.4664.45 Safari/537.36"
222.151.32.28 - - [03/Dec/2021:13:43:23 +0000] "GET /wp-json/wp/v2/users/?who=authors&per_page=100&_locale=user HTTP/2.0" 200 2713 "https://ja.tak-cslab.org/wp-admin/post.php?post=117&action=edit" "Mozilla/5.0 (Windows NT 10.0; Win64; x64) AppleWebKit/537.36 (KHTML, like Gecko) Chrome/96.0.4664.45 Safari/537.36"
222.151.32.28 - - [03/Dec/2021:13:43:23 +0000] "GET /wp-json/wp/v2/pages/117?_locale=user HTTP/2.0" 200 10792 "https://ja.tak-cslab.org/wp-admin/post.php?post=117&action=edit" "Mozilla/5.0 (Windows NT 10.0; Win64; x64) AppleWebKit/537.36 (KHTML, like Gecko) Chrome/96.0.4664.45 Safari/537.36"
222.151.32.28 - - [03/Dec/2021:13:43:24 +0000] "GET /wp-json/wp/v2/users?who=authors&include=16&_locale=user HTTP/2.0" 200 273 "https://ja.tak-cslab.org/wp-admin/post.php?post=117&action=edit" "Mozilla/5.0 (Windows NT 10.0; Win64; x64) AppleWebKit/537.36 (KHTML, like Gecko) Chrome/96.0.4664.45 Safari/537.36"
222.151.32.28 - - [03/Dec/2021:13:43:24 +0000] "GET /wp-json/wp/v2/users/?who=authors&per_page=100&search=Tak&_locale=user HTTP/2.0" 200 700 "https://ja.tak-cslab.org/wp-admin/post.php?post=117&action=edit" "Mozilla/5.0 (Windows NT 10.0; Win64; x64) AppleWebKit/537.36 (KHTML, like Gecko) Chrome/96.0.4664.45 Safari/537.36"
222.151.32.28 - - [03/Dec/2021:13:43:24 +0000] "GET /wp-json/wp/v2/users/?who=authors&per_page=100&_locale=user HTTP/2.0" 200 2713 "https://ja.tak-cslab.org/wp-admin/post.php?post=117&action=edit" "Mozilla/5.0 (Windows NT 10.0; Win64; x64) AppleWebKit/537.36 (KHTML, like Gecko) Chrome/96.0.4664.45 Safari/537.36"
222.151.32.28 - - [03/Dec/2021:13:44:19 +0000] "POST /wp-json/wp/v2/pages/117?_locale=user HTTP/2.0" 200 20081 "https://ja.tak-cslab.org/wp-admin/post.php?post=117&action=edit" "Mozilla/5.0 (Windows NT 10.0; Win64; x64) AppleWebKit/537.36 (KHTML, like Gecko) Chrome/96.0.4664.45 Safari/537.36"
222.151.32.28 - - [03/Dec/2021:13:44:19 +0000] "POST /wp-admin/post.php?post=117&action=edit&meta-box-loader=1&meta-box-loader-nonce=565f5ed631&_locale=user HTTP/2.0" 302 0 "https://ja.tak-cslab.org/wp-admin/post.php?post=117&action=edit" "Mozilla/5.0 (Windows NT 10.0; Win64; x64) AppleWebKit/537.36 (KHTML, like Gecko) Chrome/96.0.4664.45 Safari/537.36"
222.151.32.28 - - [03/Dec/2021:13:44:19 +0000] "GET /wp-admin/post.php?post=117&action=edit&message=4 HTTP/2.0" 200 159194 "https://ja.tak-cslab.org/wp-admin/post.php?post=117&action=edit" "Mozilla/5.0 (Windows NT 10.0; Win64; x64) AppleWebKit/537.36 (KHTML, like Gecko) Chrome/96.0.4664.45 Safari/537.36"
222.151.32.28 - - [03/Dec/2021:13:44:21 +0000] "POST /wp-json/wp/v2/pages/117?_locale=user HTTP/2.0" 200 20081 "https://ja.tak-cslab.org/wp-admin/post.php?post=117&action=edit" "Mozilla/5.0 (Windows NT 10.0; Win64; x64) AppleWebKit/537.36 (KHTML, like Gecko) Chrome/96.0.4664.45 Safari/537.36"
222.151.32.28 - - [03/Dec/2021:13:44:21 +0000] "POST /wp-admin/post.php?post=117&action=edit&meta-box-loader=1&meta-box-loader-nonce=565f5ed631&_locale=user HTTP/2.0" 302 0 "https://ja.tak-cslab.org/wp-admin/post.php?post=117&action=edit" "Mozilla/5.0 (Windows NT 10.0; Win64; x64) AppleWebKit/537.36 (KHTML, like Gecko) Chrome/96.0.4664.45 Safari/537.36"
222.151.32.28 - - [03/Dec/2021:13:44:22 +0000] "GET /wp-admin/post.php?post=117&action=edit&message=4 HTTP/2.0" 200 159194 "https://ja.tak-cslab.org/wp-admin/post.php?post=117&action=edit" "Mozilla/5.0 (Windows NT 10.0; Win64; x64) AppleWebKit/537.36 (KHTML, like Gecko) Chrome/96.0.4664.45 Safari/537.36"
222.151.32.28 - - [03/Dec/2021:13:44:22 +0000] "POST /wp-admin/admin-ajax.php HTTP/2.0" 200 103 "https://ja.tak-cslab.org/wp-admin/post.php?post=117&action=edit" "Mozilla/5.0 (Windows NT 10.0; Win64; x64) AppleWebKit/537.36 (KHTML, like Gecko) Chrome/96.0.4664.45 Safari/537.36"
216.245.221.83 - - [03/Dec/2021:13:44:26 +0000] "HEAD / HTTP/1.1" 301 0 "http://ja.tak-cslab.org/" "Mozilla/5.0+(compatible; UptimeRobot/2.0; http://www.uptimerobot.com/)"
216.245.221.83 - - [03/Dec/2021:13:44:26 +0000] "HEAD / HTTP/1.1" 200 0 "http://ja.tak-cslab.org/" "Mozilla/5.0+(compatible; UptimeRobot/2.0; http://www.uptimerobot.com/)"
222.151.32.28 - - [03/Dec/2021:13:44:28 +0000] "GET /tech-report HTTP/2.0" 200 15055 "-" "Mozilla/5.0 (Windows NT 10.0; Win64; x64) AppleWebKit/537.36 (KHTML, like Gecko) Chrome/96.0.4664.45 Safari/537.36"
222.151.32.28 - - [03/Dec/2021:13:44:28 +0000] "GET /wp-includes/css/admin-bar.min.css?ver=5.8.2 HTTP/2.0" 200 4749 "https://ja.tak-cslab.org/tech-report" "Mozilla/5.0 (Windows NT 10.0; Win64; x64) AppleWebKit/537.36 (KHTML, like Gecko) Chrome/96.0.4664.45 Safari/537.36"
222.151.32.28 - - [03/Dec/2021:13:44:28 +0000] "GET /wp-content/plugins/wp-statistics/assets/css/frontend.min.css?ver=13.1.2 HTTP/2.0" 200 98 "https://ja.tak-cslab.org/tech-report" "Mozilla/5.0 (Windows NT 10.0; Win64; x64) AppleWebKit/537.36 (KHTML, like Gecko) Chrome/96.0.4664.45 Safari/537.36"
100.26.107.174 - - [03/Dec/2021:13:44:36 +0000] "GET /tech-report HTTP/1.1" 200 12875 "-" "Slackbot-LinkExpanding 1.0 (+https://api.slack.com/robots)"
34.227.66.198 - - [03/Dec/2021:13:44:37 +0000] "GET /wp-json/oembed/1.0/embed?url=https%3A%2F%2Fja.tak-cslab.org%2Ftech-report&maxheight=150 HTTP/1.1" 200 1244 "-" "Slackbot-LinkExpanding 1.0 (+https://api.slack.com/robots)"
34.235.115.250 - - [03/Dec/2021:13:44:38 +0000] "GET /favicon.ico HTTP/1.1" 302 5 "-" "Slackbot 1.0 (+https://api.slack.com/robots)"
34.235.115.250 - - [03/Dec/2021:13:44:38 +0000] "GET /wp-includes/images/w-logo-blue-white-bg.png HTTP/1.1" 200 4119 "-" "Slackbot 1.0 (+https://api.slack.com/robots)"
54.168.181.205 - - [03/Dec/2021:13:44:39 +0000] "GET /favicon.ico HTTP/1.1" 302 5 "-" "Slack-ImgProxy (+https://api.slack.com/robots)"
18.179.208.203 - - [03/Dec/2021:13:44:39 +0000] "GET /wp-includes/images/w-logo-blue-white-bg.png HTTP/1.1" 200 4119 "-" "Slack-ImgProxy (+https://api.slack.com/robots)"
222.151.32.28 - - [03/Dec/2021:13:45:23 +0000] "POST /wp-admin/admin-ajax.php HTTP/2.0" 200 103 "https://ja.tak-cslab.org/wp-admin/post.php?post=117&action=edit" "Mozilla/5.0 (Windows NT 10.0; Win64; x64) AppleWebKit/537.36 (KHTML, like Gecko) Chrome/96.0.4664.45 Safari/537.36"
222.151.32.28 - - [03/Dec/2021:13:47:24 +0000] "POST /wp-admin/admin-ajax.php HTTP/2.0" 200 103 "https://ja.tak-cslab.org/wp-admin/post.php?post=117&action=edit" "Mozilla/5.0 (Windows NT 10.0; Win64; x64) AppleWebKit/537.36 (KHTML, like Gecko) Chrome/96.0.4664.45 Safari/537.36"
34.206.38.217 - - [03/Dec/2021:13:48:12 +0000] "GET /feed HTTP/1.1" 200 56281 "-" "Automate.io BOT"
222.151.32.28 - - [03/Dec/2021:13:49:25 +0000] "POST /wp-admin/admin-ajax.php HTTP/2.0" 200 103 "https://ja.tak-cslab.org/wp-admin/post.php?post=117&action=edit" "Mozilla/5.0 (Windows NT 10.0; Win64; x64) AppleWebKit/537.36 (KHTML, like Gecko) Chrome/96.0.4664.45 Safari/537.36"
216.245.221.83 - - [03/Dec/2021:13:49:26 +0000] "HEAD / HTTP/1.1" 301 0 "http://ja.tak-cslab.org/" "Mozilla/5.0+(compatible; UptimeRobot/2.0; http://www.uptimerobot.com/)"
216.245.221.83 - - [03/Dec/2021:13:49:26 +0000] "HEAD / HTTP/1.1" 200 0 "http://ja.tak-cslab.org/" "Mozilla/5.0+(compatible; UptimeRobot/2.0; http://www.uptimerobot.com/)"
122.212.212.185 - - [03/Dec/2021:13:51:18 +0000] "GET /tech-report HTTP/2.0" 200 12840 "-" "Mozilla/5.0 (Windows NT 10.0; Win64; x64) AppleWebKit/537.36 (KHTML, like Gecko) Chrome/96.0.4664.45 Safari/537.36"
122.212.212.185 - - [03/Dec/2021:13:51:18 +0000] "GET /wp-content/themes/cdsl/style.css?ver=1.3.1 HTTP/2.0" 200 272 "https://ja.tak-cslab.org/tech-report" "Mozilla/5.0 (Windows NT 10.0; Win64; x64) AppleWebKit/537.36 (KHTML, like Gecko) Chrome/96.0.4664.45 Safari/537.36"
122.212.212.185 - - [03/Dec/2021:13:51:18 +0000] "GET /wp-content/themes/scaffold/assets/js/navigation.js?ver=1.3.1 HTTP/2.0" 200 1266 "https://ja.tak-cslab.org/tech-report" "Mozilla/5.0 (Windows NT 10.0; Win64; x64) AppleWebKit/537.36 (KHTML, like Gecko) Chrome/96.0.4664.45 Safari/537.36"
122.212.212.185 - - [03/Dec/2021:13:51:18 +0000] "GET /wp-includes/js/wp-embed.min.js?ver=5.8.2 HTTP/2.0" 200 779 "https://ja.tak-cslab.org/tech-report" "Mozilla/5.0 (Windows NT 10.0; Win64; x64) AppleWebKit/537.36 (KHTML, like Gecko) Chrome/96.0.4664.45 Safari/537.36"
122.212.212.185 - - [03/Dec/2021:13:51:18 +0000] "GET /wp-content/themes/scaffold/style.css?ver=5.8.2 HTTP/2.0" 200 5846 "https://ja.tak-cslab.org/tech-report" "Mozilla/5.0 (Windows NT 10.0; Win64; x64) AppleWebKit/537.36 (KHTML, like Gecko) Chrome/96.0.4664.45 Safari/537.36"
122.212.212.185 - - [03/Dec/2021:13:51:18 +0000] "GET /wp-includes/css/dist/block-library/style.min.css?ver=5.8.2 HTTP/2.0" 200 13704 "https://ja.tak-cslab.org/tech-report" "Mozilla/5.0 (Windows NT 10.0; Win64; x64) AppleWebKit/537.36 (KHTML, like Gecko) Chrome/96.0.4664.45 Safari/537.36"
122.212.212.185 - - [03/Dec/2021:13:51:18 +0000] "GET /wp-includes/js/wp-emoji-release.min.js?ver=5.8.2 HTTP/2.0" 200 5714 "https://ja.tak-cslab.org/tech-report" "Mozilla/5.0 (Windows NT 10.0; Win64; x64) AppleWebKit/537.36 (KHTML, like Gecko) Chrome/96.0.4664.45 Safari/537.36"
122.212.212.185 - - [03/Dec/2021:13:51:19 +0000] "GET /favicon.ico HTTP/2.0" 302 0 "https://ja.tak-cslab.org/tech-report" "Mozilla/5.0 (Windows NT 10.0; Win64; x64) AppleWebKit/537.36 (KHTML, like Gecko) Chrome/96.0.4664.45 Safari/537.36"
122.212.212.185 - - [03/Dec/2021:13:51:19 +0000] "GET /wp-includes/images/w-logo-blue-white-bg.png HTTP/2.0" 200 4119 "https://ja.tak-cslab.org/tech-report" "Mozilla/5.0 (Windows NT 10.0; Win64; x64) AppleWebKit/537.36 (KHTML, like Gecko) Chrome/96.0.4664.45 Safari/537.36"
222.151.32.28 - - [03/Dec/2021:13:51:26 +0000] "POST /wp-admin/admin-ajax.php HTTP/2.0" 200 103 "https://ja.tak-cslab.org/wp-admin/post.php?post=117&action=edit" "Mozilla/5.0 (Windows NT 10.0; Win64; x64) AppleWebKit/537.36 (KHTML, like Gecko) Chrome/96.0.4664.45 Safari/537.36"
34.206.38.217 - - [03/Dec/2021:13:53:13 +0000] "GET /feed HTTP/1.1" 200 56281 "-" "Automate.io BOT"
222.151.32.28 - - [03/Dec/2021:13:53:27 +0000] "POST /wp-admin/admin-ajax.php HTTP/2.0" 200 103 "https://ja.tak-cslab.org/wp-admin/post.php?post=117&action=edit" "Mozilla/5.0 (Windows NT 10.0; Win64; x64) AppleWebKit/537.36 (KHTML, like Gecko) Chrome/96.0.4664.45 Safari/537.36"
54.166.46.66 - - [03/Dec/2021:13:53:43 +0000] "HEAD /feed HTTP/2.0" 200 0 "-" "Slackbot 1.0 (+https://api.slack.com/robots)"
34.207.173.51 - - [03/Dec/2021:13:53:44 +0000] "GET /feed HTTP/1.1" 200 56281 "-" "Slackbot 1.0 (+https://api.slack.com/robots)"
3.86.57.122 - - [03/Dec/2021:13:53:45 +0000] "GET / HTTP/1.1" 200 6249 "-" "Slackbot 1.0 (+https://api.slack.com/robots)"
216.245.221.83 - - [03/Dec/2021:13:54:26 +0000] "HEAD / HTTP/1.1" 301 0 "http://ja.tak-cslab.org/" "Mozilla/5.0+(compatible; UptimeRobot/2.0; http://www.uptimerobot.com/)"
216.245.221.83 - - [03/Dec/2021:13:54:26 +0000] "HEAD / HTTP/1.1" 200 0 "http://ja.tak-cslab.org/" "Mozilla/5.0+(compatible; UptimeRobot/2.0; http://www.uptimerobot.com/)"
34.206.38.217 - - [03/Dec/2021:13:58:14 +0000] "GET /feed HTTP/1.1" 200 56281 "-" "Automate.io BOT"
216.245.221.83 - - [03/Dec/2021:13:59:26 +0000] "HEAD / HTTP/1.1" 301 0 "http://ja.tak-cslab.org/" "Mozilla/5.0+(compatible; UptimeRobot/2.0; http://www.uptimerobot.com/)"
216.245.221.83 - - [03/Dec/2021:13:59:26 +0000] "HEAD / HTTP/1.1" 200 0 "http://ja.tak-cslab.org/" "Mozilla/5.0+(compatible; UptimeRobot/2.0; http://www.uptimerobot.com/)"
163.215.6.1 - - [03/Dec/2021:14:03:13 +0000] "POST /wp-cron.php?doing_wp_cron=1638540193.1224160194396972656250 HTTP/1.1" 200 31 "https://ja.tak-cslab.org/wp-cron.php?doing_wp_cron=1638540193.1224160194396972656250" "WordPress/5.8.2; https://ja.tak-cslab.org"
34.206.38.217 - - [03/Dec/2021:14:03:13 +0000] "GET /feed HTTP/1.1" 200 56281 "-" "Automate.io BOT"
216.245.221.83 - - [03/Dec/2021:14:04:26 +0000] "HEAD / HTTP/1.1" 301 0 "http://ja.tak-cslab.org/" "Mozilla/5.0+(compatible; UptimeRobot/2.0; http://www.uptimerobot.com/)"
216.245.221.83 - - [03/Dec/2021:14:04:26 +0000] "HEAD / HTTP/1.1" 200 0 "http://ja.tak-cslab.org/" "Mozilla/5.0+(compatible; UptimeRobot/2.0; http://www.uptimerobot.com/)"
216.245.221.83 - - [03/Dec/2021:14:09:26 +0000] "HEAD / HTTP/1.1" 301 0 "http://ja.tak-cslab.org/" "Mozilla/5.0+(compatible; UptimeRobot/2.0; http://www.uptimerobot.com/)"
216.245.221.83 - - [03/Dec/2021:14:09:26 +0000] "HEAD / HTTP/1.1" 200 0 "http://ja.tak-cslab.org/" "Mozilla/5.0+(compatible; UptimeRobot/2.0; http://www.uptimerobot.com/)"
34.206.38.217 - - [03/Dec/2021:14:13:13 +0000] "GET /feed HTTP/1.1" 200 56281 "-" "Automate.io BOT"
54.198.217.78 - - [03/Dec/2021:14:13:44 +0000] "HEAD /feed HTTP/2.0" 200 0 "-" "Slackbot 1.0 (+https://api.slack.com/robots)"
3.215.177.79 - - [03/Dec/2021:14:13:45 +0000] "GET /feed HTTP/1.1" 200 56281 "-" "Slackbot 1.0 (+https://api.slack.com/robots)"
44.195.77.125 - - [03/Dec/2021:14:13:47 +0000] "GET / HTTP/1.1" 200 6249 "-" "Slackbot 1.0 (+https://api.slack.com/robots)"
216.245.221.83 - - [03/Dec/2021:14:14:26 +0000] "HEAD / HTTP/1.1" 301 0 "http://ja.tak-cslab.org/" "Mozilla/5.0+(compatible; UptimeRobot/2.0; http://www.uptimerobot.com/)"
216.245.221.83 - - [03/Dec/2021:14:14:26 +0000] "HEAD / HTTP/1.1" 200 0 "http://ja.tak-cslab.org/" "Mozilla/5.0+(compatible; UptimeRobot/2.0; http://www.uptimerobot.com/)"
163.215.6.1 - - [03/Dec/2021:14:18:13 +0000] "POST /wp-cron.php?doing_wp_cron=1638541093.2275888919830322265625 HTTP/1.1" 200 31 "https://ja.tak-cslab.org/wp-cron.php?doing_wp_cron=1638541093.2275888919830322265625" "WordPress/5.8.2; https://ja.tak-cslab.org"
34.206.38.217 - - [03/Dec/2021:14:18:13 +0000] "GET /feed HTTP/1.1" 200 56281 "-" "Automate.io BOT"
216.245.221.83 - - [03/Dec/2021:14:19:26 +0000] "HEAD / HTTP/1.1" 301 0 "http://ja.tak-cslab.org/" "Mozilla/5.0+(compatible; UptimeRobot/2.0; http://www.uptimerobot.com/)"
216.245.221.83 - - [03/Dec/2021:14:19:26 +0000] "HEAD / HTTP/1.1" 200 0 "http://ja.tak-cslab.org/" "Mozilla/5.0+(compatible; UptimeRobot/2.0; http://www.uptimerobot.com/)"
34.206.38.217 - - [03/Dec/2021:14:23:12 +0000] "GET /feed HTTP/1.1" 200 56281 "-" "Automate.io BOT"
40.77.167.66 - - [03/Dec/2021:14:23:31 +0000] "GET /wp-content/uploads/2021/02/%E3%83%92%E3%83%89%E3%83%A9%EF%BC%91.png HTTP/2.0" 200 27267 "-" "Mozilla/5.0 (compatible; bingbot/2.0; +http://www.bing.com/bingbot.htm)"
216.245.221.83 - - [03/Dec/2021:14:24:26 +0000] "HEAD / HTTP/1.1" 301 0 "http://ja.tak-cslab.org/" "Mozilla/5.0+(compatible; UptimeRobot/2.0; http://www.uptimerobot.com/)"
216.245.221.83 - - [03/Dec/2021:14:24:26 +0000] "HEAD / HTTP/1.1" 200 0 "http://ja.tak-cslab.org/" "Mozilla/5.0+(compatible; UptimeRobot/2.0; http://www.uptimerobot.com/)"
34.206.38.217 - - [03/Dec/2021:14:28:13 +0000] "GET /feed HTTP/1.1" 200 56281 "-" "Automate.io BOT"
216.245.221.83 - - [03/Dec/2021:14:29:26 +0000] "HEAD / HTTP/1.1" 301 0 "http://ja.tak-cslab.org/" "Mozilla/5.0+(compatible; UptimeRobot/2.0; http://www.uptimerobot.com/)"
216.245.221.83 - - [03/Dec/2021:14:29:26 +0000] "HEAD / HTTP/1.1" 200 0 "http://ja.tak-cslab.org/" "Mozilla/5.0+(compatible; UptimeRobot/2.0; http://www.uptimerobot.com/)"
46.148.234.229 - - [03/Dec/2021:14:31:42 +0000] "GET /archives/460/ HTTP/1.0" 301 162 "http://ja.tak-cslab.org/archives/460/" "Mozilla/5.0 (Windows NT 6.3; Win64; x64) AppleWebKit/537.36 (KHTML, like Gecko) Chrome/90.0.4430.85 Safari/537.36"
46.148.234.229 - - [03/Dec/2021:14:31:43 +0000] "GET /archives/460/ HTTP/1.0" 301 0 "https://ja.tak-cslab.org/archives/460/" "Mozilla/5.0 (Windows NT 6.3; Win64; x64) AppleWebKit/537.36 (KHTML, like Gecko) Chrome/90.0.4430.85 Safari/537.36"
46.148.234.229 - - [03/Dec/2021:14:31:44 +0000] "GET /archives/460 HTTP/1.0" 200 27831 "https://ja.tak-cslab.org/archives/460" "Mozilla/5.0 (Windows NT 6.3; Win64; x64) AppleWebKit/537.36 (KHTML, like Gecko) Chrome/90.0.4430.85 Safari/537.36"
60.90.19.153 - - [03/Dec/2021:14:32:55 +0000] "GET /favicon.ico HTTP/2.0" 302 0 "-" "com.tinyspeck.chatlyio/21.11.20 (iPhone; iOS 14.7.1; Scale/2.00)"
60.90.19.153 - - [03/Dec/2021:14:32:55 +0000] "GET /wp-includes/images/w-logo-blue-white-bg.png HTTP/2.0" 200 4119 "-" "com.tinyspeck.chatlyio/21.11.20 (iPhone; iOS 14.7.1; Scale/2.00)"
34.206.38.217 - - [03/Dec/2021:14:33:13 +0000] "GET /feed HTTP/1.1" 200 56281 "-" "Automate.io BOT"
60.90.19.153 - - [03/Dec/2021:14:33:33 +0000] "GET /tech-report HTTP/2.0" 200 12840 "-" "Mozilla/5.0 (iPhone; CPU iPhone OS 14_7_1 like Mac OS X) AppleWebKit/605.1.15 (KHTML, like Gecko) Version/14.1.2 Mobile/15E148 Safari/604.1"
3.235.104.118 - - [03/Dec/2021:14:33:43 +0000] "HEAD /feed HTTP/2.0" 200 0 "-" "Slackbot 1.0 (+https://api.slack.com/robots)"
54.152.97.245 - - [03/Dec/2021:14:33:43 +0000] "GET /feed HTTP/1.1" 200 56281 "-" "Slackbot 1.0 (+https://api.slack.com/robots)"
107.20.33.217 - - [03/Dec/2021:14:33:45 +0000] "GET / HTTP/1.1" 200 6249 "-" "Slackbot 1.0 (+https://api.slack.com/robots)"
216.245.221.83 - - [03/Dec/2021:14:34:26 +0000] "HEAD / HTTP/1.1" 301 0 "http://ja.tak-cslab.org/" "Mozilla/5.0+(compatible; UptimeRobot/2.0; http://www.uptimerobot.com/)"
216.245.221.83 - - [03/Dec/2021:14:34:26 +0000] "HEAD / HTTP/1.1" 200 0 "http://ja.tak-cslab.org/" "Mozilla/5.0+(compatible; UptimeRobot/2.0; http://www.uptimerobot.com/)"
84.17.34.151 - - [03/Dec/2021:14:35:41 +0000] "GET /archives/848 HTTP/2.0" 200 7831 "https://www.google.com.hk/" "Mozilla/5.0 (iPhone; CPU iPhone OS 15_1 like Mac OS X) AppleWebKit/605.1.15 (KHTML, like Gecko) Version/15.1 Mobile/15E148 Safari/604.1"
84.17.34.151 - - [03/Dec/2021:14:35:42 +0000] "GET /wp-includes/js/wp-emoji-release.min.js?ver=5.8.2 HTTP/2.0" 200 5714 "https://ja.tak-cslab.org/archives/848" "Mozilla/5.0 (iPhone; CPU iPhone OS 15_1 like Mac OS X) AppleWebKit/605.1.15 (KHTML, like Gecko) Version/15.1 Mobile/15E148 Safari/604.1"
84.17.34.151 - - [03/Dec/2021:14:35:42 +0000] "GET /wp-content/themes/cdsl/style.css?ver=1.3.1 HTTP/2.0" 200 272 "https://ja.tak-cslab.org/archives/848" "Mozilla/5.0 (iPhone; CPU iPhone OS 15_1 like Mac OS X) AppleWebKit/605.1.15 (KHTML, like Gecko) Version/15.1 Mobile/15E148 Safari/604.1"
84.17.34.151 - - [03/Dec/2021:14:35:42 +0000] "GET /wp-content/themes/scaffold/assets/js/navigation.js?ver=1.3.1 HTTP/2.0" 200 1266 "https://ja.tak-cslab.org/archives/848" "Mozilla/5.0 (iPhone; CPU iPhone OS 15_1 like Mac OS X) AppleWebKit/605.1.15 (KHTML, like Gecko) Version/15.1 Mobile/15E148 Safari/604.1"
84.17.34.151 - - [03/Dec/2021:14:35:42 +0000] "GET /wp-includes/js/comment-reply.min.js?ver=5.8.2 HTTP/2.0" 200 1390 "https://ja.tak-cslab.org/archives/848" "Mozilla/5.0 (iPhone; CPU iPhone OS 15_1 like Mac OS X) AppleWebKit/605.1.15 (KHTML, like Gecko) Version/15.1 Mobile/15E148 Safari/604.1"
84.17.34.151 - - [03/Dec/2021:14:35:42 +0000] "GET /wp-includes/js/wp-embed.min.js?ver=5.8.2 HTTP/2.0" 200 779 "https://ja.tak-cslab.org/archives/848" "Mozilla/5.0 (iPhone; CPU iPhone OS 15_1 like Mac OS X) AppleWebKit/605.1.15 (KHTML, like Gecko) Version/15.1 Mobile/15E148 Safari/604.1"
84.17.34.151 - - [03/Dec/2021:14:35:42 +0000] "GET /wp-content/themes/scaffold/style.css?ver=5.8.2 HTTP/2.0" 200 5846 "https://ja.tak-cslab.org/archives/848" "Mozilla/5.0 (iPhone; CPU iPhone OS 15_1 like Mac OS X) AppleWebKit/605.1.15 (KHTML, like Gecko) Version/15.1 Mobile/15E148 Safari/604.1"
84.17.34.151 - - [03/Dec/2021:14:35:42 +0000] "GET /wp-includes/css/dist/block-library/style.min.css?ver=5.8.2 HTTP/2.0" 200 13704 "https://ja.tak-cslab.org/archives/848" "Mozilla/5.0 (iPhone; CPU iPhone OS 15_1 like Mac OS X) AppleWebKit/605.1.15 (KHTML, like Gecko) Version/15.1 Mobile/15E148 Safari/604.1"
84.17.34.151 - - [03/Dec/2021:14:35:43 +0000] "GET /wp-content/plugins/native-lazyload/assets/images/placeholder.svg HTTP/2.0" 200 88 "https://ja.tak-cslab.org/archives/848" "Mozilla/5.0 (iPhone; CPU iPhone OS 15_1 like Mac OS X) AppleWebKit/605.1.15 (KHTML, like Gecko) Version/15.1 Mobile/15E148 Safari/604.1"
84.17.34.151 - - [03/Dec/2021:14:35:44 +0000] "GET /wp-content/plugins/native-lazyload/assets/js/lazyload.js HTTP/2.0" 200 1085 "https://ja.tak-cslab.org/archives/848" "Mozilla/5.0 (iPhone; CPU iPhone OS 15_1 like Mac OS X) AppleWebKit/605.1.15 (KHTML, like Gecko) Version/15.1 Mobile/15E148 Safari/604.1"
84.17.34.151 - - [03/Dec/2021:14:35:46 +0000] "GET /favicon.ico HTTP/2.0" 302 0 "https://ja.tak-cslab.org/archives/848" "Mozilla/5.0 (iPhone; CPU iPhone OS 15_1 like Mac OS X) AppleWebKit/605.1.15 (KHTML, like Gecko) Version/15.1 Mobile/15E148 Safari/604.1"
84.17.34.151 - - [03/Dec/2021:14:35:46 +0000] "GET /wp-includes/images/w-logo-blue-white-bg.png HTTP/2.0" 200 4119 "https://ja.tak-cslab.org/archives/848" "Mozilla/5.0 (iPhone; CPU iPhone OS 15_1 like Mac OS X) AppleWebKit/605.1.15 (KHTML, like Gecko) Version/15.1 Mobile/15E148 Safari/604.1"
84.17.34.151 - - [03/Dec/2021:14:35:59 +0000] "GET /wp-content/uploads/2020/12/Kubernetes-logo-1.png HTTP/2.0" 200 49082 "https://ja.tak-cslab.org/archives/848" "Mozilla/5.0 (iPhone; CPU iPhone OS 15_1 like Mac OS X) AppleWebKit/605.1.15 (KHTML, like Gecko) Version/15.1 Mobile/15E148 Safari/604.1"
84.17.34.151 - - [03/Dec/2021:14:36:02 +0000] "GET /wp-content/uploads/2020/12/%E3%82%AD%E3%83%A3%E3%83%97%E3%83%81%E3%83%A3-1024x504.png HTTP/2.0" 200 78330 "https://ja.tak-cslab.org/archives/848" "Mozilla/5.0 (iPhone; CPU iPhone OS 15_1 like Mac OS X) AppleWebKit/605.1.15 (KHTML, like Gecko) Version/15.1 Mobile/15E148 Safari/604.1"
84.17.34.151 - - [03/Dec/2021:14:36:02 +0000] "GET /wp-content/uploads/2020/12/%E3%82%AD%E3%83%A3%E3%83%97%E3%83%81%E3%83%A3-1536x755.png HTTP/2.0" 200 134971 "https://ja.tak-cslab.org/archives/848" "Mozilla/5.0 (iPhone; CPU iPhone OS 15_1 like Mac OS X) AppleWebKit/605.1.15 (KHTML, like Gecko) Version/15.1 Mobile/15E148 Safari/604.1"
84.17.34.151 - - [03/Dec/2021:14:36:06 +0000] "GET /wp-content/uploads/2020/12/Rancher_K3s2.png HTTP/2.0" 200 36482 "https://ja.tak-cslab.org/archives/848" "Mozilla/5.0 (iPhone; CPU iPhone OS 15_1 like Mac OS X) AppleWebKit/605.1.15 (KHTML, like Gecko) Version/15.1 Mobile/15E148 Safari/604.1"
84.17.34.151 - - [03/Dec/2021:14:36:06 +0000] "GET /wp-content/uploads/2020/12/Rancher_K3s2-1024x536.png HTTP/2.0" 200 79919 "https://ja.tak-cslab.org/archives/848" "Mozilla/5.0 (iPhone; CPU iPhone OS 15_1 like Mac OS X) AppleWebKit/605.1.15 (KHTML, like Gecko) Version/15.1 Mobile/15E148 Safari/604.1"
84.17.34.151 - - [03/Dec/2021:14:36:15 +0000] "GET /wp-content/uploads/2020/12/79c88101a9c403279aeedc67586221c07ebaed06.png HTTP/2.0" 200 13412 "https://ja.tak-cslab.org/archives/848" "Mozilla/5.0 (iPhone; CPU iPhone OS 15_1 like Mac OS X) AppleWebKit/605.1.15 (KHTML, like Gecko) Version/15.1 Mobile/15E148 Safari/604.1"
84.17.34.151 - - [03/Dec/2021:14:36:15 +0000] "GET /wp-content/uploads/2020/12/79c88101a9c403279aeedc67586221c07ebaed06-1024x517.png HTTP/2.0" 200 166518 "https://ja.tak-cslab.org/archives/848" "Mozilla/5.0 (iPhone; CPU iPhone OS 15_1 like Mac OS X) AppleWebKit/605.1.15 (KHTML, like Gecko) Version/15.1 Mobile/15E148 Safari/604.1"
34.206.38.217 - - [03/Dec/2021:14:38:12 +0000] "GET /feed HTTP/1.1" 200 56281 "-" "Automate.io BOT"
216.245.221.83 - - [03/Dec/2021:14:39:26 +0000] "HEAD / HTTP/1.1" 301 0 "http://ja.tak-cslab.org/" "Mozilla/5.0+(compatible; UptimeRobot/2.0; http://www.uptimerobot.com/)"
216.245.221.83 - - [03/Dec/2021:14:39:26 +0000] "HEAD / HTTP/1.1" 200 0 "http://ja.tak-cslab.org/" "Mozilla/5.0+(compatible; UptimeRobot/2.0; http://www.uptimerobot.com/)"
222.151.32.28 - - [03/Dec/2021:14:40:41 +0000] "POST /wp-admin/admin-ajax.php HTTP/2.0" 200 21 "https://ja.tak-cslab.org/wp-admin/post.php?post=117&action=edit" "Mozilla/5.0 (Windows NT 10.0; Win64; x64) AppleWebKit/537.36 (KHTML, like Gecko) Chrome/96.0.4664.45 Safari/537.36"
216.245.221.83 - - [03/Dec/2021:14:44:26 +0000] "HEAD / HTTP/1.1" 301 0 "http://ja.tak-cslab.org/" "Mozilla/5.0+(compatible; UptimeRobot/2.0; http://www.uptimerobot.com/)"
216.245.221.83 - - [03/Dec/2021:14:44:26 +0000] "HEAD / HTTP/1.1" 200 0 "http://ja.tak-cslab.org/" "Mozilla/5.0+(compatible; UptimeRobot/2.0; http://www.uptimerobot.com/)"
66.249.66.87 - - [03/Dec/2021:14:44:48 +0000] "GET /robots.txt HTTP/1.1" 200 123 "-" "Mozilla/5.0 (compatible; Googlebot/2.1; +http://www.google.com/bot.html)"
66.249.66.159 - - [03/Dec/2021:14:44:48 +0000] "GET /topics/blog HTTP/1.1" 200 13111 "-" "Mozilla/5.0 (compatible; Googlebot/2.1; +http://www.google.com/bot.html)"
199.59.150.183 - - [03/Dec/2021:14:45:07 +0000] "GET /robots.txt HTTP/1.1" 200 128 "-" "Twitterbot/1.0"
199.59.150.183 - - [03/Dec/2021:14:45:07 +0000] "GET /archives/896 HTTP/1.1" 200 10394 "-" "Twitterbot/1.0"
34.206.38.217 - - [03/Dec/2021:14:48:18 +0000] "GET /feed HTTP/1.1" 200 56281 "-" "Automate.io BOT"
216.245.221.83 - - [03/Dec/2021:14:49:26 +0000] "HEAD / HTTP/1.1" 301 0 "http://ja.tak-cslab.org/" "Mozilla/5.0+(compatible; UptimeRobot/2.0; http://www.uptimerobot.com/)"
216.245.221.83 - - [03/Dec/2021:14:49:26 +0000] "HEAD / HTTP/1.1" 200 0 "http://ja.tak-cslab.org/" "Mozilla/5.0+(compatible; UptimeRobot/2.0; http://www.uptimerobot.com/)"
34.206.38.217 - - [03/Dec/2021:14:53:19 +0000] "GET /feed HTTP/1.1" 200 56281 "-" "Automate.io BOT"
52.55.107.49 - - [03/Dec/2021:14:53:40 +0000] "HEAD /feed HTTP/2.0" 200 0 "-" "Slackbot 1.0 (+https://api.slack.com/robots)"
3.86.230.118 - - [03/Dec/2021:14:53:40 +0000] "GET /feed HTTP/1.1" 200 56281 "-" "Slackbot 1.0 (+https://api.slack.com/robots)"
3.231.21.94 - - [03/Dec/2021:14:53:42 +0000] "GET / HTTP/1.1" 200 6249 "-" "Slackbot 1.0 (+https://api.slack.com/robots)"
216.245.221.83 - - [03/Dec/2021:14:54:26 +0000] "HEAD / HTTP/1.1" 301 0 "http://ja.tak-cslab.org/" "Mozilla/5.0+(compatible; UptimeRobot/2.0; http://www.uptimerobot.com/)"
216.245.221.83 - - [03/Dec/2021:14:54:26 +0000] "HEAD / HTTP/1.1" 200 0 "http://ja.tak-cslab.org/" "Mozilla/5.0+(compatible; UptimeRobot/2.0; http://www.uptimerobot.com/)"
216.245.221.83 - - [03/Dec/2021:14:59:26 +0000] "HEAD / HTTP/1.1" 301 0 "http://ja.tak-cslab.org/" "Mozilla/5.0+(compatible; UptimeRobot/2.0; http://www.uptimerobot.com/)"
216.245.221.83 - - [03/Dec/2021:14:59:26 +0000] "HEAD / HTTP/1.1" 200 0 "http://ja.tak-cslab.org/" "Mozilla/5.0+(compatible; UptimeRobot/2.0; http://www.uptimerobot.com/)"
163.215.6.1 - - [03/Dec/2021:15:03:19 +0000] "POST /wp-cron.php?doing_wp_cron=1638543799.8859090805053710937500 HTTP/1.1" 200 31 "https://ja.tak-cslab.org/wp-cron.php?doing_wp_cron=1638543799.8859090805053710937500" "WordPress/5.8.2; https://ja.tak-cslab.org"
34.206.38.217 - - [03/Dec/2021:15:03:19 +0000] "GET /feed HTTP/1.1" 200 56281 "-" "Automate.io BOT"
216.245.221.83 - - [03/Dec/2021:15:04:26 +0000] "HEAD / HTTP/1.1" 301 0 "http://ja.tak-cslab.org/" "Mozilla/5.0+(compatible; UptimeRobot/2.0; http://www.uptimerobot.com/)"
216.245.221.83 - - [03/Dec/2021:15:04:26 +0000] "HEAD / HTTP/1.1" 200 0 "http://ja.tak-cslab.org/" "Mozilla/5.0+(compatible; UptimeRobot/2.0; http://www.uptimerobot.com/)"
207.46.13.41 - - [03/Dec/2021:15:07:37 +0000] "GET /wp-content/uploads/2020/01/iot.png HTTP/2.0" 200 1197066 "-" "Mozilla/5.0 (compatible; bingbot/2.0; +http://www.bing.com/bingbot.htm)"
34.206.38.217 - - [03/Dec/2021:15:08:19 +0000] "GET /feed HTTP/1.1" 200 56281 "-" "Automate.io BOT"
216.245.221.83 - - [03/Dec/2021:15:09:26 +0000] "HEAD / HTTP/1.1" 301 0 "http://ja.tak-cslab.org/" "Mozilla/5.0+(compatible; UptimeRobot/2.0; http://www.uptimerobot.com/)"
216.245.221.83 - - [03/Dec/2021:15:09:26 +0000] "HEAD / HTTP/1.1" 200 0 "http://ja.tak-cslab.org/" "Mozilla/5.0+(compatible; UptimeRobot/2.0; http://www.uptimerobot.com/)"
34.206.38.217 - - [03/Dec/2021:15:13:19 +0000] "GET /feed HTTP/1.1" 200 56281 "-" "Automate.io BOT"
34.204.5.8 - - [03/Dec/2021:15:13:41 +0000] "HEAD /feed HTTP/2.0" 200 0 "-" "Slackbot 1.0 (+https://api.slack.com/robots)"
199.59.150.180 - - [03/Dec/2021:15:13:42 +0000] "GET /robots.txt HTTP/1.1" 200 128 "-" "Twitterbot/1.0"
3.86.154.110 - - [03/Dec/2021:15:13:42 +0000] "GET /feed HTTP/1.1" 200 56281 "-" "Slackbot 1.0 (+https://api.slack.com/robots)"
199.59.150.180 - - [03/Dec/2021:15:13:42 +0000] "GET /archives/1549 HTTP/1.1" 200 6662 "-" "Twitterbot/1.0"
3.239.115.172 - - [03/Dec/2021:15:13:45 +0000] "GET / HTTP/1.1" 200 6249 "-" "Slackbot 1.0 (+https://api.slack.com/robots)"
216.245.221.83 - - [03/Dec/2021:15:14:26 +0000] "HEAD / HTTP/1.1" 301 0 "http://ja.tak-cslab.org/" "Mozilla/5.0+(compatible; UptimeRobot/2.0; http://www.uptimerobot.com/)"
216.245.221.83 - - [03/Dec/2021:15:14:26 +0000] "HEAD / HTTP/1.1" 200 0 "http://ja.tak-cslab.org/" "Mozilla/5.0+(compatible; UptimeRobot/2.0; http://www.uptimerobot.com/)"
163.215.6.1 - - [03/Dec/2021:15:18:19 +0000] "POST /wp-cron.php?doing_wp_cron=1638544699.4542379379272460937500 HTTP/1.1" 200 31 "https://ja.tak-cslab.org/wp-cron.php?doing_wp_cron=1638544699.4542379379272460937500" "WordPress/5.8.2; https://ja.tak-cslab.org"
34.206.38.217 - - [03/Dec/2021:15:18:19 +0000] "GET /feed HTTP/1.1" 200 56281 "-" "Automate.io BOT"
80.253.235.44 - - [03/Dec/2021:15:18:59 +0000] "GET /archives/460/ HTTP/1.0" 301 162 "http://ja.tak-cslab.org/archives/460/" "Mozilla/5.0 (Windows NT 6.1; WOW64) AppleWebKit/537.36 (KHTML, like Gecko) Chrome/90.0.4430.72 Safari/537.36"
80.253.235.44 - - [03/Dec/2021:15:19:01 +0000] "GET /archives/460/ HTTP/1.0" 301 0 "https://ja.tak-cslab.org/archives/460/" "Mozilla/5.0 (Windows NT 6.1; WOW64) AppleWebKit/537.36 (KHTML, like Gecko) Chrome/90.0.4430.72 Safari/537.36"
80.253.235.44 - - [03/Dec/2021:15:19:02 +0000] "GET /archives/460 HTTP/1.0" 200 27831 "https://ja.tak-cslab.org/archives/460" "Mozilla/5.0 (Windows NT 6.1; WOW64) AppleWebKit/537.36 (KHTML, like Gecko) Chrome/90.0.4430.72 Safari/537.36"
216.245.221.83 - - [03/Dec/2021:15:19:26 +0000] "HEAD / HTTP/1.1" 301 0 "http://ja.tak-cslab.org/" "Mozilla/5.0+(compatible; UptimeRobot/2.0; http://www.uptimerobot.com/)"
216.245.221.83 - - [03/Dec/2021:15:19:26 +0000] "HEAD / HTTP/1.1" 200 0 "http://ja.tak-cslab.org/" "Mozilla/5.0+(compatible; UptimeRobot/2.0; http://www.uptimerobot.com/)"
216.245.221.83 - - [03/Dec/2021:15:24:26 +0000] "HEAD / HTTP/1.1" 301 0 "http://ja.tak-cslab.org/" "Mozilla/5.0+(compatible; UptimeRobot/2.0; http://www.uptimerobot.com/)"
216.245.221.83 - - [03/Dec/2021:15:24:26 +0000] "HEAD / HTTP/1.1" 200 0 "http://ja.tak-cslab.org/" "Mozilla/5.0+(compatible; UptimeRobot/2.0; http://www.uptimerobot.com/)"
34.206.38.217 - - [03/Dec/2021:15:28:19 +0000] "GET /feed HTTP/1.1" 200 56281 "-" "Automate.io BOT"
216.245.221.83 - - [03/Dec/2021:15:29:26 +0000] "HEAD / HTTP/1.1" 301 0 "http://ja.tak-cslab.org/" "Mozilla/5.0+(compatible; UptimeRobot/2.0; http://www.uptimerobot.com/)"
216.245.221.83 - - [03/Dec/2021:15:29:26 +0000] "HEAD / HTTP/1.1" 200 0 "http://ja.tak-cslab.org/" "Mozilla/5.0+(compatible; UptimeRobot/2.0; http://www.uptimerobot.com/)"
66.249.66.87 - - [03/Dec/2021:15:29:47 +0000] "GET /archives/498 HTTP/1.1" 200 7406 "-" "Mozilla/5.0 (Linux; Android 6.0.1; Nexus 5X Build/MMB29P) AppleWebKit/537.36 (KHTML, like Gecko) Chrome/96.0.4664.45 Mobile Safari/537.36 (compatible; Googlebot/2.1; +http://www.google.com/bot.html)"
34.206.38.217 - - [03/Dec/2021:15:33:19 +0000] "GET /feed HTTP/1.1" 200 56281 "-" "Automate.io BOT"
44.195.77.125 - - [03/Dec/2021:15:33:39 +0000] "HEAD /feed HTTP/2.0" 200 0 "-" "Slackbot 1.0 (+https://api.slack.com/robots)"
3.237.239.38 - - [03/Dec/2021:15:33:40 +0000] "GET /feed HTTP/1.1" 200 56281 "-" "Slackbot 1.0 (+https://api.slack.com/robots)"
3.235.104.118 - - [03/Dec/2021:15:33:40 +0000] "GET / HTTP/1.1" 200 6249 "-" "Slackbot 1.0 (+https://api.slack.com/robots)"
216.245.221.83 - - [03/Dec/2021:15:34:26 +0000] "HEAD / HTTP/1.1" 301 0 "http://ja.tak-cslab.org/" "Mozilla/5.0+(compatible; UptimeRobot/2.0; http://www.uptimerobot.com/)"
216.245.221.83 - - [03/Dec/2021:15:34:26 +0000] "HEAD / HTTP/1.1" 200 0 "http://ja.tak-cslab.org/" "Mozilla/5.0+(compatible; UptimeRobot/2.0; http://www.uptimerobot.com/)"
34.206.38.217 - - [03/Dec/2021:15:38:19 +0000] "GET /feed HTTP/1.1" 200 56281 "-" "Automate.io BOT"
216.245.221.83 - - [03/Dec/2021:15:39:26 +0000] "HEAD / HTTP/1.1" 301 0 "http://ja.tak-cslab.org/" "Mozilla/5.0+(compatible; UptimeRobot/2.0; http://www.uptimerobot.com/)"
216.245.221.83 - - [03/Dec/2021:15:39:26 +0000] "HEAD / HTTP/1.1" 200 0 "http://ja.tak-cslab.org/" "Mozilla/5.0+(compatible; UptimeRobot/2.0; http://www.uptimerobot.com/)"
34.206.38.217 - - [03/Dec/2021:15:43:19 +0000] "GET /feed HTTP/1.1" 200 56274 "-" "Automate.io BOT"
216.245.221.83 - - [03/Dec/2021:15:44:26 +0000] "HEAD / HTTP/1.1" 301 0 "http://ja.tak-cslab.org/" "Mozilla/5.0+(compatible; UptimeRobot/2.0; http://www.uptimerobot.com/)"
216.245.221.83 - - [03/Dec/2021:15:44:26 +0000] "HEAD / HTTP/1.1" 200 0 "http://ja.tak-cslab.org/" "Mozilla/5.0+(compatible; UptimeRobot/2.0; http://www.uptimerobot.com/)"
207.46.13.85 - - [03/Dec/2021:15:44:28 +0000] "GET /wp-content/uploads/2020/08/image-1-768x621.png HTTP/2.0" 200 226762 "-" "Mozilla/5.0 (compatible; bingbot/2.0; +http://www.bing.com/bingbot.htm)"
34.206.38.217 - - [03/Dec/2021:15:48:20 +0000] "GET /feed HTTP/1.1" 200 56281 "-" "Automate.io BOT"
216.245.221.83 - - [03/Dec/2021:15:49:26 +0000] "HEAD / HTTP/1.1" 301 0 "http://ja.tak-cslab.org/" "Mozilla/5.0+(compatible; UptimeRobot/2.0; http://www.uptimerobot.com/)"
216.245.221.83 - - [03/Dec/2021:15:49:26 +0000] "HEAD / HTTP/1.1" 200 0 "http://ja.tak-cslab.org/" "Mozilla/5.0+(compatible; UptimeRobot/2.0; http://www.uptimerobot.com/)"
40.77.167.44 - - [03/Dec/2021:15:50:55 +0000] "GET /wp-content/uploads/2020/09/Screen-Shot-2020-09-09-at-16.09.33-600x327.png HTTP/2.0" 200 80962 "-" "Mozilla/5.0 (compatible; bingbot/2.0; +http://www.bing.com/bingbot.htm)"
3.95.211.45 - - [03/Dec/2021:15:53:36 +0000] "HEAD /feed HTTP/2.0" 200 0 "-" "Slackbot 1.0 (+https://api.slack.com/robots)"
44.192.69.8 - - [03/Dec/2021:15:53:37 +0000] "GET /feed HTTP/1.1" 200 56281 "-" "Slackbot 1.0 (+https://api.slack.com/robots)"
3.95.211.45 - - [03/Dec/2021:15:53:38 +0000] "GET / HTTP/1.1" 200 6241 "-" "Slackbot 1.0 (+https://api.slack.com/robots)"
175.132.135.249 - - [03/Dec/2021:15:54:06 +0000] "GET /about HTTP/2.0" 200 5355 "-" "Mozilla/5.0 (Windows NT 10.0; Win64; x64) AppleWebKit/537.36 (KHTML, like Gecko) Chrome/96.0.4664.45 Safari/537.36"
175.132.135.249 - - [03/Dec/2021:15:54:07 +0000] "GET /wp-content/themes/cdsl/style.css?ver=1.3.1 HTTP/2.0" 200 272 "https://ja.tak-cslab.org/about" "Mozilla/5.0 (Windows NT 10.0; Win64; x64) AppleWebKit/537.36 (KHTML, like Gecko) Chrome/96.0.4664.45 Safari/537.36"
175.132.135.249 - - [03/Dec/2021:15:54:07 +0000] "GET /wp-content/themes/scaffold/assets/js/navigation.js?ver=1.3.1 HTTP/2.0" 200 1266 "https://ja.tak-cslab.org/about" "Mozilla/5.0 (Windows NT 10.0; Win64; x64) AppleWebKit/537.36 (KHTML, like Gecko) Chrome/96.0.4664.45 Safari/537.36"
175.132.135.249 - - [03/Dec/2021:15:54:07 +0000] "GET /wp-includes/js/wp-embed.min.js?ver=5.8.2 HTTP/2.0" 200 779 "https://ja.tak-cslab.org/about" "Mozilla/5.0 (Windows NT 10.0; Win64; x64) AppleWebKit/537.36 (KHTML, like Gecko) Chrome/96.0.4664.45 Safari/537.36"
