163.215.6.1 - - [01/Dec/2021:02:19:17 +0000] "GET /wp-includes/js/clipboard.min.js?ver=5.8.2 HTTP/2.0" 200 3735 "https://ja.tak-cslab.org/wp-admin/post.php?post=117&action=edit" "Mozilla/5.0 (Windows NT 10.0; Win64; x64) AppleWebKit/537.36 (KHTML, like Gecko) Chrome/96.0.4664.45 Safari/537.36"
163.215.6.1 - - [01/Dec/2021:02:19:17 +0000] "GET /wp-includes/js/api-request.min.js?ver=5.8.2 HTTP/2.0" 200 597 "https://ja.tak-cslab.org/wp-admin/post.php?post=117&action=edit" "Mozilla/5.0 (Windows NT 10.0; Win64; x64) AppleWebKit/537.36 (KHTML, like Gecko) Chrome/96.0.4664.45 Safari/537.36"
163.215.6.1 - - [01/Dec/2021:02:19:17 +0000] "GET /wp-includes/js/mediaelement/wp-mediaelement.min.js?ver=5.8.2 HTTP/2.0" 200 482 "https://ja.tak-cslab.org/wp-admin/post.php?post=117&action=edit" "Mozilla/5.0 (Windows NT 10.0; Win64; x64) AppleWebKit/537.36 (KHTML, like Gecko) Chrome/96.0.4664.45 Safari/537.36"
163.215.6.1 - - [01/Dec/2021:02:19:17 +0000] "GET /wp-includes/js/mediaelement/mediaelement-migrate.min.js?ver=5.8.2 HTTP/2.0" 200 559 "https://ja.tak-cslab.org/wp-admin/post.php?post=117&action=edit" "Mozilla/5.0 (Windows NT 10.0; Win64; x64) AppleWebKit/537.36 (KHTML, like Gecko) Chrome/96.0.4664.45 Safari/537.36"
163.215.6.1 - - [01/Dec/2021:02:19:17 +0000] "GET /wp-includes/js/plupload/wp-plupload.min.js?ver=5.8.2 HTTP/2.0" 200 2501 "https://ja.tak-cslab.org/wp-admin/post.php?post=117&action=edit" "Mozilla/5.0 (Windows NT 10.0; Win64; x64) AppleWebKit/537.36 (KHTML, like Gecko) Chrome/96.0.4664.45 Safari/537.36"
163.215.6.1 - - [01/Dec/2021:02:19:17 +0000] "GET /wp-includes/js/wp-backbone.min.js?ver=5.8.2 HTTP/2.0" 200 1275 "https://ja.tak-cslab.org/wp-admin/post.php?post=117&action=edit" "Mozilla/5.0 (Windows NT 10.0; Win64; x64) AppleWebKit/537.36 (KHTML, like Gecko) Chrome/96.0.4664.45 Safari/537.36"
163.215.6.1 - - [01/Dec/2021:02:19:17 +0000] "GET /wp-includes/js/wp-util.min.js?ver=5.8.2 HTTP/2.0" 200 719 "https://ja.tak-cslab.org/wp-admin/post.php?post=117&action=edit" "Mozilla/5.0 (Windows NT 10.0; Win64; x64) AppleWebKit/537.36 (KHTML, like Gecko) Chrome/96.0.4664.45 Safari/537.36"
163.215.6.1 - - [01/Dec/2021:02:19:17 +0000] "GET /wp-includes/js/jquery/ui/core.min.js?ver=1.12.1 HTTP/2.0" 200 7680 "https://ja.tak-cslab.org/wp-admin/post.php?post=117&action=edit" "Mozilla/5.0 (Windows NT 10.0; Win64; x64) AppleWebKit/537.36 (KHTML, like Gecko) Chrome/96.0.4664.45 Safari/537.36"
163.215.6.1 - - [01/Dec/2021:02:19:17 +0000] "GET /wp-includes/js/jquery/ui/sortable.min.js?ver=1.12.1 HTTP/2.0" 200 7661 "https://ja.tak-cslab.org/wp-admin/post.php?post=117&action=edit" "Mozilla/5.0 (Windows NT 10.0; Win64; x64) AppleWebKit/537.36 (KHTML, like Gecko) Chrome/96.0.4664.45 Safari/537.36"
163.215.6.1 - - [01/Dec/2021:02:19:17 +0000] "GET /wp-includes/js/media-models.min.js?ver=5.8.2 HTTP/2.0" 200 5045 "https://ja.tak-cslab.org/wp-admin/post.php?post=117&action=edit" "Mozilla/5.0 (Windows NT 10.0; Win64; x64) AppleWebKit/537.36 (KHTML, like Gecko) Chrome/96.0.4664.45 Safari/537.36"
163.215.6.1 - - [01/Dec/2021:02:19:17 +0000] "GET /wp-includes/js/underscore.min.js?ver=1.13.1 HTTP/2.0" 200 8109 "https://ja.tak-cslab.org/wp-admin/post.php?post=117&action=edit" "Mozilla/5.0 (Windows NT 10.0; Win64; x64) AppleWebKit/537.36 (KHTML, like Gecko) Chrome/96.0.4664.45 Safari/537.36"
163.215.6.1 - - [01/Dec/2021:02:19:17 +0000] "GET /wp-admin/js/editor.min.js?ver=5.8.2 HTTP/2.0" 200 5197 "https://ja.tak-cslab.org/wp-admin/post.php?post=117&action=edit" "Mozilla/5.0 (Windows NT 10.0; Win64; x64) AppleWebKit/537.36 (KHTML, like Gecko) Chrome/96.0.4664.45 Safari/537.36"
163.215.6.1 - - [01/Dec/2021:02:19:17 +0000] "GET /wp-includes/js/media-views.min.js?ver=5.8.2 HTTP/2.0" 200 33759 "https://ja.tak-cslab.org/wp-admin/post.php?post=117&action=edit" "Mozilla/5.0 (Windows NT 10.0; Win64; x64) AppleWebKit/537.36 (KHTML, like Gecko) Chrome/96.0.4664.45 Safari/537.36"
163.215.6.1 - - [01/Dec/2021:02:19:17 +0000] "GET /wp-includes/js/mediaelement/mediaelement-and-player.min.js?ver=4.2.16 HTTP/2.0" 200 46900 "https://ja.tak-cslab.org/wp-admin/post.php?post=117&action=edit" "Mozilla/5.0 (Windows NT 10.0; Win64; x64) AppleWebKit/537.36 (KHTML, like Gecko) Chrome/96.0.4664.45 Safari/537.36"
163.215.6.1 - - [01/Dec/2021:02:19:17 +0000] "GET /wp-includes/js/dist/block-library.min.js?ver=69fc06eecf1aeb26e48b8a47ed38179b HTTP/2.0" 200 156843 "https://ja.tak-cslab.org/wp-admin/post.php?post=117&action=edit" "Mozilla/5.0 (Windows NT 10.0; Win64; x64) AppleWebKit/537.36 (KHTML, like Gecko) Chrome/96.0.4664.45 Safari/537.36"
163.215.6.1 - - [01/Dec/2021:02:19:17 +0000] "GET /wp-includes/js/dist/media-utils.min.js?ver=8e557d69e3ef2356d081c60830d157a1 HTTP/2.0" 200 3327 "https://ja.tak-cslab.org/wp-admin/post.php?post=117&action=edit" "Mozilla/5.0 (Windows NT 10.0; Win64; x64) AppleWebKit/537.36 (KHTML, like Gecko) Chrome/96.0.4664.45 Safari/537.36"
163.215.6.1 - - [01/Dec/2021:02:19:18 +0000] "GET /wp-json/wp-statistics/v2/metabox?name=post&ID=117&_=1638325157213 HTTP/2.0" 200 202 "https://ja.tak-cslab.org/wp-admin/post.php?post=117&action=edit" "Mozilla/5.0 (Windows NT 10.0; Win64; x64) AppleWebKit/537.36 (KHTML, like Gecko) Chrome/96.0.4664.45 Safari/537.36"
163.215.6.1 - - [01/Dec/2021:02:19:18 +0000] "GET /wp-includes/js/thickbox/loadingAnimation.gif HTTP/2.0" 200 15238 "https://ja.tak-cslab.org/wp-admin/post.php?post=117&action=edit" "Mozilla/5.0 (Windows NT 10.0; Win64; x64) AppleWebKit/537.36 (KHTML, like Gecko) Chrome/96.0.4664.45 Safari/537.36"
163.215.6.1 - - [01/Dec/2021:02:19:19 +0000] "GET /wp-json/wp/v2/blocks?context=edit&per_page=100&_locale=user HTTP/2.0" 200 22 "https://ja.tak-cslab.org/wp-admin/post.php?post=117&action=edit" "Mozilla/5.0 (Windows NT 10.0; Win64; x64) AppleWebKit/537.36 (KHTML, like Gecko) Chrome/96.0.4664.45 Safari/537.36"
163.215.6.1 - - [01/Dec/2021:02:19:20 +0000] "GET /wp-json/wp/v2/users/me?_locale=user HTTP/2.0" 200 271 "https://ja.tak-cslab.org/wp-admin/post.php?post=117&action=edit" "Mozilla/5.0 (Windows NT 10.0; Win64; x64) AppleWebKit/537.36 (KHTML, like Gecko) Chrome/96.0.4664.45 Safari/537.36"
163.215.6.1 - - [01/Dec/2021:02:19:20 +0000] "GET /wp-json/wp/v2/users/?who=authors&per_page=100&_locale=user HTTP/2.0" 200 2702 "https://ja.tak-cslab.org/wp-admin/post.php?post=117&action=edit" "Mozilla/5.0 (Windows NT 10.0; Win64; x64) AppleWebKit/537.36 (KHTML, like Gecko) Chrome/96.0.4664.45 Safari/537.36"
163.215.6.1 - - [01/Dec/2021:02:19:20 +0000] "GET /wp-json/wp/v2/templates?context=edit&per_page=100&_locale=user HTTP/2.0" 200 22 "https://ja.tak-cslab.org/wp-admin/post.php?post=117&action=edit" "Mozilla/5.0 (Windows NT 10.0; Win64; x64) AppleWebKit/537.36 (KHTML, like Gecko) Chrome/96.0.4664.45 Safari/537.36"
163.215.6.1 - - [01/Dec/2021:02:19:20 +0000] "GET /wp-json/wp/v2/pages/117?_locale=user HTTP/2.0" 200 10643 "https://ja.tak-cslab.org/wp-admin/post.php?post=117&action=edit" "Mozilla/5.0 (Windows NT 10.0; Win64; x64) AppleWebKit/537.36 (KHTML, like Gecko) Chrome/96.0.4664.45 Safari/537.36"
163.215.6.1 - - [01/Dec/2021:02:19:20 +0000] "GET /wp-json/wp/v2/users?who=authors&include=16&_locale=user HTTP/2.0" 200 273 "https://ja.tak-cslab.org/wp-admin/post.php?post=117&action=edit" "Mozilla/5.0 (Windows NT 10.0; Win64; x64) AppleWebKit/537.36 (KHTML, like Gecko) Chrome/96.0.4664.45 Safari/537.36"
163.215.6.1 - - [01/Dec/2021:02:19:20 +0000] "GET /wp-json/wp/v2/users/?who=authors&per_page=100&search=Tak&_locale=user HTTP/2.0" 200 691 "https://ja.tak-cslab.org/wp-admin/post.php?post=117&action=edit" "Mozilla/5.0 (Windows NT 10.0; Win64; x64) AppleWebKit/537.36 (KHTML, like Gecko) Chrome/96.0.4664.45 Safari/537.36"
163.215.6.1 - - [01/Dec/2021:02:19:20 +0000] "GET /wp-json/wp/v2/users/?who=authors&per_page=100&_locale=user HTTP/2.0" 200 2702 "https://ja.tak-cslab.org/wp-admin/post.php?post=117&action=edit" "Mozilla/5.0 (Windows NT 10.0; Win64; x64) AppleWebKit/537.36 (KHTML, like Gecko) Chrome/96.0.4664.45 Safari/537.36"
216.245.221.83 - - [01/Dec/2021:02:19:26 +0000] "HEAD / HTTP/1.1" 301 0 "http://ja.tak-cslab.org/" "Mozilla/5.0+(compatible; UptimeRobot/2.0; http://www.uptimerobot.com/)"
216.245.221.83 - - [01/Dec/2021:02:19:26 +0000] "HEAD / HTTP/1.1" 200 0 "http://ja.tak-cslab.org/" "Mozilla/5.0+(compatible; UptimeRobot/2.0; http://www.uptimerobot.com/)"
163.215.6.1 - - [01/Dec/2021:02:20:18 +0000] "POST /wp-admin/admin-ajax.php HTTP/2.0" 200 103 "https://ja.tak-cslab.org/wp-admin/post.php?post=117&action=edit" "Mozilla/5.0 (Windows NT 10.0; Win64; x64) AppleWebKit/537.36 (KHTML, like Gecko) Chrome/96.0.4664.45 Safari/537.36"
163.215.6.1 - - [01/Dec/2021:02:20:19 +0000] "POST /wp-json/wp/v2/pages/117/autosaves?_locale=user HTTP/2.0" 200 18613 "https://ja.tak-cslab.org/wp-admin/post.php?post=117&action=edit" "Mozilla/5.0 (Windows NT 10.0; Win64; x64) AppleWebKit/537.36 (KHTML, like Gecko) Chrome/96.0.4664.45 Safari/537.36"
163.215.6.1 - - [01/Dec/2021:02:21:18 +0000] "POST /wp-admin/admin-ajax.php HTTP/2.0" 200 103 "https://ja.tak-cslab.org/wp-admin/post.php?post=117&action=edit" "Mozilla/5.0 (Windows NT 10.0; Win64; x64) AppleWebKit/537.36 (KHTML, like Gecko) Chrome/96.0.4664.45 Safari/537.36"
163.215.6.1 - - [01/Dec/2021:02:21:19 +0000] "POST /wp-json/wp/v2/pages/117/autosaves?_locale=user HTTP/2.0" 200 18610 "https://ja.tak-cslab.org/wp-admin/post.php?post=117&action=edit" "Mozilla/5.0 (Windows NT 10.0; Win64; x64) AppleWebKit/537.36 (KHTML, like Gecko) Chrome/96.0.4664.45 Safari/537.36"
34.206.38.217 - - [01/Dec/2021:02:21:33 +0000] "GET /feed HTTP/1.1" 200 55868 "-" "Automate.io BOT"
163.215.6.1 - - [01/Dec/2021:02:22:18 +0000] "POST /wp-admin/admin-ajax.php HTTP/2.0" 200 103 "https://ja.tak-cslab.org/wp-admin/post.php?post=117&action=edit" "Mozilla/5.0 (Windows NT 10.0; Win64; x64) AppleWebKit/537.36 (KHTML, like Gecko) Chrome/96.0.4664.45 Safari/537.36"
163.215.6.1 - - [01/Dec/2021:02:22:19 +0000] "POST /wp-json/wp/v2/pages/117/autosaves?_locale=user HTTP/2.0" 200 18613 "https://ja.tak-cslab.org/wp-admin/post.php?post=117&action=edit" "Mozilla/5.0 (Windows NT 10.0; Win64; x64) AppleWebKit/537.36 (KHTML, like Gecko) Chrome/96.0.4664.45 Safari/537.36"
163.215.6.1 - - [01/Dec/2021:02:22:25 +0000] "POST /wp-json/wp/v2/pages/117?_locale=user HTTP/2.0" 200 19796 "https://ja.tak-cslab.org/wp-admin/post.php?post=117&action=edit" "Mozilla/5.0 (Windows NT 10.0; Win64; x64) AppleWebKit/537.36 (KHTML, like Gecko) Chrome/96.0.4664.45 Safari/537.36"
163.215.6.1 - - [01/Dec/2021:02:22:26 +0000] "POST /wp-admin/post.php?post=117&action=edit&meta-box-loader=1&meta-box-loader-nonce=db03f5f481&_locale=user HTTP/2.0" 302 0 "https://ja.tak-cslab.org/wp-admin/post.php?post=117&action=edit" "Mozilla/5.0 (Windows NT 10.0; Win64; x64) AppleWebKit/537.36 (KHTML, like Gecko) Chrome/96.0.4664.45 Safari/537.36"
163.215.6.1 - - [01/Dec/2021:02:22:26 +0000] "GET /wp-admin/post.php?post=117&action=edit&message=4 HTTP/2.0" 200 177420 "https://ja.tak-cslab.org/wp-admin/post.php?post=117&action=edit" "Mozilla/5.0 (Windows NT 10.0; Win64; x64) AppleWebKit/537.36 (KHTML, like Gecko) Chrome/96.0.4664.45 Safari/537.36"
163.215.6.1 - - [01/Dec/2021:02:22:34 +0000] "GET / HTTP/2.0" 200 8371 "-" "Mozilla/5.0 (Windows NT 10.0; Win64; x64) AppleWebKit/537.36 (KHTML, like Gecko) Chrome/96.0.4664.45 Safari/537.36"
163.215.6.1 - - [01/Dec/2021:02:22:36 +0000] "GET /tech-report HTTP/2.0" 200 14919 "https://ja.tak-cslab.org/" "Mozilla/5.0 (Windows NT 10.0; Win64; x64) AppleWebKit/537.36 (KHTML, like Gecko) Chrome/96.0.4664.45 Safari/537.36"
3.112.91.223 - - [01/Dec/2021:02:22:59 +0000] "GET /favicon.ico HTTP/1.1" 302 5 "-" "Slack-ImgProxy (+https://api.slack.com/robots)"
18.180.154.122 - - [01/Dec/2021:02:22:59 +0000] "GET /wp-includes/images/w-logo-blue-white-bg.png HTTP/1.1" 200 4119 "-" "Slack-ImgProxy (+https://api.slack.com/robots)"
163.215.6.1 - - [01/Dec/2021:02:23:19 +0000] "POST /wp-admin/admin-ajax.php HTTP/2.0" 200 103 "https://ja.tak-cslab.org/wp-admin/post.php?post=117&action=edit" "Mozilla/5.0 (Windows NT 10.0; Win64; x64) AppleWebKit/537.36 (KHTML, like Gecko) Chrome/96.0.4664.45 Safari/537.36"
216.245.221.83 - - [01/Dec/2021:02:24:26 +0000] "HEAD / HTTP/1.1" 301 0 "http://ja.tak-cslab.org/" "Mozilla/5.0+(compatible; UptimeRobot/2.0; http://www.uptimerobot.com/)"
216.245.221.83 - - [01/Dec/2021:02:24:26 +0000] "HEAD / HTTP/1.1" 200 0 "http://ja.tak-cslab.org/" "Mozilla/5.0+(compatible; UptimeRobot/2.0; http://www.uptimerobot.com/)"
163.215.6.1 - - [01/Dec/2021:02:25:20 +0000] "POST /wp-admin/admin-ajax.php HTTP/2.0" 200 103 "https://ja.tak-cslab.org/wp-admin/post.php?post=117&action=edit" "Mozilla/5.0 (Windows NT 10.0; Win64; x64) AppleWebKit/537.36 (KHTML, like Gecko) Chrome/96.0.4664.45 Safari/537.36"
163.215.6.1 - - [01/Dec/2021:02:27:22 +0000] "POST /wp-admin/admin-ajax.php HTTP/2.0" 200 103 "https://ja.tak-cslab.org/wp-admin/post.php?post=117&action=edit" "Mozilla/5.0 (Windows NT 10.0; Win64; x64) AppleWebKit/537.36 (KHTML, like Gecko) Chrome/96.0.4664.45 Safari/537.36"
34.206.38.217 - - [01/Dec/2021:02:27:54 +0000] "GET /feed HTTP/1.1" 200 55868 "-" "Automate.io BOT"
51.222.253.1 - - [01/Dec/2021:02:28:01 +0000] "GET /archives/425 HTTP/2.0" 200 6587 "-" "Mozilla/5.0 (compatible; AhrefsBot/7.0; +http://ahrefs.com/robot/)"
163.215.6.1 - - [01/Dec/2021:02:29:22 +0000] "POST /wp-admin/admin-ajax.php HTTP/2.0" 200 103 "https://ja.tak-cslab.org/wp-admin/post.php?post=117&action=edit" "Mozilla/5.0 (Windows NT 10.0; Win64; x64) AppleWebKit/537.36 (KHTML, like Gecko) Chrome/96.0.4664.45 Safari/537.36"
216.245.221.83 - - [01/Dec/2021:02:29:26 +0000] "HEAD / HTTP/1.1" 301 0 "http://ja.tak-cslab.org/" "Mozilla/5.0+(compatible; UptimeRobot/2.0; http://www.uptimerobot.com/)"
216.245.221.83 - - [01/Dec/2021:02:29:26 +0000] "HEAD / HTTP/1.1" 200 0 "http://ja.tak-cslab.org/" "Mozilla/5.0+(compatible; UptimeRobot/2.0; http://www.uptimerobot.com/)"
40.77.167.53 - - [01/Dec/2021:02:30:05 +0000] "GET /wp-content/uploads/2021/04/CDSL-System-Architecture6-768x432.png HTTP/2.0" 200 75280 "-" "Mozilla/5.0 (compatible; bingbot/2.0; +http://www.bing.com/bingbot.htm)"
163.215.6.1 - - [01/Dec/2021:02:31:23 +0000] "POST /wp-admin/admin-ajax.php HTTP/2.0" 200 103 "https://ja.tak-cslab.org/wp-admin/post.php?post=117&action=edit" "Mozilla/5.0 (Windows NT 10.0; Win64; x64) AppleWebKit/537.36 (KHTML, like Gecko) Chrome/96.0.4664.45 Safari/537.36"
34.206.38.217 - - [01/Dec/2021:02:32:54 +0000] "GET /feed HTTP/1.1" 200 55868 "-" "Automate.io BOT"
18.232.250.82 - - [01/Dec/2021:02:33:41 +0000] "HEAD /feed HTTP/2.0" 200 0 "-" "Slackbot 1.0 (+https://api.slack.com/robots)"
54.234.115.42 - - [01/Dec/2021:02:33:41 +0000] "GET /feed HTTP/1.1" 200 55868 "-" "Slackbot 1.0 (+https://api.slack.com/robots)"
34.235.115.250 - - [01/Dec/2021:02:33:42 +0000] "GET / HTTP/1.1" 200 6312 "-" "Slackbot 1.0 (+https://api.slack.com/robots)"
216.245.221.83 - - [01/Dec/2021:02:34:26 +0000] "HEAD / HTTP/1.1" 301 0 "http://ja.tak-cslab.org/" "Mozilla/5.0+(compatible; UptimeRobot/2.0; http://www.uptimerobot.com/)"
216.245.221.83 - - [01/Dec/2021:02:34:26 +0000] "HEAD / HTTP/1.1" 200 0 "http://ja.tak-cslab.org/" "Mozilla/5.0+(compatible; UptimeRobot/2.0; http://www.uptimerobot.com/)"
163.215.6.1 - - [01/Dec/2021:02:35:48 +0000] "GET / HTTP/2.0" 200 6293 "-" "Mozilla/5.0 (iPhone; CPU iPhone OS 15_0_2 like Mac OS X) AppleWebKit/605.1.15 (KHTML, like Gecko) FxiOS/39.0  Mobile/15E148 Safari/605.1.15"
163.215.6.1 - - [01/Dec/2021:02:35:52 +0000] "GET /tech-report HTTP/2.0" 200 12708 "https://ja.tak-cslab.org/" "Mozilla/5.0 (iPhone; CPU iPhone OS 15_0_2 like Mac OS X) AppleWebKit/605.1.15 (KHTML, like Gecko) FxiOS/39.0  Mobile/15E148 Safari/605.1.15"
163.215.6.1 - - [01/Dec/2021:02:36:07 +0000] "GET / HTTP/2.0" 200 6293 "-" "Mozilla/5.0 (iPhone; CPU iPhone OS 15_0_2 like Mac OS X) AppleWebKit/605.1.15 (KHTML, like Gecko) FxiOS/39.0  Mobile/15E148 Safari/605.1.15"
163.215.6.1 - - [01/Dec/2021:02:36:10 +0000] "GET /about/about-cdsl HTTP/2.0" 200 7054 "https://ja.tak-cslab.org/" "Mozilla/5.0 (iPhone; CPU iPhone OS 15_0_2 like Mac OS X) AppleWebKit/605.1.15 (KHTML, like Gecko) FxiOS/39.0  Mobile/15E148 Safari/605.1.15"
163.215.6.1 - - [01/Dec/2021:02:36:10 +0000] "GET /about/favicon.ico HTTP/2.0" 404 5316 "-" "Mozilla/5.0 (iPhone; CPU iPhone OS 15_0_2 like Mac OS X) AppleWebKit/605.1.15 (KHTML, like Gecko) FxiOS/39.0  Mobile/15E148 Safari/605.1.15"
163.215.6.1 - - [01/Dec/2021:02:36:11 +0000] "GET / HTTP/2.0" 200 6293 "https://ja.tak-cslab.org/about/about-cdsl" "Mozilla/5.0 (iPhone; CPU iPhone OS 15_0_2 like Mac OS X) AppleWebKit/605.1.15 (KHTML, like Gecko) FxiOS/39.0  Mobile/15E148 Safari/605.1.15"
163.215.6.1 - - [01/Dec/2021:02:36:11 +0000] "GET /about/favicon.ico HTTP/2.0" 404 5316 "-" "Mozilla/5.0 (iPhone; CPU iPhone OS 15_0_2 like Mac OS X) AppleWebKit/605.1.15 (KHTML, like Gecko) FxiOS/39.0  Mobile/15E148 Safari/605.1.15"
163.215.6.1 - - [01/Dec/2021:02:36:11 +0000] "GET / HTTP/2.0" 200 6293 "-" "Mozilla/5.0 (Macintosh; Intel Mac OS X 10_11_1) AppleWebKit/601.2.4 (KHTML, like Gecko) Version/9.0.1 Safari/601.2.4 facebookexternalhit/1.1 Facebot Twitterbot/1.0"
163.215.6.1 - - [01/Dec/2021:02:36:11 +0000] "GET /apple-touch-icon-precomposed.png HTTP/2.0" 404 5316 "-" "Mozilla/5.0 (Macintosh; Intel Mac OS X 10_11_1) AppleWebKit/601.2.4 (KHTML, like Gecko) Version/9.0.1 Safari/601.2.4 facebookexternalhit/1.1 Facebot Twitterbot/1.0"
163.215.6.1 - - [01/Dec/2021:02:36:11 +0000] "GET /favicon.ico HTTP/2.0" 302 0 "-" "Mozilla/5.0 (Macintosh; Intel Mac OS X 10_11_1) AppleWebKit/601.2.4 (KHTML, like Gecko) Version/9.0.1 Safari/601.2.4 facebookexternalhit/1.1 Facebot Twitterbot/1.0"
163.215.6.1 - - [01/Dec/2021:02:36:11 +0000] "GET /apple-touch-icon.png HTTP/2.0" 404 5316 "-" "Mozilla/5.0 (Macintosh; Intel Mac OS X 10_11_1) AppleWebKit/601.2.4 (KHTML, like Gecko) Version/9.0.1 Safari/601.2.4 facebookexternalhit/1.1 Facebot Twitterbot/1.0"
163.215.6.1 - - [01/Dec/2021:02:36:11 +0000] "GET /wp-includes/images/w-logo-blue-white-bg.png HTTP/2.0" 200 4119 "-" "Mozilla/5.0 (Macintosh; Intel Mac OS X 10_11_1) AppleWebKit/601.2.4 (KHTML, like Gecko) Version/9.0.1 Safari/601.2.4 facebookexternalhit/1.1 Facebot Twitterbot/1.0"
122.212.39.170 - - [01/Dec/2021:02:37:41 +0000] "GET /wp-content/uploads/2021/01/%E3%83%92%E3%83%89%E3%83%A9.jpeg HTTP/2.0" 200 12823 "https://www.google.com/" "Mozilla/5.0 (Macintosh; Intel Mac OS X 10_15_7) AppleWebKit/537.36 (KHTML, like Gecko) Chrome/96.0.4664.55 Safari/537.36"
34.206.38.217 - - [01/Dec/2021:02:37:55 +0000] "GET /feed HTTP/1.1" 200 55868 "-" "Automate.io BOT"
216.245.221.83 - - [01/Dec/2021:02:39:26 +0000] "HEAD / HTTP/1.1" 301 0 "http://ja.tak-cslab.org/" "Mozilla/5.0+(compatible; UptimeRobot/2.0; http://www.uptimerobot.com/)"
216.245.221.83 - - [01/Dec/2021:02:39:26 +0000] "HEAD / HTTP/1.1" 200 0 "http://ja.tak-cslab.org/" "Mozilla/5.0+(compatible; UptimeRobot/2.0; http://www.uptimerobot.com/)"
34.206.38.217 - - [01/Dec/2021:02:42:54 +0000] "GET /feed HTTP/1.1" 200 55868 "-" "Automate.io BOT"
216.245.221.83 - - [01/Dec/2021:02:44:26 +0000] "HEAD / HTTP/1.1" 301 0 "http://ja.tak-cslab.org/" "Mozilla/5.0+(compatible; UptimeRobot/2.0; http://www.uptimerobot.com/)"
216.245.221.83 - - [01/Dec/2021:02:44:26 +0000] "HEAD / HTTP/1.1" 200 0 "http://ja.tak-cslab.org/" "Mozilla/5.0+(compatible; UptimeRobot/2.0; http://www.uptimerobot.com/)"
66.249.66.159 - - [01/Dec/2021:02:46:23 +0000] "GET /archives/394 HTTP/1.1" 200 10784 "-" "Mozilla/5.0 (Linux; Android 6.0.1; Nexus 5X Build/MMB29P) AppleWebKit/537.36 (KHTML, like Gecko) Chrome/96.0.4664.45 Mobile Safari/537.36 (compatible; Googlebot/2.1; +http://www.google.com/bot.html)"
34.206.38.217 - - [01/Dec/2021:02:47:54 +0000] "GET /feed HTTP/1.1" 200 55868 "-" "Automate.io BOT"
216.245.221.83 - - [01/Dec/2021:02:49:26 +0000] "HEAD / HTTP/1.1" 301 0 "http://ja.tak-cslab.org/" "Mozilla/5.0+(compatible; UptimeRobot/2.0; http://www.uptimerobot.com/)"
216.245.221.83 - - [01/Dec/2021:02:49:26 +0000] "HEAD / HTTP/1.1" 200 0 "http://ja.tak-cslab.org/" "Mozilla/5.0+(compatible; UptimeRobot/2.0; http://www.uptimerobot.com/)"
40.77.167.44 - - [01/Dec/2021:02:52:11 +0000] "GET /tags/nas/feed HTTP/2.0" 200 11242 "-" "Mozilla/5.0 (compatible; bingbot/2.0; +http://www.bing.com/bingbot.htm)"
163.215.6.1 - - [01/Dec/2021:02:52:13 +0000] "GET /tech-report HTTP/2.0" 200 12708 "-" "Mozilla/5.0 (Windows NT 10.0; Win64; x64) AppleWebKit/537.36 (KHTML, like Gecko) Chrome/96.0.4664.45 Safari/537.36"
163.215.6.1 - - [01/Dec/2021:02:52:14 +0000] "GET /favicon.ico HTTP/2.0" 302 0 "https://ja.tak-cslab.org/tech-report" "Mozilla/5.0 (Windows NT 10.0; Win64; x64) AppleWebKit/537.36 (KHTML, like Gecko) Chrome/96.0.4664.45 Safari/537.36"
163.215.6.1 - - [01/Dec/2021:02:52:31 +0000] "GET /tech-report HTTP/2.0" 200 12708 "-" "Mozilla/5.0 (Windows NT 10.0; Win64; x64) AppleWebKit/537.36 (KHTML, like Gecko) Chrome/96.0.4664.45 Safari/537.36"
163.215.6.1 - - [01/Dec/2021:02:52:31 +0000] "GET /favicon.ico HTTP/2.0" 302 0 "https://ja.tak-cslab.org/tech-report" "Mozilla/5.0 (Windows NT 10.0; Win64; x64) AppleWebKit/537.36 (KHTML, like Gecko) Chrome/96.0.4664.45 Safari/537.36"
34.206.38.217 - - [01/Dec/2021:02:52:54 +0000] "GET /feed HTTP/1.1" 200 55868 "-" "Automate.io BOT"
51.222.253.1 - - [01/Dec/2021:02:53:32 +0000] "GET /about/tools HTTP/2.0" 200 6089 "-" "Mozilla/5.0 (compatible; AhrefsBot/7.0; +http://ahrefs.com/robot/)"
54.234.115.42 - - [01/Dec/2021:02:53:35 +0000] "HEAD /feed HTTP/2.0" 200 0 "-" "Slackbot 1.0 (+https://api.slack.com/robots)"
18.212.153.243 - - [01/Dec/2021:02:53:35 +0000] "GET /feed HTTP/1.1" 200 55868 "-" "Slackbot 1.0 (+https://api.slack.com/robots)"
18.209.230.8 - - [01/Dec/2021:02:53:36 +0000] "GET / HTTP/1.1" 200 6312 "-" "Slackbot 1.0 (+https://api.slack.com/robots)"
216.245.221.83 - - [01/Dec/2021:02:54:26 +0000] "HEAD / HTTP/1.1" 301 0 "http://ja.tak-cslab.org/" "Mozilla/5.0+(compatible; UptimeRobot/2.0; http://www.uptimerobot.com/)"
216.245.221.83 - - [01/Dec/2021:02:54:26 +0000] "HEAD / HTTP/1.1" 200 0 "http://ja.tak-cslab.org/" "Mozilla/5.0+(compatible; UptimeRobot/2.0; http://www.uptimerobot.com/)"
40.77.167.66 - - [01/Dec/2021:02:55:30 +0000] "GET /wp-content/uploads/2020/02/image-5.png HTTP/2.0" 200 121373 "-" "Mozilla/5.0 (compatible; bingbot/2.0; +http://www.bing.com/bingbot.htm)"
34.206.38.217 - - [01/Dec/2021:02:57:54 +0000] "GET /feed HTTP/1.1" 200 55868 "-" "Automate.io BOT"
216.245.221.83 - - [01/Dec/2021:02:59:26 +0000] "HEAD / HTTP/1.1" 301 0 "http://ja.tak-cslab.org/" "Mozilla/5.0+(compatible; UptimeRobot/2.0; http://www.uptimerobot.com/)"
216.245.221.83 - - [01/Dec/2021:02:59:26 +0000] "HEAD / HTTP/1.1" 200 0 "http://ja.tak-cslab.org/" "Mozilla/5.0+(compatible; UptimeRobot/2.0; http://www.uptimerobot.com/)"
163.215.6.1 - - [01/Dec/2021:03:02:54 +0000] "POST /wp-cron.php?doing_wp_cron=1638327774.6135239601135253906250 HTTP/1.1" 200 31 "https://ja.tak-cslab.org/wp-cron.php?doing_wp_cron=1638327774.6135239601135253906250" "WordPress/5.8.2; https://ja.tak-cslab.org"
34.206.38.217 - - [01/Dec/2021:03:02:54 +0000] "GET /feed HTTP/1.1" 200 55861 "-" "Automate.io BOT"
163.215.6.1 - - [01/Dec/2021:03:04:24 +0000] "GET / HTTP/2.0" 200 6293 "-" "Mozilla/5.0 (Windows NT 10.0; Win64; x64) AppleWebKit/537.36 (KHTML, like Gecko) Chrome/96.0.4664.45 Safari/537.36"
216.245.221.83 - - [01/Dec/2021:03:04:26 +0000] "HEAD / HTTP/1.1" 301 0 "http://ja.tak-cslab.org/" "Mozilla/5.0+(compatible; UptimeRobot/2.0; http://www.uptimerobot.com/)"
216.245.221.83 - - [01/Dec/2021:03:04:26 +0000] "HEAD / HTTP/1.1" 200 0 "http://ja.tak-cslab.org/" "Mozilla/5.0+(compatible; UptimeRobot/2.0; http://www.uptimerobot.com/)"
163.215.6.1 - - [01/Dec/2021:03:04:27 +0000] "GET /tech-report HTTP/2.0" 200 12708 "https://ja.tak-cslab.org/" "Mozilla/5.0 (Windows NT 10.0; Win64; x64) AppleWebKit/537.36 (KHTML, like Gecko) Chrome/96.0.4664.45 Safari/537.36"
163.215.6.1 - - [01/Dec/2021:03:04:29 +0000] "GET / HTTP/2.0" 200 6293 "-" "Mozilla/5.0 (Windows NT 10.0; Win64; x64) AppleWebKit/537.36 (KHTML, like Gecko) Chrome/96.0.4664.45 Safari/537.36"
163.215.6.1 - - [01/Dec/2021:03:04:31 +0000] "GET /tech-report HTTP/2.0" 200 12708 "https://ja.tak-cslab.org/" "Mozilla/5.0 (Windows NT 10.0; Win64; x64) AppleWebKit/537.36 (KHTML, like Gecko) Chrome/96.0.4664.45 Safari/537.36"
163.215.6.1 - - [01/Dec/2021:03:05:47 +0000] "GET /tech-report HTTP/2.0" 200 12708 "https://www.google.com/" "Mozilla/5.0 (Windows NT 10.0; Win64; x64) AppleWebKit/537.36 (KHTML, like Gecko) Chrome/96.0.4664.45 Safari/537.36"
163.215.6.1 - - [01/Dec/2021:03:05:47 +0000] "GET /wp-content/themes/cdsl/style.css?ver=1.3.1 HTTP/2.0" 200 272 "https://ja.tak-cslab.org/tech-report" "Mozilla/5.0 (Windows NT 10.0; Win64; x64) AppleWebKit/537.36 (KHTML, like Gecko) Chrome/96.0.4664.45 Safari/537.36"
163.215.6.1 - - [01/Dec/2021:03:05:47 +0000] "GET /wp-content/themes/scaffold/assets/js/navigation.js?ver=1.3.1 HTTP/2.0" 200 1266 "https://ja.tak-cslab.org/tech-report" "Mozilla/5.0 (Windows NT 10.0; Win64; x64) AppleWebKit/537.36 (KHTML, like Gecko) Chrome/96.0.4664.45 Safari/537.36"
163.215.6.1 - - [01/Dec/2021:03:05:47 +0000] "GET /wp-includes/js/wp-embed.min.js?ver=5.8.2 HTTP/2.0" 200 779 "https://ja.tak-cslab.org/tech-report" "Mozilla/5.0 (Windows NT 10.0; Win64; x64) AppleWebKit/537.36 (KHTML, like Gecko) Chrome/96.0.4664.45 Safari/537.36"
163.215.6.1 - - [01/Dec/2021:03:05:47 +0000] "GET /wp-content/themes/scaffold/style.css?ver=5.8.2 HTTP/2.0" 200 5846 "https://ja.tak-cslab.org/tech-report" "Mozilla/5.0 (Windows NT 10.0; Win64; x64) AppleWebKit/537.36 (KHTML, like Gecko) Chrome/96.0.4664.45 Safari/537.36"
163.215.6.1 - - [01/Dec/2021:03:05:47 +0000] "GET /wp-includes/css/dist/block-library/style.min.css?ver=5.8.2 HTTP/2.0" 200 13704 "https://ja.tak-cslab.org/tech-report" "Mozilla/5.0 (Windows NT 10.0; Win64; x64) AppleWebKit/537.36 (KHTML, like Gecko) Chrome/96.0.4664.45 Safari/537.36"
163.215.6.1 - - [01/Dec/2021:03:05:47 +0000] "GET /wp-includes/js/wp-emoji-release.min.js?ver=5.8.2 HTTP/2.0" 200 5714 "https://ja.tak-cslab.org/tech-report" "Mozilla/5.0 (Windows NT 10.0; Win64; x64) AppleWebKit/537.36 (KHTML, like Gecko) Chrome/96.0.4664.45 Safari/537.36"
163.215.6.1 - - [01/Dec/2021:03:05:47 +0000] "GET /favicon.ico HTTP/2.0" 302 0 "https://ja.tak-cslab.org/tech-report" "Mozilla/5.0 (Windows NT 10.0; Win64; x64) AppleWebKit/537.36 (KHTML, like Gecko) Chrome/96.0.4664.45 Safari/537.36"
163.215.6.1 - - [01/Dec/2021:03:05:47 +0000] "GET /wp-includes/images/w-logo-blue-white-bg.png HTTP/2.0" 200 4119 "https://ja.tak-cslab.org/tech-report" "Mozilla/5.0 (Windows NT 10.0; Win64; x64) AppleWebKit/537.36 (KHTML, like Gecko) Chrome/96.0.4664.45 Safari/537.36"
34.206.38.217 - - [01/Dec/2021:03:07:54 +0000] "GET /feed HTTP/1.1" 200 55867 "-" "Automate.io BOT"
163.215.6.1 - - [01/Dec/2021:03:08:33 +0000] "POST /wp-admin/admin-ajax.php HTTP/2.0" 200 102 "https://ja.tak-cslab.org/wp-admin/post.php?post=1679&action=edit" "Mozilla/5.0 (Macintosh; Intel Mac OS X 10_15_7) AppleWebKit/537.36 (KHTML, like Gecko) Chrome/96.0.4664.55 Safari/537.36"
216.245.221.83 - - [01/Dec/2021:03:09:26 +0000] "HEAD / HTTP/1.1" 301 0 "http://ja.tak-cslab.org/" "Mozilla/5.0+(compatible; UptimeRobot/2.0; http://www.uptimerobot.com/)"
216.245.221.83 - - [01/Dec/2021:03:09:26 +0000] "HEAD / HTTP/1.1" 200 0 "http://ja.tak-cslab.org/" "Mozilla/5.0+(compatible; UptimeRobot/2.0; http://www.uptimerobot.com/)"
163.215.6.1 - - [01/Dec/2021:03:09:33 +0000] "POST /wp-admin/admin-ajax.php HTTP/2.0" 200 102 "https://ja.tak-cslab.org/wp-admin/post.php?post=1679&action=edit" "Mozilla/5.0 (Macintosh; Intel Mac OS X 10_15_7) AppleWebKit/537.36 (KHTML, like Gecko) Chrome/96.0.4664.55 Safari/537.36"
34.212.92.128 - - [01/Dec/2021:03:10:07 +0000] "GET /archives/896 HTTP/1.1" 200 30667 "-" "Mozilla/5.0 (Windows NT 6.1; Win64; x64) AppleWebKit/537.36 (KHTML, like Gecko) Chrome/72.0.3626.109 Safari/537.36"
163.215.6.1 - - [01/Dec/2021:03:10:33 +0000] "POST /wp-admin/admin-ajax.php HTTP/2.0" 200 102 "https://ja.tak-cslab.org/wp-admin/post.php?post=1679&action=edit" "Mozilla/5.0 (Macintosh; Intel Mac OS X 10_15_7) AppleWebKit/537.36 (KHTML, like Gecko) Chrome/96.0.4664.55 Safari/537.36"
163.215.6.1 - - [01/Dec/2021:03:11:33 +0000] "POST /wp-admin/admin-ajax.php HTTP/2.0" 200 102 "https://ja.tak-cslab.org/wp-admin/post.php?post=1679&action=edit" "Mozilla/5.0 (Macintosh; Intel Mac OS X 10_15_7) AppleWebKit/537.36 (KHTML, like Gecko) Chrome/96.0.4664.55 Safari/537.36"
34.206.38.217 - - [01/Dec/2021:03:12:54 +0000] "GET /feed HTTP/1.1" 200 55867 "-" "Automate.io BOT"
163.215.6.1 - - [01/Dec/2021:03:13:35 +0000] "POST /wp-admin/admin-ajax.php HTTP/2.0" 200 102 "https://ja.tak-cslab.org/wp-admin/post.php?post=1679&action=edit" "Mozilla/5.0 (Macintosh; Intel Mac OS X 10_15_7) AppleWebKit/537.36 (KHTML, like Gecko) Chrome/96.0.4664.55 Safari/537.36"
3.88.39.105 - - [01/Dec/2021:03:13:43 +0000] "HEAD /feed HTTP/2.0" 200 0 "-" "Slackbot 1.0 (+https://api.slack.com/robots)"
3.93.48.106 - - [01/Dec/2021:03:13:43 +0000] "GET /feed HTTP/1.1" 200 55861 "-" "Slackbot 1.0 (+https://api.slack.com/robots)"
18.212.245.58 - - [01/Dec/2021:03:13:45 +0000] "GET / HTTP/1.1" 200 6306 "-" "Slackbot 1.0 (+https://api.slack.com/robots)"
58.70.215.194 - - [01/Dec/2021:03:14:03 +0000] "GET /archives/896 HTTP/1.1" 200 10447 "https://www.google.co.jp/url?esrc=s&q=&rct=j&sa=U&url=https://ja.tak-cslab.org/archives/896&ved=2ahUKEwjnvIaD0cH0AhXbsVYBHZbdDlcQFnoECAcQAg&usg=AOvVaw0yad7Q7mOpQINgEpIvV3_6" "Mozilla/5.0 (Windows NT 6.1; Trident/7.0; rv:11.0) like Gecko"
58.70.215.194 - - [01/Dec/2021:03:14:03 +0000] "GET /wp-content/themes/scaffold/style.css?ver=5.8.2 HTTP/1.1" 200 5859 "https://ja.tak-cslab.org/archives/896" "Mozilla/5.0 (Windows NT 6.1; Trident/7.0; rv:11.0) like Gecko"
58.70.215.194 - - [01/Dec/2021:03:14:03 +0000] "GET /wp-includes/css/dist/block-library/style.min.css?ver=5.8.2 HTTP/1.1" 200 13717 "https://ja.tak-cslab.org/archives/896" "Mozilla/5.0 (Windows NT 6.1; Trident/7.0; rv:11.0) like Gecko"
58.70.215.194 - - [01/Dec/2021:03:14:03 +0000] "GET /wp-content/themes/cdsl/style.css?ver=1.3.1 HTTP/1.1" 200 284 "https://ja.tak-cslab.org/archives/896" "Mozilla/5.0 (Windows NT 6.1; Trident/7.0; rv:11.0) like Gecko"
58.70.215.194 - - [01/Dec/2021:03:14:03 +0000] "GET /wp-content/plugins/native-lazyload/assets/images/placeholder.svg HTTP/1.1" 200 88 "https://ja.tak-cslab.org/archives/896" "Mozilla/5.0 (Windows NT 6.1; Trident/7.0; rv:11.0) like Gecko"
58.70.215.194 - - [01/Dec/2021:03:14:03 +0000] "GET /wp-content/themes/scaffold/assets/js/navigation.js?ver=1.3.1 HTTP/1.1" 200 1278 "https://ja.tak-cslab.org/archives/896" "Mozilla/5.0 (Windows NT 6.1; Trident/7.0; rv:11.0) like Gecko"
58.70.215.194 - - [01/Dec/2021:03:14:03 +0000] "GET /wp-includes/js/comment-reply.min.js?ver=5.8.2 HTTP/1.1" 200 1402 "https://ja.tak-cslab.org/archives/896" "Mozilla/5.0 (Windows NT 6.1; Trident/7.0; rv:11.0) like Gecko"
58.70.215.194 - - [01/Dec/2021:03:14:03 +0000] "GET /wp-includes/js/wp-embed.min.js?ver=5.8.2 HTTP/1.1" 200 791 "https://ja.tak-cslab.org/archives/896" "Mozilla/5.0 (Windows NT 6.1; Trident/7.0; rv:11.0) like Gecko"
58.70.215.194 - - [01/Dec/2021:03:14:03 +0000] "GET /wp-includes/js/wp-emoji-release.min.js?ver=5.8.2 HTTP/1.1" 200 5727 "https://ja.tak-cslab.org/archives/896" "Mozilla/5.0 (Windows NT 6.1; Trident/7.0; rv:11.0) like Gecko"
58.70.215.194 - - [01/Dec/2021:03:14:03 +0000] "GET /wp-content/plugins/native-lazyload/assets/js/lazyload.js HTTP/1.1" 200 1097 "https://ja.tak-cslab.org/archives/896" "Mozilla/5.0 (Windows NT 6.1; Trident/7.0; rv:11.0) like Gecko"
58.70.215.194 - - [01/Dec/2021:03:14:03 +0000] "GET /favicon.ico HTTP/1.1" 302 5 "-" "Mozilla/5.0 (Windows NT 6.1; Trident/7.0; rv:11.0) like Gecko"
58.70.215.194 - - [01/Dec/2021:03:14:03 +0000] "GET /wp-includes/images/w-logo-blue-white-bg.png HTTP/1.1" 200 4119 "-" "Mozilla/5.0 (Windows NT 6.1; Trident/7.0; rv:11.0) like Gecko"
58.70.215.194 - - [01/Dec/2021:03:14:10 +0000] "GET /wp-content/uploads/2021/01/%E3%83%92%E3%83%89%E3%83%A9.jpeg HTTP/1.1" 200 12823 "https://ja.tak-cslab.org/archives/896" "Mozilla/5.0 (Windows NT 6.1; Trident/7.0; rv:11.0) like Gecko"
58.70.215.194 - - [01/Dec/2021:03:14:17 +0000] "GET /wp-content/uploads/2021/02/%E3%83%92%E3%83%89%E3%83%A9%EF%BC%91.png HTTP/1.1" 200 27267 "https://ja.tak-cslab.org/archives/896" "Mozilla/5.0 (Windows NT 6.1; Trident/7.0; rv:11.0) like Gecko"
58.70.215.194 - - [01/Dec/2021:03:14:23 +0000] "GET /wp-content/uploads/2021/02/%E3%83%92%E3%83%89%E3%83%A9%EF%BC%92.png HTTP/1.1" 200 31701 "https://ja.tak-cslab.org/archives/896" "Mozilla/5.0 (Windows NT 6.1; Trident/7.0; rv:11.0) like Gecko"
216.245.221.83 - - [01/Dec/2021:03:14:26 +0000] "HEAD / HTTP/1.1" 301 0 "http://ja.tak-cslab.org/" "Mozilla/5.0+(compatible; UptimeRobot/2.0; http://www.uptimerobot.com/)"
216.245.221.83 - - [01/Dec/2021:03:14:26 +0000] "HEAD / HTTP/1.1" 200 0 "http://ja.tak-cslab.org/" "Mozilla/5.0+(compatible; UptimeRobot/2.0; http://www.uptimerobot.com/)"
51.222.253.5 - - [01/Dec/2021:03:14:33 +0000] "GET /archives/author/kenichi-takahashi HTTP/2.0" 200 5942 "-" "Mozilla/5.0 (compatible; AhrefsBot/7.0; +http://ahrefs.com/robot/)"
163.215.6.1 - - [01/Dec/2021:03:15:35 +0000] "POST /wp-admin/admin-ajax.php HTTP/2.0" 200 102 "https://ja.tak-cslab.org/wp-admin/post.php?post=1679&action=edit" "Mozilla/5.0 (Macintosh; Intel Mac OS X 10_15_7) AppleWebKit/537.36 (KHTML, like Gecko) Chrome/96.0.4664.55 Safari/537.36"
207.46.13.85 - - [01/Dec/2021:03:15:58 +0000] "GET /wp-content/uploads/2020/09/20200925_200925_3-600x800.jpg HTTP/2.0" 200 74214 "-" "Mozilla/5.0 (compatible; bingbot/2.0; +http://www.bing.com/bingbot.htm)"
163.215.6.1 - - [01/Dec/2021:03:17:47 +0000] "POST /wp-cron.php?doing_wp_cron=1638328667.1363859176635742187500 HTTP/1.1" 200 31 "https://ja.tak-cslab.org/wp-cron.php?doing_wp_cron=1638328667.1363859176635742187500" "WordPress/5.8.2; https://ja.tak-cslab.org"
163.215.6.1 - - [01/Dec/2021:03:17:47 +0000] "POST /wp-admin/admin-ajax.php HTTP/2.0" 200 102 "https://ja.tak-cslab.org/wp-admin/post.php?post=1679&action=edit" "Mozilla/5.0 (Macintosh; Intel Mac OS X 10_15_7) AppleWebKit/537.36 (KHTML, like Gecko) Chrome/96.0.4664.55 Safari/537.36"
34.206.38.217 - - [01/Dec/2021:03:17:54 +0000] "GET /feed HTTP/1.1" 200 55867 "-" "Automate.io BOT"
163.215.6.1 - - [01/Dec/2021:03:18:42 +0000] "GET /wp-admin/profile.php HTTP/2.0" 302 0 "-" "Mozilla/5.0 (Windows NT 10.0; Win64; x64) AppleWebKit/537.36 (KHTML, like Gecko) Chrome/96.0.4664.45 Safari/537.36"
163.215.6.1 - - [01/Dec/2021:03:18:42 +0000] "GET /404 HTTP/2.0" 404 5316 "-" "Mozilla/5.0 (Windows NT 10.0; Win64; x64) AppleWebKit/537.36 (KHTML, like Gecko) Chrome/96.0.4664.45 Safari/537.36"
163.215.6.1 - - [01/Dec/2021:03:18:43 +0000] "GET /wp-includes/js/wp-embed.min.js?ver=5.8.2 HTTP/2.0" 304 0 "https://ja.tak-cslab.org/404" "Mozilla/5.0 (Windows NT 10.0; Win64; x64) AppleWebKit/537.36 (KHTML, like Gecko) Chrome/96.0.4664.45 Safari/537.36"
163.215.6.1 - - [01/Dec/2021:03:18:43 +0000] "GET /wp-includes/css/dist/block-library/style.min.css?ver=5.8.2 HTTP/2.0" 304 0 "https://ja.tak-cslab.org/404" "Mozilla/5.0 (Windows NT 10.0; Win64; x64) AppleWebKit/537.36 (KHTML, like Gecko) Chrome/96.0.4664.45 Safari/537.36"
163.215.6.1 - - [01/Dec/2021:03:18:43 +0000] "GET /wp-includes/js/wp-emoji-release.min.js?ver=5.8.2 HTTP/2.0" 304 0 "https://ja.tak-cslab.org/404" "Mozilla/5.0 (Windows NT 10.0; Win64; x64) AppleWebKit/537.36 (KHTML, like Gecko) Chrome/96.0.4664.45 Safari/537.36"
163.215.6.1 - - [01/Dec/2021:03:18:49 +0000] "GET / HTTP/2.0" 200 6293 "-" "Mozilla/5.0 (Windows NT 10.0; Win64; x64) AppleWebKit/537.36 (KHTML, like Gecko) Chrome/96.0.4664.45 Safari/537.36"
163.215.6.1 - - [01/Dec/2021:03:18:49 +0000] "GET /wp-content/plugins/native-lazyload/assets/images/placeholder.svg HTTP/2.0" 200 88 "https://ja.tak-cslab.org/" "Mozilla/5.0 (Windows NT 10.0; Win64; x64) AppleWebKit/537.36 (KHTML, like Gecko) Chrome/96.0.4664.45 Safari/537.36"
163.215.6.1 - - [01/Dec/2021:03:18:49 +0000] "GET /wp-content/uploads/2020/01/server-e1585573899521.png HTTP/2.0" 200 426115 "https://ja.tak-cslab.org/" "Mozilla/5.0 (Windows NT 10.0; Win64; x64) AppleWebKit/537.36 (KHTML, like Gecko) Chrome/96.0.4664.45 Safari/537.36"
163.215.6.1 - - [01/Dec/2021:03:18:49 +0000] "GET /wp-content/uploads/2020/01/desk-e1585573956500.png HTTP/2.0" 200 367831 "https://ja.tak-cslab.org/" "Mozilla/5.0 (Windows NT 10.0; Win64; x64) AppleWebKit/537.36 (KHTML, like Gecko) Chrome/96.0.4664.45 Safari/537.36"
163.215.6.1 - - [01/Dec/2021:03:18:49 +0000] "GET /wp-content/uploads/2020/01/iot2-e1585573992906.png HTTP/2.0" 200 439802 "https://ja.tak-cslab.org/" "Mozilla/5.0 (Windows NT 10.0; Win64; x64) AppleWebKit/537.36 (KHTML, like Gecko) Chrome/96.0.4664.45 Safari/537.36"
163.215.6.1 - - [01/Dec/2021:03:18:49 +0000] "GET /wp-content/uploads/2020/01/books-e1585573975658.png HTTP/2.0" 200 549531 "https://ja.tak-cslab.org/" "Mozilla/5.0 (Windows NT 10.0; Win64; x64) AppleWebKit/537.36 (KHTML, like Gecko) Chrome/96.0.4664.45 Safari/537.36"
163.215.6.1 - - [01/Dec/2021:03:18:58 +0000] "GET /tech-report HTTP/2.0" 200 12708 "https://ja.tak-cslab.org/" "Mozilla/5.0 (Windows NT 10.0; Win64; x64) AppleWebKit/537.36 (KHTML, like Gecko) Chrome/96.0.4664.45 Safari/537.36"
216.245.221.83 - - [01/Dec/2021:03:19:26 +0000] "HEAD / HTTP/1.1" 301 0 "http://ja.tak-cslab.org/" "Mozilla/5.0+(compatible; UptimeRobot/2.0; http://www.uptimerobot.com/)"
216.245.221.83 - - [01/Dec/2021:03:19:26 +0000] "HEAD / HTTP/1.1" 200 0 "http://ja.tak-cslab.org/" "Mozilla/5.0+(compatible; UptimeRobot/2.0; http://www.uptimerobot.com/)"
163.215.6.1 - - [01/Dec/2021:03:19:47 +0000] "POST /wp-admin/admin-ajax.php HTTP/2.0" 200 102 "https://ja.tak-cslab.org/wp-admin/post.php?post=1679&action=edit" "Mozilla/5.0 (Macintosh; Intel Mac OS X 10_15_7) AppleWebKit/537.36 (KHTML, like Gecko) Chrome/96.0.4664.55 Safari/537.36"
52.199.104.182 - - [01/Dec/2021:03:20:00 +0000] "GET /favicon.ico HTTP/1.1" 302 5 "-" "Slack-ImgProxy (+https://api.slack.com/robots)"
54.249.155.146 - - [01/Dec/2021:03:20:00 +0000] "GET /wp-includes/images/w-logo-blue-white-bg.png HTTP/1.1" 200 4119 "-" "Slack-ImgProxy (+https://api.slack.com/robots)"
3.112.91.223 - - [01/Dec/2021:03:21:07 +0000] "GET /wp-content/uploads/2020/09/20200925_200925_0-1.jpg HTTP/1.1" 200 247845 "-" "Slack-ImgProxy (+https://api.slack.com/robots)"
18.183.43.224 - - [01/Dec/2021:03:21:07 +0000] "GET /wp-content/uploads/2020/09/20200925_200925_0-1.jpg HTTP/1.1" 200 247845 "-" "Slack-ImgProxy (+https://api.slack.com/robots)"
66.249.66.7 - - [01/Dec/2021:03:21:30 +0000] "GET /topics/blog HTTP/1.1" 200 13039 "-" "Mozilla/5.0 (compatible; Googlebot/2.1; +http://www.google.com/bot.html)"
34.206.38.217 - - [01/Dec/2021:03:22:54 +0000] "GET /feed HTTP/1.1" 200 55868 "-" "Automate.io BOT"
216.245.221.83 - - [01/Dec/2021:03:24:26 +0000] "HEAD / HTTP/1.1" 301 0 "http://ja.tak-cslab.org/" "Mozilla/5.0+(compatible; UptimeRobot/2.0; http://www.uptimerobot.com/)"
216.245.221.83 - - [01/Dec/2021:03:24:26 +0000] "HEAD / HTTP/1.1" 200 0 "http://ja.tak-cslab.org/" "Mozilla/5.0+(compatible; UptimeRobot/2.0; http://www.uptimerobot.com/)"
34.206.38.217 - - [01/Dec/2021:03:27:55 +0000] "GET /feed HTTP/1.1" 200 55867 "-" "Automate.io BOT"
163.215.6.1 - - [01/Dec/2021:03:29:18 +0000] "POST /wp-admin/admin-ajax.php HTTP/2.0" 200 102 "https://ja.tak-cslab.org/wp-admin/post.php?post=1679&action=edit" "Mozilla/5.0 (Macintosh; Intel Mac OS X 10_15_7) AppleWebKit/537.36 (KHTML, like Gecko) Chrome/96.0.4664.55 Safari/537.36"
216.245.221.83 - - [01/Dec/2021:03:29:26 +0000] "HEAD / HTTP/1.1" 301 0 "http://ja.tak-cslab.org/" "Mozilla/5.0+(compatible; UptimeRobot/2.0; http://www.uptimerobot.com/)"
216.245.221.83 - - [01/Dec/2021:03:29:26 +0000] "HEAD / HTTP/1.1" 200 0 "http://ja.tak-cslab.org/" "Mozilla/5.0+(compatible; UptimeRobot/2.0; http://www.uptimerobot.com/)"
163.215.6.1 - - [01/Dec/2021:03:30:17 +0000] "POST /wp-admin/admin-ajax.php HTTP/2.0" 200 102 "https://ja.tak-cslab.org/wp-admin/post.php?post=1679&action=edit" "Mozilla/5.0 (Macintosh; Intel Mac OS X 10_15_7) AppleWebKit/537.36 (KHTML, like Gecko) Chrome/96.0.4664.55 Safari/537.36"
163.215.6.1 - - [01/Dec/2021:03:30:19 +0000] "POST /wp-admin/admin-ajax.php HTTP/2.0" 200 21 "https://ja.tak-cslab.org/wp-admin/post.php?post=1679&action=edit" "Mozilla/5.0 (Macintosh; Intel Mac OS X 10_15_7) AppleWebKit/537.36 (KHTML, like Gecko) Chrome/96.0.4664.55 Safari/537.36"
163.215.6.1 - - [01/Dec/2021:03:30:22 +0000] "GET /wp-admin/edit.php?post_type=post HTTP/2.0" 200 24247 "https://ja.tak-cslab.org/wp-admin/post.php?post=1679&action=edit" "Mozilla/5.0 (Macintosh; Intel Mac OS X 10_15_7) AppleWebKit/537.36 (KHTML, like Gecko) Chrome/96.0.4664.55 Safari/537.36"
163.215.6.1 - - [01/Dec/2021:03:30:22 +0000] "POST /wp-admin/admin-ajax.php HTTP/2.0" 200 67 "https://ja.tak-cslab.org/wp-admin/edit.php?post_type=post" "Mozilla/5.0 (Macintosh; Intel Mac OS X 10_15_7) AppleWebKit/537.36 (KHTML, like Gecko) Chrome/96.0.4664.55 Safari/537.36"
163.215.6.1 - - [01/Dec/2021:03:30:25 +0000] "GET /wp-admin/post-new.php HTTP/2.0" 200 138024 "https://ja.tak-cslab.org/wp-admin/edit.php?post_type=post" "Mozilla/5.0 (Macintosh; Intel Mac OS X 10_15_7) AppleWebKit/537.36 (KHTML, like Gecko) Chrome/96.0.4664.55 Safari/537.36"
163.215.6.1 - - [01/Dec/2021:03:30:26 +0000] "GET /wp-json/wp/v2/blocks?context=edit&per_page=100&_locale=user HTTP/2.0" 200 22 "https://ja.tak-cslab.org/wp-admin/post-new.php" "Mozilla/5.0 (Macintosh; Intel Mac OS X 10_15_7) AppleWebKit/537.36 (KHTML, like Gecko) Chrome/96.0.4664.55 Safari/537.36"
163.215.6.1 - - [01/Dec/2021:03:30:26 +0000] "GET /wp-json/wp/v2/users/me?_locale=user HTTP/2.0" 200 281 "https://ja.tak-cslab.org/wp-admin/post-new.php" "Mozilla/5.0 (Macintosh; Intel Mac OS X 10_15_7) AppleWebKit/537.36 (KHTML, like Gecko) Chrome/96.0.4664.55 Safari/537.36"
163.215.6.1 - - [01/Dec/2021:03:31:03 +0000] "GET /wp-json/wp/v2/categories?per_page=100&orderby=name&order=asc&_fields=id%2Cname%2Cparent&_locale=user HTTP/2.0" 200 130 "https://ja.tak-cslab.org/wp-admin/post-new.php" "Mozilla/5.0 (Macintosh; Intel Mac OS X 10_15_7) AppleWebKit/537.36 (KHTML, like Gecko) Chrome/96.0.4664.55 Safari/537.36"
163.215.6.1 - - [01/Dec/2021:03:31:03 +0000] "GET /wp-json/wp/v2/taxonomies/category?context=edit&_locale=user HTTP/2.0" 200 676 "https://ja.tak-cslab.org/wp-admin/post-new.php" "Mozilla/5.0 (Macintosh; Intel Mac OS X 10_15_7) AppleWebKit/537.36 (KHTML, like Gecko) Chrome/96.0.4664.55 Safari/537.36"
163.215.6.1 - - [01/Dec/2021:03:31:03 +0000] "GET /wp-json/wp/v2/categories?per_page=100&orderby=name&order=asc&_fields=id%2Cname%2Cparent&_locale=user HTTP/2.0" 200 130 "https://ja.tak-cslab.org/wp-admin/post-new.php" "Mozilla/5.0 (Macintosh; Intel Mac OS X 10_15_7) AppleWebKit/537.36 (KHTML, like Gecko) Chrome/96.0.4664.55 Safari/537.36"
163.215.6.1 - - [01/Dec/2021:03:31:05 +0000] "GET /wp-json/wp/v2/taxonomies?context=edit&_locale=user HTTP/2.0" 200 914 "https://ja.tak-cslab.org/wp-admin/post-new.php" "Mozilla/5.0 (Macintosh; Intel Mac OS X 10_15_7) AppleWebKit/537.36 (KHTML, like Gecko) Chrome/96.0.4664.55 Safari/537.36"
163.215.6.1 - - [01/Dec/2021:03:31:05 +0000] "GET /wp-json/wp/v2/taxonomies/post_tag?context=edit&_locale=user HTTP/2.0" 200 685 "https://ja.tak-cslab.org/wp-admin/post-new.php" "Mozilla/5.0 (Macintosh; Intel Mac OS X 10_15_7) AppleWebKit/537.36 (KHTML, like Gecko) Chrome/96.0.4664.55 Safari/537.36"
163.215.6.1 - - [01/Dec/2021:03:31:05 +0000] "GET /wp-json/wp/v2/tags?context=edit&per_page=10&orderby=count&order=desc&hide_empty=true&_fields=id%2Cname%2Ccount&_locale=user HTTP/2.0" 200 220 "https://ja.tak-cslab.org/wp-admin/post-new.php" "Mozilla/5.0 (Macintosh; Intel Mac OS X 10_15_7) AppleWebKit/537.36 (KHTML, like Gecko) Chrome/96.0.4664.55 Safari/537.36"
163.215.6.1 - - [01/Dec/2021:03:31:21 +0000] "GET /wp-json/wp/v2/posts/1682?_locale=user HTTP/2.0" 200 557 "https://ja.tak-cslab.org/wp-admin/post-new.php" "Mozilla/5.0 (Macintosh; Intel Mac OS X 10_15_7) AppleWebKit/537.36 (KHTML, like Gecko) Chrome/96.0.4664.55 Safari/537.36"
163.215.6.1 - - [01/Dec/2021:03:31:21 +0000] "GET /wp-json/wp/v2/users/?who=authors&per_page=100&_locale=user HTTP/2.0" 200 2702 "https://ja.tak-cslab.org/wp-admin/post-new.php" "Mozilla/5.0 (Macintosh; Intel Mac OS X 10_15_7) AppleWebKit/537.36 (KHTML, like Gecko) Chrome/96.0.4664.55 Safari/537.36"
163.215.6.1 - - [01/Dec/2021:03:31:21 +0000] "GET /wp-json/wp/v2/users?who=authors&include=31&_locale=user HTTP/2.0" 200 283 "https://ja.tak-cslab.org/wp-admin/post-new.php" "Mozilla/5.0 (Macintosh; Intel Mac OS X 10_15_7) AppleWebKit/537.36 (KHTML, like Gecko) Chrome/96.0.4664.55 Safari/537.36"
163.215.6.1 - - [01/Dec/2021:03:31:21 +0000] "GET /wp-json/wp/v2/users/?who=authors&per_page=100&search=%E5%B0%8F%E6%9E%97%E7%AB%A3&_locale=user HTTP/2.0" 200 283 "https://ja.tak-cslab.org/wp-admin/post-new.php" "Mozilla/5.0 (Macintosh; Intel Mac OS X 10_15_7) AppleWebKit/537.36 (KHTML, like Gecko) Chrome/96.0.4664.55 Safari/537.36"
163.215.6.1 - - [01/Dec/2021:03:31:21 +0000] "GET /wp-json/wp/v2/users/?who=authors&per_page=100&_locale=user HTTP/2.0" 200 2702 "https://ja.tak-cslab.org/wp-admin/post-new.php" "Mozilla/5.0 (Macintosh; Intel Mac OS X 10_15_7) AppleWebKit/537.36 (KHTML, like Gecko) Chrome/96.0.4664.55 Safari/537.36"
66.249.66.5 - - [01/Dec/2021:03:31:22 +0000] "GET /archives/394 HTTP/1.1" 200 10792 "-" "Mozilla/5.0 (compatible; Googlebot/2.1; +http://www.google.com/bot.html)"
40.77.167.66 - - [01/Dec/2021:03:31:23 +0000] "GET /wp-sitemap.xml HTTP/2.0" 501 245 "-" "Mozilla/5.0 (compatible; bingbot/2.0; +http://www.bing.com/bingbot.htm)"
163.215.6.1 - - [01/Dec/2021:03:31:25 +0000] "POST /wp-admin/admin-ajax.php HTTP/2.0" 200 102 "https://ja.tak-cslab.org/wp-admin/post-new.php" "Mozilla/5.0 (Macintosh; Intel Mac OS X 10_15_7) AppleWebKit/537.36 (KHTML, like Gecko) Chrome/96.0.4664.55 Safari/537.36"
163.215.6.1 - - [01/Dec/2021:03:32:25 +0000] "POST /wp-admin/admin-ajax.php HTTP/2.0" 200 102 "https://ja.tak-cslab.org/wp-admin/post-new.php" "Mozilla/5.0 (Macintosh; Intel Mac OS X 10_15_7) AppleWebKit/537.36 (KHTML, like Gecko) Chrome/96.0.4664.55 Safari/537.36"
163.215.6.1 - - [01/Dec/2021:03:32:52 +0000] "POST /wp-json/wp/v2/posts/1682/autosaves?_locale=user HTTP/2.0" 200 228 "https://ja.tak-cslab.org/wp-admin/post-new.php" "Mozilla/5.0 (Macintosh; Intel Mac OS X 10_15_7) AppleWebKit/537.36 (KHTML, like Gecko) Chrome/96.0.4664.55 Safari/537.36"
34.206.38.217 - - [01/Dec/2021:03:32:55 +0000] "GET /feed HTTP/1.1" 200 55867 "-" "Automate.io BOT"
66.249.66.85 - - [01/Dec/2021:03:33:18 +0000] "GET /wp-content/uploads/2020/09/Screen-Shot-2020-09-09-at-15.14.44-1024x630.png HTTP/1.1" 200 426428 "-" "Googlebot-Image/1.0"
163.215.6.1 - - [01/Dec/2021:03:33:25 +0000] "POST /wp-admin/admin-ajax.php HTTP/2.0" 200 102 "https://ja.tak-cslab.org/wp-admin/post.php?post=1682&action=edit" "Mozilla/5.0 (Macintosh; Intel Mac OS X 10_15_7) AppleWebKit/537.36 (KHTML, like Gecko) Chrome/96.0.4664.55 Safari/537.36"
163.215.6.1 - - [01/Dec/2021:03:33:34 +0000] "POST /wp-admin/admin-ajax.php HTTP/2.0" 200 14388 "https://ja.tak-cslab.org/wp-admin/post.php?post=1682&action=edit" "Mozilla/5.0 (Macintosh; Intel Mac OS X 10_15_7) AppleWebKit/537.36 (KHTML, like Gecko) Chrome/96.0.4664.55 Safari/537.36"
163.215.6.1 - - [01/Dec/2021:03:33:35 +0000] "GET /wp-content/uploads/2021/11/4802D652-BD0F-4516-9091-6ECBE0F6189F-1.heic HTTP/2.0" 206 1 "https://ja.tak-cslab.org/wp-admin/post.php?post=1682&action=edit" "Mozilla/5.0 (Macintosh; Intel Mac OS X 10_15_7) AppleWebKit/537.36 (KHTML, like Gecko) Chrome/96.0.4664.55 Safari/537.36"
163.215.6.1 - - [01/Dec/2021:03:33:35 +0000] "GET /wp-content/uploads/2021/11/4802D652-BD0F-4516-9091-6ECBE0F6189F.heic HTTP/2.0" 206 1 "https://ja.tak-cslab.org/wp-admin/post.php?post=1682&action=edit" "Mozilla/5.0 (Macintosh; Intel Mac OS X 10_15_7) AppleWebKit/537.36 (KHTML, like Gecko) Chrome/96.0.4664.55 Safari/537.36"
163.215.6.1 - - [01/Dec/2021:03:33:35 +0000] "GET /wp-content/uploads/2021/11/4802D652-BD0F-4516-9091-6ECBE0F6189F-1.heic HTTP/2.0" 206 32768 "https://ja.tak-cslab.org/wp-admin/post.php?post=1682&action=edit" "Mozilla/5.0 (Macintosh; Intel Mac OS X 10_15_7) AppleWebKit/537.36 (KHTML, like Gecko) Chrome/96.0.4664.55 Safari/537.36"
163.215.6.1 - - [01/Dec/2021:03:33:35 +0000] "GET /wp-content/uploads/2021/11/4802D652-BD0F-4516-9091-6ECBE0F6189F.heic HTTP/2.0" 206 0 "https://ja.tak-cslab.org/wp-admin/post.php?post=1682&action=edit" "Mozilla/5.0 (Macintosh; Intel Mac OS X 10_15_7) AppleWebKit/537.36 (KHTML, like Gecko) Chrome/96.0.4664.55 Safari/537.36"
163.215.6.1 - - [01/Dec/2021:03:33:35 +0000] "GET /wp-includes/images/uploader-icons-2x.png HTTP/2.0" 200 3542 "https://ja.tak-cslab.org/wp-admin/load-styles.php?c=0&dir=ltr&load%5Bchunk_0%5D=dashicons,admin-bar,buttons,media-views,editor-buttons,wp-components,wp-block-editor,wp-nux,wp-reusable-blocks,wp-editor,common,&load%5Bchunk_1%5D=forms,wp-reset-editor-styles,wp-block-library,wp-editor-classic-layout-styles,wp-edit-blocks,wp-edit-post,wp-block-directory,wp-&load%5Bchunk_2%5D=format-library,admin-menu,dashboard,list-tables,edit,revisions,media,themes,about,nav-menus,wp-pointer,widgets,site-icon,l10n,wp&load%5Bchunk_3%5D=-auth-check&ver=5.8.2" "Mozilla/5.0 (Macintosh; Intel Mac OS X 10_15_7) AppleWebKit/537.36 (KHTML, like Gecko) Chrome/96.0.4664.55 Safari/537.36"
163.215.6.1 - - [01/Dec/2021:03:33:38 +0000] "GET /wp-content/uploads/2021/11/74317FDC-66B4-44B0-B1B6-31051015BB83_1_105_c.jpg HTTP/2.0" 200 195617 "https://ja.tak-cslab.org/wp-admin/post.php?post=1682&action=edit" "Mozilla/5.0 (Macintosh; Intel Mac OS X 10_15_7) AppleWebKit/537.36 (KHTML, like Gecko) Chrome/96.0.4664.55 Safari/537.36"
