138.199.36.137 - - [06/Dec/2021:13:09:30 +0000] "GET /archives/460/ HTTP/1.0" 301 162 "http://ja.tak-cslab.org/archives/460/" "Mozilla/5.0 (Windows NT 6.1; WOW64) AppleWebKit/537.36 (KHTML, like Gecko) Chrome/90.0.4430.93 Safari/537.36"
138.199.36.137 - - [06/Dec/2021:13:09:32 +0000] "GET /archives/460/ HTTP/1.0" 301 0 "https://ja.tak-cslab.org/archives/460/" "Mozilla/5.0 (Windows NT 6.1; WOW64) AppleWebKit/537.36 (KHTML, like Gecko) Chrome/90.0.4430.93 Safari/537.36"
138.199.36.137 - - [06/Dec/2021:13:09:34 +0000] "GET /archives/460 HTTP/1.0" 200 27831 "https://ja.tak-cslab.org/archives/460" "Mozilla/5.0 (Windows NT 6.1; WOW64) AppleWebKit/537.36 (KHTML, like Gecko) Chrome/90.0.4430.93 Safari/537.36"
163.215.6.1 - - [06/Dec/2021:13:10:56 +0000] "POST /wp-cron.php?doing_wp_cron=1638796256.5844569206237792968750 HTTP/1.1" 200 31 "https://ja.tak-cslab.org/wp-cron.php?doing_wp_cron=1638796256.5844569206237792968750" "WordPress/5.8.2; https://ja.tak-cslab.org"
34.206.38.217 - - [06/Dec/2021:13:10:56 +0000] "GET /feed HTTP/1.1" 200 56281 "-" "Automate.io BOT"
18.209.11.92 - - [06/Dec/2021:13:13:39 +0000] "HEAD /feed HTTP/2.0" 200 0 "-" "Slackbot 1.0 (+https://api.slack.com/robots)"
54.210.236.2 - - [06/Dec/2021:13:13:39 +0000] "GET /feed HTTP/1.1" 200 56281 "-" "Slackbot 1.0 (+https://api.slack.com/robots)"
3.239.115.172 - - [06/Dec/2021:13:13:40 +0000] "GET / HTTP/1.1" 200 6249 "-" "Slackbot 1.0 (+https://api.slack.com/robots)"
216.245.221.83 - - [06/Dec/2021:13:14:26 +0000] "HEAD / HTTP/1.1" 301 0 "http://ja.tak-cslab.org/" "Mozilla/5.0+(compatible; UptimeRobot/2.0; http://www.uptimerobot.com/)"
216.245.221.83 - - [06/Dec/2021:13:14:26 +0000] "HEAD / HTTP/1.1" 200 0 "http://ja.tak-cslab.org/" "Mozilla/5.0+(compatible; UptimeRobot/2.0; http://www.uptimerobot.com/)"
163.215.6.1 - - [06/Dec/2021:13:15:56 +0000] "POST /wp-cron.php?doing_wp_cron=1638796556.4775700569152832031250 HTTP/1.1" 200 31 "https://ja.tak-cslab.org/wp-cron.php?doing_wp_cron=1638796556.4775700569152832031250" "WordPress/5.8.2; https://ja.tak-cslab.org"
34.206.38.217 - - [06/Dec/2021:13:15:56 +0000] "GET /feed HTTP/1.1" 200 56281 "-" "Automate.io BOT"
163.215.6.1 - - [06/Dec/2021:13:19:08 +0000] "POST /wp-cron.php?doing_wp_cron=1638796748.4854989051818847656250 HTTP/1.1" 200 31 "https://ja.tak-cslab.org/wp-cron.php?doing_wp_cron=1638796748.4854989051818847656250" "WordPress/5.8.2; https://ja.tak-cslab.org"
66.249.66.86 - - [06/Dec/2021:13:19:08 +0000] "GET /topics/blog HTTP/1.1" 200 13111 "-" "Mozilla/5.0 (compatible; Googlebot/2.1; +http://www.google.com/bot.html)"
216.245.221.83 - - [06/Dec/2021:13:19:26 +0000] "HEAD / HTTP/1.1" 301 0 "http://ja.tak-cslab.org/" "Mozilla/5.0+(compatible; UptimeRobot/2.0; http://www.uptimerobot.com/)"
216.245.221.83 - - [06/Dec/2021:13:19:26 +0000] "HEAD / HTTP/1.1" 200 0 "http://ja.tak-cslab.org/" "Mozilla/5.0+(compatible; UptimeRobot/2.0; http://www.uptimerobot.com/)"
34.206.38.217 - - [06/Dec/2021:13:20:56 +0000] "GET /feed HTTP/1.1" 200 56281 "-" "Automate.io BOT"
216.245.221.83 - - [06/Dec/2021:13:24:26 +0000] "HEAD / HTTP/1.1" 301 0 "http://ja.tak-cslab.org/" "Mozilla/5.0+(compatible; UptimeRobot/2.0; http://www.uptimerobot.com/)"
216.245.221.83 - - [06/Dec/2021:13:24:26 +0000] "HEAD / HTTP/1.1" 200 0 "http://ja.tak-cslab.org/" "Mozilla/5.0+(compatible; UptimeRobot/2.0; http://www.uptimerobot.com/)"
216.245.221.83 - - [06/Dec/2021:13:29:26 +0000] "HEAD / HTTP/1.1" 301 0 "http://ja.tak-cslab.org/" "Mozilla/5.0+(compatible; UptimeRobot/2.0; http://www.uptimerobot.com/)"
216.245.221.83 - - [06/Dec/2021:13:29:26 +0000] "HEAD / HTTP/1.1" 200 0 "http://ja.tak-cslab.org/" "Mozilla/5.0+(compatible; UptimeRobot/2.0; http://www.uptimerobot.com/)"
34.206.38.217 - - [06/Dec/2021:13:30:58 +0000] "GET /feed HTTP/1.1" 200 56281 "-" "Automate.io BOT"
52.23.181.25 - - [06/Dec/2021:13:33:44 +0000] "HEAD /feed HTTP/2.0" 200 0 "-" "Slackbot 1.0 (+https://api.slack.com/robots)"
18.212.191.209 - - [06/Dec/2021:13:33:45 +0000] "GET /feed HTTP/1.1" 200 56281 "-" "Slackbot 1.0 (+https://api.slack.com/robots)"
163.215.6.1 - - [06/Dec/2021:13:33:47 +0000] "POST /wp-cron.php?doing_wp_cron=1638797627.7665259838104248046875 HTTP/1.1" 200 31 "https://ja.tak-cslab.org/wp-cron.php?doing_wp_cron=1638797627.7665259838104248046875" "WordPress/5.8.2; https://ja.tak-cslab.org"
3.227.243.65 - - [06/Dec/2021:13:33:47 +0000] "GET / HTTP/1.1" 200 6241 "-" "Slackbot 1.0 (+https://api.slack.com/robots)"
163.215.6.1 - - [06/Dec/2021:13:33:47 +0000] "GET / HTTP/1.1" 200 6242 "https://ja.tak-cslab.org/" "WordPress/5.8.2; https://ja.tak-cslab.org"
216.245.221.83 - - [06/Dec/2021:13:34:26 +0000] "HEAD / HTTP/1.1" 301 0 "http://ja.tak-cslab.org/" "Mozilla/5.0+(compatible; UptimeRobot/2.0; http://www.uptimerobot.com/)"
216.245.221.83 - - [06/Dec/2021:13:34:26 +0000] "HEAD / HTTP/1.1" 200 0 "http://ja.tak-cslab.org/" "Mozilla/5.0+(compatible; UptimeRobot/2.0; http://www.uptimerobot.com/)"
216.245.221.83 - - [06/Dec/2021:13:39:26 +0000] "HEAD / HTTP/1.1" 301 0 "http://ja.tak-cslab.org/" "Mozilla/5.0+(compatible; UptimeRobot/2.0; http://www.uptimerobot.com/)"
216.245.221.83 - - [06/Dec/2021:13:39:26 +0000] "HEAD / HTTP/1.1" 200 0 "http://ja.tak-cslab.org/" "Mozilla/5.0+(compatible; UptimeRobot/2.0; http://www.uptimerobot.com/)"
34.206.38.217 - - [06/Dec/2021:13:40:58 +0000] "GET /feed HTTP/1.1" 200 56274 "-" "Automate.io BOT"
216.245.221.83 - - [06/Dec/2021:13:44:26 +0000] "HEAD / HTTP/1.1" 301 0 "http://ja.tak-cslab.org/" "Mozilla/5.0+(compatible; UptimeRobot/2.0; http://www.uptimerobot.com/)"
216.245.221.83 - - [06/Dec/2021:13:44:26 +0000] "HEAD / HTTP/1.1" 200 0 "http://ja.tak-cslab.org/" "Mozilla/5.0+(compatible; UptimeRobot/2.0; http://www.uptimerobot.com/)"
34.206.38.217 - - [06/Dec/2021:13:45:58 +0000] "GET /feed HTTP/1.1" 200 56281 "-" "Automate.io BOT"
216.245.221.83 - - [06/Dec/2021:13:49:26 +0000] "HEAD / HTTP/1.1" 301 0 "http://ja.tak-cslab.org/" "Mozilla/5.0+(compatible; UptimeRobot/2.0; http://www.uptimerobot.com/)"
216.245.221.83 - - [06/Dec/2021:13:49:26 +0000] "HEAD / HTTP/1.1" 200 0 "http://ja.tak-cslab.org/" "Mozilla/5.0+(compatible; UptimeRobot/2.0; http://www.uptimerobot.com/)"
18.209.11.92 - - [06/Dec/2021:13:53:36 +0000] "HEAD /feed HTTP/2.0" 200 0 "-" "Slackbot 1.0 (+https://api.slack.com/robots)"
54.166.111.246 - - [06/Dec/2021:13:53:37 +0000] "GET /feed HTTP/1.1" 200 56281 "-" "Slackbot 1.0 (+https://api.slack.com/robots)"
3.92.69.220 - - [06/Dec/2021:13:53:38 +0000] "GET / HTTP/1.1" 200 6249 "-" "Slackbot 1.0 (+https://api.slack.com/robots)"
216.245.221.83 - - [06/Dec/2021:13:54:26 +0000] "HEAD / HTTP/1.1" 301 0 "http://ja.tak-cslab.org/" "Mozilla/5.0+(compatible; UptimeRobot/2.0; http://www.uptimerobot.com/)"
216.245.221.83 - - [06/Dec/2021:13:54:26 +0000] "HEAD / HTTP/1.1" 200 0 "http://ja.tak-cslab.org/" "Mozilla/5.0+(compatible; UptimeRobot/2.0; http://www.uptimerobot.com/)"
133.155.152.246 - - [06/Dec/2021:13:54:38 +0000] "GET /archives/591 HTTP/2.0" 200 8885 "https://www.google.co.jp/" "Mozilla/5.0 (iPad; CPU OS 15_0 like Mac OS X) AppleWebKit/605.1.15 (KHTML, like Gecko) Version/15.0 Mobile/15E148 Safari/604.1"
133.155.152.246 - - [06/Dec/2021:13:54:39 +0000] "GET /wp-includes/js/wp-emoji-release.min.js?ver=5.8.2 HTTP/2.0" 200 5714 "https://ja.tak-cslab.org/archives/591" "Mozilla/5.0 (iPad; CPU OS 15_0 like Mac OS X) AppleWebKit/605.1.15 (KHTML, like Gecko) Version/15.0 Mobile/15E148 Safari/604.1"
133.155.152.246 - - [06/Dec/2021:13:54:39 +0000] "GET /wp-content/themes/cdsl/style.css?ver=1.3.1 HTTP/2.0" 200 272 "https://ja.tak-cslab.org/archives/591" "Mozilla/5.0 (iPad; CPU OS 15_0 like Mac OS X) AppleWebKit/605.1.15 (KHTML, like Gecko) Version/15.0 Mobile/15E148 Safari/604.1"
133.155.152.246 - - [06/Dec/2021:13:54:39 +0000] "GET /wp-content/themes/scaffold/assets/js/navigation.js?ver=1.3.1 HTTP/2.0" 200 1266 "https://ja.tak-cslab.org/archives/591" "Mozilla/5.0 (iPad; CPU OS 15_0 like Mac OS X) AppleWebKit/605.1.15 (KHTML, like Gecko) Version/15.0 Mobile/15E148 Safari/604.1"
133.155.152.246 - - [06/Dec/2021:13:54:39 +0000] "GET /wp-includes/js/comment-reply.min.js?ver=5.8.2 HTTP/2.0" 200 1390 "https://ja.tak-cslab.org/archives/591" "Mozilla/5.0 (iPad; CPU OS 15_0 like Mac OS X) AppleWebKit/605.1.15 (KHTML, like Gecko) Version/15.0 Mobile/15E148 Safari/604.1"
133.155.152.246 - - [06/Dec/2021:13:54:39 +0000] "GET /wp-includes/js/wp-embed.min.js?ver=5.8.2 HTTP/2.0" 200 779 "https://ja.tak-cslab.org/archives/591" "Mozilla/5.0 (iPad; CPU OS 15_0 like Mac OS X) AppleWebKit/605.1.15 (KHTML, like Gecko) Version/15.0 Mobile/15E148 Safari/604.1"
133.155.152.246 - - [06/Dec/2021:13:54:39 +0000] "GET /wp-content/themes/scaffold/style.css?ver=5.8.2 HTTP/2.0" 200 5846 "https://ja.tak-cslab.org/archives/591" "Mozilla/5.0 (iPad; CPU OS 15_0 like Mac OS X) AppleWebKit/605.1.15 (KHTML, like Gecko) Version/15.0 Mobile/15E148 Safari/604.1"
133.155.152.246 - - [06/Dec/2021:13:54:39 +0000] "GET /wp-includes/css/dist/block-library/style.min.css?ver=5.8.2 HTTP/2.0" 200 13704 "https://ja.tak-cslab.org/archives/591" "Mozilla/5.0 (iPad; CPU OS 15_0 like Mac OS X) AppleWebKit/605.1.15 (KHTML, like Gecko) Version/15.0 Mobile/15E148 Safari/604.1"
133.155.152.246 - - [06/Dec/2021:13:54:39 +0000] "GET /wp-content/plugins/native-lazyload/assets/images/placeholder.svg HTTP/2.0" 200 88 "https://ja.tak-cslab.org/archives/591" "Mozilla/5.0 (iPad; CPU OS 15_0 like Mac OS X) AppleWebKit/605.1.15 (KHTML, like Gecko) Version/15.0 Mobile/15E148 Safari/604.1"
133.155.152.246 - - [06/Dec/2021:13:54:39 +0000] "GET /wp-content/plugins/native-lazyload/assets/js/lazyload.js HTTP/2.0" 200 1085 "https://ja.tak-cslab.org/archives/591" "Mozilla/5.0 (iPad; CPU OS 15_0 like Mac OS X) AppleWebKit/605.1.15 (KHTML, like Gecko) Version/15.0 Mobile/15E148 Safari/604.1"
133.155.152.246 - - [06/Dec/2021:13:54:39 +0000] "GET /wp-content/uploads/2020/09/Screen-Shot-2020-09-09-at-16.14.45-1024x683-1-600x400.png HTTP/2.0" 200 96716 "https://ja.tak-cslab.org/archives/591" "Mozilla/5.0 (iPad; CPU OS 15_0 like Mac OS X) AppleWebKit/605.1.15 (KHTML, like Gecko) Version/15.0 Mobile/15E148 Safari/604.1"
133.155.152.246 - - [06/Dec/2021:13:54:39 +0000] "GET /wp-content/uploads/2020/09/image-3.png HTTP/2.0" 200 43382 "https://ja.tak-cslab.org/archives/591" "Mozilla/5.0 (iPad; CPU OS 15_0 like Mac OS X) AppleWebKit/605.1.15 (KHTML, like Gecko) Version/15.0 Mobile/15E148 Safari/604.1"
133.155.152.246 - - [06/Dec/2021:13:54:39 +0000] "GET /wp-content/uploads/2020/09/Screen-Shot-2020-09-09-at-16.14.45-1024x683-1.png HTTP/2.0" 200 269113 "https://ja.tak-cslab.org/archives/591" "Mozilla/5.0 (iPad; CPU OS 15_0 like Mac OS X) AppleWebKit/605.1.15 (KHTML, like Gecko) Version/15.0 Mobile/15E148 Safari/604.1"
133.155.152.246 - - [06/Dec/2021:13:54:39 +0000] "GET /favicon.ico HTTP/2.0" 302 0 "https://ja.tak-cslab.org/archives/591" "Mozilla/5.0 (iPad; CPU OS 15_0 like Mac OS X) AppleWebKit/605.1.15 (KHTML, like Gecko) Version/15.0 Mobile/15E148 Safari/604.1"
133.155.152.246 - - [06/Dec/2021:13:54:39 +0000] "GET /wp-includes/images/w-logo-blue-white-bg.png HTTP/2.0" 200 4119 "https://ja.tak-cslab.org/archives/591" "Mozilla/5.0 (iPad; CPU OS 15_0 like Mac OS X) AppleWebKit/605.1.15 (KHTML, like Gecko) Version/15.0 Mobile/15E148 Safari/604.1"
133.155.152.246 - - [06/Dec/2021:13:54:40 +0000] "GET /wp-content/uploads/2020/09/Screen-Shot-2020-09-09-at-16.04.25-1024x729.png HTTP/2.0" 200 133423 "https://ja.tak-cslab.org/archives/591" "Mozilla/5.0 (iPad; CPU OS 15_0 like Mac OS X) AppleWebKit/605.1.15 (KHTML, like Gecko) Version/15.0 Mobile/15E148 Safari/604.1"
133.155.152.246 - - [06/Dec/2021:13:54:40 +0000] "GET /wp-content/uploads/2020/09/Screen-Shot-2020-09-09-at-16.04.25-2048x1458.png HTTP/2.0" 200 495937 "https://ja.tak-cslab.org/archives/591" "Mozilla/5.0 (iPad; CPU OS 15_0 like Mac OS X) AppleWebKit/605.1.15 (KHTML, like Gecko) Version/15.0 Mobile/15E148 Safari/604.1"
133.155.152.246 - - [06/Dec/2021:13:55:07 +0000] "GET /wp-content/uploads/2020/09/Screen-Shot-2020-09-09-at-16.05.11-1024x252.png HTTP/2.0" 200 104018 "https://ja.tak-cslab.org/archives/591" "Mozilla/5.0 (iPad; CPU OS 15_0 like Mac OS X) AppleWebKit/605.1.15 (KHTML, like Gecko) Version/15.0 Mobile/15E148 Safari/604.1"
133.155.152.246 - - [06/Dec/2021:13:55:07 +0000] "GET /wp-content/uploads/2020/09/Screen-Shot-2020-09-09-at-16.05.11.png HTTP/2.0" 200 92272 "https://ja.tak-cslab.org/archives/591" "Mozilla/5.0 (iPad; CPU OS 15_0 like Mac OS X) AppleWebKit/605.1.15 (KHTML, like Gecko) Version/15.0 Mobile/15E148 Safari/604.1"
133.155.152.246 - - [06/Dec/2021:13:55:07 +0000] "GET /wp-content/uploads/2020/09/Screen-Shot-2020-09-09-at-16.06.02-1024x601.png HTTP/2.0" 200 213606 "https://ja.tak-cslab.org/archives/591" "Mozilla/5.0 (iPad; CPU OS 15_0 like Mac OS X) AppleWebKit/605.1.15 (KHTML, like Gecko) Version/15.0 Mobile/15E148 Safari/604.1"
133.155.152.246 - - [06/Dec/2021:13:55:07 +0000] "GET /wp-content/uploads/2020/09/Screen-Shot-2020-09-09-at-16.06.02.png HTTP/2.0" 200 93855 "https://ja.tak-cslab.org/archives/591" "Mozilla/5.0 (iPad; CPU OS 15_0 like Mac OS X) AppleWebKit/605.1.15 (KHTML, like Gecko) Version/15.0 Mobile/15E148 Safari/604.1"
133.155.152.246 - - [06/Dec/2021:13:55:12 +0000] "GET /wp-content/uploads/2020/09/Screen-Shot-2020-09-09-at-16.07.06-1024x547.png HTTP/2.0" 200 122325 "https://ja.tak-cslab.org/archives/591" "Mozilla/5.0 (iPad; CPU OS 15_0 like Mac OS X) AppleWebKit/605.1.15 (KHTML, like Gecko) Version/15.0 Mobile/15E148 Safari/604.1"
133.155.152.246 - - [06/Dec/2021:13:55:12 +0000] "GET /wp-content/uploads/2020/09/Screen-Shot-2020-09-09-at-16.07.06.png HTTP/2.0" 200 91719 "https://ja.tak-cslab.org/archives/591" "Mozilla/5.0 (iPad; CPU OS 15_0 like Mac OS X) AppleWebKit/605.1.15 (KHTML, like Gecko) Version/15.0 Mobile/15E148 Safari/604.1"
133.155.152.246 - - [06/Dec/2021:13:55:27 +0000] "GET /wp-content/uploads/2020/09/Screen-Shot-2020-09-09-at-16.09.33-1024x557.png HTTP/2.0" 200 157205 "https://ja.tak-cslab.org/archives/591" "Mozilla/5.0 (iPad; CPU OS 15_0 like Mac OS X) AppleWebKit/605.1.15 (KHTML, like Gecko) Version/15.0 Mobile/15E148 Safari/604.1"
133.155.152.246 - - [06/Dec/2021:13:55:27 +0000] "GET /wp-content/uploads/2020/09/Screen-Shot-2020-09-09-at-16.09.33.png HTTP/2.0" 200 102158 "https://ja.tak-cslab.org/archives/591" "Mozilla/5.0 (iPad; CPU OS 15_0 like Mac OS X) AppleWebKit/605.1.15 (KHTML, like Gecko) Version/15.0 Mobile/15E148 Safari/604.1"
133.155.152.246 - - [06/Dec/2021:13:55:28 +0000] "GET /wp-content/uploads/2020/09/Screen-Shot-2020-09-09-at-16.12.53-1024x616.png HTTP/2.0" 200 335841 "https://ja.tak-cslab.org/archives/591" "Mozilla/5.0 (iPad; CPU OS 15_0 like Mac OS X) AppleWebKit/605.1.15 (KHTML, like Gecko) Version/15.0 Mobile/15E148 Safari/604.1"
133.155.152.246 - - [06/Dec/2021:13:55:28 +0000] "GET /wp-content/uploads/2020/09/Screen-Shot-2020-09-09-at-16.12.53-2048x1231.png HTTP/2.0" 200 1340356 "https://ja.tak-cslab.org/archives/591" "Mozilla/5.0 (iPad; CPU OS 15_0 like Mac OS X) AppleWebKit/605.1.15 (KHTML, like Gecko) Version/15.0 Mobile/15E148 Safari/604.1"
133.155.152.246 - - [06/Dec/2021:13:55:30 +0000] "GET /wp-content/uploads/2020/09/Screen-Shot-2020-09-09-at-16.13.38-1024x793.png HTTP/2.0" 200 241529 "https://ja.tak-cslab.org/archives/591" "Mozilla/5.0 (iPad; CPU OS 15_0 like Mac OS X) AppleWebKit/605.1.15 (KHTML, like Gecko) Version/15.0 Mobile/15E148 Safari/604.1"
133.155.152.246 - - [06/Dec/2021:13:55:30 +0000] "GET /wp-content/uploads/2020/09/Screen-Shot-2020-09-09-at-16.13.38.png HTTP/2.0" 200 132111 "https://ja.tak-cslab.org/archives/591" "Mozilla/5.0 (iPad; CPU OS 15_0 like Mac OS X) AppleWebKit/605.1.15 (KHTML, like Gecko) Version/15.0 Mobile/15E148 Safari/604.1"
133.155.152.246 - - [06/Dec/2021:13:55:40 +0000] "GET /wp-content/uploads/2020/09/Screen-Shot-2020-09-09-at-16.14.45-1024x683.png HTTP/2.0" 200 269113 "https://ja.tak-cslab.org/archives/591" "Mozilla/5.0 (iPad; CPU OS 15_0 like Mac OS X) AppleWebKit/605.1.15 (KHTML, like Gecko) Version/15.0 Mobile/15E148 Safari/604.1"
133.155.152.246 - - [06/Dec/2021:13:55:41 +0000] "GET /wp-content/uploads/2020/09/Screen-Shot-2020-09-09-at-16.14.45.png HTTP/2.0" 200 124274 "https://ja.tak-cslab.org/archives/591" "Mozilla/5.0 (iPad; CPU OS 15_0 like Mac OS X) AppleWebKit/605.1.15 (KHTML, like Gecko) Version/15.0 Mobile/15E148 Safari/604.1"
34.206.38.217 - - [06/Dec/2021:13:55:58 +0000] "GET /feed HTTP/1.1" 200 56281 "-" "Automate.io BOT"
133.155.152.246 - - [06/Dec/2021:13:56:22 +0000] "GET /wp-content/uploads/2020/09/Screen-Shot-2020-09-09-at-16.15.27-1024x474.png HTTP/2.0" 200 267027 "https://ja.tak-cslab.org/archives/591" "Mozilla/5.0 (iPad; CPU OS 15_0 like Mac OS X) AppleWebKit/605.1.15 (KHTML, like Gecko) Version/15.0 Mobile/15E148 Safari/604.1"
133.155.152.246 - - [06/Dec/2021:13:56:22 +0000] "GET /wp-content/uploads/2020/09/Screen-Shot-2020-09-09-at-16.15.27.png HTTP/2.0" 200 136497 "https://ja.tak-cslab.org/archives/591" "Mozilla/5.0 (iPad; CPU OS 15_0 like Mac OS X) AppleWebKit/605.1.15 (KHTML, like Gecko) Version/15.0 Mobile/15E148 Safari/604.1"
133.155.152.246 - - [06/Dec/2021:13:56:26 +0000] "GET /wp-content/uploads/2020/09/Screen-Shot-2020-09-09-at-16.18.16-1024x804.png HTTP/2.0" 200 261532 "https://ja.tak-cslab.org/archives/591" "Mozilla/5.0 (iPad; CPU OS 15_0 like Mac OS X) AppleWebKit/605.1.15 (KHTML, like Gecko) Version/15.0 Mobile/15E148 Safari/604.1"
133.155.152.246 - - [06/Dec/2021:13:56:26 +0000] "GET /wp-content/uploads/2020/09/Screen-Shot-2020-09-09-at-16.18.16.png HTTP/2.0" 200 266714 "https://ja.tak-cslab.org/archives/591" "Mozilla/5.0 (iPad; CPU OS 15_0 like Mac OS X) AppleWebKit/605.1.15 (KHTML, like Gecko) Version/15.0 Mobile/15E148 Safari/604.1"
216.245.221.83 - - [06/Dec/2021:13:59:26 +0000] "HEAD / HTTP/1.1" 301 0 "http://ja.tak-cslab.org/" "Mozilla/5.0+(compatible; UptimeRobot/2.0; http://www.uptimerobot.com/)"
216.245.221.83 - - [06/Dec/2021:13:59:26 +0000] "HEAD / HTTP/1.1" 200 0 "http://ja.tak-cslab.org/" "Mozilla/5.0+(compatible; UptimeRobot/2.0; http://www.uptimerobot.com/)"
163.215.6.1 - - [06/Dec/2021:14:00:59 +0000] "POST /wp-cron.php?doing_wp_cron=1638799258.8464341163635253906250 HTTP/1.1" 200 31 "https://ja.tak-cslab.org/wp-cron.php?doing_wp_cron=1638799258.8464341163635253906250" "WordPress/5.8.2; https://ja.tak-cslab.org"
34.206.38.217 - - [06/Dec/2021:14:00:59 +0000] "GET /feed HTTP/1.1" 200 56274 "-" "Automate.io BOT"
216.245.221.83 - - [06/Dec/2021:14:04:26 +0000] "HEAD / HTTP/1.1" 301 0 "http://ja.tak-cslab.org/" "Mozilla/5.0+(compatible; UptimeRobot/2.0; http://www.uptimerobot.com/)"
216.245.221.83 - - [06/Dec/2021:14:04:26 +0000] "HEAD / HTTP/1.1" 200 0 "http://ja.tak-cslab.org/" "Mozilla/5.0+(compatible; UptimeRobot/2.0; http://www.uptimerobot.com/)"
34.206.38.217 - - [06/Dec/2021:14:05:58 +0000] "GET /feed HTTP/1.1" 200 56281 "-" "Automate.io BOT"
216.245.221.83 - - [06/Dec/2021:14:09:26 +0000] "HEAD / HTTP/1.1" 301 0 "http://ja.tak-cslab.org/" "Mozilla/5.0+(compatible; UptimeRobot/2.0; http://www.uptimerobot.com/)"
216.245.221.83 - - [06/Dec/2021:14:09:26 +0000] "HEAD / HTTP/1.1" 200 0 "http://ja.tak-cslab.org/" "Mozilla/5.0+(compatible; UptimeRobot/2.0; http://www.uptimerobot.com/)"
34.206.38.217 - - [06/Dec/2021:14:10:58 +0000] "GET /feed HTTP/1.1" 200 56281 "-" "Automate.io BOT"
54.198.217.78 - - [06/Dec/2021:14:13:41 +0000] "HEAD /feed HTTP/2.0" 200 0 "-" "Slackbot 1.0 (+https://api.slack.com/robots)"
100.25.40.116 - - [06/Dec/2021:14:13:41 +0000] "GET /feed HTTP/1.1" 200 56274 "-" "Slackbot 1.0 (+https://api.slack.com/robots)"
3.80.83.109 - - [06/Dec/2021:14:13:42 +0000] "GET / HTTP/1.1" 200 6249 "-" "Slackbot 1.0 (+https://api.slack.com/robots)"
216.245.221.83 - - [06/Dec/2021:14:14:26 +0000] "HEAD / HTTP/1.1" 301 0 "http://ja.tak-cslab.org/" "Mozilla/5.0+(compatible; UptimeRobot/2.0; http://www.uptimerobot.com/)"
216.245.221.83 - - [06/Dec/2021:14:14:26 +0000] "HEAD / HTTP/1.1" 200 0 "http://ja.tak-cslab.org/" "Mozilla/5.0+(compatible; UptimeRobot/2.0; http://www.uptimerobot.com/)"
163.215.6.1 - - [06/Dec/2021:14:18:02 +0000] "POST /wp-cron.php?doing_wp_cron=1638800282.3076639175415039062500 HTTP/1.1" 200 31 "https://ja.tak-cslab.org/wp-cron.php?doing_wp_cron=1638800282.3076639175415039062500" "WordPress/5.8.2; https://ja.tak-cslab.org"
106.146.7.160 - - [06/Dec/2021:14:18:02 +0000] "GET /favicon.ico HTTP/2.0" 302 0 "-" "com.tinyspeck.chatlyio/21.11.20 (iPhone; iOS 14.8; Scale/3.00)"
106.146.7.160 - - [06/Dec/2021:14:18:02 +0000] "GET /wp-includes/images/w-logo-blue-white-bg.png HTTP/2.0" 304 0 "-" "com.tinyspeck.chatlyio/21.11.20 (iPhone; iOS 14.8; Scale/3.00)"
216.245.221.83 - - [06/Dec/2021:14:19:26 +0000] "HEAD / HTTP/1.1" 301 0 "http://ja.tak-cslab.org/" "Mozilla/5.0+(compatible; UptimeRobot/2.0; http://www.uptimerobot.com/)"
216.245.221.83 - - [06/Dec/2021:14:19:26 +0000] "HEAD / HTTP/1.1" 200 0 "http://ja.tak-cslab.org/" "Mozilla/5.0+(compatible; UptimeRobot/2.0; http://www.uptimerobot.com/)"
34.206.38.217 - - [06/Dec/2021:14:20:58 +0000] "GET /feed HTTP/1.1" 200 56281 "-" "Automate.io BOT"
216.245.221.83 - - [06/Dec/2021:14:24:26 +0000] "HEAD / HTTP/1.1" 301 0 "http://ja.tak-cslab.org/" "Mozilla/5.0+(compatible; UptimeRobot/2.0; http://www.uptimerobot.com/)"
216.245.221.83 - - [06/Dec/2021:14:24:26 +0000] "HEAD / HTTP/1.1" 200 0 "http://ja.tak-cslab.org/" "Mozilla/5.0+(compatible; UptimeRobot/2.0; http://www.uptimerobot.com/)"
185.220.101.182 - - [06/Dec/2021:14:26:06 +0000] "POST /xmlrpc.php HTTP/1.0" 301 162 "-" "Mozilla/5.0 (Windows NT 10.0; WOW64) AppleWebKit/537.43 (KHTML, like Gecko) Chrome/88.0.4324.192 Safari/537.36 OPR/74.0.3911.218"
185.220.101.182 - - [06/Dec/2021:14:26:08 +0000] "POST /xmlrpc.php HTTP/1.0" 200 403 "-" "Mozilla/5.0 (Windows NT 10.0; WOW64) AppleWebKit/537.43 (KHTML, like Gecko) Chrome/88.0.4324.192 Safari/537.36 OPR/74.0.3911.218"
216.245.221.83 - - [06/Dec/2021:14:29:26 +0000] "HEAD / HTTP/1.1" 301 0 "http://ja.tak-cslab.org/" "Mozilla/5.0+(compatible; UptimeRobot/2.0; http://www.uptimerobot.com/)"
216.245.221.83 - - [06/Dec/2021:14:29:26 +0000] "HEAD / HTTP/1.1" 200 0 "http://ja.tak-cslab.org/" "Mozilla/5.0+(compatible; UptimeRobot/2.0; http://www.uptimerobot.com/)"
3.82.98.69 - - [06/Dec/2021:14:33:40 +0000] "HEAD /feed HTTP/2.0" 200 0 "-" "Slackbot 1.0 (+https://api.slack.com/robots)"
3.238.122.104 - - [06/Dec/2021:14:33:40 +0000] "GET /feed HTTP/1.1" 200 56281 "-" "Slackbot 1.0 (+https://api.slack.com/robots)"
54.209.170.15 - - [06/Dec/2021:14:33:41 +0000] "GET / HTTP/1.1" 200 6241 "-" "Slackbot 1.0 (+https://api.slack.com/robots)"
45.174.88.13 - - [06/Dec/2021:14:34:03 +0000] "GET /archives/460/ HTTP/1.0" 301 162 "http://ja.tak-cslab.org/archives/460/" "Mozilla/5.0 (Windows NT 6.2; Win64; x64) AppleWebKit/537.36 (KHTML, like Gecko) Chrome/90.0.4430.72 Safari/537.36"
45.174.88.13 - - [06/Dec/2021:14:34:07 +0000] "GET /archives/460/ HTTP/1.0" 301 0 "https://ja.tak-cslab.org/archives/460/" "Mozilla/5.0 (Windows NT 6.2; Win64; x64) AppleWebKit/537.36 (KHTML, like Gecko) Chrome/90.0.4430.72 Safari/537.36"
45.174.88.13 - - [06/Dec/2021:14:34:14 +0000] "GET /archives/460 HTTP/1.0" 200 27831 "https://ja.tak-cslab.org/archives/460" "Mozilla/5.0 (Windows NT 6.2; Win64; x64) AppleWebKit/537.36 (KHTML, like Gecko) Chrome/90.0.4430.72 Safari/537.36"
216.245.221.83 - - [06/Dec/2021:14:34:26 +0000] "HEAD / HTTP/1.1" 301 0 "http://ja.tak-cslab.org/" "Mozilla/5.0+(compatible; UptimeRobot/2.0; http://www.uptimerobot.com/)"
216.245.221.83 - - [06/Dec/2021:14:34:26 +0000] "HEAD / HTTP/1.1" 200 0 "http://ja.tak-cslab.org/" "Mozilla/5.0+(compatible; UptimeRobot/2.0; http://www.uptimerobot.com/)"
34.206.38.217 - - [06/Dec/2021:14:35:58 +0000] "GET /feed HTTP/1.1" 200 56274 "-" "Automate.io BOT"
216.245.221.83 - - [06/Dec/2021:14:39:26 +0000] "HEAD / HTTP/1.1" 301 0 "http://ja.tak-cslab.org/" "Mozilla/5.0+(compatible; UptimeRobot/2.0; http://www.uptimerobot.com/)"
216.245.221.83 - - [06/Dec/2021:14:39:26 +0000] "HEAD / HTTP/1.1" 200 0 "http://ja.tak-cslab.org/" "Mozilla/5.0+(compatible; UptimeRobot/2.0; http://www.uptimerobot.com/)"
216.245.221.83 - - [06/Dec/2021:14:44:26 +0000] "HEAD / HTTP/1.1" 301 0 "http://ja.tak-cslab.org/" "Mozilla/5.0+(compatible; UptimeRobot/2.0; http://www.uptimerobot.com/)"
216.245.221.83 - - [06/Dec/2021:14:44:26 +0000] "HEAD / HTTP/1.1" 200 0 "http://ja.tak-cslab.org/" "Mozilla/5.0+(compatible; UptimeRobot/2.0; http://www.uptimerobot.com/)"
34.206.38.217 - - [06/Dec/2021:14:45:59 +0000] "GET /feed HTTP/1.1" 200 56281 "-" "Automate.io BOT"
216.245.221.83 - - [06/Dec/2021:14:49:26 +0000] "HEAD / HTTP/1.1" 301 0 "http://ja.tak-cslab.org/" "Mozilla/5.0+(compatible; UptimeRobot/2.0; http://www.uptimerobot.com/)"
216.245.221.83 - - [06/Dec/2021:14:49:26 +0000] "HEAD / HTTP/1.1" 200 0 "http://ja.tak-cslab.org/" "Mozilla/5.0+(compatible; UptimeRobot/2.0; http://www.uptimerobot.com/)"
40.77.167.53 - - [06/Dec/2021:14:50:56 +0000] "GET /archives/1243 HTTP/2.0" 200 7284 "-" "Mozilla/5.0 (compatible; bingbot/2.0; +http://www.bing.com/bingbot.htm)"
34.206.38.217 - - [06/Dec/2021:14:50:58 +0000] "GET /feed HTTP/1.1" 200 56281 "-" "Automate.io BOT"
3.87.2.202 - - [06/Dec/2021:14:53:41 +0000] "HEAD /feed HTTP/2.0" 200 0 "-" "Slackbot 1.0 (+https://api.slack.com/robots)"
3.235.104.118 - - [06/Dec/2021:14:53:42 +0000] "GET /feed HTTP/1.1" 200 56281 "-" "Slackbot 1.0 (+https://api.slack.com/robots)"
44.197.239.240 - - [06/Dec/2021:14:53:43 +0000] "GET / HTTP/1.1" 200 6241 "-" "Slackbot 1.0 (+https://api.slack.com/robots)"
216.245.221.83 - - [06/Dec/2021:14:54:26 +0000] "HEAD / HTTP/1.1" 301 0 "http://ja.tak-cslab.org/" "Mozilla/5.0+(compatible; UptimeRobot/2.0; http://www.uptimerobot.com/)"
216.245.221.83 - - [06/Dec/2021:14:54:26 +0000] "HEAD / HTTP/1.1" 200 0 "http://ja.tak-cslab.org/" "Mozilla/5.0+(compatible; UptimeRobot/2.0; http://www.uptimerobot.com/)"
34.206.38.217 - - [06/Dec/2021:14:55:58 +0000] "GET /feed HTTP/1.1" 200 56281 "-" "Automate.io BOT"
40.77.167.44 - - [06/Dec/2021:14:58:45 +0000] "GET /tags/include-directive HTTP/2.0" 200 6565 "-" "Mozilla/5.0 (compatible; bingbot/2.0; +http://www.bing.com/bingbot.htm)"
216.245.221.83 - - [06/Dec/2021:14:59:26 +0000] "HEAD / HTTP/1.1" 301 0 "http://ja.tak-cslab.org/" "Mozilla/5.0+(compatible; UptimeRobot/2.0; http://www.uptimerobot.com/)"
216.245.221.83 - - [06/Dec/2021:14:59:26 +0000] "HEAD / HTTP/1.1" 200 0 "http://ja.tak-cslab.org/" "Mozilla/5.0+(compatible; UptimeRobot/2.0; http://www.uptimerobot.com/)"
163.215.6.1 - - [06/Dec/2021:15:00:59 +0000] "POST /wp-cron.php?doing_wp_cron=1638802859.0630459785461425781250 HTTP/1.1" 200 31 "https://ja.tak-cslab.org/wp-cron.php?doing_wp_cron=1638802859.0630459785461425781250" "WordPress/5.8.2; https://ja.tak-cslab.org"
34.206.38.217 - - [06/Dec/2021:15:00:59 +0000] "GET /feed HTTP/1.1" 200 56281 "-" "Automate.io BOT"
216.245.221.83 - - [06/Dec/2021:15:04:26 +0000] "HEAD / HTTP/1.1" 301 0 "http://ja.tak-cslab.org/" "Mozilla/5.0+(compatible; UptimeRobot/2.0; http://www.uptimerobot.com/)"
216.245.221.83 - - [06/Dec/2021:15:04:26 +0000] "HEAD / HTTP/1.1" 200 0 "http://ja.tak-cslab.org/" "Mozilla/5.0+(compatible; UptimeRobot/2.0; http://www.uptimerobot.com/)"
34.206.38.217 - - [06/Dec/2021:15:05:59 +0000] "GET /feed HTTP/1.1" 200 56281 "-" "Automate.io BOT"
216.245.221.83 - - [06/Dec/2021:15:09:26 +0000] "HEAD / HTTP/1.1" 301 0 "http://ja.tak-cslab.org/" "Mozilla/5.0+(compatible; UptimeRobot/2.0; http://www.uptimerobot.com/)"
216.245.221.83 - - [06/Dec/2021:15:09:26 +0000] "HEAD / HTTP/1.1" 200 0 "http://ja.tak-cslab.org/" "Mozilla/5.0+(compatible; UptimeRobot/2.0; http://www.uptimerobot.com/)"
18.181.191.165 - - [06/Dec/2021:15:09:27 +0000] "GET /favicon.ico HTTP/1.1" 302 5 "-" "Slack-ImgProxy (+https://api.slack.com/robots)"
18.182.2.136 - - [06/Dec/2021:15:09:27 +0000] "GET /wp-includes/images/w-logo-blue-white-bg.png HTTP/1.1" 200 4119 "-" "Slack-ImgProxy (+https://api.slack.com/robots)"
34.206.38.217 - - [06/Dec/2021:15:10:58 +0000] "GET /feed HTTP/1.1" 200 56281 "-" "Automate.io BOT"
54.149.146.154 - - [06/Dec/2021:15:12:30 +0000] "GET /archives/1064 HTTP/1.1" 200 36211 "-" "Mozilla/5.0 (Windows NT 6.1; Win64; x64) AppleWebKit/537.36 (KHTML, like Gecko) Chrome/72.0.3626.109 Safari/537.36"
18.209.11.92 - - [06/Dec/2021:15:13:41 +0000] "HEAD /feed HTTP/2.0" 200 0 "-" "Slackbot 1.0 (+https://api.slack.com/robots)"
3.84.72.197 - - [06/Dec/2021:15:13:41 +0000] "GET /feed HTTP/1.1" 200 56281 "-" "Slackbot 1.0 (+https://api.slack.com/robots)"
18.212.191.209 - - [06/Dec/2021:15:13:43 +0000] "GET / HTTP/1.1" 200 6241 "-" "Slackbot 1.0 (+https://api.slack.com/robots)"
216.245.221.83 - - [06/Dec/2021:15:14:26 +0000] "HEAD / HTTP/1.1" 301 0 "http://ja.tak-cslab.org/" "Mozilla/5.0+(compatible; UptimeRobot/2.0; http://www.uptimerobot.com/)"
216.245.221.83 - - [06/Dec/2021:15:14:26 +0000] "HEAD / HTTP/1.1" 200 0 "http://ja.tak-cslab.org/" "Mozilla/5.0+(compatible; UptimeRobot/2.0; http://www.uptimerobot.com/)"
34.206.38.217 - - [06/Dec/2021:15:15:59 +0000] "GET /feed HTTP/1.1" 200 56281 "-" "Automate.io BOT"
216.245.221.83 - - [06/Dec/2021:15:19:26 +0000] "HEAD / HTTP/1.1" 301 0 "http://ja.tak-cslab.org/" "Mozilla/5.0+(compatible; UptimeRobot/2.0; http://www.uptimerobot.com/)"
163.215.6.1 - - [06/Dec/2021:15:19:26 +0000] "POST /wp-cron.php?doing_wp_cron=1638803966.6664509773254394531250 HTTP/1.1" 200 31 "https://ja.tak-cslab.org/wp-cron.php?doing_wp_cron=1638803966.6664509773254394531250" "WordPress/5.8.2; https://ja.tak-cslab.org"
216.245.221.83 - - [06/Dec/2021:15:19:26 +0000] "HEAD / HTTP/1.1" 200 0 "http://ja.tak-cslab.org/" "Mozilla/5.0+(compatible; UptimeRobot/2.0; http://www.uptimerobot.com/)"
40.77.167.53 - - [06/Dec/2021:15:19:28 +0000] "GET /archives/1064 HTTP/2.0" 200 8861 "-" "Mozilla/5.0 (compatible; bingbot/2.0; +http://www.bing.com/bingbot.htm)"
49.98.167.96 - - [06/Dec/2021:15:19:31 +0000] "GET /wp-content/themes/cdsl/style.css?ver=1.3.1 HTTP/2.0" 200 272 "-" "Mozilla/5.0 (Linux; Android 10; SO-02L) AppleWebKit/537.36 (KHTML, like Gecko) Chrome/95.0.4638.50 Mobile Safari/537.36"
49.98.167.96 - - [06/Dec/2021:15:19:31 +0000] "GET /wp-content/themes/scaffold/style.css?ver=5.8.2 HTTP/2.0" 200 5846 "-" "Mozilla/5.0 (Linux; Android 10; SO-02L) AppleWebKit/537.36 (KHTML, like Gecko) Chrome/95.0.4638.50 Mobile Safari/537.36"
49.98.167.96 - - [06/Dec/2021:15:19:31 +0000] "GET /wp-includes/css/dist/block-library/style.min.css?ver=5.8.2 HTTP/2.0" 200 13704 "-" "Mozilla/5.0 (Linux; Android 10; SO-02L) AppleWebKit/537.36 (KHTML, like Gecko) Chrome/95.0.4638.50 Mobile Safari/537.36"
49.98.167.96 - - [06/Dec/2021:15:19:31 +0000] "GET /archives/896 HTTP/2.0" 200 10367 "https://www.google.com/" "Mozilla/5.0 (Linux; Android 10; SO-02L) AppleWebKit/537.36 (KHTML, like Gecko) Chrome/95.0.4638.50 Mobile Safari/537.36"
49.98.167.96 - - [06/Dec/2021:15:19:32 +0000] "GET /wp-content/themes/scaffold/assets/js/navigation.js?ver=1.3.1 HTTP/2.0" 200 1266 "https://ja.tak-cslab.org/archives/896" "Mozilla/5.0 (Linux; Android 10; SO-02L) AppleWebKit/537.36 (KHTML, like Gecko) Chrome/95.0.4638.50 Mobile Safari/537.36"
49.98.167.96 - - [06/Dec/2021:15:19:32 +0000] "GET /wp-includes/js/comment-reply.min.js?ver=5.8.2 HTTP/2.0" 200 1390 "https://ja.tak-cslab.org/archives/896" "Mozilla/5.0 (Linux; Android 10; SO-02L) AppleWebKit/537.36 (KHTML, like Gecko) Chrome/95.0.4638.50 Mobile Safari/537.36"
49.98.167.96 - - [06/Dec/2021:15:19:32 +0000] "GET /wp-includes/js/wp-embed.min.js?ver=5.8.2 HTTP/2.0" 200 779 "https://ja.tak-cslab.org/archives/896" "Mozilla/5.0 (Linux; Android 10; SO-02L) AppleWebKit/537.36 (KHTML, like Gecko) Chrome/95.0.4638.50 Mobile Safari/537.36"
49.98.167.96 - - [06/Dec/2021:15:19:32 +0000] "GET /wp-includes/js/wp-emoji-release.min.js?ver=5.8.2 HTTP/2.0" 200 5714 "https://ja.tak-cslab.org/archives/896" "Mozilla/5.0 (Linux; Android 10; SO-02L) AppleWebKit/537.36 (KHTML, like Gecko) Chrome/95.0.4638.50 Mobile Safari/537.36"
49.98.167.96 - - [06/Dec/2021:15:19:32 +0000] "GET /wp-content/plugins/native-lazyload/assets/images/placeholder.svg HTTP/2.0" 200 88 "https://ja.tak-cslab.org/archives/896" "Mozilla/5.0 (Linux; Android 10; SO-02L) AppleWebKit/537.36 (KHTML, like Gecko) Chrome/95.0.4638.50 Mobile Safari/537.36"
49.98.167.96 - - [06/Dec/2021:15:19:32 +0000] "GET /wp-content/uploads/2021/01/%E3%83%92%E3%83%89%E3%83%A9.jpeg HTTP/2.0" 200 12823 "https://ja.tak-cslab.org/archives/896" "Mozilla/5.0 (Linux; Android 10; SO-02L) AppleWebKit/537.36 (KHTML, like Gecko) Chrome/95.0.4638.50 Mobile Safari/537.36"
49.98.167.96 - - [06/Dec/2021:15:19:32 +0000] "GET /favicon.ico HTTP/2.0" 302 0 "https://ja.tak-cslab.org/archives/896" "Mozilla/5.0 (Linux; Android 10; SO-02L) AppleWebKit/537.36 (KHTML, like Gecko) Chrome/95.0.4638.50 Mobile Safari/537.36"
49.98.167.96 - - [06/Dec/2021:15:19:32 +0000] "GET /wp-includes/images/w-logo-blue-white-bg.png HTTP/2.0" 200 4119 "https://ja.tak-cslab.org/archives/896" "Mozilla/5.0 (Linux; Android 10; SO-02L) AppleWebKit/537.36 (KHTML, like Gecko) Chrome/95.0.4638.50 Mobile Safari/537.36"
49.98.167.96 - - [06/Dec/2021:15:19:35 +0000] "GET /wp-content/uploads/2021/02/%E3%83%92%E3%83%89%E3%83%A9%EF%BC%91.png HTTP/2.0" 200 27267 "https://ja.tak-cslab.org/archives/896" "Mozilla/5.0 (Linux; Android 10; SO-02L) AppleWebKit/537.36 (KHTML, like Gecko) Chrome/95.0.4638.50 Mobile Safari/537.36"
49.98.167.96 - - [06/Dec/2021:15:19:36 +0000] "GET /wp-content/uploads/2021/02/%E3%83%92%E3%83%89%E3%83%A9%EF%BC%92.png HTTP/2.0" 200 31701 "https://ja.tak-cslab.org/archives/896" "Mozilla/5.0 (Linux; Android 10; SO-02L) AppleWebKit/537.36 (KHTML, like Gecko) Chrome/95.0.4638.50 Mobile Safari/537.36"
216.245.221.83 - - [06/Dec/2021:15:24:26 +0000] "HEAD / HTTP/1.1" 301 0 "http://ja.tak-cslab.org/" "Mozilla/5.0+(compatible; UptimeRobot/2.0; http://www.uptimerobot.com/)"
216.245.221.83 - - [06/Dec/2021:15:24:26 +0000] "HEAD / HTTP/1.1" 200 0 "http://ja.tak-cslab.org/" "Mozilla/5.0+(compatible; UptimeRobot/2.0; http://www.uptimerobot.com/)"
34.206.38.217 - - [06/Dec/2021:15:25:58 +0000] "GET /feed HTTP/1.1" 200 56274 "-" "Automate.io BOT"
35.72.1.200 - - [06/Dec/2021:15:27:29 +0000] "GET /wp-content/uploads/2020/09/20200925_200925_0-1.jpg HTTP/1.1" 200 247845 "-" "Slack-ImgProxy (+https://api.slack.com/robots)"
13.115.2.72 - - [06/Dec/2021:15:27:29 +0000] "GET /wp-content/uploads/2020/09/20200925_200925_0-1.jpg HTTP/1.1" 200 247845 "-" "Slack-ImgProxy (+https://api.slack.com/robots)"
216.245.221.83 - - [06/Dec/2021:15:29:26 +0000] "HEAD / HTTP/1.1" 301 0 "http://ja.tak-cslab.org/" "Mozilla/5.0+(compatible; UptimeRobot/2.0; http://www.uptimerobot.com/)"
216.245.221.83 - - [06/Dec/2021:15:29:26 +0000] "HEAD / HTTP/1.1" 200 0 "http://ja.tak-cslab.org/" "Mozilla/5.0+(compatible; UptimeRobot/2.0; http://www.uptimerobot.com/)"
34.206.38.217 - - [06/Dec/2021:15:30:58 +0000] "GET /feed HTTP/1.1" 200 56281 "-" "Automate.io BOT"
40.77.167.66 - - [06/Dec/2021:15:31:49 +0000] "GET /wp-content/uploads/2021/04/CDSL-System-Architecture6-300x169.png HTTP/2.0" 200 24866 "-" "Mozilla/5.0 (compatible; bingbot/2.0; +http://www.bing.com/bingbot.htm)"
34.229.182.64 - - [06/Dec/2021:15:33:42 +0000] "HEAD /feed HTTP/2.0" 200 0 "-" "Slackbot 1.0 (+https://api.slack.com/robots)"
3.80.83.109 - - [06/Dec/2021:15:33:43 +0000] "GET /feed HTTP/1.1" 200 56281 "-" "Slackbot 1.0 (+https://api.slack.com/robots)"
54.173.172.135 - - [06/Dec/2021:15:33:44 +0000] "GET / HTTP/1.1" 200 6249 "-" "Slackbot 1.0 (+https://api.slack.com/robots)"
216.245.221.83 - - [06/Dec/2021:15:34:26 +0000] "HEAD / HTTP/1.1" 301 0 "http://ja.tak-cslab.org/" "Mozilla/5.0+(compatible; UptimeRobot/2.0; http://www.uptimerobot.com/)"
216.245.221.83 - - [06/Dec/2021:15:34:26 +0000] "HEAD / HTTP/1.1" 200 0 "http://ja.tak-cslab.org/" "Mozilla/5.0+(compatible; UptimeRobot/2.0; http://www.uptimerobot.com/)"
51.222.253.13 - - [06/Dec/2021:15:38:56 +0000] "GET /publish-assets HTTP/2.0" 200 10405 "-" "Mozilla/5.0 (compatible; AhrefsBot/7.0; +http://ahrefs.com/robot/)"
216.245.221.83 - - [06/Dec/2021:15:39:26 +0000] "HEAD / HTTP/1.1" 301 0 "http://ja.tak-cslab.org/" "Mozilla/5.0+(compatible; UptimeRobot/2.0; http://www.uptimerobot.com/)"
216.245.221.83 - - [06/Dec/2021:15:39:26 +0000] "HEAD / HTTP/1.1" 200 0 "http://ja.tak-cslab.org/" "Mozilla/5.0+(compatible; UptimeRobot/2.0; http://www.uptimerobot.com/)"
34.206.38.217 - - [06/Dec/2021:15:40:59 +0000] "GET /feed HTTP/1.1" 200 56281 "-" "Automate.io BOT"
216.245.221.83 - - [06/Dec/2021:15:44:26 +0000] "HEAD / HTTP/1.1" 301 0 "http://ja.tak-cslab.org/" "Mozilla/5.0+(compatible; UptimeRobot/2.0; http://www.uptimerobot.com/)"
216.245.221.83 - - [06/Dec/2021:15:44:26 +0000] "HEAD / HTTP/1.1" 200 0 "http://ja.tak-cslab.org/" "Mozilla/5.0+(compatible; UptimeRobot/2.0; http://www.uptimerobot.com/)"
34.206.38.217 - - [06/Dec/2021:15:45:58 +0000] "GET /feed HTTP/1.1" 200 56281 "-" "Automate.io BOT"
185.191.171.16 - - [06/Dec/2021:15:49:05 +0000] "GET /robots.txt HTTP/1.1" 200 123 "-" "Mozilla/5.0 (compatible; SemrushBot/7~bl; +http://www.semrush.com/bot.html)"
185.191.171.41 - - [06/Dec/2021:15:49:06 +0000] "GET /10gin_cds1?redirect_to=https%3A%2F%2Fja.tak-cslab.org%2Farchives%2F802 HTTP/1.1" 200 4551 "-" "Mozilla/5.0 (compatible; SemrushBot/7~bl; +http://www.semrush.com/bot.html)"
216.245.221.83 - - [06/Dec/2021:15:49:26 +0000] "HEAD / HTTP/1.1" 301 0 "http://ja.tak-cslab.org/" "Mozilla/5.0+(compatible; UptimeRobot/2.0; http://www.uptimerobot.com/)"
216.245.221.83 - - [06/Dec/2021:15:49:26 +0000] "HEAD / HTTP/1.1" 200 0 "http://ja.tak-cslab.org/" "Mozilla/5.0+(compatible; UptimeRobot/2.0; http://www.uptimerobot.com/)"
34.206.38.217 - - [06/Dec/2021:15:50:58 +0000] "GET /feed HTTP/1.1" 200 56281 "-" "Automate.io BOT"
153.243.17.142 - - [06/Dec/2021:15:53:20 +0000] "GET /archives/498 HTTP/2.0" 200 7379 "https://search.yahoo.co.jp/" "Mozilla/5.0 (Windows NT 6.3; Win64; x64) AppleWebKit/537.36 (KHTML, like Gecko) Chrome/96.0.4664.55 Safari/537.36 Edg/96.0.1054.43"
153.243.17.142 - - [06/Dec/2021:15:53:20 +0000] "GET /wp-content/themes/cdsl/style.css?ver=1.3.1 HTTP/2.0" 200 272 "https://ja.tak-cslab.org/archives/498" "Mozilla/5.0 (Windows NT 6.3; Win64; x64) AppleWebKit/537.36 (KHTML, like Gecko) Chrome/96.0.4664.55 Safari/537.36 Edg/96.0.1054.43"
153.243.17.142 - - [06/Dec/2021:15:53:20 +0000] "GET /wp-content/themes/scaffold/assets/js/navigation.js?ver=1.3.1 HTTP/2.0" 200 1266 "https://ja.tak-cslab.org/archives/498" "Mozilla/5.0 (Windows NT 6.3; Win64; x64) AppleWebKit/537.36 (KHTML, like Gecko) Chrome/96.0.4664.55 Safari/537.36 Edg/96.0.1054.43"
153.243.17.142 - - [06/Dec/2021:15:53:20 +0000] "GET /wp-content/themes/scaffold/style.css?ver=5.8.2 HTTP/2.0" 200 5846 "https://ja.tak-cslab.org/archives/498" "Mozilla/5.0 (Windows NT 6.3; Win64; x64) AppleWebKit/537.36 (KHTML, like Gecko) Chrome/96.0.4664.55 Safari/537.36 Edg/96.0.1054.43"
153.243.17.142 - - [06/Dec/2021:15:53:20 +0000] "GET /wp-includes/js/comment-reply.min.js?ver=5.8.2 HTTP/2.0" 200 1390 "https://ja.tak-cslab.org/archives/498" "Mozilla/5.0 (Windows NT 6.3; Win64; x64) AppleWebKit/537.36 (KHTML, like Gecko) Chrome/96.0.4664.55 Safari/537.36 Edg/96.0.1054.43"
153.243.17.142 - - [06/Dec/2021:15:53:20 +0000] "GET /wp-includes/css/dist/block-library/style.min.css?ver=5.8.2 HTTP/2.0" 200 13704 "https://ja.tak-cslab.org/archives/498" "Mozilla/5.0 (Windows NT 6.3; Win64; x64) AppleWebKit/537.36 (KHTML, like Gecko) Chrome/96.0.4664.55 Safari/537.36 Edg/96.0.1054.43"
153.243.17.142 - - [06/Dec/2021:15:53:20 +0000] "GET /wp-includes/js/wp-embed.min.js?ver=5.8.2 HTTP/2.0" 200 779 "https://ja.tak-cslab.org/archives/498" "Mozilla/5.0 (Windows NT 6.3; Win64; x64) AppleWebKit/537.36 (KHTML, like Gecko) Chrome/96.0.4664.55 Safari/537.36 Edg/96.0.1054.43"
153.243.17.142 - - [06/Dec/2021:15:53:21 +0000] "GET /wp-includes/js/wp-emoji-release.min.js?ver=5.8.2 HTTP/2.0" 200 5714 "https://ja.tak-cslab.org/archives/498" "Mozilla/5.0 (Windows NT 6.3; Win64; x64) AppleWebKit/537.36 (KHTML, like Gecko) Chrome/96.0.4664.55 Safari/537.36 Edg/96.0.1054.43"
153.243.17.142 - - [06/Dec/2021:15:53:22 +0000] "GET /favicon.ico HTTP/2.0" 302 0 "https://ja.tak-cslab.org/archives/498" "Mozilla/5.0 (Windows NT 6.3; Win64; x64) AppleWebKit/537.36 (KHTML, like Gecko) Chrome/96.0.4664.55 Safari/537.36 Edg/96.0.1054.43"
153.243.17.142 - - [06/Dec/2021:15:53:22 +0000] "GET /wp-includes/images/w-logo-blue-white-bg.png HTTP/2.0" 200 4119 "https://ja.tak-cslab.org/archives/498" "Mozilla/5.0 (Windows NT 6.3; Win64; x64) AppleWebKit/537.36 (KHTML, like Gecko) Chrome/96.0.4664.55 Safari/537.36 Edg/96.0.1054.43"
3.235.104.118 - - [06/Dec/2021:15:53:38 +0000] "HEAD /feed HTTP/2.0" 200 0 "-" "Slackbot 1.0 (+https://api.slack.com/robots)"
3.86.53.214 - - [06/Dec/2021:15:53:39 +0000] "GET /feed HTTP/1.1" 200 56281 "-" "Slackbot 1.0 (+https://api.slack.com/robots)"
3.87.2.202 - - [06/Dec/2021:15:53:40 +0000] "GET / HTTP/1.1" 200 6249 "-" "Slackbot 1.0 (+https://api.slack.com/robots)"
216.245.221.83 - - [06/Dec/2021:15:54:26 +0000] "HEAD / HTTP/1.1" 301 0 "http://ja.tak-cslab.org/" "Mozilla/5.0+(compatible; UptimeRobot/2.0; http://www.uptimerobot.com/)"
216.245.221.83 - - [06/Dec/2021:15:54:26 +0000] "HEAD / HTTP/1.1" 200 0 "http://ja.tak-cslab.org/" "Mozilla/5.0+(compatible; UptimeRobot/2.0; http://www.uptimerobot.com/)"
34.206.38.217 - - [06/Dec/2021:15:55:58 +0000] "GET /feed HTTP/1.1" 200 56281 "-" "Automate.io BOT"
40.77.167.66 - - [06/Dec/2021:15:57:12 +0000] "GET /wp-sitemap.xml HTTP/2.0" 501 245 "-" "Mozilla/5.0 (compatible; bingbot/2.0; +http://www.bing.com/bingbot.htm)"
216.245.221.83 - - [06/Dec/2021:15:59:26 +0000] "HEAD / HTTP/1.1" 301 0 "http://ja.tak-cslab.org/" "Mozilla/5.0+(compatible; UptimeRobot/2.0; http://www.uptimerobot.com/)"
216.245.221.83 - - [06/Dec/2021:15:59:26 +0000] "HEAD / HTTP/1.1" 200 0 "http://ja.tak-cslab.org/" "Mozilla/5.0+(compatible; UptimeRobot/2.0; http://www.uptimerobot.com/)"
163.215.6.1 - - [06/Dec/2021:16:00:58 +0000] "POST /wp-cron.php?doing_wp_cron=1638806458.5386230945587158203125 HTTP/1.1" 200 31 "https://ja.tak-cslab.org/wp-cron.php?doing_wp_cron=1638806458.5386230945587158203125" "WordPress/5.8.2; https://ja.tak-cslab.org"
34.206.38.217 - - [06/Dec/2021:16:00:58 +0000] "GET /feed HTTP/1.1" 200 56281 "-" "Automate.io BOT"
216.245.221.83 - - [06/Dec/2021:16:04:26 +0000] "HEAD / HTTP/1.1" 301 0 "http://ja.tak-cslab.org/" "Mozilla/5.0+(compatible; UptimeRobot/2.0; http://www.uptimerobot.com/)"
216.245.221.83 - - [06/Dec/2021:16:04:26 +0000] "HEAD / HTTP/1.1" 200 0 "http://ja.tak-cslab.org/" "Mozilla/5.0+(compatible; UptimeRobot/2.0; http://www.uptimerobot.com/)"
34.206.38.217 - - [06/Dec/2021:16:05:59 +0000] "GET /feed HTTP/1.1" 200 56281 "-" "Automate.io BOT"
66.249.66.7 - - [06/Dec/2021:16:08:42 +0000] "GET /robots.txt HTTP/1.1" 200 123 "-" "Mozilla/5.0 (compatible; Googlebot/2.1; +http://www.google.com/bot.html)"
216.245.221.83 - - [06/Dec/2021:16:09:26 +0000] "HEAD / HTTP/1.1" 301 0 "http://ja.tak-cslab.org/" "Mozilla/5.0+(compatible; UptimeRobot/2.0; http://www.uptimerobot.com/)"
216.245.221.83 - - [06/Dec/2021:16:09:26 +0000] "HEAD / HTTP/1.1" 200 0 "http://ja.tak-cslab.org/" "Mozilla/5.0+(compatible; UptimeRobot/2.0; http://www.uptimerobot.com/)"
34.206.38.217 - - [06/Dec/2021:16:10:59 +0000] "GET /feed HTTP/1.1" 200 56281 "-" "Automate.io BOT"
3.238.237.171 - - [06/Dec/2021:16:13:39 +0000] "HEAD /feed HTTP/2.0" 200 0 "-" "Slackbot 1.0 (+https://api.slack.com/robots)"
3.80.32.164 - - [06/Dec/2021:16:13:39 +0000] "GET /feed HTTP/1.1" 200 56281 "-" "Slackbot 1.0 (+https://api.slack.com/robots)"
3.95.211.45 - - [06/Dec/2021:16:13:40 +0000] "GET / HTTP/1.1" 200 6241 "-" "Slackbot 1.0 (+https://api.slack.com/robots)"
216.245.221.83 - - [06/Dec/2021:16:14:26 +0000] "HEAD / HTTP/1.1" 301 0 "http://ja.tak-cslab.org/" "Mozilla/5.0+(compatible; UptimeRobot/2.0; http://www.uptimerobot.com/)"
216.245.221.83 - - [06/Dec/2021:16:14:26 +0000] "HEAD / HTTP/1.1" 200 0 "http://ja.tak-cslab.org/" "Mozilla/5.0+(compatible; UptimeRobot/2.0; http://www.uptimerobot.com/)"
40.77.167.66 - - [06/Dec/2021:16:15:14 +0000] "GET /archives/338 HTTP/2.0" 200 6393 "-" "Mozilla/5.0 (compatible; bingbot/2.0; +http://www.bing.com/bingbot.htm)"
40.77.167.44 - - [06/Dec/2021:16:15:30 +0000] "GET /wp-content/themes/scaffold/assets/js/navigation.js?ver=1.3.1 HTTP/2.0" 200 1266 "-" "Mozilla/5.0 (compatible; bingbot/2.0; +http://www.bing.com/bingbot.htm)"
34.206.38.217 - - [06/Dec/2021:16:15:58 +0000] "GET /feed HTTP/1.1" 200 56281 "-" "Automate.io BOT"
216.245.221.83 - - [06/Dec/2021:16:19:26 +0000] "HEAD / HTTP/1.1" 301 0 "http://ja.tak-cslab.org/" "Mozilla/5.0+(compatible; UptimeRobot/2.0; http://www.uptimerobot.com/)"
163.215.6.1 - - [06/Dec/2021:16:19:26 +0000] "POST /wp-cron.php?doing_wp_cron=1638807566.6809771060943603515625 HTTP/1.1" 200 31 "https://ja.tak-cslab.org/wp-cron.php?doing_wp_cron=1638807566.6809771060943603515625" "WordPress/5.8.2; https://ja.tak-cslab.org"
216.245.221.83 - - [06/Dec/2021:16:19:26 +0000] "HEAD / HTTP/1.1" 200 0 "http://ja.tak-cslab.org/" "Mozilla/5.0+(compatible; UptimeRobot/2.0; http://www.uptimerobot.com/)"
34.206.38.217 - - [06/Dec/2021:16:20:58 +0000] "GET /feed HTTP/1.1" 200 56281 "-" "Automate.io BOT"
216.245.221.83 - - [06/Dec/2021:16:24:26 +0000] "HEAD / HTTP/1.1" 301 0 "http://ja.tak-cslab.org/" "Mozilla/5.0+(compatible; UptimeRobot/2.0; http://www.uptimerobot.com/)"
216.245.221.83 - - [06/Dec/2021:16:24:26 +0000] "HEAD / HTTP/1.1" 200 0 "http://ja.tak-cslab.org/" "Mozilla/5.0+(compatible; UptimeRobot/2.0; http://www.uptimerobot.com/)"
34.206.38.217 - - [06/Dec/2021:16:25:58 +0000] "GET /feed HTTP/1.1" 200 56281 "-" "Automate.io BOT"
101.140.31.63 - - [06/Dec/2021:16:26:32 +0000] "GET /archives/1484 HTTP/2.0" 200 7645 "https://search.yahoo.co.jp/" "Mozilla/5.0 (iPhone; CPU iPhone OS 15_1 like Mac OS X) AppleWebKit/605.1.15 (KHTML, like Gecko) Version/15.1 Mobile/15E148 Safari/604.1"
101.140.31.63 - - [06/Dec/2021:16:26:32 +0000] "GET /wp-includes/js/wp-emoji-release.min.js?ver=5.8.2 HTTP/2.0" 200 5714 "https://ja.tak-cslab.org/archives/1484" "Mozilla/5.0 (iPhone; CPU iPhone OS 15_1 like Mac OS X) AppleWebKit/605.1.15 (KHTML, like Gecko) Version/15.1 Mobile/15E148 Safari/604.1"
101.140.31.63 - - [06/Dec/2021:16:26:32 +0000] "GET /wp-content/themes/cdsl/style.css?ver=1.3.1 HTTP/2.0" 200 272 "https://ja.tak-cslab.org/archives/1484" "Mozilla/5.0 (iPhone; CPU iPhone OS 15_1 like Mac OS X) AppleWebKit/605.1.15 (KHTML, like Gecko) Version/15.1 Mobile/15E148 Safari/604.1"
101.140.31.63 - - [06/Dec/2021:16:26:32 +0000] "GET /wp-content/themes/scaffold/assets/js/navigation.js?ver=1.3.1 HTTP/2.0" 200 1266 "https://ja.tak-cslab.org/archives/1484" "Mozilla/5.0 (iPhone; CPU iPhone OS 15_1 like Mac OS X) AppleWebKit/605.1.15 (KHTML, like Gecko) Version/15.1 Mobile/15E148 Safari/604.1"
101.140.31.63 - - [06/Dec/2021:16:26:32 +0000] "GET /wp-includes/js/comment-reply.min.js?ver=5.8.2 HTTP/2.0" 200 1390 "https://ja.tak-cslab.org/archives/1484" "Mozilla/5.0 (iPhone; CPU iPhone OS 15_1 like Mac OS X) AppleWebKit/605.1.15 (KHTML, like Gecko) Version/15.1 Mobile/15E148 Safari/604.1"
101.140.31.63 - - [06/Dec/2021:16:26:32 +0000] "GET /wp-includes/js/wp-embed.min.js?ver=5.8.2 HTTP/2.0" 200 779 "https://ja.tak-cslab.org/archives/1484" "Mozilla/5.0 (iPhone; CPU iPhone OS 15_1 like Mac OS X) AppleWebKit/605.1.15 (KHTML, like Gecko) Version/15.1 Mobile/15E148 Safari/604.1"
101.140.31.63 - - [06/Dec/2021:16:26:32 +0000] "GET /wp-content/themes/scaffold/style.css?ver=5.8.2 HTTP/2.0" 200 5846 "https://ja.tak-cslab.org/archives/1484" "Mozilla/5.0 (iPhone; CPU iPhone OS 15_1 like Mac OS X) AppleWebKit/605.1.15 (KHTML, like Gecko) Version/15.1 Mobile/15E148 Safari/604.1"
101.140.31.63 - - [06/Dec/2021:16:26:32 +0000] "GET /wp-includes/css/dist/block-library/style.min.css?ver=5.8.2 HTTP/2.0" 200 13704 "https://ja.tak-cslab.org/archives/1484" "Mozilla/5.0 (iPhone; CPU iPhone OS 15_1 like Mac OS X) AppleWebKit/605.1.15 (KHTML, like Gecko) Version/15.1 Mobile/15E148 Safari/604.1"
101.140.31.63 - - [06/Dec/2021:16:26:32 +0000] "GET /wp-content/plugins/native-lazyload/assets/js/lazyload.js HTTP/2.0" 200 1085 "https://ja.tak-cslab.org/archives/1484" "Mozilla/5.0 (iPhone; CPU iPhone OS 15_1 like Mac OS X) AppleWebKit/605.1.15 (KHTML, like Gecko) Version/15.1 Mobile/15E148 Safari/604.1"
101.140.31.63 - - [06/Dec/2021:16:26:32 +0000] "GET /favicon.ico HTTP/2.0" 302 0 "https://ja.tak-cslab.org/archives/1484" "Mozilla/5.0 (iPhone; CPU iPhone OS 15_1 like Mac OS X) AppleWebKit/605.1.15 (KHTML, like Gecko) Version/15.1 Mobile/15E148 Safari/604.1"
101.140.31.63 - - [06/Dec/2021:16:26:32 +0000] "GET /wp-includes/images/w-logo-blue-white-bg.png HTTP/2.0" 200 4119 "https://ja.tak-cslab.org/archives/1484" "Mozilla/5.0 (iPhone; CPU iPhone OS 15_1 like Mac OS X) AppleWebKit/605.1.15 (KHTML, like Gecko) Version/15.1 Mobile/15E148 Safari/604.1"
216.245.221.83 - - [06/Dec/2021:16:29:26 +0000] "HEAD / HTTP/1.1" 301 0 "http://ja.tak-cslab.org/" "Mozilla/5.0+(compatible; UptimeRobot/2.0; http://www.uptimerobot.com/)"
216.245.221.83 - - [06/Dec/2021:16:29:26 +0000] "HEAD / HTTP/1.1" 200 0 "http://ja.tak-cslab.org/" "Mozilla/5.0+(compatible; UptimeRobot/2.0; http://www.uptimerobot.com/)"
34.206.38.217 - - [06/Dec/2021:16:30:59 +0000] "GET /feed HTTP/1.1" 200 56281 "-" "Automate.io BOT"
54.224.186.77 - - [06/Dec/2021:16:33:41 +0000] "HEAD /feed HTTP/2.0" 200 0 "-" "Slackbot 1.0 (+https://api.slack.com/robots)"
34.229.182.64 - - [06/Dec/2021:16:33:41 +0000] "GET /feed HTTP/1.1" 200 56281 "-" "Slackbot 1.0 (+https://api.slack.com/robots)"
18.209.11.92 - - [06/Dec/2021:16:33:42 +0000] "GET / HTTP/1.1" 200 6249 "-" "Slackbot 1.0 (+https://api.slack.com/robots)"
216.245.221.83 - - [06/Dec/2021:16:34:26 +0000] "HEAD / HTTP/1.1" 301 0 "http://ja.tak-cslab.org/" "Mozilla/5.0+(compatible; UptimeRobot/2.0; http://www.uptimerobot.com/)"
216.245.221.83 - - [06/Dec/2021:16:34:26 +0000] "HEAD / HTTP/1.1" 200 0 "http://ja.tak-cslab.org/" "Mozilla/5.0+(compatible; UptimeRobot/2.0; http://www.uptimerobot.com/)"
