180.221.33.116 - - [09/Dec/2021:09:30:18 +0000] "GET /wp-content/themes/cdsl/style.css?ver=1.3.1 HTTP/2.0" 200 272 "https://ja.tak-cslab.org/archives/1115" "Mozilla/5.0 (iPhone; CPU iPhone OS 14_4 like Mac OS X) AppleWebKit/605.1.15 (KHTML, like Gecko) GSA/187.0.410885375 Mobile/15E148 Safari/604.1"
180.221.33.116 - - [09/Dec/2021:09:30:18 +0000] "GET /wp-content/plugins/native-lazyload/assets/images/placeholder.svg HTTP/2.0" 200 88 "https://ja.tak-cslab.org/archives/1115" "Mozilla/5.0 (iPhone; CPU iPhone OS 14_4 like Mac OS X) AppleWebKit/605.1.15 (KHTML, like Gecko) GSA/187.0.410885375 Mobile/15E148 Safari/604.1"
180.221.33.116 - - [09/Dec/2021:09:30:18 +0000] "GET /wp-content/themes/scaffold/assets/js/navigation.js?ver=1.3.1 HTTP/2.0" 200 1266 "https://ja.tak-cslab.org/archives/1115" "Mozilla/5.0 (iPhone; CPU iPhone OS 14_4 like Mac OS X) AppleWebKit/605.1.15 (KHTML, like Gecko) GSA/187.0.410885375 Mobile/15E148 Safari/604.1"
180.221.33.116 - - [09/Dec/2021:09:30:18 +0000] "GET /wp-includes/js/comment-reply.min.js?ver=5.8.2 HTTP/2.0" 200 1390 "https://ja.tak-cslab.org/archives/1115" "Mozilla/5.0 (iPhone; CPU iPhone OS 14_4 like Mac OS X) AppleWebKit/605.1.15 (KHTML, like Gecko) GSA/187.0.410885375 Mobile/15E148 Safari/604.1"
180.221.33.116 - - [09/Dec/2021:09:30:18 +0000] "GET /wp-content/themes/scaffold/style.css?ver=5.8.2 HTTP/2.0" 200 5846 "https://ja.tak-cslab.org/archives/1115" "Mozilla/5.0 (iPhone; CPU iPhone OS 14_4 like Mac OS X) AppleWebKit/605.1.15 (KHTML, like Gecko) GSA/187.0.410885375 Mobile/15E148 Safari/604.1"
180.221.33.116 - - [09/Dec/2021:09:30:18 +0000] "GET /wp-includes/js/wp-embed.min.js?ver=5.8.2 HTTP/2.0" 200 779 "https://ja.tak-cslab.org/archives/1115" "Mozilla/5.0 (iPhone; CPU iPhone OS 14_4 like Mac OS X) AppleWebKit/605.1.15 (KHTML, like Gecko) GSA/187.0.410885375 Mobile/15E148 Safari/604.1"
180.221.33.116 - - [09/Dec/2021:09:30:18 +0000] "GET /wp-includes/css/dist/block-library/style.min.css?ver=5.8.2 HTTP/2.0" 200 13704 "https://ja.tak-cslab.org/archives/1115" "Mozilla/5.0 (iPhone; CPU iPhone OS 14_4 like Mac OS X) AppleWebKit/605.1.15 (KHTML, like Gecko) GSA/187.0.410885375 Mobile/15E148 Safari/604.1"
180.221.33.116 - - [09/Dec/2021:09:30:18 +0000] "GET /wp-content/plugins/native-lazyload/assets/js/lazyload.js HTTP/2.0" 200 1085 "https://ja.tak-cslab.org/archives/1115" "Mozilla/5.0 (iPhone; CPU iPhone OS 14_4 like Mac OS X) AppleWebKit/605.1.15 (KHTML, like Gecko) GSA/187.0.410885375 Mobile/15E148 Safari/604.1"
66.249.65.159 - - [09/Dec/2021:09:32:32 +0000] "GET /tags/remote-ssh HTTP/1.1" 200 6562 "-" "Mozilla/5.0 (compatible; Googlebot/2.1; +http://www.google.com/bot.html)"
113.38.80.34 - - [09/Dec/2021:09:32:51 +0000] "GET /archives/786 HTTP/2.0" 200 9287 "https://www.google.com/" "Mozilla/5.0 (Windows NT 10.0; Win64; x64) AppleWebKit/537.36 (KHTML, like Gecko) Chrome/96.0.4664.45 Safari/537.36"
113.38.80.34 - - [09/Dec/2021:09:32:51 +0000] "GET /wp-includes/css/dist/block-library/style.min.css?ver=5.8.2 HTTP/2.0" 200 13704 "https://ja.tak-cslab.org/archives/786" "Mozilla/5.0 (Windows NT 10.0; Win64; x64) AppleWebKit/537.36 (KHTML, like Gecko) Chrome/96.0.4664.45 Safari/537.36"
113.38.80.34 - - [09/Dec/2021:09:32:51 +0000] "GET /wp-content/themes/scaffold/style.css?ver=5.8.2 HTTP/2.0" 200 5846 "https://ja.tak-cslab.org/archives/786" "Mozilla/5.0 (Windows NT 10.0; Win64; x64) AppleWebKit/537.36 (KHTML, like Gecko) Chrome/96.0.4664.45 Safari/537.36"
113.38.80.34 - - [09/Dec/2021:09:32:51 +0000] "GET /wp-content/themes/cdsl/style.css?ver=1.3.1 HTTP/2.0" 200 272 "https://ja.tak-cslab.org/archives/786" "Mozilla/5.0 (Windows NT 10.0; Win64; x64) AppleWebKit/537.36 (KHTML, like Gecko) Chrome/96.0.4664.45 Safari/537.36"
113.38.80.34 - - [09/Dec/2021:09:32:51 +0000] "GET /wp-content/themes/scaffold/assets/js/navigation.js?ver=1.3.1 HTTP/2.0" 200 1266 "https://ja.tak-cslab.org/archives/786" "Mozilla/5.0 (Windows NT 10.0; Win64; x64) AppleWebKit/537.36 (KHTML, like Gecko) Chrome/96.0.4664.45 Safari/537.36"
113.38.80.34 - - [09/Dec/2021:09:32:51 +0000] "GET /wp-includes/js/comment-reply.min.js?ver=5.8.2 HTTP/2.0" 200 1390 "https://ja.tak-cslab.org/archives/786" "Mozilla/5.0 (Windows NT 10.0; Win64; x64) AppleWebKit/537.36 (KHTML, like Gecko) Chrome/96.0.4664.45 Safari/537.36"
113.38.80.34 - - [09/Dec/2021:09:32:51 +0000] "GET /wp-includes/js/wp-embed.min.js?ver=5.8.2 HTTP/2.0" 200 779 "https://ja.tak-cslab.org/archives/786" "Mozilla/5.0 (Windows NT 10.0; Win64; x64) AppleWebKit/537.36 (KHTML, like Gecko) Chrome/96.0.4664.45 Safari/537.36"
113.38.80.34 - - [09/Dec/2021:09:32:51 +0000] "GET /wp-includes/js/wp-emoji-release.min.js?ver=5.8.2 HTTP/2.0" 200 5714 "https://ja.tak-cslab.org/archives/786" "Mozilla/5.0 (Windows NT 10.0; Win64; x64) AppleWebKit/537.36 (KHTML, like Gecko) Chrome/96.0.4664.45 Safari/537.36"
113.38.80.34 - - [09/Dec/2021:09:32:51 +0000] "GET /wp-content/plugins/native-lazyload/assets/images/placeholder.svg HTTP/2.0" 200 88 "https://ja.tak-cslab.org/archives/786" "Mozilla/5.0 (Windows NT 10.0; Win64; x64) AppleWebKit/537.36 (KHTML, like Gecko) Chrome/96.0.4664.45 Safari/537.36"
113.38.80.34 - - [09/Dec/2021:09:32:51 +0000] "GET /wp-content/uploads/2020/12/image-2.png HTTP/2.0" 200 16450 "https://ja.tak-cslab.org/archives/786" "Mozilla/5.0 (Windows NT 10.0; Win64; x64) AppleWebKit/537.36 (KHTML, like Gecko) Chrome/96.0.4664.45 Safari/537.36"
113.38.80.34 - - [09/Dec/2021:09:32:51 +0000] "GET /favicon.ico HTTP/2.0" 302 0 "https://ja.tak-cslab.org/archives/786" "Mozilla/5.0 (Windows NT 10.0; Win64; x64) AppleWebKit/537.36 (KHTML, like Gecko) Chrome/96.0.4664.45 Safari/537.36"
113.38.80.34 - - [09/Dec/2021:09:32:51 +0000] "GET /wp-includes/images/w-logo-blue-white-bg.png HTTP/2.0" 200 4119 "https://ja.tak-cslab.org/archives/786" "Mozilla/5.0 (Windows NT 10.0; Win64; x64) AppleWebKit/537.36 (KHTML, like Gecko) Chrome/96.0.4664.45 Safari/537.36"
113.38.80.34 - - [09/Dec/2021:09:32:53 +0000] "GET /wp-content/uploads/2020/12/image.png HTTP/2.0" 200 16450 "https://ja.tak-cslab.org/archives/786" "Mozilla/5.0 (Windows NT 10.0; Win64; x64) AppleWebKit/537.36 (KHTML, like Gecko) Chrome/96.0.4664.45 Safari/537.36"
113.38.80.34 - - [09/Dec/2021:09:32:54 +0000] "GET /wp-content/uploads/2020/12/image-1-1024x441.png HTTP/2.0" 200 172787 "https://ja.tak-cslab.org/archives/786" "Mozilla/5.0 (Windows NT 10.0; Win64; x64) AppleWebKit/537.36 (KHTML, like Gecko) Chrome/96.0.4664.45 Safari/537.36"
216.245.221.83 - - [09/Dec/2021:09:33:29 +0000] "HEAD / HTTP/1.1" 301 0 "http://ja.tak-cslab.org/" "Mozilla/5.0+(compatible; UptimeRobot/2.0; http://www.uptimerobot.com/)"
216.245.221.83 - - [09/Dec/2021:09:33:29 +0000] "HEAD / HTTP/1.1" 200 0 "http://ja.tak-cslab.org/" "Mozilla/5.0+(compatible; UptimeRobot/2.0; http://www.uptimerobot.com/)"
54.163.199.74 - - [09/Dec/2021:09:33:40 +0000] "HEAD /feed HTTP/2.0" 200 0 "-" "Slackbot 1.0 (+https://api.slack.com/robots)"
34.229.63.254 - - [09/Dec/2021:09:33:41 +0000] "GET /feed HTTP/1.1" 200 54716 "-" "Slackbot 1.0 (+https://api.slack.com/robots)"
54.159.214.182 - - [09/Dec/2021:09:33:42 +0000] "GET / HTTP/1.1" 200 6223 "-" "Slackbot 1.0 (+https://api.slack.com/robots)"
34.206.38.217 - - [09/Dec/2021:09:34:36 +0000] "GET /feed HTTP/1.1" 200 54716 "-" "Automate.io BOT"
116.202.192.48 - - [09/Dec/2021:09:36:50 +0000] "GET /feed HTTP/1.1" 200 54716 "-" "Mozilla/5.0 (compatible; DataForSeoBot/1.0; +https://dataforseo.com/dataforseo-bot)"
207.46.13.85 - - [09/Dec/2021:09:36:51 +0000] "GET /archives/1462 HTTP/2.0" 200 11361 "-" "Mozilla/5.0 (compatible; bingbot/2.0; +http://www.bing.com/bingbot.htm)"
40.77.167.44 - - [09/Dec/2021:09:37:12 +0000] "GET /wp-content/themes/scaffold/assets/js/navigation.js?ver=1.3.1 HTTP/2.0" 200 1266 "-" "Mozilla/5.0 (compatible; bingbot/2.0; +http://www.bing.com/bingbot.htm)"
159.69.137.16 - - [09/Dec/2021:09:37:35 +0000] "GET /comments/feed HTTP/1.1" 200 815 "-" "Mozilla/5.0 (compatible; DataForSeoBot/1.0; +https://dataforseo.com/dataforseo-bot)"
216.245.221.83 - - [09/Dec/2021:09:38:29 +0000] "HEAD / HTTP/1.1" 301 0 "http://ja.tak-cslab.org/" "Mozilla/5.0+(compatible; UptimeRobot/2.0; http://www.uptimerobot.com/)"
216.245.221.83 - - [09/Dec/2021:09:38:29 +0000] "HEAD / HTTP/1.1" 200 0 "http://ja.tak-cslab.org/" "Mozilla/5.0+(compatible; UptimeRobot/2.0; http://www.uptimerobot.com/)"
34.206.38.217 - - [09/Dec/2021:09:39:36 +0000] "GET /feed HTTP/1.1" 200 54716 "-" "Automate.io BOT"
118.154.109.125 - - [09/Dec/2021:09:39:47 +0000] "GET /archives/1049 HTTP/2.0" 200 8567 "https://www.google.com/" "Mozilla/5.0 (Windows NT 10.0; Win64; x64) AppleWebKit/537.36 (KHTML, like Gecko) Chrome/96.0.4664.93 Safari/537.36"
118.154.109.125 - - [09/Dec/2021:09:39:47 +0000] "GET /wp-content/themes/cdsl/style.css?ver=1.3.1 HTTP/2.0" 200 272 "https://ja.tak-cslab.org/archives/1049" "Mozilla/5.0 (Windows NT 10.0; Win64; x64) AppleWebKit/537.36 (KHTML, like Gecko) Chrome/96.0.4664.93 Safari/537.36"
118.154.109.125 - - [09/Dec/2021:09:39:47 +0000] "GET /wp-content/themes/scaffold/style.css?ver=5.8.2 HTTP/2.0" 200 5846 "https://ja.tak-cslab.org/archives/1049" "Mozilla/5.0 (Windows NT 10.0; Win64; x64) AppleWebKit/537.36 (KHTML, like Gecko) Chrome/96.0.4664.93 Safari/537.36"
118.154.109.125 - - [09/Dec/2021:09:39:47 +0000] "GET /wp-includes/css/dist/block-library/style.min.css?ver=5.8.2 HTTP/2.0" 200 13704 "https://ja.tak-cslab.org/archives/1049" "Mozilla/5.0 (Windows NT 10.0; Win64; x64) AppleWebKit/537.36 (KHTML, like Gecko) Chrome/96.0.4664.93 Safari/537.36"
118.154.109.125 - - [09/Dec/2021:09:39:47 +0000] "GET /wp-content/themes/scaffold/assets/js/navigation.js?ver=1.3.1 HTTP/2.0" 200 1266 "https://ja.tak-cslab.org/archives/1049" "Mozilla/5.0 (Windows NT 10.0; Win64; x64) AppleWebKit/537.36 (KHTML, like Gecko) Chrome/96.0.4664.93 Safari/537.36"
118.154.109.125 - - [09/Dec/2021:09:39:47 +0000] "GET /wp-includes/js/comment-reply.min.js?ver=5.8.2 HTTP/2.0" 200 1390 "https://ja.tak-cslab.org/archives/1049" "Mozilla/5.0 (Windows NT 10.0; Win64; x64) AppleWebKit/537.36 (KHTML, like Gecko) Chrome/96.0.4664.93 Safari/537.36"
118.154.109.125 - - [09/Dec/2021:09:39:47 +0000] "GET /wp-includes/js/wp-embed.min.js?ver=5.8.2 HTTP/2.0" 200 779 "https://ja.tak-cslab.org/archives/1049" "Mozilla/5.0 (Windows NT 10.0; Win64; x64) AppleWebKit/537.36 (KHTML, like Gecko) Chrome/96.0.4664.93 Safari/537.36"
118.154.109.125 - - [09/Dec/2021:09:39:47 +0000] "GET /wp-content/plugins/native-lazyload/assets/images/placeholder.svg HTTP/2.0" 200 88 "https://ja.tak-cslab.org/archives/1049" "Mozilla/5.0 (Windows NT 10.0; Win64; x64) AppleWebKit/537.36 (KHTML, like Gecko) Chrome/96.0.4664.93 Safari/537.36"
118.154.109.125 - - [09/Dec/2021:09:39:47 +0000] "GET /wp-includes/js/wp-emoji-release.min.js?ver=5.8.2 HTTP/2.0" 200 5714 "https://ja.tak-cslab.org/archives/1049" "Mozilla/5.0 (Windows NT 10.0; Win64; x64) AppleWebKit/537.36 (KHTML, like Gecko) Chrome/96.0.4664.93 Safari/537.36"
118.154.109.125 - - [09/Dec/2021:09:39:47 +0000] "GET /wp-content/uploads/2021/04/https___qiita-image-store.s3.amazonaws.com_0_171398_3cac0ae7-3349-9194-bbfe-e67c1181cd48-1024x524.gif HTTP/2.0" 200 45548 "https://ja.tak-cslab.org/archives/1049" "Mozilla/5.0 (Windows NT 10.0; Win64; x64) AppleWebKit/537.36 (KHTML, like Gecko) Chrome/96.0.4664.93 Safari/537.36"
118.154.109.125 - - [09/Dec/2021:09:39:47 +0000] "GET /favicon.ico HTTP/2.0" 302 0 "https://ja.tak-cslab.org/archives/1049" "Mozilla/5.0 (Windows NT 10.0; Win64; x64) AppleWebKit/537.36 (KHTML, like Gecko) Chrome/96.0.4664.93 Safari/537.36"
118.154.109.125 - - [09/Dec/2021:09:39:47 +0000] "GET /wp-includes/images/w-logo-blue-white-bg.png HTTP/2.0" 200 4119 "https://ja.tak-cslab.org/archives/1049" "Mozilla/5.0 (Windows NT 10.0; Win64; x64) AppleWebKit/537.36 (KHTML, like Gecko) Chrome/96.0.4664.93 Safari/537.36"
185.191.171.1 - - [09/Dec/2021:09:40:07 +0000] "GET /robots.txt HTTP/1.1" 200 123 "-" "Mozilla/5.0 (compatible; SemrushBot/7~bl; +http://www.semrush.com/bot.html)"
185.191.171.6 - - [09/Dec/2021:09:40:07 +0000] "GET /10gin_cds1?redirect_to=https%3A%2F%2Fja.tak-cslab.org%2Farchives%2F412 HTTP/1.1" 200 4549 "-" "Mozilla/5.0 (compatible; SemrushBot/7~bl; +http://www.semrush.com/bot.html)"
185.191.171.43 - - [09/Dec/2021:09:43:06 +0000] "GET /archives/author/c0119134 HTTP/1.1" 200 5618 "-" "Mozilla/5.0 (compatible; SemrushBot/7~bl; +http://www.semrush.com/bot.html)"
216.245.221.83 - - [09/Dec/2021:09:43:29 +0000] "HEAD / HTTP/1.1" 301 0 "http://ja.tak-cslab.org/" "Mozilla/5.0+(compatible; UptimeRobot/2.0; http://www.uptimerobot.com/)"
216.245.221.83 - - [09/Dec/2021:09:43:29 +0000] "HEAD / HTTP/1.1" 200 0 "http://ja.tak-cslab.org/" "Mozilla/5.0+(compatible; UptimeRobot/2.0; http://www.uptimerobot.com/)"
34.206.38.217 - - [09/Dec/2021:09:44:36 +0000] "GET /feed HTTP/1.1" 200 54716 "-" "Automate.io BOT"
216.245.221.83 - - [09/Dec/2021:09:48:29 +0000] "HEAD / HTTP/1.1" 301 0 "http://ja.tak-cslab.org/" "Mozilla/5.0+(compatible; UptimeRobot/2.0; http://www.uptimerobot.com/)"
216.245.221.83 - - [09/Dec/2021:09:48:29 +0000] "HEAD / HTTP/1.1" 200 0 "http://ja.tak-cslab.org/" "Mozilla/5.0+(compatible; UptimeRobot/2.0; http://www.uptimerobot.com/)"
34.206.38.217 - - [09/Dec/2021:09:49:36 +0000] "GET /feed HTTP/1.1" 200 54716 "-" "Automate.io BOT"
216.245.221.83 - - [09/Dec/2021:09:53:29 +0000] "HEAD / HTTP/1.1" 301 0 "http://ja.tak-cslab.org/" "Mozilla/5.0+(compatible; UptimeRobot/2.0; http://www.uptimerobot.com/)"
216.245.221.83 - - [09/Dec/2021:09:53:29 +0000] "HEAD / HTTP/1.1" 200 0 "http://ja.tak-cslab.org/" "Mozilla/5.0+(compatible; UptimeRobot/2.0; http://www.uptimerobot.com/)"
3.236.149.27 - - [09/Dec/2021:09:53:39 +0000] "HEAD /feed HTTP/2.0" 200 0 "-" "Slackbot 1.0 (+https://api.slack.com/robots)"
34.203.198.130 - - [09/Dec/2021:09:53:39 +0000] "GET /feed HTTP/1.1" 200 54703 "-" "Slackbot 1.0 (+https://api.slack.com/robots)"
3.227.243.65 - - [09/Dec/2021:09:53:41 +0000] "GET / HTTP/1.1" 200 6216 "-" "Slackbot 1.0 (+https://api.slack.com/robots)"
216.245.221.83 - - [09/Dec/2021:09:58:29 +0000] "HEAD / HTTP/1.1" 301 0 "http://ja.tak-cslab.org/" "Mozilla/5.0+(compatible; UptimeRobot/2.0; http://www.uptimerobot.com/)"
216.245.221.83 - - [09/Dec/2021:09:58:29 +0000] "HEAD / HTTP/1.1" 200 0 "http://ja.tak-cslab.org/" "Mozilla/5.0+(compatible; UptimeRobot/2.0; http://www.uptimerobot.com/)"
34.206.38.217 - - [09/Dec/2021:09:59:37 +0000] "GET /feed HTTP/1.1" 200 54716 "-" "Automate.io BOT"
199.249.230.107 - - [09/Dec/2021:10:00:40 +0000] "POST /xmlrpc.php HTTP/1.0" 301 162 "-" "Mozilla/5.0 (Windows NT 6.1; Win64; x64) AppleWebKit/537.43 (KHTML, like Gecko) Chrome/89.0.4389.128 Safari/537.36 OPR/75.0.3969.218"
163.215.6.1 - - [09/Dec/2021:10:00:42 +0000] "POST /wp-cron.php?doing_wp_cron=1639044042.0141599178314208984375 HTTP/1.1" 200 31 "https://ja.tak-cslab.org/wp-cron.php?doing_wp_cron=1639044042.0141599178314208984375" "WordPress/5.8.2; https://ja.tak-cslab.org"
199.249.230.107 - - [09/Dec/2021:10:00:42 +0000] "POST /xmlrpc.php HTTP/1.0" 200 403 "-" "Mozilla/5.0 (Windows NT 6.1; Win64; x64) AppleWebKit/537.43 (KHTML, like Gecko) Chrome/89.0.4389.128 Safari/537.36 OPR/75.0.3969.218"
66.249.65.128 - - [09/Dec/2021:10:02:33 +0000] "GET /topics/blog/page/2 HTTP/1.1" 200 20186 "-" "Mozilla/5.0 (Linux; Android 6.0.1; Nexus 5X Build/MMB29P) AppleWebKit/537.36 (KHTML, like Gecko) Chrome/96.0.4664.45 Mobile Safari/537.36 (compatible; Googlebot/2.1; +http://www.google.com/bot.html)"
216.245.221.83 - - [09/Dec/2021:10:03:29 +0000] "HEAD / HTTP/1.1" 301 0 "http://ja.tak-cslab.org/" "Mozilla/5.0+(compatible; UptimeRobot/2.0; http://www.uptimerobot.com/)"
216.245.221.83 - - [09/Dec/2021:10:03:29 +0000] "HEAD / HTTP/1.1" 200 0 "http://ja.tak-cslab.org/" "Mozilla/5.0+(compatible; UptimeRobot/2.0; http://www.uptimerobot.com/)"
34.206.38.217 - - [09/Dec/2021:10:04:36 +0000] "GET /feed HTTP/1.1" 200 54718 "-" "Automate.io BOT"
216.245.221.83 - - [09/Dec/2021:10:08:29 +0000] "HEAD / HTTP/1.1" 301 0 "http://ja.tak-cslab.org/" "Mozilla/5.0+(compatible; UptimeRobot/2.0; http://www.uptimerobot.com/)"
216.245.221.83 - - [09/Dec/2021:10:08:29 +0000] "HEAD / HTTP/1.1" 200 0 "http://ja.tak-cslab.org/" "Mozilla/5.0+(compatible; UptimeRobot/2.0; http://www.uptimerobot.com/)"
34.206.38.217 - - [09/Dec/2021:10:09:36 +0000] "GET /feed HTTP/1.1" 200 54716 "-" "Automate.io BOT"
216.245.221.83 - - [09/Dec/2021:10:13:29 +0000] "HEAD / HTTP/1.1" 301 0 "http://ja.tak-cslab.org/" "Mozilla/5.0+(compatible; UptimeRobot/2.0; http://www.uptimerobot.com/)"
216.245.221.83 - - [09/Dec/2021:10:13:29 +0000] "HEAD / HTTP/1.1" 200 0 "http://ja.tak-cslab.org/" "Mozilla/5.0+(compatible; UptimeRobot/2.0; http://www.uptimerobot.com/)"
54.159.214.182 - - [09/Dec/2021:10:13:39 +0000] "HEAD /feed HTTP/2.0" 200 0 "-" "Slackbot 1.0 (+https://api.slack.com/robots)"
54.166.111.246 - - [09/Dec/2021:10:13:40 +0000] "GET /feed HTTP/1.1" 200 54716 "-" "Slackbot 1.0 (+https://api.slack.com/robots)"
54.146.205.227 - - [09/Dec/2021:10:13:41 +0000] "GET / HTTP/1.1" 200 6215 "-" "Slackbot 1.0 (+https://api.slack.com/robots)"
216.245.221.83 - - [09/Dec/2021:10:18:29 +0000] "HEAD / HTTP/1.1" 301 0 "http://ja.tak-cslab.org/" "Mozilla/5.0+(compatible; UptimeRobot/2.0; http://www.uptimerobot.com/)"
163.215.6.1 - - [09/Dec/2021:10:18:29 +0000] "POST /wp-cron.php?doing_wp_cron=1639045109.6269340515136718750000 HTTP/1.1" 200 31 "https://ja.tak-cslab.org/wp-cron.php?doing_wp_cron=1639045109.6269340515136718750000" "WordPress/5.8.2; https://ja.tak-cslab.org"
216.245.221.83 - - [09/Dec/2021:10:18:29 +0000] "HEAD / HTTP/1.1" 200 0 "http://ja.tak-cslab.org/" "Mozilla/5.0+(compatible; UptimeRobot/2.0; http://www.uptimerobot.com/)"
34.206.38.217 - - [09/Dec/2021:10:19:37 +0000] "GET /feed HTTP/1.1" 200 54718 "-" "Automate.io BOT"
216.245.221.83 - - [09/Dec/2021:10:23:29 +0000] "HEAD / HTTP/1.1" 301 0 "http://ja.tak-cslab.org/" "Mozilla/5.0+(compatible; UptimeRobot/2.0; http://www.uptimerobot.com/)"
216.245.221.83 - - [09/Dec/2021:10:23:29 +0000] "HEAD / HTTP/1.1" 200 0 "http://ja.tak-cslab.org/" "Mozilla/5.0+(compatible; UptimeRobot/2.0; http://www.uptimerobot.com/)"
34.206.38.217 - - [09/Dec/2021:10:24:37 +0000] "GET /feed HTTP/1.1" 200 54716 "-" "Automate.io BOT"
216.245.221.83 - - [09/Dec/2021:10:28:29 +0000] "HEAD / HTTP/1.1" 301 0 "http://ja.tak-cslab.org/" "Mozilla/5.0+(compatible; UptimeRobot/2.0; http://www.uptimerobot.com/)"
216.245.221.83 - - [09/Dec/2021:10:28:29 +0000] "HEAD / HTTP/1.1" 200 0 "http://ja.tak-cslab.org/" "Mozilla/5.0+(compatible; UptimeRobot/2.0; http://www.uptimerobot.com/)"
185.191.171.8 - - [09/Dec/2021:10:30:50 +0000] "GET /archives/1308 HTTP/1.1" 200 6468 "-" "Mozilla/5.0 (compatible; SemrushBot/7~bl; +http://www.semrush.com/bot.html)"
114.119.128.202 - - [09/Dec/2021:10:31:47 +0000] "HEAD /wp-content/uploads/2021/07/image-2-426x1024.png HTTP/1.1" 200 0 "-" "Mozilla/5.0 (Windows NT 10.0; Win64; x64) AppleWebKit/537.36 (KHTML, like Gecko) Chrome/78.0.1780.45 Safari/537.36"
66.249.65.159 - - [09/Dec/2021:10:32:32 +0000] "GET /archives/1125 HTTP/1.1" 200 12260 "-" "Mozilla/5.0 (compatible; Googlebot/2.1; +http://www.google.com/bot.html)"
106.133.23.130 - - [09/Dec/2021:10:32:41 +0000] "GET /archives/1180 HTTP/2.0" 200 8641 "https://search.yahoo.co.jp/" "Mozilla/5.0 (iPhone; CPU iPhone OS 14_8 like Mac OS X) AppleWebKit/605.1.15 (KHTML, like Gecko) Mobile/15E148 YJApp-IOS jp.co.yahoo.ipn.appli/4.52.0"
106.133.23.130 - - [09/Dec/2021:10:32:41 +0000] "GET /wp-includes/js/wp-emoji-release.min.js?ver=5.8.2 HTTP/2.0" 200 5714 "https://ja.tak-cslab.org/archives/1180" "Mozilla/5.0 (iPhone; CPU iPhone OS 14_8 like Mac OS X) AppleWebKit/605.1.15 (KHTML, like Gecko) Mobile/15E148 YJApp-IOS jp.co.yahoo.ipn.appli/4.52.0"
106.133.23.130 - - [09/Dec/2021:10:32:41 +0000] "GET /wp-content/themes/cdsl/style.css?ver=1.3.1 HTTP/2.0" 200 272 "https://ja.tak-cslab.org/archives/1180" "Mozilla/5.0 (iPhone; CPU iPhone OS 14_8 like Mac OS X) AppleWebKit/605.1.15 (KHTML, like Gecko) Mobile/15E148 YJApp-IOS jp.co.yahoo.ipn.appli/4.52.0"
106.133.23.130 - - [09/Dec/2021:10:32:41 +0000] "GET /wp-content/plugins/native-lazyload/assets/images/placeholder.svg HTTP/2.0" 200 88 "https://ja.tak-cslab.org/archives/1180" "Mozilla/5.0 (iPhone; CPU iPhone OS 14_8 like Mac OS X) AppleWebKit/605.1.15 (KHTML, like Gecko) Mobile/15E148 YJApp-IOS jp.co.yahoo.ipn.appli/4.52.0"
106.133.23.130 - - [09/Dec/2021:10:32:41 +0000] "GET /wp-content/themes/scaffold/assets/js/navigation.js?ver=1.3.1 HTTP/2.0" 200 1266 "https://ja.tak-cslab.org/archives/1180" "Mozilla/5.0 (iPhone; CPU iPhone OS 14_8 like Mac OS X) AppleWebKit/605.1.15 (KHTML, like Gecko) Mobile/15E148 YJApp-IOS jp.co.yahoo.ipn.appli/4.52.0"
106.133.23.130 - - [09/Dec/2021:10:32:41 +0000] "GET /wp-includes/js/comment-reply.min.js?ver=5.8.2 HTTP/2.0" 200 1390 "https://ja.tak-cslab.org/archives/1180" "Mozilla/5.0 (iPhone; CPU iPhone OS 14_8 like Mac OS X) AppleWebKit/605.1.15 (KHTML, like Gecko) Mobile/15E148 YJApp-IOS jp.co.yahoo.ipn.appli/4.52.0"
106.133.23.130 - - [09/Dec/2021:10:32:41 +0000] "GET /wp-includes/js/wp-embed.min.js?ver=5.8.2 HTTP/2.0" 200 779 "https://ja.tak-cslab.org/archives/1180" "Mozilla/5.0 (iPhone; CPU iPhone OS 14_8 like Mac OS X) AppleWebKit/605.1.15 (KHTML, like Gecko) Mobile/15E148 YJApp-IOS jp.co.yahoo.ipn.appli/4.52.0"
106.133.23.130 - - [09/Dec/2021:10:32:41 +0000] "GET /wp-content/themes/scaffold/style.css?ver=5.8.2 HTTP/2.0" 200 5846 "https://ja.tak-cslab.org/archives/1180" "Mozilla/5.0 (iPhone; CPU iPhone OS 14_8 like Mac OS X) AppleWebKit/605.1.15 (KHTML, like Gecko) Mobile/15E148 YJApp-IOS jp.co.yahoo.ipn.appli/4.52.0"
106.133.23.130 - - [09/Dec/2021:10:32:41 +0000] "GET /wp-includes/css/dist/block-library/style.min.css?ver=5.8.2 HTTP/2.0" 200 13704 "https://ja.tak-cslab.org/archives/1180" "Mozilla/5.0 (iPhone; CPU iPhone OS 14_8 like Mac OS X) AppleWebKit/605.1.15 (KHTML, like Gecko) Mobile/15E148 YJApp-IOS jp.co.yahoo.ipn.appli/4.52.0"
106.133.23.130 - - [09/Dec/2021:10:32:41 +0000] "GET /wp-content/plugins/native-lazyload/assets/js/lazyload.js HTTP/2.0" 200 1085 "https://ja.tak-cslab.org/archives/1180" "Mozilla/5.0 (iPhone; CPU iPhone OS 14_8 like Mac OS X) AppleWebKit/605.1.15 (KHTML, like Gecko) Mobile/15E148 YJApp-IOS jp.co.yahoo.ipn.appli/4.52.0"
106.133.23.130 - - [09/Dec/2021:10:33:03 +0000] "GET /wp-content/uploads/2021/06/%E3%82%B9%E3%82%AF%E3%83%AA%E3%83%BC%E3%83%B3%E3%82%B7%E3%83%A7%E3%83%83%E3%83%88-113.png HTTP/2.0" 200 15551 "https://ja.tak-cslab.org/archives/1180" "Mozilla/5.0 (iPhone; CPU iPhone OS 14_8 like Mac OS X) AppleWebKit/605.1.15 (KHTML, like Gecko) Mobile/15E148 YJApp-IOS jp.co.yahoo.ipn.appli/4.52.0"
106.133.23.130 - - [09/Dec/2021:10:33:03 +0000] "GET /wp-content/uploads/2021/06/%E3%82%B9%E3%82%AF%E3%83%AA%E3%83%BC%E3%83%B3%E3%82%B7%E3%83%A7%E3%83%83%E3%83%88-113-768x426.png HTTP/2.0" 200 186163 "https://ja.tak-cslab.org/archives/1180" "Mozilla/5.0 (iPhone; CPU iPhone OS 14_8 like Mac OS X) AppleWebKit/605.1.15 (KHTML, like Gecko) Mobile/15E148 YJApp-IOS jp.co.yahoo.ipn.appli/4.52.0"
216.245.221.83 - - [09/Dec/2021:10:33:29 +0000] "HEAD / HTTP/1.1" 301 0 "http://ja.tak-cslab.org/" "Mozilla/5.0+(compatible; UptimeRobot/2.0; http://www.uptimerobot.com/)"
216.245.221.83 - - [09/Dec/2021:10:33:29 +0000] "HEAD / HTTP/1.1" 200 0 "http://ja.tak-cslab.org/" "Mozilla/5.0+(compatible; UptimeRobot/2.0; http://www.uptimerobot.com/)"
3.86.55.66 - - [09/Dec/2021:10:33:42 +0000] "HEAD /feed HTTP/2.0" 200 0 "-" "Slackbot 1.0 (+https://api.slack.com/robots)"
54.224.72.73 - - [09/Dec/2021:10:33:43 +0000] "GET /feed HTTP/1.1" 200 54718 "-" "Slackbot 1.0 (+https://api.slack.com/robots)"
3.83.229.16 - - [09/Dec/2021:10:33:44 +0000] "GET / HTTP/1.1" 200 6223 "-" "Slackbot 1.0 (+https://api.slack.com/robots)"
114.119.128.202 - - [09/Dec/2021:10:33:45 +0000] "HEAD /wp-content/uploads/2021/08/meeting-space-1024x768.png HTTP/1.1" 200 0 "-" "Mozilla/5.0 (Windows NT 10.0; Win64; x64) AppleWebKit/537.36 (KHTML, like Gecko) Chrome/72.0.3009.69 Safari/537.36"
34.206.38.217 - - [09/Dec/2021:10:34:37 +0000] "GET /feed HTTP/1.1" 200 54710 "-" "Automate.io BOT"
109.187.43.135 - - [09/Dec/2021:10:35:57 +0000] "GET /archives/460/ HTTP/1.0" 301 162 "http://ja.tak-cslab.org/archives/460/" "Mozilla/5.0 (Windows NT 10.0; Win64; x64) AppleWebKit/537.36 (KHTML, like Gecko) Chrome/90.0.4430.85 Safari/537.36"
109.187.43.135 - - [09/Dec/2021:10:35:59 +0000] "GET /archives/460/ HTTP/1.0" 301 0 "https://ja.tak-cslab.org/archives/460/" "Mozilla/5.0 (Windows NT 10.0; Win64; x64) AppleWebKit/537.36 (KHTML, like Gecko) Chrome/90.0.4430.85 Safari/537.36"
109.187.43.135 - - [09/Dec/2021:10:36:01 +0000] "GET /archives/460 HTTP/1.0" 200 27795 "https://ja.tak-cslab.org/archives/460" "Mozilla/5.0 (Windows NT 10.0; Win64; x64) AppleWebKit/537.36 (KHTML, like Gecko) Chrome/90.0.4430.85 Safari/537.36"
216.245.221.83 - - [09/Dec/2021:10:38:29 +0000] "HEAD / HTTP/1.1" 301 0 "http://ja.tak-cslab.org/" "Mozilla/5.0+(compatible; UptimeRobot/2.0; http://www.uptimerobot.com/)"
216.245.221.83 - - [09/Dec/2021:10:38:29 +0000] "HEAD / HTTP/1.1" 200 0 "http://ja.tak-cslab.org/" "Mozilla/5.0+(compatible; UptimeRobot/2.0; http://www.uptimerobot.com/)"
34.206.38.217 - - [09/Dec/2021:10:39:38 +0000] "GET /feed HTTP/1.1" 200 54716 "-" "Automate.io BOT"
216.245.221.83 - - [09/Dec/2021:10:43:29 +0000] "HEAD / HTTP/1.1" 301 0 "http://ja.tak-cslab.org/" "Mozilla/5.0+(compatible; UptimeRobot/2.0; http://www.uptimerobot.com/)"
216.245.221.83 - - [09/Dec/2021:10:43:29 +0000] "HEAD / HTTP/1.1" 200 0 "http://ja.tak-cslab.org/" "Mozilla/5.0+(compatible; UptimeRobot/2.0; http://www.uptimerobot.com/)"
114.119.128.202 - - [09/Dec/2021:10:44:18 +0000] "HEAD /wp-content/uploads/2020/01/image-1-1024x523.png HTTP/1.1" 200 0 "-" "Mozilla/5.0 (Windows NT 10.0; Win64; x64) AppleWebKit/537.36 (KHTML, like Gecko) Chrome/72.0.410.107 Safari/537.36"
34.206.38.217 - - [09/Dec/2021:10:44:37 +0000] "GET /feed HTTP/1.1" 200 54716 "-" "Automate.io BOT"
216.245.221.83 - - [09/Dec/2021:10:48:29 +0000] "HEAD / HTTP/1.1" 301 0 "http://ja.tak-cslab.org/" "Mozilla/5.0+(compatible; UptimeRobot/2.0; http://www.uptimerobot.com/)"
216.245.221.83 - - [09/Dec/2021:10:48:29 +0000] "HEAD / HTTP/1.1" 200 0 "http://ja.tak-cslab.org/" "Mozilla/5.0+(compatible; UptimeRobot/2.0; http://www.uptimerobot.com/)"
157.90.209.76 - - [09/Dec/2021:10:48:55 +0000] "GET /robots.txt HTTP/1.1" 301 162 "-" "Mozilla/5.0 (compatible; BLEXBot/1.0; +http://webmeup-crawler.com/)"
157.90.209.76 - - [09/Dec/2021:10:48:56 +0000] "GET /robots.txt HTTP/1.1" 200 123 "-" "Mozilla/5.0 (compatible; BLEXBot/1.0; +http://webmeup-crawler.com/)"
157.90.209.76 - - [09/Dec/2021:10:48:57 +0000] "GET /10gin_cds1?redirect_to=https://ja.tak-cslab.org/archives/650 HTTP/1.1" 200 4551 "-" "Mozilla/5.0 (compatible; BLEXBot/1.0; +http://webmeup-crawler.com/)"
157.90.209.76 - - [09/Dec/2021:10:49:29 +0000] "GET /10gin_cds1?redirect_to=https://ja.tak-cslab.org/archives/653 HTTP/1.1" 200 4552 "-" "Mozilla/5.0 (compatible; BLEXBot/1.0; +http://webmeup-crawler.com/)"
157.90.209.76 - - [09/Dec/2021:10:50:00 +0000] "GET /10gin_cds1?redirect_to=https://ja.tak-cslab.org/archives/692 HTTP/1.1" 200 4550 "-" "Mozilla/5.0 (compatible; BLEXBot/1.0; +http://webmeup-crawler.com/)"
157.90.209.76 - - [09/Dec/2021:10:50:28 +0000] "GET /10gin_cds1?redirect_to=https://ja.tak-cslab.org/archives/716 HTTP/1.1" 200 4549 "-" "Mozilla/5.0 (compatible; BLEXBot/1.0; +http://webmeup-crawler.com/)"
157.90.209.76 - - [09/Dec/2021:10:50:55 +0000] "GET /10gin_cds1?redirect_to=https://ja.tak-cslab.org/archives/721 HTTP/1.1" 200 4548 "-" "Mozilla/5.0 (compatible; BLEXBot/1.0; +http://webmeup-crawler.com/)"
157.90.209.76 - - [09/Dec/2021:10:51:32 +0000] "GET /10gin_cds1?redirect_to=https://ja.tak-cslab.org/archives/723 HTTP/1.1" 200 4550 "-" "Mozilla/5.0 (compatible; BLEXBot/1.0; +http://webmeup-crawler.com/)"
157.90.209.76 - - [09/Dec/2021:10:52:08 +0000] "GET /10gin_cds1?redirect_to=https://ja.tak-cslab.org/archives/734 HTTP/1.1" 200 4551 "-" "Mozilla/5.0 (compatible; BLEXBot/1.0; +http://webmeup-crawler.com/)"
157.90.209.76 - - [09/Dec/2021:10:52:43 +0000] "GET /10gin_cds1?redirect_to=https://ja.tak-cslab.org/archives/737 HTTP/1.1" 200 4551 "-" "Mozilla/5.0 (compatible; BLEXBot/1.0; +http://webmeup-crawler.com/)"
157.90.209.76 - - [09/Dec/2021:10:53:19 +0000] "GET /10gin_cds1?redirect_to=https://ja.tak-cslab.org/archives/742 HTTP/1.1" 200 4550 "-" "Mozilla/5.0 (compatible; BLEXBot/1.0; +http://webmeup-crawler.com/)"
216.245.221.83 - - [09/Dec/2021:10:53:29 +0000] "HEAD / HTTP/1.1" 301 0 "http://ja.tak-cslab.org/" "Mozilla/5.0+(compatible; UptimeRobot/2.0; http://www.uptimerobot.com/)"
216.245.221.83 - - [09/Dec/2021:10:53:29 +0000] "HEAD / HTTP/1.1" 200 0 "http://ja.tak-cslab.org/" "Mozilla/5.0+(compatible; UptimeRobot/2.0; http://www.uptimerobot.com/)"
54.210.236.2 - - [09/Dec/2021:10:53:40 +0000] "HEAD /feed HTTP/2.0" 200 0 "-" "Slackbot 1.0 (+https://api.slack.com/robots)"
3.92.160.134 - - [09/Dec/2021:10:53:40 +0000] "GET /feed HTTP/1.1" 200 54716 "-" "Slackbot 1.0 (+https://api.slack.com/robots)"
100.26.148.110 - - [09/Dec/2021:10:53:41 +0000] "GET / HTTP/1.1" 200 6215 "-" "Slackbot 1.0 (+https://api.slack.com/robots)"
157.90.209.76 - - [09/Dec/2021:10:53:49 +0000] "GET /10gin_cds1?redirect_to=https://ja.tak-cslab.org/archives/750 HTTP/1.1" 200 4550 "-" "Mozilla/5.0 (compatible; BLEXBot/1.0; +http://webmeup-crawler.com/)"
157.90.209.76 - - [09/Dec/2021:10:54:18 +0000] "GET /10gin_cds1?redirect_to=https://ja.tak-cslab.org/archives/754 HTTP/1.1" 200 4551 "-" "Mozilla/5.0 (compatible; BLEXBot/1.0; +http://webmeup-crawler.com/)"
34.206.38.217 - - [09/Dec/2021:10:54:37 +0000] "GET /feed HTTP/1.1" 200 54716 "-" "Automate.io BOT"
157.90.209.76 - - [09/Dec/2021:10:54:51 +0000] "GET /10gin_cds1?redirect_to=https://ja.tak-cslab.org/archives/759 HTTP/1.1" 200 4548 "-" "Mozilla/5.0 (compatible; BLEXBot/1.0; +http://webmeup-crawler.com/)"
157.90.209.76 - - [09/Dec/2021:10:55:29 +0000] "GET /10gin_cds1?redirect_to=https://ja.tak-cslab.org/archives/766 HTTP/1.1" 200 4550 "-" "Mozilla/5.0 (compatible; BLEXBot/1.0; +http://webmeup-crawler.com/)"
157.90.209.76 - - [09/Dec/2021:10:55:59 +0000] "GET /10gin_cds1?redirect_to=https://ja.tak-cslab.org/archives/770 HTTP/1.1" 200 4551 "-" "Mozilla/5.0 (compatible; BLEXBot/1.0; +http://webmeup-crawler.com/)"
157.90.209.76 - - [09/Dec/2021:10:56:30 +0000] "GET /10gin_cds1?redirect_to=https://ja.tak-cslab.org/archives/774 HTTP/1.1" 200 4551 "-" "Mozilla/5.0 (compatible; BLEXBot/1.0; +http://webmeup-crawler.com/)"
157.90.209.76 - - [09/Dec/2021:10:57:03 +0000] "GET /10gin_cds1?redirect_to=https://ja.tak-cslab.org/archives/780 HTTP/1.1" 200 4550 "-" "Mozilla/5.0 (compatible; BLEXBot/1.0; +http://webmeup-crawler.com/)"
157.90.209.76 - - [09/Dec/2021:10:57:40 +0000] "GET /10gin_cds1?redirect_to=https://ja.tak-cslab.org/archives/797 HTTP/1.1" 200 4550 "-" "Mozilla/5.0 (compatible; BLEXBot/1.0; +http://webmeup-crawler.com/)"
157.90.209.76 - - [09/Dec/2021:10:58:16 +0000] "GET /10gin_cds1?redirect_to=https://ja.tak-cslab.org/archives/802 HTTP/1.1" 200 4550 "-" "Mozilla/5.0 (compatible; BLEXBot/1.0; +http://webmeup-crawler.com/)"
216.245.221.83 - - [09/Dec/2021:10:58:29 +0000] "HEAD / HTTP/1.1" 301 0 "http://ja.tak-cslab.org/" "Mozilla/5.0+(compatible; UptimeRobot/2.0; http://www.uptimerobot.com/)"
216.245.221.83 - - [09/Dec/2021:10:58:29 +0000] "HEAD / HTTP/1.1" 200 0 "http://ja.tak-cslab.org/" "Mozilla/5.0+(compatible; UptimeRobot/2.0; http://www.uptimerobot.com/)"
157.90.209.76 - - [09/Dec/2021:10:58:49 +0000] "GET /10gin_cds1?redirect_to=https://ja.tak-cslab.org/archives/805 HTTP/1.1" 200 4550 "-" "Mozilla/5.0 (compatible; BLEXBot/1.0; +http://webmeup-crawler.com/)"
157.90.209.76 - - [09/Dec/2021:10:59:26 +0000] "GET /robots.txt HTTP/1.1" 301 162 "-" "Mozilla/5.0 (compatible; BLEXBot/1.0; +http://webmeup-crawler.com/)"
157.90.209.76 - - [09/Dec/2021:10:59:26 +0000] "GET /robots.txt HTTP/1.1" 200 123 "-" "Mozilla/5.0 (compatible; BLEXBot/1.0; +http://webmeup-crawler.com/)"
157.90.209.76 - - [09/Dec/2021:10:59:27 +0000] "GET /10gin_cds1?redirect_to=https://ja.tak-cslab.org/archives/841 HTTP/1.1" 200 4541 "-" "Mozilla/5.0 (compatible; BLEXBot/1.0; +http://webmeup-crawler.com/)"
157.90.209.76 - - [09/Dec/2021:10:59:56 +0000] "GET /10gin_cds1?redirect_to=https://ja.tak-cslab.org/archives/848 HTTP/1.1" 200 4551 "-" "Mozilla/5.0 (compatible; BLEXBot/1.0; +http://webmeup-crawler.com/)"
157.90.209.76 - - [09/Dec/2021:11:00:36 +0000] "GET /10gin_cds1?redirect_to=https://ja.tak-cslab.org/archives/859 HTTP/1.1" 200 4550 "-" "Mozilla/5.0 (compatible; BLEXBot/1.0; +http://webmeup-crawler.com/)"
157.90.209.76 - - [09/Dec/2021:11:01:32 +0000] "GET /10gin_cds1?redirect_to=https://ja.tak-cslab.org/archives/881 HTTP/1.1" 200 4547 "-" "Mozilla/5.0 (compatible; BLEXBot/1.0; +http://webmeup-crawler.com/)"
157.90.209.76 - - [09/Dec/2021:11:02:07 +0000] "GET /10gin_cds1?redirect_to=https://ja.tak-cslab.org/archives/889 HTTP/1.1" 200 4543 "-" "Mozilla/5.0 (compatible; BLEXBot/1.0; +http://webmeup-crawler.com/)"
163.215.6.1 - - [09/Dec/2021:11:02:33 +0000] "POST /wp-cron.php?doing_wp_cron=1639047752.9821379184722900390625 HTTP/1.1" 200 31 "https://ja.tak-cslab.org/wp-cron.php?doing_wp_cron=1639047752.9821379184722900390625" "WordPress/5.8.2; https://ja.tak-cslab.org"
66.249.79.159 - - [09/Dec/2021:11:02:33 +0000] "GET /about/facility HTTP/1.1" 200 5372 "-" "Mozilla/5.0 (Linux; Android 6.0.1; Nexus 5X Build/MMB29P) AppleWebKit/537.36 (KHTML, like Gecko) Chrome/96.0.4664.45 Mobile Safari/537.36 (compatible; Googlebot/2.1; +http://www.google.com/bot.html)"
66.249.79.159 - - [09/Dec/2021:11:02:37 +0000] "GET /wp-content/themes/scaffold/assets/js/navigation.js?ver=1.3.1 HTTP/1.1" 200 1278 "https://ja.tak-cslab.org/about/facility" "Mozilla/5.0 (Linux; Android 6.0.1; Nexus 5X Build/MMB29P) AppleWebKit/537.36 (KHTML, like Gecko) Chrome/96.0.4664.45 Mobile Safari/537.36 (compatible; Googlebot/2.1; +http://www.google.com/bot.html)"
157.90.209.76 - - [09/Dec/2021:11:02:38 +0000] "GET /10gin_cds1?redirect_to=https://ja.tak-cslab.org/archives/896 HTTP/1.1" 200 4550 "-" "Mozilla/5.0 (compatible; BLEXBot/1.0; +http://webmeup-crawler.com/)"
157.90.209.76 - - [09/Dec/2021:11:03:12 +0000] "GET /10gin_cds1?redirect_to=https://ja.tak-cslab.org/archives/901 HTTP/1.1" 200 4547 "-" "Mozilla/5.0 (compatible; BLEXBot/1.0; +http://webmeup-crawler.com/)"
216.245.221.83 - - [09/Dec/2021:11:03:29 +0000] "HEAD / HTTP/1.1" 301 0 "http://ja.tak-cslab.org/" "Mozilla/5.0+(compatible; UptimeRobot/2.0; http://www.uptimerobot.com/)"
216.245.221.83 - - [09/Dec/2021:11:03:29 +0000] "HEAD / HTTP/1.1" 200 0 "http://ja.tak-cslab.org/" "Mozilla/5.0+(compatible; UptimeRobot/2.0; http://www.uptimerobot.com/)"
157.90.209.76 - - [09/Dec/2021:11:03:52 +0000] "GET /10gin_cds1?redirect_to=https://ja.tak-cslab.org/archives/935 HTTP/1.1" 200 4549 "-" "Mozilla/5.0 (compatible; BLEXBot/1.0; +http://webmeup-crawler.com/)"
157.90.209.76 - - [09/Dec/2021:11:04:23 +0000] "GET /10gin_cds1?redirect_to=https://ja.tak-cslab.org/archives/980 HTTP/1.1" 200 4550 "-" "Mozilla/5.0 (compatible; BLEXBot/1.0; +http://webmeup-crawler.com/)"
34.206.38.217 - - [09/Dec/2021:11:04:37 +0000] "GET /feed HTTP/1.1" 200 54718 "-" "Automate.io BOT"
157.90.209.76 - - [09/Dec/2021:11:04:55 +0000] "GET /10gin_cds1?redirect_to=https://ja.tak-cslab.org/archives/989 HTTP/1.1" 200 4549 "-" "Mozilla/5.0 (compatible; BLEXBot/1.0; +http://webmeup-crawler.com/)"
157.90.209.76 - - [09/Dec/2021:11:05:38 +0000] "GET /10gin_cds1?redirect_to=https://ja.tak-cslab.org/archives/993 HTTP/1.1" 200 4550 "-" "Mozilla/5.0 (compatible; BLEXBot/1.0; +http://webmeup-crawler.com/)"
66.249.79.159 - - [09/Dec/2021:11:05:59 +0000] "GET /wp-content/uploads/2020/09/Screen-Shot-2020-09-09-at-15.14.44-1024x630.png HTTP/1.1" 200 426428 "-" "Googlebot-Image/1.0"
157.90.209.76 - - [09/Dec/2021:11:06:13 +0000] "GET /10gin_cds1?redirect_to=https://ja.tak-cslab.org/archives/999 HTTP/1.1" 200 4550 "-" "Mozilla/5.0 (compatible; BLEXBot/1.0; +http://webmeup-crawler.com/)"
157.90.209.76 - - [09/Dec/2021:11:06:45 +0000] "GET /archives/320 HTTP/1.1" 200 6845 "-" "Mozilla/5.0 (compatible; BLEXBot/1.0; +http://webmeup-crawler.com/)"
157.90.209.76 - - [09/Dec/2021:11:07:11 +0000] "GET /archives/390 HTTP/1.1" 200 7011 "-" "Mozilla/5.0 (compatible; BLEXBot/1.0; +http://webmeup-crawler.com/)"
157.90.209.76 - - [09/Dec/2021:11:07:45 +0000] "GET /archives/394 HTTP/1.1" 200 10709 "-" "Mozilla/5.0 (compatible; BLEXBot/1.0; +http://webmeup-crawler.com/)"
40.77.167.66 - - [09/Dec/2021:11:08:01 +0000] "GET /archives/1484 HTTP/2.0" 200 7619 "-" "Mozilla/5.0 (compatible; bingbot/2.0; +http://www.bing.com/bingbot.htm)"
157.90.209.76 - - [09/Dec/2021:11:08:17 +0000] "GET /tags/%E5%90%88%E5%90%8C%E7%A0%94%E7%A9%B6%E7%99%BA%E8%A1%A8%E4%BC%9A HTTP/1.1" 200 6737 "-" "Mozilla/5.0 (compatible; BLEXBot/1.0; +http://webmeup-crawler.com/)"
40.77.167.44 - - [09/Dec/2021:11:08:20 +0000] "GET /wp-content/themes/scaffold/assets/js/navigation.js?ver=1.3.1 HTTP/2.0" 200 1266 "-" "Mozilla/5.0 (compatible; bingbot/2.0; +http://www.bing.com/bingbot.htm)"
216.245.221.83 - - [09/Dec/2021:11:08:29 +0000] "HEAD / HTTP/1.1" 301 0 "http://ja.tak-cslab.org/" "Mozilla/5.0+(compatible; UptimeRobot/2.0; http://www.uptimerobot.com/)"
216.245.221.83 - - [09/Dec/2021:11:08:29 +0000] "HEAD / HTTP/1.1" 200 0 "http://ja.tak-cslab.org/" "Mozilla/5.0+(compatible; UptimeRobot/2.0; http://www.uptimerobot.com/)"
157.90.209.76 - - [09/Dec/2021:11:08:52 +0000] "GET /tags/%E6%9D%B1%E4%BA%AC%E5%A5%B3%E5%AD%90%E5%A4%A7%E5%AD%A6 HTTP/1.1" 200 6120 "-" "Mozilla/5.0 (compatible; BLEXBot/1.0; +http://webmeup-crawler.com/)"
157.90.209.76 - - [09/Dec/2021:11:09:22 +0000] "GET /tags/include-directive HTTP/1.1" 200 6562 "-" "Mozilla/5.0 (compatible; BLEXBot/1.0; +http://webmeup-crawler.com/)"
34.206.38.217 - - [09/Dec/2021:11:09:38 +0000] "GET /feed HTTP/1.1" 200 54718 "-" "Automate.io BOT"
157.90.209.76 - - [09/Dec/2021:11:09:53 +0000] "GET /robots.txt HTTP/1.1" 301 162 "-" "Mozilla/5.0 (compatible; BLEXBot/1.0; +http://webmeup-crawler.com/)"
157.90.209.76 - - [09/Dec/2021:11:09:54 +0000] "GET /robots.txt HTTP/1.1" 200 123 "-" "Mozilla/5.0 (compatible; BLEXBot/1.0; +http://webmeup-crawler.com/)"
157.90.209.76 - - [09/Dec/2021:11:09:54 +0000] "GET /tags/iot HTTP/1.1" 200 5848 "-" "Mozilla/5.0 (compatible; BLEXBot/1.0; +http://webmeup-crawler.com/)"
157.90.209.76 - - [09/Dec/2021:11:10:35 +0000] "GET /tags/openssh HTTP/1.1" 200 6550 "-" "Mozilla/5.0 (compatible; BLEXBot/1.0; +http://webmeup-crawler.com/)"
157.90.209.76 - - [09/Dec/2021:11:11:07 +0000] "GET /tags/remote-development HTTP/1.1" 200 6559 "-" "Mozilla/5.0 (compatible; BLEXBot/1.0; +http://webmeup-crawler.com/)"
157.90.209.76 - - [09/Dec/2021:11:11:39 +0000] "GET /tags/remote-ssh HTTP/1.1" 200 6562 "-" "Mozilla/5.0 (compatible; BLEXBot/1.0; +http://webmeup-crawler.com/)"
157.90.209.76 - - [09/Dec/2021:11:12:06 +0000] "GET /tags/ssh HTTP/1.1" 200 6557 "-" "Mozilla/5.0 (compatible; BLEXBot/1.0; +http://webmeup-crawler.com/)"
157.90.209.76 - - [09/Dec/2021:11:12:39 +0000] "GET /tags/ssh_config HTTP/1.1" 200 6568 "-" "Mozilla/5.0 (compatible; BLEXBot/1.0; +http://webmeup-crawler.com/)"
157.90.209.76 - - [09/Dec/2021:11:13:10 +0000] "GET /tags/visual-stdio-code HTTP/1.1" 200 6559 "-" "Mozilla/5.0 (compatible; BLEXBot/1.0; +http://webmeup-crawler.com/)"
216.245.221.83 - - [09/Dec/2021:11:13:29 +0000] "HEAD / HTTP/1.1" 301 0 "http://ja.tak-cslab.org/" "Mozilla/5.0+(compatible; UptimeRobot/2.0; http://www.uptimerobot.com/)"
216.245.221.83 - - [09/Dec/2021:11:13:29 +0000] "HEAD / HTTP/1.1" 200 0 "http://ja.tak-cslab.org/" "Mozilla/5.0+(compatible; UptimeRobot/2.0; http://www.uptimerobot.com/)"
157.90.209.76 - - [09/Dec/2021:11:13:40 +0000] "GET /tags/vscode HTTP/1.1" 200 6550 "-" "Mozilla/5.0 (compatible; BLEXBot/1.0; +http://webmeup-crawler.com/)"
54.89.185.161 - - [09/Dec/2021:11:13:44 +0000] "HEAD /feed HTTP/2.0" 200 0 "-" "Slackbot 1.0 (+https://api.slack.com/robots)"
100.26.148.110 - - [09/Dec/2021:11:13:44 +0000] "GET /feed HTTP/1.1" 200 54711 "-" "Slackbot 1.0 (+https://api.slack.com/robots)"
54.237.173.206 - - [09/Dec/2021:11:13:45 +0000] "GET / HTTP/1.1" 200 6223 "-" "Slackbot 1.0 (+https://api.slack.com/robots)"
34.206.38.217 - - [09/Dec/2021:11:14:37 +0000] "GET /feed HTTP/1.1" 200 54716 "-" "Automate.io BOT"
216.245.221.83 - - [09/Dec/2021:11:18:29 +0000] "HEAD / HTTP/1.1" 301 0 "http://ja.tak-cslab.org/" "Mozilla/5.0+(compatible; UptimeRobot/2.0; http://www.uptimerobot.com/)"
163.215.6.1 - - [09/Dec/2021:11:18:29 +0000] "POST /wp-cron.php?doing_wp_cron=1639048709.6375300884246826171875 HTTP/1.1" 200 31 "https://ja.tak-cslab.org/wp-cron.php?doing_wp_cron=1639048709.6375300884246826171875" "WordPress/5.8.2; https://ja.tak-cslab.org"
216.245.221.83 - - [09/Dec/2021:11:18:29 +0000] "HEAD / HTTP/1.1" 200 0 "http://ja.tak-cslab.org/" "Mozilla/5.0+(compatible; UptimeRobot/2.0; http://www.uptimerobot.com/)"
34.206.38.217 - - [09/Dec/2021:11:19:38 +0000] "GET /feed HTTP/1.1" 200 54716 "-" "Automate.io BOT"
216.245.221.83 - - [09/Dec/2021:11:23:29 +0000] "HEAD / HTTP/1.1" 301 0 "http://ja.tak-cslab.org/" "Mozilla/5.0+(compatible; UptimeRobot/2.0; http://www.uptimerobot.com/)"
216.245.221.83 - - [09/Dec/2021:11:23:29 +0000] "HEAD / HTTP/1.1" 200 0 "http://ja.tak-cslab.org/" "Mozilla/5.0+(compatible; UptimeRobot/2.0; http://www.uptimerobot.com/)"
34.206.38.217 - - [09/Dec/2021:11:24:38 +0000] "GET /feed HTTP/1.1" 200 54711 "-" "Automate.io BOT"
216.245.221.83 - - [09/Dec/2021:11:28:29 +0000] "HEAD / HTTP/1.1" 301 0 "http://ja.tak-cslab.org/" "Mozilla/5.0+(compatible; UptimeRobot/2.0; http://www.uptimerobot.com/)"
216.245.221.83 - - [09/Dec/2021:11:28:29 +0000] "HEAD / HTTP/1.1" 200 0 "http://ja.tak-cslab.org/" "Mozilla/5.0+(compatible; UptimeRobot/2.0; http://www.uptimerobot.com/)"
34.206.38.217 - - [09/Dec/2021:11:29:37 +0000] "GET /feed HTTP/1.1" 200 54709 "-" "Automate.io BOT"
66.249.79.129 - - [09/Dec/2021:11:32:32 +0000] "GET /archives/1015 HTTP/1.1" 200 7385 "-" "Mozilla/5.0 (compatible; Googlebot/2.1; +http://www.google.com/bot.html)"
66.249.79.159 - - [09/Dec/2021:11:32:38 +0000] "GET /wp-content/themes/scaffold/assets/js/navigation.js?ver=1.3.1 HTTP/1.1" 200 1278 "https://ja.tak-cslab.org/archives/1015" "Mozilla/5.0 AppleWebKit/537.36 (KHTML, like Gecko; compatible; Googlebot/2.1; +http://www.google.com/bot.html) Chrome/96.0.4664.45 Safari/537.36"
216.245.221.83 - - [09/Dec/2021:11:33:29 +0000] "HEAD / HTTP/1.1" 301 0 "http://ja.tak-cslab.org/" "Mozilla/5.0+(compatible; UptimeRobot/2.0; http://www.uptimerobot.com/)"
216.245.221.83 - - [09/Dec/2021:11:33:29 +0000] "HEAD / HTTP/1.1" 200 0 "http://ja.tak-cslab.org/" "Mozilla/5.0+(compatible; UptimeRobot/2.0; http://www.uptimerobot.com/)"
54.224.186.77 - - [09/Dec/2021:11:33:41 +0000] "HEAD /feed HTTP/2.0" 200 0 "-" "Slackbot 1.0 (+https://api.slack.com/robots)"
54.166.111.246 - - [09/Dec/2021:11:33:42 +0000] "GET /feed HTTP/1.1" 200 54718 "-" "Slackbot 1.0 (+https://api.slack.com/robots)"
54.152.200.114 - - [09/Dec/2021:11:33:43 +0000] "GET / HTTP/1.1" 200 6215 "-" "Slackbot 1.0 (+https://api.slack.com/robots)"
34.206.38.217 - - [09/Dec/2021:11:34:38 +0000] "GET /feed HTTP/1.1" 200 54716 "-" "Automate.io BOT"
207.46.13.85 - - [09/Dec/2021:11:36:42 +0000] "GET /wp-content/uploads/2020/12/79c88101a9c403279aeedc67586221c07ebaed06-1040x525.png HTTP/2.0" 200 195313 "-" "Mozilla/5.0 (compatible; bingbot/2.0; +http://www.bing.com/bingbot.htm)"
207.46.13.41 - - [09/Dec/2021:11:38:04 +0000] "GET /tags/ssh HTTP/2.0" 200 6530 "-" "Mozilla/5.0 (compatible; bingbot/2.0; +http://www.bing.com/bingbot.htm)"
51.222.253.7 - - [09/Dec/2021:11:38:08 +0000] "GET /?page_id=204 HTTP/2.0" 301 0 "-" "Mozilla/5.0 (compatible; AhrefsBot/7.0; +http://ahrefs.com/robot/)"
216.245.221.83 - - [09/Dec/2021:11:38:29 +0000] "HEAD / HTTP/1.1" 301 0 "http://ja.tak-cslab.org/" "Mozilla/5.0+(compatible; UptimeRobot/2.0; http://www.uptimerobot.com/)"
216.245.221.83 - - [09/Dec/2021:11:38:29 +0000] "HEAD / HTTP/1.1" 200 0 "http://ja.tak-cslab.org/" "Mozilla/5.0+(compatible; UptimeRobot/2.0; http://www.uptimerobot.com/)"
34.206.38.217 - - [09/Dec/2021:11:39:37 +0000] "GET /feed HTTP/1.1" 200 54718 "-" "Automate.io BOT"
40.77.167.53 - - [09/Dec/2021:11:40:06 +0000] "GET /wp-content/uploads/2020/07/bft1-2-768x487.png HTTP/2.0" 200 159639 "-" "Mozilla/5.0 (compatible; bingbot/2.0; +http://www.bing.com/bingbot.htm)"
216.245.221.83 - - [09/Dec/2021:11:43:29 +0000] "HEAD / HTTP/1.1" 301 0 "http://ja.tak-cslab.org/" "Mozilla/5.0+(compatible; UptimeRobot/2.0; http://www.uptimerobot.com/)"
216.245.221.83 - - [09/Dec/2021:11:43:29 +0000] "HEAD / HTTP/1.1" 200 0 "http://ja.tak-cslab.org/" "Mozilla/5.0+(compatible; UptimeRobot/2.0; http://www.uptimerobot.com/)"
34.206.38.217 - - [09/Dec/2021:11:44:38 +0000] "GET /feed HTTP/1.1" 200 54716 "-" "Automate.io BOT"
216.245.221.83 - - [09/Dec/2021:11:48:29 +0000] "HEAD / HTTP/1.1" 301 0 "http://ja.tak-cslab.org/" "Mozilla/5.0+(compatible; UptimeRobot/2.0; http://www.uptimerobot.com/)"
216.245.221.83 - - [09/Dec/2021:11:48:29 +0000] "HEAD / HTTP/1.1" 200 0 "http://ja.tak-cslab.org/" "Mozilla/5.0+(compatible; UptimeRobot/2.0; http://www.uptimerobot.com/)"
34.206.38.217 - - [09/Dec/2021:11:49:38 +0000] "GET /feed HTTP/1.1" 200 54716 "-" "Automate.io BOT"
216.245.221.83 - - [09/Dec/2021:11:53:29 +0000] "HEAD / HTTP/1.1" 301 0 "http://ja.tak-cslab.org/" "Mozilla/5.0+(compatible; UptimeRobot/2.0; http://www.uptimerobot.com/)"
216.245.221.83 - - [09/Dec/2021:11:53:29 +0000] "HEAD / HTTP/1.1" 200 0 "http://ja.tak-cslab.org/" "Mozilla/5.0+(compatible; UptimeRobot/2.0; http://www.uptimerobot.com/)"
34.229.117.0 - - [09/Dec/2021:11:53:41 +0000] "HEAD /feed HTTP/2.0" 200 0 "-" "Slackbot 1.0 (+https://api.slack.com/robots)"
3.82.222.104 - - [09/Dec/2021:11:53:42 +0000] "GET /feed HTTP/1.1" 200 54716 "-" "Slackbot 1.0 (+https://api.slack.com/robots)"
3.234.216.171 - - [09/Dec/2021:11:53:43 +0000] "GET / HTTP/1.1" 200 6223 "-" "Slackbot 1.0 (+https://api.slack.com/robots)"
34.206.38.217 - - [09/Dec/2021:11:54:37 +0000] "GET /feed HTTP/1.1" 200 54711 "-" "Automate.io BOT"
216.245.221.83 - - [09/Dec/2021:11:58:29 +0000] "HEAD / HTTP/1.1" 301 0 "http://ja.tak-cslab.org/" "Mozilla/5.0+(compatible; UptimeRobot/2.0; http://www.uptimerobot.com/)"
216.245.221.83 - - [09/Dec/2021:11:58:29 +0000] "HEAD / HTTP/1.1" 200 0 "http://ja.tak-cslab.org/" "Mozilla/5.0+(compatible; UptimeRobot/2.0; http://www.uptimerobot.com/)"
163.215.6.1 - - [09/Dec/2021:12:02:33 +0000] "POST /wp-cron.php?doing_wp_cron=1639051353.1926059722900390625000 HTTP/1.1" 200 31 "https://ja.tak-cslab.org/wp-cron.php?doing_wp_cron=1639051353.1926059722900390625000" "WordPress/5.8.2; https://ja.tak-cslab.org"
66.249.79.159 - - [09/Dec/2021:12:02:33 +0000] "GET /archives/1049 HTTP/1.1" 200 8594 "-" "Mozilla/5.0 (Linux; Android 6.0.1; Nexus 5X Build/MMB29P) AppleWebKit/537.36 (KHTML, like Gecko) Chrome/96.0.4664.45 Mobile Safari/537.36 (compatible; Googlebot/2.1; +http://www.google.com/bot.html)"
216.245.221.83 - - [09/Dec/2021:12:03:29 +0000] "HEAD / HTTP/1.1" 301 0 "http://ja.tak-cslab.org/" "Mozilla/5.0+(compatible; UptimeRobot/2.0; http://www.uptimerobot.com/)"
216.245.221.83 - - [09/Dec/2021:12:03:29 +0000] "HEAD / HTTP/1.1" 200 0 "http://ja.tak-cslab.org/" "Mozilla/5.0+(compatible; UptimeRobot/2.0; http://www.uptimerobot.com/)"
34.206.38.217 - - [09/Dec/2021:12:04:38 +0000] "GET /feed HTTP/1.1" 200 54718 "-" "Automate.io BOT"
216.245.221.83 - - [09/Dec/2021:12:08:29 +0000] "HEAD / HTTP/1.1" 301 0 "http://ja.tak-cslab.org/" "Mozilla/5.0+(compatible; UptimeRobot/2.0; http://www.uptimerobot.com/)"
216.245.221.83 - - [09/Dec/2021:12:08:29 +0000] "HEAD / HTTP/1.1" 200 0 "http://ja.tak-cslab.org/" "Mozilla/5.0+(compatible; UptimeRobot/2.0; http://www.uptimerobot.com/)"
216.245.221.83 - - [09/Dec/2021:12:13:29 +0000] "HEAD / HTTP/1.1" 301 0 "http://ja.tak-cslab.org/" "Mozilla/5.0+(compatible; UptimeRobot/2.0; http://www.uptimerobot.com/)"
216.245.221.83 - - [09/Dec/2021:12:13:29 +0000] "HEAD / HTTP/1.1" 200 0 "http://ja.tak-cslab.org/" "Mozilla/5.0+(compatible; UptimeRobot/2.0; http://www.uptimerobot.com/)"
54.166.111.246 - - [09/Dec/2021:12:13:38 +0000] "HEAD /feed HTTP/2.0" 200 0 "-" "Slackbot 1.0 (+https://api.slack.com/robots)"
3.238.36.216 - - [09/Dec/2021:12:13:39 +0000] "GET /feed HTTP/1.1" 200 54716 "-" "Slackbot 1.0 (+https://api.slack.com/robots)"
3.235.178.22 - - [09/Dec/2021:12:13:40 +0000] "GET / HTTP/1.1" 200 6215 "-" "Slackbot 1.0 (+https://api.slack.com/robots)"
34.206.38.217 - - [09/Dec/2021:12:14:40 +0000] "GET /feed HTTP/1.1" 200 54718 "-" "Automate.io BOT"
207.46.13.85 - - [09/Dec/2021:12:15:55 +0000] "GET /wp-content/uploads/2020/06/dd99e2645f071f243eeffc37319b6136.png HTTP/2.0" 200 48501 "-" "Mozilla/5.0 (compatible; bingbot/2.0; +http://www.bing.com/bingbot.htm)"
106.75.173.120 - - [09/Dec/2021:12:16:39 +0000] "GET / HTTP/1.1" 200 22007 "-" "Mozilla/5.0 (Windows NT 6.1) AppleWebKit/537.36 (KHTML, like Gecko) Chrome/49.0.2623.112 Safari/537.36"
106.75.173.120 - - [09/Dec/2021:12:16:39 +0000] "GET /favicon.ico HTTP/1.1" 302 5 "-" "Mozilla/5.0 (Windows NT 6.1) AppleWebKit/537.36 (KHTML, like Gecko) Chrome/49.0.2623.112 Safari/537.36"
106.75.173.120 - - [09/Dec/2021:12:16:40 +0000] "GET /wp-includes/images/w-logo-blue-white-bg.png HTTP/1.1" 200 4119 "https://ja.tak-cslab.org/favicon.ico" "Mozilla/5.0 (Windows NT 6.1) AppleWebKit/537.36 (KHTML, like Gecko) Chrome/49.0.2623.112 Safari/537.36"
106.75.173.120 - - [09/Dec/2021:12:16:40 +0000] "GET /wp-content/themes/scaffold/assets/js/navigation.js?ver=1.3.1 HTTP/1.1" 200 3124 "-" "Mozilla/5.0 (Windows NT 6.1) AppleWebKit/537.36 (KHTML, like Gecko) Chrome/49.0.2623.112 Safari/537.36"
106.75.173.120 - - [09/Dec/2021:12:16:41 +0000] "GET /wp-includes/js/wp-embed.min.js?ver=5.8.2 HTTP/1.1" 200 1426 "-" "Mozilla/5.0 (Windows NT 6.1) AppleWebKit/537.36 (KHTML, like Gecko) Chrome/49.0.2623.112 Safari/537.36"
