163.215.6.1 - - [01/Dec/2021:05:54:10 +0000] "GET /wp-includes/js/dist/vendor/react-dom.min.js?ver=16.13.1 HTTP/2.0" 200 44586 "https://ja.tak-cslab.org/wp-admin/post-new.php" "Mozilla/5.0 (Windows NT 10.0; Win64; x64) AppleWebKit/537.36 (KHTML, like Gecko) Chrome/96.0.4664.45 Safari/537.36"
163.215.6.1 - - [01/Dec/2021:05:54:10 +0000] "GET /wp-includes/js/dist/blocks.min.js?ver=7ed7fe32dad771c4e0af4f56539ff156 HTTP/2.0" 200 55554 "https://ja.tak-cslab.org/wp-admin/post-new.php" "Mozilla/5.0 (Windows NT 10.0; Win64; x64) AppleWebKit/537.36 (KHTML, like Gecko) Chrome/96.0.4664.45 Safari/537.36"
163.215.6.1 - - [01/Dec/2021:05:54:10 +0000] "GET /wp-includes/js/dist/reusable-blocks.min.js?ver=f210f01a481601fc2639d3f839449c5c HTTP/2.0" 200 2817 "https://ja.tak-cslab.org/wp-admin/post-new.php" "Mozilla/5.0 (Windows NT 10.0; Win64; x64) AppleWebKit/537.36 (KHTML, like Gecko) Chrome/96.0.4664.45 Safari/537.36"
163.215.6.1 - - [01/Dec/2021:05:54:10 +0000] "GET /wp-includes/js/dist/media-utils.min.js?ver=8e557d69e3ef2356d081c60830d157a1 HTTP/2.0" 200 3327 "https://ja.tak-cslab.org/wp-admin/post-new.php" "Mozilla/5.0 (Windows NT 10.0; Win64; x64) AppleWebKit/537.36 (KHTML, like Gecko) Chrome/96.0.4664.45 Safari/537.36"
163.215.6.1 - - [01/Dec/2021:05:54:10 +0000] "GET /wp-includes/js/dist/plugins.min.js?ver=01dbac2843febe57b20f01bdb7a432b8 HTTP/2.0" 200 2190 "https://ja.tak-cslab.org/wp-admin/post-new.php" "Mozilla/5.0 (Windows NT 10.0; Win64; x64) AppleWebKit/537.36 (KHTML, like Gecko) Chrome/96.0.4664.45 Safari/537.36"
163.215.6.1 - - [01/Dec/2021:05:54:10 +0000] "GET /wp-includes/js/clipboard.min.js?ver=5.8.2 HTTP/2.0" 200 3735 "https://ja.tak-cslab.org/wp-admin/post-new.php" "Mozilla/5.0 (Windows NT 10.0; Win64; x64) AppleWebKit/537.36 (KHTML, like Gecko) Chrome/96.0.4664.45 Safari/537.36"
163.215.6.1 - - [01/Dec/2021:05:54:10 +0000] "GET /wp-includes/js/media-editor.min.js?ver=5.8.2 HTTP/2.0" 200 4059 "https://ja.tak-cslab.org/wp-admin/post-new.php" "Mozilla/5.0 (Windows NT 10.0; Win64; x64) AppleWebKit/537.36 (KHTML, like Gecko) Chrome/96.0.4664.45 Safari/537.36"
163.215.6.1 - - [01/Dec/2021:05:54:10 +0000] "GET /wp-includes/js/media-views.min.js?ver=5.8.2 HTTP/2.0" 200 33759 "https://ja.tak-cslab.org/wp-admin/post-new.php" "Mozilla/5.0 (Windows NT 10.0; Win64; x64) AppleWebKit/537.36 (KHTML, like Gecko) Chrome/96.0.4664.45 Safari/537.36"
163.215.6.1 - - [01/Dec/2021:05:54:10 +0000] "GET /wp-includes/js/dist/editor.min.js?ver=208cadf8632b62c7ccdf2f2feb2398e2 HTTP/2.0" 200 46199 "https://ja.tak-cslab.org/wp-admin/post-new.php" "Mozilla/5.0 (Windows NT 10.0; Win64; x64) AppleWebKit/537.36 (KHTML, like Gecko) Chrome/96.0.4664.45 Safari/537.36"
163.215.6.1 - - [01/Dec/2021:05:54:10 +0000] "GET /wp-includes/js/mediaelement/mediaelement-and-player.min.js?ver=4.2.16 HTTP/2.0" 200 46900 "https://ja.tak-cslab.org/wp-admin/post-new.php" "Mozilla/5.0 (Windows NT 10.0; Win64; x64) AppleWebKit/537.36 (KHTML, like Gecko) Chrome/96.0.4664.45 Safari/537.36"
163.215.6.1 - - [01/Dec/2021:05:54:10 +0000] "GET /wp-includes/js/tinymce/tinymce.min.js?ver=49110-20201110 HTTP/2.0" 200 145163 "https://ja.tak-cslab.org/wp-admin/post-new.php" "Mozilla/5.0 (Windows NT 10.0; Win64; x64) AppleWebKit/537.36 (KHTML, like Gecko) Chrome/96.0.4664.45 Safari/537.36"
163.215.6.1 - - [01/Dec/2021:05:54:10 +0000] "GET /wp-includes/js/dist/edit-post.min.js?ver=3656613c515e40e95a15114467097b39 HTTP/2.0" 200 71719 "https://ja.tak-cslab.org/wp-admin/post-new.php" "Mozilla/5.0 (Windows NT 10.0; Win64; x64) AppleWebKit/537.36 (KHTML, like Gecko) Chrome/96.0.4664.45 Safari/537.36"
163.215.6.1 - - [01/Dec/2021:05:54:10 +0000] "GET /wp-includes/js/dist/block-editor.min.js?ver=fc8c27c6e95e7e0d59b4e344cb9ddfed HTTP/2.0" 200 142939 "https://ja.tak-cslab.org/wp-admin/post-new.php" "Mozilla/5.0 (Windows NT 10.0; Win64; x64) AppleWebKit/537.36 (KHTML, like Gecko) Chrome/96.0.4664.45 Safari/537.36"
163.215.6.1 - - [01/Dec/2021:05:54:10 +0000] "GET /wp-includes/js/dist/block-library.min.js?ver=69fc06eecf1aeb26e48b8a47ed38179b HTTP/2.0" 200 156843 "https://ja.tak-cslab.org/wp-admin/post-new.php" "Mozilla/5.0 (Windows NT 10.0; Win64; x64) AppleWebKit/537.36 (KHTML, like Gecko) Chrome/96.0.4664.45 Safari/537.36"
163.215.6.1 - - [01/Dec/2021:05:54:10 +0000] "GET /wp-admin/load-styles.php?c=0&dir=ltr&load%5Bchunk_0%5D=dashicons,admin-bar,buttons,media-views,editor-buttons,wp-components,wp-block-editor,wp-nux,wp-reusable-blocks,wp-editor,common,&load%5Bchunk_1%5D=forms,wp-reset-editor-styles,wp-block-library,wp-editor-classic-layout-styles,wp-edit-blocks,wp-edit-post,wp-block-directory,wp-&load%5Bchunk_2%5D=format-library,admin-menu,dashboard,list-tables,edit,revisions,media,themes,about,nav-menus,wp-pointer,widgets,site-icon,l10n,wp&load%5Bchunk_3%5D=-auth-check&ver=5.8.2 HTTP/2.0" 200 216649 "https://ja.tak-cslab.org/wp-admin/post-new.php" "Mozilla/5.0 (Windows NT 10.0; Win64; x64) AppleWebKit/537.36 (KHTML, like Gecko) Chrome/96.0.4664.45 Safari/537.36"
163.215.6.1 - - [01/Dec/2021:05:54:10 +0000] "GET /wp-includes/js/dist/components.min.js?ver=413e179f8a99bd28091ba5cc6f72c9f3 HTTP/2.0" 200 223261 "https://ja.tak-cslab.org/wp-admin/post-new.php" "Mozilla/5.0 (Windows NT 10.0; Win64; x64) AppleWebKit/537.36 (KHTML, like Gecko) Chrome/96.0.4664.45 Safari/537.36"
163.215.6.1 - - [01/Dec/2021:05:54:11 +0000] "GET /wp-content/plugins/seo-simple-pack/dist/js/common.js?ver=2.2.7 HTTP/2.0" 200 4638 "https://ja.tak-cslab.org/wp-admin/post-new.php" "Mozilla/5.0 (Windows NT 10.0; Win64; x64) AppleWebKit/537.36 (KHTML, like Gecko) Chrome/96.0.4664.45 Safari/537.36"
163.215.6.1 - - [01/Dec/2021:05:54:11 +0000] "GET /wp-content/plugins/seo-simple-pack/dist/js/mediauploader.js?ver=2.2.7 HTTP/2.0" 200 3721 "https://ja.tak-cslab.org/wp-admin/post-new.php" "Mozilla/5.0 (Windows NT 10.0; Win64; x64) AppleWebKit/537.36 (KHTML, like Gecko) Chrome/96.0.4664.45 Safari/537.36"
163.215.6.1 - - [01/Dec/2021:05:54:11 +0000] "GET /wp-includes/js/wplink.min.js?ver=5.8.2 HTTP/2.0" 200 4329 "https://ja.tak-cslab.org/wp-admin/post-new.php" "Mozilla/5.0 (Windows NT 10.0; Win64; x64) AppleWebKit/537.36 (KHTML, like Gecko) Chrome/96.0.4664.45 Safari/537.36"
163.215.6.1 - - [01/Dec/2021:05:54:11 +0000] "GET /wp-includes/js/plupload/wp-plupload.min.js?ver=5.8.2 HTTP/2.0" 200 2501 "https://ja.tak-cslab.org/wp-admin/post-new.php" "Mozilla/5.0 (Windows NT 10.0; Win64; x64) AppleWebKit/537.36 (KHTML, like Gecko) Chrome/96.0.4664.45 Safari/537.36"
163.215.6.1 - - [01/Dec/2021:05:54:11 +0000] "GET /wp-includes/js/wp-backbone.min.js?ver=5.8.2 HTTP/2.0" 200 1275 "https://ja.tak-cslab.org/wp-admin/post-new.php" "Mozilla/5.0 (Windows NT 10.0; Win64; x64) AppleWebKit/537.36 (KHTML, like Gecko) Chrome/96.0.4664.45 Safari/537.36"
163.215.6.1 - - [01/Dec/2021:05:54:11 +0000] "GET /wp-includes/js/dist/format-library.min.js?ver=c765b263eb6bc434e4b93dfc8771aaaf HTTP/2.0" 200 6497 "https://ja.tak-cslab.org/wp-admin/post-new.php" "Mozilla/5.0 (Windows NT 10.0; Win64; x64) AppleWebKit/537.36 (KHTML, like Gecko) Chrome/96.0.4664.45 Safari/537.36"
163.215.6.1 - - [01/Dec/2021:05:54:11 +0000] "GET /wp-includes/js/dist/block-directory.min.js?ver=59e39b168393c12505197fed91dc8d01 HTTP/2.0" 200 7417 "https://ja.tak-cslab.org/wp-admin/post-new.php" "Mozilla/5.0 (Windows NT 10.0; Win64; x64) AppleWebKit/537.36 (KHTML, like Gecko) Chrome/96.0.4664.45 Safari/537.36"
163.215.6.1 - - [01/Dec/2021:05:54:11 +0000] "GET /wp-includes/js/media-models.min.js?ver=5.8.2 HTTP/2.0" 200 5045 "https://ja.tak-cslab.org/wp-admin/post-new.php" "Mozilla/5.0 (Windows NT 10.0; Win64; x64) AppleWebKit/537.36 (KHTML, like Gecko) Chrome/96.0.4664.45 Safari/537.36"
163.215.6.1 - - [01/Dec/2021:05:54:11 +0000] "GET /wp-includes/js/backbone.min.js?ver=1.4.0 HTTP/2.0" 200 9088 "https://ja.tak-cslab.org/wp-admin/post-new.php" "Mozilla/5.0 (Windows NT 10.0; Win64; x64) AppleWebKit/537.36 (KHTML, like Gecko) Chrome/96.0.4664.45 Safari/537.36"
163.215.6.1 - - [01/Dec/2021:05:54:12 +0000] "GET /wp-json/wp/v2/blocks?context=edit&per_page=100&_locale=user HTTP/2.0" 200 22 "https://ja.tak-cslab.org/wp-admin/post-new.php" "Mozilla/5.0 (Windows NT 10.0; Win64; x64) AppleWebKit/537.36 (KHTML, like Gecko) Chrome/96.0.4664.45 Safari/537.36"
163.215.6.1 - - [01/Dec/2021:05:54:12 +0000] "GET /wp-json/wp/v2/users/me?_locale=user HTTP/2.0" 200 280 "https://ja.tak-cslab.org/wp-admin/post-new.php" "Mozilla/5.0 (Windows NT 10.0; Win64; x64) AppleWebKit/537.36 (KHTML, like Gecko) Chrome/96.0.4664.45 Safari/537.36"
163.215.6.1 - - [01/Dec/2021:05:54:12 +0000] "GET /wp-json/wp/v2/users/?who=authors&per_page=100&_locale=user HTTP/2.0" 200 2702 "https://ja.tak-cslab.org/wp-admin/post-new.php" "Mozilla/5.0 (Windows NT 10.0; Win64; x64) AppleWebKit/537.36 (KHTML, like Gecko) Chrome/96.0.4664.45 Safari/537.36"
163.215.6.1 - - [01/Dec/2021:05:54:12 +0000] "GET /wp-json/wp/v2/posts/1687?_locale=user HTTP/2.0" 200 559 "https://ja.tak-cslab.org/wp-admin/post-new.php" "Mozilla/5.0 (Windows NT 10.0; Win64; x64) AppleWebKit/537.36 (KHTML, like Gecko) Chrome/96.0.4664.45 Safari/537.36"
163.215.6.1 - - [01/Dec/2021:05:54:12 +0000] "GET /wp-json/wp/v2/users?who=authors&include=40&_locale=user HTTP/2.0" 200 282 "https://ja.tak-cslab.org/wp-admin/post-new.php" "Mozilla/5.0 (Windows NT 10.0; Win64; x64) AppleWebKit/537.36 (KHTML, like Gecko) Chrome/96.0.4664.45 Safari/537.36"
163.215.6.1 - - [01/Dec/2021:05:54:12 +0000] "GET /wp-json/wp/v2/users/?who=authors&per_page=100&search=TakahashiFuta&_locale=user HTTP/2.0" 200 282 "https://ja.tak-cslab.org/wp-admin/post-new.php" "Mozilla/5.0 (Windows NT 10.0; Win64; x64) AppleWebKit/537.36 (KHTML, like Gecko) Chrome/96.0.4664.45 Safari/537.36"
163.215.6.1 - - [01/Dec/2021:05:54:12 +0000] "GET /wp-json/wp/v2/users/?who=authors&per_page=100&_locale=user HTTP/2.0" 200 2702 "https://ja.tak-cslab.org/wp-admin/post-new.php" "Mozilla/5.0 (Windows NT 10.0; Win64; x64) AppleWebKit/537.36 (KHTML, like Gecko) Chrome/96.0.4664.45 Safari/537.36"
216.245.221.83 - - [01/Dec/2021:05:54:26 +0000] "HEAD / HTTP/1.1" 301 0 "http://ja.tak-cslab.org/" "Mozilla/5.0+(compatible; UptimeRobot/2.0; http://www.uptimerobot.com/)"
216.245.221.83 - - [01/Dec/2021:05:54:26 +0000] "HEAD / HTTP/1.1" 200 0 "http://ja.tak-cslab.org/" "Mozilla/5.0+(compatible; UptimeRobot/2.0; http://www.uptimerobot.com/)"
163.215.6.1 - - [01/Dec/2021:05:54:39 +0000] "GET /wp-json/wp/v2/categories?per_page=100&orderby=name&order=asc&_fields=id%2Cname%2Cparent&_locale=user HTTP/2.0" 200 130 "https://ja.tak-cslab.org/wp-admin/post-new.php" "Mozilla/5.0 (Windows NT 10.0; Win64; x64) AppleWebKit/537.36 (KHTML, like Gecko) Chrome/96.0.4664.45 Safari/537.36"
163.215.6.1 - - [01/Dec/2021:05:54:39 +0000] "GET /wp-json/wp/v2/taxonomies/category?context=edit&_locale=user HTTP/2.0" 200 676 "https://ja.tak-cslab.org/wp-admin/post-new.php" "Mozilla/5.0 (Windows NT 10.0; Win64; x64) AppleWebKit/537.36 (KHTML, like Gecko) Chrome/96.0.4664.45 Safari/537.36"
163.215.6.1 - - [01/Dec/2021:05:54:40 +0000] "GET /wp-json/wp/v2/categories?per_page=100&orderby=name&order=asc&_fields=id%2Cname%2Cparent&_locale=user HTTP/2.0" 200 130 "https://ja.tak-cslab.org/wp-admin/post-new.php" "Mozilla/5.0 (Windows NT 10.0; Win64; x64) AppleWebKit/537.36 (KHTML, like Gecko) Chrome/96.0.4664.45 Safari/537.36"
163.215.6.1 - - [01/Dec/2021:05:54:44 +0000] "GET /wp-json/wp/v2/categories?per_page=100&orderby=name&order=asc&_fields=id%2Cname%2Cparent&_locale=user HTTP/2.0" 200 130 "https://ja.tak-cslab.org/wp-admin/post-new.php" "Mozilla/5.0 (Windows NT 10.0; Win64; x64) AppleWebKit/537.36 (KHTML, like Gecko) Chrome/96.0.4664.45 Safari/537.36"
163.215.6.1 - - [01/Dec/2021:05:55:04 +0000] "POST /wp-admin/admin-ajax.php HTTP/2.0" 200 21 "https://ja.tak-cslab.org/wp-admin/post-new.php" "Mozilla/5.0 (Windows NT 10.0; Win64; x64) AppleWebKit/537.36 (KHTML, like Gecko) Chrome/96.0.4664.45 Safari/537.36"
163.215.6.1 - - [01/Dec/2021:05:55:06 +0000] "POST /wp-admin/admin-ajax.php HTTP/2.0" 200 67 "https://ja.tak-cslab.org/wp-admin/edit.php" "Mozilla/5.0 (Windows NT 10.0; Win64; x64) AppleWebKit/537.36 (KHTML, like Gecko) Chrome/96.0.4664.45 Safari/537.36"
163.215.6.1 - - [01/Dec/2021:05:55:11 +0000] "GET /wp-admin/edit.php HTTP/2.0" 200 24133 "https://ja.tak-cslab.org/wp-admin/edit.php" "Mozilla/5.0 (Windows NT 10.0; Win64; x64) AppleWebKit/537.36 (KHTML, like Gecko) Chrome/96.0.4664.45 Safari/537.36"
163.215.6.1 - - [01/Dec/2021:05:55:12 +0000] "POST /wp-admin/admin-ajax.php HTTP/2.0" 200 67 "https://ja.tak-cslab.org/wp-admin/edit.php" "Mozilla/5.0 (Windows NT 10.0; Win64; x64) AppleWebKit/537.36 (KHTML, like Gecko) Chrome/96.0.4664.45 Safari/537.36"
163.215.6.1 - - [01/Dec/2021:05:55:17 +0000] "GET /wp-admin/post-new.php HTTP/2.0" 200 138073 "https://ja.tak-cslab.org/wp-admin/edit.php" "Mozilla/5.0 (Windows NT 10.0; Win64; x64) AppleWebKit/537.36 (KHTML, like Gecko) Chrome/96.0.4664.45 Safari/537.36"
163.215.6.1 - - [01/Dec/2021:05:55:19 +0000] "GET /wp-json/wp/v2/blocks?context=edit&per_page=100&_locale=user HTTP/2.0" 200 22 "https://ja.tak-cslab.org/wp-admin/post-new.php" "Mozilla/5.0 (Windows NT 10.0; Win64; x64) AppleWebKit/537.36 (KHTML, like Gecko) Chrome/96.0.4664.45 Safari/537.36"
163.215.6.1 - - [01/Dec/2021:05:55:19 +0000] "GET /wp-json/wp/v2/users/me?_locale=user HTTP/2.0" 200 280 "https://ja.tak-cslab.org/wp-admin/post-new.php" "Mozilla/5.0 (Windows NT 10.0; Win64; x64) AppleWebKit/537.36 (KHTML, like Gecko) Chrome/96.0.4664.45 Safari/537.36"
163.215.6.1 - - [01/Dec/2021:05:55:19 +0000] "GET /wp-json/wp/v2/users/?who=authors&per_page=100&_locale=user HTTP/2.0" 200 2702 "https://ja.tak-cslab.org/wp-admin/post-new.php" "Mozilla/5.0 (Windows NT 10.0; Win64; x64) AppleWebKit/537.36 (KHTML, like Gecko) Chrome/96.0.4664.45 Safari/537.36"
163.215.6.1 - - [01/Dec/2021:05:55:19 +0000] "GET /wp-json/wp/v2/posts/1688?_locale=user HTTP/2.0" 200 559 "https://ja.tak-cslab.org/wp-admin/post-new.php" "Mozilla/5.0 (Windows NT 10.0; Win64; x64) AppleWebKit/537.36 (KHTML, like Gecko) Chrome/96.0.4664.45 Safari/537.36"
163.215.6.1 - - [01/Dec/2021:05:55:19 +0000] "GET /wp-json/wp/v2/users?who=authors&include=40&_locale=user HTTP/2.0" 200 282 "https://ja.tak-cslab.org/wp-admin/post-new.php" "Mozilla/5.0 (Windows NT 10.0; Win64; x64) AppleWebKit/537.36 (KHTML, like Gecko) Chrome/96.0.4664.45 Safari/537.36"
163.215.6.1 - - [01/Dec/2021:05:55:19 +0000] "GET /wp-json/wp/v2/users/?who=authors&per_page=100&search=TakahashiFuta&_locale=user HTTP/2.0" 200 282 "https://ja.tak-cslab.org/wp-admin/post-new.php" "Mozilla/5.0 (Windows NT 10.0; Win64; x64) AppleWebKit/537.36 (KHTML, like Gecko) Chrome/96.0.4664.45 Safari/537.36"
163.215.6.1 - - [01/Dec/2021:05:55:19 +0000] "GET /wp-json/wp/v2/users/?who=authors&per_page=100&_locale=user HTTP/2.0" 200 2702 "https://ja.tak-cslab.org/wp-admin/post-new.php" "Mozilla/5.0 (Windows NT 10.0; Win64; x64) AppleWebKit/537.36 (KHTML, like Gecko) Chrome/96.0.4664.45 Safari/537.36"
153.147.163.203 - - [01/Dec/2021:05:55:21 +0000] "POST /wp-admin/admin-ajax.php HTTP/2.0" 200 103 "https://ja.tak-cslab.org/wp-admin/post.php?post=117&action=edit" "Mozilla/5.0 (Windows NT 10.0; Win64; x64) AppleWebKit/537.36 (KHTML, like Gecko) Chrome/96.0.4664.45 Safari/537.36"
163.215.6.1 - - [01/Dec/2021:05:55:24 +0000] "POST /wp-admin/admin-ajax.php HTTP/2.0" 200 21 "https://ja.tak-cslab.org/wp-admin/post-new.php" "Mozilla/5.0 (Windows NT 10.0; Win64; x64) AppleWebKit/537.36 (KHTML, like Gecko) Chrome/96.0.4664.45 Safari/537.36"
163.215.6.1 - - [01/Dec/2021:05:55:25 +0000] "POST /wp-admin/admin-ajax.php HTTP/2.0" 200 67 "https://ja.tak-cslab.org/wp-admin/edit.php" "Mozilla/5.0 (Windows NT 10.0; Win64; x64) AppleWebKit/537.36 (KHTML, like Gecko) Chrome/96.0.4664.45 Safari/537.36"
163.215.6.1 - - [01/Dec/2021:05:55:37 +0000] "GET /archives/1682 HTTP/2.0" 200 8979 "-" "Mozilla/5.0 (Windows NT 10.0; Win64; x64) AppleWebKit/537.36 (KHTML, like Gecko) Chrome/96.0.4664.45 Safari/537.36"
163.215.6.1 - - [01/Dec/2021:05:55:37 +0000] "GET /wp-includes/css/admin-bar.min.css?ver=5.8.2 HTTP/2.0" 200 4749 "https://ja.tak-cslab.org/archives/1682" "Mozilla/5.0 (Windows NT 10.0; Win64; x64) AppleWebKit/537.36 (KHTML, like Gecko) Chrome/96.0.4664.45 Safari/537.36"
163.215.6.1 - - [01/Dec/2021:05:55:37 +0000] "GET /wp-content/plugins/wp-statistics/assets/css/frontend.min.css?ver=13.1.2 HTTP/2.0" 200 98 "https://ja.tak-cslab.org/archives/1682" "Mozilla/5.0 (Windows NT 10.0; Win64; x64) AppleWebKit/537.36 (KHTML, like Gecko) Chrome/96.0.4664.45 Safari/537.36"
163.215.6.1 - - [01/Dec/2021:05:55:48 +0000] "GET /topics/blog HTTP/2.0" 200 14741 "https://ja.tak-cslab.org/archives/1682" "Mozilla/5.0 (Windows NT 10.0; Win64; x64) AppleWebKit/537.36 (KHTML, like Gecko) Chrome/96.0.4664.45 Safari/537.36"
153.147.163.203 - - [01/Dec/2021:05:55:50 +0000] "POST /wp-json/wp/v2/pages/117/autosaves?_locale=user HTTP/2.0" 200 18753 "https://ja.tak-cslab.org/wp-admin/post.php?post=117&action=edit" "Mozilla/5.0 (Windows NT 10.0; Win64; x64) AppleWebKit/537.36 (KHTML, like Gecko) Chrome/96.0.4664.45 Safari/537.36"
163.215.6.1 - - [01/Dec/2021:05:55:52 +0000] "GET /topics/blog/page/2 HTTP/2.0" 200 21311 "https://ja.tak-cslab.org/topics/blog" "Mozilla/5.0 (Windows NT 10.0; Win64; x64) AppleWebKit/537.36 (KHTML, like Gecko) Chrome/96.0.4664.45 Safari/537.36"
163.215.6.1 - - [01/Dec/2021:05:55:57 +0000] "GET /topics/blog/page/3 HTTP/2.0" 200 16639 "https://ja.tak-cslab.org/topics/blog/page/2" "Mozilla/5.0 (Windows NT 10.0; Win64; x64) AppleWebKit/537.36 (KHTML, like Gecko) Chrome/96.0.4664.45 Safari/537.36"
163.215.6.1 - - [01/Dec/2021:05:56:01 +0000] "GET /topics/blog/page/4 HTTP/2.0" 200 19047 "https://ja.tak-cslab.org/topics/blog/page/3" "Mozilla/5.0 (Windows NT 10.0; Win64; x64) AppleWebKit/537.36 (KHTML, like Gecko) Chrome/96.0.4664.45 Safari/537.36"
163.215.6.1 - - [01/Dec/2021:05:56:05 +0000] "GET /topics/blog/page/5 HTTP/2.0" 200 18939 "https://ja.tak-cslab.org/topics/blog/page/4" "Mozilla/5.0 (Windows NT 10.0; Win64; x64) AppleWebKit/537.36 (KHTML, like Gecko) Chrome/96.0.4664.45 Safari/537.36"
163.215.6.1 - - [01/Dec/2021:05:56:12 +0000] "GET /topics/blog/page/6 HTTP/2.0" 200 17586 "https://ja.tak-cslab.org/topics/blog/page/5" "Mozilla/5.0 (Windows NT 10.0; Win64; x64) AppleWebKit/537.36 (KHTML, like Gecko) Chrome/96.0.4664.45 Safari/537.36"
163.215.6.1 - - [01/Dec/2021:05:56:19 +0000] "GET /topics/blog/page/7 HTTP/2.0" 200 15490 "https://ja.tak-cslab.org/topics/blog/page/6" "Mozilla/5.0 (Windows NT 10.0; Win64; x64) AppleWebKit/537.36 (KHTML, like Gecko) Chrome/96.0.4664.45 Safari/537.36"
153.147.163.203 - - [01/Dec/2021:05:56:21 +0000] "POST /wp-admin/admin-ajax.php HTTP/2.0" 200 103 "https://ja.tak-cslab.org/wp-admin/post.php?post=117&action=edit" "Mozilla/5.0 (Windows NT 10.0; Win64; x64) AppleWebKit/537.36 (KHTML, like Gecko) Chrome/96.0.4664.45 Safari/537.36"
153.147.163.203 - - [01/Dec/2021:05:56:48 +0000] "POST /wp-json/wp/v2/pages/117?_locale=user HTTP/2.0" 200 20049 "https://ja.tak-cslab.org/wp-admin/post.php?post=117&action=edit" "Mozilla/5.0 (Windows NT 10.0; Win64; x64) AppleWebKit/537.36 (KHTML, like Gecko) Chrome/96.0.4664.45 Safari/537.36"
153.147.163.203 - - [01/Dec/2021:05:56:48 +0000] "POST /wp-admin/post.php?post=117&action=edit&meta-box-loader=1&meta-box-loader-nonce=db03f5f481&_locale=user HTTP/2.0" 302 0 "https://ja.tak-cslab.org/wp-admin/post.php?post=117&action=edit" "Mozilla/5.0 (Windows NT 10.0; Win64; x64) AppleWebKit/537.36 (KHTML, like Gecko) Chrome/96.0.4664.45 Safari/537.36"
153.147.163.203 - - [01/Dec/2021:05:56:48 +0000] "GET /wp-admin/post.php?post=117&action=edit&message=4 HTTP/2.0" 200 177800 "https://ja.tak-cslab.org/wp-admin/post.php?post=117&action=edit" "Mozilla/5.0 (Windows NT 10.0; Win64; x64) AppleWebKit/537.36 (KHTML, like Gecko) Chrome/96.0.4664.45 Safari/537.36"
153.147.163.203 - - [01/Dec/2021:05:57:21 +0000] "POST /wp-admin/admin-ajax.php HTTP/2.0" 200 103 "https://ja.tak-cslab.org/wp-admin/post.php?post=117&action=edit" "Mozilla/5.0 (Windows NT 10.0; Win64; x64) AppleWebKit/537.36 (KHTML, like Gecko) Chrome/96.0.4664.45 Safari/537.36"
153.147.163.203 - - [01/Dec/2021:05:57:23 +0000] "POST /wp-json/wp/v2/pages/117?_locale=user HTTP/2.0" 200 20050 "https://ja.tak-cslab.org/wp-admin/post.php?post=117&action=edit" "Mozilla/5.0 (Windows NT 10.0; Win64; x64) AppleWebKit/537.36 (KHTML, like Gecko) Chrome/96.0.4664.45 Safari/537.36"
153.147.163.203 - - [01/Dec/2021:05:57:23 +0000] "POST /wp-admin/post.php?post=117&action=edit&meta-box-loader=1&meta-box-loader-nonce=db03f5f481&_locale=user HTTP/2.0" 302 0 "https://ja.tak-cslab.org/wp-admin/post.php?post=117&action=edit" "Mozilla/5.0 (Windows NT 10.0; Win64; x64) AppleWebKit/537.36 (KHTML, like Gecko) Chrome/96.0.4664.45 Safari/537.36"
153.147.163.203 - - [01/Dec/2021:05:57:24 +0000] "GET /wp-admin/post.php?post=117&action=edit&message=4 HTTP/2.0" 200 159097 "https://ja.tak-cslab.org/wp-admin/post.php?post=117&action=edit" "Mozilla/5.0 (Windows NT 10.0; Win64; x64) AppleWebKit/537.36 (KHTML, like Gecko) Chrome/96.0.4664.45 Safari/537.36"
34.206.38.217 - - [01/Dec/2021:05:57:59 +0000] "GET /feed HTTP/1.1" 200 56281 "-" "Automate.io BOT"
153.147.163.203 - - [01/Dec/2021:05:58:21 +0000] "POST /wp-admin/admin-ajax.php HTTP/2.0" 200 102 "https://ja.tak-cslab.org/wp-admin/post.php?post=117&action=edit" "Mozilla/5.0 (Windows NT 10.0; Win64; x64) AppleWebKit/537.36 (KHTML, like Gecko) Chrome/96.0.4664.45 Safari/537.36"
216.245.221.83 - - [01/Dec/2021:05:59:26 +0000] "HEAD / HTTP/1.1" 301 0 "http://ja.tak-cslab.org/" "Mozilla/5.0+(compatible; UptimeRobot/2.0; http://www.uptimerobot.com/)"
216.245.221.83 - - [01/Dec/2021:05:59:26 +0000] "HEAD / HTTP/1.1" 200 0 "http://ja.tak-cslab.org/" "Mozilla/5.0+(compatible; UptimeRobot/2.0; http://www.uptimerobot.com/)"
163.215.6.1 - - [01/Dec/2021:05:59:40 +0000] "GET /topics/blog HTTP/2.0" 200 14741 "https://ja.tak-cslab.org/topics/blog/page/7" "Mozilla/5.0 (Windows NT 10.0; Win64; x64) AppleWebKit/537.36 (KHTML, like Gecko) Chrome/96.0.4664.45 Safari/537.36"
153.147.163.203 - - [01/Dec/2021:06:00:22 +0000] "POST /wp-admin/admin-ajax.php HTTP/2.0" 200 103 "https://ja.tak-cslab.org/wp-admin/post.php?post=117&action=edit" "Mozilla/5.0 (Windows NT 10.0; Win64; x64) AppleWebKit/537.36 (KHTML, like Gecko) Chrome/96.0.4664.45 Safari/537.36"
163.215.6.1 - - [01/Dec/2021:06:00:50 +0000] "POST /wp-cron.php?doing_wp_cron=1638338450.9400379657745361328125 HTTP/1.1" 200 31 "https://ja.tak-cslab.org/wp-cron.php?doing_wp_cron=1638338450.9400379657745361328125" "WordPress/5.8.2; https://ja.tak-cslab.org"
163.215.6.1 - - [01/Dec/2021:06:00:51 +0000] "GET /wp-admin/ HTTP/2.0" 200 17821 "https://ja.tak-cslab.org/topics/blog" "Mozilla/5.0 (Windows NT 10.0; Win64; x64) AppleWebKit/537.36 (KHTML, like Gecko) Chrome/96.0.4664.45 Safari/537.36"
163.215.6.1 - - [01/Dec/2021:06:00:55 +0000] "GET /wp-admin/profile.php HTTP/2.0" 200 14926 "https://ja.tak-cslab.org/wp-admin/" "Mozilla/5.0 (Windows NT 10.0; Win64; x64) AppleWebKit/537.36 (KHTML, like Gecko) Chrome/96.0.4664.45 Safari/537.36"
163.215.6.1 - - [01/Dec/2021:06:00:55 +0000] "GET /wp-admin/js/application-passwords.min.js?ver=5.8.2 HTTP/2.0" 200 1169 "https://ja.tak-cslab.org/wp-admin/profile.php" "Mozilla/5.0 (Windows NT 10.0; Win64; x64) AppleWebKit/537.36 (KHTML, like Gecko) Chrome/96.0.4664.45 Safari/537.36"
163.215.6.1 - - [01/Dec/2021:06:00:55 +0000] "GET /wp-admin/load-scripts.php?c=0&load%5Bchunk_0%5D=jquery-core,jquery-migrate,utils,zxcvbn-async&ver=5.8.2 HTTP/2.0" 200 40951 "https://ja.tak-cslab.org/wp-admin/profile.php" "Mozilla/5.0 (Windows NT 10.0; Win64; x64) AppleWebKit/537.36 (KHTML, like Gecko) Chrome/96.0.4664.45 Safari/537.36"
54.238.193.36 - - [01/Dec/2021:06:01:21 +0000] "GET /wp-content/uploads/2020/09/20200925_200925_0-1.jpg HTTP/1.1" 200 247845 "-" "Slack-ImgProxy (+https://api.slack.com/robots)"
52.199.104.182 - - [01/Dec/2021:06:01:21 +0000] "GET /wp-content/uploads/2020/09/20200925_200925_0-1.jpg HTTP/1.1" 200 247845 "-" "Slack-ImgProxy (+https://api.slack.com/robots)"
163.215.6.1 - - [01/Dec/2021:06:01:56 +0000] "POST /wp-admin/admin-ajax.php HTTP/2.0" 200 67 "https://ja.tak-cslab.org/wp-admin/profile.php" "Mozilla/5.0 (Windows NT 10.0; Win64; x64) AppleWebKit/537.36 (KHTML, like Gecko) Chrome/96.0.4664.45 Safari/537.36"
163.215.6.1 - - [01/Dec/2021:06:02:16 +0000] "POST /wp-admin/profile.php HTTP/2.0" 302 0 "https://ja.tak-cslab.org/wp-admin/profile.php" "Mozilla/5.0 (Windows NT 10.0; Win64; x64) AppleWebKit/537.36 (KHTML, like Gecko) Chrome/96.0.4664.45 Safari/537.36"
163.215.6.1 - - [01/Dec/2021:06:02:16 +0000] "GET /wp-admin/profile.php?updated=1 HTTP/2.0" 200 14981 "https://ja.tak-cslab.org/wp-admin/profile.php" "Mozilla/5.0 (Windows NT 10.0; Win64; x64) AppleWebKit/537.36 (KHTML, like Gecko) Chrome/96.0.4664.45 Safari/537.36"
153.147.163.203 - - [01/Dec/2021:06:02:23 +0000] "POST /wp-admin/admin-ajax.php HTTP/2.0" 200 103 "https://ja.tak-cslab.org/wp-admin/post.php?post=117&action=edit" "Mozilla/5.0 (Windows NT 10.0; Win64; x64) AppleWebKit/537.36 (KHTML, like Gecko) Chrome/96.0.4664.45 Safari/537.36"
163.215.6.1 - - [01/Dec/2021:06:02:25 +0000] "GET /wp-admin/about.php HTTP/2.0" 200 10326 "https://ja.tak-cslab.org/wp-admin/profile.php" "Mozilla/5.0 (Windows NT 10.0; Win64; x64) AppleWebKit/537.36 (KHTML, like Gecko) Chrome/96.0.4664.45 Safari/537.36"
163.215.6.1 - - [01/Dec/2021:06:02:25 +0000] "GET /wp-admin/images/about-header-about.svg HTTP/2.0" 200 45266 "https://ja.tak-cslab.org/wp-admin/load-styles.php?c=0&dir=ltr&load%5Bchunk_0%5D=dashicons,admin-bar,common,forms,admin-menu,dashboard,list-tables,edit,revisions,media,themes,about,nav-menus,wp-pointer,widgets&load%5Bchunk_1%5D=,site-icon,l10n,buttons,wp-auth-check&ver=5.8.2" "Mozilla/5.0 (Windows NT 10.0; Win64; x64) AppleWebKit/537.36 (KHTML, like Gecko) Chrome/96.0.4664.45 Safari/537.36"
163.215.6.1 - - [01/Dec/2021:06:02:27 +0000] "GET /wp-admin/profile.php HTTP/2.0" 200 14933 "https://ja.tak-cslab.org/wp-admin/profile.php" "Mozilla/5.0 (Windows NT 10.0; Win64; x64) AppleWebKit/537.36 (KHTML, like Gecko) Chrome/96.0.4664.45 Safari/537.36"
163.215.6.1 - - [01/Dec/2021:06:02:28 +0000] "GET / HTTP/2.0" 200 7733 "https://ja.tak-cslab.org/wp-admin/profile.php" "Mozilla/5.0 (Windows NT 10.0; Win64; x64) AppleWebKit/537.36 (KHTML, like Gecko) Chrome/96.0.4664.45 Safari/537.36"
163.215.6.1 - - [01/Dec/2021:06:02:35 +0000] "GET /about/member HTTP/2.0" 200 8034 "https://ja.tak-cslab.org/" "Mozilla/5.0 (Windows NT 10.0; Win64; x64) AppleWebKit/537.36 (KHTML, like Gecko) Chrome/96.0.4664.45 Safari/537.36"
163.215.6.1 - - [01/Dec/2021:06:02:37 +0000] "GET /archives/author/c0118083 HTTP/2.0" 200 7442 "https://ja.tak-cslab.org/about/member" "Mozilla/5.0 (Windows NT 10.0; Win64; x64) AppleWebKit/537.36 (KHTML, like Gecko) Chrome/96.0.4664.45 Safari/537.36"
163.215.6.1 - - [01/Dec/2021:06:02:37 +0000] "GET /wp-content/themes/cdsl/logo-qiita.png HTTP/2.0" 200 4021 "https://ja.tak-cslab.org/archives/author/c0118083" "Mozilla/5.0 (Windows NT 10.0; Win64; x64) AppleWebKit/537.36 (KHTML, like Gecko) Chrome/96.0.4664.45 Safari/537.36"
163.215.6.1 - - [01/Dec/2021:06:02:37 +0000] "GET /wp-content/themes/cdsl/logo-github.png HTTP/2.0" 200 4545 "https://ja.tak-cslab.org/archives/author/c0118083" "Mozilla/5.0 (Windows NT 10.0; Win64; x64) AppleWebKit/537.36 (KHTML, like Gecko) Chrome/96.0.4664.45 Safari/537.36"
163.215.6.1 - - [01/Dec/2021:06:02:47 +0000] "GET /archives/author/tkoyama HTTP/2.0" 200 8097 "https://ja.tak-cslab.org/about/member" "Mozilla/5.0 (Windows NT 10.0; Win64; x64) AppleWebKit/537.36 (KHTML, like Gecko) Chrome/96.0.4664.45 Safari/537.36"
163.215.6.1 - - [01/Dec/2021:06:02:58 +0000] "GET /archives/author/c0118083 HTTP/2.0" 200 7442 "https://ja.tak-cslab.org/about/member" "Mozilla/5.0 (Windows NT 10.0; Win64; x64) AppleWebKit/537.36 (KHTML, like Gecko) Chrome/96.0.4664.45 Safari/537.36"
34.206.38.217 - - [01/Dec/2021:06:02:59 +0000] "GET /feed HTTP/1.1" 200 56274 "-" "Automate.io BOT"
163.215.6.1 - - [01/Dec/2021:06:03:02 +0000] "GET /archives/author/takamasa-iijima HTTP/2.0" 200 7830 "https://ja.tak-cslab.org/about/member" "Mozilla/5.0 (Windows NT 10.0; Win64; x64) AppleWebKit/537.36 (KHTML, like Gecko) Chrome/96.0.4664.45 Safari/537.36"
163.215.6.1 - - [01/Dec/2021:06:03:05 +0000] "GET /archives/author/kazuhiko-sugimoto HTTP/2.0" 200 7778 "https://ja.tak-cslab.org/about/member" "Mozilla/5.0 (Windows NT 10.0; Win64; x64) AppleWebKit/537.36 (KHTML, like Gecko) Chrome/96.0.4664.45 Safari/537.36"
90.188.255.142 - - [01/Dec/2021:06:03:06 +0000] "GET /archives/460/ HTTP/1.0" 301 162 "http://ja.tak-cslab.org/archives/460/" "Mozilla/5.0 (Windows NT 10.0; Win64; x64) AppleWebKit/537.36 (KHTML, like Gecko) Chrome/90.0.4430.72 Safari/537.36"
90.188.255.142 - - [01/Dec/2021:06:03:07 +0000] "GET /archives/460/ HTTP/1.0" 301 0 "https://ja.tak-cslab.org/archives/460/" "Mozilla/5.0 (Windows NT 10.0; Win64; x64) AppleWebKit/537.36 (KHTML, like Gecko) Chrome/90.0.4430.72 Safari/537.36"
90.188.255.142 - - [01/Dec/2021:06:03:08 +0000] "GET /archives/460 HTTP/1.0" 200 27831 "https://ja.tak-cslab.org/archives/460" "Mozilla/5.0 (Windows NT 10.0; Win64; x64) AppleWebKit/537.36 (KHTML, like Gecko) Chrome/90.0.4430.72 Safari/537.36"
163.215.6.1 - - [01/Dec/2021:06:03:10 +0000] "GET /archives/author/ito-yoshiki HTTP/2.0" 200 7607 "https://ja.tak-cslab.org/about/member" "Mozilla/5.0 (Windows NT 10.0; Win64; x64) AppleWebKit/537.36 (KHTML, like Gecko) Chrome/96.0.4664.45 Safari/537.36"
122.130.164.233 - - [01/Dec/2021:06:03:24 +0000] "GET /archives/1682 HTTP/2.0" 200 7121 "-" "Mozilla/5.0 (iPhone; CPU iPhone OS 14_8_1 like Mac OS X) AppleWebKit/605.1.15 (KHTML, like Gecko) Version/14.1.2 Mobile/15E148 Safari/604.1"
122.130.164.233 - - [01/Dec/2021:06:03:24 +0000] "GET /wp-content/plugins/native-lazyload/assets/images/placeholder.svg HTTP/2.0" 200 88 "https://ja.tak-cslab.org/archives/1682" "Mozilla/5.0 (iPhone; CPU iPhone OS 14_8_1 like Mac OS X) AppleWebKit/605.1.15 (KHTML, like Gecko) Version/14.1.2 Mobile/15E148 Safari/604.1"
122.130.164.233 - - [01/Dec/2021:06:03:24 +0000] "GET /wp-includes/js/comment-reply.min.js?ver=5.8.2 HTTP/2.0" 304 0 "https://ja.tak-cslab.org/archives/1682" "Mozilla/5.0 (iPhone; CPU iPhone OS 14_8_1 like Mac OS X) AppleWebKit/605.1.15 (KHTML, like Gecko) Version/14.1.2 Mobile/15E148 Safari/604.1"
122.130.164.233 - - [01/Dec/2021:06:03:24 +0000] "GET /wp-includes/js/wp-emoji-release.min.js?ver=5.8.2 HTTP/2.0" 304 0 "https://ja.tak-cslab.org/archives/1682" "Mozilla/5.0 (iPhone; CPU iPhone OS 14_8_1 like Mac OS X) AppleWebKit/605.1.15 (KHTML, like Gecko) Version/14.1.2 Mobile/15E148 Safari/604.1"
122.130.164.233 - - [01/Dec/2021:06:03:24 +0000] "GET /wp-includes/js/wp-embed.min.js?ver=5.8.2 HTTP/2.0" 304 0 "https://ja.tak-cslab.org/archives/1682" "Mozilla/5.0 (iPhone; CPU iPhone OS 14_8_1 like Mac OS X) AppleWebKit/605.1.15 (KHTML, like Gecko) Version/14.1.2 Mobile/15E148 Safari/604.1"
122.130.164.233 - - [01/Dec/2021:06:03:24 +0000] "GET /wp-includes/css/dist/block-library/style.min.css?ver=5.8.2 HTTP/2.0" 304 0 "https://ja.tak-cslab.org/archives/1682" "Mozilla/5.0 (iPhone; CPU iPhone OS 14_8_1 like Mac OS X) AppleWebKit/605.1.15 (KHTML, like Gecko) Version/14.1.2 Mobile/15E148 Safari/604.1"
122.130.164.233 - - [01/Dec/2021:06:03:25 +0000] "GET /wp-content/uploads/2021/12/IMG_3285-1-1024x682.jpg HTTP/2.0" 200 122634 "https://ja.tak-cslab.org/archives/1682" "Mozilla/5.0 (iPhone; CPU iPhone OS 14_8_1 like Mac OS X) AppleWebKit/605.1.15 (KHTML, like Gecko) Version/14.1.2 Mobile/15E148 Safari/604.1"
122.130.164.233 - - [01/Dec/2021:06:03:25 +0000] "GET /wp-content/uploads/2021/12/IMG_3285-1-768x511.jpg HTTP/2.0" 200 70454 "https://ja.tak-cslab.org/archives/1682" "Mozilla/5.0 (iPhone; CPU iPhone OS 14_8_1 like Mac OS X) AppleWebKit/605.1.15 (KHTML, like Gecko) Version/14.1.2 Mobile/15E148 Safari/604.1"
163.215.6.1 - - [01/Dec/2021:06:03:27 +0000] "GET /archives/author/futa-takahashi HTTP/2.0" 200 7200 "https://ja.tak-cslab.org/about/member" "Mozilla/5.0 (Windows NT 10.0; Win64; x64) AppleWebKit/537.36 (KHTML, like Gecko) Chrome/96.0.4664.45 Safari/537.36"
163.215.6.1 - - [01/Dec/2021:06:03:42 +0000] "GET /wp-admin/ HTTP/2.0" 200 17822 "https://ja.tak-cslab.org/" "Mozilla/5.0 (Windows NT 10.0; Win64; x64) AppleWebKit/537.36 (KHTML, like Gecko) Chrome/96.0.4664.45 Safari/537.36"
163.215.6.1 - - [01/Dec/2021:06:03:45 +0000] "GET /wp-admin/profile.php HTTP/2.0" 200 14932 "https://ja.tak-cslab.org/wp-admin/" "Mozilla/5.0 (Windows NT 10.0; Win64; x64) AppleWebKit/537.36 (KHTML, like Gecko) Chrome/96.0.4664.45 Safari/537.36"
163.215.6.1 - - [01/Dec/2021:06:04:12 +0000] "POST /wp-admin/profile.php HTTP/2.0" 302 0 "https://ja.tak-cslab.org/wp-admin/profile.php" "Mozilla/5.0 (Windows NT 10.0; Win64; x64) AppleWebKit/537.36 (KHTML, like Gecko) Chrome/96.0.4664.45 Safari/537.36"
163.215.6.1 - - [01/Dec/2021:06:04:12 +0000] "GET /wp-admin/profile.php?updated=1 HTTP/2.0" 200 14986 "https://ja.tak-cslab.org/wp-admin/profile.php" "Mozilla/5.0 (Windows NT 10.0; Win64; x64) AppleWebKit/537.36 (KHTML, like Gecko) Chrome/96.0.4664.45 Safari/537.36"
163.215.6.1 - - [01/Dec/2021:06:04:15 +0000] "GET / HTTP/2.0" 200 7733 "https://ja.tak-cslab.org/wp-admin/profile.php" "Mozilla/5.0 (Windows NT 10.0; Win64; x64) AppleWebKit/537.36 (KHTML, like Gecko) Chrome/96.0.4664.45 Safari/537.36"
163.215.6.1 - - [01/Dec/2021:06:04:18 +0000] "GET /about/member HTTP/2.0" 200 8034 "https://ja.tak-cslab.org/" "Mozilla/5.0 (Windows NT 10.0; Win64; x64) AppleWebKit/537.36 (KHTML, like Gecko) Chrome/96.0.4664.45 Safari/537.36"
163.215.6.1 - - [01/Dec/2021:06:04:22 +0000] "GET /archives/author/futa-takahashi HTTP/2.0" 200 7201 "https://ja.tak-cslab.org/about/member" "Mozilla/5.0 (Windows NT 10.0; Win64; x64) AppleWebKit/537.36 (KHTML, like Gecko) Chrome/96.0.4664.45 Safari/537.36"
153.147.163.203 - - [01/Dec/2021:06:04:24 +0000] "POST /wp-admin/admin-ajax.php HTTP/2.0" 200 103 "https://ja.tak-cslab.org/wp-admin/post.php?post=117&action=edit" "Mozilla/5.0 (Windows NT 10.0; Win64; x64) AppleWebKit/537.36 (KHTML, like Gecko) Chrome/96.0.4664.45 Safari/537.36"
216.245.221.83 - - [01/Dec/2021:06:04:26 +0000] "HEAD / HTTP/1.1" 301 0 "http://ja.tak-cslab.org/" "Mozilla/5.0+(compatible; UptimeRobot/2.0; http://www.uptimerobot.com/)"
216.245.221.83 - - [01/Dec/2021:06:04:26 +0000] "HEAD / HTTP/1.1" 200 0 "http://ja.tak-cslab.org/" "Mozilla/5.0+(compatible; UptimeRobot/2.0; http://www.uptimerobot.com/)"
163.215.6.1 - - [01/Dec/2021:06:04:28 +0000] "GET /wp-admin/ HTTP/2.0" 200 17822 "https://ja.tak-cslab.org/archives/author/futa-takahashi" "Mozilla/5.0 (Windows NT 10.0; Win64; x64) AppleWebKit/537.36 (KHTML, like Gecko) Chrome/96.0.4664.45 Safari/537.36"
163.215.6.1 - - [01/Dec/2021:06:04:31 +0000] "GET /wp-admin/profile.php HTTP/2.0" 200 14933 "https://ja.tak-cslab.org/wp-admin/" "Mozilla/5.0 (Windows NT 10.0; Win64; x64) AppleWebKit/537.36 (KHTML, like Gecko) Chrome/96.0.4664.45 Safari/537.36"
163.215.6.1 - - [01/Dec/2021:06:04:45 +0000] "POST /wp-admin/profile.php HTTP/2.0" 302 0 "https://ja.tak-cslab.org/wp-admin/profile.php" "Mozilla/5.0 (Windows NT 10.0; Win64; x64) AppleWebKit/537.36 (KHTML, like Gecko) Chrome/96.0.4664.45 Safari/537.36"
163.215.6.1 - - [01/Dec/2021:06:04:45 +0000] "GET /wp-admin/profile.php?updated=1 HTTP/2.0" 200 14972 "https://ja.tak-cslab.org/wp-admin/profile.php" "Mozilla/5.0 (Windows NT 10.0; Win64; x64) AppleWebKit/537.36 (KHTML, like Gecko) Chrome/96.0.4664.45 Safari/537.36"
163.215.6.1 - - [01/Dec/2021:06:04:48 +0000] "GET / HTTP/2.0" 200 7733 "https://ja.tak-cslab.org/wp-admin/profile.php" "Mozilla/5.0 (Windows NT 10.0; Win64; x64) AppleWebKit/537.36 (KHTML, like Gecko) Chrome/96.0.4664.45 Safari/537.36"
163.215.6.1 - - [01/Dec/2021:06:04:51 +0000] "GET /about/member HTTP/2.0" 200 8034 "https://ja.tak-cslab.org/" "Mozilla/5.0 (Windows NT 10.0; Win64; x64) AppleWebKit/537.36 (KHTML, like Gecko) Chrome/96.0.4664.45 Safari/537.36"
163.215.6.1 - - [01/Dec/2021:06:04:56 +0000] "GET /archives/author/futa-takahashi HTTP/2.0" 200 7198 "https://ja.tak-cslab.org/about/member" "Mozilla/5.0 (Windows NT 10.0; Win64; x64) AppleWebKit/537.36 (KHTML, like Gecko) Chrome/96.0.4664.45 Safari/537.36"
163.215.6.1 - - [01/Dec/2021:06:05:15 +0000] "GET /archives/author/ryuta-shingu HTTP/2.0" 200 7478 "https://ja.tak-cslab.org/about/member" "Mozilla/5.0 (Windows NT 10.0; Win64; x64) AppleWebKit/537.36 (KHTML, like Gecko) Chrome/96.0.4664.45 Safari/537.36"
163.215.6.1 - - [01/Dec/2021:06:05:19 +0000] "GET /archives/author/c0118006 HTTP/2.0" 200 7491 "https://ja.tak-cslab.org/about/member" "Mozilla/5.0 (Windows NT 10.0; Win64; x64) AppleWebKit/537.36 (KHTML, like Gecko) Chrome/96.0.4664.45 Safari/537.36"
163.215.6.1 - - [01/Dec/2021:06:05:21 +0000] "GET /archives/author/c0118185 HTTP/2.0" 200 7396 "https://ja.tak-cslab.org/about/member" "Mozilla/5.0 (Windows NT 10.0; Win64; x64) AppleWebKit/537.36 (KHTML, like Gecko) Chrome/96.0.4664.45 Safari/537.36"
163.215.6.1 - - [01/Dec/2021:06:05:23 +0000] "GET /archives/author/c0118116 HTTP/2.0" 200 7329 "https://ja.tak-cslab.org/about/member" "Mozilla/5.0 (Windows NT 10.0; Win64; x64) AppleWebKit/537.36 (KHTML, like Gecko) Chrome/96.0.4664.45 Safari/537.36"
163.215.6.1 - - [01/Dec/2021:06:05:26 +0000] "GET /archives/author/yuuki-takagi HTTP/2.0" 200 7681 "https://ja.tak-cslab.org/about/member" "Mozilla/5.0 (Windows NT 10.0; Win64; x64) AppleWebKit/537.36 (KHTML, like Gecko) Chrome/96.0.4664.45 Safari/537.36"
163.215.6.1 - - [01/Dec/2021:06:05:29 +0000] "GET /archives/author/yutaro-takaya HTTP/2.0" 200 7422 "https://ja.tak-cslab.org/about/member" "Mozilla/5.0 (Windows NT 10.0; Win64; x64) AppleWebKit/537.36 (KHTML, like Gecko) Chrome/96.0.4664.45 Safari/537.36"
163.215.6.1 - - [01/Dec/2021:06:05:31 +0000] "GET /archives/author/shota-nakagawa HTTP/2.0" 200 7364 "https://ja.tak-cslab.org/about/member" "Mozilla/5.0 (Windows NT 10.0; Win64; x64) AppleWebKit/537.36 (KHTML, like Gecko) Chrome/96.0.4664.45 Safari/537.36"
163.215.6.1 - - [01/Dec/2021:06:05:35 +0000] "GET /archives/author/ito-yoshiki HTTP/2.0" 200 7607 "https://ja.tak-cslab.org/about/member" "Mozilla/5.0 (Windows NT 10.0; Win64; x64) AppleWebKit/537.36 (KHTML, like Gecko) Chrome/96.0.4664.45 Safari/537.36"
163.215.6.1 - - [01/Dec/2021:06:05:37 +0000] "GET /archives/author/yuuki-takagi HTTP/2.0" 200 7681 "https://ja.tak-cslab.org/about/member" "Mozilla/5.0 (Windows NT 10.0; Win64; x64) AppleWebKit/537.36 (KHTML, like Gecko) Chrome/96.0.4664.45 Safari/537.36"
163.215.6.1 - - [01/Dec/2021:06:05:41 +0000] "GET /archives/author/c0117125 HTTP/2.0" 200 7173 "https://ja.tak-cslab.org/about/member" "Mozilla/5.0 (Windows NT 10.0; Win64; x64) AppleWebKit/537.36 (KHTML, like Gecko) Chrome/96.0.4664.45 Safari/537.36"
163.215.6.1 - - [01/Dec/2021:06:05:43 +0000] "GET /archives/author/c0118050 HTTP/2.0" 200 7439 "https://ja.tak-cslab.org/about/member" "Mozilla/5.0 (Windows NT 10.0; Win64; x64) AppleWebKit/537.36 (KHTML, like Gecko) Chrome/96.0.4664.45 Safari/537.36"
163.215.6.1 - - [01/Dec/2021:06:05:45 +0000] "GET /archives/author/c0118083 HTTP/2.0" 200 7442 "https://ja.tak-cslab.org/about/member" "Mozilla/5.0 (Windows NT 10.0; Win64; x64) AppleWebKit/537.36 (KHTML, like Gecko) Chrome/96.0.4664.45 Safari/537.36"
163.215.6.1 - - [01/Dec/2021:06:05:48 +0000] "GET /archives/author/c0117340 HTTP/2.0" 200 7072 "https://ja.tak-cslab.org/about/member" "Mozilla/5.0 (Windows NT 10.0; Win64; x64) AppleWebKit/537.36 (KHTML, like Gecko) Chrome/96.0.4664.45 Safari/537.36"
163.215.6.1 - - [01/Dec/2021:06:05:51 +0000] "GET /archives/author/c0119360 HTTP/2.0" 200 7087 "https://ja.tak-cslab.org/about/member" "Mozilla/5.0 (Windows NT 10.0; Win64; x64) AppleWebKit/537.36 (KHTML, like Gecko) Chrome/96.0.4664.45 Safari/537.36"
163.215.6.1 - - [01/Dec/2021:06:05:55 +0000] "GET /archives/author/c0118272 HTTP/2.0" 200 7434 "https://ja.tak-cslab.org/about/member" "Mozilla/5.0 (Windows NT 10.0; Win64; x64) AppleWebKit/537.36 (KHTML, like Gecko) Chrome/96.0.4664.45 Safari/537.36"
163.215.6.1 - - [01/Dec/2021:06:05:58 +0000] "GET /archives/author/c0118014 HTTP/2.0" 200 7444 "https://ja.tak-cslab.org/about/member" "Mozilla/5.0 (Windows NT 10.0; Win64; x64) AppleWebKit/537.36 (KHTML, like Gecko) Chrome/96.0.4664.45 Safari/537.36"
163.215.6.1 - - [01/Dec/2021:06:06:00 +0000] "GET /archives/author/c0118220 HTTP/2.0" 200 7258 "https://ja.tak-cslab.org/about/member" "Mozilla/5.0 (Windows NT 10.0; Win64; x64) AppleWebKit/537.36 (KHTML, like Gecko) Chrome/96.0.4664.45 Safari/537.36"
163.215.6.1 - - [01/Dec/2021:06:06:02 +0000] "GET /archives/author/c0118050 HTTP/2.0" 200 7439 "https://ja.tak-cslab.org/about/member" "Mozilla/5.0 (Windows NT 10.0; Win64; x64) AppleWebKit/537.36 (KHTML, like Gecko) Chrome/96.0.4664.45 Safari/537.36"
163.215.6.1 - - [01/Dec/2021:06:06:04 +0000] "GET /archives/author/c0118004 HTTP/2.0" 200 7284 "https://ja.tak-cslab.org/about/member" "Mozilla/5.0 (Windows NT 10.0; Win64; x64) AppleWebKit/537.36 (KHTML, like Gecko) Chrome/96.0.4664.45 Safari/537.36"
163.215.6.1 - - [01/Dec/2021:06:06:06 +0000] "GET /archives/author/takumi-yamasaki HTTP/2.0" 200 7166 "https://ja.tak-cslab.org/about/member" "Mozilla/5.0 (Windows NT 10.0; Win64; x64) AppleWebKit/537.36 (KHTML, like Gecko) Chrome/96.0.4664.45 Safari/537.36"
163.215.6.1 - - [01/Dec/2021:06:06:08 +0000] "GET /archives/author/tkoyama HTTP/2.0" 200 8097 "https://ja.tak-cslab.org/about/member" "Mozilla/5.0 (Windows NT 10.0; Win64; x64) AppleWebKit/537.36 (KHTML, like Gecko) Chrome/96.0.4664.45 Safari/537.36"
163.215.6.1 - - [01/Dec/2021:06:06:10 +0000] "GET /archives/author/tkoyama HTTP/2.0" 200 8097 "https://ja.tak-cslab.org/about/member" "Mozilla/5.0 (Windows NT 10.0; Win64; x64) AppleWebKit/537.36 (KHTML, like Gecko) Chrome/96.0.4664.45 Safari/537.36"
163.215.6.1 - - [01/Dec/2021:06:06:13 +0000] "GET /wp-admin/ HTTP/2.0" 200 17822 "https://ja.tak-cslab.org/about/member" "Mozilla/5.0 (Windows NT 10.0; Win64; x64) AppleWebKit/537.36 (KHTML, like Gecko) Chrome/96.0.4664.45 Safari/537.36"
163.215.6.1 - - [01/Dec/2021:06:06:15 +0000] "GET /wp-admin/profile.php HTTP/2.0" 200 14932 "https://ja.tak-cslab.org/wp-admin/" "Mozilla/5.0 (Windows NT 10.0; Win64; x64) AppleWebKit/537.36 (KHTML, like Gecko) Chrome/96.0.4664.45 Safari/537.36"
153.147.163.203 - - [01/Dec/2021:06:06:25 +0000] "POST /wp-admin/admin-ajax.php HTTP/2.0" 200 103 "https://ja.tak-cslab.org/wp-admin/post.php?post=117&action=edit" "Mozilla/5.0 (Windows NT 10.0; Win64; x64) AppleWebKit/537.36 (KHTML, like Gecko) Chrome/96.0.4664.45 Safari/537.36"
153.231.3.34 - - [01/Dec/2021:06:06:37 +0000] "GET /wp-content/uploads/2021/01/%E3%83%92%E3%83%89%E3%83%A9.jpeg HTTP/2.0" 200 12823 "https://www.google.co.jp/" "Mozilla/5.0 (Windows NT 10.0; Win64; x64) AppleWebKit/537.36 (KHTML, like Gecko) Chrome/96.0.4664.55 Safari/537.36 Edg/96.0.1054.34"
207.46.13.41 - - [01/Dec/2021:06:06:52 +0000] "GET /wp-content/uploads/2021/04/CDSL-System-Architecture7-600x338.png HTTP/2.0" 200 103527 "-" "Mozilla/5.0 (compatible; bingbot/2.0; +http://www.bing.com/bingbot.htm)"
163.215.6.1 - - [01/Dec/2021:06:07:15 +0000] "POST /wp-admin/admin-ajax.php HTTP/2.0" 200 67 "https://ja.tak-cslab.org/wp-admin/profile.php" "Mozilla/5.0 (Windows NT 10.0; Win64; x64) AppleWebKit/537.36 (KHTML, like Gecko) Chrome/96.0.4664.45 Safari/537.36"
35.74.27.239 - - [01/Dec/2021:06:07:21 +0000] "GET /wp-content/uploads/2020/09/20200925_200925_0-1.jpg HTTP/1.1" 200 247845 "-" "Slack-ImgProxy (+https://api.slack.com/robots)"
126.224.128.63 - - [01/Dec/2021:06:07:21 +0000] "GET /favicon.ico HTTP/2.0" 302 0 "-" "com.tinyspeck.chatlyio/21.11.20 (iPhone; iOS 14.8; Scale/2.00)"
126.224.128.63 - - [01/Dec/2021:06:07:22 +0000] "GET /wp-includes/images/w-logo-blue-white-bg.png HTTP/2.0" 200 4119 "-" "com.tinyspeck.chatlyio/21.11.20 (iPhone; iOS 14.8; Scale/2.00)"
34.206.38.217 - - [01/Dec/2021:06:08:00 +0000] "GET /feed HTTP/1.1" 200 56260 "-" "Automate.io BOT"
163.215.6.1 - - [01/Dec/2021:06:08:15 +0000] "POST /wp-admin/admin-ajax.php HTTP/2.0" 200 67 "https://ja.tak-cslab.org/wp-admin/profile.php" "Mozilla/5.0 (Windows NT 10.0; Win64; x64) AppleWebKit/537.36 (KHTML, like Gecko) Chrome/96.0.4664.45 Safari/537.36"
163.215.6.1 - - [01/Dec/2021:06:08:43 +0000] "POST /wp-admin/profile.php HTTP/2.0" 302 0 "https://ja.tak-cslab.org/wp-admin/profile.php" "Mozilla/5.0 (Windows NT 10.0; Win64; x64) AppleWebKit/537.36 (KHTML, like Gecko) Chrome/96.0.4664.45 Safari/537.36"
163.215.6.1 - - [01/Dec/2021:06:08:43 +0000] "GET /wp-admin/profile.php?updated=1 HTTP/2.0" 200 15042 "https://ja.tak-cslab.org/wp-admin/profile.php" "Mozilla/5.0 (Windows NT 10.0; Win64; x64) AppleWebKit/537.36 (KHTML, like Gecko) Chrome/96.0.4664.45 Safari/537.36"
163.215.6.1 - - [01/Dec/2021:06:08:48 +0000] "GET / HTTP/2.0" 200 7733 "https://ja.tak-cslab.org/wp-admin/profile.php" "Mozilla/5.0 (Windows NT 10.0; Win64; x64) AppleWebKit/537.36 (KHTML, like Gecko) Chrome/96.0.4664.45 Safari/537.36"
163.215.6.1 - - [01/Dec/2021:06:08:56 +0000] "GET /topics/blog HTTP/2.0" 200 14741 "https://ja.tak-cslab.org/" "Mozilla/5.0 (Windows NT 10.0; Win64; x64) AppleWebKit/537.36 (KHTML, like Gecko) Chrome/96.0.4664.45 Safari/537.36"
216.245.221.83 - - [01/Dec/2021:06:09:26 +0000] "HEAD / HTTP/1.1" 301 0 "http://ja.tak-cslab.org/" "Mozilla/5.0+(compatible; UptimeRobot/2.0; http://www.uptimerobot.com/)"
216.245.221.83 - - [01/Dec/2021:06:09:26 +0000] "HEAD / HTTP/1.1" 200 0 "http://ja.tak-cslab.org/" "Mozilla/5.0+(compatible; UptimeRobot/2.0; http://www.uptimerobot.com/)"
153.147.163.203 - - [01/Dec/2021:06:10:47 +0000] "GET /tech-report HTTP/2.0" 200 15000 "https://ja.tak-cslab.org/" "Mozilla/5.0 (Windows NT 10.0; Win64; x64) AppleWebKit/537.36 (KHTML, like Gecko) Chrome/96.0.4664.45 Safari/537.36"
153.147.163.203 - - [01/Dec/2021:06:10:47 +0000] "GET /favicon.ico HTTP/2.0" 302 0 "https://ja.tak-cslab.org/tech-report" "Mozilla/5.0 (Windows NT 10.0; Win64; x64) AppleWebKit/537.36 (KHTML, like Gecko) Chrome/96.0.4664.45 Safari/537.36"
153.147.163.203 - - [01/Dec/2021:06:10:47 +0000] "GET /wp-includes/images/w-logo-blue-white-bg.png HTTP/2.0" 200 4119 "https://ja.tak-cslab.org/tech-report" "Mozilla/5.0 (Windows NT 10.0; Win64; x64) AppleWebKit/537.36 (KHTML, like Gecko) Chrome/96.0.4664.45 Safari/537.36"
163.215.6.1 - - [01/Dec/2021:06:10:51 +0000] "GET /topics/blog/page/2 HTTP/2.0" 200 21311 "https://ja.tak-cslab.org/topics/blog" "Mozilla/5.0 (Windows NT 10.0; Win64; x64) AppleWebKit/537.36 (KHTML, like Gecko) Chrome/96.0.4664.45 Safari/537.36"
163.215.6.1 - - [01/Dec/2021:06:11:05 +0000] "GET /topics/blog/page/3 HTTP/2.0" 200 16639 "https://ja.tak-cslab.org/topics/blog/page/2" "Mozilla/5.0 (Windows NT 10.0; Win64; x64) AppleWebKit/537.36 (KHTML, like Gecko) Chrome/96.0.4664.45 Safari/537.36"
163.215.6.1 - - [01/Dec/2021:06:11:11 +0000] "GET /topics/blog/page/4 HTTP/2.0" 200 19047 "https://ja.tak-cslab.org/topics/blog/page/3" "Mozilla/5.0 (Windows NT 10.0; Win64; x64) AppleWebKit/537.36 (KHTML, like Gecko) Chrome/96.0.4664.45 Safari/537.36"
3.239.94.167 - - [01/Dec/2021:06:11:16 +0000] "GET /tech-report HTTP/1.1" 200 12824 "-" "Slackbot-LinkExpanding 1.0 (+https://api.slack.com/robots)"
34.229.119.99 - - [01/Dec/2021:06:11:16 +0000] "GET /wp-json/oembed/1.0/embed?url=https%3A%2F%2Fja.tak-cslab.org%2Ftech-report&maxheight=150 HTTP/1.1" 200 1244 "-" "Slackbot-LinkExpanding 1.0 (+https://api.slack.com/robots)"
3.237.239.38 - - [01/Dec/2021:06:11:17 +0000] "GET /favicon.ico HTTP/1.1" 302 5 "-" "Slackbot 1.0 (+https://api.slack.com/robots)"
3.237.239.38 - - [01/Dec/2021:06:11:17 +0000] "GET /wp-includes/images/w-logo-blue-white-bg.png HTTP/1.1" 200 4119 "-" "Slackbot 1.0 (+https://api.slack.com/robots)"
18.181.185.232 - - [01/Dec/2021:06:11:18 +0000] "GET /favicon.ico HTTP/1.1" 302 5 "-" "Slack-ImgProxy (+https://api.slack.com/robots)"
54.178.40.112 - - [01/Dec/2021:06:11:18 +0000] "GET /wp-includes/images/w-logo-blue-white-bg.png HTTP/1.1" 200 4119 "-" "Slack-ImgProxy (+https://api.slack.com/robots)"
163.215.6.1 - - [01/Dec/2021:06:11:20 +0000] "GET /topics/blog/page/5 HTTP/2.0" 200 18939 "https://ja.tak-cslab.org/topics/blog/page/4" "Mozilla/5.0 (Windows NT 10.0; Win64; x64) AppleWebKit/537.36 (KHTML, like Gecko) Chrome/96.0.4664.45 Safari/537.36"
163.215.6.1 - - [01/Dec/2021:06:11:30 +0000] "GET /topics/blog/page/6 HTTP/2.0" 200 17586 "https://ja.tak-cslab.org/topics/blog/page/5" "Mozilla/5.0 (Windows NT 10.0; Win64; x64) AppleWebKit/537.36 (KHTML, like Gecko) Chrome/96.0.4664.45 Safari/537.36"
163.215.6.1 - - [01/Dec/2021:06:11:40 +0000] "GET /topics/blog/page/7 HTTP/2.0" 200 15490 "https://ja.tak-cslab.org/topics/blog/page/6" "Mozilla/5.0 (Windows NT 10.0; Win64; x64) AppleWebKit/537.36 (KHTML, like Gecko) Chrome/96.0.4664.45 Safari/537.36"
34.206.38.217 - - [01/Dec/2021:06:13:00 +0000] "GET /feed HTTP/1.1" 200 56281 "-" "Automate.io BOT"
54.166.165.75 - - [01/Dec/2021:06:13:44 +0000] "HEAD /feed HTTP/2.0" 200 0 "-" "Slackbot 1.0 (+https://api.slack.com/robots)"
54.83.83.160 - - [01/Dec/2021:06:13:44 +0000] "GET /feed HTTP/1.1" 200 56281 "-" "Slackbot 1.0 (+https://api.slack.com/robots)"
54.85.162.32 - - [01/Dec/2021:06:13:45 +0000] "GET / HTTP/1.1" 200 6241 "-" "Slackbot 1.0 (+https://api.slack.com/robots)"
163.215.6.1 - - [01/Dec/2021:06:13:59 +0000] "GET /wp-admin/ HTTP/2.0" 200 17822 "https://ja.tak-cslab.org/topics/blog/page/7" "Mozilla/5.0 (Windows NT 10.0; Win64; x64) AppleWebKit/537.36 (KHTML, like Gecko) Chrome/96.0.4664.45 Safari/537.36"
163.215.6.1 - - [01/Dec/2021:06:14:02 +0000] "GET /wp-admin/profile.php HTTP/2.0" 200 14986 "https://ja.tak-cslab.org/wp-admin/" "Mozilla/5.0 (Windows NT 10.0; Win64; x64) AppleWebKit/537.36 (KHTML, like Gecko) Chrome/96.0.4664.45 Safari/537.36"
216.245.221.83 - - [01/Dec/2021:06:14:26 +0000] "HEAD / HTTP/1.1" 301 0 "http://ja.tak-cslab.org/" "Mozilla/5.0+(compatible; UptimeRobot/2.0; http://www.uptimerobot.com/)"
