216.245.221.83 - - [09/Dec/2021:00:03:29 +0000] "HEAD / HTTP/1.1" 301 0 "http://ja.tak-cslab.org/" "Mozilla/5.0+(compatible; UptimeRobot/2.0; http://www.uptimerobot.com/)"
163.215.6.1 - - [09/Dec/2021:00:03:29 +0000] "POST /wp-cron.php?doing_wp_cron=1639008209.6801609992980957031250 HTTP/1.1" 200 31 "https://ja.tak-cslab.org/wp-cron.php?doing_wp_cron=1639008209.6801609992980957031250" "WordPress/5.8.2; https://ja.tak-cslab.org"
216.245.221.83 - - [09/Dec/2021:00:03:29 +0000] "HEAD / HTTP/1.1" 200 0 "http://ja.tak-cslab.org/" "Mozilla/5.0+(compatible; UptimeRobot/2.0; http://www.uptimerobot.com/)"
216.245.221.83 - - [09/Dec/2021:00:08:29 +0000] "HEAD / HTTP/1.1" 301 0 "http://ja.tak-cslab.org/" "Mozilla/5.0+(compatible; UptimeRobot/2.0; http://www.uptimerobot.com/)"
216.245.221.83 - - [09/Dec/2021:00:08:29 +0000] "HEAD / HTTP/1.1" 200 0 "http://ja.tak-cslab.org/" "Mozilla/5.0+(compatible; UptimeRobot/2.0; http://www.uptimerobot.com/)"
216.245.221.83 - - [09/Dec/2021:00:13:29 +0000] "HEAD / HTTP/1.1" 301 0 "http://ja.tak-cslab.org/" "Mozilla/5.0+(compatible; UptimeRobot/2.0; http://www.uptimerobot.com/)"
216.245.221.83 - - [09/Dec/2021:00:13:29 +0000] "HEAD / HTTP/1.1" 200 0 "http://ja.tak-cslab.org/" "Mozilla/5.0+(compatible; UptimeRobot/2.0; http://www.uptimerobot.com/)"
3.215.190.50 - - [09/Dec/2021:00:13:40 +0000] "HEAD /feed HTTP/2.0" 200 0 "-" "Slackbot 1.0 (+https://api.slack.com/robots)"
44.197.246.59 - - [09/Dec/2021:00:13:41 +0000] "GET /feed HTTP/1.1" 200 54716 "-" "Slackbot 1.0 (+https://api.slack.com/robots)"
3.81.68.98 - - [09/Dec/2021:00:13:42 +0000] "GET / HTTP/1.1" 200 6223 "-" "Slackbot 1.0 (+https://api.slack.com/robots)"
34.206.38.217 - - [09/Dec/2021:00:14:28 +0000] "GET /feed HTTP/1.1" 200 54718 "-" "Automate.io BOT"
216.245.221.83 - - [09/Dec/2021:00:18:29 +0000] "HEAD / HTTP/1.1" 301 0 "http://ja.tak-cslab.org/" "Mozilla/5.0+(compatible; UptimeRobot/2.0; http://www.uptimerobot.com/)"
163.215.6.1 - - [09/Dec/2021:00:18:29 +0000] "POST /wp-cron.php?doing_wp_cron=1639009109.6403620243072509765625 HTTP/1.1" 200 31 "https://ja.tak-cslab.org/wp-cron.php?doing_wp_cron=1639009109.6403620243072509765625" "WordPress/5.8.2; https://ja.tak-cslab.org"
216.245.221.83 - - [09/Dec/2021:00:18:29 +0000] "HEAD / HTTP/1.1" 200 0 "http://ja.tak-cslab.org/" "Mozilla/5.0+(compatible; UptimeRobot/2.0; http://www.uptimerobot.com/)"
34.206.38.217 - - [09/Dec/2021:00:19:28 +0000] "GET /feed HTTP/1.1" 200 54718 "-" "Automate.io BOT"
163.215.6.1 - - [09/Dec/2021:00:21:37 +0000] "GET /tech-report HTTP/2.0" 200 12894 "-" "Mozilla/5.0 (Windows NT 10.0; Win64; x64) AppleWebKit/537.36 (KHTML, like Gecko) Chrome/96.0.4664.55 Safari/537.36 Edg/96.0.1054.43"
216.245.221.83 - - [09/Dec/2021:00:23:29 +0000] "HEAD / HTTP/1.1" 301 0 "http://ja.tak-cslab.org/" "Mozilla/5.0+(compatible; UptimeRobot/2.0; http://www.uptimerobot.com/)"
216.245.221.83 - - [09/Dec/2021:00:23:29 +0000] "HEAD / HTTP/1.1" 200 0 "http://ja.tak-cslab.org/" "Mozilla/5.0+(compatible; UptimeRobot/2.0; http://www.uptimerobot.com/)"
216.245.221.83 - - [09/Dec/2021:00:28:29 +0000] "HEAD / HTTP/1.1" 301 0 "http://ja.tak-cslab.org/" "Mozilla/5.0+(compatible; UptimeRobot/2.0; http://www.uptimerobot.com/)"
216.245.221.83 - - [09/Dec/2021:00:28:29 +0000] "HEAD / HTTP/1.1" 200 0 "http://ja.tak-cslab.org/" "Mozilla/5.0+(compatible; UptimeRobot/2.0; http://www.uptimerobot.com/)"
34.206.38.217 - - [09/Dec/2021:00:29:29 +0000] "GET /feed HTTP/1.1" 200 54716 "-" "Automate.io BOT"
52.69.106.112 - - [09/Dec/2021:00:31:10 +0000] "GET /archives/author/kazuhiko-sugimoto HTTP/1.1" 200 21572 "https://www.google.co.jp/" "User-Agent: Mozilla/5.0 (Windows NT 6.1; Win64; x64) AppleWebKit/537.36 (KHTML, like Gecko) Chrome/72.0.3626.119 Safari/537.36"
216.245.221.83 - - [09/Dec/2021:00:33:29 +0000] "HEAD / HTTP/1.1" 301 0 "http://ja.tak-cslab.org/" "Mozilla/5.0+(compatible; UptimeRobot/2.0; http://www.uptimerobot.com/)"
216.245.221.83 - - [09/Dec/2021:00:33:29 +0000] "HEAD / HTTP/1.1" 200 0 "http://ja.tak-cslab.org/" "Mozilla/5.0+(compatible; UptimeRobot/2.0; http://www.uptimerobot.com/)"
100.26.54.172 - - [09/Dec/2021:00:33:40 +0000] "HEAD /feed HTTP/2.0" 200 0 "-" "Slackbot 1.0 (+https://api.slack.com/robots)"
34.238.193.181 - - [09/Dec/2021:00:33:40 +0000] "GET /feed HTTP/1.1" 200 54716 "-" "Slackbot 1.0 (+https://api.slack.com/robots)"
54.164.116.129 - - [09/Dec/2021:00:33:41 +0000] "GET / HTTP/1.1" 200 6223 "-" "Slackbot 1.0 (+https://api.slack.com/robots)"
34.206.38.217 - - [09/Dec/2021:00:34:28 +0000] "GET /feed HTTP/1.1" 200 54716 "-" "Automate.io BOT"
185.191.171.8 - - [09/Dec/2021:00:36:12 +0000] "GET /robots.txt HTTP/1.1" 200 123 "-" "Mozilla/5.0 (compatible; SemrushBot/7~bl; +http://www.semrush.com/bot.html)"
185.191.171.3 - - [09/Dec/2021:00:36:12 +0000] "GET /10gin_cds1?redirect_to=https%3A%2F%2Fja.tak-cslab.org%2Farchives%2F312 HTTP/1.1" 200 4545 "-" "Mozilla/5.0 (compatible; SemrushBot/7~bl; +http://www.semrush.com/bot.html)"
159.69.137.16 - - [09/Dec/2021:00:36:42 +0000] "GET /feed HTTP/1.1" 200 54716 "-" "Mozilla/5.0 (compatible; DataForSeoBot/1.0; +https://dataforseo.com/dataforseo-bot)"
54.178.7.13 - - [09/Dec/2021:00:37:30 +0000] "GET /favicon.ico HTTP/1.1" 302 5 "-" "Slack-ImgProxy (+https://api.slack.com/robots)"
3.113.182.228 - - [09/Dec/2021:00:37:30 +0000] "GET /wp-includes/images/w-logo-blue-white-bg.png HTTP/1.1" 200 4119 "-" "Slack-ImgProxy (+https://api.slack.com/robots)"
116.202.192.48 - - [09/Dec/2021:00:37:32 +0000] "GET /comments/feed HTTP/1.1" 200 815 "-" "Mozilla/5.0 (compatible; DataForSeoBot/1.0; +https://dataforseo.com/dataforseo-bot)"
216.245.221.83 - - [09/Dec/2021:00:38:29 +0000] "HEAD / HTTP/1.1" 301 0 "http://ja.tak-cslab.org/" "Mozilla/5.0+(compatible; UptimeRobot/2.0; http://www.uptimerobot.com/)"
216.245.221.83 - - [09/Dec/2021:00:38:30 +0000] "HEAD / HTTP/1.1" 200 0 "http://ja.tak-cslab.org/" "Mozilla/5.0+(compatible; UptimeRobot/2.0; http://www.uptimerobot.com/)"
34.206.38.217 - - [09/Dec/2021:00:39:28 +0000] "GET /feed HTTP/1.1" 200 54716 "-" "Automate.io BOT"
216.245.221.83 - - [09/Dec/2021:00:43:29 +0000] "HEAD / HTTP/1.1" 301 0 "http://ja.tak-cslab.org/" "Mozilla/5.0+(compatible; UptimeRobot/2.0; http://www.uptimerobot.com/)"
216.245.221.83 - - [09/Dec/2021:00:43:29 +0000] "HEAD / HTTP/1.1" 200 0 "http://ja.tak-cslab.org/" "Mozilla/5.0+(compatible; UptimeRobot/2.0; http://www.uptimerobot.com/)"
34.206.38.217 - - [09/Dec/2021:00:44:29 +0000] "GET /feed HTTP/1.1" 200 54709 "-" "Automate.io BOT"
216.245.221.83 - - [09/Dec/2021:00:48:29 +0000] "HEAD / HTTP/1.1" 301 0 "http://ja.tak-cslab.org/" "Mozilla/5.0+(compatible; UptimeRobot/2.0; http://www.uptimerobot.com/)"
216.245.221.83 - - [09/Dec/2021:00:48:29 +0000] "HEAD / HTTP/1.1" 200 0 "http://ja.tak-cslab.org/" "Mozilla/5.0+(compatible; UptimeRobot/2.0; http://www.uptimerobot.com/)"
34.206.38.217 - - [09/Dec/2021:00:49:29 +0000] "GET /feed HTTP/1.1" 200 54718 "-" "Automate.io BOT"
185.191.171.37 - - [09/Dec/2021:00:50:08 +0000] "GET /?page_id=204 HTTP/1.1" 301 5 "-" "Mozilla/5.0 (compatible; SemrushBot/7~bl; +http://www.semrush.com/bot.html)"
185.191.171.3 - - [09/Dec/2021:00:50:09 +0000] "GET /about/facility HTTP/1.1" 200 5372 "-" "Mozilla/5.0 (compatible; SemrushBot/7~bl; +http://www.semrush.com/bot.html)"
216.245.221.83 - - [09/Dec/2021:00:53:29 +0000] "HEAD / HTTP/1.1" 301 0 "http://ja.tak-cslab.org/" "Mozilla/5.0+(compatible; UptimeRobot/2.0; http://www.uptimerobot.com/)"
216.245.221.83 - - [09/Dec/2021:00:53:29 +0000] "HEAD / HTTP/1.1" 200 0 "http://ja.tak-cslab.org/" "Mozilla/5.0+(compatible; UptimeRobot/2.0; http://www.uptimerobot.com/)"
3.236.149.27 - - [09/Dec/2021:00:53:42 +0000] "HEAD /feed HTTP/2.0" 200 0 "-" "Slackbot 1.0 (+https://api.slack.com/robots)"
44.198.162.205 - - [09/Dec/2021:00:53:43 +0000] "GET /feed HTTP/1.1" 200 54716 "-" "Slackbot 1.0 (+https://api.slack.com/robots)"
3.227.243.65 - - [09/Dec/2021:00:53:44 +0000] "GET / HTTP/1.1" 200 6223 "-" "Slackbot 1.0 (+https://api.slack.com/robots)"
54.39.177.197 - - [09/Dec/2021:00:53:54 +0000] "GET /feed HTTP/1.1" 200 54716 "-" "Mozilla/5.0 (compatible; YaK/1.0; http://linkfluence.com/; bot@linkfluence.com)"
216.245.221.83 - - [09/Dec/2021:00:58:29 +0000] "HEAD / HTTP/1.1" 301 0 "http://ja.tak-cslab.org/" "Mozilla/5.0+(compatible; UptimeRobot/2.0; http://www.uptimerobot.com/)"
216.245.221.83 - - [09/Dec/2021:00:58:29 +0000] "HEAD / HTTP/1.1" 200 0 "http://ja.tak-cslab.org/" "Mozilla/5.0+(compatible; UptimeRobot/2.0; http://www.uptimerobot.com/)"
34.206.38.217 - - [09/Dec/2021:00:59:31 +0000] "GET /feed HTTP/1.1" 200 54718 "-" "Automate.io BOT"
216.245.221.83 - - [09/Dec/2021:01:03:29 +0000] "HEAD / HTTP/1.1" 301 0 "http://ja.tak-cslab.org/" "Mozilla/5.0+(compatible; UptimeRobot/2.0; http://www.uptimerobot.com/)"
163.215.6.1 - - [09/Dec/2021:01:03:29 +0000] "POST /wp-cron.php?doing_wp_cron=1639011809.6626911163330078125000 HTTP/1.1" 200 31 "https://ja.tak-cslab.org/wp-cron.php?doing_wp_cron=1639011809.6626911163330078125000" "WordPress/5.8.2; https://ja.tak-cslab.org"
216.245.221.83 - - [09/Dec/2021:01:03:29 +0000] "HEAD / HTTP/1.1" 200 0 "http://ja.tak-cslab.org/" "Mozilla/5.0+(compatible; UptimeRobot/2.0; http://www.uptimerobot.com/)"
34.206.38.217 - - [09/Dec/2021:01:04:31 +0000] "GET /feed HTTP/1.1" 200 54704 "-" "Automate.io BOT"
216.245.221.83 - - [09/Dec/2021:01:08:29 +0000] "HEAD / HTTP/1.1" 301 0 "http://ja.tak-cslab.org/" "Mozilla/5.0+(compatible; UptimeRobot/2.0; http://www.uptimerobot.com/)"
216.245.221.83 - - [09/Dec/2021:01:08:29 +0000] "HEAD / HTTP/1.1" 200 0 "http://ja.tak-cslab.org/" "Mozilla/5.0+(compatible; UptimeRobot/2.0; http://www.uptimerobot.com/)"
34.206.38.217 - - [09/Dec/2021:01:09:31 +0000] "GET /feed HTTP/1.1" 200 54718 "-" "Automate.io BOT"
216.245.221.83 - - [09/Dec/2021:01:13:29 +0000] "HEAD / HTTP/1.1" 301 0 "http://ja.tak-cslab.org/" "Mozilla/5.0+(compatible; UptimeRobot/2.0; http://www.uptimerobot.com/)"
216.245.221.83 - - [09/Dec/2021:01:13:29 +0000] "HEAD / HTTP/1.1" 200 0 "http://ja.tak-cslab.org/" "Mozilla/5.0+(compatible; UptimeRobot/2.0; http://www.uptimerobot.com/)"
34.239.171.121 - - [09/Dec/2021:01:13:41 +0000] "HEAD /feed HTTP/2.0" 200 0 "-" "Slackbot 1.0 (+https://api.slack.com/robots)"
3.86.55.66 - - [09/Dec/2021:01:13:42 +0000] "GET /feed HTTP/1.1" 200 54718 "-" "Slackbot 1.0 (+https://api.slack.com/robots)"
54.80.151.160 - - [09/Dec/2021:01:13:43 +0000] "GET / HTTP/1.1" 200 6215 "-" "Slackbot 1.0 (+https://api.slack.com/robots)"
34.206.38.217 - - [09/Dec/2021:01:14:31 +0000] "GET /feed HTTP/1.1" 200 54716 "-" "Automate.io BOT"
18.180.84.194 - - [09/Dec/2021:01:15:31 +0000] "GET /favicon.ico HTTP/1.1" 302 5 "-" "Slack-ImgProxy (+https://api.slack.com/robots)"
18.181.152.35 - - [09/Dec/2021:01:15:31 +0000] "GET /wp-includes/images/w-logo-blue-white-bg.png HTTP/1.1" 200 4119 "-" "Slack-ImgProxy (+https://api.slack.com/robots)"
35.185.241.102 - - [09/Dec/2021:01:17:38 +0000] "GET / HTTP/1.1" 301 162 "-" "Mozilla/5.0 (Windows NT 6.1; WOW64; Trident/7.0; rv:11.0) like Gecko"
35.185.241.102 - - [09/Dec/2021:01:17:38 +0000] "GET / HTTP/1.1" 200 22008 "-" "Mozilla/5.0 (Windows NT 6.1; WOW64; Trident/7.0; rv:11.0) like Gecko"
216.245.221.83 - - [09/Dec/2021:01:18:29 +0000] "HEAD / HTTP/1.1" 301 0 "http://ja.tak-cslab.org/" "Mozilla/5.0+(compatible; UptimeRobot/2.0; http://www.uptimerobot.com/)"
163.215.6.1 - - [09/Dec/2021:01:18:29 +0000] "POST /wp-cron.php?doing_wp_cron=1639012709.6646969318389892578125 HTTP/1.1" 200 31 "https://ja.tak-cslab.org/wp-cron.php?doing_wp_cron=1639012709.6646969318389892578125" "WordPress/5.8.2; https://ja.tak-cslab.org"
216.245.221.83 - - [09/Dec/2021:01:18:29 +0000] "HEAD / HTTP/1.1" 200 0 "http://ja.tak-cslab.org/" "Mozilla/5.0+(compatible; UptimeRobot/2.0; http://www.uptimerobot.com/)"
34.206.38.217 - - [09/Dec/2021:01:19:31 +0000] "GET /feed HTTP/1.1" 200 54718 "-" "Automate.io BOT"
216.245.221.83 - - [09/Dec/2021:01:23:29 +0000] "HEAD / HTTP/1.1" 301 0 "http://ja.tak-cslab.org/" "Mozilla/5.0+(compatible; UptimeRobot/2.0; http://www.uptimerobot.com/)"
216.245.221.83 - - [09/Dec/2021:01:23:29 +0000] "HEAD / HTTP/1.1" 200 0 "http://ja.tak-cslab.org/" "Mozilla/5.0+(compatible; UptimeRobot/2.0; http://www.uptimerobot.com/)"
34.206.38.217 - - [09/Dec/2021:01:24:31 +0000] "GET /feed HTTP/1.1" 200 54716 "-" "Automate.io BOT"
104.244.73.8 - - [09/Dec/2021:01:25:47 +0000] "POST /xmlrpc.php HTTP/1.0" 301 162 "-" "Mozilla/5.0 (Windows NT 6.3; Win64; x64) AppleWebKit/537.36 (KHTML, like Gecko) Chrome/86.0.4240.75 Safari/537.36"
104.244.73.8 - - [09/Dec/2021:01:25:49 +0000] "POST /xmlrpc.php HTTP/1.0" 200 403 "-" "Mozilla/5.0 (Windows NT 6.3; Win64; x64) AppleWebKit/537.36 (KHTML, like Gecko) Chrome/86.0.4240.75 Safari/537.36"
216.245.221.83 - - [09/Dec/2021:01:28:29 +0000] "HEAD / HTTP/1.1" 301 0 "http://ja.tak-cslab.org/" "Mozilla/5.0+(compatible; UptimeRobot/2.0; http://www.uptimerobot.com/)"
216.245.221.83 - - [09/Dec/2021:01:28:29 +0000] "HEAD / HTTP/1.1" 200 0 "http://ja.tak-cslab.org/" "Mozilla/5.0+(compatible; UptimeRobot/2.0; http://www.uptimerobot.com/)"
34.206.38.217 - - [09/Dec/2021:01:29:31 +0000] "GET /feed HTTP/1.1" 200 54716 "-" "Automate.io BOT"
216.245.221.83 - - [09/Dec/2021:01:33:29 +0000] "HEAD / HTTP/1.1" 301 0 "http://ja.tak-cslab.org/" "Mozilla/5.0+(compatible; UptimeRobot/2.0; http://www.uptimerobot.com/)"
216.245.221.83 - - [09/Dec/2021:01:33:29 +0000] "HEAD / HTTP/1.1" 200 0 "http://ja.tak-cslab.org/" "Mozilla/5.0+(compatible; UptimeRobot/2.0; http://www.uptimerobot.com/)"
34.238.193.181 - - [09/Dec/2021:01:33:38 +0000] "HEAD /feed HTTP/2.0" 200 0 "-" "Slackbot 1.0 (+https://api.slack.com/robots)"
54.227.79.29 - - [09/Dec/2021:01:33:39 +0000] "GET /feed HTTP/1.1" 200 54716 "-" "Slackbot 1.0 (+https://api.slack.com/robots)"
54.145.151.120 - - [09/Dec/2021:01:33:40 +0000] "GET / HTTP/1.1" 200 6223 "-" "Slackbot 1.0 (+https://api.slack.com/robots)"
163.215.6.1 - - [09/Dec/2021:01:34:31 +0000] "POST /wp-cron.php?doing_wp_cron=1639013671.1990530490875244140625 HTTP/1.1" 200 31 "https://ja.tak-cslab.org/wp-cron.php?doing_wp_cron=1639013671.1990530490875244140625" "WordPress/5.8.2; https://ja.tak-cslab.org"
34.206.38.217 - - [09/Dec/2021:01:34:31 +0000] "GET /feed HTTP/1.1" 200 54716 "-" "Automate.io BOT"
163.215.6.1 - - [09/Dec/2021:01:34:31 +0000] "GET / HTTP/1.1" 200 6215 "https://ja.tak-cslab.org/" "WordPress/5.8.2; https://ja.tak-cslab.org"
51.222.253.2 - - [09/Dec/2021:01:35:57 +0000] "GET /topics/blog HTTP/2.0" 200 12777 "-" "Mozilla/5.0 (compatible; AhrefsBot/7.0; +http://ahrefs.com/robot/)"
216.245.221.83 - - [09/Dec/2021:01:38:29 +0000] "HEAD / HTTP/1.1" 301 0 "http://ja.tak-cslab.org/" "Mozilla/5.0+(compatible; UptimeRobot/2.0; http://www.uptimerobot.com/)"
216.245.221.83 - - [09/Dec/2021:01:38:30 +0000] "HEAD / HTTP/1.1" 200 0 "http://ja.tak-cslab.org/" "Mozilla/5.0+(compatible; UptimeRobot/2.0; http://www.uptimerobot.com/)"
217.178.18.47 - - [09/Dec/2021:01:39:04 +0000] "GET /wp-content/uploads/2021/04/CDSL-System-Architecture1.png HTTP/2.0" 200 89919 "https://www.google.com/" "Mozilla/5.0 (Windows NT 10.0; Win64; x64) AppleWebKit/537.36 (KHTML, like Gecko) Chrome/96.0.4664.55 Safari/537.36 Edg/96.0.1054.43"
34.206.38.217 - - [09/Dec/2021:01:39:31 +0000] "GET /feed HTTP/1.1" 200 54716 "-" "Automate.io BOT"
180.56.113.111 - - [09/Dec/2021:01:41:33 +0000] "GET /wp-content/uploads/2021/01/%E3%83%92%E3%83%89%E3%83%A9.jpeg HTTP/2.0" 200 12823 "https://www.google.com/" "Mozilla/5.0 (X11; CrOS x86_64 14150.64.0) AppleWebKit/537.36 (KHTML, like Gecko) Chrome/94.0.4606.104 Safari/537.36"
216.245.221.83 - - [09/Dec/2021:01:43:29 +0000] "HEAD / HTTP/1.1" 301 0 "http://ja.tak-cslab.org/" "Mozilla/5.0+(compatible; UptimeRobot/2.0; http://www.uptimerobot.com/)"
216.245.221.83 - - [09/Dec/2021:01:43:29 +0000] "HEAD / HTTP/1.1" 200 0 "http://ja.tak-cslab.org/" "Mozilla/5.0+(compatible; UptimeRobot/2.0; http://www.uptimerobot.com/)"
18.177.87.175 - - [09/Dec/2021:01:47:52 +0000] "GET /favicon.ico HTTP/1.1" 302 5 "-" "Slack-ImgProxy (+https://api.slack.com/robots)"
13.112.228.244 - - [09/Dec/2021:01:47:52 +0000] "GET /wp-includes/images/w-logo-blue-white-bg.png HTTP/1.1" 200 4119 "-" "Slack-ImgProxy (+https://api.slack.com/robots)"
216.245.221.83 - - [09/Dec/2021:01:48:29 +0000] "HEAD / HTTP/1.1" 301 0 "http://ja.tak-cslab.org/" "Mozilla/5.0+(compatible; UptimeRobot/2.0; http://www.uptimerobot.com/)"
216.245.221.83 - - [09/Dec/2021:01:48:29 +0000] "HEAD / HTTP/1.1" 200 0 "http://ja.tak-cslab.org/" "Mozilla/5.0+(compatible; UptimeRobot/2.0; http://www.uptimerobot.com/)"
34.206.38.217 - - [09/Dec/2021:01:49:31 +0000] "GET /feed HTTP/1.1" 200 54716 "-" "Automate.io BOT"
163.215.6.1 - - [09/Dec/2021:01:50:38 +0000] "GET /archives/1700 HTTP/2.0" 200 6513 "https://qiita.com/" "Mozilla/5.0 (Macintosh; Intel Mac OS X 10_15_7) AppleWebKit/537.36 (KHTML, like Gecko) Chrome/96.0.4664.55 Safari/537.36"
163.215.6.1 - - [09/Dec/2021:01:50:38 +0000] "GET /wp-content/themes/cdsl/style.css?ver=1.3.1 HTTP/2.0" 200 272 "https://ja.tak-cslab.org/archives/1700" "Mozilla/5.0 (Macintosh; Intel Mac OS X 10_15_7) AppleWebKit/537.36 (KHTML, like Gecko) Chrome/96.0.4664.55 Safari/537.36"
163.215.6.1 - - [09/Dec/2021:01:50:38 +0000] "GET /wp-content/themes/scaffold/assets/js/navigation.js?ver=1.3.1 HTTP/2.0" 200 1266 "https://ja.tak-cslab.org/archives/1700" "Mozilla/5.0 (Macintosh; Intel Mac OS X 10_15_7) AppleWebKit/537.36 (KHTML, like Gecko) Chrome/96.0.4664.55 Safari/537.36"
163.215.6.1 - - [09/Dec/2021:01:50:38 +0000] "GET /wp-includes/js/comment-reply.min.js?ver=5.8.2 HTTP/2.0" 200 1390 "https://ja.tak-cslab.org/archives/1700" "Mozilla/5.0 (Macintosh; Intel Mac OS X 10_15_7) AppleWebKit/537.36 (KHTML, like Gecko) Chrome/96.0.4664.55 Safari/537.36"
163.215.6.1 - - [09/Dec/2021:01:50:38 +0000] "GET /wp-includes/js/wp-embed.min.js?ver=5.8.2 HTTP/2.0" 200 779 "https://ja.tak-cslab.org/archives/1700" "Mozilla/5.0 (Macintosh; Intel Mac OS X 10_15_7) AppleWebKit/537.36 (KHTML, like Gecko) Chrome/96.0.4664.55 Safari/537.36"
163.215.6.1 - - [09/Dec/2021:01:50:38 +0000] "GET /wp-content/themes/scaffold/style.css?ver=5.8.2 HTTP/2.0" 200 5846 "https://ja.tak-cslab.org/archives/1700" "Mozilla/5.0 (Macintosh; Intel Mac OS X 10_15_7) AppleWebKit/537.36 (KHTML, like Gecko) Chrome/96.0.4664.55 Safari/537.36"
163.215.6.1 - - [09/Dec/2021:01:50:38 +0000] "GET /wp-includes/css/dist/block-library/style.min.css?ver=5.8.2 HTTP/2.0" 200 13704 "https://ja.tak-cslab.org/archives/1700" "Mozilla/5.0 (Macintosh; Intel Mac OS X 10_15_7) AppleWebKit/537.36 (KHTML, like Gecko) Chrome/96.0.4664.55 Safari/537.36"
163.215.6.1 - - [09/Dec/2021:01:50:38 +0000] "GET /wp-includes/js/wp-emoji-release.min.js?ver=5.8.2 HTTP/2.0" 200 5714 "https://ja.tak-cslab.org/archives/1700" "Mozilla/5.0 (Macintosh; Intel Mac OS X 10_15_7) AppleWebKit/537.36 (KHTML, like Gecko) Chrome/96.0.4664.55 Safari/537.36"
163.215.6.1 - - [09/Dec/2021:01:50:38 +0000] "GET /favicon.ico HTTP/2.0" 302 0 "https://ja.tak-cslab.org/archives/1700" "Mozilla/5.0 (Macintosh; Intel Mac OS X 10_15_7) AppleWebKit/537.36 (KHTML, like Gecko) Chrome/96.0.4664.55 Safari/537.36"
163.215.6.1 - - [09/Dec/2021:01:50:38 +0000] "GET /wp-includes/images/w-logo-blue-white-bg.png HTTP/2.0" 200 4119 "https://ja.tak-cslab.org/archives/1700" "Mozilla/5.0 (Macintosh; Intel Mac OS X 10_15_7) AppleWebKit/537.36 (KHTML, like Gecko) Chrome/96.0.4664.55 Safari/537.36"
157.90.209.76 - - [09/Dec/2021:01:52:24 +0000] "GET /robots.txt HTTP/1.1" 301 162 "-" "Mozilla/5.0 (compatible; BLEXBot/1.0; +http://webmeup-crawler.com/)"
157.90.209.76 - - [09/Dec/2021:01:52:25 +0000] "GET /robots.txt HTTP/1.1" 200 123 "-" "Mozilla/5.0 (compatible; BLEXBot/1.0; +http://webmeup-crawler.com/)"
157.90.209.76 - - [09/Dec/2021:01:52:26 +0000] "GET /10gin_cds1?redirect_to=https://ja.tak-cslab.org/archives/1549 HTTP/1.1" 200 4551 "-" "Mozilla/5.0 (compatible; BLEXBot/1.0; +http://webmeup-crawler.com/)"
216.245.221.83 - - [09/Dec/2021:01:53:29 +0000] "HEAD / HTTP/1.1" 301 0 "http://ja.tak-cslab.org/" "Mozilla/5.0+(compatible; UptimeRobot/2.0; http://www.uptimerobot.com/)"
216.245.221.83 - - [09/Dec/2021:01:53:29 +0000] "HEAD / HTTP/1.1" 200 0 "http://ja.tak-cslab.org/" "Mozilla/5.0+(compatible; UptimeRobot/2.0; http://www.uptimerobot.com/)"
54.163.102.99 - - [09/Dec/2021:01:53:40 +0000] "HEAD /feed HTTP/2.0" 200 0 "-" "Slackbot 1.0 (+https://api.slack.com/robots)"
3.234.216.171 - - [09/Dec/2021:01:53:41 +0000] "GET /feed HTTP/1.1" 200 54718 "-" "Slackbot 1.0 (+https://api.slack.com/robots)"
107.22.73.76 - - [09/Dec/2021:01:53:42 +0000] "GET / HTTP/1.1" 200 6215 "-" "Slackbot 1.0 (+https://api.slack.com/robots)"
219.121.148.66 - - [09/Dec/2021:01:53:42 +0000] "GET /wp-content/uploads/2020/06/cdsl-storage.png HTTP/2.0" 200 41898 "https://www.bing.com/images/search?view=detailV2&ccid=ZcaZLGML&id=E53395650EBFAED4CCD586835CDD94A298061E8D&thid=OIP.ZcaZLGMLHz-SCwB3ZB5dMgHaKd&mediaurl=https%3a%2f%2fwww.takigen.report%2fwp-content%2fuploads%2f2016%2f03%2fponchi-v01-03-1.jpg&exph=800&expw=566&q=%e3%83%9d%e3%83%b3%e3%83%81%e7%b5%b5+%e6%9b%b8%e3%81%8d%e6%96%b9&simid=607988221887651842&FORM=IRPRST&ck=19210CC8EC8854EC19D28B3A3558C43A&selectedIndex=0&idpp=overlayview&ajaxhist=0&ajaxserp=0" "Mozilla/5.0 (Windows NT 10.0; WOW64; Trident/7.0; rv:11.0) like Gecko"
219.121.148.66 - - [09/Dec/2021:01:53:42 +0000] "GET /wp-content/uploads/2020/01/elk-arch.png HTTP/2.0" 200 70256 "https://www.bing.com/images/search?view=detailV2&ccid=ZcaZLGML&id=E53395650EBFAED4CCD586835CDD94A298061E8D&thid=OIP.ZcaZLGMLHz-SCwB3ZB5dMgHaKd&mediaurl=https%3a%2f%2fwww.takigen.report%2fwp-content%2fuploads%2f2016%2f03%2fponchi-v01-03-1.jpg&exph=800&expw=566&q=%e3%83%9d%e3%83%b3%e3%83%81%e7%b5%b5+%e6%9b%b8%e3%81%8d%e6%96%b9&simid=607988221887651842&FORM=IRPRST&ck=19210CC8EC8854EC19D28B3A3558C43A&selectedIndex=0&idpp=overlayview&ajaxhist=0&ajaxserp=0" "Mozilla/5.0 (Windows NT 10.0; WOW64; Trident/7.0; rv:11.0) like Gecko"
219.121.148.66 - - [09/Dec/2021:01:53:42 +0000] "GET /wp-content/uploads/2021/04/CDSL-System-Architecture6.png HTTP/2.0" 200 70835 "https://www.bing.com/images/search?view=detailV2&ccid=ZcaZLGML&id=E53395650EBFAED4CCD586835CDD94A298061E8D&thid=OIP.ZcaZLGMLHz-SCwB3ZB5dMgHaKd&mediaurl=https%3a%2f%2fwww.takigen.report%2fwp-content%2fuploads%2f2016%2f03%2fponchi-v01-03-1.jpg&exph=800&expw=566&q=%e3%83%9d%e3%83%b3%e3%83%81%e7%b5%b5+%e6%9b%b8%e3%81%8d%e6%96%b9&simid=607988221887651842&FORM=IRPRST&ck=19210CC8EC8854EC19D28B3A3558C43A&selectedIndex=0&idpp=overlayview&ajaxhist=0&ajaxserp=0" "Mozilla/5.0 (Windows NT 10.0; WOW64; Trident/7.0; rv:11.0) like Gecko"
219.121.148.66 - - [09/Dec/2021:01:53:42 +0000] "GET /wp-content/uploads/2021/04/CDSL-System-Architecture1-768x432.png HTTP/2.0" 200 104908 "https://www.bing.com/images/search?view=detailV2&ccid=ZcaZLGML&id=E53395650EBFAED4CCD586835CDD94A298061E8D&thid=OIP.ZcaZLGMLHz-SCwB3ZB5dMgHaKd&mediaurl=https%3a%2f%2fwww.takigen.report%2fwp-content%2fuploads%2f2016%2f03%2fponchi-v01-03-1.jpg&exph=800&expw=566&q=%e3%83%9d%e3%83%b3%e3%83%81%e7%b5%b5+%e6%9b%b8%e3%81%8d%e6%96%b9&simid=607988221887651842&FORM=IRPRST&ck=19210CC8EC8854EC19D28B3A3558C43A&selectedIndex=0&idpp=overlayview&ajaxhist=0&ajaxserp=0" "Mozilla/5.0 (Windows NT 10.0; WOW64; Trident/7.0; rv:11.0) like Gecko"
114.156.83.2 - - [09/Dec/2021:01:53:47 +0000] "GET /wp-content/uploads/2021/04/CDSL-System-Architecture7.png HTTP/2.0" 200 89237 "https://www.google.com/" "Mozilla/5.0 (Windows NT 10.0; Win64; x64) AppleWebKit/537.36 (KHTML, like Gecko) Chrome/96.0.4664.45 Safari/537.36"
157.90.209.76 - - [09/Dec/2021:01:54:23 +0000] "GET /10gin_cds1?redirect_to=https://ja.tak-cslab.org/archives/1559 HTTP/1.1" 200 4551 "-" "Mozilla/5.0 (compatible; BLEXBot/1.0; +http://webmeup-crawler.com/)"
34.206.38.217 - - [09/Dec/2021:01:54:32 +0000] "GET /feed HTTP/1.1" 200 54718 "-" "Automate.io BOT"
157.90.209.76 - - [09/Dec/2021:01:55:47 +0000] "GET /10gin_cds1?redirect_to=https://ja.tak-cslab.org/archives/1563 HTTP/1.1" 200 4553 "-" "Mozilla/5.0 (compatible; BLEXBot/1.0; +http://webmeup-crawler.com/)"
54.155.88.239 - - [09/Dec/2021:01:56:32 +0000] "GET /1111/feed/ HTTP/1.1" 301 162 "-" "Twingly Recon-Klondike/1.0 (+https://developer.twingly.com)"
54.155.88.239 - - [09/Dec/2021:01:56:33 +0000] "GET /1111/feed/ HTTP/1.1" 301 5 "-" "Twingly Recon-Klondike/1.0 (+https://developer.twingly.com)"
54.155.88.239 - - [09/Dec/2021:01:56:34 +0000] "GET /1111/feed HTTP/1.1" 200 769 "-" "Twingly Recon-Klondike/1.0 (+https://developer.twingly.com)"
54.155.88.239 - - [09/Dec/2021:01:56:35 +0000] "GET /rss/ HTTP/1.1" 301 162 "-" "Twingly Recon-Klondike/1.0 (+https://developer.twingly.com)"
54.155.88.239 - - [09/Dec/2021:01:56:36 +0000] "GET /rss/ HTTP/1.1" 301 5 "-" "Twingly Recon-Klondike/1.0 (+https://developer.twingly.com)"
54.155.88.239 - - [09/Dec/2021:01:56:37 +0000] "GET /feed HTTP/1.1" 200 54718 "-" "Twingly Recon-Klondike/1.0 (+https://developer.twingly.com)"
54.155.88.239 - - [09/Dec/2021:01:56:38 +0000] "GET / HTTP/1.1" 301 162 "-" "Twingly Recon-Klondike/1.0 (+https://developer.twingly.com)"
54.155.88.239 - - [09/Dec/2021:01:56:39 +0000] "GET / HTTP/1.1" 200 22001 "-" "Twingly Recon-Klondike/1.0 (+https://developer.twingly.com)"
157.90.209.76 - - [09/Dec/2021:01:57:06 +0000] "GET /10gin_cds1?redirect_to=https://ja.tak-cslab.org/archives/244 HTTP/1.1" 200 4546 "-" "Mozilla/5.0 (compatible; BLEXBot/1.0; +http://webmeup-crawler.com/)"
157.90.209.76 - - [09/Dec/2021:01:58:22 +0000] "GET /10gin_cds1?redirect_to=https://ja.tak-cslab.org/archives/295 HTTP/1.1" 200 4550 "-" "Mozilla/5.0 (compatible; BLEXBot/1.0; +http://webmeup-crawler.com/)"
216.245.221.83 - - [09/Dec/2021:01:58:29 +0000] "HEAD / HTTP/1.1" 301 0 "http://ja.tak-cslab.org/" "Mozilla/5.0+(compatible; UptimeRobot/2.0; http://www.uptimerobot.com/)"
216.245.221.83 - - [09/Dec/2021:01:58:29 +0000] "HEAD / HTTP/1.1" 200 0 "http://ja.tak-cslab.org/" "Mozilla/5.0+(compatible; UptimeRobot/2.0; http://www.uptimerobot.com/)"
157.90.209.76 - - [09/Dec/2021:01:59:24 +0000] "GET /10gin_cds1?redirect_to=https://ja.tak-cslab.org/archives/646 HTTP/1.1" 200 4550 "-" "Mozilla/5.0 (compatible; BLEXBot/1.0; +http://webmeup-crawler.com/)"
34.206.38.217 - - [09/Dec/2021:01:59:32 +0000] "GET /feed HTTP/1.1" 200 54718 "-" "Automate.io BOT"
126.227.173.68 - - [09/Dec/2021:01:59:32 +0000] "GET /archives/786 HTTP/2.0" 200 9287 "https://www.google.com/" "Mozilla/5.0 (X11; Linux x86_64) AppleWebKit/537.36 (KHTML, like Gecko) Chrome/96.0.4664.45 Safari/537.36"
126.227.173.68 - - [09/Dec/2021:01:59:32 +0000] "GET /wp-content/themes/cdsl/style.css?ver=1.3.1 HTTP/2.0" 200 272 "https://ja.tak-cslab.org/archives/786" "Mozilla/5.0 (X11; Linux x86_64) AppleWebKit/537.36 (KHTML, like Gecko) Chrome/96.0.4664.45 Safari/537.36"
126.227.173.68 - - [09/Dec/2021:01:59:32 +0000] "GET /wp-content/themes/scaffold/assets/js/navigation.js?ver=1.3.1 HTTP/2.0" 200 1266 "https://ja.tak-cslab.org/archives/786" "Mozilla/5.0 (X11; Linux x86_64) AppleWebKit/537.36 (KHTML, like Gecko) Chrome/96.0.4664.45 Safari/537.36"
126.227.173.68 - - [09/Dec/2021:01:59:32 +0000] "GET /wp-includes/js/comment-reply.min.js?ver=5.8.2 HTTP/2.0" 200 1390 "https://ja.tak-cslab.org/archives/786" "Mozilla/5.0 (X11; Linux x86_64) AppleWebKit/537.36 (KHTML, like Gecko) Chrome/96.0.4664.45 Safari/537.36"
126.227.173.68 - - [09/Dec/2021:01:59:32 +0000] "GET /wp-includes/js/wp-embed.min.js?ver=5.8.2 HTTP/2.0" 200 779 "https://ja.tak-cslab.org/archives/786" "Mozilla/5.0 (X11; Linux x86_64) AppleWebKit/537.36 (KHTML, like Gecko) Chrome/96.0.4664.45 Safari/537.36"
126.227.173.68 - - [09/Dec/2021:01:59:32 +0000] "GET /wp-content/themes/scaffold/style.css?ver=5.8.2 HTTP/2.0" 200 5846 "https://ja.tak-cslab.org/archives/786" "Mozilla/5.0 (X11; Linux x86_64) AppleWebKit/537.36 (KHTML, like Gecko) Chrome/96.0.4664.45 Safari/537.36"
126.227.173.68 - - [09/Dec/2021:01:59:32 +0000] "GET /wp-includes/css/dist/block-library/style.min.css?ver=5.8.2 HTTP/2.0" 200 13704 "https://ja.tak-cslab.org/archives/786" "Mozilla/5.0 (X11; Linux x86_64) AppleWebKit/537.36 (KHTML, like Gecko) Chrome/96.0.4664.45 Safari/537.36"
126.227.173.68 - - [09/Dec/2021:01:59:33 +0000] "GET /wp-includes/js/wp-emoji-release.min.js?ver=5.8.2 HTTP/2.0" 200 5714 "https://ja.tak-cslab.org/archives/786" "Mozilla/5.0 (X11; Linux x86_64) AppleWebKit/537.36 (KHTML, like Gecko) Chrome/96.0.4664.45 Safari/537.36"
126.227.173.68 - - [09/Dec/2021:01:59:33 +0000] "GET /wp-content/plugins/native-lazyload/assets/images/placeholder.svg HTTP/2.0" 200 88 "https://ja.tak-cslab.org/archives/786" "Mozilla/5.0 (X11; Linux x86_64) AppleWebKit/537.36 (KHTML, like Gecko) Chrome/96.0.4664.45 Safari/537.36"
126.227.173.68 - - [09/Dec/2021:01:59:33 +0000] "GET /wp-content/uploads/2020/12/image-2.png HTTP/2.0" 200 16450 "https://ja.tak-cslab.org/archives/786" "Mozilla/5.0 (X11; Linux x86_64) AppleWebKit/537.36 (KHTML, like Gecko) Chrome/96.0.4664.45 Safari/537.36"
126.227.173.68 - - [09/Dec/2021:01:59:33 +0000] "GET /favicon.ico HTTP/2.0" 302 0 "https://ja.tak-cslab.org/archives/786" "Mozilla/5.0 (X11; Linux x86_64) AppleWebKit/537.36 (KHTML, like Gecko) Chrome/96.0.4664.45 Safari/537.36"
126.227.173.68 - - [09/Dec/2021:01:59:33 +0000] "GET /wp-includes/images/w-logo-blue-white-bg.png HTTP/2.0" 200 4119 "https://ja.tak-cslab.org/archives/786" "Mozilla/5.0 (X11; Linux x86_64) AppleWebKit/537.36 (KHTML, like Gecko) Chrome/96.0.4664.45 Safari/537.36"
126.227.173.68 - - [09/Dec/2021:01:59:44 +0000] "GET /wp-content/uploads/2020/12/image.png HTTP/2.0" 200 16450 "https://ja.tak-cslab.org/archives/786" "Mozilla/5.0 (X11; Linux x86_64) AppleWebKit/537.36 (KHTML, like Gecko) Chrome/96.0.4664.45 Safari/537.36"
126.227.173.68 - - [09/Dec/2021:01:59:44 +0000] "GET /wp-content/uploads/2020/12/image-1.png HTTP/2.0" 200 53287 "https://ja.tak-cslab.org/archives/786" "Mozilla/5.0 (X11; Linux x86_64) AppleWebKit/537.36 (KHTML, like Gecko) Chrome/96.0.4664.45 Safari/537.36"
157.90.209.76 - - [09/Dec/2021:02:00:16 +0000] "GET /10gin_cds1?redirect_to=https://ja.tak-cslab.org/archives/786 HTTP/1.1" 200 4550 "-" "Mozilla/5.0 (compatible; BLEXBot/1.0; +http://webmeup-crawler.com/)"
163.215.6.1 - - [09/Dec/2021:02:01:06 +0000] "POST /wp-cron.php?doing_wp_cron=1639015266.1850850582122802734375 HTTP/1.1" 200 31 "https://ja.tak-cslab.org/wp-cron.php?doing_wp_cron=1639015266.1850850582122802734375" "WordPress/5.8.2; https://ja.tak-cslab.org"
163.215.6.1 - - [09/Dec/2021:02:01:06 +0000] "GET / HTTP/2.0" 200 6196 "-" "Mozilla/5.0 (Windows NT 10.0; Win64; x64) AppleWebKit/537.36 (KHTML, like Gecko) Chrome/96.0.4664.93 Safari/537.36"
192.133.77.14 - - [09/Dec/2021:02:01:07 +0000] "GET /robots.txt HTTP/1.1" 200 128 "-" "Twitterbot/1.0"
192.133.77.14 - - [09/Dec/2021:02:01:07 +0000] "GET /archives/1647 HTTP/1.1" 200 6345 "-" "Twitterbot/1.0"
163.215.6.1 - - [09/Dec/2021:02:01:07 +0000] "GET /tech-report HTTP/2.0" 200 12894 "https://ja.tak-cslab.org/" "Mozilla/5.0 (Windows NT 10.0; Win64; x64) AppleWebKit/537.36 (KHTML, like Gecko) Chrome/96.0.4664.93 Safari/537.36"
157.90.209.76 - - [09/Dec/2021:02:01:11 +0000] "GET /archives/1015 HTTP/1.1" 200 7385 "-" "Mozilla/5.0 (compatible; BLEXBot/1.0; +http://webmeup-crawler.com/)"
157.90.209.76 - - [09/Dec/2021:02:02:00 +0000] "GET /archives/1038 HTTP/1.1" 200 6493 "-" "Mozilla/5.0 (compatible; BLEXBot/1.0; +http://webmeup-crawler.com/)"
157.90.209.76 - - [09/Dec/2021:02:03:03 +0000] "GET /robots.txt HTTP/1.1" 301 162 "-" "Mozilla/5.0 (compatible; BLEXBot/1.0; +http://webmeup-crawler.com/)"
157.90.209.76 - - [09/Dec/2021:02:03:04 +0000] "GET /robots.txt HTTP/1.1" 200 123 "-" "Mozilla/5.0 (compatible; BLEXBot/1.0; +http://webmeup-crawler.com/)"
157.90.209.76 - - [09/Dec/2021:02:03:05 +0000] "GET /archives/1049 HTTP/1.1" 200 8594 "-" "Mozilla/5.0 (compatible; BLEXBot/1.0; +http://webmeup-crawler.com/)"
216.245.221.83 - - [09/Dec/2021:02:03:29 +0000] "HEAD / HTTP/1.1" 301 0 "http://ja.tak-cslab.org/" "Mozilla/5.0+(compatible; UptimeRobot/2.0; http://www.uptimerobot.com/)"
216.245.221.83 - - [09/Dec/2021:02:03:29 +0000] "HEAD / HTTP/1.1" 200 0 "http://ja.tak-cslab.org/" "Mozilla/5.0+(compatible; UptimeRobot/2.0; http://www.uptimerobot.com/)"
157.90.209.76 - - [09/Dec/2021:02:03:50 +0000] "GET /archives/1052 HTTP/1.1" 200 7218 "-" "Mozilla/5.0 (compatible; BLEXBot/1.0; +http://webmeup-crawler.com/)"
66.249.65.157 - - [09/Dec/2021:02:03:52 +0000] "GET /topics/blog HTTP/1.1" 200 12812 "-" "Mozilla/5.0 (compatible; Googlebot/2.1; +http://www.google.com/bot.html)"
34.206.38.217 - - [09/Dec/2021:02:04:31 +0000] "GET /feed HTTP/1.1" 200 54711 "-" "Automate.io BOT"
157.90.209.76 - - [09/Dec/2021:02:04:51 +0000] "GET /archives/1056 HTTP/1.1" 200 8613 "-" "Mozilla/5.0 (compatible; BLEXBot/1.0; +http://webmeup-crawler.com/)"
157.90.209.76 - - [09/Dec/2021:02:05:46 +0000] "GET /archives/1096 HTTP/1.1" 200 6676 "-" "Mozilla/5.0 (compatible; BLEXBot/1.0; +http://webmeup-crawler.com/)"
157.90.209.76 - - [09/Dec/2021:02:06:39 +0000] "GET /archives/1115 HTTP/1.1" 200 8063 "-" "Mozilla/5.0 (compatible; BLEXBot/1.0; +http://webmeup-crawler.com/)"
157.90.209.76 - - [09/Dec/2021:02:07:28 +0000] "GET /archives/1125 HTTP/1.1" 200 12260 "-" "Mozilla/5.0 (compatible; BLEXBot/1.0; +http://webmeup-crawler.com/)"
157.90.209.76 - - [09/Dec/2021:02:08:12 +0000] "GET /archives/1162 HTTP/1.1" 200 6407 "-" "Mozilla/5.0 (compatible; BLEXBot/1.0; +http://webmeup-crawler.com/)"
163.215.6.1 - - [09/Dec/2021:02:08:17 +0000] "GET /tech-report HTTP/2.0" 200 12894 "-" "Mozilla/5.0 (Windows NT 10.0; Win64; x64) AppleWebKit/537.36 (KHTML, like Gecko) Chrome/96.0.4664.45 Safari/537.36"
163.215.6.1 - - [09/Dec/2021:02:08:28 +0000] "GET / HTTP/2.0" 200 6196 "https://ja.tak-cslab.org/tech-report" "Mozilla/5.0 (Windows NT 10.0; Win64; x64) AppleWebKit/537.36 (KHTML, like Gecko) Chrome/96.0.4664.45 Safari/537.36"
216.245.221.83 - - [09/Dec/2021:02:08:29 +0000] "HEAD / HTTP/1.1" 301 0 "http://ja.tak-cslab.org/" "Mozilla/5.0+(compatible; UptimeRobot/2.0; http://www.uptimerobot.com/)"
163.215.6.1 - - [09/Dec/2021:02:08:29 +0000] "GET /wp-content/uploads/2020/01/server-e1585573899521.png HTTP/2.0" 200 426115 "https://ja.tak-cslab.org/" "Mozilla/5.0 (Windows NT 10.0; Win64; x64) AppleWebKit/537.36 (KHTML, like Gecko) Chrome/96.0.4664.45 Safari/537.36"
163.215.6.1 - - [09/Dec/2021:02:08:29 +0000] "GET /tech-report HTTP/2.0" 200 12894 "https://www.google.com/" "Mozilla/5.0 (Windows NT 10.0; Win64; x64) AppleWebKit/537.36 (KHTML, like Gecko) Chrome/96.0.4664.45 Safari/537.36"
163.215.6.1 - - [09/Dec/2021:02:08:29 +0000] "GET /wp-content/uploads/2020/01/desk-e1585573956500.png HTTP/2.0" 200 367831 "https://ja.tak-cslab.org/" "Mozilla/5.0 (Windows NT 10.0; Win64; x64) AppleWebKit/537.36 (KHTML, like Gecko) Chrome/96.0.4664.45 Safari/537.36"
163.215.6.1 - - [09/Dec/2021:02:08:29 +0000] "GET /wp-content/uploads/2020/01/iot2-e1585573992906.png HTTP/2.0" 200 439802 "https://ja.tak-cslab.org/" "Mozilla/5.0 (Windows NT 10.0; Win64; x64) AppleWebKit/537.36 (KHTML, like Gecko) Chrome/96.0.4664.45 Safari/537.36"
163.215.6.1 - - [09/Dec/2021:02:08:29 +0000] "GET /wp-includes/css/dist/block-library/style.min.css?ver=5.8.2 HTTP/2.0" 200 13704 "https://ja.tak-cslab.org/tech-report" "Mozilla/5.0 (Windows NT 10.0; Win64; x64) AppleWebKit/537.36 (KHTML, like Gecko) Chrome/96.0.4664.45 Safari/537.36"
163.215.6.1 - - [09/Dec/2021:02:08:29 +0000] "GET /wp-content/uploads/2020/01/books-e1585573975658.png HTTP/2.0" 200 549531 "https://ja.tak-cslab.org/" "Mozilla/5.0 (Windows NT 10.0; Win64; x64) AppleWebKit/537.36 (KHTML, like Gecko) Chrome/96.0.4664.45 Safari/537.36"
163.215.6.1 - - [09/Dec/2021:02:08:29 +0000] "GET /wp-content/themes/scaffold/style.css?ver=5.8.2 HTTP/2.0" 200 5846 "https://ja.tak-cslab.org/tech-report" "Mozilla/5.0 (Windows NT 10.0; Win64; x64) AppleWebKit/537.36 (KHTML, like Gecko) Chrome/96.0.4664.45 Safari/537.36"
163.215.6.1 - - [09/Dec/2021:02:08:29 +0000] "GET /wp-content/themes/cdsl/style.css?ver=1.3.1 HTTP/2.0" 200 272 "https://ja.tak-cslab.org/tech-report" "Mozilla/5.0 (Windows NT 10.0; Win64; x64) AppleWebKit/537.36 (KHTML, like Gecko) Chrome/96.0.4664.45 Safari/537.36"
163.215.6.1 - - [09/Dec/2021:02:08:29 +0000] "GET /wp-content/themes/scaffold/assets/js/navigation.js?ver=1.3.1 HTTP/2.0" 200 1266 "https://ja.tak-cslab.org/tech-report" "Mozilla/5.0 (Windows NT 10.0; Win64; x64) AppleWebKit/537.36 (KHTML, like Gecko) Chrome/96.0.4664.45 Safari/537.36"
163.215.6.1 - - [09/Dec/2021:02:08:29 +0000] "GET /wp-includes/js/wp-embed.min.js?ver=5.8.2 HTTP/2.0" 200 779 "https://ja.tak-cslab.org/tech-report" "Mozilla/5.0 (Windows NT 10.0; Win64; x64) AppleWebKit/537.36 (KHTML, like Gecko) Chrome/96.0.4664.45 Safari/537.36"
163.215.6.1 - - [09/Dec/2021:02:08:29 +0000] "GET /wp-includes/js/wp-emoji-release.min.js?ver=5.8.2 HTTP/2.0" 200 5714 "https://ja.tak-cslab.org/tech-report" "Mozilla/5.0 (Windows NT 10.0; Win64; x64) AppleWebKit/537.36 (KHTML, like Gecko) Chrome/96.0.4664.45 Safari/537.36"
216.245.221.83 - - [09/Dec/2021:02:08:29 +0000] "HEAD / HTTP/1.1" 200 0 "http://ja.tak-cslab.org/" "Mozilla/5.0+(compatible; UptimeRobot/2.0; http://www.uptimerobot.com/)"
163.215.6.1 - - [09/Dec/2021:02:08:29 +0000] "GET /favicon.ico HTTP/2.0" 302 0 "https://ja.tak-cslab.org/tech-report" "Mozilla/5.0 (Windows NT 10.0; Win64; x64) AppleWebKit/537.36 (KHTML, like Gecko) Chrome/96.0.4664.45 Safari/537.36"
163.215.6.1 - - [09/Dec/2021:02:08:29 +0000] "GET /wp-includes/images/w-logo-blue-white-bg.png HTTP/2.0" 200 4119 "https://ja.tak-cslab.org/tech-report" "Mozilla/5.0 (Windows NT 10.0; Win64; x64) AppleWebKit/537.36 (KHTML, like Gecko) Chrome/96.0.4664.45 Safari/537.36"
157.90.209.76 - - [09/Dec/2021:02:08:48 +0000] "GET /archives/1165 HTTP/1.1" 200 7222 "-" "Mozilla/5.0 (compatible; BLEXBot/1.0; +http://webmeup-crawler.com/)"
157.90.209.76 - - [09/Dec/2021:02:09:33 +0000] "GET /archives/1170 HTTP/1.1" 200 6894 "-" "Mozilla/5.0 (compatible; BLEXBot/1.0; +http://webmeup-crawler.com/)"
34.219.77.169 - - [09/Dec/2021:02:10:04 +0000] "GET /archives/1064 HTTP/1.1" 200 36168 "-" "Mozilla/5.0 (Windows NT 6.1; Win64; x64) AppleWebKit/537.36 (KHTML, like Gecko) Chrome/72.0.3626.109 Safari/537.36"
157.90.209.76 - - [09/Dec/2021:02:10:21 +0000] "GET /archives/1174 HTTP/1.1" 200 7271 "-" "Mozilla/5.0 (compatible; BLEXBot/1.0; +http://webmeup-crawler.com/)"
157.90.209.76 - - [09/Dec/2021:02:11:01 +0000] "GET /archives/1180 HTTP/1.1" 200 8661 "-" "Mozilla/5.0 (compatible; BLEXBot/1.0; +http://webmeup-crawler.com/)"
163.215.6.1 - - [09/Dec/2021:02:11:28 +0000] "GET /tech-report HTTP/2.0" 200 12894 "https://www.google.com/" "Mozilla/5.0 (Windows NT 10.0; Win64; x64) AppleWebKit/537.36 (KHTML, like Gecko) Chrome/96.0.4664.45 Safari/537.36"
163.215.6.1 - - [09/Dec/2021:02:11:28 +0000] "GET /wp-includes/css/dist/block-library/style.min.css?ver=5.8.2 HTTP/2.0" 200 13704 "https://ja.tak-cslab.org/tech-report" "Mozilla/5.0 (Windows NT 10.0; Win64; x64) AppleWebKit/537.36 (KHTML, like Gecko) Chrome/96.0.4664.45 Safari/537.36"
163.215.6.1 - - [09/Dec/2021:02:11:28 +0000] "GET /wp-content/themes/scaffold/style.css?ver=5.8.2 HTTP/2.0" 200 5846 "https://ja.tak-cslab.org/tech-report" "Mozilla/5.0 (Windows NT 10.0; Win64; x64) AppleWebKit/537.36 (KHTML, like Gecko) Chrome/96.0.4664.45 Safari/537.36"
163.215.6.1 - - [09/Dec/2021:02:11:28 +0000] "GET /wp-content/themes/cdsl/style.css?ver=1.3.1 HTTP/2.0" 200 272 "https://ja.tak-cslab.org/tech-report" "Mozilla/5.0 (Windows NT 10.0; Win64; x64) AppleWebKit/537.36 (KHTML, like Gecko) Chrome/96.0.4664.45 Safari/537.36"
163.215.6.1 - - [09/Dec/2021:02:11:28 +0000] "GET /wp-content/themes/scaffold/assets/js/navigation.js?ver=1.3.1 HTTP/2.0" 200 1266 "https://ja.tak-cslab.org/tech-report" "Mozilla/5.0 (Windows NT 10.0; Win64; x64) AppleWebKit/537.36 (KHTML, like Gecko) Chrome/96.0.4664.45 Safari/537.36"
163.215.6.1 - - [09/Dec/2021:02:11:28 +0000] "GET /wp-includes/js/wp-embed.min.js?ver=5.8.2 HTTP/2.0" 200 779 "https://ja.tak-cslab.org/tech-report" "Mozilla/5.0 (Windows NT 10.0; Win64; x64) AppleWebKit/537.36 (KHTML, like Gecko) Chrome/96.0.4664.45 Safari/537.36"
163.215.6.1 - - [09/Dec/2021:02:11:28 +0000] "GET /wp-includes/js/wp-emoji-release.min.js?ver=5.8.2 HTTP/2.0" 200 5714 "https://ja.tak-cslab.org/tech-report" "Mozilla/5.0 (Windows NT 10.0; Win64; x64) AppleWebKit/537.36 (KHTML, like Gecko) Chrome/96.0.4664.45 Safari/537.36"
157.90.209.76 - - [09/Dec/2021:02:11:34 +0000] "GET /archives/1187 HTTP/1.1" 200 7752 "-" "Mozilla/5.0 (compatible; BLEXBot/1.0; +http://webmeup-crawler.com/)"
157.90.209.76 - - [09/Dec/2021:02:12:12 +0000] "GET /archives/1211 HTTP/1.1" 200 7448 "-" "Mozilla/5.0 (compatible; BLEXBot/1.0; +http://webmeup-crawler.com/)"
157.90.209.76 - - [09/Dec/2021:02:12:51 +0000] "GET /archives/1238 HTTP/1.1" 200 7057 "-" "Mozilla/5.0 (compatible; BLEXBot/1.0; +http://webmeup-crawler.com/)"
216.245.221.83 - - [09/Dec/2021:02:13:29 +0000] "HEAD / HTTP/1.1" 301 0 "http://ja.tak-cslab.org/" "Mozilla/5.0+(compatible; UptimeRobot/2.0; http://www.uptimerobot.com/)"
216.245.221.83 - - [09/Dec/2021:02:13:29 +0000] "HEAD / HTTP/1.1" 200 0 "http://ja.tak-cslab.org/" "Mozilla/5.0+(compatible; UptimeRobot/2.0; http://www.uptimerobot.com/)"
157.90.209.76 - - [09/Dec/2021:02:13:29 +0000] "GET /robots.txt HTTP/1.1" 301 162 "-" "Mozilla/5.0 (compatible; BLEXBot/1.0; +http://webmeup-crawler.com/)"
157.90.209.76 - - [09/Dec/2021:02:13:30 +0000] "GET /robots.txt HTTP/1.1" 200 123 "-" "Mozilla/5.0 (compatible; BLEXBot/1.0; +http://webmeup-crawler.com/)"
157.90.209.76 - - [09/Dec/2021:02:13:30 +0000] "GET /archives/1243 HTTP/1.1" 200 7283 "-" "Mozilla/5.0 (compatible; BLEXBot/1.0; +http://webmeup-crawler.com/)"
3.86.55.66 - - [09/Dec/2021:02:13:38 +0000] "HEAD /feed HTTP/2.0" 200 0 "-" "Slackbot 1.0 (+https://api.slack.com/robots)"
18.209.11.92 - - [09/Dec/2021:02:13:39 +0000] "GET /feed HTTP/1.1" 200 54718 "-" "Slackbot 1.0 (+https://api.slack.com/robots)"
100.25.40.116 - - [09/Dec/2021:02:13:41 +0000] "GET / HTTP/1.1" 200 6216 "-" "Slackbot 1.0 (+https://api.slack.com/robots)"
157.90.209.76 - - [09/Dec/2021:02:14:13 +0000] "GET /archives/1251 HTTP/1.1" 200 7259 "-" "Mozilla/5.0 (compatible; BLEXBot/1.0; +http://webmeup-crawler.com/)"
34.206.38.217 - - [09/Dec/2021:02:14:31 +0000] "GET /feed HTTP/1.1" 200 54718 "-" "Automate.io BOT"
157.90.209.76 - - [09/Dec/2021:02:15:11 +0000] "GET /archives/1254 HTTP/1.1" 200 6506 "-" "Mozilla/5.0 (compatible; BLEXBot/1.0; +http://webmeup-crawler.com/)"
157.90.209.76 - - [09/Dec/2021:02:16:10 +0000] "GET /archives/1263 HTTP/1.1" 200 6474 "-" "Mozilla/5.0 (compatible; BLEXBot/1.0; +http://webmeup-crawler.com/)"
40.77.167.66 - - [09/Dec/2021:02:16:48 +0000] "GET /wp-content/uploads/2020/09/Screen-Shot-2020-09-09-at-15.13.25-2048x1246.png HTTP/2.0" 200 655904 "-" "Mozilla/5.0 (compatible; bingbot/2.0; +http://www.bing.com/bingbot.htm)"
157.90.209.76 - - [09/Dec/2021:02:17:14 +0000] "GET /archives/1266 HTTP/1.1" 200 11398 "-" "Mozilla/5.0 (compatible; BLEXBot/1.0; +http://webmeup-crawler.com/)"
157.90.209.76 - - [09/Dec/2021:02:18:15 +0000] "GET /archives/1303 HTTP/1.1" 200 6731 "-" "Mozilla/5.0 (compatible; BLEXBot/1.0; +http://webmeup-crawler.com/)"
216.245.221.83 - - [09/Dec/2021:02:18:29 +0000] "HEAD / HTTP/1.1" 301 0 "http://ja.tak-cslab.org/" "Mozilla/5.0+(compatible; UptimeRobot/2.0; http://www.uptimerobot.com/)"
216.245.221.83 - - [09/Dec/2021:02:18:29 +0000] "HEAD / HTTP/1.1" 200 0 "http://ja.tak-cslab.org/" "Mozilla/5.0+(compatible; UptimeRobot/2.0; http://www.uptimerobot.com/)"
157.90.209.76 - - [09/Dec/2021:02:19:08 +0000] "GET /archives/1313 HTTP/1.1" 200 7041 "-" "Mozilla/5.0 (compatible; BLEXBot/1.0; +http://webmeup-crawler.com/)"
27.141.53.159 - - [09/Dec/2021:02:19:25 +0000] "GET /wp-content/uploads/2021/04/CDSL-System-Architecture1.png HTTP/2.0" 200 89919 "https://www.google.com/" "Mozilla/5.0 (Macintosh; Intel Mac OS X 10_15_7) AppleWebKit/537.36 (KHTML, like Gecko) Chrome/96.0.4664.55 Safari/537.36"
163.215.6.1 - - [09/Dec/2021:02:19:31 +0000] "POST /wp-cron.php?doing_wp_cron=1639016371.5692360401153564453125 HTTP/1.1" 200 31 "https://ja.tak-cslab.org/wp-cron.php?doing_wp_cron=1639016371.5692360401153564453125" "WordPress/5.8.2; https://ja.tak-cslab.org"
34.206.38.217 - - [09/Dec/2021:02:19:31 +0000] "GET /feed HTTP/1.1" 200 54718 "-" "Automate.io BOT"
157.90.209.76 - - [09/Dec/2021:02:20:10 +0000] "GET /archives/1345 HTTP/1.1" 200 9464 "-" "Mozilla/5.0 (compatible; BLEXBot/1.0; +http://webmeup-crawler.com/)"
207.46.13.85 - - [09/Dec/2021:02:20:31 +0000] "GET /wp-content/uploads/2020/08/image-2-768x599.png HTTP/2.0" 200 223753 "-" "Mozilla/5.0 (compatible; bingbot/2.0; +http://www.bing.com/bingbot.htm)"
18.177.139.20 - - [09/Dec/2021:02:20:49 +0000] "GET /favicon.ico HTTP/1.1" 302 5 "-" "Slack-ImgProxy (+https://api.slack.com/robots)"
18.180.253.142 - - [09/Dec/2021:02:20:49 +0000] "GET /wp-includes/images/w-logo-blue-white-bg.png HTTP/1.1" 200 4119 "-" "Slack-ImgProxy (+https://api.slack.com/robots)"
157.90.209.76 - - [09/Dec/2021:02:20:58 +0000] "GET /archives/1353 HTTP/1.1" 200 6735 "-" "Mozilla/5.0 (compatible; BLEXBot/1.0; +http://webmeup-crawler.com/)"
157.90.209.76 - - [09/Dec/2021:02:22:00 +0000] "GET /archives/1398 HTTP/1.1" 200 6965 "-" "Mozilla/5.0 (compatible; BLEXBot/1.0; +http://webmeup-crawler.com/)"
185.220.101.190 - - [09/Dec/2021:02:22:33 +0000] "POST /xmlrpc.php HTTP/1.0" 301 162 "-" "Mozilla/5.0 (Windows NT 6.1; rv:86.0) Gecko/20100101 Firefox/86.0"
107.189.13.143 - - [09/Dec/2021:02:22:35 +0000] "POST /xmlrpc.php HTTP/1.0" 200 403 "-" "Mozilla/5.0 (Windows NT 6.1; rv:86.0) Gecko/20100101 Firefox/86.0"
157.90.209.76 - - [09/Dec/2021:02:23:03 +0000] "GET /archives/1412 HTTP/1.1" 200 8378 "-" "Mozilla/5.0 (compatible; BLEXBot/1.0; +http://webmeup-crawler.com/)"
216.245.221.83 - - [09/Dec/2021:02:23:29 +0000] "HEAD / HTTP/1.1" 301 0 "http://ja.tak-cslab.org/" "Mozilla/5.0+(compatible; UptimeRobot/2.0; http://www.uptimerobot.com/)"
216.245.221.83 - - [09/Dec/2021:02:23:29 +0000] "HEAD / HTTP/1.1" 200 0 "http://ja.tak-cslab.org/" "Mozilla/5.0+(compatible; UptimeRobot/2.0; http://www.uptimerobot.com/)"
157.90.209.76 - - [09/Dec/2021:02:23:59 +0000] "GET /robots.txt HTTP/1.1" 301 162 "-" "Mozilla/5.0 (compatible; BLEXBot/1.0; +http://webmeup-crawler.com/)"
157.90.209.76 - - [09/Dec/2021:02:24:00 +0000] "GET /robots.txt HTTP/1.1" 200 123 "-" "Mozilla/5.0 (compatible; BLEXBot/1.0; +http://webmeup-crawler.com/)"
157.90.209.76 - - [09/Dec/2021:02:24:00 +0000] "GET /archives/1446 HTTP/1.1" 200 6998 "-" "Mozilla/5.0 (compatible; BLEXBot/1.0; +http://webmeup-crawler.com/)"
34.206.38.217 - - [09/Dec/2021:02:24:31 +0000] "GET /feed HTTP/1.1" 200 54711 "-" "Automate.io BOT"
157.90.209.76 - - [09/Dec/2021:02:24:47 +0000] "GET /archives/1462 HTTP/1.1" 200 11396 "-" "Mozilla/5.0 (compatible; BLEXBot/1.0; +http://webmeup-crawler.com/)"
157.90.209.76 - - [09/Dec/2021:02:25:16 +0000] "GET /archives/1466 HTTP/1.1" 200 11688 "-" "Mozilla/5.0 (compatible; BLEXBot/1.0; +http://webmeup-crawler.com/)"
157.90.209.76 - - [09/Dec/2021:02:25:47 +0000] "GET /archives/1477 HTTP/1.1" 200 6886 "-" "Mozilla/5.0 (compatible; BLEXBot/1.0; +http://webmeup-crawler.com/)"
157.90.209.76 - - [09/Dec/2021:02:26:22 +0000] "GET /archives/1484 HTTP/1.1" 200 7646 "-" "Mozilla/5.0 (compatible; BLEXBot/1.0; +http://webmeup-crawler.com/)"
18.222.252.83 - - [09/Dec/2021:02:27:01 +0000] "GET /robots.txt HTTP/1.1" 200 123 "-" "\x22Mozilla/4.0\x22/Nutch-1.19-SNAPSHOT"
18.222.252.83 - - [09/Dec/2021:02:27:01 +0000] "GET /wp-json/wp/v2/tags/24 HTTP/1.1" 200 316 "-" "\x22Mozilla/4.0\x22/Nutch-1.19-SNAPSHOT"
157.90.209.76 - - [09/Dec/2021:02:27:06 +0000] "GET /archives/1503 HTTP/1.1" 200 7127 "-" "Mozilla/5.0 (compatible; BLEXBot/1.0; +http://webmeup-crawler.com/)"
157.90.209.76 - - [09/Dec/2021:02:28:00 +0000] "GET /archives/1700 HTTP/1.1" 200 6532 "-" "Mozilla/5.0 (compatible; BLEXBot/1.0; +http://webmeup-crawler.com/)"
163.215.6.1 - - [09/Dec/2021:02:28:02 +0000] "GET /topics/blog HTTP/2.0" 200 12777 "-" "Mozilla/5.0 (Macintosh; Intel Mac OS X 10_15_7) AppleWebKit/537.36 (KHTML, like Gecko) Chrome/96.0.4664.55 Safari/537.36"
163.215.6.1 - - [09/Dec/2021:02:28:02 +0000] "GET /wp-content/themes/scaffold/style.css?ver=5.8.2 HTTP/2.0" 200 5846 "https://ja.tak-cslab.org/topics/blog" "Mozilla/5.0 (Macintosh; Intel Mac OS X 10_15_7) AppleWebKit/537.36 (KHTML, like Gecko) Chrome/96.0.4664.55 Safari/537.36"
163.215.6.1 - - [09/Dec/2021:02:28:02 +0000] "GET /wp-includes/js/wp-embed.min.js?ver=5.8.2 HTTP/2.0" 304 0 "https://ja.tak-cslab.org/topics/blog" "Mozilla/5.0 (Macintosh; Intel Mac OS X 10_15_7) AppleWebKit/537.36 (KHTML, like Gecko) Chrome/96.0.4664.55 Safari/537.36"
163.215.6.1 - - [09/Dec/2021:02:28:02 +0000] "GET /wp-includes/css/dist/block-library/style.min.css?ver=5.8.2 HTTP/2.0" 200 13704 "https://ja.tak-cslab.org/topics/blog" "Mozilla/5.0 (Macintosh; Intel Mac OS X 10_15_7) AppleWebKit/537.36 (KHTML, like Gecko) Chrome/96.0.4664.55 Safari/537.36"
163.215.6.1 - - [09/Dec/2021:02:28:02 +0000] "GET /wp-includes/js/wp-emoji-release.min.js?ver=5.8.2 HTTP/2.0" 304 0 "https://ja.tak-cslab.org/topics/blog" "Mozilla/5.0 (Macintosh; Intel Mac OS X 10_15_7) AppleWebKit/537.36 (KHTML, like Gecko) Chrome/96.0.4664.55 Safari/537.36"
163.215.6.1 - - [09/Dec/2021:02:28:02 +0000] "GET /favicon.ico HTTP/2.0" 302 0 "https://ja.tak-cslab.org/topics/blog" "Mozilla/5.0 (Macintosh; Intel Mac OS X 10_15_7) AppleWebKit/537.36 (KHTML, like Gecko) Chrome/96.0.4664.55 Safari/537.36"
163.215.6.1 - - [09/Dec/2021:02:28:02 +0000] "GET /wp-includes/images/w-logo-blue-white-bg.png HTTP/2.0" 200 4119 "https://ja.tak-cslab.org/topics/blog" "Mozilla/5.0 (Macintosh; Intel Mac OS X 10_15_7) AppleWebKit/537.36 (KHTML, like Gecko) Chrome/96.0.4664.55 Safari/537.36"
163.215.6.1 - - [09/Dec/2021:02:28:03 +0000] "GET /tech-report HTTP/2.0" 200 12894 "https://ja.tak-cslab.org/topics/blog" "Mozilla/5.0 (Macintosh; Intel Mac OS X 10_15_7) AppleWebKit/537.36 (KHTML, like Gecko) Chrome/96.0.4664.55 Safari/537.36"
