18.212.153.243 - - [30/Nov/2021:22:33:42 +0000] "HEAD /feed HTTP/2.0" 200 0 "-" "Slackbot 1.0 (+https://api.slack.com/robots)"
100.26.182.73 - - [30/Nov/2021:22:33:43 +0000] "GET /feed HTTP/1.1" 200 55868 "-" "Slackbot 1.0 (+https://api.slack.com/robots)"
18.212.178.141 - - [30/Nov/2021:22:33:44 +0000] "GET / HTTP/1.1" 200 6312 "-" "Slackbot 1.0 (+https://api.slack.com/robots)"
216.245.221.83 - - [30/Nov/2021:22:34:26 +0000] "HEAD / HTTP/1.1" 301 0 "http://ja.tak-cslab.org/" "Mozilla/5.0+(compatible; UptimeRobot/2.0; http://www.uptimerobot.com/)"
216.245.221.83 - - [30/Nov/2021:22:34:26 +0000] "HEAD / HTTP/1.1" 200 0 "http://ja.tak-cslab.org/" "Mozilla/5.0+(compatible; UptimeRobot/2.0; http://www.uptimerobot.com/)"
34.206.38.217 - - [30/Nov/2021:22:36:21 +0000] "GET /feed HTTP/1.1" 200 55868 "-" "Automate.io BOT"
66.249.66.85 - - [30/Nov/2021:22:36:26 +0000] "GET /archives/date/2021/10 HTTP/1.1" 200 7525 "-" "Mozilla/5.0 (compatible; Googlebot/2.1; +http://www.google.com/bot.html)"
66.249.66.159 - - [30/Nov/2021:22:36:30 +0000] "GET /wp-content/themes/scaffold/assets/js/navigation.js?ver=1.3.1 HTTP/1.1" 200 1278 "https://ja.tak-cslab.org/archives/date/2021/10" "Mozilla/5.0 AppleWebKit/537.36 (KHTML, like Gecko; compatible; Googlebot/2.1; +http://www.google.com/bot.html) Chrome/95.0.4638.69 Safari/537.36"
216.245.221.83 - - [30/Nov/2021:22:39:26 +0000] "HEAD / HTTP/1.1" 301 0 "http://ja.tak-cslab.org/" "Mozilla/5.0+(compatible; UptimeRobot/2.0; http://www.uptimerobot.com/)"
216.245.221.83 - - [30/Nov/2021:22:39:26 +0000] "HEAD / HTTP/1.1" 200 0 "http://ja.tak-cslab.org/" "Mozilla/5.0+(compatible; UptimeRobot/2.0; http://www.uptimerobot.com/)"
34.206.38.217 - - [30/Nov/2021:22:41:22 +0000] "GET /feed HTTP/1.1" 200 55868 "-" "Automate.io BOT"
216.245.221.83 - - [30/Nov/2021:22:44:26 +0000] "HEAD / HTTP/1.1" 301 0 "http://ja.tak-cslab.org/" "Mozilla/5.0+(compatible; UptimeRobot/2.0; http://www.uptimerobot.com/)"
216.245.221.83 - - [30/Nov/2021:22:44:26 +0000] "HEAD / HTTP/1.1" 200 0 "http://ja.tak-cslab.org/" "Mozilla/5.0+(compatible; UptimeRobot/2.0; http://www.uptimerobot.com/)"
34.206.38.217 - - [30/Nov/2021:22:46:22 +0000] "GET /feed HTTP/1.1" 200 55868 "-" "Automate.io BOT"
216.245.221.83 - - [30/Nov/2021:22:49:26 +0000] "HEAD / HTTP/1.1" 301 0 "http://ja.tak-cslab.org/" "Mozilla/5.0+(compatible; UptimeRobot/2.0; http://www.uptimerobot.com/)"
216.245.221.83 - - [30/Nov/2021:22:49:26 +0000] "HEAD / HTTP/1.1" 200 0 "http://ja.tak-cslab.org/" "Mozilla/5.0+(compatible; UptimeRobot/2.0; http://www.uptimerobot.com/)"
34.206.38.217 - - [30/Nov/2021:22:51:23 +0000] "GET /feed HTTP/1.1" 200 55867 "-" "Automate.io BOT"
100.26.182.73 - - [30/Nov/2021:22:53:42 +0000] "HEAD /feed HTTP/2.0" 200 0 "-" "Slackbot 1.0 (+https://api.slack.com/robots)"
3.85.12.110 - - [30/Nov/2021:22:53:43 +0000] "GET /feed HTTP/1.1" 200 55868 "-" "Slackbot 1.0 (+https://api.slack.com/robots)"
3.239.115.172 - - [30/Nov/2021:22:53:44 +0000] "GET / HTTP/1.1" 200 6312 "-" "Slackbot 1.0 (+https://api.slack.com/robots)"
216.245.221.83 - - [30/Nov/2021:22:54:26 +0000] "HEAD / HTTP/1.1" 301 0 "http://ja.tak-cslab.org/" "Mozilla/5.0+(compatible; UptimeRobot/2.0; http://www.uptimerobot.com/)"
216.245.221.83 - - [30/Nov/2021:22:54:26 +0000] "HEAD / HTTP/1.1" 200 0 "http://ja.tak-cslab.org/" "Mozilla/5.0+(compatible; UptimeRobot/2.0; http://www.uptimerobot.com/)"
34.206.38.217 - - [30/Nov/2021:22:56:22 +0000] "GET /feed HTTP/1.1" 200 55868 "-" "Automate.io BOT"
66.249.66.5 - - [30/Nov/2021:22:57:29 +0000] "GET /archives/786 HTTP/1.1" 200 9382 "-" "Mozilla/5.0 (Linux; Android 6.0.1; Nexus 5X Build/MMB29P) AppleWebKit/537.36 (KHTML, like Gecko) Chrome/96.0.4664.45 Mobile Safari/537.36 (compatible; Googlebot/2.1; +http://www.google.com/bot.html)"
216.245.221.83 - - [30/Nov/2021:22:59:26 +0000] "HEAD / HTTP/1.1" 301 0 "http://ja.tak-cslab.org/" "Mozilla/5.0+(compatible; UptimeRobot/2.0; http://www.uptimerobot.com/)"
216.245.221.83 - - [30/Nov/2021:22:59:26 +0000] "HEAD / HTTP/1.1" 200 0 "http://ja.tak-cslab.org/" "Mozilla/5.0+(compatible; UptimeRobot/2.0; http://www.uptimerobot.com/)"
163.215.6.1 - - [30/Nov/2021:23:01:22 +0000] "POST /wp-cron.php?doing_wp_cron=1638313281.9676690101623535156250 HTTP/1.1" 200 31 "https://ja.tak-cslab.org/wp-cron.php?doing_wp_cron=1638313281.9676690101623535156250" "WordPress/5.8.2; https://ja.tak-cslab.org"
34.206.38.217 - - [30/Nov/2021:23:01:22 +0000] "GET /feed HTTP/1.1" 200 55868 "-" "Automate.io BOT"
54.36.148.195 - - [30/Nov/2021:23:03:47 +0000] "GET /robots.txt HTTP/2.0" 200 112 "-" "Mozilla/5.0 (compatible; AhrefsBot/7.0; +http://ahrefs.com/robot/)"
51.222.253.17 - - [30/Nov/2021:23:03:49 +0000] "GET /archives/author/tomita HTTP/2.0" 200 5897 "-" "Mozilla/5.0 (compatible; AhrefsBot/7.0; +http://ahrefs.com/robot/)"
40.77.167.44 - - [30/Nov/2021:23:04:08 +0000] "GET /wp-content/uploads/2021/04/CDSL-System-Architecture6-600x338.png HTTP/2.0" 200 71818 "-" "Mozilla/5.0 (compatible; bingbot/2.0; +http://www.bing.com/bingbot.htm)"
216.245.221.83 - - [30/Nov/2021:23:04:26 +0000] "HEAD / HTTP/1.1" 301 0 "http://ja.tak-cslab.org/" "Mozilla/5.0+(compatible; UptimeRobot/2.0; http://www.uptimerobot.com/)"
216.245.221.83 - - [30/Nov/2021:23:04:26 +0000] "HEAD / HTTP/1.1" 200 0 "http://ja.tak-cslab.org/" "Mozilla/5.0+(compatible; UptimeRobot/2.0; http://www.uptimerobot.com/)"
34.206.38.217 - - [30/Nov/2021:23:06:22 +0000] "GET /feed HTTP/1.1" 200 55868 "-" "Automate.io BOT"
66.249.66.7 - - [30/Nov/2021:23:06:26 +0000] "GET /archives/1115 HTTP/1.1" 200 8144 "-" "Mozilla/5.0 (Linux; Android 6.0.1; Nexus 5X Build/MMB29P) AppleWebKit/537.36 (KHTML, like Gecko) Chrome/96.0.4664.45 Mobile Safari/537.36 (compatible; Googlebot/2.1; +http://www.google.com/bot.html)"
216.245.221.83 - - [30/Nov/2021:23:09:26 +0000] "HEAD / HTTP/1.1" 301 0 "http://ja.tak-cslab.org/" "Mozilla/5.0+(compatible; UptimeRobot/2.0; http://www.uptimerobot.com/)"
216.245.221.83 - - [30/Nov/2021:23:09:26 +0000] "HEAD / HTTP/1.1" 200 0 "http://ja.tak-cslab.org/" "Mozilla/5.0+(compatible; UptimeRobot/2.0; http://www.uptimerobot.com/)"
202.214.125.226 - - [30/Nov/2021:23:10:48 +0000] "GET /archives/606 HTTP/2.0" 200 11297 "https://www.google.com/" "Mozilla/5.0 (Linux; Android 11; Redmi Note 9S) AppleWebKit/537.36 (KHTML, like Gecko) Chrome/96.0.4664.45 Mobile Safari/537.36"
202.214.125.226 - - [30/Nov/2021:23:10:48 +0000] "GET /wp-content/themes/cdsl/style.css?ver=1.3.1 HTTP/2.0" 200 272 "-" "Mozilla/5.0 (Linux; Android 11; Redmi Note 9S) AppleWebKit/537.36 (KHTML, like Gecko) Chrome/96.0.4664.45 Mobile Safari/537.36"
202.214.125.226 - - [30/Nov/2021:23:10:48 +0000] "GET /wp-includes/css/dist/block-library/style.min.css?ver=5.8.2 HTTP/2.0" 200 13704 "-" "Mozilla/5.0 (Linux; Android 11; Redmi Note 9S) AppleWebKit/537.36 (KHTML, like Gecko) Chrome/96.0.4664.45 Mobile Safari/537.36"
202.214.125.226 - - [30/Nov/2021:23:10:48 +0000] "GET /wp-content/themes/scaffold/style.css?ver=5.8.2 HTTP/2.0" 200 5846 "-" "Mozilla/5.0 (Linux; Android 11; Redmi Note 9S) AppleWebKit/537.36 (KHTML, like Gecko) Chrome/96.0.4664.45 Mobile Safari/537.36"
202.214.125.226 - - [30/Nov/2021:23:10:49 +0000] "GET /wp-includes/js/wp-emoji-release.min.js?ver=5.8.2 HTTP/2.0" 200 5714 "https://ja.tak-cslab.org/archives/606" "Mozilla/5.0 (Linux; Android 11; Redmi Note 9S) AppleWebKit/537.36 (KHTML, like Gecko) Chrome/96.0.4664.45 Mobile Safari/537.36"
202.214.125.226 - - [30/Nov/2021:23:10:49 +0000] "GET /wp-content/themes/scaffold/assets/js/navigation.js?ver=1.3.1 HTTP/2.0" 200 1266 "https://ja.tak-cslab.org/archives/606" "Mozilla/5.0 (Linux; Android 11; Redmi Note 9S) AppleWebKit/537.36 (KHTML, like Gecko) Chrome/96.0.4664.45 Mobile Safari/537.36"
202.214.125.226 - - [30/Nov/2021:23:10:49 +0000] "GET /wp-includes/js/comment-reply.min.js?ver=5.8.2 HTTP/2.0" 200 1390 "https://ja.tak-cslab.org/archives/606" "Mozilla/5.0 (Linux; Android 11; Redmi Note 9S) AppleWebKit/537.36 (KHTML, like Gecko) Chrome/96.0.4664.45 Mobile Safari/537.36"
202.214.125.226 - - [30/Nov/2021:23:10:49 +0000] "GET /wp-includes/js/wp-embed.min.js?ver=5.8.2 HTTP/2.0" 200 779 "https://ja.tak-cslab.org/archives/606" "Mozilla/5.0 (Linux; Android 11; Redmi Note 9S) AppleWebKit/537.36 (KHTML, like Gecko) Chrome/96.0.4664.45 Mobile Safari/537.36"
202.214.125.226 - - [30/Nov/2021:23:10:49 +0000] "GET /wp-content/plugins/native-lazyload/assets/images/placeholder.svg HTTP/2.0" 200 88 "https://ja.tak-cslab.org/archives/606" "Mozilla/5.0 (Linux; Android 11; Redmi Note 9S) AppleWebKit/537.36 (KHTML, like Gecko) Chrome/96.0.4664.45 Mobile Safari/537.36"
202.214.125.226 - - [30/Nov/2021:23:10:49 +0000] "GET /wp-content/uploads/2020/09/20200925_200925_0-1-1040x780.jpg HTTP/2.0" 200 101654 "https://ja.tak-cslab.org/archives/606" "Mozilla/5.0 (Linux; Android 11; Redmi Note 9S) AppleWebKit/537.36 (KHTML, like Gecko) Chrome/96.0.4664.45 Mobile Safari/537.36"
202.214.125.226 - - [30/Nov/2021:23:10:49 +0000] "GET /favicon.ico HTTP/2.0" 302 0 "https://ja.tak-cslab.org/archives/606" "Mozilla/5.0 (Linux; Android 11; Redmi Note 9S) AppleWebKit/537.36 (KHTML, like Gecko) Chrome/96.0.4664.45 Mobile Safari/537.36"
202.214.125.226 - - [30/Nov/2021:23:10:49 +0000] "GET /2a9a7912-132f-455a-ba3e-e646218e3b66 HTTP/2.0" 404 5316 "https://ja.tak-cslab.org/archives/606" "Mozilla/5.0 (Linux; Android 11; Redmi Note 9S) AppleWebKit/537.36 (KHTML, like Gecko) Chrome/96.0.4664.45 Mobile Safari/537.36"
202.214.125.226 - - [30/Nov/2021:23:10:50 +0000] "GET /wp-content/uploads/2020/09/Screen-Shot-2020-09-09-at-14.24.13-1040x648.png HTTP/2.0" 200 346983 "https://ja.tak-cslab.org/archives/606" "Mozilla/5.0 (Linux; Android 11; Redmi Note 9S) AppleWebKit/537.36 (KHTML, like Gecko) Chrome/96.0.4664.45 Mobile Safari/537.36"
202.214.125.226 - - [30/Nov/2021:23:10:50 +0000] "GET /wp-includes/images/w-logo-blue-white-bg.png HTTP/2.0" 200 4119 "https://ja.tak-cslab.org/archives/606" "Mozilla/5.0 (Linux; Android 11; Redmi Note 9S) AppleWebKit/537.36 (KHTML, like Gecko) Chrome/96.0.4664.45 Mobile Safari/537.36"
202.214.125.226 - - [30/Nov/2021:23:10:50 +0000] "GET /wp-content/uploads/2020/09/Screen-Shot-2020-09-09-at-14.27.04-1040x779.png HTTP/2.0" 200 415301 "https://ja.tak-cslab.org/archives/606" "Mozilla/5.0 (Linux; Android 11; Redmi Note 9S) AppleWebKit/537.36 (KHTML, like Gecko) Chrome/96.0.4664.45 Mobile Safari/537.36"
202.214.125.226 - - [30/Nov/2021:23:10:51 +0000] "GET /wp-content/uploads/2020/09/Screen-Shot-2020-09-09-at-14.29.23-1040x596.png HTTP/2.0" 200 323535 "https://ja.tak-cslab.org/archives/606" "Mozilla/5.0 (Linux; Android 11; Redmi Note 9S) AppleWebKit/537.36 (KHTML, like Gecko) Chrome/96.0.4664.45 Mobile Safari/537.36"
202.214.125.226 - - [30/Nov/2021:23:10:51 +0000] "GET /wp-content/uploads/2020/09/Screen-Shot-2020-09-09-at-14.27.39-1040x764.png HTTP/2.0" 200 480353 "https://ja.tak-cslab.org/archives/606" "Mozilla/5.0 (Linux; Android 11; Redmi Note 9S) AppleWebKit/537.36 (KHTML, like Gecko) Chrome/96.0.4664.45 Mobile Safari/537.36"
202.214.125.226 - - [30/Nov/2021:23:10:51 +0000] "GET /wp-content/uploads/2020/09/Screen-Shot-2020-09-09-at-14.28.38-1040x678.png HTTP/2.0" 200 372295 "https://ja.tak-cslab.org/archives/606" "Mozilla/5.0 (Linux; Android 11; Redmi Note 9S) AppleWebKit/537.36 (KHTML, like Gecko) Chrome/96.0.4664.45 Mobile Safari/537.36"
202.214.125.226 - - [30/Nov/2021:23:10:52 +0000] "GET /wp-content/uploads/2020/09/Screen-Shot-2020-09-09-at-14.31.27-1040x745.png HTTP/2.0" 200 205277 "https://ja.tak-cslab.org/archives/606" "Mozilla/5.0 (Linux; Android 11; Redmi Note 9S) AppleWebKit/537.36 (KHTML, like Gecko) Chrome/96.0.4664.45 Mobile Safari/537.36"
202.214.125.226 - - [30/Nov/2021:23:10:54 +0000] "GET /wp-content/uploads/2020/09/Screen-Shot-2020-09-09-at-14.34.26-1040x710.png HTTP/2.0" 200 349648 "https://ja.tak-cslab.org/archives/606" "Mozilla/5.0 (Linux; Android 11; Redmi Note 9S) AppleWebKit/537.36 (KHTML, like Gecko) Chrome/96.0.4664.45 Mobile Safari/537.36"
202.214.125.226 - - [30/Nov/2021:23:10:58 +0000] "GET /wp-content/uploads/2020/09/Screen-Shot-2020-09-09-at-14.39.13-1040x926.png HTTP/2.0" 200 270404 "https://ja.tak-cslab.org/archives/606" "Mozilla/5.0 (Linux; Android 11; Redmi Note 9S) AppleWebKit/537.36 (KHTML, like Gecko) Chrome/96.0.4664.45 Mobile Safari/537.36"
202.214.125.226 - - [30/Nov/2021:23:10:58 +0000] "GET /wp-content/uploads/2020/09/Screen-Shot-2020-09-09-at-14.40.09-1040x916.png HTTP/2.0" 200 341289 "https://ja.tak-cslab.org/archives/606" "Mozilla/5.0 (Linux; Android 11; Redmi Note 9S) AppleWebKit/537.36 (KHTML, like Gecko) Chrome/96.0.4664.45 Mobile Safari/537.36"
202.214.125.226 - - [30/Nov/2021:23:10:59 +0000] "GET /wp-content/uploads/2020/09/Screen-Shot-2020-09-09-at-14.40.41-1040x912.png HTTP/2.0" 200 372571 "https://ja.tak-cslab.org/archives/606" "Mozilla/5.0 (Linux; Android 11; Redmi Note 9S) AppleWebKit/537.36 (KHTML, like Gecko) Chrome/96.0.4664.45 Mobile Safari/537.36"
202.214.125.226 - - [30/Nov/2021:23:11:00 +0000] "GET /wp-content/uploads/2020/09/Screen-Shot-2020-09-09-at-14.41.23-1040x920.png HTTP/2.0" 200 165087 "https://ja.tak-cslab.org/archives/606" "Mozilla/5.0 (Linux; Android 11; Redmi Note 9S) AppleWebKit/537.36 (KHTML, like Gecko) Chrome/96.0.4664.45 Mobile Safari/537.36"
202.214.125.226 - - [30/Nov/2021:23:11:02 +0000] "GET /wp-content/uploads/2020/09/20200925_200925_8-1040x780.jpg HTTP/2.0" 200 95349 "https://ja.tak-cslab.org/archives/606" "Mozilla/5.0 (Linux; Android 11; Redmi Note 9S) AppleWebKit/537.36 (KHTML, like Gecko) Chrome/96.0.4664.45 Mobile Safari/537.36"
202.214.125.226 - - [30/Nov/2021:23:11:02 +0000] "GET /wp-content/uploads/2020/09/20200925_200925_7.jpg HTTP/2.0" 200 287119 "https://ja.tak-cslab.org/archives/606" "Mozilla/5.0 (Linux; Android 11; Redmi Note 9S) AppleWebKit/537.36 (KHTML, like Gecko) Chrome/96.0.4664.45 Mobile Safari/537.36"
202.214.125.226 - - [30/Nov/2021:23:11:05 +0000] "GET /wp-content/uploads/2020/09/20200925_200925_0-1040x780.jpg HTTP/2.0" 200 101654 "https://ja.tak-cslab.org/archives/606" "Mozilla/5.0 (Linux; Android 11; Redmi Note 9S) AppleWebKit/537.36 (KHTML, like Gecko) Chrome/96.0.4664.45 Mobile Safari/537.36"
202.214.125.226 - - [30/Nov/2021:23:11:06 +0000] "GET /wp-content/uploads/2020/09/20200925_200925_1.jpg HTTP/2.0" 200 323137 "https://ja.tak-cslab.org/archives/606" "Mozilla/5.0 (Linux; Android 11; Redmi Note 9S) AppleWebKit/537.36 (KHTML, like Gecko) Chrome/96.0.4664.45 Mobile Safari/537.36"
202.214.125.226 - - [30/Nov/2021:23:11:06 +0000] "GET /wp-content/uploads/2020/09/20200925_200925_2.jpg HTTP/2.0" 200 237012 "https://ja.tak-cslab.org/archives/606" "Mozilla/5.0 (Linux; Android 11; Redmi Note 9S) AppleWebKit/537.36 (KHTML, like Gecko) Chrome/96.0.4664.45 Mobile Safari/537.36"
202.214.125.226 - - [30/Nov/2021:23:11:06 +0000] "GET /wp-content/uploads/2020/09/20200925_200925_3.jpg HTTP/2.0" 200 263213 "https://ja.tak-cslab.org/archives/606" "Mozilla/5.0 (Linux; Android 11; Redmi Note 9S) AppleWebKit/537.36 (KHTML, like Gecko) Chrome/96.0.4664.45 Mobile Safari/537.36"
202.214.125.226 - - [30/Nov/2021:23:11:07 +0000] "GET /wp-content/uploads/2020/09/Screen-Shot-2020-09-09-at-15.13.25-1040x633.png HTTP/2.0" 200 275140 "https://ja.tak-cslab.org/archives/606" "Mozilla/5.0 (Linux; Android 11; Redmi Note 9S) AppleWebKit/537.36 (KHTML, like Gecko) Chrome/96.0.4664.45 Mobile Safari/537.36"
202.214.125.226 - - [30/Nov/2021:23:11:15 +0000] "GET /wp-content/uploads/2020/09/Screen-Shot-2020-09-09-at-15.14.44-1040x640.png HTTP/2.0" 200 399757 "https://ja.tak-cslab.org/archives/606" "Mozilla/5.0 (Linux; Android 11; Redmi Note 9S) AppleWebKit/537.36 (KHTML, like Gecko) Chrome/96.0.4664.45 Mobile Safari/537.36"
202.214.125.226 - - [30/Nov/2021:23:11:16 +0000] "GET /wp-content/uploads/2020/09/Screen-Shot-2020-09-09-at-15.20.45-1040x532.png HTTP/2.0" 200 240492 "https://ja.tak-cslab.org/archives/606" "Mozilla/5.0 (Linux; Android 11; Redmi Note 9S) AppleWebKit/537.36 (KHTML, like Gecko) Chrome/96.0.4664.45 Mobile Safari/537.36"
34.206.38.217 - - [30/Nov/2021:23:11:22 +0000] "GET /feed HTTP/1.1" 200 55868 "-" "Automate.io BOT"
3.238.124.144 - - [30/Nov/2021:23:13:44 +0000] "HEAD /feed HTTP/2.0" 200 0 "-" "Slackbot 1.0 (+https://api.slack.com/robots)"
18.212.153.243 - - [30/Nov/2021:23:13:45 +0000] "GET /feed HTTP/1.1" 200 55868 "-" "Slackbot 1.0 (+https://api.slack.com/robots)"
18.209.230.8 - - [30/Nov/2021:23:13:46 +0000] "GET / HTTP/1.1" 200 6320 "-" "Slackbot 1.0 (+https://api.slack.com/robots)"
216.245.221.83 - - [30/Nov/2021:23:14:26 +0000] "HEAD / HTTP/1.1" 301 0 "http://ja.tak-cslab.org/" "Mozilla/5.0+(compatible; UptimeRobot/2.0; http://www.uptimerobot.com/)"
216.245.221.83 - - [30/Nov/2021:23:14:26 +0000] "HEAD / HTTP/1.1" 200 0 "http://ja.tak-cslab.org/" "Mozilla/5.0+(compatible; UptimeRobot/2.0; http://www.uptimerobot.com/)"
34.206.38.217 - - [30/Nov/2021:23:16:22 +0000] "GET /feed HTTP/1.1" 200 55868 "-" "Automate.io BOT"
216.245.221.83 - - [30/Nov/2021:23:19:26 +0000] "HEAD / HTTP/1.1" 301 0 "http://ja.tak-cslab.org/" "Mozilla/5.0+(compatible; UptimeRobot/2.0; http://www.uptimerobot.com/)"
163.215.6.1 - - [30/Nov/2021:23:19:26 +0000] "POST /wp-cron.php?doing_wp_cron=1638314366.6504700183868408203125 HTTP/1.1" 200 31 "https://ja.tak-cslab.org/wp-cron.php?doing_wp_cron=1638314366.6504700183868408203125" "WordPress/5.8.2; https://ja.tak-cslab.org"
216.245.221.83 - - [30/Nov/2021:23:19:26 +0000] "HEAD / HTTP/1.1" 200 0 "http://ja.tak-cslab.org/" "Mozilla/5.0+(compatible; UptimeRobot/2.0; http://www.uptimerobot.com/)"
34.206.38.217 - - [30/Nov/2021:23:21:22 +0000] "GET /feed HTTP/1.1" 200 55868 "-" "Automate.io BOT"
185.191.171.39 - - [30/Nov/2021:23:22:28 +0000] "GET /robots.txt HTTP/1.1" 200 123 "-" "Mozilla/5.0 (compatible; SemrushBot/7~bl; +http://www.semrush.com/bot.html)"
185.191.171.7 - - [30/Nov/2021:23:22:28 +0000] "GET /10gin_cds1?redirect_to=https%3A%2F%2Fja.tak-cslab.org%2Farchives%2F653 HTTP/1.1" 200 4544 "-" "Mozilla/5.0 (compatible; SemrushBot/7~bl; +http://www.semrush.com/bot.html)"
115.37.236.27 - - [30/Nov/2021:23:23:35 +0000] "GET /archives/606 HTTP/2.0" 200 11297 "https://www.google.com/" "Mozilla/5.0 (Macintosh; Intel Mac OS X 10_15_7) AppleWebKit/605.1.15 (KHTML, like Gecko) Version/14.1.2 Safari/605.1.15"
115.37.236.27 - - [30/Nov/2021:23:23:36 +0000] "GET /wp-includes/js/wp-emoji-release.min.js?ver=5.8.2 HTTP/2.0" 200 5714 "https://ja.tak-cslab.org/archives/606" "Mozilla/5.0 (Macintosh; Intel Mac OS X 10_15_7) AppleWebKit/605.1.15 (KHTML, like Gecko) Version/14.1.2 Safari/605.1.15"
115.37.236.27 - - [30/Nov/2021:23:23:36 +0000] "GET /wp-content/themes/cdsl/style.css?ver=1.3.1 HTTP/2.0" 200 272 "https://ja.tak-cslab.org/archives/606" "Mozilla/5.0 (Macintosh; Intel Mac OS X 10_15_7) AppleWebKit/605.1.15 (KHTML, like Gecko) Version/14.1.2 Safari/605.1.15"
115.37.236.27 - - [30/Nov/2021:23:23:36 +0000] "GET /wp-content/plugins/native-lazyload/assets/images/placeholder.svg HTTP/2.0" 200 88 "https://ja.tak-cslab.org/archives/606" "Mozilla/5.0 (Macintosh; Intel Mac OS X 10_15_7) AppleWebKit/605.1.15 (KHTML, like Gecko) Version/14.1.2 Safari/605.1.15"
115.37.236.27 - - [30/Nov/2021:23:23:36 +0000] "GET /wp-content/themes/scaffold/assets/js/navigation.js?ver=1.3.1 HTTP/2.0" 200 1266 "https://ja.tak-cslab.org/archives/606" "Mozilla/5.0 (Macintosh; Intel Mac OS X 10_15_7) AppleWebKit/605.1.15 (KHTML, like Gecko) Version/14.1.2 Safari/605.1.15"
115.37.236.27 - - [30/Nov/2021:23:23:36 +0000] "GET /wp-includes/js/comment-reply.min.js?ver=5.8.2 HTTP/2.0" 200 1390 "https://ja.tak-cslab.org/archives/606" "Mozilla/5.0 (Macintosh; Intel Mac OS X 10_15_7) AppleWebKit/605.1.15 (KHTML, like Gecko) Version/14.1.2 Safari/605.1.15"
115.37.236.27 - - [30/Nov/2021:23:23:36 +0000] "GET /wp-includes/js/wp-embed.min.js?ver=5.8.2 HTTP/2.0" 200 779 "https://ja.tak-cslab.org/archives/606" "Mozilla/5.0 (Macintosh; Intel Mac OS X 10_15_7) AppleWebKit/605.1.15 (KHTML, like Gecko) Version/14.1.2 Safari/605.1.15"
115.37.236.27 - - [30/Nov/2021:23:23:36 +0000] "GET /wp-content/themes/scaffold/style.css?ver=5.8.2 HTTP/2.0" 200 5846 "https://ja.tak-cslab.org/archives/606" "Mozilla/5.0 (Macintosh; Intel Mac OS X 10_15_7) AppleWebKit/605.1.15 (KHTML, like Gecko) Version/14.1.2 Safari/605.1.15"
115.37.236.27 - - [30/Nov/2021:23:23:36 +0000] "GET /wp-includes/css/dist/block-library/style.min.css?ver=5.8.2 HTTP/2.0" 200 13704 "https://ja.tak-cslab.org/archives/606" "Mozilla/5.0 (Macintosh; Intel Mac OS X 10_15_7) AppleWebKit/605.1.15 (KHTML, like Gecko) Version/14.1.2 Safari/605.1.15"
115.37.236.27 - - [30/Nov/2021:23:23:36 +0000] "GET /wp-content/plugins/native-lazyload/assets/js/lazyload.js HTTP/2.0" 200 1085 "https://ja.tak-cslab.org/archives/606" "Mozilla/5.0 (Macintosh; Intel Mac OS X 10_15_7) AppleWebKit/605.1.15 (KHTML, like Gecko) Version/14.1.2 Safari/605.1.15"
115.37.236.27 - - [30/Nov/2021:23:23:36 +0000] "GET /favicon.ico HTTP/2.0" 302 0 "https://ja.tak-cslab.org/archives/606" "Mozilla/5.0 (Macintosh; Intel Mac OS X 10_15_7) AppleWebKit/605.1.15 (KHTML, like Gecko) Version/14.1.2 Safari/605.1.15"
115.37.236.27 - - [30/Nov/2021:23:23:36 +0000] "GET /wp-includes/images/w-logo-blue-white-bg.png HTTP/2.0" 200 4119 "https://ja.tak-cslab.org/archives/606" "Mozilla/5.0 (Macintosh; Intel Mac OS X 10_15_7) AppleWebKit/605.1.15 (KHTML, like Gecko) Version/14.1.2 Safari/605.1.15"
115.37.236.27 - - [30/Nov/2021:23:23:36 +0000] "GET /2a9a7912-132f-455a-ba3e-e646218e3b66 HTTP/2.0" 404 5316 "https://ja.tak-cslab.org/archives/606" "Mozilla/5.0 (Macintosh; Intel Mac OS X 10_15_7) AppleWebKit/605.1.15 (KHTML, like Gecko) Version/14.1.2 Safari/605.1.15"
115.37.236.27 - - [30/Nov/2021:23:23:36 +0000] "GET /wp-content/uploads/2020/09/20200925_200925_0-1-600x450.jpg HTTP/2.0" 200 44810 "https://ja.tak-cslab.org/archives/606" "Mozilla/5.0 (Macintosh; Intel Mac OS X 10_15_7) AppleWebKit/605.1.15 (KHTML, like Gecko) Version/14.1.2 Safari/605.1.15"
115.37.236.27 - - [30/Nov/2021:23:23:37 +0000] "GET /wp-content/uploads/2020/09/20200925_200925_0-1.jpg HTTP/2.0" 200 247845 "https://ja.tak-cslab.org/archives/606" "Mozilla/5.0 (Macintosh; Intel Mac OS X 10_15_7) AppleWebKit/605.1.15 (KHTML, like Gecko) Version/14.1.2 Safari/605.1.15"
115.37.236.27 - - [30/Nov/2021:23:23:37 +0000] "GET /wp-content/uploads/2020/09/Screen-Shot-2020-09-09-at-14.24.13-1024x638.png HTTP/2.0" 200 272074 "https://ja.tak-cslab.org/archives/606" "Mozilla/5.0 (Macintosh; Intel Mac OS X 10_15_7) AppleWebKit/605.1.15 (KHTML, like Gecko) Version/14.1.2 Safari/605.1.15"
115.37.236.27 - - [30/Nov/2021:23:23:37 +0000] "GET /wp-content/uploads/2020/09/Screen-Shot-2020-09-09-at-14.24.13-1536x957.png HTTP/2.0" 200 425660 "https://ja.tak-cslab.org/archives/606" "Mozilla/5.0 (Macintosh; Intel Mac OS X 10_15_7) AppleWebKit/605.1.15 (KHTML, like Gecko) Version/14.1.2 Safari/605.1.15"
115.37.236.27 - - [30/Nov/2021:23:23:40 +0000] "GET /wp-content/uploads/2020/09/Screen-Shot-2020-09-09-at-14.27.04-1024x767.png HTTP/2.0" 200 458420 "https://ja.tak-cslab.org/archives/606" "Mozilla/5.0 (Macintosh; Intel Mac OS X 10_15_7) AppleWebKit/605.1.15 (KHTML, like Gecko) Version/14.1.2 Safari/605.1.15"
115.37.236.27 - - [30/Nov/2021:23:23:40 +0000] "GET /wp-content/uploads/2020/09/Screen-Shot-2020-09-09-at-14.27.04-1536x1150.png HTTP/2.0" 200 1291871 "https://ja.tak-cslab.org/archives/606" "Mozilla/5.0 (Macintosh; Intel Mac OS X 10_15_7) AppleWebKit/605.1.15 (KHTML, like Gecko) Version/14.1.2 Safari/605.1.15"
115.37.236.27 - - [30/Nov/2021:23:23:41 +0000] "GET /wp-content/uploads/2020/09/Screen-Shot-2020-09-09-at-14.27.39-1024x752.png HTTP/2.0" 200 374177 "https://ja.tak-cslab.org/archives/606" "Mozilla/5.0 (Macintosh; Intel Mac OS X 10_15_7) AppleWebKit/605.1.15 (KHTML, like Gecko) Version/14.1.2 Safari/605.1.15"
115.37.236.27 - - [30/Nov/2021:23:23:41 +0000] "GET /wp-content/uploads/2020/09/Screen-Shot-2020-09-09-at-14.27.39-1536x1128.png HTTP/2.0" 200 1008125 "https://ja.tak-cslab.org/archives/606" "Mozilla/5.0 (Macintosh; Intel Mac OS X 10_15_7) AppleWebKit/605.1.15 (KHTML, like Gecko) Version/14.1.2 Safari/605.1.15"
115.37.236.27 - - [30/Nov/2021:23:23:52 +0000] "GET /wp-content/uploads/2020/09/Screen-Shot-2020-09-09-at-14.28.38-1024x668.png HTTP/2.0" 200 281217 "https://ja.tak-cslab.org/archives/606" "Mozilla/5.0 (Macintosh; Intel Mac OS X 10_15_7) AppleWebKit/605.1.15 (KHTML, like Gecko) Version/14.1.2 Safari/605.1.15"
115.37.236.27 - - [30/Nov/2021:23:23:52 +0000] "GET /wp-content/uploads/2020/09/Screen-Shot-2020-09-09-at-14.28.38-1536x1002.png HTTP/2.0" 200 778647 "https://ja.tak-cslab.org/archives/606" "Mozilla/5.0 (Macintosh; Intel Mac OS X 10_15_7) AppleWebKit/605.1.15 (KHTML, like Gecko) Version/14.1.2 Safari/605.1.15"
115.37.236.27 - - [30/Nov/2021:23:23:52 +0000] "GET /wp-content/uploads/2020/09/Screen-Shot-2020-09-09-at-14.29.23-1024x587.png HTTP/2.0" 200 253756 "https://ja.tak-cslab.org/archives/606" "Mozilla/5.0 (Macintosh; Intel Mac OS X 10_15_7) AppleWebKit/605.1.15 (KHTML, like Gecko) Version/14.1.2 Safari/605.1.15"
115.37.236.27 - - [30/Nov/2021:23:23:52 +0000] "GET /wp-content/uploads/2020/09/Screen-Shot-2020-09-09-at-14.29.23.png HTTP/2.0" 200 196673 "https://ja.tak-cslab.org/archives/606" "Mozilla/5.0 (Macintosh; Intel Mac OS X 10_15_7) AppleWebKit/605.1.15 (KHTML, like Gecko) Version/14.1.2 Safari/605.1.15"
115.37.236.27 - - [30/Nov/2021:23:23:58 +0000] "GET /wp-content/uploads/2020/09/Screen-Shot-2020-09-09-at-14.31.27-1536x1100.png HTTP/2.0" 200 317192 "https://ja.tak-cslab.org/archives/606" "Mozilla/5.0 (Macintosh; Intel Mac OS X 10_15_7) AppleWebKit/605.1.15 (KHTML, like Gecko) Version/14.1.2 Safari/605.1.15"
115.37.236.27 - - [30/Nov/2021:23:23:58 +0000] "GET /wp-content/uploads/2020/09/Screen-Shot-2020-09-09-at-14.31.27-1024x733.png HTTP/2.0" 200 195229 "https://ja.tak-cslab.org/archives/606" "Mozilla/5.0 (Macintosh; Intel Mac OS X 10_15_7) AppleWebKit/605.1.15 (KHTML, like Gecko) Version/14.1.2 Safari/605.1.15"
115.37.236.27 - - [30/Nov/2021:23:23:58 +0000] "GET /wp-content/uploads/2020/09/Screen-Shot-2020-09-09-at-14.34.26-1024x699.png HTTP/2.0" 200 326235 "https://ja.tak-cslab.org/archives/606" "Mozilla/5.0 (Macintosh; Intel Mac OS X 10_15_7) AppleWebKit/605.1.15 (KHTML, like Gecko) Version/14.1.2 Safari/605.1.15"
115.37.236.27 - - [30/Nov/2021:23:23:58 +0000] "GET /wp-content/uploads/2020/09/Screen-Shot-2020-09-09-at-14.39.13.png HTTP/2.0" 200 130066 "https://ja.tak-cslab.org/archives/606" "Mozilla/5.0 (Macintosh; Intel Mac OS X 10_15_7) AppleWebKit/605.1.15 (KHTML, like Gecko) Version/14.1.2 Safari/605.1.15"
115.37.236.27 - - [30/Nov/2021:23:23:58 +0000] "GET /wp-content/uploads/2020/09/Screen-Shot-2020-09-09-at-14.34.26-1536x1048.png HTTP/2.0" 200 619147 "https://ja.tak-cslab.org/archives/606" "Mozilla/5.0 (Macintosh; Intel Mac OS X 10_15_7) AppleWebKit/605.1.15 (KHTML, like Gecko) Version/14.1.2 Safari/605.1.15"
115.37.236.27 - - [30/Nov/2021:23:23:58 +0000] "GET /wp-content/uploads/2020/09/Screen-Shot-2020-09-09-at-14.39.13-1024x912.png HTTP/2.0" 200 219212 "https://ja.tak-cslab.org/archives/606" "Mozilla/5.0 (Macintosh; Intel Mac OS X 10_15_7) AppleWebKit/605.1.15 (KHTML, like Gecko) Version/14.1.2 Safari/605.1.15"
115.37.236.27 - - [30/Nov/2021:23:24:02 +0000] "GET /wp-content/uploads/2020/09/Screen-Shot-2020-09-09-at-14.40.09-1024x902.png HTTP/2.0" 200 192547 "https://ja.tak-cslab.org/archives/606" "Mozilla/5.0 (Macintosh; Intel Mac OS X 10_15_7) AppleWebKit/605.1.15 (KHTML, like Gecko) Version/14.1.2 Safari/605.1.15"
115.37.236.27 - - [30/Nov/2021:23:24:02 +0000] "GET /wp-content/uploads/2020/09/Screen-Shot-2020-09-09-at-14.40.09.png HTTP/2.0" 200 129692 "https://ja.tak-cslab.org/archives/606" "Mozilla/5.0 (Macintosh; Intel Mac OS X 10_15_7) AppleWebKit/605.1.15 (KHTML, like Gecko) Version/14.1.2 Safari/605.1.15"
115.37.236.27 - - [30/Nov/2021:23:24:04 +0000] "GET /wp-content/uploads/2020/09/Screen-Shot-2020-09-09-at-14.40.41.png HTTP/2.0" 200 132297 "https://ja.tak-cslab.org/archives/606" "Mozilla/5.0 (Macintosh; Intel Mac OS X 10_15_7) AppleWebKit/605.1.15 (KHTML, like Gecko) Version/14.1.2 Safari/605.1.15"
115.37.236.27 - - [30/Nov/2021:23:24:04 +0000] "GET /wp-content/uploads/2020/09/Screen-Shot-2020-09-09-at-14.41.23.png HTTP/2.0" 200 128736 "https://ja.tak-cslab.org/archives/606" "Mozilla/5.0 (Macintosh; Intel Mac OS X 10_15_7) AppleWebKit/605.1.15 (KHTML, like Gecko) Version/14.1.2 Safari/605.1.15"
115.37.236.27 - - [30/Nov/2021:23:24:04 +0000] "GET /wp-content/uploads/2020/09/Screen-Shot-2020-09-09-at-14.41.23-1024x906.png HTTP/2.0" 200 206520 "https://ja.tak-cslab.org/archives/606" "Mozilla/5.0 (Macintosh; Intel Mac OS X 10_15_7) AppleWebKit/605.1.15 (KHTML, like Gecko) Version/14.1.2 Safari/605.1.15"
115.37.236.27 - - [30/Nov/2021:23:24:04 +0000] "GET /wp-content/uploads/2020/09/Screen-Shot-2020-09-09-at-14.40.41-1024x898.png HTTP/2.0" 200 270328 "https://ja.tak-cslab.org/archives/606" "Mozilla/5.0 (Macintosh; Intel Mac OS X 10_15_7) AppleWebKit/605.1.15 (KHTML, like Gecko) Version/14.1.2 Safari/605.1.15"
115.37.236.27 - - [30/Nov/2021:23:24:14 +0000] "GET /wp-content/uploads/2020/09/20200925_200925_7-768x1024.jpg HTTP/2.0" 200 110029 "https://ja.tak-cslab.org/archives/606" "Mozilla/5.0 (Macintosh; Intel Mac OS X 10_15_7) AppleWebKit/605.1.15 (KHTML, like Gecko) Version/14.1.2 Safari/605.1.15"
115.37.236.27 - - [30/Nov/2021:23:24:14 +0000] "GET /wp-content/uploads/2020/09/20200925_200925_8-1024x768.jpg HTTP/2.0" 200 92811 "https://ja.tak-cslab.org/archives/606" "Mozilla/5.0 (Macintosh; Intel Mac OS X 10_15_7) AppleWebKit/605.1.15 (KHTML, like Gecko) Version/14.1.2 Safari/605.1.15"
115.37.236.27 - - [30/Nov/2021:23:24:14 +0000] "GET /wp-content/uploads/2020/09/20200925_200925_0-1024x768.jpg HTTP/2.0" 200 98940 "https://ja.tak-cslab.org/archives/606" "Mozilla/5.0 (Macintosh; Intel Mac OS X 10_15_7) AppleWebKit/605.1.15 (KHTML, like Gecko) Version/14.1.2 Safari/605.1.15"
115.37.236.27 - - [30/Nov/2021:23:24:15 +0000] "GET /wp-content/uploads/2020/09/20200925_200925_8.jpg HTTP/2.0" 200 236962 "https://ja.tak-cslab.org/archives/606" "Mozilla/5.0 (Macintosh; Intel Mac OS X 10_15_7) AppleWebKit/605.1.15 (KHTML, like Gecko) Version/14.1.2 Safari/605.1.15"
115.37.236.27 - - [30/Nov/2021:23:24:15 +0000] "GET /wp-content/uploads/2020/09/20200925_200925_1-768x1024.jpg HTTP/2.0" 200 122290 "https://ja.tak-cslab.org/archives/606" "Mozilla/5.0 (Macintosh; Intel Mac OS X 10_15_7) AppleWebKit/605.1.15 (KHTML, like Gecko) Version/14.1.2 Safari/605.1.15"
115.37.236.27 - - [30/Nov/2021:23:24:15 +0000] "GET /wp-content/uploads/2020/09/20200925_200925_2-768x1024.jpg HTTP/2.0" 200 92396 "https://ja.tak-cslab.org/archives/606" "Mozilla/5.0 (Macintosh; Intel Mac OS X 10_15_7) AppleWebKit/605.1.15 (KHTML, like Gecko) Version/14.1.2 Safari/605.1.15"
115.37.236.27 - - [30/Nov/2021:23:24:15 +0000] "GET /wp-content/uploads/2020/09/20200925_200925_0.jpg HTTP/2.0" 200 247845 "https://ja.tak-cslab.org/archives/606" "Mozilla/5.0 (Macintosh; Intel Mac OS X 10_15_7) AppleWebKit/605.1.15 (KHTML, like Gecko) Version/14.1.2 Safari/605.1.15"
115.37.236.27 - - [30/Nov/2021:23:24:15 +0000] "GET /wp-content/uploads/2020/09/20200925_200925_3-768x1024.jpg HTTP/2.0" 200 106701 "https://ja.tak-cslab.org/archives/606" "Mozilla/5.0 (Macintosh; Intel Mac OS X 10_15_7) AppleWebKit/605.1.15 (KHTML, like Gecko) Version/14.1.2 Safari/605.1.15"
115.37.236.27 - - [30/Nov/2021:23:24:15 +0000] "GET /wp-content/uploads/2020/09/20200925_200925_7.jpg HTTP/2.0" 200 287119 "https://ja.tak-cslab.org/archives/606" "Mozilla/5.0 (Macintosh; Intel Mac OS X 10_15_7) AppleWebKit/605.1.15 (KHTML, like Gecko) Version/14.1.2 Safari/605.1.15"
115.37.236.27 - - [30/Nov/2021:23:24:15 +0000] "GET /wp-content/uploads/2020/09/Screen-Shot-2020-09-09-at-15.13.25-1024x623.png HTTP/2.0" 200 170476 "https://ja.tak-cslab.org/archives/606" "Mozilla/5.0 (Macintosh; Intel Mac OS X 10_15_7) AppleWebKit/605.1.15 (KHTML, like Gecko) Version/14.1.2 Safari/605.1.15"
115.37.236.27 - - [30/Nov/2021:23:24:15 +0000] "GET /wp-content/uploads/2020/09/20200925_200925_2.jpg HTTP/2.0" 200 237012 "https://ja.tak-cslab.org/archives/606" "Mozilla/5.0 (Macintosh; Intel Mac OS X 10_15_7) AppleWebKit/605.1.15 (KHTML, like Gecko) Version/14.1.2 Safari/605.1.15"
115.37.236.27 - - [30/Nov/2021:23:24:15 +0000] "GET /wp-content/uploads/2020/09/20200925_200925_1.jpg HTTP/2.0" 200 323137 "https://ja.tak-cslab.org/archives/606" "Mozilla/5.0 (Macintosh; Intel Mac OS X 10_15_7) AppleWebKit/605.1.15 (KHTML, like Gecko) Version/14.1.2 Safari/605.1.15"
115.37.236.27 - - [30/Nov/2021:23:24:15 +0000] "GET /wp-content/uploads/2020/09/Screen-Shot-2020-09-09-at-15.13.25-1536x934.png HTTP/2.0" 200 270874 "https://ja.tak-cslab.org/archives/606" "Mozilla/5.0 (Macintosh; Intel Mac OS X 10_15_7) AppleWebKit/605.1.15 (KHTML, like Gecko) Version/14.1.2 Safari/605.1.15"
115.37.236.27 - - [30/Nov/2021:23:24:15 +0000] "GET /wp-content/uploads/2020/09/20200925_200925_3.jpg HTTP/2.0" 200 263213 "https://ja.tak-cslab.org/archives/606" "Mozilla/5.0 (Macintosh; Intel Mac OS X 10_15_7) AppleWebKit/605.1.15 (KHTML, like Gecko) Version/14.1.2 Safari/605.1.15"
115.37.236.27 - - [30/Nov/2021:23:24:23 +0000] "GET /wp-content/uploads/2020/09/Screen-Shot-2020-09-09-at-15.14.44-1024x630.png HTTP/2.0" 200 426428 "https://ja.tak-cslab.org/archives/606" "Mozilla/5.0 (Macintosh; Intel Mac OS X 10_15_7) AppleWebKit/605.1.15 (KHTML, like Gecko) Version/14.1.2 Safari/605.1.15"
115.37.236.27 - - [30/Nov/2021:23:24:23 +0000] "GET /wp-content/uploads/2020/09/Screen-Shot-2020-09-09-at-15.20.45-1024x524.png HTTP/2.0" 200 188588 "https://ja.tak-cslab.org/archives/606" "Mozilla/5.0 (Macintosh; Intel Mac OS X 10_15_7) AppleWebKit/605.1.15 (KHTML, like Gecko) Version/14.1.2 Safari/605.1.15"
115.37.236.27 - - [30/Nov/2021:23:24:23 +0000] "GET /wp-content/uploads/2020/09/Screen-Shot-2020-09-09-at-15.14.44-1536x945.png HTTP/2.0" 200 728952 "https://ja.tak-cslab.org/archives/606" "Mozilla/5.0 (Macintosh; Intel Mac OS X 10_15_7) AppleWebKit/605.1.15 (KHTML, like Gecko) Version/14.1.2 Safari/605.1.15"
115.37.236.27 - - [30/Nov/2021:23:24:23 +0000] "GET /wp-content/uploads/2020/09/Screen-Shot-2020-09-09-at-15.20.45-1536x785.png HTTP/2.0" 200 555026 "https://ja.tak-cslab.org/archives/606" "Mozilla/5.0 (Macintosh; Intel Mac OS X 10_15_7) AppleWebKit/605.1.15 (KHTML, like Gecko) Version/14.1.2 Safari/605.1.15"
216.245.221.83 - - [30/Nov/2021:23:24:26 +0000] "HEAD / HTTP/1.1" 301 0 "http://ja.tak-cslab.org/" "Mozilla/5.0+(compatible; UptimeRobot/2.0; http://www.uptimerobot.com/)"
216.245.221.83 - - [30/Nov/2021:23:24:26 +0000] "HEAD / HTTP/1.1" 200 0 "http://ja.tak-cslab.org/" "Mozilla/5.0+(compatible; UptimeRobot/2.0; http://www.uptimerobot.com/)"
34.206.38.217 - - [30/Nov/2021:23:26:22 +0000] "GET /feed HTTP/1.1" 200 55868 "-" "Automate.io BOT"
216.245.221.83 - - [30/Nov/2021:23:29:26 +0000] "HEAD / HTTP/1.1" 301 0 "http://ja.tak-cslab.org/" "Mozilla/5.0+(compatible; UptimeRobot/2.0; http://www.uptimerobot.com/)"
216.245.221.83 - - [30/Nov/2021:23:29:26 +0000] "HEAD / HTTP/1.1" 200 0 "http://ja.tak-cslab.org/" "Mozilla/5.0+(compatible; UptimeRobot/2.0; http://www.uptimerobot.com/)"
34.206.38.217 - - [30/Nov/2021:23:31:22 +0000] "GET /feed HTTP/1.1" 200 55868 "-" "Automate.io BOT"
18.209.230.8 - - [30/Nov/2021:23:33:42 +0000] "HEAD /feed HTTP/2.0" 200 0 "-" "Slackbot 1.0 (+https://api.slack.com/robots)"
54.159.146.241 - - [30/Nov/2021:23:33:43 +0000] "GET /feed HTTP/1.1" 200 55854 "-" "Slackbot 1.0 (+https://api.slack.com/robots)"
54.221.23.121 - - [30/Nov/2021:23:33:45 +0000] "GET / HTTP/1.1" 200 6312 "-" "Slackbot 1.0 (+https://api.slack.com/robots)"
216.245.221.83 - - [30/Nov/2021:23:34:26 +0000] "HEAD / HTTP/1.1" 301 0 "http://ja.tak-cslab.org/" "Mozilla/5.0+(compatible; UptimeRobot/2.0; http://www.uptimerobot.com/)"
216.245.221.83 - - [30/Nov/2021:23:34:26 +0000] "HEAD / HTTP/1.1" 200 0 "http://ja.tak-cslab.org/" "Mozilla/5.0+(compatible; UptimeRobot/2.0; http://www.uptimerobot.com/)"
207.46.13.41 - - [30/Nov/2021:23:35:26 +0000] "GET /wp-content/uploads/2020/09/Screen-Shot-2020-09-09-at-16.15.27.png HTTP/2.0" 200 136497 "-" "Mozilla/5.0 (compatible; bingbot/2.0; +http://www.bing.com/bingbot.htm)"
34.206.38.217 - - [30/Nov/2021:23:36:22 +0000] "GET /feed HTTP/1.1" 200 55867 "-" "Automate.io BOT"
66.249.66.158 - - [30/Nov/2021:23:36:26 +0000] "GET /archives/1345 HTTP/1.1" 200 9545 "-" "Mozilla/5.0 (Linux; Android 6.0.1; Nexus 5X Build/MMB29P) AppleWebKit/537.36 (KHTML, like Gecko) Chrome/96.0.4664.45 Mobile Safari/537.36 (compatible; Googlebot/2.1; +http://www.google.com/bot.html)"
207.46.13.41 - - [30/Nov/2021:23:37:36 +0000] "GET /archives/716 HTTP/2.0" 200 6501 "-" "Mozilla/5.0 (compatible; bingbot/2.0; +http://www.bing.com/bingbot.htm)"
40.77.167.66 - - [30/Nov/2021:23:37:50 +0000] "GET /wp-includes/css/dist/block-library/style.min.css?ver=5.8.2 HTTP/2.0" 200 13704 "-" "Mozilla/5.0 (compatible; bingbot/2.0; +http://www.bing.com/bingbot.htm)"
40.77.167.44 - - [30/Nov/2021:23:37:52 +0000] "GET /wp-content/themes/scaffold/assets/js/navigation.js?ver=1.3.1 HTTP/2.0" 200 1266 "-" "Mozilla/5.0 (compatible; bingbot/2.0; +http://www.bing.com/bingbot.htm)"
40.77.167.44 - - [30/Nov/2021:23:37:54 +0000] "GET /wp-includes/js/wp-embed.min.js?ver=5.8.2 HTTP/2.0" 200 779 "-" "Mozilla/5.0 (compatible; bingbot/2.0; +http://www.bing.com/bingbot.htm)"
40.77.167.44 - - [30/Nov/2021:23:37:55 +0000] "GET /wp-includes/js/wp-emoji-release.min.js?ver=5.8.2 HTTP/2.0" 200 5714 "-" "Mozilla/5.0 (compatible; bingbot/2.0; +http://www.bing.com/bingbot.htm)"
40.77.167.53 - - [30/Nov/2021:23:37:57 +0000] "GET /wp-includes/js/comment-reply.min.js?ver=5.8.2 HTTP/2.0" 200 1390 "-" "Mozilla/5.0 (compatible; bingbot/2.0; +http://www.bing.com/bingbot.htm)"
216.245.221.83 - - [30/Nov/2021:23:39:26 +0000] "HEAD / HTTP/1.1" 301 0 "http://ja.tak-cslab.org/" "Mozilla/5.0+(compatible; UptimeRobot/2.0; http://www.uptimerobot.com/)"
216.245.221.83 - - [30/Nov/2021:23:39:27 +0000] "HEAD / HTTP/1.1" 200 0 "http://ja.tak-cslab.org/" "Mozilla/5.0+(compatible; UptimeRobot/2.0; http://www.uptimerobot.com/)"
156.146.50.45 - - [30/Nov/2021:23:40:06 +0000] "GET /archives/460/ HTTP/1.0" 301 162 "http://ja.tak-cslab.org/archives/460/" "Mozilla/5.0 (Windows NT 6.1) AppleWebKit/537.36 (KHTML, like Gecko) Chrome/90.0.4430.72 Safari/537.36"
156.146.50.45 - - [30/Nov/2021:23:40:08 +0000] "GET /archives/460/ HTTP/1.0" 301 0 "https://ja.tak-cslab.org/archives/460/" "Mozilla/5.0 (Windows NT 6.1) AppleWebKit/537.36 (KHTML, like Gecko) Chrome/90.0.4430.72 Safari/537.36"
156.146.50.45 - - [30/Nov/2021:23:40:09 +0000] "GET /archives/460 HTTP/1.0" 200 27841 "https://ja.tak-cslab.org/archives/460" "Mozilla/5.0 (Windows NT 6.1) AppleWebKit/537.36 (KHTML, like Gecko) Chrome/90.0.4430.72 Safari/537.36"
34.206.38.217 - - [30/Nov/2021:23:41:22 +0000] "GET /feed HTTP/1.1" 200 55867 "-" "Automate.io BOT"
185.191.171.4 - - [30/Nov/2021:23:41:38 +0000] "GET /10gin_cds1?redirect_to=https%3A%2F%2Fja.tak-cslab.org%2Farchives%2F848 HTTP/1.1" 200 4550 "-" "Mozilla/5.0 (compatible; SemrushBot/7~bl; +http://www.semrush.com/bot.html)"
216.245.221.83 - - [30/Nov/2021:23:44:26 +0000] "HEAD / HTTP/1.1" 301 0 "http://ja.tak-cslab.org/" "Mozilla/5.0+(compatible; UptimeRobot/2.0; http://www.uptimerobot.com/)"
216.245.221.83 - - [30/Nov/2021:23:44:26 +0000] "HEAD / HTTP/1.1" 200 0 "http://ja.tak-cslab.org/" "Mozilla/5.0+(compatible; UptimeRobot/2.0; http://www.uptimerobot.com/)"
163.215.6.1 - - [30/Nov/2021:23:45:27 +0000] "GET /tech-report HTTP/2.0" 200 12646 "-" "Mozilla/5.0 (iPhone; CPU iPhone OS 14_8 like Mac OS X) AppleWebKit/605.1.15 (KHTML, like Gecko) Version/14.1.2 Mobile/15E148 Safari/604.1"
163.215.6.1 - - [30/Nov/2021:23:45:58 +0000] "GET /tech-report HTTP/2.0" 200 12646 "https://www.bing.com/" "Mozilla/5.0 (Windows NT 10.0; Win64; x64) AppleWebKit/537.36 (KHTML, like Gecko) Chrome/96.0.4664.55 Safari/537.36 Edg/96.0.1054.34"
163.215.6.1 - - [30/Nov/2021:23:45:58 +0000] "GET /wp-content/themes/cdsl/style.css?ver=1.3.1 HTTP/2.0" 200 272 "https://ja.tak-cslab.org/tech-report" "Mozilla/5.0 (Windows NT 10.0; Win64; x64) AppleWebKit/537.36 (KHTML, like Gecko) Chrome/96.0.4664.55 Safari/537.36 Edg/96.0.1054.34"
163.215.6.1 - - [30/Nov/2021:23:45:58 +0000] "GET /wp-content/themes/scaffold/assets/js/navigation.js?ver=1.3.1 HTTP/2.0" 200 1266 "https://ja.tak-cslab.org/tech-report" "Mozilla/5.0 (Windows NT 10.0; Win64; x64) AppleWebKit/537.36 (KHTML, like Gecko) Chrome/96.0.4664.55 Safari/537.36 Edg/96.0.1054.34"
163.215.6.1 - - [30/Nov/2021:23:45:58 +0000] "GET /wp-includes/js/wp-embed.min.js?ver=5.8.2 HTTP/2.0" 200 779 "https://ja.tak-cslab.org/tech-report" "Mozilla/5.0 (Windows NT 10.0; Win64; x64) AppleWebKit/537.36 (KHTML, like Gecko) Chrome/96.0.4664.55 Safari/537.36 Edg/96.0.1054.34"
163.215.6.1 - - [30/Nov/2021:23:45:58 +0000] "GET /wp-content/themes/scaffold/style.css?ver=5.8.2 HTTP/2.0" 200 5846 "https://ja.tak-cslab.org/tech-report" "Mozilla/5.0 (Windows NT 10.0; Win64; x64) AppleWebKit/537.36 (KHTML, like Gecko) Chrome/96.0.4664.55 Safari/537.36 Edg/96.0.1054.34"
163.215.6.1 - - [30/Nov/2021:23:45:58 +0000] "GET /wp-includes/css/dist/block-library/style.min.css?ver=5.8.2 HTTP/2.0" 200 13704 "https://ja.tak-cslab.org/tech-report" "Mozilla/5.0 (Windows NT 10.0; Win64; x64) AppleWebKit/537.36 (KHTML, like Gecko) Chrome/96.0.4664.55 Safari/537.36 Edg/96.0.1054.34"
163.215.6.1 - - [30/Nov/2021:23:45:58 +0000] "GET /wp-includes/js/wp-emoji-release.min.js?ver=5.8.2 HTTP/2.0" 200 5714 "https://ja.tak-cslab.org/tech-report" "Mozilla/5.0 (Windows NT 10.0; Win64; x64) AppleWebKit/537.36 (KHTML, like Gecko) Chrome/96.0.4664.55 Safari/537.36 Edg/96.0.1054.34"
163.215.6.1 - - [30/Nov/2021:23:45:58 +0000] "GET /favicon.ico HTTP/2.0" 302 0 "https://ja.tak-cslab.org/tech-report" "Mozilla/5.0 (Windows NT 10.0; Win64; x64) AppleWebKit/537.36 (KHTML, like Gecko) Chrome/96.0.4664.55 Safari/537.36 Edg/96.0.1054.34"
163.215.6.1 - - [30/Nov/2021:23:45:58 +0000] "GET /wp-includes/images/w-logo-blue-white-bg.png HTTP/2.0" 200 4119 "https://ja.tak-cslab.org/tech-report" "Mozilla/5.0 (Windows NT 10.0; Win64; x64) AppleWebKit/537.36 (KHTML, like Gecko) Chrome/96.0.4664.55 Safari/537.36 Edg/96.0.1054.34"
34.206.38.217 - - [30/Nov/2021:23:46:22 +0000] "GET /feed HTTP/1.1" 200 55868 "-" "Automate.io BOT"
18.181.185.232 - - [30/Nov/2021:23:49:17 +0000] "GET /favicon.ico HTTP/1.1" 302 5 "-" "Slack-ImgProxy (+https://api.slack.com/robots)"
35.77.38.125 - - [30/Nov/2021:23:49:17 +0000] "GET /wp-includes/images/w-logo-blue-white-bg.png HTTP/1.1" 200 4119 "-" "Slack-ImgProxy (+https://api.slack.com/robots)"
216.245.221.83 - - [30/Nov/2021:23:49:26 +0000] "HEAD / HTTP/1.1" 301 0 "http://ja.tak-cslab.org/" "Mozilla/5.0+(compatible; UptimeRobot/2.0; http://www.uptimerobot.com/)"
216.245.221.83 - - [30/Nov/2021:23:49:26 +0000] "HEAD / HTTP/1.1" 200 0 "http://ja.tak-cslab.org/" "Mozilla/5.0+(compatible; UptimeRobot/2.0; http://www.uptimerobot.com/)"
185.191.171.10 - - [30/Nov/2021:23:49:59 +0000] "GET /archives/555 HTTP/1.1" 200 8197 "-" "Mozilla/5.0 (compatible; SemrushBot/7~bl; +http://www.semrush.com/bot.html)"
34.206.38.217 - - [30/Nov/2021:23:51:22 +0000] "GET /feed HTTP/1.1" 200 55868 "-" "Automate.io BOT"
44.197.215.38 - - [30/Nov/2021:23:53:41 +0000] "HEAD /feed HTTP/2.0" 200 0 "-" "Slackbot 1.0 (+https://api.slack.com/robots)"
34.229.119.99 - - [30/Nov/2021:23:53:41 +0000] "GET /feed HTTP/1.1" 200 55868 "-" "Slackbot 1.0 (+https://api.slack.com/robots)"
3.88.39.105 - - [30/Nov/2021:23:53:45 +0000] "GET / HTTP/1.1" 200 6320 "-" "Slackbot 1.0 (+https://api.slack.com/robots)"
216.245.221.83 - - [30/Nov/2021:23:54:26 +0000] "HEAD / HTTP/1.1" 301 0 "http://ja.tak-cslab.org/" "Mozilla/5.0+(compatible; UptimeRobot/2.0; http://www.uptimerobot.com/)"
216.245.221.83 - - [30/Nov/2021:23:54:26 +0000] "HEAD / HTTP/1.1" 200 0 "http://ja.tak-cslab.org/" "Mozilla/5.0+(compatible; UptimeRobot/2.0; http://www.uptimerobot.com/)"
34.206.38.217 - - [30/Nov/2021:23:56:22 +0000] "GET /feed HTTP/1.1" 200 55868 "-" "Automate.io BOT"
216.245.221.83 - - [30/Nov/2021:23:59:26 +0000] "HEAD / HTTP/1.1" 301 0 "http://ja.tak-cslab.org/" "Mozilla/5.0+(compatible; UptimeRobot/2.0; http://www.uptimerobot.com/)"
216.245.221.83 - - [30/Nov/2021:23:59:26 +0000] "HEAD / HTTP/1.1" 200 0 "http://ja.tak-cslab.org/" "Mozilla/5.0+(compatible; UptimeRobot/2.0; http://www.uptimerobot.com/)"
