133.106.77.200 - - [26/Nov/2021:11:06:05 +0000] "GET /favicon.ico HTTP/2.0" 302 0 "https://ja.tak-cslab.org/archives/896" "Mozilla/5.0 (Linux; Android 12; Pixel 3 XL Build/SP1A.210812.015; wv) AppleWebKit/537.36 (KHTML, like Gecko) Version/4.0 Chrome/96.0.4664.45 Mobile Safari/537.36 Line/11.19.1/IAB"
133.106.77.200 - - [26/Nov/2021:11:06:05 +0000] "GET /favicon.ico HTTP/2.0" 302 0 "https://ja.tak-cslab.org/archives/896" "Mozilla/5.0 (Linux; Android 12; Pixel 3 XL Build/SP1A.210812.015; wv) AppleWebKit/537.36 (KHTML, like Gecko) Version/4.0 Chrome/96.0.4664.45 Mobile Safari/537.36 Line/11.19.1/IAB"
133.106.77.200 - - [26/Nov/2021:11:06:05 +0000] "GET /favicon.ico HTTP/2.0" 302 0 "https://ja.tak-cslab.org/archives/896" "Mozilla/5.0 (Linux; Android 12; Pixel 3 XL Build/SP1A.210812.015; wv) AppleWebKit/537.36 (KHTML, like Gecko) Version/4.0 Chrome/96.0.4664.45 Mobile Safari/537.36 Line/11.19.1/IAB"
133.106.77.200 - - [26/Nov/2021:11:06:05 +0000] "GET /favicon.ico HTTP/2.0" 302 0 "https://ja.tak-cslab.org/archives/896" "Mozilla/5.0 (Linux; Android 12; Pixel 3 XL Build/SP1A.210812.015; wv) AppleWebKit/537.36 (KHTML, like Gecko) Version/4.0 Chrome/96.0.4664.45 Mobile Safari/537.36 Line/11.19.1/IAB"
133.106.77.200 - - [26/Nov/2021:11:06:05 +0000] "GET /favicon.ico HTTP/2.0" 302 0 "https://ja.tak-cslab.org/archives/896" "Mozilla/5.0 (Linux; Android 12; Pixel 3 XL Build/SP1A.210812.015; wv) AppleWebKit/537.36 (KHTML, like Gecko) Version/4.0 Chrome/96.0.4664.45 Mobile Safari/537.36 Line/11.19.1/IAB"
133.106.77.200 - - [26/Nov/2021:11:06:05 +0000] "GET /favicon.ico HTTP/2.0" 302 0 "https://ja.tak-cslab.org/archives/896" "Mozilla/5.0 (Linux; Android 12; Pixel 3 XL Build/SP1A.210812.015; wv) AppleWebKit/537.36 (KHTML, like Gecko) Version/4.0 Chrome/96.0.4664.45 Mobile Safari/537.36 Line/11.19.1/IAB"
133.106.77.200 - - [26/Nov/2021:11:06:06 +0000] "GET /favicon.ico HTTP/2.0" 302 0 "https://ja.tak-cslab.org/archives/896" "Mozilla/5.0 (Linux; Android 12; Pixel 3 XL Build/SP1A.210812.015; wv) AppleWebKit/537.36 (KHTML, like Gecko) Version/4.0 Chrome/96.0.4664.45 Mobile Safari/537.36 Line/11.19.1/IAB"
133.106.77.200 - - [26/Nov/2021:11:06:06 +0000] "GET /favicon.ico HTTP/2.0" 302 0 "https://ja.tak-cslab.org/archives/896" "Mozilla/5.0 (Linux; Android 12; Pixel 3 XL Build/SP1A.210812.015; wv) AppleWebKit/537.36 (KHTML, like Gecko) Version/4.0 Chrome/96.0.4664.45 Mobile Safari/537.36 Line/11.19.1/IAB"
133.106.77.200 - - [26/Nov/2021:11:06:06 +0000] "GET /favicon.ico HTTP/2.0" 302 0 "https://ja.tak-cslab.org/archives/896" "Mozilla/5.0 (Linux; Android 12; Pixel 3 XL Build/SP1A.210812.015; wv) AppleWebKit/537.36 (KHTML, like Gecko) Version/4.0 Chrome/96.0.4664.45 Mobile Safari/537.36 Line/11.19.1/IAB"
133.106.77.200 - - [26/Nov/2021:11:06:06 +0000] "GET /favicon.ico HTTP/2.0" 302 0 "https://ja.tak-cslab.org/archives/896" "Mozilla/5.0 (Linux; Android 12; Pixel 3 XL Build/SP1A.210812.015; wv) AppleWebKit/537.36 (KHTML, like Gecko) Version/4.0 Chrome/96.0.4664.45 Mobile Safari/537.36 Line/11.19.1/IAB"
133.106.77.200 - - [26/Nov/2021:11:06:06 +0000] "GET /favicon.ico HTTP/2.0" 302 0 "https://ja.tak-cslab.org/archives/896" "Mozilla/5.0 (Linux; Android 12; Pixel 3 XL Build/SP1A.210812.015; wv) AppleWebKit/537.36 (KHTML, like Gecko) Version/4.0 Chrome/96.0.4664.45 Mobile Safari/537.36 Line/11.19.1/IAB"
133.106.77.200 - - [26/Nov/2021:11:06:06 +0000] "GET /favicon.ico HTTP/2.0" 302 0 "https://ja.tak-cslab.org/archives/896" "Mozilla/5.0 (Linux; Android 12; Pixel 3 XL Build/SP1A.210812.015; wv) AppleWebKit/537.36 (KHTML, like Gecko) Version/4.0 Chrome/96.0.4664.45 Mobile Safari/537.36 Line/11.19.1/IAB"
133.106.77.200 - - [26/Nov/2021:11:06:06 +0000] "GET /favicon.ico HTTP/2.0" 302 0 "https://ja.tak-cslab.org/archives/896" "Mozilla/5.0 (Linux; Android 12; Pixel 3 XL Build/SP1A.210812.015; wv) AppleWebKit/537.36 (KHTML, like Gecko) Version/4.0 Chrome/96.0.4664.45 Mobile Safari/537.36 Line/11.19.1/IAB"
133.106.77.200 - - [26/Nov/2021:11:06:06 +0000] "GET /favicon.ico HTTP/2.0" 302 0 "https://ja.tak-cslab.org/archives/896" "Mozilla/5.0 (Linux; Android 12; Pixel 3 XL Build/SP1A.210812.015; wv) AppleWebKit/537.36 (KHTML, like Gecko) Version/4.0 Chrome/96.0.4664.45 Mobile Safari/537.36 Line/11.19.1/IAB"
133.106.77.200 - - [26/Nov/2021:11:06:06 +0000] "GET /favicon.ico HTTP/2.0" 302 0 "https://ja.tak-cslab.org/archives/896" "Mozilla/5.0 (Linux; Android 12; Pixel 3 XL Build/SP1A.210812.015; wv) AppleWebKit/537.36 (KHTML, like Gecko) Version/4.0 Chrome/96.0.4664.45 Mobile Safari/537.36 Line/11.19.1/IAB"
133.106.77.200 - - [26/Nov/2021:11:06:06 +0000] "GET /favicon.ico HTTP/2.0" 302 0 "https://ja.tak-cslab.org/archives/896" "Mozilla/5.0 (Linux; Android 12; Pixel 3 XL Build/SP1A.210812.015; wv) AppleWebKit/537.36 (KHTML, like Gecko) Version/4.0 Chrome/96.0.4664.45 Mobile Safari/537.36 Line/11.19.1/IAB"
133.106.77.200 - - [26/Nov/2021:11:06:06 +0000] "GET /favicon.ico HTTP/2.0" 302 0 "https://ja.tak-cslab.org/archives/896" "Mozilla/5.0 (Linux; Android 12; Pixel 3 XL Build/SP1A.210812.015; wv) AppleWebKit/537.36 (KHTML, like Gecko) Version/4.0 Chrome/96.0.4664.45 Mobile Safari/537.36 Line/11.19.1/IAB"
216.245.221.83 - - [26/Nov/2021:11:07:27 +0000] "HEAD / HTTP/1.1" 301 0 "http://ja.tak-cslab.org/" "Mozilla/5.0+(compatible; UptimeRobot/2.0; http://www.uptimerobot.com/)"
216.245.221.83 - - [26/Nov/2021:11:07:27 +0000] "HEAD / HTTP/1.1" 200 0 "http://ja.tak-cslab.org/" "Mozilla/5.0+(compatible; UptimeRobot/2.0; http://www.uptimerobot.com/)"
34.206.38.217 - - [26/Nov/2021:11:08:34 +0000] "GET /feed HTTP/1.1" 200 55860 "-" "Automate.io BOT"
161.97.157.176 - - [26/Nov/2021:11:12:18 +0000] "GET /robots.txt HTTP/1.1" 200 128 "-" "Mozilla/5.0 (compatible; MJ12bot/v1.4.8; http://mj12bot.com/)"
216.245.221.83 - - [26/Nov/2021:11:12:27 +0000] "HEAD / HTTP/1.1" 301 0 "http://ja.tak-cslab.org/" "Mozilla/5.0+(compatible; UptimeRobot/2.0; http://www.uptimerobot.com/)"
216.245.221.83 - - [26/Nov/2021:11:12:27 +0000] "HEAD / HTTP/1.1" 200 0 "http://ja.tak-cslab.org/" "Mozilla/5.0+(compatible; UptimeRobot/2.0; http://www.uptimerobot.com/)"
161.97.157.176 - - [26/Nov/2021:11:12:27 +0000] "GET /tags/%E3%83%90%E3%83%83%E3%82%AF%E3%82%A2%E3%83%83%E3%83%97 HTTP/1.1" 200 6699 "-" "Mozilla/5.0 (compatible; MJ12bot/v1.4.8; http://mj12bot.com/)"
34.206.38.217 - - [26/Nov/2021:11:13:34 +0000] "GET /feed HTTP/1.1" 200 55868 "-" "Automate.io BOT"
44.193.200.177 - - [26/Nov/2021:11:13:39 +0000] "HEAD /feed HTTP/2.0" 200 0 "-" "Slackbot 1.0 (+https://api.slack.com/robots)"
54.85.61.192 - - [26/Nov/2021:11:13:40 +0000] "GET /feed HTTP/1.1" 200 55860 "-" "Slackbot 1.0 (+https://api.slack.com/robots)"
75.101.242.189 - - [26/Nov/2021:11:13:41 +0000] "GET / HTTP/1.1" 200 6312 "-" "Slackbot 1.0 (+https://api.slack.com/robots)"
216.245.221.83 - - [26/Nov/2021:11:17:27 +0000] "HEAD / HTTP/1.1" 301 0 "http://ja.tak-cslab.org/" "Mozilla/5.0+(compatible; UptimeRobot/2.0; http://www.uptimerobot.com/)"
216.245.221.83 - - [26/Nov/2021:11:17:27 +0000] "HEAD / HTTP/1.1" 200 0 "http://ja.tak-cslab.org/" "Mozilla/5.0+(compatible; UptimeRobot/2.0; http://www.uptimerobot.com/)"
163.215.6.1 - - [26/Nov/2021:11:18:34 +0000] "POST /wp-cron.php?doing_wp_cron=1637925514.2837140560150146484375 HTTP/1.1" 200 31 "https://ja.tak-cslab.org/wp-cron.php?doing_wp_cron=1637925514.2837140560150146484375" "WordPress/5.8.2; https://ja.tak-cslab.org"
34.206.38.217 - - [26/Nov/2021:11:18:34 +0000] "GET /feed HTTP/1.1" 200 55867 "-" "Automate.io BOT"
216.245.221.83 - - [26/Nov/2021:11:22:27 +0000] "HEAD / HTTP/1.1" 301 0 "http://ja.tak-cslab.org/" "Mozilla/5.0+(compatible; UptimeRobot/2.0; http://www.uptimerobot.com/)"
216.245.221.83 - - [26/Nov/2021:11:22:27 +0000] "HEAD / HTTP/1.1" 200 0 "http://ja.tak-cslab.org/" "Mozilla/5.0+(compatible; UptimeRobot/2.0; http://www.uptimerobot.com/)"
34.206.38.217 - - [26/Nov/2021:11:23:34 +0000] "GET /feed HTTP/1.1" 200 55861 "-" "Automate.io BOT"
40.77.167.53 - - [26/Nov/2021:11:24:05 +0000] "GET /archives/1266 HTTP/2.0" 200 11440 "-" "Mozilla/5.0 (compatible; bingbot/2.0; +http://www.bing.com/bingbot.htm)"
40.77.167.44 - - [26/Nov/2021:11:24:23 +0000] "GET /wp-content/themes/scaffold/assets/js/navigation.js?ver=1.3.1 HTTP/2.0" 200 1266 "-" "Mozilla/5.0 (compatible; bingbot/2.0; +http://www.bing.com/bingbot.htm)"
40.77.167.44 - - [26/Nov/2021:11:24:25 +0000] "GET /wp-includes/js/wp-embed.min.js?ver=5.8.2 HTTP/2.0" 200 779 "-" "Mozilla/5.0 (compatible; bingbot/2.0; +http://www.bing.com/bingbot.htm)"
40.77.167.66 - - [26/Nov/2021:11:24:25 +0000] "GET /wp-includes/css/dist/block-library/style.min.css?ver=5.8.2 HTTP/2.0" 200 13704 "-" "Mozilla/5.0 (compatible; bingbot/2.0; +http://www.bing.com/bingbot.htm)"
216.245.221.83 - - [26/Nov/2021:11:27:27 +0000] "HEAD / HTTP/1.1" 301 0 "http://ja.tak-cslab.org/" "Mozilla/5.0+(compatible; UptimeRobot/2.0; http://www.uptimerobot.com/)"
216.245.221.83 - - [26/Nov/2021:11:27:27 +0000] "HEAD / HTTP/1.1" 200 0 "http://ja.tak-cslab.org/" "Mozilla/5.0+(compatible; UptimeRobot/2.0; http://www.uptimerobot.com/)"
34.206.38.217 - - [26/Nov/2021:11:28:34 +0000] "GET /feed HTTP/1.1" 200 55861 "-" "Automate.io BOT"
216.245.221.83 - - [26/Nov/2021:11:32:27 +0000] "HEAD / HTTP/1.1" 301 0 "http://ja.tak-cslab.org/" "Mozilla/5.0+(compatible; UptimeRobot/2.0; http://www.uptimerobot.com/)"
216.245.221.83 - - [26/Nov/2021:11:32:27 +0000] "HEAD / HTTP/1.1" 200 0 "http://ja.tak-cslab.org/" "Mozilla/5.0+(compatible; UptimeRobot/2.0; http://www.uptimerobot.com/)"
34.206.38.217 - - [26/Nov/2021:11:33:34 +0000] "GET /feed HTTP/1.1" 200 55861 "-" "Automate.io BOT"
34.239.136.168 - - [26/Nov/2021:11:33:40 +0000] "HEAD /feed HTTP/2.0" 200 0 "-" "Slackbot 1.0 (+https://api.slack.com/robots)"
18.234.217.65 - - [26/Nov/2021:11:33:41 +0000] "GET /feed HTTP/1.1" 200 55867 "-" "Slackbot 1.0 (+https://api.slack.com/robots)"
3.210.202.82 - - [26/Nov/2021:11:33:43 +0000] "GET / HTTP/1.1" 200 6312 "-" "Slackbot 1.0 (+https://api.slack.com/robots)"
216.245.221.83 - - [26/Nov/2021:11:37:27 +0000] "HEAD / HTTP/1.1" 301 0 "http://ja.tak-cslab.org/" "Mozilla/5.0+(compatible; UptimeRobot/2.0; http://www.uptimerobot.com/)"
216.245.221.83 - - [26/Nov/2021:11:37:27 +0000] "HEAD / HTTP/1.1" 200 0 "http://ja.tak-cslab.org/" "Mozilla/5.0+(compatible; UptimeRobot/2.0; http://www.uptimerobot.com/)"
35.77.3.247 - - [26/Nov/2021:11:37:53 +0000] "GET /wp-content/uploads/2020/09/20200925_200925_0-1.jpg HTTP/1.1" 200 247845 "-" "Slack-ImgProxy (+https://api.slack.com/robots)"
35.77.5.208 - - [26/Nov/2021:11:38:08 +0000] "GET /wp-content/uploads/2020/09/20200925_200925_0-1.jpg HTTP/1.1" 200 247845 "-" "Slack-ImgProxy (+https://api.slack.com/robots)"
34.206.38.217 - - [26/Nov/2021:11:38:35 +0000] "GET /feed HTTP/1.1" 200 55867 "-" "Automate.io BOT"
51.222.253.5 - - [26/Nov/2021:11:40:09 +0000] "GET /archives/author/c0118116 HTTP/2.0" 200 5940 "-" "Mozilla/5.0 (compatible; AhrefsBot/7.0; +http://ahrefs.com/robot/)"
54.248.62.76 - - [26/Nov/2021:11:40:58 +0000] "GET /wp-content/uploads/2020/09/20200925_200925_0-1.jpg HTTP/1.1" 200 247845 "-" "Slack-ImgProxy (+https://api.slack.com/robots)"
3.112.113.107 - - [26/Nov/2021:11:40:58 +0000] "GET /favicon.ico HTTP/1.1" 302 5 "-" "Slack-ImgProxy (+https://api.slack.com/robots)"
18.179.108.28 - - [26/Nov/2021:11:40:58 +0000] "GET /wp-includes/images/w-logo-blue-white-bg.png HTTP/1.1" 200 4119 "-" "Slack-ImgProxy (+https://api.slack.com/robots)"
103.246.144.45 - - [26/Nov/2021:11:41:14 +0000] "GET /archives/460/ HTTP/1.0" 301 162 "http://ja.tak-cslab.org/archives/460/" "Mozilla/5.0 (Windows NT 6.3; Win64; x64) AppleWebKit/537.36 (KHTML, like Gecko) Chrome/90.0.4430.85 Safari/537.36"
103.246.144.45 - - [26/Nov/2021:11:41:15 +0000] "GET /archives/460/ HTTP/1.0" 301 0 "https://ja.tak-cslab.org/archives/460/" "Mozilla/5.0 (Windows NT 6.3; Win64; x64) AppleWebKit/537.36 (KHTML, like Gecko) Chrome/90.0.4430.85 Safari/537.36"
103.246.144.45 - - [26/Nov/2021:11:41:16 +0000] "GET /archives/460 HTTP/1.0" 200 27841 "https://ja.tak-cslab.org/archives/460" "Mozilla/5.0 (Windows NT 6.3; Win64; x64) AppleWebKit/537.36 (KHTML, like Gecko) Chrome/90.0.4430.85 Safari/537.36"
216.245.221.83 - - [26/Nov/2021:11:42:27 +0000] "HEAD / HTTP/1.1" 301 0 "http://ja.tak-cslab.org/" "Mozilla/5.0+(compatible; UptimeRobot/2.0; http://www.uptimerobot.com/)"
216.245.221.83 - - [26/Nov/2021:11:42:27 +0000] "HEAD / HTTP/1.1" 200 0 "http://ja.tak-cslab.org/" "Mozilla/5.0+(compatible; UptimeRobot/2.0; http://www.uptimerobot.com/)"
34.206.38.217 - - [26/Nov/2021:11:43:35 +0000] "GET /feed HTTP/1.1" 200 55868 "-" "Automate.io BOT"
13.115.241.119 - - [26/Nov/2021:11:47:03 +0000] "GET /wp-content/uploads/2020/09/20200925_200925_0-1.jpg HTTP/1.1" 200 247845 "-" "Slack-ImgProxy (+https://api.slack.com/robots)"
216.245.221.83 - - [26/Nov/2021:11:47:27 +0000] "HEAD / HTTP/1.1" 301 0 "http://ja.tak-cslab.org/" "Mozilla/5.0+(compatible; UptimeRobot/2.0; http://www.uptimerobot.com/)"
216.245.221.83 - - [26/Nov/2021:11:47:27 +0000] "HEAD / HTTP/1.1" 200 0 "http://ja.tak-cslab.org/" "Mozilla/5.0+(compatible; UptimeRobot/2.0; http://www.uptimerobot.com/)"
34.206.38.217 - - [26/Nov/2021:11:48:34 +0000] "GET /feed HTTP/1.1" 200 55868 "-" "Automate.io BOT"
54.168.43.79 - - [26/Nov/2021:11:51:12 +0000] "GET /favicon.ico HTTP/1.1" 302 5 "-" "Slack-ImgProxy (+https://api.slack.com/robots)"
18.181.229.209 - - [26/Nov/2021:11:51:13 +0000] "GET /wp-includes/images/w-logo-blue-white-bg.png HTTP/1.1" 200 4119 "-" "Slack-ImgProxy (+https://api.slack.com/robots)"
216.245.221.83 - - [26/Nov/2021:11:52:27 +0000] "HEAD / HTTP/1.1" 301 0 "http://ja.tak-cslab.org/" "Mozilla/5.0+(compatible; UptimeRobot/2.0; http://www.uptimerobot.com/)"
216.245.221.83 - - [26/Nov/2021:11:52:27 +0000] "HEAD / HTTP/1.1" 200 0 "http://ja.tak-cslab.org/" "Mozilla/5.0+(compatible; UptimeRobot/2.0; http://www.uptimerobot.com/)"
34.206.38.217 - - [26/Nov/2021:11:53:34 +0000] "GET /feed HTTP/1.1" 200 55861 "-" "Automate.io BOT"
34.206.52.23 - - [26/Nov/2021:11:53:40 +0000] "HEAD /feed HTTP/2.0" 200 0 "-" "Slackbot 1.0 (+https://api.slack.com/robots)"
3.237.67.184 - - [26/Nov/2021:11:53:41 +0000] "GET /feed HTTP/1.1" 200 55867 "-" "Slackbot 1.0 (+https://api.slack.com/robots)"
3.89.252.175 - - [26/Nov/2021:11:53:42 +0000] "GET / HTTP/1.1" 200 6320 "-" "Slackbot 1.0 (+https://api.slack.com/robots)"
126.242.182.60 - - [26/Nov/2021:11:55:36 +0000] "GET /favicon.ico HTTP/2.0" 302 0 "-" "com.tinyspeck.chatlyio/21.11.20 (iPhone; iOS 14.8; Scale/2.00)"
126.242.182.60 - - [26/Nov/2021:11:55:36 +0000] "GET /wp-includes/images/w-logo-blue-white-bg.png HTTP/2.0" 200 4119 "-" "com.tinyspeck.chatlyio/21.11.20 (iPhone; iOS 14.8; Scale/2.00)"
3.113.26.186 - - [26/Nov/2021:11:55:40 +0000] "GET /wp-content/uploads/2020/09/20200925_200925_0-1.jpg HTTP/1.1" 200 247845 "-" "Slack-ImgProxy (+https://api.slack.com/robots)"
216.245.221.83 - - [26/Nov/2021:11:57:27 +0000] "HEAD / HTTP/1.1" 301 0 "http://ja.tak-cslab.org/" "Mozilla/5.0+(compatible; UptimeRobot/2.0; http://www.uptimerobot.com/)"
216.245.221.83 - - [26/Nov/2021:11:57:27 +0000] "HEAD / HTTP/1.1" 200 0 "http://ja.tak-cslab.org/" "Mozilla/5.0+(compatible; UptimeRobot/2.0; http://www.uptimerobot.com/)"
34.206.38.217 - - [26/Nov/2021:11:58:35 +0000] "GET /feed HTTP/1.1" 200 55861 "-" "Automate.io BOT"
216.245.221.83 - - [26/Nov/2021:12:02:27 +0000] "HEAD / HTTP/1.1" 301 0 "http://ja.tak-cslab.org/" "Mozilla/5.0+(compatible; UptimeRobot/2.0; http://www.uptimerobot.com/)"
163.215.6.1 - - [26/Nov/2021:12:02:27 +0000] "POST /wp-cron.php?doing_wp_cron=1637928147.7090339660644531250000 HTTP/1.1" 200 31 "https://ja.tak-cslab.org/wp-cron.php?doing_wp_cron=1637928147.7090339660644531250000" "WordPress/5.8.2; https://ja.tak-cslab.org"
216.245.221.83 - - [26/Nov/2021:12:02:27 +0000] "HEAD / HTTP/1.1" 200 0 "http://ja.tak-cslab.org/" "Mozilla/5.0+(compatible; UptimeRobot/2.0; http://www.uptimerobot.com/)"
34.206.38.217 - - [26/Nov/2021:12:03:35 +0000] "GET /feed HTTP/1.1" 200 55868 "-" "Automate.io BOT"
216.245.221.83 - - [26/Nov/2021:12:07:27 +0000] "HEAD / HTTP/1.1" 301 0 "http://ja.tak-cslab.org/" "Mozilla/5.0+(compatible; UptimeRobot/2.0; http://www.uptimerobot.com/)"
216.245.221.83 - - [26/Nov/2021:12:07:27 +0000] "HEAD / HTTP/1.1" 200 0 "http://ja.tak-cslab.org/" "Mozilla/5.0+(compatible; UptimeRobot/2.0; http://www.uptimerobot.com/)"
34.206.38.217 - - [26/Nov/2021:12:08:35 +0000] "GET /feed HTTP/1.1" 200 55868 "-" "Automate.io BOT"
216.245.221.83 - - [26/Nov/2021:12:12:27 +0000] "HEAD / HTTP/1.1" 301 0 "http://ja.tak-cslab.org/" "Mozilla/5.0+(compatible; UptimeRobot/2.0; http://www.uptimerobot.com/)"
216.245.221.83 - - [26/Nov/2021:12:12:27 +0000] "HEAD / HTTP/1.1" 200 0 "http://ja.tak-cslab.org/" "Mozilla/5.0+(compatible; UptimeRobot/2.0; http://www.uptimerobot.com/)"
34.206.38.217 - - [26/Nov/2021:12:13:35 +0000] "GET /feed HTTP/1.1" 200 55867 "-" "Automate.io BOT"
3.236.26.103 - - [26/Nov/2021:12:13:42 +0000] "HEAD /feed HTTP/2.0" 200 0 "-" "Slackbot 1.0 (+https://api.slack.com/robots)"
3.239.205.106 - - [26/Nov/2021:12:13:42 +0000] "GET /feed HTTP/1.1" 200 55861 "-" "Slackbot 1.0 (+https://api.slack.com/robots)"
54.162.254.91 - - [26/Nov/2021:12:13:44 +0000] "GET / HTTP/1.1" 200 6313 "-" "Slackbot 1.0 (+https://api.slack.com/robots)"
60.76.67.131 - - [26/Nov/2021:12:15:50 +0000] "GET /favicon.ico HTTP/2.0" 302 0 "-" "com.tinyspeck.chatlyio/21.11.20 (iPhone; iOS 14.7.1; Scale/2.00)"
60.76.67.131 - - [26/Nov/2021:12:15:50 +0000] "GET /wp-includes/images/w-logo-blue-white-bg.png HTTP/2.0" 200 4119 "-" "com.tinyspeck.chatlyio/21.11.20 (iPhone; iOS 14.7.1; Scale/2.00)"
216.245.221.83 - - [26/Nov/2021:12:17:27 +0000] "HEAD / HTTP/1.1" 301 0 "http://ja.tak-cslab.org/" "Mozilla/5.0+(compatible; UptimeRobot/2.0; http://www.uptimerobot.com/)"
216.245.221.83 - - [26/Nov/2021:12:17:27 +0000] "HEAD / HTTP/1.1" 200 0 "http://ja.tak-cslab.org/" "Mozilla/5.0+(compatible; UptimeRobot/2.0; http://www.uptimerobot.com/)"
163.215.6.1 - - [26/Nov/2021:12:18:35 +0000] "POST /wp-cron.php?doing_wp_cron=1637929115.4200749397277832031250 HTTP/1.1" 200 31 "https://ja.tak-cslab.org/wp-cron.php?doing_wp_cron=1637929115.4200749397277832031250" "WordPress/5.8.2; https://ja.tak-cslab.org"
34.206.38.217 - - [26/Nov/2021:12:18:35 +0000] "GET /feed HTTP/1.1" 200 55867 "-" "Automate.io BOT"
216.245.221.83 - - [26/Nov/2021:12:22:27 +0000] "HEAD / HTTP/1.1" 301 0 "http://ja.tak-cslab.org/" "Mozilla/5.0+(compatible; UptimeRobot/2.0; http://www.uptimerobot.com/)"
216.245.221.83 - - [26/Nov/2021:12:22:27 +0000] "HEAD / HTTP/1.1" 200 0 "http://ja.tak-cslab.org/" "Mozilla/5.0+(compatible; UptimeRobot/2.0; http://www.uptimerobot.com/)"
34.206.38.217 - - [26/Nov/2021:12:23:35 +0000] "GET /feed HTTP/1.1" 200 55860 "-" "Automate.io BOT"
51.75.170.141 - - [26/Nov/2021:12:25:31 +0000] "GET /archives/460/ HTTP/1.0" 301 162 "http://ja.tak-cslab.org/archives/460/" "Mozilla/5.0 (Windows NT 10.0; Win64; x64) AppleWebKit/537.36 (KHTML, like Gecko) Chrome/90.0.4430.72 Safari/537.36 Edg/90.0.818.42"
51.75.170.141 - - [26/Nov/2021:12:25:32 +0000] "GET /archives/460/ HTTP/1.0" 301 0 "https://ja.tak-cslab.org/archives/460/" "Mozilla/5.0 (Windows NT 10.0; Win64; x64) AppleWebKit/537.36 (KHTML, like Gecko) Chrome/90.0.4430.72 Safari/537.36 Edg/90.0.818.42"
51.75.170.141 - - [26/Nov/2021:12:25:33 +0000] "GET /archives/460 HTTP/1.0" 200 27841 "https://ja.tak-cslab.org/archives/460" "Mozilla/5.0 (Windows NT 10.0; Win64; x64) AppleWebKit/537.36 (KHTML, like Gecko) Chrome/90.0.4430.72 Safari/537.36 Edg/90.0.818.42"
207.46.13.85 - - [26/Nov/2021:12:26:43 +0000] "GET /wp-content/uploads/2020/01/image-3-1024x508.png HTTP/2.0" 200 272496 "-" "Mozilla/5.0 (compatible; bingbot/2.0; +http://www.bing.com/bingbot.htm)"
104.244.73.169 - - [26/Nov/2021:12:26:57 +0000] "POST /xmlrpc.php HTTP/1.0" 301 162 "-" "Mozilla/5.0 (Windows NT 10.0; Win64; x64) AppleWebKit/537.36 (KHTML, like Gecko) Chrome/76.0.3809.100 Safari/537.36"
104.244.73.169 - - [26/Nov/2021:12:27:01 +0000] "POST /xmlrpc.php HTTP/1.0" 200 403 "-" "Mozilla/5.0 (Windows NT 10.0; Win64; x64) AppleWebKit/537.36 (KHTML, like Gecko) Chrome/76.0.3809.100 Safari/537.36"
216.245.221.83 - - [26/Nov/2021:12:27:27 +0000] "HEAD / HTTP/1.1" 301 0 "http://ja.tak-cslab.org/" "Mozilla/5.0+(compatible; UptimeRobot/2.0; http://www.uptimerobot.com/)"
216.245.221.83 - - [26/Nov/2021:12:27:27 +0000] "HEAD / HTTP/1.1" 200 0 "http://ja.tak-cslab.org/" "Mozilla/5.0+(compatible; UptimeRobot/2.0; http://www.uptimerobot.com/)"
34.206.38.217 - - [26/Nov/2021:12:28:36 +0000] "GET /feed HTTP/1.1" 200 55847 "-" "Automate.io BOT"
216.245.221.83 - - [26/Nov/2021:12:32:27 +0000] "HEAD / HTTP/1.1" 301 0 "http://ja.tak-cslab.org/" "Mozilla/5.0+(compatible; UptimeRobot/2.0; http://www.uptimerobot.com/)"
216.245.221.83 - - [26/Nov/2021:12:32:27 +0000] "HEAD / HTTP/1.1" 200 0 "http://ja.tak-cslab.org/" "Mozilla/5.0+(compatible; UptimeRobot/2.0; http://www.uptimerobot.com/)"
34.206.38.217 - - [26/Nov/2021:12:33:35 +0000] "GET /feed HTTP/1.1" 200 55868 "-" "Automate.io BOT"
54.85.61.192 - - [26/Nov/2021:12:33:44 +0000] "HEAD /feed HTTP/2.0" 200 0 "-" "Slackbot 1.0 (+https://api.slack.com/robots)"
3.235.74.62 - - [26/Nov/2021:12:33:44 +0000] "GET /feed HTTP/1.1" 200 55867 "-" "Slackbot 1.0 (+https://api.slack.com/robots)"
54.224.8.138 - - [26/Nov/2021:12:33:46 +0000] "GET / HTTP/1.1" 200 6313 "-" "Slackbot 1.0 (+https://api.slack.com/robots)"
216.245.221.83 - - [26/Nov/2021:12:37:27 +0000] "HEAD / HTTP/1.1" 301 0 "http://ja.tak-cslab.org/" "Mozilla/5.0+(compatible; UptimeRobot/2.0; http://www.uptimerobot.com/)"
216.245.221.83 - - [26/Nov/2021:12:37:27 +0000] "HEAD / HTTP/1.1" 200 0 "http://ja.tak-cslab.org/" "Mozilla/5.0+(compatible; UptimeRobot/2.0; http://www.uptimerobot.com/)"
34.206.38.217 - - [26/Nov/2021:12:38:35 +0000] "GET /feed HTTP/1.1" 200 55860 "-" "Automate.io BOT"
54.168.43.79 - - [26/Nov/2021:12:40:34 +0000] "GET /wp-content/uploads/2020/09/20200925_200925_0-1.jpg HTTP/1.1" 200 247845 "-" "Slack-ImgProxy (+https://api.slack.com/robots)"
106.158.133.146 - - [26/Nov/2021:12:40:35 +0000] "GET /favicon.ico HTTP/2.0" 302 0 "-" "com.tinyspeck.chatlyio/21.11.20 (iPhone; iOS 15.0.2; Scale/3.00)"
106.158.133.146 - - [26/Nov/2021:12:40:35 +0000] "GET /wp-includes/images/w-logo-blue-white-bg.png HTTP/2.0" 200 4119 "-" "com.tinyspeck.chatlyio/21.11.20 (iPhone; iOS 15.0.2; Scale/3.00)"
185.191.171.10 - - [26/Nov/2021:12:41:55 +0000] "GET /robots.txt HTTP/1.1" 200 123 "-" "Mozilla/5.0 (compatible; SemrushBot/7~bl; +http://www.semrush.com/bot.html)"
185.191.171.23 - - [26/Nov/2021:12:41:56 +0000] "GET /archives/848 HTTP/1.1" 200 7888 "-" "Mozilla/5.0 (compatible; SemrushBot/7~bl; +http://www.semrush.com/bot.html)"
216.245.221.83 - - [26/Nov/2021:12:42:27 +0000] "HEAD / HTTP/1.1" 301 0 "http://ja.tak-cslab.org/" "Mozilla/5.0+(compatible; UptimeRobot/2.0; http://www.uptimerobot.com/)"
216.245.221.83 - - [26/Nov/2021:12:42:27 +0000] "HEAD / HTTP/1.1" 200 0 "http://ja.tak-cslab.org/" "Mozilla/5.0+(compatible; UptimeRobot/2.0; http://www.uptimerobot.com/)"
34.206.38.217 - - [26/Nov/2021:12:43:36 +0000] "GET /feed HTTP/1.1" 200 55868 "-" "Automate.io BOT"
216.245.221.83 - - [26/Nov/2021:12:47:27 +0000] "HEAD / HTTP/1.1" 301 0 "http://ja.tak-cslab.org/" "Mozilla/5.0+(compatible; UptimeRobot/2.0; http://www.uptimerobot.com/)"
216.245.221.83 - - [26/Nov/2021:12:47:27 +0000] "HEAD / HTTP/1.1" 200 0 "http://ja.tak-cslab.org/" "Mozilla/5.0+(compatible; UptimeRobot/2.0; http://www.uptimerobot.com/)"
34.206.38.217 - - [26/Nov/2021:12:48:36 +0000] "GET /feed HTTP/1.1" 200 55868 "-" "Automate.io BOT"
216.245.221.83 - - [26/Nov/2021:12:52:27 +0000] "HEAD / HTTP/1.1" 301 0 "http://ja.tak-cslab.org/" "Mozilla/5.0+(compatible; UptimeRobot/2.0; http://www.uptimerobot.com/)"
216.245.221.83 - - [26/Nov/2021:12:52:27 +0000] "HEAD / HTTP/1.1" 200 0 "http://ja.tak-cslab.org/" "Mozilla/5.0+(compatible; UptimeRobot/2.0; http://www.uptimerobot.com/)"
34.206.38.217 - - [26/Nov/2021:12:53:37 +0000] "GET /feed HTTP/1.1" 200 55867 "-" "Automate.io BOT"
18.234.200.5 - - [26/Nov/2021:12:53:42 +0000] "HEAD /feed HTTP/2.0" 200 0 "-" "Slackbot 1.0 (+https://api.slack.com/robots)"
3.237.47.50 - - [26/Nov/2021:12:53:42 +0000] "GET /feed HTTP/1.1" 200 55868 "-" "Slackbot 1.0 (+https://api.slack.com/robots)"
3.89.252.175 - - [26/Nov/2021:12:53:44 +0000] "GET / HTTP/1.1" 200 6312 "-" "Slackbot 1.0 (+https://api.slack.com/robots)"
52.194.244.174 - - [26/Nov/2021:12:54:45 +0000] "GET /wp-content/uploads/2020/09/20200925_200925_0-1.jpg HTTP/1.1" 200 247845 "-" "Slack-ImgProxy (+https://api.slack.com/robots)"
111.90.64.91 - - [26/Nov/2021:12:54:50 +0000] "GET /archives/606 HTTP/2.0" 200 11297 "-" "Mozilla/5.0 (Windows NT 10.0; Win64; x64) AppleWebKit/537.36 (KHTML, like Gecko) Chrome/96.0.4664.45 Safari/537.36"
111.90.64.91 - - [26/Nov/2021:12:54:50 +0000] "GET /wp-content/themes/cdsl/style.css?ver=1.3.1 HTTP/2.0" 200 272 "https://ja.tak-cslab.org/archives/606" "Mozilla/5.0 (Windows NT 10.0; Win64; x64) AppleWebKit/537.36 (KHTML, like Gecko) Chrome/96.0.4664.45 Safari/537.36"
111.90.64.91 - - [26/Nov/2021:12:54:50 +0000] "GET /wp-content/themes/scaffold/style.css?ver=5.8.2 HTTP/2.0" 200 5846 "https://ja.tak-cslab.org/archives/606" "Mozilla/5.0 (Windows NT 10.0; Win64; x64) AppleWebKit/537.36 (KHTML, like Gecko) Chrome/96.0.4664.45 Safari/537.36"
111.90.64.91 - - [26/Nov/2021:12:54:50 +0000] "GET /wp-includes/css/dist/block-library/style.min.css?ver=5.8.2 HTTP/2.0" 200 13704 "https://ja.tak-cslab.org/archives/606" "Mozilla/5.0 (Windows NT 10.0; Win64; x64) AppleWebKit/537.36 (KHTML, like Gecko) Chrome/96.0.4664.45 Safari/537.36"
111.90.64.91 - - [26/Nov/2021:12:54:50 +0000] "GET /wp-includes/js/wp-emoji-release.min.js?ver=5.8.2 HTTP/2.0" 200 5714 "https://ja.tak-cslab.org/archives/606" "Mozilla/5.0 (Windows NT 10.0; Win64; x64) AppleWebKit/537.36 (KHTML, like Gecko) Chrome/96.0.4664.45 Safari/537.36"
111.90.64.91 - - [26/Nov/2021:12:54:50 +0000] "GET /wp-content/themes/scaffold/assets/js/navigation.js?ver=1.3.1 HTTP/2.0" 200 1266 "https://ja.tak-cslab.org/archives/606" "Mozilla/5.0 (Windows NT 10.0; Win64; x64) AppleWebKit/537.36 (KHTML, like Gecko) Chrome/96.0.4664.45 Safari/537.36"
111.90.64.91 - - [26/Nov/2021:12:54:50 +0000] "GET /wp-includes/js/comment-reply.min.js?ver=5.8.2 HTTP/2.0" 200 1390 "https://ja.tak-cslab.org/archives/606" "Mozilla/5.0 (Windows NT 10.0; Win64; x64) AppleWebKit/537.36 (KHTML, like Gecko) Chrome/96.0.4664.45 Safari/537.36"
111.90.64.91 - - [26/Nov/2021:12:54:50 +0000] "GET /wp-includes/js/wp-embed.min.js?ver=5.8.2 HTTP/2.0" 200 779 "https://ja.tak-cslab.org/archives/606" "Mozilla/5.0 (Windows NT 10.0; Win64; x64) AppleWebKit/537.36 (KHTML, like Gecko) Chrome/96.0.4664.45 Safari/537.36"
111.90.64.91 - - [26/Nov/2021:12:54:50 +0000] "GET /wp-content/plugins/native-lazyload/assets/images/placeholder.svg HTTP/2.0" 200 88 "https://ja.tak-cslab.org/archives/606" "Mozilla/5.0 (Windows NT 10.0; Win64; x64) AppleWebKit/537.36 (KHTML, like Gecko) Chrome/96.0.4664.45 Safari/537.36"
111.90.64.91 - - [26/Nov/2021:12:54:51 +0000] "GET /wp-content/uploads/2020/09/20200925_200925_0-1-600x450.jpg HTTP/2.0" 200 44810 "https://ja.tak-cslab.org/archives/606" "Mozilla/5.0 (Windows NT 10.0; Win64; x64) AppleWebKit/537.36 (KHTML, like Gecko) Chrome/96.0.4664.45 Safari/537.36"
111.90.64.91 - - [26/Nov/2021:12:54:51 +0000] "GET /2a9a7912-132f-455a-ba3e-e646218e3b66 HTTP/2.0" 404 5316 "https://ja.tak-cslab.org/archives/606" "Mozilla/5.0 (Windows NT 10.0; Win64; x64) AppleWebKit/537.36 (KHTML, like Gecko) Chrome/96.0.4664.45 Safari/537.36"
111.90.64.91 - - [26/Nov/2021:12:54:51 +0000] "GET /favicon.ico HTTP/2.0" 302 0 "https://ja.tak-cslab.org/archives/606" "Mozilla/5.0 (Windows NT 10.0; Win64; x64) AppleWebKit/537.36 (KHTML, like Gecko) Chrome/96.0.4664.45 Safari/537.36"
111.90.64.91 - - [26/Nov/2021:12:54:51 +0000] "GET /wp-content/uploads/2020/09/Screen-Shot-2020-09-09-at-14.24.13-1024x638.png HTTP/2.0" 200 272074 "https://ja.tak-cslab.org/archives/606" "Mozilla/5.0 (Windows NT 10.0; Win64; x64) AppleWebKit/537.36 (KHTML, like Gecko) Chrome/96.0.4664.45 Safari/537.36"
111.90.64.91 - - [26/Nov/2021:12:54:51 +0000] "GET /wp-includes/images/w-logo-blue-white-bg.png HTTP/2.0" 200 4119 "https://ja.tak-cslab.org/archives/606" "Mozilla/5.0 (Windows NT 10.0; Win64; x64) AppleWebKit/537.36 (KHTML, like Gecko) Chrome/96.0.4664.45 Safari/537.36"
111.90.64.91 - - [26/Nov/2021:12:54:51 +0000] "GET /wp-content/uploads/2020/09/Screen-Shot-2020-09-09-at-14.27.39-1024x752.png HTTP/2.0" 200 374177 "https://ja.tak-cslab.org/archives/606" "Mozilla/5.0 (Windows NT 10.0; Win64; x64) AppleWebKit/537.36 (KHTML, like Gecko) Chrome/96.0.4664.45 Safari/537.36"
111.90.64.91 - - [26/Nov/2021:12:54:51 +0000] "GET /wp-content/uploads/2020/09/Screen-Shot-2020-09-09-at-14.27.04-1024x767.png HTTP/2.0" 200 458420 "https://ja.tak-cslab.org/archives/606" "Mozilla/5.0 (Windows NT 10.0; Win64; x64) AppleWebKit/537.36 (KHTML, like Gecko) Chrome/96.0.4664.45 Safari/537.36"
111.90.64.91 - - [26/Nov/2021:12:55:02 +0000] "GET /wp-content/uploads/2020/09/Screen-Shot-2020-09-09-at-14.28.38-1024x668.png HTTP/2.0" 200 281217 "https://ja.tak-cslab.org/archives/606" "Mozilla/5.0 (Windows NT 10.0; Win64; x64) AppleWebKit/537.36 (KHTML, like Gecko) Chrome/96.0.4664.45 Safari/537.36"
111.90.64.91 - - [26/Nov/2021:12:55:03 +0000] "GET /wp-content/uploads/2020/09/Screen-Shot-2020-09-09-at-14.29.23-1024x587.png HTTP/2.0" 200 253756 "https://ja.tak-cslab.org/archives/606" "Mozilla/5.0 (Windows NT 10.0; Win64; x64) AppleWebKit/537.36 (KHTML, like Gecko) Chrome/96.0.4664.45 Safari/537.36"
111.90.64.91 - - [26/Nov/2021:12:55:14 +0000] "GET /wp-content/uploads/2020/09/Screen-Shot-2020-09-09-at-14.31.27-1024x733.png HTTP/2.0" 200 195229 "https://ja.tak-cslab.org/archives/606" "Mozilla/5.0 (Windows NT 10.0; Win64; x64) AppleWebKit/537.36 (KHTML, like Gecko) Chrome/96.0.4664.45 Safari/537.36"
111.90.64.91 - - [26/Nov/2021:12:55:19 +0000] "GET /wp-content/uploads/2020/09/Screen-Shot-2020-09-09-at-14.34.26-1024x699.png HTTP/2.0" 200 326235 "https://ja.tak-cslab.org/archives/606" "Mozilla/5.0 (Windows NT 10.0; Win64; x64) AppleWebKit/537.36 (KHTML, like Gecko) Chrome/96.0.4664.45 Safari/537.36"
111.90.64.91 - - [26/Nov/2021:12:55:20 +0000] "GET /wp-content/uploads/2020/09/Screen-Shot-2020-09-09-at-14.39.13-1024x912.png HTTP/2.0" 200 219212 "https://ja.tak-cslab.org/archives/606" "Mozilla/5.0 (Windows NT 10.0; Win64; x64) AppleWebKit/537.36 (KHTML, like Gecko) Chrome/96.0.4664.45 Safari/537.36"
111.90.64.91 - - [26/Nov/2021:12:55:22 +0000] "GET /wp-content/uploads/2020/09/Screen-Shot-2020-09-09-at-14.40.09-1024x902.png HTTP/2.0" 200 192547 "https://ja.tak-cslab.org/archives/606" "Mozilla/5.0 (Windows NT 10.0; Win64; x64) AppleWebKit/537.36 (KHTML, like Gecko) Chrome/96.0.4664.45 Safari/537.36"
111.90.64.91 - - [26/Nov/2021:12:55:22 +0000] "GET /wp-content/uploads/2020/09/Screen-Shot-2020-09-09-at-14.40.41-1024x898.png HTTP/2.0" 200 270328 "https://ja.tak-cslab.org/archives/606" "Mozilla/5.0 (Windows NT 10.0; Win64; x64) AppleWebKit/537.36 (KHTML, like Gecko) Chrome/96.0.4664.45 Safari/537.36"
111.90.64.91 - - [26/Nov/2021:12:55:23 +0000] "GET /wp-content/uploads/2020/09/Screen-Shot-2020-09-09-at-14.41.23-1024x906.png HTTP/2.0" 200 206520 "https://ja.tak-cslab.org/archives/606" "Mozilla/5.0 (Windows NT 10.0; Win64; x64) AppleWebKit/537.36 (KHTML, like Gecko) Chrome/96.0.4664.45 Safari/537.36"
111.90.64.91 - - [26/Nov/2021:12:55:26 +0000] "GET /wp-content/uploads/2020/09/20200925_200925_8-1024x768.jpg HTTP/2.0" 200 92811 "https://ja.tak-cslab.org/archives/606" "Mozilla/5.0 (Windows NT 10.0; Win64; x64) AppleWebKit/537.36 (KHTML, like Gecko) Chrome/96.0.4664.45 Safari/537.36"
111.90.64.91 - - [26/Nov/2021:12:55:26 +0000] "GET /wp-content/uploads/2020/09/20200925_200925_7-768x1024.jpg HTTP/2.0" 200 110029 "https://ja.tak-cslab.org/archives/606" "Mozilla/5.0 (Windows NT 10.0; Win64; x64) AppleWebKit/537.36 (KHTML, like Gecko) Chrome/96.0.4664.45 Safari/537.36"
111.90.64.91 - - [26/Nov/2021:12:55:26 +0000] "GET /wp-content/uploads/2020/09/20200925_200925_0-1024x768.jpg HTTP/2.0" 200 98940 "https://ja.tak-cslab.org/archives/606" "Mozilla/5.0 (Windows NT 10.0; Win64; x64) AppleWebKit/537.36 (KHTML, like Gecko) Chrome/96.0.4664.45 Safari/537.36"
111.90.64.91 - - [26/Nov/2021:12:55:26 +0000] "GET /wp-content/uploads/2020/09/20200925_200925_2-768x1024.jpg HTTP/2.0" 200 92396 "https://ja.tak-cslab.org/archives/606" "Mozilla/5.0 (Windows NT 10.0; Win64; x64) AppleWebKit/537.36 (KHTML, like Gecko) Chrome/96.0.4664.45 Safari/537.36"
111.90.64.91 - - [26/Nov/2021:12:55:26 +0000] "GET /wp-content/uploads/2020/09/20200925_200925_3-768x1024.jpg HTTP/2.0" 200 106701 "https://ja.tak-cslab.org/archives/606" "Mozilla/5.0 (Windows NT 10.0; Win64; x64) AppleWebKit/537.36 (KHTML, like Gecko) Chrome/96.0.4664.45 Safari/537.36"
111.90.64.91 - - [26/Nov/2021:12:55:26 +0000] "GET /wp-content/uploads/2020/09/20200925_200925_1-768x1024.jpg HTTP/2.0" 200 122290 "https://ja.tak-cslab.org/archives/606" "Mozilla/5.0 (Windows NT 10.0; Win64; x64) AppleWebKit/537.36 (KHTML, like Gecko) Chrome/96.0.4664.45 Safari/537.36"
111.90.64.91 - - [26/Nov/2021:12:55:29 +0000] "GET /wp-content/uploads/2020/09/Screen-Shot-2020-09-09-at-15.13.25-1024x623.png HTTP/2.0" 200 170476 "https://ja.tak-cslab.org/archives/606" "Mozilla/5.0 (Windows NT 10.0; Win64; x64) AppleWebKit/537.36 (KHTML, like Gecko) Chrome/96.0.4664.45 Safari/537.36"
111.90.64.91 - - [26/Nov/2021:12:55:30 +0000] "GET /wp-content/uploads/2020/09/Screen-Shot-2020-09-09-at-15.14.44-1024x630.png HTTP/2.0" 200 426428 "https://ja.tak-cslab.org/archives/606" "Mozilla/5.0 (Windows NT 10.0; Win64; x64) AppleWebKit/537.36 (KHTML, like Gecko) Chrome/96.0.4664.45 Safari/537.36"
111.90.64.91 - - [26/Nov/2021:12:55:30 +0000] "GET /wp-content/uploads/2020/09/Screen-Shot-2020-09-09-at-15.20.45-1024x524.png HTTP/2.0" 200 188588 "https://ja.tak-cslab.org/archives/606" "Mozilla/5.0 (Windows NT 10.0; Win64; x64) AppleWebKit/537.36 (KHTML, like Gecko) Chrome/96.0.4664.45 Safari/537.36"
216.245.221.83 - - [26/Nov/2021:12:57:27 +0000] "HEAD / HTTP/1.1" 301 0 "http://ja.tak-cslab.org/" "Mozilla/5.0+(compatible; UptimeRobot/2.0; http://www.uptimerobot.com/)"
216.245.221.83 - - [26/Nov/2021:12:57:27 +0000] "HEAD / HTTP/1.1" 200 0 "http://ja.tak-cslab.org/" "Mozilla/5.0+(compatible; UptimeRobot/2.0; http://www.uptimerobot.com/)"
34.206.38.217 - - [26/Nov/2021:12:58:37 +0000] "GET /feed HTTP/1.1" 200 55867 "-" "Automate.io BOT"
51.222.253.18 - - [26/Nov/2021:12:59:56 +0000] "GET /10gin_cds1?redirect_to=https%3A%2F%2Fja.tak-cslab.org%2Farchives%2F802 HTTP/2.0" 200 4532 "-" "Mozilla/5.0 (compatible; AhrefsBot/7.0; +http://ahrefs.com/robot/)"
216.245.221.83 - - [26/Nov/2021:13:02:27 +0000] "HEAD / HTTP/1.1" 301 0 "http://ja.tak-cslab.org/" "Mozilla/5.0+(compatible; UptimeRobot/2.0; http://www.uptimerobot.com/)"
163.215.6.1 - - [26/Nov/2021:13:02:27 +0000] "POST /wp-cron.php?doing_wp_cron=1637931747.6734850406646728515625 HTTP/1.1" 200 31 "https://ja.tak-cslab.org/wp-cron.php?doing_wp_cron=1637931747.6734850406646728515625" "WordPress/5.8.2; https://ja.tak-cslab.org"
216.245.221.83 - - [26/Nov/2021:13:02:27 +0000] "HEAD / HTTP/1.1" 200 0 "http://ja.tak-cslab.org/" "Mozilla/5.0+(compatible; UptimeRobot/2.0; http://www.uptimerobot.com/)"
54.71.161.20 - - [26/Nov/2021:13:03:07 +0000] "GET /archives/786 HTTP/1.1" 200 28561 "-" "Mozilla/5.0 (Windows NT 6.1; Win64; x64) AppleWebKit/537.36 (KHTML, like Gecko) Chrome/72.0.3626.109 Safari/537.36"
34.206.38.217 - - [26/Nov/2021:13:03:37 +0000] "GET /feed HTTP/1.1" 200 55867 "-" "Automate.io BOT"
194.93.0.40 - - [26/Nov/2021:13:06:25 +0000] "GET /robots.txt HTTP/1.0" 200 117 "-" "Mozilla/4.0 (compatible; fluid/0.0; +http://www.leak.info/bot.html)"
216.245.221.83 - - [26/Nov/2021:13:07:27 +0000] "HEAD / HTTP/1.1" 301 0 "http://ja.tak-cslab.org/" "Mozilla/5.0+(compatible; UptimeRobot/2.0; http://www.uptimerobot.com/)"
216.245.221.83 - - [26/Nov/2021:13:07:27 +0000] "HEAD / HTTP/1.1" 200 0 "http://ja.tak-cslab.org/" "Mozilla/5.0+(compatible; UptimeRobot/2.0; http://www.uptimerobot.com/)"
34.206.38.217 - - [26/Nov/2021:13:08:37 +0000] "GET /feed HTTP/1.1" 200 55867 "-" "Automate.io BOT"
2.57.150.206 - - [26/Nov/2021:13:12:14 +0000] "GET /archives/460/ HTTP/1.0" 301 162 "http://ja.tak-cslab.org/archives/460/" "Mozilla/5.0 (Windows NT 6.1) AppleWebKit/537.36 (KHTML, like Gecko) Chrome/90.0.4430.85 Safari/537.36"
163.215.6.1 - - [26/Nov/2021:13:12:16 +0000] "POST /wp-cron.php?doing_wp_cron=1637932336.0466730594635009765625 HTTP/1.1" 200 31 "https://ja.tak-cslab.org/wp-cron.php?doing_wp_cron=1637932336.0466730594635009765625" "WordPress/5.8.2; https://ja.tak-cslab.org"
176.8.143.190 - - [26/Nov/2021:13:12:16 +0000] "GET /archives/460/ HTTP/1.0" 301 0 "https://ja.tak-cslab.org/archives/460/" "Mozilla/5.0 (Windows NT 6.1) AppleWebKit/537.36 (KHTML, like Gecko) Chrome/90.0.4430.85 Safari/537.36"
176.8.143.190 - - [26/Nov/2021:13:12:17 +0000] "GET /archives/460 HTTP/1.0" 200 27841 "https://ja.tak-cslab.org/archives/460" "Mozilla/5.0 (Windows NT 6.1) AppleWebKit/537.36 (KHTML, like Gecko) Chrome/90.0.4430.85 Safari/537.36"
216.245.221.83 - - [26/Nov/2021:13:12:27 +0000] "HEAD / HTTP/1.1" 301 0 "http://ja.tak-cslab.org/" "Mozilla/5.0+(compatible; UptimeRobot/2.0; http://www.uptimerobot.com/)"
216.245.221.83 - - [26/Nov/2021:13:12:27 +0000] "HEAD / HTTP/1.1" 200 0 "http://ja.tak-cslab.org/" "Mozilla/5.0+(compatible; UptimeRobot/2.0; http://www.uptimerobot.com/)"
34.206.38.217 - - [26/Nov/2021:13:13:37 +0000] "GET /feed HTTP/1.1" 200 55867 "-" "Automate.io BOT"
3.235.74.62 - - [26/Nov/2021:13:13:42 +0000] "HEAD /feed HTTP/2.0" 200 0 "-" "Slackbot 1.0 (+https://api.slack.com/robots)"
54.242.174.147 - - [26/Nov/2021:13:13:43 +0000] "GET /feed HTTP/1.1" 200 55868 "-" "Slackbot 1.0 (+https://api.slack.com/robots)"
3.81.149.207 - - [26/Nov/2021:13:13:45 +0000] "GET / HTTP/1.1" 200 6312 "-" "Slackbot 1.0 (+https://api.slack.com/robots)"
163.215.6.1 - - [26/Nov/2021:13:16:44 +0000] "POST /wp-cron.php?doing_wp_cron=1637932604.7855238914489746093750 HTTP/1.1" 200 31 "https://ja.tak-cslab.org/wp-cron.php?doing_wp_cron=1637932604.7855238914489746093750" "WordPress/5.8.2; https://ja.tak-cslab.org"
106.154.135.207 - - [26/Nov/2021:13:16:44 +0000] "GET /archives/896 HTTP/2.0" 200 10420 "https://www.google.com/" "Mozilla/5.0 (Linux; U; Android 11; SM-T720 Build/RP1A.200720.012; wv) AppleWebKit/537.36 (KHTML, like Gecko) Version/4.0 Chrome/96.0.4664.45 Safari/537.36 OPR/61.0.2254.59937"
106.154.135.207 - - [26/Nov/2021:13:16:45 +0000] "GET /wp-content/themes/scaffold/style.css?ver=5.8.2 HTTP/2.0" 200 5846 "https://ja.tak-cslab.org/archives/896" "Mozilla/5.0 (Linux; U; Android 11; SM-T720 Build/RP1A.200720.012; wv) AppleWebKit/537.36 (KHTML, like Gecko) Version/4.0 Chrome/96.0.4664.45 Safari/537.36 OPR/61.0.2254.59937"
106.154.135.207 - - [26/Nov/2021:13:16:45 +0000] "GET /wp-includes/css/dist/block-library/style.min.css?ver=5.8.2 HTTP/2.0" 200 13704 "https://ja.tak-cslab.org/archives/896" "Mozilla/5.0 (Linux; U; Android 11; SM-T720 Build/RP1A.200720.012; wv) AppleWebKit/537.36 (KHTML, like Gecko) Version/4.0 Chrome/96.0.4664.45 Safari/537.36 OPR/61.0.2254.59937"
106.154.135.207 - - [26/Nov/2021:13:16:45 +0000] "GET /wp-content/themes/cdsl/style.css?ver=1.3.1 HTTP/2.0" 200 272 "https://ja.tak-cslab.org/archives/896" "Mozilla/5.0 (Linux; U; Android 11; SM-T720 Build/RP1A.200720.012; wv) AppleWebKit/537.36 (KHTML, like Gecko) Version/4.0 Chrome/96.0.4664.45 Safari/537.36 OPR/61.0.2254.59937"
106.154.135.207 - - [26/Nov/2021:13:16:45 +0000] "GET /wp-includes/js/comment-reply.min.js?ver=5.8.2 HTTP/2.0" 200 1390 "https://ja.tak-cslab.org/archives/896" "Mozilla/5.0 (Linux; U; Android 11; SM-T720 Build/RP1A.200720.012; wv) AppleWebKit/537.36 (KHTML, like Gecko) Version/4.0 Chrome/96.0.4664.45 Safari/537.36 OPR/61.0.2254.59937"
106.154.135.207 - - [26/Nov/2021:13:16:45 +0000] "GET /wp-includes/js/wp-embed.min.js?ver=5.8.2 HTTP/2.0" 200 779 "https://ja.tak-cslab.org/archives/896" "Mozilla/5.0 (Linux; U; Android 11; SM-T720 Build/RP1A.200720.012; wv) AppleWebKit/537.36 (KHTML, like Gecko) Version/4.0 Chrome/96.0.4664.45 Safari/537.36 OPR/61.0.2254.59937"
106.154.135.207 - - [26/Nov/2021:13:16:45 +0000] "GET /wp-content/themes/scaffold/assets/js/navigation.js?ver=1.3.1 HTTP/2.0" 200 1266 "https://ja.tak-cslab.org/archives/896" "Mozilla/5.0 (Linux; U; Android 11; SM-T720 Build/RP1A.200720.012; wv) AppleWebKit/537.36 (KHTML, like Gecko) Version/4.0 Chrome/96.0.4664.45 Safari/537.36 OPR/61.0.2254.59937"
106.154.135.207 - - [26/Nov/2021:13:16:45 +0000] "GET /wp-includes/js/wp-emoji-release.min.js?ver=5.8.2 HTTP/2.0" 200 5714 "https://ja.tak-cslab.org/archives/896" "Mozilla/5.0 (Linux; U; Android 11; SM-T720 Build/RP1A.200720.012; wv) AppleWebKit/537.36 (KHTML, like Gecko) Version/4.0 Chrome/96.0.4664.45 Safari/537.36 OPR/61.0.2254.59937"
106.154.135.207 - - [26/Nov/2021:13:16:45 +0000] "GET /wp-content/plugins/native-lazyload/assets/images/placeholder.svg HTTP/2.0" 200 88 "https://ja.tak-cslab.org/archives/896" "Mozilla/5.0 (Linux; U; Android 11; SM-T720 Build/RP1A.200720.012; wv) AppleWebKit/537.36 (KHTML, like Gecko) Version/4.0 Chrome/96.0.4664.45 Safari/537.36 OPR/61.0.2254.59937"
106.154.135.207 - - [26/Nov/2021:13:16:45 +0000] "GET /wp-content/uploads/2021/01/%E3%83%92%E3%83%89%E3%83%A9.jpeg HTTP/2.0" 200 12823 "https://ja.tak-cslab.org/archives/896" "Mozilla/5.0 (Linux; U; Android 11; SM-T720 Build/RP1A.200720.012; wv) AppleWebKit/537.36 (KHTML, like Gecko) Version/4.0 Chrome/96.0.4664.45 Safari/537.36 OPR/61.0.2254.59937"
106.154.135.207 - - [26/Nov/2021:13:16:45 +0000] "GET /wp-content/uploads/2021/02/%E3%83%92%E3%83%89%E3%83%A9%EF%BC%91.png HTTP/2.0" 200 27267 "https://ja.tak-cslab.org/archives/896" "Mozilla/5.0 (Linux; U; Android 11; SM-T720 Build/RP1A.200720.012; wv) AppleWebKit/537.36 (KHTML, like Gecko) Version/4.0 Chrome/96.0.4664.45 Safari/537.36 OPR/61.0.2254.59937"
106.154.135.207 - - [26/Nov/2021:13:16:45 +0000] "GET /wp-content/uploads/2021/02/%E3%83%92%E3%83%89%E3%83%A9%EF%BC%92.png HTTP/2.0" 200 31701 "https://ja.tak-cslab.org/archives/896" "Mozilla/5.0 (Linux; U; Android 11; SM-T720 Build/RP1A.200720.012; wv) AppleWebKit/537.36 (KHTML, like Gecko) Version/4.0 Chrome/96.0.4664.45 Safari/537.36 OPR/61.0.2254.59937"
106.154.135.207 - - [26/Nov/2021:13:16:45 +0000] "GET /favicon.ico HTTP/2.0" 302 0 "https://ja.tak-cslab.org/archives/896" "Mozilla/5.0 (Linux; U; Android 11; SM-T720 Build/RP1A.200720.012; wv) AppleWebKit/537.36 (KHTML, like Gecko) Version/4.0 Chrome/96.0.4664.45 Safari/537.36 OPR/61.0.2254.59937"
106.154.135.207 - - [26/Nov/2021:13:16:45 +0000] "GET /wp-includes/images/w-logo-blue-white-bg.png HTTP/2.0" 200 4119 "https://ja.tak-cslab.org/archives/896" "Mozilla/5.0 (Linux; U; Android 11; SM-T720 Build/RP1A.200720.012; wv) AppleWebKit/537.36 (KHTML, like Gecko) Version/4.0 Chrome/96.0.4664.45 Safari/537.36 OPR/61.0.2254.59937"
106.154.135.207 - - [26/Nov/2021:13:16:46 +0000] "GET /favicon.ico HTTP/2.0" 302 0 "https://ja.tak-cslab.org/archives/896" "Mozilla/5.0 (Linux; U; Android 11; SM-T720 Build/RP1A.200720.012; wv) AppleWebKit/537.36 (KHTML, like Gecko) Version/4.0 Chrome/96.0.4664.45 Safari/537.36 OPR/61.0.2254.59937"
216.245.221.83 - - [26/Nov/2021:13:17:27 +0000] "HEAD / HTTP/1.1" 301 0 "http://ja.tak-cslab.org/" "Mozilla/5.0+(compatible; UptimeRobot/2.0; http://www.uptimerobot.com/)"
216.245.221.83 - - [26/Nov/2021:13:17:27 +0000] "HEAD / HTTP/1.1" 200 0 "http://ja.tak-cslab.org/" "Mozilla/5.0+(compatible; UptimeRobot/2.0; http://www.uptimerobot.com/)"
106.154.135.207 - - [26/Nov/2021:13:17:36 +0000] "GET /favicon.ico HTTP/2.0" 302 0 "https://ja.tak-cslab.org/archives/896" "Mozilla/5.0 (Linux; U; Android 11; SM-T720 Build/RP1A.200720.012; wv) AppleWebKit/537.36 (KHTML, like Gecko) Version/4.0 Chrome/96.0.4664.45 Safari/537.36 OPR/61.0.2254.59937"
106.154.135.207 - - [26/Nov/2021:13:17:40 +0000] "GET /favicon.ico HTTP/2.0" 302 0 "https://ja.tak-cslab.org/archives/896" "Mozilla/5.0 (Linux; U; Android 11; SM-T720 Build/RP1A.200720.012; wv) AppleWebKit/537.36 (KHTML, like Gecko) Version/4.0 Chrome/96.0.4664.45 Safari/537.36 OPR/61.0.2254.59937"
163.215.6.1 - - [26/Nov/2021:13:17:51 +0000] "POST /wp-cron.php?doing_wp_cron=1637932671.5343179702758789062500 HTTP/1.1" 200 31 "https://ja.tak-cslab.org/wp-cron.php?doing_wp_cron=1637932671.5343179702758789062500" "WordPress/5.8.2; https://ja.tak-cslab.org"
106.154.135.207 - - [26/Nov/2021:13:17:51 +0000] "GET /favicon.ico HTTP/2.0" 302 0 "https://ja.tak-cslab.org/archives/896" "Mozilla/5.0 (Linux; U; Android 11; SM-T720 Build/RP1A.200720.012; wv) AppleWebKit/537.36 (KHTML, like Gecko) Version/4.0 Chrome/96.0.4664.45 Safari/537.36 OPR/61.0.2254.59937"
106.154.135.207 - - [26/Nov/2021:13:17:55 +0000] "GET /favicon.ico HTTP/2.0" 302 0 "https://ja.tak-cslab.org/archives/896" "Mozilla/5.0 (Linux; U; Android 11; SM-T720 Build/RP1A.200720.012; wv) AppleWebKit/537.36 (KHTML, like Gecko) Version/4.0 Chrome/96.0.4664.45 Safari/537.36 OPR/61.0.2254.59937"
34.206.38.217 - - [26/Nov/2021:13:18:36 +0000] "GET /feed HTTP/1.1" 200 55868 "-" "Automate.io BOT"
163.215.6.1 - - [26/Nov/2021:13:19:31 +0000] "POST /wp-cron.php?doing_wp_cron=1637932770.9744908809661865234375 HTTP/1.1" 200 31 "https://ja.tak-cslab.org/wp-cron.php?doing_wp_cron=1637932770.9744908809661865234375" "WordPress/5.8.2; https://ja.tak-cslab.org"
106.154.135.207 - - [26/Nov/2021:13:19:31 +0000] "GET /favicon.ico HTTP/2.0" 302 0 "https://ja.tak-cslab.org/archives/896" "Mozilla/5.0 (Linux; U; Android 11; SM-T720 Build/RP1A.200720.012; wv) AppleWebKit/537.36 (KHTML, like Gecko) Version/4.0 Chrome/96.0.4664.45 Safari/537.36 OPR/61.0.2254.59937"
188.122.82.146 - - [26/Nov/2021:13:22:03 +0000] "GET /archives/460/ HTTP/1.0" 301 162 "http://ja.tak-cslab.org/archives/460/" "Mozilla/5.0 (Windows NT 6.1; WOW64) AppleWebKit/537.36 (KHTML, like Gecko) Chrome/90.0.4430.72 Safari/537.36"
188.122.82.146 - - [26/Nov/2021:13:22:04 +0000] "GET /archives/460/ HTTP/1.0" 301 0 "https://ja.tak-cslab.org/archives/460/" "Mozilla/5.0 (Windows NT 6.1; WOW64) AppleWebKit/537.36 (KHTML, like Gecko) Chrome/90.0.4430.72 Safari/537.36"
188.122.82.146 - - [26/Nov/2021:13:22:04 +0000] "GET /archives/460/ HTTP/1.0" 301 162 "http://ja.tak-cslab.org/archives/460/" "Mozilla/5.0 (Windows NT 10.0; WOW64) AppleWebKit/537.36 (KHTML, like Gecko) Chrome/90.0.4400.8 Safari/537.36"
188.122.82.146 - - [26/Nov/2021:13:22:05 +0000] "GET /archives/460 HTTP/1.0" 200 27841 "https://ja.tak-cslab.org/archives/460" "Mozilla/5.0 (Windows NT 6.1; WOW64) AppleWebKit/537.36 (KHTML, like Gecko) Chrome/90.0.4430.72 Safari/537.36"
188.122.82.146 - - [26/Nov/2021:13:22:06 +0000] "GET /archives/460/ HTTP/1.0" 301 0 "https://ja.tak-cslab.org/archives/460/" "Mozilla/5.0 (Windows NT 10.0; WOW64) AppleWebKit/537.36 (KHTML, like Gecko) Chrome/90.0.4400.8 Safari/537.36"
188.122.82.146 - - [26/Nov/2021:13:22:07 +0000] "GET /archives/460 HTTP/1.0" 200 27841 "https://ja.tak-cslab.org/archives/460" "Mozilla/5.0 (Windows NT 10.0; WOW64) AppleWebKit/537.36 (KHTML, like Gecko) Chrome/90.0.4400.8 Safari/537.36"
216.245.221.83 - - [26/Nov/2021:13:22:27 +0000] "HEAD / HTTP/1.1" 301 0 "http://ja.tak-cslab.org/" "Mozilla/5.0+(compatible; UptimeRobot/2.0; http://www.uptimerobot.com/)"
216.245.221.83 - - [26/Nov/2021:13:22:27 +0000] "HEAD / HTTP/1.1" 200 0 "http://ja.tak-cslab.org/" "Mozilla/5.0+(compatible; UptimeRobot/2.0; http://www.uptimerobot.com/)"
34.206.38.217 - - [26/Nov/2021:13:23:38 +0000] "GET /feed HTTP/1.1" 200 55868 "-" "Automate.io BOT"
216.245.221.83 - - [26/Nov/2021:13:27:27 +0000] "HEAD / HTTP/1.1" 301 0 "http://ja.tak-cslab.org/" "Mozilla/5.0+(compatible; UptimeRobot/2.0; http://www.uptimerobot.com/)"
216.245.221.83 - - [26/Nov/2021:13:27:27 +0000] "HEAD / HTTP/1.1" 200 0 "http://ja.tak-cslab.org/" "Mozilla/5.0+(compatible; UptimeRobot/2.0; http://www.uptimerobot.com/)"
34.206.38.217 - - [26/Nov/2021:13:28:37 +0000] "GET /feed HTTP/1.1" 200 55868 "-" "Automate.io BOT"
20.191.45.212 - - [26/Nov/2021:13:31:28 +0000] "GET / HTTP/1.1" 301 162 "http://ja.tak-cslab.org/" "Mozilla/5.0 (compatible; DuckDuckGo-Favicons-Bot/1.0; +http://duckduckgo.com)"
20.191.45.212 - - [26/Nov/2021:13:31:28 +0000] "GET / HTTP/1.1" 200 6313 "https://ja.tak-cslab.org/" "Mozilla/5.0 (compatible; DuckDuckGo-Favicons-Bot/1.0; +http://duckduckgo.com)"
20.191.45.212 - - [26/Nov/2021:13:31:29 +0000] "GET /favicon.ico HTTP/1.1" 302 5 "https://ja.tak-cslab.org/favicon.ico" "Mozilla/5.0 (compatible; DuckDuckGo-Favicons-Bot/1.0; +http://duckduckgo.com)"
20.191.45.212 - - [26/Nov/2021:13:31:29 +0000] "GET /wp-includes/images/w-logo-blue-white-bg.png HTTP/1.1" 200 4119 "https://ja.tak-cslab.org/wp-includes/images/w-logo-blue-white-bg.png" "Mozilla/5.0 (compatible; DuckDuckGo-Favicons-Bot/1.0; +http://duckduckgo.com)"
216.245.221.83 - - [26/Nov/2021:13:32:27 +0000] "HEAD / HTTP/1.1" 301 0 "http://ja.tak-cslab.org/" "Mozilla/5.0+(compatible; UptimeRobot/2.0; http://www.uptimerobot.com/)"
216.245.221.83 - - [26/Nov/2021:13:32:27 +0000] "HEAD / HTTP/1.1" 200 0 "http://ja.tak-cslab.org/" "Mozilla/5.0+(compatible; UptimeRobot/2.0; http://www.uptimerobot.com/)"
34.206.38.217 - - [26/Nov/2021:13:33:37 +0000] "GET /feed HTTP/1.1" 200 55854 "-" "Automate.io BOT"
18.232.51.191 - - [26/Nov/2021:13:33:43 +0000] "HEAD /feed HTTP/2.0" 200 0 "-" "Slackbot 1.0 (+https://api.slack.com/robots)"
23.22.169.192 - - [26/Nov/2021:13:33:43 +0000] "GET /feed HTTP/1.1" 200 55868 "-" "Slackbot 1.0 (+https://api.slack.com/robots)"
163.215.6.1 - - [26/Nov/2021:13:33:46 +0000] "POST /wp-cron.php?doing_wp_cron=1637933626.0619230270385742187500 HTTP/1.1" 200 31 "https://ja.tak-cslab.org/wp-cron.php?doing_wp_cron=1637933626.0619230270385742187500" "WordPress/5.8.2; https://ja.tak-cslab.org"
54.224.8.138 - - [26/Nov/2021:13:33:46 +0000] "GET / HTTP/1.1" 200 6306 "-" "Slackbot 1.0 (+https://api.slack.com/robots)"
