163.215.6.1 - - [01/Dec/2021:00:01:22 +0000] "POST /wp-cron.php?doing_wp_cron=1638316882.2002770900726318359375 HTTP/1.1" 200 31 "https://ja.tak-cslab.org/wp-cron.php?doing_wp_cron=1638316882.2002770900726318359375" "WordPress/5.8.2; https://ja.tak-cslab.org"
34.206.38.217 - - [01/Dec/2021:00:01:22 +0000] "GET /feed HTTP/1.1" 200 55867 "-" "Automate.io BOT"
216.245.221.83 - - [01/Dec/2021:00:04:26 +0000] "HEAD / HTTP/1.1" 301 0 "http://ja.tak-cslab.org/" "Mozilla/5.0+(compatible; UptimeRobot/2.0; http://www.uptimerobot.com/)"
216.245.221.83 - - [01/Dec/2021:00:04:26 +0000] "HEAD / HTTP/1.1" 200 0 "http://ja.tak-cslab.org/" "Mozilla/5.0+(compatible; UptimeRobot/2.0; http://www.uptimerobot.com/)"
34.206.38.217 - - [01/Dec/2021:00:06:22 +0000] "GET /feed HTTP/1.1" 200 55854 "-" "Automate.io BOT"
54.95.118.199 - - [01/Dec/2021:00:07:23 +0000] "GET /favicon.ico HTTP/1.1" 302 5 "-" "Slack-ImgProxy (+https://api.slack.com/robots)"
54.249.155.146 - - [01/Dec/2021:00:07:23 +0000] "GET /wp-includes/images/w-logo-blue-white-bg.png HTTP/1.1" 200 4119 "-" "Slack-ImgProxy (+https://api.slack.com/robots)"
163.215.6.1 - - [01/Dec/2021:00:08:33 +0000] "GET /tech-report HTTP/2.0" 200 12646 "-" "Mozilla/5.0 (Windows NT 10.0; Win64; x64) AppleWebKit/537.36 (KHTML, like Gecko) Chrome/96.0.4664.55 Safari/537.36 Edg/96.0.1054.34"
216.245.221.83 - - [01/Dec/2021:00:09:26 +0000] "HEAD / HTTP/1.1" 301 0 "http://ja.tak-cslab.org/" "Mozilla/5.0+(compatible; UptimeRobot/2.0; http://www.uptimerobot.com/)"
216.245.221.83 - - [01/Dec/2021:00:09:26 +0000] "HEAD / HTTP/1.1" 200 0 "http://ja.tak-cslab.org/" "Mozilla/5.0+(compatible; UptimeRobot/2.0; http://www.uptimerobot.com/)"
163.215.6.1 - - [01/Dec/2021:00:09:53 +0000] "GET / HTTP/2.0" 200 6293 "-" "Mozilla/5.0 (Macintosh; Intel Mac OS X 10.15; rv:94.0) Gecko/20100101 Firefox/94.0"
163.215.6.1 - - [01/Dec/2021:00:09:53 +0000] "GET /wp-includes/css/dist/block-library/style.min.css?ver=5.8.2 HTTP/2.0" 200 0 "https://ja.tak-cslab.org/" "Mozilla/5.0 (Macintosh; Intel Mac OS X 10.15; rv:94.0) Gecko/20100101 Firefox/94.0"
163.215.6.1 - - [01/Dec/2021:00:09:53 +0000] "GET /wp-content/themes/scaffold/style.css?ver=5.8.2 HTTP/2.0" 200 0 "https://ja.tak-cslab.org/" "Mozilla/5.0 (Macintosh; Intel Mac OS X 10.15; rv:94.0) Gecko/20100101 Firefox/94.0"
163.215.6.1 - - [01/Dec/2021:00:09:53 +0000] "GET /wp-content/themes/cdsl/style.css?ver=1.3.1 HTTP/2.0" 200 0 "https://ja.tak-cslab.org/" "Mozilla/5.0 (Macintosh; Intel Mac OS X 10.15; rv:94.0) Gecko/20100101 Firefox/94.0"
163.215.6.1 - - [01/Dec/2021:00:09:53 +0000] "GET /favicon.ico HTTP/2.0" 302 0 "https://ja.tak-cslab.org/" "Mozilla/5.0 (Macintosh; Intel Mac OS X 10.15; rv:94.0) Gecko/20100101 Firefox/94.0"
163.215.6.1 - - [01/Dec/2021:00:09:53 +0000] "GET /wp-includes/images/w-logo-blue-white-bg.png HTTP/2.0" 200 0 "https://ja.tak-cslab.org/" "Mozilla/5.0 (Macintosh; Intel Mac OS X 10.15; rv:94.0) Gecko/20100101 Firefox/94.0"
35.245.188.175 - - [01/Dec/2021:00:09:54 +0000] "GET / HTTP/1.1" 301 162 "-" "Mozilla/5.0 (Windows NT 6.1; WOW64; Trident/7.0; rv:11.0) like Gecko"
163.215.6.1 - - [01/Dec/2021:00:09:54 +0000] "GET /tech-report HTTP/2.0" 200 12646 "https://ja.tak-cslab.org/" "Mozilla/5.0 (Macintosh; Intel Mac OS X 10.15; rv:94.0) Gecko/20100101 Firefox/94.0"
35.245.188.175 - - [01/Dec/2021:00:09:54 +0000] "GET / HTTP/1.1" 200 6306 "-" "Mozilla/5.0 (Windows NT 6.1; WOW64; Trident/7.0; rv:11.0) like Gecko"
51.222.253.6 - - [01/Dec/2021:00:10:04 +0000] "GET /10gin_cds1?redirect_to=https%3A%2F%2Fja.tak-cslab.org%2Farchives%2F1243 HTTP/2.0" 200 4532 "-" "Mozilla/5.0 (compatible; AhrefsBot/7.0; +http://ahrefs.com/robot/)"
34.206.38.217 - - [01/Dec/2021:00:11:22 +0000] "GET /feed HTTP/1.1" 200 55867 "-" "Automate.io BOT"
54.234.115.42 - - [01/Dec/2021:00:13:40 +0000] "HEAD /feed HTTP/2.0" 200 0 "-" "Slackbot 1.0 (+https://api.slack.com/robots)"
18.233.223.86 - - [01/Dec/2021:00:13:41 +0000] "GET /feed HTTP/1.1" 200 55868 "-" "Slackbot 1.0 (+https://api.slack.com/robots)"
3.88.111.150 - - [01/Dec/2021:00:13:42 +0000] "GET / HTTP/1.1" 200 6306 "-" "Slackbot 1.0 (+https://api.slack.com/robots)"
216.245.221.83 - - [01/Dec/2021:00:14:26 +0000] "HEAD / HTTP/1.1" 301 0 "http://ja.tak-cslab.org/" "Mozilla/5.0+(compatible; UptimeRobot/2.0; http://www.uptimerobot.com/)"
216.245.221.83 - - [01/Dec/2021:00:14:26 +0000] "HEAD / HTTP/1.1" 200 0 "http://ja.tak-cslab.org/" "Mozilla/5.0+(compatible; UptimeRobot/2.0; http://www.uptimerobot.com/)"
34.206.38.217 - - [01/Dec/2021:00:16:22 +0000] "GET /feed HTTP/1.1" 200 55868 "-" "Automate.io BOT"
216.245.221.83 - - [01/Dec/2021:00:19:26 +0000] "HEAD / HTTP/1.1" 301 0 "http://ja.tak-cslab.org/" "Mozilla/5.0+(compatible; UptimeRobot/2.0; http://www.uptimerobot.com/)"
163.215.6.1 - - [01/Dec/2021:00:19:26 +0000] "POST /wp-cron.php?doing_wp_cron=1638317966.7131628990173339843750 HTTP/1.1" 200 31 "https://ja.tak-cslab.org/wp-cron.php?doing_wp_cron=1638317966.7131628990173339843750" "WordPress/5.8.2; https://ja.tak-cslab.org"
216.245.221.83 - - [01/Dec/2021:00:19:26 +0000] "HEAD / HTTP/1.1" 200 0 "http://ja.tak-cslab.org/" "Mozilla/5.0+(compatible; UptimeRobot/2.0; http://www.uptimerobot.com/)"
34.206.38.217 - - [01/Dec/2021:00:21:22 +0000] "GET /feed HTTP/1.1" 200 55868 "-" "Automate.io BOT"
66.249.66.86 - - [01/Dec/2021:00:21:26 +0000] "GET /topics/blog HTTP/1.1" 200 13039 "-" "Mozilla/5.0 (Linux; Android 6.0.1; Nexus 5X Build/MMB29P) AppleWebKit/537.36 (KHTML, like Gecko) Chrome/96.0.4664.45 Mobile Safari/537.36 (compatible; Googlebot/2.1; +http://www.google.com/bot.html)"
216.245.221.83 - - [01/Dec/2021:00:24:26 +0000] "HEAD / HTTP/1.1" 301 0 "http://ja.tak-cslab.org/" "Mozilla/5.0+(compatible; UptimeRobot/2.0; http://www.uptimerobot.com/)"
216.245.221.83 - - [01/Dec/2021:00:24:26 +0000] "HEAD / HTTP/1.1" 200 0 "http://ja.tak-cslab.org/" "Mozilla/5.0+(compatible; UptimeRobot/2.0; http://www.uptimerobot.com/)"
163.215.6.1 - - [01/Dec/2021:00:26:03 +0000] "GET /tech-report HTTP/2.0" 200 12646 "-" "Mozilla/5.0 (Windows NT 10.0; Win64; x64) AppleWebKit/537.36 (KHTML, like Gecko) Chrome/96.0.4664.45 Safari/537.36"
34.206.38.217 - - [01/Dec/2021:00:26:27 +0000] "GET /feed HTTP/1.1" 200 55860 "-" "Automate.io BOT"
18.183.26.18 - - [01/Dec/2021:00:28:23 +0000] "GET /favicon.ico HTTP/1.1" 302 5 "-" "Slack-ImgProxy (+https://api.slack.com/robots)"
54.95.118.199 - - [01/Dec/2021:00:28:23 +0000] "GET /wp-includes/images/w-logo-blue-white-bg.png HTTP/1.1" 200 4119 "-" "Slack-ImgProxy (+https://api.slack.com/robots)"
216.245.221.83 - - [01/Dec/2021:00:29:26 +0000] "HEAD / HTTP/1.1" 301 0 "http://ja.tak-cslab.org/" "Mozilla/5.0+(compatible; UptimeRobot/2.0; http://www.uptimerobot.com/)"
216.245.221.83 - - [01/Dec/2021:00:29:26 +0000] "HEAD / HTTP/1.1" 200 0 "http://ja.tak-cslab.org/" "Mozilla/5.0+(compatible; UptimeRobot/2.0; http://www.uptimerobot.com/)"
34.206.38.217 - - [01/Dec/2021:00:31:27 +0000] "GET /feed HTTP/1.1" 200 55867 "-" "Automate.io BOT"
183.74.207.213 - - [01/Dec/2021:00:31:32 +0000] "GET /tech-report HTTP/2.0" 200 12646 "-" "Mozilla/5.0 (iPhone; CPU iPhone OS 15_1 like Mac OS X) AppleWebKit/605.1.15 (KHTML, like Gecko) Version/15.1 Mobile/15E148 Safari/604.1"
183.74.207.213 - - [01/Dec/2021:00:31:32 +0000] "GET /wp-includes/css/dist/block-library/style.min.css?ver=5.8.2 HTTP/2.0" 304 0 "https://ja.tak-cslab.org/tech-report" "Mozilla/5.0 (iPhone; CPU iPhone OS 15_1 like Mac OS X) AppleWebKit/605.1.15 (KHTML, like Gecko) Version/15.1 Mobile/15E148 Safari/604.1"
183.74.207.213 - - [01/Dec/2021:00:31:33 +0000] "GET /apple-touch-icon-120x120-precomposed.png HTTP/2.0" 404 5316 "-" "MobileSafari/8612.2.9.0.20 CFNetwork/1325.0.1 Darwin/21.1.0"
183.74.207.213 - - [01/Dec/2021:00:31:33 +0000] "GET /apple-touch-icon-120x120.png HTTP/2.0" 404 5316 "-" "MobileSafari/8612.2.9.0.20 CFNetwork/1325.0.1 Darwin/21.1.0"
183.74.207.213 - - [01/Dec/2021:00:31:33 +0000] "GET /apple-touch-icon-precomposed.png HTTP/2.0" 404 5316 "-" "MobileSafari/8612.2.9.0.20 CFNetwork/1325.0.1 Darwin/21.1.0"
183.74.207.213 - - [01/Dec/2021:00:31:33 +0000] "GET /apple-touch-icon.png HTTP/2.0" 404 5316 "-" "MobileSafari/8612.2.9.0.20 CFNetwork/1325.0.1 Darwin/21.1.0"
40.77.167.44 - - [01/Dec/2021:00:31:37 +0000] "GET /wp-content/uploads/2021/03/iOS-%E3%81%AE%E7%94%BB%E5%83%8F-2-2048x1536.jpg HTTP/2.0" 200 357553 "-" "Mozilla/5.0 (compatible; bingbot/2.0; +http://www.bing.com/bingbot.htm)"
54.82.110.180 - - [01/Dec/2021:00:33:43 +0000] "HEAD /feed HTTP/2.0" 200 0 "-" "Slackbot 1.0 (+https://api.slack.com/robots)"
3.237.239.38 - - [01/Dec/2021:00:33:43 +0000] "GET /feed HTTP/1.1" 200 55867 "-" "Slackbot 1.0 (+https://api.slack.com/robots)"
52.90.209.55 - - [01/Dec/2021:00:33:45 +0000] "GET / HTTP/1.1" 200 6320 "-" "Slackbot 1.0 (+https://api.slack.com/robots)"
216.245.221.83 - - [01/Dec/2021:00:34:26 +0000] "HEAD / HTTP/1.1" 301 0 "http://ja.tak-cslab.org/" "Mozilla/5.0+(compatible; UptimeRobot/2.0; http://www.uptimerobot.com/)"
216.245.221.83 - - [01/Dec/2021:00:34:26 +0000] "HEAD / HTTP/1.1" 200 0 "http://ja.tak-cslab.org/" "Mozilla/5.0+(compatible; UptimeRobot/2.0; http://www.uptimerobot.com/)"
34.206.38.217 - - [01/Dec/2021:00:36:33 +0000] "GET /feed HTTP/1.1" 200 55860 "-" "Automate.io BOT"
216.245.221.83 - - [01/Dec/2021:00:39:26 +0000] "HEAD / HTTP/1.1" 301 0 "http://ja.tak-cslab.org/" "Mozilla/5.0+(compatible; UptimeRobot/2.0; http://www.uptimerobot.com/)"
216.245.221.83 - - [01/Dec/2021:00:39:26 +0000] "HEAD / HTTP/1.1" 200 0 "http://ja.tak-cslab.org/" "Mozilla/5.0+(compatible; UptimeRobot/2.0; http://www.uptimerobot.com/)"
34.206.38.217 - - [01/Dec/2021:00:41:33 +0000] "GET /feed HTTP/1.1" 200 55867 "-" "Automate.io BOT"
51.222.253.19 - - [01/Dec/2021:00:42:42 +0000] "GET /10gin_cds1?redirect_to=https%3A%2F%2Fja.tak-cslab.org%2Farchives%2F364 HTTP/2.0" 200 4532 "-" "Mozilla/5.0 (compatible; AhrefsBot/7.0; +http://ahrefs.com/robot/)"
60.68.90.219 - - [01/Dec/2021:00:42:50 +0000] "GET /wp-content/uploads/2021/04/CDSL-System-Architecture7.png HTTP/2.0" 200 89237 "https://www.google.com/" "Mozilla/5.0 (Windows NT 10.0; Win64; x64) AppleWebKit/537.36 (KHTML, like Gecko) Chrome/96.0.4664.45 Safari/537.36"
106.132.181.100 - - [01/Dec/2021:00:43:47 +0000] "GET /favicon.ico HTTP/2.0" 302 0 "https://ja.tak-cslab.org/archives/1064" "Mozilla/5.0 (iPhone; CPU iPhone OS 15_1 like Mac OS X) AppleWebKit/605.1.15 (KHTML, like Gecko) Version/15.1 Mobile/15E148 Safari/604.1"
106.132.181.100 - - [01/Dec/2021:00:43:47 +0000] "GET /wp-includes/images/w-logo-blue-white-bg.png HTTP/2.0" 200 4119 "https://ja.tak-cslab.org/archives/1064" "Mozilla/5.0 (iPhone; CPU iPhone OS 15_1 like Mac OS X) AppleWebKit/605.1.15 (KHTML, like Gecko) Version/15.1 Mobile/15E148 Safari/604.1"
216.245.221.83 - - [01/Dec/2021:00:44:26 +0000] "HEAD / HTTP/1.1" 301 0 "http://ja.tak-cslab.org/" "Mozilla/5.0+(compatible; UptimeRobot/2.0; http://www.uptimerobot.com/)"
216.245.221.83 - - [01/Dec/2021:00:44:26 +0000] "HEAD / HTTP/1.1" 200 0 "http://ja.tak-cslab.org/" "Mozilla/5.0+(compatible; UptimeRobot/2.0; http://www.uptimerobot.com/)"
34.206.38.217 - - [01/Dec/2021:00:46:33 +0000] "GET /feed HTTP/1.1" 200 55867 "-" "Automate.io BOT"
54.39.177.197 - - [01/Dec/2021:00:47:18 +0000] "GET /feed HTTP/1.1" 200 55867 "-" "Mozilla/5.0 (compatible; YaK/1.0; http://linkfluence.com/; bot@linkfluence.com)"
216.245.221.83 - - [01/Dec/2021:00:49:26 +0000] "HEAD / HTTP/1.1" 301 0 "http://ja.tak-cslab.org/" "Mozilla/5.0+(compatible; UptimeRobot/2.0; http://www.uptimerobot.com/)"
216.245.221.83 - - [01/Dec/2021:00:49:26 +0000] "HEAD / HTTP/1.1" 200 0 "http://ja.tak-cslab.org/" "Mozilla/5.0+(compatible; UptimeRobot/2.0; http://www.uptimerobot.com/)"
34.206.38.217 - - [01/Dec/2021:00:51:33 +0000] "GET /feed HTTP/1.1" 200 55867 "-" "Automate.io BOT"
44.197.215.38 - - [01/Dec/2021:00:53:38 +0000] "HEAD /feed HTTP/2.0" 200 0 "-" "Slackbot 1.0 (+https://api.slack.com/robots)"
54.83.83.160 - - [01/Dec/2021:00:53:38 +0000] "GET /feed HTTP/1.1" 200 55867 "-" "Slackbot 1.0 (+https://api.slack.com/robots)"
34.235.115.250 - - [01/Dec/2021:00:53:39 +0000] "GET / HTTP/1.1" 200 6312 "-" "Slackbot 1.0 (+https://api.slack.com/robots)"
216.245.221.83 - - [01/Dec/2021:00:54:26 +0000] "HEAD / HTTP/1.1" 301 0 "http://ja.tak-cslab.org/" "Mozilla/5.0+(compatible; UptimeRobot/2.0; http://www.uptimerobot.com/)"
216.245.221.83 - - [01/Dec/2021:00:54:26 +0000] "HEAD / HTTP/1.1" 200 0 "http://ja.tak-cslab.org/" "Mozilla/5.0+(compatible; UptimeRobot/2.0; http://www.uptimerobot.com/)"
34.206.38.217 - - [01/Dec/2021:00:56:33 +0000] "GET /feed HTTP/1.1" 200 55860 "-" "Automate.io BOT"
216.245.221.83 - - [01/Dec/2021:00:59:26 +0000] "HEAD / HTTP/1.1" 301 0 "http://ja.tak-cslab.org/" "Mozilla/5.0+(compatible; UptimeRobot/2.0; http://www.uptimerobot.com/)"
216.245.221.83 - - [01/Dec/2021:00:59:26 +0000] "HEAD / HTTP/1.1" 200 0 "http://ja.tak-cslab.org/" "Mozilla/5.0+(compatible; UptimeRobot/2.0; http://www.uptimerobot.com/)"
163.215.6.1 - - [01/Dec/2021:01:01:33 +0000] "POST /wp-cron.php?doing_wp_cron=1638320493.4725430011749267578125 HTTP/1.1" 200 31 "https://ja.tak-cslab.org/wp-cron.php?doing_wp_cron=1638320493.4725430011749267578125" "WordPress/5.8.2; https://ja.tak-cslab.org"
34.206.38.217 - - [01/Dec/2021:01:01:33 +0000] "GET /feed HTTP/1.1" 200 55867 "-" "Automate.io BOT"
216.245.221.83 - - [01/Dec/2021:01:04:26 +0000] "HEAD / HTTP/1.1" 301 0 "http://ja.tak-cslab.org/" "Mozilla/5.0+(compatible; UptimeRobot/2.0; http://www.uptimerobot.com/)"
216.245.221.83 - - [01/Dec/2021:01:04:26 +0000] "HEAD / HTTP/1.1" 200 0 "http://ja.tak-cslab.org/" "Mozilla/5.0+(compatible; UptimeRobot/2.0; http://www.uptimerobot.com/)"
79.126.90.100 - - [01/Dec/2021:01:06:14 +0000] "GET /archives/460/ HTTP/1.0" 301 162 "http://ja.tak-cslab.org/archives/460/" "Mozilla/5.0 (Windows NT 10.0; Win64; x64) AppleWebKit/537.36 (KHTML, like Gecko) Chrome/90.0.4430.72 Safari/537.36 Edg/90.0.818.39"
79.126.90.100 - - [01/Dec/2021:01:06:16 +0000] "GET /archives/460/ HTTP/1.0" 301 0 "https://ja.tak-cslab.org/archives/460/" "Mozilla/5.0 (Windows NT 10.0; Win64; x64) AppleWebKit/537.36 (KHTML, like Gecko) Chrome/90.0.4430.72 Safari/537.36 Edg/90.0.818.39"
79.126.90.100 - - [01/Dec/2021:01:06:17 +0000] "GET /archives/460 HTTP/1.0" 200 27841 "https://ja.tak-cslab.org/archives/460" "Mozilla/5.0 (Windows NT 10.0; Win64; x64) AppleWebKit/537.36 (KHTML, like Gecko) Chrome/90.0.4430.72 Safari/537.36 Edg/90.0.818.39"
34.206.38.217 - - [01/Dec/2021:01:06:33 +0000] "GET /feed HTTP/1.1" 200 55867 "-" "Automate.io BOT"
106.131.158.37 - - [01/Dec/2021:01:06:39 +0000] "GET /archives/author/c0118180 HTTP/2.0" 200 6029 "https://www.google.co.jp/" "Mozilla/5.0 (iPhone; CPU iPhone OS 14_8_1 like Mac OS X) AppleWebKit/605.1.15 (KHTML, like Gecko) Version/14.1.2 Mobile/15E148 Safari/604.1"
106.131.158.37 - - [01/Dec/2021:01:06:57 +0000] "GET /about HTTP/2.0" 200 5430 "https://ja.tak-cslab.org/archives/author/c0118180" "Mozilla/5.0 (iPhone; CPU iPhone OS 14_8_1 like Mac OS X) AppleWebKit/605.1.15 (KHTML, like Gecko) Version/14.1.2 Mobile/15E148 Safari/604.1"
106.131.158.37 - - [01/Dec/2021:01:07:01 +0000] "GET /tech-report HTTP/2.0" 200 12646 "https://ja.tak-cslab.org/about" "Mozilla/5.0 (iPhone; CPU iPhone OS 14_8_1 like Mac OS X) AppleWebKit/605.1.15 (KHTML, like Gecko) Version/14.1.2 Mobile/15E148 Safari/604.1"
35.77.38.125 - - [01/Dec/2021:01:07:07 +0000] "GET /favicon.ico HTTP/1.1" 302 5 "-" "Slack-ImgProxy (+https://api.slack.com/robots)"
13.115.166.59 - - [01/Dec/2021:01:07:07 +0000] "GET /wp-includes/images/w-logo-blue-white-bg.png HTTP/1.1" 200 4119 "-" "Slack-ImgProxy (+https://api.slack.com/robots)"
216.245.221.83 - - [01/Dec/2021:01:09:26 +0000] "HEAD / HTTP/1.1" 301 0 "http://ja.tak-cslab.org/" "Mozilla/5.0+(compatible; UptimeRobot/2.0; http://www.uptimerobot.com/)"
216.245.221.83 - - [01/Dec/2021:01:09:26 +0000] "HEAD / HTTP/1.1" 200 0 "http://ja.tak-cslab.org/" "Mozilla/5.0+(compatible; UptimeRobot/2.0; http://www.uptimerobot.com/)"
34.206.38.217 - - [01/Dec/2021:01:11:33 +0000] "GET /feed HTTP/1.1" 200 55867 "-" "Automate.io BOT"
35.77.2.116 - - [01/Dec/2021:01:11:42 +0000] "GET /wp-content/uploads/2020/09/20200925_200925_0-1.jpg HTTP/1.1" 200 247845 "-" "Slack-ImgProxy (+https://api.slack.com/robots)"
13.115.41.121 - - [01/Dec/2021:01:11:42 +0000] "GET /wp-content/uploads/2020/09/20200925_200925_0-1.jpg HTTP/1.1" 200 247845 "-" "Slack-ImgProxy (+https://api.slack.com/robots)"
54.221.23.121 - - [01/Dec/2021:01:13:45 +0000] "HEAD /feed HTTP/2.0" 200 0 "-" "Slackbot 1.0 (+https://api.slack.com/robots)"
44.192.32.205 - - [01/Dec/2021:01:13:46 +0000] "GET /feed HTTP/1.1" 200 55867 "-" "Slackbot 1.0 (+https://api.slack.com/robots)"
34.236.216.219 - - [01/Dec/2021:01:13:47 +0000] "GET / HTTP/1.1" 200 6312 "-" "Slackbot 1.0 (+https://api.slack.com/robots)"
51.222.253.7 - - [01/Dec/2021:01:14:12 +0000] "GET /10gin_cds1?redirect_to=https%3A%2F%2Fja.tak-cslab.org%2Farchives%2F721 HTTP/2.0" 200 4529 "-" "Mozilla/5.0 (compatible; AhrefsBot/7.0; +http://ahrefs.com/robot/)"
185.191.171.44 - - [01/Dec/2021:01:14:14 +0000] "GET /robots.txt HTTP/1.1" 200 123 "-" "Mozilla/5.0 (compatible; SemrushBot/7~bl; +http://www.semrush.com/bot.html)"
185.191.171.38 - - [01/Dec/2021:01:14:14 +0000] "GET /10gin_cds1?redirect_to=https%3A%2F%2Fja.tak-cslab.org%2Farchives%2F648 HTTP/1.1" 200 4544 "-" "Mozilla/5.0 (compatible; SemrushBot/7~bl; +http://www.semrush.com/bot.html)"
216.245.221.83 - - [01/Dec/2021:01:14:26 +0000] "HEAD / HTTP/1.1" 301 0 "http://ja.tak-cslab.org/" "Mozilla/5.0+(compatible; UptimeRobot/2.0; http://www.uptimerobot.com/)"
216.245.221.83 - - [01/Dec/2021:01:14:26 +0000] "HEAD / HTTP/1.1" 200 0 "http://ja.tak-cslab.org/" "Mozilla/5.0+(compatible; UptimeRobot/2.0; http://www.uptimerobot.com/)"
202.19.228.117 - - [01/Dec/2021:01:15:32 +0000] "GET /archives/498 HTTP/2.0" 200 7421 "https://www.google.com/" "Mozilla/5.0 (Windows NT 10.0; Win64; x64) AppleWebKit/537.36 (KHTML, like Gecko) Chrome/96.0.4664.45 Safari/537.36"
202.19.228.117 - - [01/Dec/2021:01:15:32 +0000] "GET /wp-content/themes/cdsl/style.css?ver=1.3.1 HTTP/2.0" 200 272 "https://ja.tak-cslab.org/archives/498" "Mozilla/5.0 (Windows NT 10.0; Win64; x64) AppleWebKit/537.36 (KHTML, like Gecko) Chrome/96.0.4664.45 Safari/537.36"
202.19.228.117 - - [01/Dec/2021:01:15:32 +0000] "GET /wp-content/themes/scaffold/assets/js/navigation.js?ver=1.3.1 HTTP/2.0" 200 1266 "https://ja.tak-cslab.org/archives/498" "Mozilla/5.0 (Windows NT 10.0; Win64; x64) AppleWebKit/537.36 (KHTML, like Gecko) Chrome/96.0.4664.45 Safari/537.36"
202.19.228.117 - - [01/Dec/2021:01:15:32 +0000] "GET /wp-includes/js/comment-reply.min.js?ver=5.8.2 HTTP/2.0" 200 1390 "https://ja.tak-cslab.org/archives/498" "Mozilla/5.0 (Windows NT 10.0; Win64; x64) AppleWebKit/537.36 (KHTML, like Gecko) Chrome/96.0.4664.45 Safari/537.36"
202.19.228.117 - - [01/Dec/2021:01:15:32 +0000] "GET /wp-includes/js/wp-embed.min.js?ver=5.8.2 HTTP/2.0" 200 779 "https://ja.tak-cslab.org/archives/498" "Mozilla/5.0 (Windows NT 10.0; Win64; x64) AppleWebKit/537.36 (KHTML, like Gecko) Chrome/96.0.4664.45 Safari/537.36"
202.19.228.117 - - [01/Dec/2021:01:15:32 +0000] "GET /wp-content/themes/scaffold/style.css?ver=5.8.2 HTTP/2.0" 200 5846 "https://ja.tak-cslab.org/archives/498" "Mozilla/5.0 (Windows NT 10.0; Win64; x64) AppleWebKit/537.36 (KHTML, like Gecko) Chrome/96.0.4664.45 Safari/537.36"
202.19.228.117 - - [01/Dec/2021:01:15:32 +0000] "GET /wp-includes/css/dist/block-library/style.min.css?ver=5.8.2 HTTP/2.0" 200 13704 "https://ja.tak-cslab.org/archives/498" "Mozilla/5.0 (Windows NT 10.0; Win64; x64) AppleWebKit/537.36 (KHTML, like Gecko) Chrome/96.0.4664.45 Safari/537.36"
202.19.228.117 - - [01/Dec/2021:01:15:32 +0000] "GET /wp-includes/js/wp-emoji-release.min.js?ver=5.8.2 HTTP/2.0" 200 5714 "https://ja.tak-cslab.org/archives/498" "Mozilla/5.0 (Windows NT 10.0; Win64; x64) AppleWebKit/537.36 (KHTML, like Gecko) Chrome/96.0.4664.45 Safari/537.36"
202.19.228.117 - - [01/Dec/2021:01:15:32 +0000] "GET /favicon.ico HTTP/2.0" 302 0 "https://ja.tak-cslab.org/archives/498" "Mozilla/5.0 (Windows NT 10.0; Win64; x64) AppleWebKit/537.36 (KHTML, like Gecko) Chrome/96.0.4664.45 Safari/537.36"
202.19.228.117 - - [01/Dec/2021:01:15:33 +0000] "GET /wp-includes/images/w-logo-blue-white-bg.png HTTP/2.0" 200 4119 "https://ja.tak-cslab.org/archives/498" "Mozilla/5.0 (Windows NT 10.0; Win64; x64) AppleWebKit/537.36 (KHTML, like Gecko) Chrome/96.0.4664.45 Safari/537.36"
34.206.38.217 - - [01/Dec/2021:01:16:33 +0000] "GET /feed HTTP/1.1" 200 55867 "-" "Automate.io BOT"
216.245.221.83 - - [01/Dec/2021:01:19:26 +0000] "HEAD / HTTP/1.1" 301 0 "http://ja.tak-cslab.org/" "Mozilla/5.0+(compatible; UptimeRobot/2.0; http://www.uptimerobot.com/)"
163.215.6.1 - - [01/Dec/2021:01:19:26 +0000] "POST /wp-cron.php?doing_wp_cron=1638321566.6649489402770996093750 HTTP/1.1" 200 31 "https://ja.tak-cslab.org/wp-cron.php?doing_wp_cron=1638321566.6649489402770996093750" "WordPress/5.8.2; https://ja.tak-cslab.org"
216.245.221.83 - - [01/Dec/2021:01:19:26 +0000] "HEAD / HTTP/1.1" 200 0 "http://ja.tak-cslab.org/" "Mozilla/5.0+(compatible; UptimeRobot/2.0; http://www.uptimerobot.com/)"
34.206.38.217 - - [01/Dec/2021:01:21:33 +0000] "GET /feed HTTP/1.1" 200 55860 "-" "Automate.io BOT"
163.215.6.1 - - [01/Dec/2021:01:23:00 +0000] "GET / HTTP/2.0" 200 6293 "-" "Mozilla/5.0 (Windows NT 10.0; Win64; x64) AppleWebKit/537.36 (KHTML, like Gecko) Chrome/96.0.4664.45 Safari/537.36"
163.215.6.1 - - [01/Dec/2021:01:23:02 +0000] "GET /tech-report HTTP/2.0" 200 12646 "https://ja.tak-cslab.org/" "Mozilla/5.0 (Windows NT 10.0; Win64; x64) AppleWebKit/537.36 (KHTML, like Gecko) Chrome/96.0.4664.45 Safari/537.36"
216.245.221.83 - - [01/Dec/2021:01:24:26 +0000] "HEAD / HTTP/1.1" 301 0 "http://ja.tak-cslab.org/" "Mozilla/5.0+(compatible; UptimeRobot/2.0; http://www.uptimerobot.com/)"
216.245.221.83 - - [01/Dec/2021:01:24:26 +0000] "HEAD / HTTP/1.1" 200 0 "http://ja.tak-cslab.org/" "Mozilla/5.0+(compatible; UptimeRobot/2.0; http://www.uptimerobot.com/)"
34.206.38.217 - - [01/Dec/2021:01:26:33 +0000] "GET /feed HTTP/1.1" 200 55867 "-" "Automate.io BOT"
216.245.221.83 - - [01/Dec/2021:01:29:26 +0000] "HEAD / HTTP/1.1" 301 0 "http://ja.tak-cslab.org/" "Mozilla/5.0+(compatible; UptimeRobot/2.0; http://www.uptimerobot.com/)"
216.245.221.83 - - [01/Dec/2021:01:29:26 +0000] "HEAD / HTTP/1.1" 200 0 "http://ja.tak-cslab.org/" "Mozilla/5.0+(compatible; UptimeRobot/2.0; http://www.uptimerobot.com/)"
34.206.38.217 - - [01/Dec/2021:01:31:33 +0000] "GET /feed HTTP/1.1" 200 55867 "-" "Automate.io BOT"
54.166.165.75 - - [01/Dec/2021:01:33:44 +0000] "HEAD /feed HTTP/2.0" 200 0 "-" "Slackbot 1.0 (+https://api.slack.com/robots)"
3.95.31.126 - - [01/Dec/2021:01:33:45 +0000] "GET /feed HTTP/1.1" 200 55867 "-" "Slackbot 1.0 (+https://api.slack.com/robots)"
163.215.6.1 - - [01/Dec/2021:01:33:46 +0000] "POST /wp-cron.php?doing_wp_cron=1638322426.6120610237121582031250 HTTP/1.1" 200 31 "https://ja.tak-cslab.org/wp-cron.php?doing_wp_cron=1638322426.6120610237121582031250" "WordPress/5.8.2; https://ja.tak-cslab.org"
35.172.133.154 - - [01/Dec/2021:01:33:46 +0000] "GET / HTTP/1.1" 200 6313 "-" "Slackbot 1.0 (+https://api.slack.com/robots)"
163.215.6.1 - - [01/Dec/2021:01:33:46 +0000] "GET / HTTP/1.1" 200 6312 "https://ja.tak-cslab.org/" "WordPress/5.8.2; https://ja.tak-cslab.org"
216.245.221.83 - - [01/Dec/2021:01:34:26 +0000] "HEAD / HTTP/1.1" 301 0 "http://ja.tak-cslab.org/" "Mozilla/5.0+(compatible; UptimeRobot/2.0; http://www.uptimerobot.com/)"
216.245.221.83 - - [01/Dec/2021:01:34:26 +0000] "HEAD / HTTP/1.1" 200 0 "http://ja.tak-cslab.org/" "Mozilla/5.0+(compatible; UptimeRobot/2.0; http://www.uptimerobot.com/)"
34.206.38.217 - - [01/Dec/2021:01:36:33 +0000] "GET /feed HTTP/1.1" 200 55867 "-" "Automate.io BOT"
54.95.29.123 - - [01/Dec/2021:01:38:01 +0000] "GET /favicon.ico HTTP/1.1" 302 5 "-" "Slack-ImgProxy (+https://api.slack.com/robots)"
18.183.43.224 - - [01/Dec/2021:01:38:01 +0000] "GET /wp-includes/images/w-logo-blue-white-bg.png HTTP/1.1" 200 4119 "-" "Slack-ImgProxy (+https://api.slack.com/robots)"
51.222.253.7 - - [01/Dec/2021:01:38:12 +0000] "GET /10gin_cds1?redirect_to=https%3A%2F%2Fja.tak-cslab.org%2Farchives%2F425 HTTP/2.0" 200 4531 "-" "Mozilla/5.0 (compatible; AhrefsBot/7.0; +http://ahrefs.com/robot/)"
216.245.221.83 - - [01/Dec/2021:01:39:26 +0000] "HEAD / HTTP/1.1" 301 0 "http://ja.tak-cslab.org/" "Mozilla/5.0+(compatible; UptimeRobot/2.0; http://www.uptimerobot.com/)"
216.245.221.83 - - [01/Dec/2021:01:39:26 +0000] "HEAD / HTTP/1.1" 200 0 "http://ja.tak-cslab.org/" "Mozilla/5.0+(compatible; UptimeRobot/2.0; http://www.uptimerobot.com/)"
163.215.6.1 - - [01/Dec/2021:01:40:44 +0000] "GET /tech-report HTTP/2.0" 200 12646 "-" "Mozilla/5.0 (Windows NT 10.0; Win64; x64) AppleWebKit/537.36 (KHTML, like Gecko) Chrome/96.0.4664.45 Safari/537.36"
34.206.38.217 - - [01/Dec/2021:01:41:34 +0000] "GET /feed HTTP/1.1" 200 55867 "-" "Automate.io BOT"
216.245.221.83 - - [01/Dec/2021:01:44:26 +0000] "HEAD / HTTP/1.1" 301 0 "http://ja.tak-cslab.org/" "Mozilla/5.0+(compatible; UptimeRobot/2.0; http://www.uptimerobot.com/)"
216.245.221.83 - - [01/Dec/2021:01:44:26 +0000] "HEAD / HTTP/1.1" 200 0 "http://ja.tak-cslab.org/" "Mozilla/5.0+(compatible; UptimeRobot/2.0; http://www.uptimerobot.com/)"
13.115.166.59 - - [01/Dec/2021:01:44:40 +0000] "GET /wp-content/uploads/2020/09/20200925_200925_0-1.jpg HTTP/1.1" 200 247845 "-" "Slack-ImgProxy (+https://api.slack.com/robots)"
13.230.38.218 - - [01/Dec/2021:01:44:40 +0000] "GET /wp-content/uploads/2020/09/20200925_200925_0-1.jpg HTTP/1.1" 200 247845 "-" "Slack-ImgProxy (+https://api.slack.com/robots)"
163.215.6.1 - - [01/Dec/2021:01:45:43 +0000] "GET /10gin_cds1 HTTP/2.0" 200 4503 "-" "Mozilla/5.0 (Macintosh; Intel Mac OS X 10_15_7) AppleWebKit/537.36 (KHTML, like Gecko) Chrome/96.0.4664.55 Safari/537.36"
163.215.6.1 - - [01/Dec/2021:01:45:43 +0000] "GET /wp-includes/js/jquery/jquery-migrate.min.js?ver=3.3.2 HTTP/2.0" 200 4565 "https://ja.tak-cslab.org/10gin_cds1" "Mozilla/5.0 (Macintosh; Intel Mac OS X 10_15_7) AppleWebKit/537.36 (KHTML, like Gecko) Chrome/96.0.4664.55 Safari/537.36"
163.215.6.1 - - [01/Dec/2021:01:45:43 +0000] "GET /wp-includes/js/jquery/jquery.min.js?ver=3.6.0 HTTP/2.0" 200 36052 "https://ja.tak-cslab.org/10gin_cds1" "Mozilla/5.0 (Macintosh; Intel Mac OS X 10_15_7) AppleWebKit/537.36 (KHTML, like Gecko) Chrome/96.0.4664.55 Safari/537.36"
163.215.6.1 - - [01/Dec/2021:01:45:43 +0000] "GET /wp-includes/css/dashicons.min.css?ver=5.8.2 HTTP/2.0" 200 36701 "https://ja.tak-cslab.org/10gin_cds1" "Mozilla/5.0 (Macintosh; Intel Mac OS X 10_15_7) AppleWebKit/537.36 (KHTML, like Gecko) Chrome/96.0.4664.55 Safari/537.36"
163.215.6.1 - - [01/Dec/2021:01:45:43 +0000] "GET /wp-includes/css/buttons.min.css?ver=5.8.2 HTTP/2.0" 200 1648 "https://ja.tak-cslab.org/10gin_cds1" "Mozilla/5.0 (Macintosh; Intel Mac OS X 10_15_7) AppleWebKit/537.36 (KHTML, like Gecko) Chrome/96.0.4664.55 Safari/537.36"
163.215.6.1 - - [01/Dec/2021:01:45:43 +0000] "GET /wp-admin/css/forms.min.css?ver=5.8.2 HTTP/2.0" 200 7473 "https://ja.tak-cslab.org/10gin_cds1" "Mozilla/5.0 (Macintosh; Intel Mac OS X 10_15_7) AppleWebKit/537.36 (KHTML, like Gecko) Chrome/96.0.4664.55 Safari/537.36"
163.215.6.1 - - [01/Dec/2021:01:45:43 +0000] "GET /wp-admin/css/l10n.min.css?ver=5.8.2 HTTP/2.0" 200 747 "https://ja.tak-cslab.org/10gin_cds1" "Mozilla/5.0 (Macintosh; Intel Mac OS X 10_15_7) AppleWebKit/537.36 (KHTML, like Gecko) Chrome/96.0.4664.55 Safari/537.36"
163.215.6.1 - - [01/Dec/2021:01:45:43 +0000] "GET /wp-admin/css/login.min.css?ver=5.8.2 HTTP/2.0" 200 2249 "https://ja.tak-cslab.org/10gin_cds1" "Mozilla/5.0 (Macintosh; Intel Mac OS X 10_15_7) AppleWebKit/537.36 (KHTML, like Gecko) Chrome/96.0.4664.55 Safari/537.36"
163.215.6.1 - - [01/Dec/2021:01:45:43 +0000] "GET /wp-includes/js/zxcvbn-async.min.js?ver=1.0 HTTP/2.0" 200 258 "https://ja.tak-cslab.org/10gin_cds1" "Mozilla/5.0 (Macintosh; Intel Mac OS X 10_15_7) AppleWebKit/537.36 (KHTML, like Gecko) Chrome/96.0.4664.55 Safari/537.36"
163.215.6.1 - - [01/Dec/2021:01:45:43 +0000] "GET /wp-includes/js/dist/vendor/regenerator-runtime.min.js?ver=0.13.7 HTTP/2.0" 200 2599 "https://ja.tak-cslab.org/10gin_cds1" "Mozilla/5.0 (Macintosh; Intel Mac OS X 10_15_7) AppleWebKit/537.36 (KHTML, like Gecko) Chrome/96.0.4664.55 Safari/537.36"
163.215.6.1 - - [01/Dec/2021:01:45:43 +0000] "GET /wp-includes/js/dist/vendor/wp-polyfill.min.js?ver=3.15.0 HTTP/2.0" 200 6737 "https://ja.tak-cslab.org/10gin_cds1" "Mozilla/5.0 (Macintosh; Intel Mac OS X 10_15_7) AppleWebKit/537.36 (KHTML, like Gecko) Chrome/96.0.4664.55 Safari/537.36"
163.215.6.1 - - [01/Dec/2021:01:45:43 +0000] "GET /wp-includes/js/dist/hooks.min.js?ver=a7edae857aab69d69fa10d5aef23a5de HTTP/2.0" 200 1918 "https://ja.tak-cslab.org/10gin_cds1" "Mozilla/5.0 (Macintosh; Intel Mac OS X 10_15_7) AppleWebKit/537.36 (KHTML, like Gecko) Chrome/96.0.4664.55 Safari/537.36"
163.215.6.1 - - [01/Dec/2021:01:45:43 +0000] "GET /wp-includes/js/dist/i18n.min.js?ver=5f1269854226b4dd90450db411a12b79 HTTP/2.0" 200 4120 "https://ja.tak-cslab.org/10gin_cds1" "Mozilla/5.0 (Macintosh; Intel Mac OS X 10_15_7) AppleWebKit/537.36 (KHTML, like Gecko) Chrome/96.0.4664.55 Safari/537.36"
163.215.6.1 - - [01/Dec/2021:01:45:44 +0000] "GET /wp-admin/js/password-strength-meter.min.js?ver=5.8.2 HTTP/2.0" 200 630 "https://ja.tak-cslab.org/10gin_cds1" "Mozilla/5.0 (Macintosh; Intel Mac OS X 10_15_7) AppleWebKit/537.36 (KHTML, like Gecko) Chrome/96.0.4664.55 Safari/537.36"
163.215.6.1 - - [01/Dec/2021:01:45:44 +0000] "GET /wp-includes/js/wp-util.min.js?ver=5.8.2 HTTP/2.0" 200 719 "https://ja.tak-cslab.org/10gin_cds1" "Mozilla/5.0 (Macintosh; Intel Mac OS X 10_15_7) AppleWebKit/537.36 (KHTML, like Gecko) Chrome/96.0.4664.55 Safari/537.36"
163.215.6.1 - - [01/Dec/2021:01:45:44 +0000] "GET /wp-includes/js/underscore.min.js?ver=1.13.1 HTTP/2.0" 200 8109 "https://ja.tak-cslab.org/10gin_cds1" "Mozilla/5.0 (Macintosh; Intel Mac OS X 10_15_7) AppleWebKit/537.36 (KHTML, like Gecko) Chrome/96.0.4664.55 Safari/537.36"
163.215.6.1 - - [01/Dec/2021:01:45:44 +0000] "GET /wp-admin/js/user-profile.min.js?ver=5.8.2 HTTP/2.0" 200 2463 "https://ja.tak-cslab.org/10gin_cds1" "Mozilla/5.0 (Macintosh; Intel Mac OS X 10_15_7) AppleWebKit/537.36 (KHTML, like Gecko) Chrome/96.0.4664.55 Safari/537.36"
163.215.6.1 - - [01/Dec/2021:01:45:44 +0000] "GET /wp-admin/images/wordpress-logo.svg?ver=20131107 HTTP/2.0" 200 1521 "https://ja.tak-cslab.org/wp-admin/css/login.min.css?ver=5.8.2" "Mozilla/5.0 (Macintosh; Intel Mac OS X 10_15_7) AppleWebKit/537.36 (KHTML, like Gecko) Chrome/96.0.4664.55 Safari/537.36"
163.215.6.1 - - [01/Dec/2021:01:45:44 +0000] "GET /wp-content/plugins/google-apps-login//img/google.svg HTTP/2.0" 200 3821 "https://ja.tak-cslab.org/10gin_cds1" "Mozilla/5.0 (Macintosh; Intel Mac OS X 10_15_7) AppleWebKit/537.36 (KHTML, like Gecko) Chrome/96.0.4664.55 Safari/537.36"
163.215.6.1 - - [01/Dec/2021:01:45:44 +0000] "GET /wp-includes/js/zxcvbn.min.js HTTP/2.0" 200 440333 "https://ja.tak-cslab.org/10gin_cds1" "Mozilla/5.0 (Macintosh; Intel Mac OS X 10_15_7) AppleWebKit/537.36 (KHTML, like Gecko) Chrome/96.0.4664.55 Safari/537.36"
163.215.6.1 - - [01/Dec/2021:01:45:49 +0000] "GET /10gin_cds1?state=39d4ee7e75%257C&code=4/0AX4XfWhTHyjzcSw38XSr3rLROVF0PS5mC41wykAzvcn-JVkCxPmq9V0HsrJaXF2aCBRHcw&scope=email%20profile%20https://www.googleapis.com/auth/userinfo.profile%20openid%20https://www.googleapis.com/auth/userinfo.email&authuser=0&hd=edu.teu.ac.jp&prompt=none HTTP/2.0" 302 0 "https://accounts.google.com/" "Mozilla/5.0 (Macintosh; Intel Mac OS X 10_15_7) AppleWebKit/537.36 (KHTML, like Gecko) Chrome/96.0.4664.55 Safari/537.36"
163.215.6.1 - - [01/Dec/2021:01:45:50 +0000] "GET /wp-admin/ HTTP/2.0" 200 17217 "https://accounts.google.com/" "Mozilla/5.0 (Macintosh; Intel Mac OS X 10_15_7) AppleWebKit/537.36 (KHTML, like Gecko) Chrome/96.0.4664.55 Safari/537.36"
163.215.6.1 - - [01/Dec/2021:01:45:50 +0000] "GET /wp-includes/js/thickbox/thickbox.css?ver=5.8.2 HTTP/2.0" 200 1032 "https://ja.tak-cslab.org/wp-admin/" "Mozilla/5.0 (Macintosh; Intel Mac OS X 10_15_7) AppleWebKit/537.36 (KHTML, like Gecko) Chrome/96.0.4664.55 Safari/537.36"
163.215.6.1 - - [01/Dec/2021:01:45:50 +0000] "GET /wp-content/plugins/seo-simple-pack/dist/css/common.css?ver=2.2.7 HTTP/2.0" 200 389 "https://ja.tak-cslab.org/wp-admin/" "Mozilla/5.0 (Macintosh; Intel Mac OS X 10_15_7) AppleWebKit/537.36 (KHTML, like Gecko) Chrome/96.0.4664.55 Safari/537.36"
163.215.6.1 - - [01/Dec/2021:01:45:50 +0000] "GET /wp-content/plugins/wp-statistics/assets/css/jqvmap/jqvmap.min.css?ver=1.5.1 HTTP/2.0" 200 296 "https://ja.tak-cslab.org/wp-admin/" "Mozilla/5.0 (Macintosh; Intel Mac OS X 10_15_7) AppleWebKit/537.36 (KHTML, like Gecko) Chrome/96.0.4664.55 Safari/537.36"
163.215.6.1 - - [01/Dec/2021:01:45:50 +0000] "GET /wp-includes/js/hoverintent-js.min.js?ver=2.2.1 HTTP/2.0" 200 738 "https://ja.tak-cslab.org/wp-admin/" "Mozilla/5.0 (Macintosh; Intel Mac OS X 10_15_7) AppleWebKit/537.36 (KHTML, like Gecko) Chrome/96.0.4664.55 Safari/537.36"
163.215.6.1 - - [01/Dec/2021:01:45:50 +0000] "GET /wp-includes/js/jquery/jquery.color.min.js?ver=2.1.2 HTTP/2.0" 200 4218 "https://ja.tak-cslab.org/wp-admin/" "Mozilla/5.0 (Macintosh; Intel Mac OS X 10_15_7) AppleWebKit/537.36 (KHTML, like Gecko) Chrome/96.0.4664.55 Safari/537.36"
163.215.6.1 - - [01/Dec/2021:01:45:50 +0000] "GET /wp-admin/js/common.min.js?ver=5.8.2 HTTP/2.0" 200 7288 "https://ja.tak-cslab.org/wp-admin/" "Mozilla/5.0 (Macintosh; Intel Mac OS X 10_15_7) AppleWebKit/537.36 (KHTML, like Gecko) Chrome/96.0.4664.55 Safari/537.36"
163.215.6.1 - - [01/Dec/2021:01:45:50 +0000] "GET /wp-content/plugins/wp-statistics/assets/js/admin.min.js?ver=13.1.2 HTTP/2.0" 200 13994 "https://ja.tak-cslab.org/wp-admin/" "Mozilla/5.0 (Macintosh; Intel Mac OS X 10_15_7) AppleWebKit/537.36 (KHTML, like Gecko) Chrome/96.0.4664.55 Safari/537.36"
163.215.6.1 - - [01/Dec/2021:01:45:50 +0000] "GET /wp-admin/load-scripts.php?c=0&load%5Bchunk_0%5D=hoverIntent,regenerator-runtime,wp-polyfill,wp-hooks&ver=5.8.2 HTTP/2.0" 200 11595 "https://ja.tak-cslab.org/wp-admin/" "Mozilla/5.0 (Macintosh; Intel Mac OS X 10_15_7) AppleWebKit/537.36 (KHTML, like Gecko) Chrome/96.0.4664.55 Safari/537.36"
163.215.6.1 - - [01/Dec/2021:01:45:50 +0000] "GET /wp-content/plugins/wp-statistics/assets/css/admin.min.css?ver=13.1.2 HTTP/2.0" 200 15362 "https://ja.tak-cslab.org/wp-admin/" "Mozilla/5.0 (Macintosh; Intel Mac OS X 10_15_7) AppleWebKit/537.36 (KHTML, like Gecko) Chrome/96.0.4664.55 Safari/537.36"
163.215.6.1 - - [01/Dec/2021:01:45:50 +0000] "GET /wp-content/plugins/wp-statistics/assets/js/jqvmap/jquery.vmap.world.min.js?ver=1.5.1 HTTP/2.0" 200 26398 "https://ja.tak-cslab.org/wp-admin/" "Mozilla/5.0 (Macintosh; Intel Mac OS X 10_15_7) AppleWebKit/537.36 (KHTML, like Gecko) Chrome/96.0.4664.55 Safari/537.36"
163.215.6.1 - - [01/Dec/2021:01:45:50 +0000] "GET /wp-content/plugins/wp-statistics/assets/js/chartjs/chart.min.js?ver=3.5.1 HTTP/2.0" 200 76107 "https://ja.tak-cslab.org/wp-admin/" "Mozilla/5.0 (Macintosh; Intel Mac OS X 10_15_7) AppleWebKit/537.36 (KHTML, like Gecko) Chrome/96.0.4664.55 Safari/537.36"
163.215.6.1 - - [01/Dec/2021:01:45:50 +0000] "GET /wp-admin/load-scripts.php?c=0&load%5Bchunk_0%5D=jquery-core,jquery-migrate,utils&ver=5.8.2 HTTP/2.0" 200 40810 "https://ja.tak-cslab.org/wp-admin/" "Mozilla/5.0 (Macintosh; Intel Mac OS X 10_15_7) AppleWebKit/537.36 (KHTML, like Gecko) Chrome/96.0.4664.55 Safari/537.36"
163.215.6.1 - - [01/Dec/2021:01:45:50 +0000] "GET /wp-admin/load-styles.php?c=0&dir=ltr&load%5Bchunk_0%5D=dashicons,admin-bar,common,forms,admin-menu,dashboard,list-tables,edit,revisions,media,themes,about,nav-menus,wp-pointer,widgets&load%5Bchunk_1%5D=,site-icon,l10n,buttons,wp-auth-check&ver=5.8.2 HTTP/2.0" 200 118750 "https://ja.tak-cslab.org/wp-admin/" "Mozilla/5.0 (Macintosh; Intel Mac OS X 10_15_7) AppleWebKit/537.36 (KHTML, like Gecko) Chrome/96.0.4664.55 Safari/537.36"
163.215.6.1 - - [01/Dec/2021:01:45:50 +0000] "GET /wp-includes/js/dist/vendor/moment.min.js?ver=2.29.1 HTTP/2.0" 200 21325 "https://ja.tak-cslab.org/wp-admin/" "Mozilla/5.0 (Macintosh; Intel Mac OS X 10_15_7) AppleWebKit/537.36 (KHTML, like Gecko) Chrome/96.0.4664.55 Safari/537.36"
163.215.6.1 - - [01/Dec/2021:01:45:50 +0000] "GET /wp-includes/js/dist/date.min.js?ver=061439ac4325ef057b8f9c142c82a823 HTTP/2.0" 200 41205 "https://ja.tak-cslab.org/wp-admin/" "Mozilla/5.0 (Macintosh; Intel Mac OS X 10_15_7) AppleWebKit/537.36 (KHTML, like Gecko) Chrome/96.0.4664.55 Safari/537.36"
163.215.6.1 - - [01/Dec/2021:01:45:50 +0000] "GET /wp-includes/js/wp-lists.min.js?ver=5.8.2 HTTP/2.0" 200 2768 "https://ja.tak-cslab.org/wp-admin/" "Mozilla/5.0 (Macintosh; Intel Mac OS X 10_15_7) AppleWebKit/537.36 (KHTML, like Gecko) Chrome/96.0.4664.55 Safari/537.36"
163.215.6.1 - - [01/Dec/2021:01:45:50 +0000] "GET /wp-includes/js/wp-ajax-response.min.js?ver=5.8.2 HTTP/2.0" 200 1010 "https://ja.tak-cslab.org/wp-admin/" "Mozilla/5.0 (Macintosh; Intel Mac OS X 10_15_7) AppleWebKit/537.36 (KHTML, like Gecko) Chrome/96.0.4664.55 Safari/537.36"
163.215.6.1 - - [01/Dec/2021:01:45:50 +0000] "GET /wp-content/plugins/wp-statistics/assets/js/jqvmap/jquery.vmap.min.js?ver=1.5.1 HTTP/2.0" 200 7214 "https://ja.tak-cslab.org/wp-admin/" "Mozilla/5.0 (Macintosh; Intel Mac OS X 10_15_7) AppleWebKit/537.36 (KHTML, like Gecko) Chrome/96.0.4664.55 Safari/537.36"
163.215.6.1 - - [01/Dec/2021:01:45:50 +0000] "GET /wp-includes/js/wp-auth-check.min.js?ver=5.8.2 HTTP/2.0" 200 793 "https://ja.tak-cslab.org/wp-admin/" "Mozilla/5.0 (Macintosh; Intel Mac OS X 10_15_7) AppleWebKit/537.36 (KHTML, like Gecko) Chrome/96.0.4664.55 Safari/537.36"
163.215.6.1 - - [01/Dec/2021:01:45:50 +0000] "GET /wp-includes/js/dist/dom-ready.min.js?ver=71883072590656bf22c74c7b887df3dd HTTP/2.0" 200 620 "https://ja.tak-cslab.org/wp-admin/" "Mozilla/5.0 (Macintosh; Intel Mac OS X 10_15_7) AppleWebKit/537.36 (KHTML, like Gecko) Chrome/96.0.4664.55 Safari/537.36"
163.215.6.1 - - [01/Dec/2021:01:45:50 +0000] "GET /wp-admin/js/postbox.min.js?ver=5.8.2 HTTP/2.0" 200 2477 "https://ja.tak-cslab.org/wp-admin/" "Mozilla/5.0 (Macintosh; Intel Mac OS X 10_15_7) AppleWebKit/537.36 (KHTML, like Gecko) Chrome/96.0.4664.55 Safari/537.36"
163.215.6.1 - - [01/Dec/2021:01:45:50 +0000] "GET /wp-includes/js/admin-bar.min.js?ver=5.8.2 HTTP/2.0" 200 1461 "https://ja.tak-cslab.org/wp-admin/" "Mozilla/5.0 (Macintosh; Intel Mac OS X 10_15_7) AppleWebKit/537.36 (KHTML, like Gecko) Chrome/96.0.4664.55 Safari/537.36"
163.215.6.1 - - [01/Dec/2021:01:45:50 +0000] "GET /wp-includes/js/jquery/jquery.query.js?ver=2.1.7 HTTP/2.0" 200 1751 "https://ja.tak-cslab.org/wp-admin/" "Mozilla/5.0 (Macintosh; Intel Mac OS X 10_15_7) AppleWebKit/537.36 (KHTML, like Gecko) Chrome/96.0.4664.55 Safari/537.36"
163.215.6.1 - - [01/Dec/2021:01:45:50 +0000] "GET /wp-includes/js/dist/a11y.min.js?ver=0ac8327cc1c40dcfdf29716affd7ac63 HTTP/2.0" 200 1207 "https://ja.tak-cslab.org/wp-admin/" "Mozilla/5.0 (Macintosh; Intel Mac OS X 10_15_7) AppleWebKit/537.36 (KHTML, like Gecko) Chrome/96.0.4664.55 Safari/537.36"
163.215.6.1 - - [01/Dec/2021:01:45:50 +0000] "GET /wp-admin/js/dashboard.min.js?ver=5.8.2 HTTP/2.0" 200 3313 "https://ja.tak-cslab.org/wp-admin/" "Mozilla/5.0 (Macintosh; Intel Mac OS X 10_15_7) AppleWebKit/537.36 (KHTML, like Gecko) Chrome/96.0.4664.55 Safari/537.36"
163.215.6.1 - - [01/Dec/2021:01:45:50 +0000] "GET /wp-includes/js/quicktags.min.js?ver=5.8.2 HTTP/2.0" 200 3877 "https://ja.tak-cslab.org/wp-admin/" "Mozilla/5.0 (Macintosh; Intel Mac OS X 10_15_7) AppleWebKit/537.36 (KHTML, like Gecko) Chrome/96.0.4664.55 Safari/537.36"
163.215.6.1 - - [01/Dec/2021:01:45:51 +0000] "GET /wp-includes/js/heartbeat.min.js?ver=5.8.2 HTTP/2.0" 200 2189 "https://ja.tak-cslab.org/wp-admin/" "Mozilla/5.0 (Macintosh; Intel Mac OS X 10_15_7) AppleWebKit/537.36 (KHTML, like Gecko) Chrome/96.0.4664.55 Safari/537.36"
163.215.6.1 - - [01/Dec/2021:01:45:51 +0000] "GET /wp-admin/js/svg-painter.js?ver=5.8.2 HTTP/2.0" 200 2290 "https://ja.tak-cslab.org/wp-admin/" "Mozilla/5.0 (Macintosh; Intel Mac OS X 10_15_7) AppleWebKit/537.36 (KHTML, like Gecko) Chrome/96.0.4664.55 Safari/537.36"
163.215.6.1 - - [01/Dec/2021:01:45:51 +0000] "GET /wp-admin/js/media-upload.min.js?ver=5.8.2 HTTP/2.0" 200 629 "https://ja.tak-cslab.org/wp-admin/" "Mozilla/5.0 (Macintosh; Intel Mac OS X 10_15_7) AppleWebKit/537.36 (KHTML, like Gecko) Chrome/96.0.4664.55 Safari/537.36"
163.215.6.1 - - [01/Dec/2021:01:45:51 +0000] "GET /wp-includes/js/shortcode.min.js?ver=5.8.2 HTTP/2.0" 200 1200 "https://ja.tak-cslab.org/wp-admin/" "Mozilla/5.0 (Macintosh; Intel Mac OS X 10_15_7) AppleWebKit/537.36 (KHTML, like Gecko) Chrome/96.0.4664.55 Safari/537.36"
163.215.6.1 - - [01/Dec/2021:01:45:51 +0000] "GET /wp-includes/js/jquery/ui/mouse.min.js?ver=1.12.1 HTTP/2.0" 200 1189 "https://ja.tak-cslab.org/wp-admin/" "Mozilla/5.0 (Macintosh; Intel Mac OS X 10_15_7) AppleWebKit/537.36 (KHTML, like Gecko) Chrome/96.0.4664.55 Safari/537.36"
163.215.6.1 - - [01/Dec/2021:01:45:51 +0000] "GET /wp-includes/js/thickbox/thickbox.js?ver=3.1-20121105 HTTP/2.0" 200 4488 "https://ja.tak-cslab.org/wp-admin/" "Mozilla/5.0 (Macintosh; Intel Mac OS X 10_15_7) AppleWebKit/537.36 (KHTML, like Gecko) Chrome/96.0.4664.55 Safari/537.36"
163.215.6.1 - - [01/Dec/2021:01:45:51 +0000] "GET /wp-includes/js/jquery/ui/sortable.min.js?ver=1.12.1 HTTP/2.0" 200 7661 "https://ja.tak-cslab.org/wp-admin/" "Mozilla/5.0 (Macintosh; Intel Mac OS X 10_15_7) AppleWebKit/537.36 (KHTML, like Gecko) Chrome/96.0.4664.55 Safari/537.36"
163.215.6.1 - - [01/Dec/2021:01:45:51 +0000] "GET /wp-includes/js/jquery/ui/core.min.js?ver=1.12.1 HTTP/2.0" 200 7680 "https://ja.tak-cslab.org/wp-admin/" "Mozilla/5.0 (Macintosh; Intel Mac OS X 10_15_7) AppleWebKit/537.36 (KHTML, like Gecko) Chrome/96.0.4664.55 Safari/537.36"
163.215.6.1 - - [01/Dec/2021:01:45:51 +0000] "GET /wp-admin/js/edit-comments.min.js?ver=5.8.2 HTTP/2.0" 200 5780 "https://ja.tak-cslab.org/wp-admin/" "Mozilla/5.0 (Macintosh; Intel Mac OS X 10_15_7) AppleWebKit/537.36 (KHTML, like Gecko) Chrome/96.0.4664.55 Safari/537.36"
163.215.6.1 - - [01/Dec/2021:01:45:51 +0000] "GET /wp-includes/js/thickbox/loadingAnimation.gif HTTP/2.0" 200 15238 "https://ja.tak-cslab.org/wp-admin/" "Mozilla/5.0 (Macintosh; Intel Mac OS X 10_15_7) AppleWebKit/537.36 (KHTML, like Gecko) Chrome/96.0.4664.55 Safari/537.36"
163.215.6.1 - - [01/Dec/2021:01:45:51 +0000] "GET /wp-admin/admin-ajax.php?action=dashboard-widgets&widget=dashboard_primary&pagenow=dashboard HTTP/2.0" 200 120 "https://ja.tak-cslab.org/wp-admin/" "Mozilla/5.0 (Macintosh; Intel Mac OS X 10_15_7) AppleWebKit/537.36 (KHTML, like Gecko) Chrome/96.0.4664.55 Safari/537.36"
163.215.6.1 - - [01/Dec/2021:01:45:51 +0000] "POST /wp-admin/admin-ajax.php HTTP/2.0" 200 722 "https://ja.tak-cslab.org/wp-admin/" "Mozilla/5.0 (Macintosh; Intel Mac OS X 10_15_7) AppleWebKit/537.36 (KHTML, like Gecko) Chrome/96.0.4664.55 Safari/537.36"
202.254.165.130 - - [01/Dec/2021:01:46:13 +0000] "GET /wp-content/uploads/2021/04/CDSL-System-Architecture7.png HTTP/2.0" 200 89237 "https://www.google.com/" "Mozilla/5.0 (Windows NT 6.3; Win64; x64) AppleWebKit/537.36 (KHTML, like Gecko) Chrome/96.0.4664.45 Safari/537.36"
202.254.165.130 - - [01/Dec/2021:01:46:18 +0000] "GET /archives/1064 HTTP/2.0" 200 8921 "https://www.google.com/" "Mozilla/5.0 (Windows NT 6.3; Win64; x64) AppleWebKit/537.36 (KHTML, like Gecko) Chrome/96.0.4664.45 Safari/537.36"
202.254.165.130 - - [01/Dec/2021:01:46:18 +0000] "GET /wp-content/themes/scaffold/style.css?ver=5.8.2 HTTP/2.0" 200 5846 "https://ja.tak-cslab.org/archives/1064" "Mozilla/5.0 (Windows NT 6.3; Win64; x64) AppleWebKit/537.36 (KHTML, like Gecko) Chrome/96.0.4664.45 Safari/537.36"
202.254.165.130 - - [01/Dec/2021:01:46:18 +0000] "GET /wp-includes/css/dist/block-library/style.min.css?ver=5.8.2 HTTP/2.0" 200 13704 "https://ja.tak-cslab.org/archives/1064" "Mozilla/5.0 (Windows NT 6.3; Win64; x64) AppleWebKit/537.36 (KHTML, like Gecko) Chrome/96.0.4664.45 Safari/537.36"
202.254.165.130 - - [01/Dec/2021:01:46:18 +0000] "GET /wp-content/themes/cdsl/style.css?ver=1.3.1 HTTP/2.0" 200 272 "https://ja.tak-cslab.org/archives/1064" "Mozilla/5.0 (Windows NT 6.3; Win64; x64) AppleWebKit/537.36 (KHTML, like Gecko) Chrome/96.0.4664.45 Safari/537.36"
202.254.165.130 - - [01/Dec/2021:01:46:18 +0000] "GET /wp-content/themes/scaffold/assets/js/navigation.js?ver=1.3.1 HTTP/2.0" 200 1266 "https://ja.tak-cslab.org/archives/1064" "Mozilla/5.0 (Windows NT 6.3; Win64; x64) AppleWebKit/537.36 (KHTML, like Gecko) Chrome/96.0.4664.45 Safari/537.36"
202.254.165.130 - - [01/Dec/2021:01:46:18 +0000] "GET /wp-includes/js/comment-reply.min.js?ver=5.8.2 HTTP/2.0" 200 1390 "https://ja.tak-cslab.org/archives/1064" "Mozilla/5.0 (Windows NT 6.3; Win64; x64) AppleWebKit/537.36 (KHTML, like Gecko) Chrome/96.0.4664.45 Safari/537.36"
202.254.165.130 - - [01/Dec/2021:01:46:18 +0000] "GET /wp-includes/js/wp-embed.min.js?ver=5.8.2 HTTP/2.0" 200 779 "https://ja.tak-cslab.org/archives/1064" "Mozilla/5.0 (Windows NT 6.3; Win64; x64) AppleWebKit/537.36 (KHTML, like Gecko) Chrome/96.0.4664.45 Safari/537.36"
202.254.165.130 - - [01/Dec/2021:01:46:18 +0000] "GET /wp-includes/js/wp-emoji-release.min.js?ver=5.8.2 HTTP/2.0" 200 5714 "https://ja.tak-cslab.org/archives/1064" "Mozilla/5.0 (Windows NT 6.3; Win64; x64) AppleWebKit/537.36 (KHTML, like Gecko) Chrome/96.0.4664.45 Safari/537.36"
202.254.165.130 - - [01/Dec/2021:01:46:18 +0000] "GET /wp-content/plugins/native-lazyload/assets/images/placeholder.svg HTTP/2.0" 200 88 "https://ja.tak-cslab.org/archives/1064" "Mozilla/5.0 (Windows NT 6.3; Win64; x64) AppleWebKit/537.36 (KHTML, like Gecko) Chrome/96.0.4664.45 Safari/537.36"
202.254.165.130 - - [01/Dec/2021:01:46:18 +0000] "GET /wp-content/uploads/2021/04/CDSL-System-Architecture2.png HTTP/2.0" 200 59389 "https://ja.tak-cslab.org/archives/1064" "Mozilla/5.0 (Windows NT 6.3; Win64; x64) AppleWebKit/537.36 (KHTML, like Gecko) Chrome/96.0.4664.45 Safari/537.36"
202.254.165.130 - - [01/Dec/2021:01:46:18 +0000] "GET /wp-content/uploads/2021/04/CDSL-System-Architecture1.png HTTP/2.0" 200 89919 "https://ja.tak-cslab.org/archives/1064" "Mozilla/5.0 (Windows NT 6.3; Win64; x64) AppleWebKit/537.36 (KHTML, like Gecko) Chrome/96.0.4664.45 Safari/537.36"
202.254.165.130 - - [01/Dec/2021:01:46:19 +0000] "GET /favicon.ico HTTP/2.0" 302 0 "https://ja.tak-cslab.org/archives/1064" "Mozilla/5.0 (Windows NT 6.3; Win64; x64) AppleWebKit/537.36 (KHTML, like Gecko) Chrome/96.0.4664.45 Safari/537.36"
202.254.165.130 - - [01/Dec/2021:01:46:19 +0000] "GET /wp-includes/images/w-logo-blue-white-bg.png HTTP/2.0" 200 4119 "https://ja.tak-cslab.org/archives/1064" "Mozilla/5.0 (Windows NT 6.3; Win64; x64) AppleWebKit/537.36 (KHTML, like Gecko) Chrome/96.0.4664.45 Safari/537.36"
202.254.165.130 - - [01/Dec/2021:01:46:20 +0000] "GET /wp-content/uploads/2021/04/CDSL-System-Architecture3.png HTTP/2.0" 200 70474 "https://ja.tak-cslab.org/archives/1064" "Mozilla/5.0 (Windows NT 6.3; Win64; x64) AppleWebKit/537.36 (KHTML, like Gecko) Chrome/96.0.4664.45 Safari/537.36"
202.254.165.130 - - [01/Dec/2021:01:46:24 +0000] "GET /wp-content/uploads/2021/04/CDSL-System-Architecture1-1.png HTTP/2.0" 200 89919 "https://ja.tak-cslab.org/archives/1064" "Mozilla/5.0 (Windows NT 6.3; Win64; x64) AppleWebKit/537.36 (KHTML, like Gecko) Chrome/96.0.4664.45 Safari/537.36"
202.254.165.130 - - [01/Dec/2021:01:46:28 +0000] "GET /wp-content/uploads/2021/04/CDSL-System-Architecture4.png HTTP/2.0" 200 57036 "https://ja.tak-cslab.org/archives/1064" "Mozilla/5.0 (Windows NT 6.3; Win64; x64) AppleWebKit/537.36 (KHTML, like Gecko) Chrome/96.0.4664.45 Safari/537.36"
202.254.165.130 - - [01/Dec/2021:01:46:30 +0000] "GET /wp-content/uploads/2020/01/elk-arch.png HTTP/2.0" 200 70256 "https://ja.tak-cslab.org/archives/1064" "Mozilla/5.0 (Windows NT 6.3; Win64; x64) AppleWebKit/537.36 (KHTML, like Gecko) Chrome/96.0.4664.45 Safari/537.36"
202.254.165.130 - - [01/Dec/2021:01:46:31 +0000] "GET /wp-content/uploads/2021/04/CDSL-System-Architecture6.png HTTP/2.0" 200 70835 "https://ja.tak-cslab.org/archives/1064" "Mozilla/5.0 (Windows NT 6.3; Win64; x64) AppleWebKit/537.36 (KHTML, like Gecko) Chrome/96.0.4664.45 Safari/537.36"
34.206.38.217 - - [01/Dec/2021:01:46:34 +0000] "GET /feed HTTP/1.1" 200 55868 "-" "Automate.io BOT"
202.254.165.130 - - [01/Dec/2021:01:46:34 +0000] "GET /wp-content/uploads/2021/04/CDSL-System-Architecture7.png HTTP/2.0" 200 89237 "https://ja.tak-cslab.org/archives/1064" "Mozilla/5.0 (Windows NT 6.3; Win64; x64) AppleWebKit/537.36 (KHTML, like Gecko) Chrome/96.0.4664.45 Safari/537.36"
202.254.165.130 - - [01/Dec/2021:01:46:37 +0000] "GET /wp-content/uploads/2021/04/CDSL-System-Architecture8.png HTTP/2.0" 200 147410 "https://ja.tak-cslab.org/archives/1064" "Mozilla/5.0 (Windows NT 6.3; Win64; x64) AppleWebKit/537.36 (KHTML, like Gecko) Chrome/96.0.4664.45 Safari/537.36"
163.215.6.1 - - [01/Dec/2021:01:46:51 +0000] "POST /wp-admin/admin-ajax.php HTTP/2.0" 200 67 "https://ja.tak-cslab.org/wp-admin/" "Mozilla/5.0 (Macintosh; Intel Mac OS X 10_15_7) AppleWebKit/537.36 (KHTML, like Gecko) Chrome/96.0.4664.55 Safari/537.36"
163.215.6.1 - - [01/Dec/2021:01:47:22 +0000] "GET /wp-admin/edit.php HTTP/2.0" 200 23971 "https://ja.tak-cslab.org/wp-admin/" "Mozilla/5.0 (Macintosh; Intel Mac OS X 10_15_7) AppleWebKit/537.36 (KHTML, like Gecko) Chrome/96.0.4664.55 Safari/537.36"
163.215.6.1 - - [01/Dec/2021:01:47:23 +0000] "GET /wp-includes/js/jquery/ui/menu.min.js?ver=1.12.1 HTTP/2.0" 200 3301 "https://ja.tak-cslab.org/wp-admin/edit.php" "Mozilla/5.0 (Macintosh; Intel Mac OS X 10_15_7) AppleWebKit/537.36 (KHTML, like Gecko) Chrome/96.0.4664.55 Safari/537.36"
