216.245.221.83 - - [08/Dec/2021:02:29:26 +0000] "HEAD / HTTP/1.1" 301 0 "http://ja.tak-cslab.org/" "Mozilla/5.0+(compatible; UptimeRobot/2.0; http://www.uptimerobot.com/)"
216.245.221.83 - - [08/Dec/2021:02:29:26 +0000] "HEAD / HTTP/1.1" 200 0 "http://ja.tak-cslab.org/" "Mozilla/5.0+(compatible; UptimeRobot/2.0; http://www.uptimerobot.com/)"
219.121.148.66 - - [08/Dec/2021:02:29:32 +0000] "GET /wp-content/uploads/2020/06/cdsl-storage.png HTTP/2.0" 200 41898 "https://www.bing.com/images/search?q=%e3%83%9d%e3%83%b3%e3%83%81%e7%b5%b5+%e6%9b%b8%e3%81%8d%e6%96%b9&qpvt=%e3%83%9d%e3%83%b3%e3%83%81%e7%b5%b5+%e6%9b%b8%e3%81%8d%e6%96%b9&tsc=ImageHoverTitle&form=IQFRML&first=1" "Mozilla/5.0 (Windows NT 10.0; WOW64; Trident/7.0; rv:11.0) like Gecko"
219.121.148.66 - - [08/Dec/2021:02:29:32 +0000] "GET /wp-content/uploads/2020/01/elk-arch.png HTTP/2.0" 200 70256 "https://www.bing.com/images/search?q=%e3%83%9d%e3%83%b3%e3%83%81%e7%b5%b5+%e6%9b%b8%e3%81%8d%e6%96%b9&qpvt=%e3%83%9d%e3%83%b3%e3%83%81%e7%b5%b5+%e6%9b%b8%e3%81%8d%e6%96%b9&tsc=ImageHoverTitle&form=IQFRML&first=1" "Mozilla/5.0 (Windows NT 10.0; WOW64; Trident/7.0; rv:11.0) like Gecko"
219.121.148.66 - - [08/Dec/2021:02:29:32 +0000] "GET /wp-content/uploads/2021/04/CDSL-System-Architecture1-768x432.png HTTP/2.0" 200 104908 "https://www.bing.com/images/search?q=%e3%83%9d%e3%83%b3%e3%83%81%e7%b5%b5+%e6%9b%b8%e3%81%8d%e6%96%b9&qpvt=%e3%83%9d%e3%83%b3%e3%83%81%e7%b5%b5+%e6%9b%b8%e3%81%8d%e6%96%b9&tsc=ImageHoverTitle&form=IQFRML&first=1" "Mozilla/5.0 (Windows NT 10.0; WOW64; Trident/7.0; rv:11.0) like Gecko"
106.167.21.181 - - [08/Dec/2021:02:29:33 +0000] "GET /favicon.ico HTTP/2.0" 302 0 "-" "com.tinyspeck.chatlyio/21.11.20 (iPhone; iOS 14.8.1; Scale/3.00)"
106.167.21.181 - - [08/Dec/2021:02:29:33 +0000] "GET /wp-includes/images/w-logo-blue-white-bg.png HTTP/2.0" 200 4119 "-" "com.tinyspeck.chatlyio/21.11.20 (iPhone; iOS 14.8.1; Scale/3.00)"
219.121.148.66 - - [08/Dec/2021:02:30:21 +0000] "GET /wp-content/uploads/2021/04/CDSL-System-Architecture6.png HTTP/2.0" 200 70835 "https://www.bing.com/images/search?q=%e3%83%9d%e3%83%b3%e3%83%81%e7%b5%b5+%e6%9b%b8%e3%81%8d%e6%96%b9&qpvt=%e3%83%9d%e3%83%b3%e3%83%81%e7%b5%b5+%e6%9b%b8%e3%81%8d%e6%96%b9&tsc=ImageHoverTitle&form=IQFRML&first=1" "Mozilla/5.0 (Windows NT 10.0; WOW64; Trident/7.0; rv:11.0) like Gecko"
219.121.148.66 - - [08/Dec/2021:02:30:21 +0000] "GET /wp-content/uploads/2021/04/CDSL-System-Architecture7.png HTTP/2.0" 200 89237 "https://www.bing.com/images/search?q=%e3%83%9d%e3%83%b3%e3%83%81%e7%b5%b5+%e6%9b%b8%e3%81%8d%e6%96%b9&qpvt=%e3%83%9d%e3%83%b3%e3%83%81%e7%b5%b5+%e6%9b%b8%e3%81%8d%e6%96%b9&tsc=ImageHoverTitle&form=IQFRML&first=1" "Mozilla/5.0 (Windows NT 10.0; WOW64; Trident/7.0; rv:11.0) like Gecko"
219.121.148.66 - - [08/Dec/2021:02:30:21 +0000] "GET /wp-content/uploads/2021/04/CDSL-System-Architecture8-768x432.png HTTP/2.0" 200 172106 "https://www.bing.com/images/search?q=%e3%83%9d%e3%83%b3%e3%83%81%e7%b5%b5+%e6%9b%b8%e3%81%8d%e6%96%b9&qpvt=%e3%83%9d%e3%83%b3%e3%83%81%e7%b5%b5+%e6%9b%b8%e3%81%8d%e6%96%b9&tsc=ImageHoverTitle&form=IQFRML&first=1" "Mozilla/5.0 (Windows NT 10.0; WOW64; Trident/7.0; rv:11.0) like Gecko"
219.121.148.66 - - [08/Dec/2021:02:30:21 +0000] "GET /wp-content/uploads/2021/04/CDSL-System-Architecture4-600x338.png HTTP/2.0" 200 63592 "https://www.bing.com/images/search?q=%e3%83%9d%e3%83%b3%e3%83%81%e7%b5%b5+%e6%9b%b8%e3%81%8d%e6%96%b9&qpvt=%e3%83%9d%e3%83%b3%e3%83%81%e7%b5%b5+%e6%9b%b8%e3%81%8d%e6%96%b9&tsc=ImageHoverTitle&form=IQFRML&first=1" "Mozilla/5.0 (Windows NT 10.0; WOW64; Trident/7.0; rv:11.0) like Gecko"
219.121.148.66 - - [08/Dec/2021:02:30:44 +0000] "GET /wp-content/uploads/2021/04/CDSL-System-Architecture2-600x338.png HTTP/2.0" 200 61436 "https://www.bing.com/images/search?q=%e3%83%9d%e3%83%b3%e3%83%81%e7%b5%b5+%e6%9b%b8%e3%81%8d%e6%96%b9&qpvt=%e3%83%9d%e3%83%b3%e3%83%81%e7%b5%b5+%e6%9b%b8%e3%81%8d%e6%96%b9&tsc=ImageHoverTitle&form=IQFRML&first=1" "Mozilla/5.0 (Windows NT 10.0; WOW64; Trident/7.0; rv:11.0) like Gecko"
3.86.55.66 - - [08/Dec/2021:02:33:39 +0000] "HEAD /feed HTTP/2.0" 200 0 "-" "Slackbot 1.0 (+https://api.slack.com/robots)"
44.200.61.40 - - [08/Dec/2021:02:33:40 +0000] "GET /feed HTTP/1.1" 200 54716 "-" "Slackbot 1.0 (+https://api.slack.com/robots)"
54.159.214.182 - - [08/Dec/2021:02:33:41 +0000] "GET / HTTP/1.1" 200 6223 "-" "Slackbot 1.0 (+https://api.slack.com/robots)"
34.206.38.217 - - [08/Dec/2021:02:34:09 +0000] "GET /feed HTTP/1.1" 200 54716 "-" "Automate.io BOT"
216.245.221.83 - - [08/Dec/2021:02:34:26 +0000] "HEAD / HTTP/1.1" 301 0 "http://ja.tak-cslab.org/" "Mozilla/5.0+(compatible; UptimeRobot/2.0; http://www.uptimerobot.com/)"
216.245.221.83 - - [08/Dec/2021:02:34:26 +0000] "HEAD / HTTP/1.1" 200 0 "http://ja.tak-cslab.org/" "Mozilla/5.0+(compatible; UptimeRobot/2.0; http://www.uptimerobot.com/)"
34.206.38.217 - - [08/Dec/2021:02:39:08 +0000] "GET /feed HTTP/1.1" 200 54716 "-" "Automate.io BOT"
216.245.221.83 - - [08/Dec/2021:02:39:26 +0000] "HEAD / HTTP/1.1" 301 0 "http://ja.tak-cslab.org/" "Mozilla/5.0+(compatible; UptimeRobot/2.0; http://www.uptimerobot.com/)"
216.245.221.83 - - [08/Dec/2021:02:39:26 +0000] "HEAD / HTTP/1.1" 200 0 "http://ja.tak-cslab.org/" "Mozilla/5.0+(compatible; UptimeRobot/2.0; http://www.uptimerobot.com/)"
34.206.38.217 - - [08/Dec/2021:02:44:07 +0000] "GET /feed HTTP/1.1" 200 54716 "-" "Automate.io BOT"
216.245.221.83 - - [08/Dec/2021:02:44:26 +0000] "HEAD / HTTP/1.1" 301 0 "http://ja.tak-cslab.org/" "Mozilla/5.0+(compatible; UptimeRobot/2.0; http://www.uptimerobot.com/)"
216.245.221.83 - - [08/Dec/2021:02:44:26 +0000] "HEAD / HTTP/1.1" 200 0 "http://ja.tak-cslab.org/" "Mozilla/5.0+(compatible; UptimeRobot/2.0; http://www.uptimerobot.com/)"
199.249.230.174 - - [08/Dec/2021:02:44:49 +0000] "POST /xmlrpc.php HTTP/1.0" 301 162 "-" "Mozilla/5.0 (Windows NT 6.1) AppleWebKit/537.43 (KHTML, like Gecko) Chrome/89.0.4389.128 Safari/537.36 OPR/75.0.3969.218"
199.249.230.174 - - [08/Dec/2021:02:44:51 +0000] "POST /xmlrpc.php HTTP/1.0" 200 403 "-" "Mozilla/5.0 (Windows NT 6.1) AppleWebKit/537.43 (KHTML, like Gecko) Chrome/89.0.4389.128 Safari/537.36 OPR/75.0.3969.218"
34.206.38.217 - - [08/Dec/2021:02:49:07 +0000] "GET /feed HTTP/1.1" 200 54709 "-" "Automate.io BOT"
216.245.221.83 - - [08/Dec/2021:02:49:26 +0000] "HEAD / HTTP/1.1" 301 0 "http://ja.tak-cslab.org/" "Mozilla/5.0+(compatible; UptimeRobot/2.0; http://www.uptimerobot.com/)"
216.245.221.83 - - [08/Dec/2021:02:49:26 +0000] "HEAD / HTTP/1.1" 200 0 "http://ja.tak-cslab.org/" "Mozilla/5.0+(compatible; UptimeRobot/2.0; http://www.uptimerobot.com/)"
106.72.193.64 - - [08/Dec/2021:02:52:51 +0000] "GET /archives/1682 HTTP/2.0" 200 7126 "https://jp.inoreader.com/" "Mozilla/5.0 (Windows NT 10.0; Win64; x64) AppleWebKit/537.36 (KHTML, like Gecko) Chrome/96.0.4664.45 Safari/537.36"
106.72.193.64 - - [08/Dec/2021:02:52:51 +0000] "GET /wp-content/themes/cdsl/style.css?ver=1.3.1 HTTP/2.0" 200 272 "https://ja.tak-cslab.org/archives/1682" "Mozilla/5.0 (Windows NT 10.0; Win64; x64) AppleWebKit/537.36 (KHTML, like Gecko) Chrome/96.0.4664.45 Safari/537.36"
106.72.193.64 - - [08/Dec/2021:02:52:51 +0000] "GET /wp-content/themes/scaffold/style.css?ver=5.8.2 HTTP/2.0" 200 5846 "https://ja.tak-cslab.org/archives/1682" "Mozilla/5.0 (Windows NT 10.0; Win64; x64) AppleWebKit/537.36 (KHTML, like Gecko) Chrome/96.0.4664.45 Safari/537.36"
106.72.193.64 - - [08/Dec/2021:02:52:51 +0000] "GET /wp-includes/css/dist/block-library/style.min.css?ver=5.8.2 HTTP/2.0" 200 13704 "https://ja.tak-cslab.org/archives/1682" "Mozilla/5.0 (Windows NT 10.0; Win64; x64) AppleWebKit/537.36 (KHTML, like Gecko) Chrome/96.0.4664.45 Safari/537.36"
106.72.193.64 - - [08/Dec/2021:02:52:51 +0000] "GET /wp-content/themes/scaffold/assets/js/navigation.js?ver=1.3.1 HTTP/2.0" 200 1266 "https://ja.tak-cslab.org/archives/1682" "Mozilla/5.0 (Windows NT 10.0; Win64; x64) AppleWebKit/537.36 (KHTML, like Gecko) Chrome/96.0.4664.45 Safari/537.36"
106.72.193.64 - - [08/Dec/2021:02:52:51 +0000] "GET /wp-includes/js/comment-reply.min.js?ver=5.8.2 HTTP/2.0" 200 1390 "https://ja.tak-cslab.org/archives/1682" "Mozilla/5.0 (Windows NT 10.0; Win64; x64) AppleWebKit/537.36 (KHTML, like Gecko) Chrome/96.0.4664.45 Safari/537.36"
106.72.193.64 - - [08/Dec/2021:02:52:51 +0000] "GET /wp-includes/js/wp-embed.min.js?ver=5.8.2 HTTP/2.0" 200 779 "https://ja.tak-cslab.org/archives/1682" "Mozilla/5.0 (Windows NT 10.0; Win64; x64) AppleWebKit/537.36 (KHTML, like Gecko) Chrome/96.0.4664.45 Safari/537.36"
106.72.193.64 - - [08/Dec/2021:02:52:51 +0000] "GET /wp-content/plugins/native-lazyload/assets/images/placeholder.svg HTTP/2.0" 200 88 "https://ja.tak-cslab.org/archives/1682" "Mozilla/5.0 (Windows NT 10.0; Win64; x64) AppleWebKit/537.36 (KHTML, like Gecko) Chrome/96.0.4664.45 Safari/537.36"
106.72.193.64 - - [08/Dec/2021:02:52:51 +0000] "GET /wp-includes/js/wp-emoji-release.min.js?ver=5.8.2 HTTP/2.0" 200 5714 "https://ja.tak-cslab.org/archives/1682" "Mozilla/5.0 (Windows NT 10.0; Win64; x64) AppleWebKit/537.36 (KHTML, like Gecko) Chrome/96.0.4664.45 Safari/537.36"
106.72.193.64 - - [08/Dec/2021:02:52:51 +0000] "GET /wp-content/uploads/2021/12/IMG_3285-1-768x511.jpg HTTP/2.0" 200 70454 "https://ja.tak-cslab.org/archives/1682" "Mozilla/5.0 (Windows NT 10.0; Win64; x64) AppleWebKit/537.36 (KHTML, like Gecko) Chrome/96.0.4664.45 Safari/537.36"
106.72.193.64 - - [08/Dec/2021:02:52:52 +0000] "GET /favicon.ico HTTP/2.0" 302 0 "https://ja.tak-cslab.org/archives/1682" "Mozilla/5.0 (Windows NT 10.0; Win64; x64) AppleWebKit/537.36 (KHTML, like Gecko) Chrome/96.0.4664.45 Safari/537.36"
106.72.193.64 - - [08/Dec/2021:02:52:52 +0000] "GET /wp-includes/images/w-logo-blue-white-bg.png HTTP/2.0" 200 4119 "https://ja.tak-cslab.org/archives/1682" "Mozilla/5.0 (Windows NT 10.0; Win64; x64) AppleWebKit/537.36 (KHTML, like Gecko) Chrome/96.0.4664.45 Safari/537.36"
106.72.193.64 - - [08/Dec/2021:02:52:52 +0000] "GET /favicon.ico HTTP/2.0" 302 0 "https://workona.com/" "Mozilla/5.0 (Windows NT 10.0; Win64; x64) AppleWebKit/537.36 (KHTML, like Gecko) Chrome/96.0.4664.45 Safari/537.36"
106.72.193.64 - - [08/Dec/2021:02:52:52 +0000] "GET /wp-includes/images/w-logo-blue-white-bg.png HTTP/2.0" 200 4119 "https://workona.com/" "Mozilla/5.0 (Windows NT 10.0; Win64; x64) AppleWebKit/537.36 (KHTML, like Gecko) Chrome/96.0.4664.45 Safari/537.36"
54.209.170.15 - - [08/Dec/2021:02:53:43 +0000] "HEAD /feed HTTP/2.0" 200 0 "-" "Slackbot 1.0 (+https://api.slack.com/robots)"
34.229.63.254 - - [08/Dec/2021:02:53:44 +0000] "GET /feed HTTP/1.1" 200 54716 "-" "Slackbot 1.0 (+https://api.slack.com/robots)"
54.210.236.2 - - [08/Dec/2021:02:53:45 +0000] "GET / HTTP/1.1" 200 6223 "-" "Slackbot 1.0 (+https://api.slack.com/robots)"
34.206.38.217 - - [08/Dec/2021:02:54:08 +0000] "GET /feed HTTP/1.1" 200 54716 "-" "Automate.io BOT"
216.245.221.83 - - [08/Dec/2021:02:54:26 +0000] "HEAD / HTTP/1.1" 301 0 "http://ja.tak-cslab.org/" "Mozilla/5.0+(compatible; UptimeRobot/2.0; http://www.uptimerobot.com/)"
216.245.221.83 - - [08/Dec/2021:02:54:26 +0000] "HEAD / HTTP/1.1" 200 0 "http://ja.tak-cslab.org/" "Mozilla/5.0+(compatible; UptimeRobot/2.0; http://www.uptimerobot.com/)"
40.77.167.53 - - [08/Dec/2021:02:55:24 +0000] "GET /archives/1064 HTTP/2.0" 200 8836 "-" "Mozilla/5.0 (compatible; bingbot/2.0; +http://www.bing.com/bingbot.htm)"
51.222.253.13 - - [08/Dec/2021:02:56:55 +0000] "GET /archives/1313 HTTP/2.0" 200 7014 "-" "Mozilla/5.0 (compatible; AhrefsBot/7.0; +http://ahrefs.com/robot/)"
216.245.221.83 - - [08/Dec/2021:02:59:26 +0000] "HEAD / HTTP/1.1" 301 0 "http://ja.tak-cslab.org/" "Mozilla/5.0+(compatible; UptimeRobot/2.0; http://www.uptimerobot.com/)"
216.245.221.83 - - [08/Dec/2021:02:59:26 +0000] "HEAD / HTTP/1.1" 200 0 "http://ja.tak-cslab.org/" "Mozilla/5.0+(compatible; UptimeRobot/2.0; http://www.uptimerobot.com/)"
163.215.6.1 - - [08/Dec/2021:03:00:59 +0000] "POST /wp-cron.php?doing_wp_cron=1638932459.2994449138641357421875 HTTP/1.1" 200 31 "https://ja.tak-cslab.org/wp-cron.php?doing_wp_cron=1638932459.2994449138641357421875" "WordPress/5.8.2; https://ja.tak-cslab.org"
207.46.13.85 - - [08/Dec/2021:03:00:59 +0000] "GET / HTTP/2.0" 200 6196 "-" "Mozilla/5.0 (compatible; bingbot/2.0; +http://www.bing.com/bingbot.htm)"
34.206.38.217 - - [08/Dec/2021:03:04:08 +0000] "GET /feed HTTP/1.1" 200 54716 "-" "Automate.io BOT"
216.245.221.83 - - [08/Dec/2021:03:04:26 +0000] "HEAD / HTTP/1.1" 301 0 "http://ja.tak-cslab.org/" "Mozilla/5.0+(compatible; UptimeRobot/2.0; http://www.uptimerobot.com/)"
216.245.221.83 - - [08/Dec/2021:03:04:26 +0000] "HEAD / HTTP/1.1" 200 0 "http://ja.tak-cslab.org/" "Mozilla/5.0+(compatible; UptimeRobot/2.0; http://www.uptimerobot.com/)"
220.110.141.179 - - [08/Dec/2021:03:06:41 +0000] "GET /archives/848 HTTP/2.0" 200 7801 "https://www.google.com/" "Mozilla/5.0 (Windows NT 10.0; Win64; x64) AppleWebKit/537.36 (KHTML, like Gecko) Chrome/96.0.4664.45 Safari/537.36"
220.110.141.179 - - [08/Dec/2021:03:06:41 +0000] "GET /wp-content/themes/cdsl/style.css?ver=1.3.1 HTTP/2.0" 200 272 "https://ja.tak-cslab.org/archives/848" "Mozilla/5.0 (Windows NT 10.0; Win64; x64) AppleWebKit/537.36 (KHTML, like Gecko) Chrome/96.0.4664.45 Safari/537.36"
220.110.141.179 - - [08/Dec/2021:03:06:41 +0000] "GET /wp-content/themes/scaffold/assets/js/navigation.js?ver=1.3.1 HTTP/2.0" 200 1266 "https://ja.tak-cslab.org/archives/848" "Mozilla/5.0 (Windows NT 10.0; Win64; x64) AppleWebKit/537.36 (KHTML, like Gecko) Chrome/96.0.4664.45 Safari/537.36"
220.110.141.179 - - [08/Dec/2021:03:06:41 +0000] "GET /wp-includes/js/comment-reply.min.js?ver=5.8.2 HTTP/2.0" 200 1390 "https://ja.tak-cslab.org/archives/848" "Mozilla/5.0 (Windows NT 10.0; Win64; x64) AppleWebKit/537.36 (KHTML, like Gecko) Chrome/96.0.4664.45 Safari/537.36"
220.110.141.179 - - [08/Dec/2021:03:06:41 +0000] "GET /wp-includes/js/wp-embed.min.js?ver=5.8.2 HTTP/2.0" 200 779 "https://ja.tak-cslab.org/archives/848" "Mozilla/5.0 (Windows NT 10.0; Win64; x64) AppleWebKit/537.36 (KHTML, like Gecko) Chrome/96.0.4664.45 Safari/537.36"
220.110.141.179 - - [08/Dec/2021:03:06:41 +0000] "GET /wp-includes/css/dist/block-library/style.min.css?ver=5.8.2 HTTP/2.0" 200 13704 "https://ja.tak-cslab.org/archives/848" "Mozilla/5.0 (Windows NT 10.0; Win64; x64) AppleWebKit/537.36 (KHTML, like Gecko) Chrome/96.0.4664.45 Safari/537.36"
220.110.141.179 - - [08/Dec/2021:03:06:41 +0000] "GET /wp-content/themes/scaffold/style.css?ver=5.8.2 HTTP/2.0" 200 5846 "https://ja.tak-cslab.org/archives/848" "Mozilla/5.0 (Windows NT 10.0; Win64; x64) AppleWebKit/537.36 (KHTML, like Gecko) Chrome/96.0.4664.45 Safari/537.36"
220.110.141.179 - - [08/Dec/2021:03:06:41 +0000] "GET /wp-includes/js/wp-emoji-release.min.js?ver=5.8.2 HTTP/2.0" 200 5714 "https://ja.tak-cslab.org/archives/848" "Mozilla/5.0 (Windows NT 10.0; Win64; x64) AppleWebKit/537.36 (KHTML, like Gecko) Chrome/96.0.4664.45 Safari/537.36"
220.110.141.179 - - [08/Dec/2021:03:06:41 +0000] "GET /wp-content/plugins/native-lazyload/assets/images/placeholder.svg HTTP/2.0" 200 88 "https://ja.tak-cslab.org/archives/848" "Mozilla/5.0 (Windows NT 10.0; Win64; x64) AppleWebKit/537.36 (KHTML, like Gecko) Chrome/96.0.4664.45 Safari/537.36"
220.110.141.179 - - [08/Dec/2021:03:06:41 +0000] "GET /wp-content/uploads/2020/12/Kubernetes-logo-1.png HTTP/2.0" 200 49082 "https://ja.tak-cslab.org/archives/848" "Mozilla/5.0 (Windows NT 10.0; Win64; x64) AppleWebKit/537.36 (KHTML, like Gecko) Chrome/96.0.4664.45 Safari/537.36"
220.110.141.179 - - [08/Dec/2021:03:06:41 +0000] "GET /wp-content/uploads/2020/12/%E3%82%AD%E3%83%A3%E3%83%97%E3%83%81%E3%83%A3-1024x504.png HTTP/2.0" 200 78330 "https://ja.tak-cslab.org/archives/848" "Mozilla/5.0 (Windows NT 10.0; Win64; x64) AppleWebKit/537.36 (KHTML, like Gecko) Chrome/96.0.4664.45 Safari/537.36"
220.110.141.179 - - [08/Dec/2021:03:06:41 +0000] "GET /wp-content/uploads/2020/12/Rancher_K3s2-1024x536.png HTTP/2.0" 200 79919 "https://ja.tak-cslab.org/archives/848" "Mozilla/5.0 (Windows NT 10.0; Win64; x64) AppleWebKit/537.36 (KHTML, like Gecko) Chrome/96.0.4664.45 Safari/537.36"
220.110.141.179 - - [08/Dec/2021:03:06:42 +0000] "GET /favicon.ico HTTP/2.0" 302 0 "https://ja.tak-cslab.org/archives/848" "Mozilla/5.0 (Windows NT 10.0; Win64; x64) AppleWebKit/537.36 (KHTML, like Gecko) Chrome/96.0.4664.45 Safari/537.36"
220.110.141.179 - - [08/Dec/2021:03:06:42 +0000] "GET /wp-includes/images/w-logo-blue-white-bg.png HTTP/2.0" 200 4119 "https://ja.tak-cslab.org/archives/848" "Mozilla/5.0 (Windows NT 10.0; Win64; x64) AppleWebKit/537.36 (KHTML, like Gecko) Chrome/96.0.4664.45 Safari/537.36"
220.110.141.179 - - [08/Dec/2021:03:06:48 +0000] "GET /wp-content/uploads/2020/12/79c88101a9c403279aeedc67586221c07ebaed06-1024x517.png HTTP/2.0" 200 166518 "https://ja.tak-cslab.org/archives/848" "Mozilla/5.0 (Windows NT 10.0; Win64; x64) AppleWebKit/537.36 (KHTML, like Gecko) Chrome/96.0.4664.45 Safari/537.36"
34.206.38.217 - - [08/Dec/2021:03:09:08 +0000] "GET /feed HTTP/1.1" 200 54711 "-" "Automate.io BOT"
216.245.221.83 - - [08/Dec/2021:03:09:26 +0000] "HEAD / HTTP/1.1" 301 0 "http://ja.tak-cslab.org/" "Mozilla/5.0+(compatible; UptimeRobot/2.0; http://www.uptimerobot.com/)"
216.245.221.83 - - [08/Dec/2021:03:09:26 +0000] "HEAD / HTTP/1.1" 200 0 "http://ja.tak-cslab.org/" "Mozilla/5.0+(compatible; UptimeRobot/2.0; http://www.uptimerobot.com/)"
207.46.13.41 - - [08/Dec/2021:03:10:28 +0000] "GET /wp-content/uploads/2021/04/CDSL-System-Architecture1-1-768x432.png HTTP/2.0" 200 104908 "-" "Mozilla/5.0 (compatible; bingbot/2.0; +http://www.bing.com/bingbot.htm)"
18.181.191.165 - - [08/Dec/2021:03:11:18 +0000] "GET /favicon.ico HTTP/1.1" 302 5 "-" "Slack-ImgProxy (+https://api.slack.com/robots)"
18.177.87.175 - - [08/Dec/2021:03:11:18 +0000] "GET /wp-includes/images/w-logo-blue-white-bg.png HTTP/1.1" 200 4119 "-" "Slack-ImgProxy (+https://api.slack.com/robots)"
211.123.211.130 - - [08/Dec/2021:03:12:19 +0000] "GET /wp-content/uploads/2021/04/CDSL-System-Architecture1.png HTTP/2.0" 200 89919 "https://www.google.co.jp/" "Mozilla/5.0 (Windows NT 10.0; Win64; x64) AppleWebKit/537.36 (KHTML, like Gecko) Chrome/70.0.3538.102 Safari/537.36 Edge/18.18363"
40.77.167.53 - - [08/Dec/2021:03:12:33 +0000] "GET /wp-content/uploads/2020/07/search-13476_640-600x480.jpg HTTP/2.0" 200 21317 "-" "Mozilla/5.0 (compatible; bingbot/2.0; +http://www.bing.com/bingbot.htm)"
3.235.178.22 - - [08/Dec/2021:03:13:38 +0000] "HEAD /feed HTTP/2.0" 200 0 "-" "Slackbot 1.0 (+https://api.slack.com/robots)"
34.238.193.181 - - [08/Dec/2021:03:13:38 +0000] "GET /feed HTTP/1.1" 200 54718 "-" "Slackbot 1.0 (+https://api.slack.com/robots)"
3.80.83.109 - - [08/Dec/2021:03:13:40 +0000] "GET / HTTP/1.1" 200 6215 "-" "Slackbot 1.0 (+https://api.slack.com/robots)"
34.206.38.217 - - [08/Dec/2021:03:14:08 +0000] "GET /feed HTTP/1.1" 200 54709 "-" "Automate.io BOT"
216.245.221.83 - - [08/Dec/2021:03:14:26 +0000] "HEAD / HTTP/1.1" 301 0 "http://ja.tak-cslab.org/" "Mozilla/5.0+(compatible; UptimeRobot/2.0; http://www.uptimerobot.com/)"
216.245.221.83 - - [08/Dec/2021:03:14:26 +0000] "HEAD / HTTP/1.1" 200 0 "http://ja.tak-cslab.org/" "Mozilla/5.0+(compatible; UptimeRobot/2.0; http://www.uptimerobot.com/)"
202.32.96.38 - - [08/Dec/2021:03:17:15 +0000] "GET /tech-report HTTP/2.0" 200 12894 "-" "Mozilla/5.0 (Macintosh; Intel Mac OS X 10_15_7) AppleWebKit/537.36 (KHTML, like Gecko) Chrome/96.0.4664.55 Safari/537.36"
202.32.96.38 - - [08/Dec/2021:03:17:15 +0000] "GET /wp-content/themes/cdsl/style.css?ver=1.3.1 HTTP/2.0" 200 272 "https://ja.tak-cslab.org/tech-report" "Mozilla/5.0 (Macintosh; Intel Mac OS X 10_15_7) AppleWebKit/537.36 (KHTML, like Gecko) Chrome/96.0.4664.55 Safari/537.36"
202.32.96.38 - - [08/Dec/2021:03:17:15 +0000] "GET /wp-content/themes/scaffold/assets/js/navigation.js?ver=1.3.1 HTTP/2.0" 200 1266 "https://ja.tak-cslab.org/tech-report" "Mozilla/5.0 (Macintosh; Intel Mac OS X 10_15_7) AppleWebKit/537.36 (KHTML, like Gecko) Chrome/96.0.4664.55 Safari/537.36"
202.32.96.38 - - [08/Dec/2021:03:17:15 +0000] "GET /wp-includes/js/wp-embed.min.js?ver=5.8.2 HTTP/2.0" 200 779 "https://ja.tak-cslab.org/tech-report" "Mozilla/5.0 (Macintosh; Intel Mac OS X 10_15_7) AppleWebKit/537.36 (KHTML, like Gecko) Chrome/96.0.4664.55 Safari/537.36"
202.32.96.38 - - [08/Dec/2021:03:17:15 +0000] "GET /wp-includes/css/dist/block-library/style.min.css?ver=5.8.2 HTTP/2.0" 200 13704 "https://ja.tak-cslab.org/tech-report" "Mozilla/5.0 (Macintosh; Intel Mac OS X 10_15_7) AppleWebKit/537.36 (KHTML, like Gecko) Chrome/96.0.4664.55 Safari/537.36"
202.32.96.38 - - [08/Dec/2021:03:17:15 +0000] "GET /wp-content/themes/scaffold/style.css?ver=5.8.2 HTTP/2.0" 200 5846 "https://ja.tak-cslab.org/tech-report" "Mozilla/5.0 (Macintosh; Intel Mac OS X 10_15_7) AppleWebKit/537.36 (KHTML, like Gecko) Chrome/96.0.4664.55 Safari/537.36"
202.32.96.38 - - [08/Dec/2021:03:17:15 +0000] "GET /wp-includes/js/wp-emoji-release.min.js?ver=5.8.2 HTTP/2.0" 200 5714 "https://ja.tak-cslab.org/tech-report" "Mozilla/5.0 (Macintosh; Intel Mac OS X 10_15_7) AppleWebKit/537.36 (KHTML, like Gecko) Chrome/96.0.4664.55 Safari/537.36"
202.32.96.38 - - [08/Dec/2021:03:17:15 +0000] "GET /favicon.ico HTTP/2.0" 302 0 "https://ja.tak-cslab.org/tech-report" "Mozilla/5.0 (Macintosh; Intel Mac OS X 10_15_7) AppleWebKit/537.36 (KHTML, like Gecko) Chrome/96.0.4664.55 Safari/537.36"
202.32.96.38 - - [08/Dec/2021:03:17:15 +0000] "GET /wp-includes/images/w-logo-blue-white-bg.png HTTP/2.0" 200 4119 "https://ja.tak-cslab.org/tech-report" "Mozilla/5.0 (Macintosh; Intel Mac OS X 10_15_7) AppleWebKit/537.36 (KHTML, like Gecko) Chrome/96.0.4664.55 Safari/537.36"
163.215.6.1 - - [08/Dec/2021:03:19:09 +0000] "POST /wp-cron.php?doing_wp_cron=1638933548.1741259098052978515625 HTTP/1.1" 200 31 "https://ja.tak-cslab.org/wp-cron.php?doing_wp_cron=1638933548.1741259098052978515625" "WordPress/5.8.2; https://ja.tak-cslab.org"
34.206.38.217 - - [08/Dec/2021:03:19:09 +0000] "GET /feed HTTP/1.1" 200 54718 "-" "Automate.io BOT"
202.32.96.38 - - [08/Dec/2021:03:19:11 +0000] "GET /about/about-cdsl HTTP/2.0" 200 6969 "https://ja.tak-cslab.org/tech-report" "Mozilla/5.0 (Macintosh; Intel Mac OS X 10_15_7) AppleWebKit/537.36 (KHTML, like Gecko) Chrome/96.0.4664.55 Safari/537.36"
202.32.96.38 - - [08/Dec/2021:03:19:11 +0000] "GET /wp-content/uploads/2020/01/image-6.png HTTP/2.0" 200 279972 "https://ja.tak-cslab.org/about/about-cdsl" "Mozilla/5.0 (Macintosh; Intel Mac OS X 10_15_7) AppleWebKit/537.36 (KHTML, like Gecko) Chrome/96.0.4664.55 Safari/537.36"
216.245.221.83 - - [08/Dec/2021:03:19:26 +0000] "HEAD / HTTP/1.1" 301 0 "http://ja.tak-cslab.org/" "Mozilla/5.0+(compatible; UptimeRobot/2.0; http://www.uptimerobot.com/)"
216.245.221.83 - - [08/Dec/2021:03:19:26 +0000] "HEAD / HTTP/1.1" 200 0 "http://ja.tak-cslab.org/" "Mozilla/5.0+(compatible; UptimeRobot/2.0; http://www.uptimerobot.com/)"
202.32.96.38 - - [08/Dec/2021:03:19:28 +0000] "GET /about/member HTTP/2.0" 200 6498 "https://ja.tak-cslab.org/about/about-cdsl" "Mozilla/5.0 (Macintosh; Intel Mac OS X 10_15_7) AppleWebKit/537.36 (KHTML, like Gecko) Chrome/96.0.4664.55 Safari/537.36"
202.32.96.38 - - [08/Dec/2021:03:19:37 +0000] "GET /about/facility HTTP/2.0" 200 5352 "https://ja.tak-cslab.org/about/member" "Mozilla/5.0 (Macintosh; Intel Mac OS X 10_15_7) AppleWebKit/537.36 (KHTML, like Gecko) Chrome/96.0.4664.55 Safari/537.36"
202.32.96.38 - - [08/Dec/2021:03:19:37 +0000] "GET /wp-content/uploads/2020/01/desk.png HTTP/2.0" 200 1111182 "https://ja.tak-cslab.org/about/facility" "Mozilla/5.0 (Macintosh; Intel Mac OS X 10_15_7) AppleWebKit/537.36 (KHTML, like Gecko) Chrome/96.0.4664.55 Safari/537.36"
202.32.96.38 - - [08/Dec/2021:03:19:38 +0000] "GET /wp-content/uploads/2021/08/meeting-space-1024x768.png HTTP/2.0" 200 962787 "https://ja.tak-cslab.org/about/facility" "Mozilla/5.0 (Macintosh; Intel Mac OS X 10_15_7) AppleWebKit/537.36 (KHTML, like Gecko) Chrome/96.0.4664.55 Safari/537.36"
202.32.96.38 - - [08/Dec/2021:03:19:38 +0000] "GET /wp-content/uploads/2021/09/image-4-1024x768.png HTTP/2.0" 200 1095953 "https://ja.tak-cslab.org/about/facility" "Mozilla/5.0 (Macintosh; Intel Mac OS X 10_15_7) AppleWebKit/537.36 (KHTML, like Gecko) Chrome/96.0.4664.55 Safari/537.36"
202.32.96.38 - - [08/Dec/2021:03:19:38 +0000] "GET /wp-content/uploads/2020/01/iot.png HTTP/2.0" 200 1197066 "https://ja.tak-cslab.org/about/facility" "Mozilla/5.0 (Macintosh; Intel Mac OS X 10_15_7) AppleWebKit/537.36 (KHTML, like Gecko) Chrome/96.0.4664.55 Safari/537.36"
202.32.96.38 - - [08/Dec/2021:03:20:05 +0000] "GET /wp-content/uploads/2020/01/books.png HTTP/2.0" 200 1611142 "https://ja.tak-cslab.org/about/facility" "Mozilla/5.0 (Macintosh; Intel Mac OS X 10_15_7) AppleWebKit/537.36 (KHTML, like Gecko) Chrome/96.0.4664.55 Safari/537.36"
202.32.96.38 - - [08/Dec/2021:03:20:30 +0000] "GET /?page_id=156 HTTP/2.0" 301 0 "https://ja.tak-cslab.org/about/facility" "Mozilla/5.0 (Macintosh; Intel Mac OS X 10_15_7) AppleWebKit/537.36 (KHTML, like Gecko) Chrome/96.0.4664.55 Safari/537.36"
202.32.96.38 - - [08/Dec/2021:03:20:30 +0000] "GET /about/it-facility HTTP/2.0" 200 8947 "https://ja.tak-cslab.org/about/facility" "Mozilla/5.0 (Macintosh; Intel Mac OS X 10_15_7) AppleWebKit/537.36 (KHTML, like Gecko) Chrome/96.0.4664.55 Safari/537.36"
202.32.96.38 - - [08/Dec/2021:03:20:30 +0000] "GET /wp-content/uploads/2020/06/cdsl-storage.png HTTP/2.0" 200 41898 "https://ja.tak-cslab.org/about/it-facility" "Mozilla/5.0 (Macintosh; Intel Mac OS X 10_15_7) AppleWebKit/537.36 (KHTML, like Gecko) Chrome/96.0.4664.55 Safari/537.36"
202.32.96.38 - - [08/Dec/2021:03:20:30 +0000] "GET /wp-content/uploads/2021/01/IMG_3379.jpg HTTP/2.0" 200 297859 "https://ja.tak-cslab.org/about/it-facility" "Mozilla/5.0 (Macintosh; Intel Mac OS X 10_15_7) AppleWebKit/537.36 (KHTML, like Gecko) Chrome/96.0.4664.55 Safari/537.36"
202.32.96.38 - - [08/Dec/2021:03:20:31 +0000] "GET /wp-content/uploads/2020/01/nas.png HTTP/2.0" 200 1140869 "https://ja.tak-cslab.org/about/it-facility" "Mozilla/5.0 (Macintosh; Intel Mac OS X 10_15_7) AppleWebKit/537.36 (KHTML, like Gecko) Chrome/96.0.4664.55 Safari/537.36"
202.32.96.38 - - [08/Dec/2021:03:20:36 +0000] "GET /wp-content/uploads/2021/05/CDSL-System-Architecture.png HTTP/2.0" 200 64734 "https://ja.tak-cslab.org/about/it-facility" "Mozilla/5.0 (Macintosh; Intel Mac OS X 10_15_7) AppleWebKit/537.36 (KHTML, like Gecko) Chrome/96.0.4664.55 Safari/537.36"
202.32.96.38 - - [08/Dec/2021:03:20:42 +0000] "GET /wp-content/uploads/2021/05/CDSL-System-Architecture1.png HTTP/2.0" 200 76202 "https://ja.tak-cslab.org/about/it-facility" "Mozilla/5.0 (Macintosh; Intel Mac OS X 10_15_7) AppleWebKit/537.36 (KHTML, like Gecko) Chrome/96.0.4664.55 Safari/537.36"
202.32.96.38 - - [08/Dec/2021:03:20:45 +0000] "GET /wp-content/uploads/2020/01/elk-arch.png HTTP/2.0" 200 70256 "https://ja.tak-cslab.org/about/it-facility" "Mozilla/5.0 (Macintosh; Intel Mac OS X 10_15_7) AppleWebKit/537.36 (KHTML, like Gecko) Chrome/96.0.4664.55 Safari/537.36"
202.32.96.38 - - [08/Dec/2021:03:20:45 +0000] "GET /wp-content/uploads/2021/01/CDSL-System-Architecture.png HTTP/2.0" 200 71713 "https://ja.tak-cslab.org/about/it-facility" "Mozilla/5.0 (Macintosh; Intel Mac OS X 10_15_7) AppleWebKit/537.36 (KHTML, like Gecko) Chrome/96.0.4664.55 Safari/537.36"
202.32.96.38 - - [08/Dec/2021:03:20:49 +0000] "GET /wp-content/uploads/2021/01/image.png HTTP/2.0" 200 49210 "https://ja.tak-cslab.org/about/it-facility" "Mozilla/5.0 (Macintosh; Intel Mac OS X 10_15_7) AppleWebKit/537.36 (KHTML, like Gecko) Chrome/96.0.4664.55 Safari/537.36"
202.32.96.38 - - [08/Dec/2021:03:20:57 +0000] "GET /about/tools HTTP/2.0" 200 6089 "https://ja.tak-cslab.org/about/facility" "Mozilla/5.0 (Macintosh; Intel Mac OS X 10_15_7) AppleWebKit/537.36 (KHTML, like Gecko) Chrome/96.0.4664.55 Safari/537.36"
202.32.96.38 - - [08/Dec/2021:03:20:57 +0000] "GET /wp-content/uploads/2020/01/image-4-1024x420.png HTTP/2.0" 200 66860 "https://ja.tak-cslab.org/about/tools" "Mozilla/5.0 (Macintosh; Intel Mac OS X 10_15_7) AppleWebKit/537.36 (KHTML, like Gecko) Chrome/96.0.4664.55 Safari/537.36"
202.32.96.38 - - [08/Dec/2021:03:20:57 +0000] "GET /wp-content/uploads/2020/01/image-1-1024x523.png HTTP/2.0" 200 269833 "https://ja.tak-cslab.org/about/tools" "Mozilla/5.0 (Macintosh; Intel Mac OS X 10_15_7) AppleWebKit/537.36 (KHTML, like Gecko) Chrome/96.0.4664.55 Safari/537.36"
202.32.96.38 - - [08/Dec/2021:03:20:57 +0000] "GET /wp-content/uploads/2020/01/image-3-1024x508.png HTTP/2.0" 200 272496 "https://ja.tak-cslab.org/about/tools" "Mozilla/5.0 (Macintosh; Intel Mac OS X 10_15_7) AppleWebKit/537.36 (KHTML, like Gecko) Chrome/96.0.4664.55 Safari/537.36"
202.32.96.38 - - [08/Dec/2021:03:20:57 +0000] "GET /wp-content/uploads/2020/01/image-2-1024x709.png HTTP/2.0" 200 451610 "https://ja.tak-cslab.org/about/tools" "Mozilla/5.0 (Macintosh; Intel Mac OS X 10_15_7) AppleWebKit/537.36 (KHTML, like Gecko) Chrome/96.0.4664.55 Safari/537.36"
202.32.96.38 - - [08/Dec/2021:03:21:11 +0000] "GET /wp-content/uploads/2020/01/image-5-1024x521.png HTTP/2.0" 200 60148 "https://ja.tak-cslab.org/about/tools" "Mozilla/5.0 (Macintosh; Intel Mac OS X 10_15_7) AppleWebKit/537.36 (KHTML, like Gecko) Chrome/96.0.4664.55 Safari/537.36"
202.32.96.38 - - [08/Dec/2021:03:21:16 +0000] "GET /wp-content/uploads/2020/03/meet-1024x473.png HTTP/2.0" 200 369480 "https://ja.tak-cslab.org/about/tools" "Mozilla/5.0 (Macintosh; Intel Mac OS X 10_15_7) AppleWebKit/537.36 (KHTML, like Gecko) Chrome/96.0.4664.55 Safari/537.36"
66.249.64.93 - - [08/Dec/2021:03:21:44 +0000] "GET /wp-includes/js/wp-util.min.js?ver=5.8.2 HTTP/1.1" 200 731 "https://ja.tak-cslab.org/10gin_cds1?redirect_to=https%3A%2F%2Fja.tak-cslab.org%2Farchives%2F1559" "Mozilla/5.0 (Linux; Android 6.0.1; Nexus 5X Build/MMB29P) AppleWebKit/537.36 (KHTML, like Gecko) Chrome/96.0.4664.45 Mobile Safari/537.36 (compatible; Googlebot/2.1; +http://www.google.com/bot.html)"
202.32.96.38 - - [08/Dec/2021:03:21:59 +0000] "GET / HTTP/2.0" 200 6196 "https://ja.tak-cslab.org/about/facility" "Mozilla/5.0 (Macintosh; Intel Mac OS X 10_15_7) AppleWebKit/537.36 (KHTML, like Gecko) Chrome/96.0.4664.55 Safari/537.36"
202.32.96.38 - - [08/Dec/2021:03:21:59 +0000] "GET /wp-content/uploads/2020/01/server-e1585573899521.png HTTP/2.0" 200 426115 "https://ja.tak-cslab.org/" "Mozilla/5.0 (Macintosh; Intel Mac OS X 10_15_7) AppleWebKit/537.36 (KHTML, like Gecko) Chrome/96.0.4664.55 Safari/537.36"
202.32.96.38 - - [08/Dec/2021:03:22:00 +0000] "GET /wp-content/uploads/2020/01/iot2-e1585573992906.png HTTP/2.0" 200 439802 "https://ja.tak-cslab.org/" "Mozilla/5.0 (Macintosh; Intel Mac OS X 10_15_7) AppleWebKit/537.36 (KHTML, like Gecko) Chrome/96.0.4664.55 Safari/537.36"
202.32.96.38 - - [08/Dec/2021:03:22:00 +0000] "GET /wp-content/uploads/2020/01/books-e1585573975658.png HTTP/2.0" 200 549531 "https://ja.tak-cslab.org/" "Mozilla/5.0 (Macintosh; Intel Mac OS X 10_15_7) AppleWebKit/537.36 (KHTML, like Gecko) Chrome/96.0.4664.55 Safari/537.36"
202.32.96.38 - - [08/Dec/2021:03:22:00 +0000] "GET /wp-content/uploads/2020/01/desk-e1585573956500.png HTTP/2.0" 200 367831 "https://ja.tak-cslab.org/" "Mozilla/5.0 (Macintosh; Intel Mac OS X 10_15_7) AppleWebKit/537.36 (KHTML, like Gecko) Chrome/96.0.4664.55 Safari/537.36"
202.32.96.38 - - [08/Dec/2021:03:22:27 +0000] "GET / HTTP/2.0" 200 6196 "https://ja.tak-cslab.org/" "Mozilla/5.0 (Macintosh; Intel Mac OS X 10_15_7) AppleWebKit/537.36 (KHTML, like Gecko) Chrome/96.0.4664.55 Safari/537.36"
202.32.96.38 - - [08/Dec/2021:03:22:27 +0000] "GET /wp-content/plugins/native-lazyload/assets/images/placeholder.svg HTTP/2.0" 200 88 "https://ja.tak-cslab.org/" "Mozilla/5.0 (Macintosh; Intel Mac OS X 10_15_7) AppleWebKit/537.36 (KHTML, like Gecko) Chrome/96.0.4664.55 Safari/537.36"
34.206.38.217 - - [08/Dec/2021:03:24:08 +0000] "GET /feed HTTP/1.1" 200 54716 "-" "Automate.io BOT"
216.245.221.83 - - [08/Dec/2021:03:24:26 +0000] "HEAD / HTTP/1.1" 301 0 "http://ja.tak-cslab.org/" "Mozilla/5.0+(compatible; UptimeRobot/2.0; http://www.uptimerobot.com/)"
216.245.221.83 - - [08/Dec/2021:03:24:26 +0000] "HEAD / HTTP/1.1" 200 0 "http://ja.tak-cslab.org/" "Mozilla/5.0+(compatible; UptimeRobot/2.0; http://www.uptimerobot.com/)"
147.92.179.116 - - [08/Dec/2021:03:25:13 +0000] "GET /archives/896 HTTP/1.1" 200 10373 "-" "facebookexternalhit/1.1;line-poker/1.0"
147.92.179.116 - - [08/Dec/2021:03:25:14 +0000] "GET /wp-content/uploads/2021/02/%E3%83%92%E3%83%89%E3%83%A9%EF%BC%91.png HTTP/1.1" 200 27267 "-" "facebookexternalhit/1.1;line-poker/1.0"
66.249.64.93 - - [08/Dec/2021:03:25:26 +0000] "GET /wp-includes/css/buttons.min.css?ver=5.8.2 HTTP/1.1" 200 1660 "https://ja.tak-cslab.org/10gin_cds1?redirect_to=https%3A%2F%2Fja.tak-cslab.org%2Farchives%2F1559" "Mozilla/5.0 (Linux; Android 6.0.1; Nexus 5X Build/MMB29P) AppleWebKit/537.36 (KHTML, like Gecko) Chrome/96.0.4664.45 Mobile Safari/537.36 (compatible; Googlebot/2.1; +http://www.google.com/bot.html)"
34.206.38.217 - - [08/Dec/2021:03:29:08 +0000] "GET /feed HTTP/1.1" 200 54716 "-" "Automate.io BOT"
216.245.221.83 - - [08/Dec/2021:03:29:26 +0000] "HEAD / HTTP/1.1" 301 0 "http://ja.tak-cslab.org/" "Mozilla/5.0+(compatible; UptimeRobot/2.0; http://www.uptimerobot.com/)"
216.245.221.83 - - [08/Dec/2021:03:29:26 +0000] "HEAD / HTTP/1.1" 200 0 "http://ja.tak-cslab.org/" "Mozilla/5.0+(compatible; UptimeRobot/2.0; http://www.uptimerobot.com/)"
60.90.19.153 - - [08/Dec/2021:03:31:26 +0000] "GET /favicon.ico HTTP/2.0" 302 0 "-" "com.tinyspeck.chatlyio/21.11.20 (iPhone; iOS 14.7.1; Scale/2.00)"
60.90.19.153 - - [08/Dec/2021:03:31:26 +0000] "GET /wp-includes/images/w-logo-blue-white-bg.png HTTP/2.0" 200 4119 "-" "com.tinyspeck.chatlyio/21.11.20 (iPhone; iOS 14.7.1; Scale/2.00)"
3.84.72.197 - - [08/Dec/2021:03:33:44 +0000] "HEAD /feed HTTP/2.0" 200 0 "-" "Slackbot 1.0 (+https://api.slack.com/robots)"
54.166.111.246 - - [08/Dec/2021:03:33:45 +0000] "GET /feed HTTP/1.1" 200 54716 "-" "Slackbot 1.0 (+https://api.slack.com/robots)"
3.238.191.91 - - [08/Dec/2021:03:33:47 +0000] "GET / HTTP/1.1" 200 6215 "-" "Slackbot 1.0 (+https://api.slack.com/robots)"
216.245.221.83 - - [08/Dec/2021:03:34:26 +0000] "HEAD / HTTP/1.1" 301 0 "http://ja.tak-cslab.org/" "Mozilla/5.0+(compatible; UptimeRobot/2.0; http://www.uptimerobot.com/)"
216.245.221.83 - - [08/Dec/2021:03:34:26 +0000] "HEAD / HTTP/1.1" 200 0 "http://ja.tak-cslab.org/" "Mozilla/5.0+(compatible; UptimeRobot/2.0; http://www.uptimerobot.com/)"
40.77.167.53 - - [08/Dec/2021:03:34:56 +0000] "GET /archives/1064 HTTP/2.0" 200 8836 "-" "Mozilla/5.0 (compatible; bingbot/2.0; +http://www.bing.com/bingbot.htm)"
40.77.167.44 - - [08/Dec/2021:03:35:17 +0000] "GET /wp-content/themes/scaffold/assets/js/navigation.js?ver=1.3.1 HTTP/2.0" 200 1266 "-" "Mozilla/5.0 (compatible; bingbot/2.0; +http://www.bing.com/bingbot.htm)"
40.77.167.53 - - [08/Dec/2021:03:36:46 +0000] "GET /wp-content/uploads/2020/02/image-1-600x452.png HTTP/2.0" 200 179690 "-" "Mozilla/5.0 (compatible; bingbot/2.0; +http://www.bing.com/bingbot.htm)"
163.215.6.1 - - [08/Dec/2021:03:38:16 +0000] "GET /archives/152 HTTP/2.0" 200 6195 "https://www.google.com/" "Mozilla/5.0 (Windows NT 10.0; Win64; x64) AppleWebKit/537.36 (KHTML, like Gecko) Chrome/96.0.4664.45 Safari/537.36"
163.215.6.1 - - [08/Dec/2021:03:38:20 +0000] "GET /tech-report HTTP/2.0" 200 12894 "https://ja.tak-cslab.org/archives/152" "Mozilla/5.0 (Windows NT 10.0; Win64; x64) AppleWebKit/537.36 (KHTML, like Gecko) Chrome/96.0.4664.45 Safari/537.36"
34.206.38.217 - - [08/Dec/2021:03:39:07 +0000] "GET /feed HTTP/1.1" 200 54716 "-" "Automate.io BOT"
216.245.221.83 - - [08/Dec/2021:03:39:26 +0000] "HEAD / HTTP/1.1" 301 0 "http://ja.tak-cslab.org/" "Mozilla/5.0+(compatible; UptimeRobot/2.0; http://www.uptimerobot.com/)"
216.245.221.83 - - [08/Dec/2021:03:39:26 +0000] "HEAD / HTTP/1.1" 200 0 "http://ja.tak-cslab.org/" "Mozilla/5.0+(compatible; UptimeRobot/2.0; http://www.uptimerobot.com/)"
207.46.13.41 - - [08/Dec/2021:03:42:40 +0000] "GET /wp-content/uploads/2020/07/code-3078609_640-600x397.jpg HTTP/2.0" 200 40796 "-" "Mozilla/5.0 (compatible; bingbot/2.0; +http://www.bing.com/bingbot.htm)"
34.206.38.217 - - [08/Dec/2021:03:44:08 +0000] "GET /feed HTTP/1.1" 200 54716 "-" "Automate.io BOT"
216.245.221.83 - - [08/Dec/2021:03:44:26 +0000] "HEAD / HTTP/1.1" 301 0 "http://ja.tak-cslab.org/" "Mozilla/5.0+(compatible; UptimeRobot/2.0; http://www.uptimerobot.com/)"
216.245.221.83 - - [08/Dec/2021:03:44:26 +0000] "HEAD / HTTP/1.1" 200 0 "http://ja.tak-cslab.org/" "Mozilla/5.0+(compatible; UptimeRobot/2.0; http://www.uptimerobot.com/)"
34.206.38.217 - - [08/Dec/2021:03:49:08 +0000] "GET /feed HTTP/1.1" 200 54710 "-" "Automate.io BOT"
216.245.221.83 - - [08/Dec/2021:03:49:26 +0000] "HEAD / HTTP/1.1" 301 0 "http://ja.tak-cslab.org/" "Mozilla/5.0+(compatible; UptimeRobot/2.0; http://www.uptimerobot.com/)"
216.245.221.83 - - [08/Dec/2021:03:49:26 +0000] "HEAD / HTTP/1.1" 200 0 "http://ja.tak-cslab.org/" "Mozilla/5.0+(compatible; UptimeRobot/2.0; http://www.uptimerobot.com/)"
3.84.72.197 - - [08/Dec/2021:03:53:42 +0000] "HEAD /feed HTTP/2.0" 200 0 "-" "Slackbot 1.0 (+https://api.slack.com/robots)"
3.95.211.45 - - [08/Dec/2021:03:53:43 +0000] "GET /feed HTTP/1.1" 200 54716 "-" "Slackbot 1.0 (+https://api.slack.com/robots)"
54.237.173.206 - - [08/Dec/2021:03:53:44 +0000] "GET / HTTP/1.1" 200 6223 "-" "Slackbot 1.0 (+https://api.slack.com/robots)"
34.206.38.217 - - [08/Dec/2021:03:54:08 +0000] "GET /feed HTTP/1.1" 200 54716 "-" "Automate.io BOT"
216.245.221.83 - - [08/Dec/2021:03:54:26 +0000] "HEAD / HTTP/1.1" 301 0 "http://ja.tak-cslab.org/" "Mozilla/5.0+(compatible; UptimeRobot/2.0; http://www.uptimerobot.com/)"
216.245.221.83 - - [08/Dec/2021:03:54:26 +0000] "HEAD / HTTP/1.1" 200 0 "http://ja.tak-cslab.org/" "Mozilla/5.0+(compatible; UptimeRobot/2.0; http://www.uptimerobot.com/)"
40.77.167.44 - - [08/Dec/2021:03:56:39 +0000] "GET /wp-content/uploads/2020/09/Screen-Shot-2020-09-09-at-16.12.53-1024x616.png HTTP/2.0" 200 335841 "-" "Mozilla/5.0 (compatible; bingbot/2.0; +http://www.bing.com/bingbot.htm)"
216.245.221.83 - - [08/Dec/2021:03:59:26 +0000] "HEAD / HTTP/1.1" 301 0 "http://ja.tak-cslab.org/" "Mozilla/5.0+(compatible; UptimeRobot/2.0; http://www.uptimerobot.com/)"
216.245.221.83 - - [08/Dec/2021:03:59:26 +0000] "HEAD / HTTP/1.1" 200 0 "http://ja.tak-cslab.org/" "Mozilla/5.0+(compatible; UptimeRobot/2.0; http://www.uptimerobot.com/)"
54.178.7.13 - - [08/Dec/2021:04:00:18 +0000] "GET /favicon.ico HTTP/1.1" 302 5 "-" "Slack-ImgProxy (+https://api.slack.com/robots)"
13.112.228.244 - - [08/Dec/2021:04:00:18 +0000] "GET /wp-includes/images/w-logo-blue-white-bg.png HTTP/1.1" 200 4119 "-" "Slack-ImgProxy (+https://api.slack.com/robots)"
40.77.167.53 - - [08/Dec/2021:04:03:08 +0000] "GET / HTTP/1.1" 301 162 "-" "Mozilla/5.0 (compatible; bingbot/2.0; +http://www.bing.com/bingbot.htm)"
163.215.6.1 - - [08/Dec/2021:04:04:08 +0000] "POST /wp-cron.php?doing_wp_cron=1638936248.6147100925445556640625 HTTP/1.1" 200 31 "https://ja.tak-cslab.org/wp-cron.php?doing_wp_cron=1638936248.6147100925445556640625" "WordPress/5.8.2; https://ja.tak-cslab.org"
34.206.38.217 - - [08/Dec/2021:04:04:08 +0000] "GET /feed HTTP/1.1" 200 54718 "-" "Automate.io BOT"
216.245.221.83 - - [08/Dec/2021:04:04:26 +0000] "HEAD / HTTP/1.1" 301 0 "http://ja.tak-cslab.org/" "Mozilla/5.0+(compatible; UptimeRobot/2.0; http://www.uptimerobot.com/)"
216.245.221.83 - - [08/Dec/2021:04:04:26 +0000] "HEAD / HTTP/1.1" 200 0 "http://ja.tak-cslab.org/" "Mozilla/5.0+(compatible; UptimeRobot/2.0; http://www.uptimerobot.com/)"
34.206.38.217 - - [08/Dec/2021:04:09:08 +0000] "GET /feed HTTP/1.1" 200 54716 "-" "Automate.io BOT"
216.245.221.83 - - [08/Dec/2021:04:09:26 +0000] "HEAD / HTTP/1.1" 301 0 "http://ja.tak-cslab.org/" "Mozilla/5.0+(compatible; UptimeRobot/2.0; http://www.uptimerobot.com/)"
216.245.221.83 - - [08/Dec/2021:04:09:26 +0000] "HEAD / HTTP/1.1" 200 0 "http://ja.tak-cslab.org/" "Mozilla/5.0+(compatible; UptimeRobot/2.0; http://www.uptimerobot.com/)"
51.222.253.7 - - [08/Dec/2021:04:13:17 +0000] "GET /10gin_cds1?redirect_to=https%3A%2F%2Fja.tak-cslab.org%2Farchives%2F1115 HTTP/2.0" 200 4530 "-" "Mozilla/5.0 (compatible; AhrefsBot/7.0; +http://ahrefs.com/robot/)"
34.238.193.181 - - [08/Dec/2021:04:13:42 +0000] "HEAD /feed HTTP/2.0" 200 0 "-" "Slackbot 1.0 (+https://api.slack.com/robots)"
54.210.236.2 - - [08/Dec/2021:04:13:43 +0000] "GET /feed HTTP/1.1" 200 54718 "-" "Slackbot 1.0 (+https://api.slack.com/robots)"
54.166.111.246 - - [08/Dec/2021:04:13:45 +0000] "GET / HTTP/1.1" 200 6223 "-" "Slackbot 1.0 (+https://api.slack.com/robots)"
34.206.38.217 - - [08/Dec/2021:04:14:08 +0000] "GET /feed HTTP/1.1" 200 54716 "-" "Automate.io BOT"
216.245.221.83 - - [08/Dec/2021:04:14:26 +0000] "HEAD / HTTP/1.1" 301 0 "http://ja.tak-cslab.org/" "Mozilla/5.0+(compatible; UptimeRobot/2.0; http://www.uptimerobot.com/)"
216.245.221.83 - - [08/Dec/2021:04:14:26 +0000] "HEAD / HTTP/1.1" 200 0 "http://ja.tak-cslab.org/" "Mozilla/5.0+(compatible; UptimeRobot/2.0; http://www.uptimerobot.com/)"
163.215.6.1 - - [08/Dec/2021:04:19:08 +0000] "POST /wp-cron.php?doing_wp_cron=1638937148.6830530166625976562500 HTTP/1.1" 200 31 "https://ja.tak-cslab.org/wp-cron.php?doing_wp_cron=1638937148.6830530166625976562500" "WordPress/5.8.2; https://ja.tak-cslab.org"
34.206.38.217 - - [08/Dec/2021:04:19:08 +0000] "GET /feed HTTP/1.1" 200 54718 "-" "Automate.io BOT"
216.245.221.83 - - [08/Dec/2021:04:19:26 +0000] "HEAD / HTTP/1.1" 301 0 "http://ja.tak-cslab.org/" "Mozilla/5.0+(compatible; UptimeRobot/2.0; http://www.uptimerobot.com/)"
216.245.221.83 - - [08/Dec/2021:04:19:26 +0000] "HEAD / HTTP/1.1" 200 0 "http://ja.tak-cslab.org/" "Mozilla/5.0+(compatible; UptimeRobot/2.0; http://www.uptimerobot.com/)"
40.77.167.53 - - [08/Dec/2021:04:21:24 +0000] "GET /archives/date/2021/01 HTTP/2.0" 200 7635 "-" "Mozilla/5.0 (compatible; bingbot/2.0; +http://www.bing.com/bingbot.htm)"
40.77.167.44 - - [08/Dec/2021:04:21:40 +0000] "GET /wp-content/themes/scaffold/assets/js/navigation.js?ver=1.3.1 HTTP/2.0" 200 1266 "-" "Mozilla/5.0 (compatible; bingbot/2.0; +http://www.bing.com/bingbot.htm)"
216.245.221.83 - - [08/Dec/2021:04:24:26 +0000] "HEAD / HTTP/1.1" 301 0 "http://ja.tak-cslab.org/" "Mozilla/5.0+(compatible; UptimeRobot/2.0; http://www.uptimerobot.com/)"
216.245.221.83 - - [08/Dec/2021:04:24:26 +0000] "HEAD / HTTP/1.1" 200 0 "http://ja.tak-cslab.org/" "Mozilla/5.0+(compatible; UptimeRobot/2.0; http://www.uptimerobot.com/)"
34.206.38.217 - - [08/Dec/2021:04:29:08 +0000] "GET /feed HTTP/1.1" 200 54718 "-" "Automate.io BOT"
216.245.221.83 - - [08/Dec/2021:04:29:26 +0000] "HEAD / HTTP/1.1" 301 0 "http://ja.tak-cslab.org/" "Mozilla/5.0+(compatible; UptimeRobot/2.0; http://www.uptimerobot.com/)"
216.245.221.83 - - [08/Dec/2021:04:29:26 +0000] "HEAD / HTTP/1.1" 200 0 "http://ja.tak-cslab.org/" "Mozilla/5.0+(compatible; UptimeRobot/2.0; http://www.uptimerobot.com/)"
44.200.61.40 - - [08/Dec/2021:04:33:39 +0000] "HEAD /feed HTTP/2.0" 200 0 "-" "Slackbot 1.0 (+https://api.slack.com/robots)"
54.173.172.135 - - [08/Dec/2021:04:33:40 +0000] "GET /feed HTTP/1.1" 200 54718 "-" "Slackbot 1.0 (+https://api.slack.com/robots)"
44.197.239.240 - - [08/Dec/2021:04:33:41 +0000] "GET / HTTP/1.1" 200 6223 "-" "Slackbot 1.0 (+https://api.slack.com/robots)"
34.206.38.217 - - [08/Dec/2021:04:34:08 +0000] "GET /feed HTTP/1.1" 200 54718 "-" "Automate.io BOT"
216.245.221.83 - - [08/Dec/2021:04:34:26 +0000] "HEAD / HTTP/1.1" 301 0 "http://ja.tak-cslab.org/" "Mozilla/5.0+(compatible; UptimeRobot/2.0; http://www.uptimerobot.com/)"
216.245.221.83 - - [08/Dec/2021:04:34:26 +0000] "HEAD / HTTP/1.1" 200 0 "http://ja.tak-cslab.org/" "Mozilla/5.0+(compatible; UptimeRobot/2.0; http://www.uptimerobot.com/)"
163.215.6.1 - - [08/Dec/2021:04:36:07 +0000] "GET / HTTP/2.0" 200 6196 "-" "Mozilla/5.0 (Windows NT 10.0; Win64; x64) AppleWebKit/537.36 (KHTML, like Gecko) Chrome/96.0.4664.45 Safari/537.36"
163.215.6.1 - - [08/Dec/2021:04:36:07 +0000] "GET /wp-includes/css/dist/block-library/style.min.css?ver=5.8.2 HTTP/2.0" 200 13704 "https://ja.tak-cslab.org/" "Mozilla/5.0 (Windows NT 10.0; Win64; x64) AppleWebKit/537.36 (KHTML, like Gecko) Chrome/96.0.4664.45 Safari/537.36"
163.215.6.1 - - [08/Dec/2021:04:36:07 +0000] "GET /wp-content/themes/scaffold/style.css?ver=5.8.2 HTTP/2.0" 200 5846 "https://ja.tak-cslab.org/" "Mozilla/5.0 (Windows NT 10.0; Win64; x64) AppleWebKit/537.36 (KHTML, like Gecko) Chrome/96.0.4664.45 Safari/537.36"
163.215.6.1 - - [08/Dec/2021:04:36:07 +0000] "GET /wp-content/themes/cdsl/style.css?ver=1.3.1 HTTP/2.0" 200 272 "https://ja.tak-cslab.org/" "Mozilla/5.0 (Windows NT 10.0; Win64; x64) AppleWebKit/537.36 (KHTML, like Gecko) Chrome/96.0.4664.45 Safari/537.36"
163.215.6.1 - - [08/Dec/2021:04:36:07 +0000] "GET /wp-content/themes/scaffold/assets/js/navigation.js?ver=1.3.1 HTTP/2.0" 200 1266 "https://ja.tak-cslab.org/" "Mozilla/5.0 (Windows NT 10.0; Win64; x64) AppleWebKit/537.36 (KHTML, like Gecko) Chrome/96.0.4664.45 Safari/537.36"
163.215.6.1 - - [08/Dec/2021:04:36:07 +0000] "GET /wp-includes/js/wp-embed.min.js?ver=5.8.2 HTTP/2.0" 200 779 "https://ja.tak-cslab.org/" "Mozilla/5.0 (Windows NT 10.0; Win64; x64) AppleWebKit/537.36 (KHTML, like Gecko) Chrome/96.0.4664.45 Safari/537.36"
163.215.6.1 - - [08/Dec/2021:04:36:07 +0000] "GET /wp-includes/js/wp-emoji-release.min.js?ver=5.8.2 HTTP/2.0" 200 5714 "https://ja.tak-cslab.org/" "Mozilla/5.0 (Windows NT 10.0; Win64; x64) AppleWebKit/537.36 (KHTML, like Gecko) Chrome/96.0.4664.45 Safari/537.36"
163.215.6.1 - - [08/Dec/2021:04:36:07 +0000] "GET /wp-content/plugins/native-lazyload/assets/images/placeholder.svg HTTP/2.0" 200 88 "https://ja.tak-cslab.org/" "Mozilla/5.0 (Windows NT 10.0; Win64; x64) AppleWebKit/537.36 (KHTML, like Gecko) Chrome/96.0.4664.45 Safari/537.36"
163.215.6.1 - - [08/Dec/2021:04:36:08 +0000] "GET /wp-content/uploads/2020/01/iot2-e1585573992906.png HTTP/2.0" 200 439802 "https://ja.tak-cslab.org/" "Mozilla/5.0 (Windows NT 10.0; Win64; x64) AppleWebKit/537.36 (KHTML, like Gecko) Chrome/96.0.4664.45 Safari/537.36"
163.215.6.1 - - [08/Dec/2021:04:36:08 +0000] "GET /wp-content/uploads/2020/01/server-e1585573899521.png HTTP/2.0" 200 426115 "https://ja.tak-cslab.org/" "Mozilla/5.0 (Windows NT 10.0; Win64; x64) AppleWebKit/537.36 (KHTML, like Gecko) Chrome/96.0.4664.45 Safari/537.36"
163.215.6.1 - - [08/Dec/2021:04:36:08 +0000] "GET /wp-content/uploads/2020/01/desk-e1585573956500.png HTTP/2.0" 200 367831 "https://ja.tak-cslab.org/" "Mozilla/5.0 (Windows NT 10.0; Win64; x64) AppleWebKit/537.36 (KHTML, like Gecko) Chrome/96.0.4664.45 Safari/537.36"
163.215.6.1 - - [08/Dec/2021:04:36:08 +0000] "GET /wp-content/uploads/2020/01/books-e1585573975658.png HTTP/2.0" 200 549531 "https://ja.tak-cslab.org/" "Mozilla/5.0 (Windows NT 10.0; Win64; x64) AppleWebKit/537.36 (KHTML, like Gecko) Chrome/96.0.4664.45 Safari/537.36"
163.215.6.1 - - [08/Dec/2021:04:36:08 +0000] "GET /favicon.ico HTTP/2.0" 302 0 "https://ja.tak-cslab.org/" "Mozilla/5.0 (Windows NT 10.0; Win64; x64) AppleWebKit/537.36 (KHTML, like Gecko) Chrome/96.0.4664.45 Safari/537.36"
163.215.6.1 - - [08/Dec/2021:04:36:08 +0000] "GET /wp-includes/images/w-logo-blue-white-bg.png HTTP/2.0" 200 4119 "https://ja.tak-cslab.org/" "Mozilla/5.0 (Windows NT 10.0; Win64; x64) AppleWebKit/537.36 (KHTML, like Gecko) Chrome/96.0.4664.45 Safari/537.36"
163.215.6.1 - - [08/Dec/2021:04:36:30 +0000] "GET /about/member HTTP/2.0" 200 6498 "https://ja.tak-cslab.org/" "Mozilla/5.0 (Windows NT 10.0; Win64; x64) AppleWebKit/537.36 (KHTML, like Gecko) Chrome/96.0.4664.45 Safari/537.36"
163.215.6.1 - - [08/Dec/2021:04:36:30 +0000] "GET /favicon.ico HTTP/2.0" 302 0 "https://ja.tak-cslab.org/about/member" "Mozilla/5.0 (Windows NT 10.0; Win64; x64) AppleWebKit/537.36 (KHTML, like Gecko) Chrome/96.0.4664.45 Safari/537.36"
163.215.6.1 - - [08/Dec/2021:04:36:35 +0000] "GET /archives/author/futa-takahashi HTTP/2.0" 200 5831 "https://ja.tak-cslab.org/about/member" "Mozilla/5.0 (Windows NT 10.0; Win64; x64) AppleWebKit/537.36 (KHTML, like Gecko) Chrome/96.0.4664.45 Safari/537.36"
163.215.6.1 - - [08/Dec/2021:04:36:35 +0000] "GET /wp-content/themes/cdsl/logo-qiita.png HTTP/2.0" 200 4021 "https://ja.tak-cslab.org/archives/author/futa-takahashi" "Mozilla/5.0 (Windows NT 10.0; Win64; x64) AppleWebKit/537.36 (KHTML, like Gecko) Chrome/96.0.4664.45 Safari/537.36"
163.215.6.1 - - [08/Dec/2021:04:36:35 +0000] "GET /wp-content/themes/cdsl/logo-github.png HTTP/2.0" 200 4545 "https://ja.tak-cslab.org/archives/author/futa-takahashi" "Mozilla/5.0 (Windows NT 10.0; Win64; x64) AppleWebKit/537.36 (KHTML, like Gecko) Chrome/96.0.4664.45 Safari/537.36"
163.215.6.1 - - [08/Dec/2021:04:36:35 +0000] "GET /favicon.ico HTTP/2.0" 302 0 "https://ja.tak-cslab.org/archives/author/futa-takahashi" "Mozilla/5.0 (Windows NT 10.0; Win64; x64) AppleWebKit/537.36 (KHTML, like Gecko) Chrome/96.0.4664.45 Safari/537.36"
163.215.6.1 - - [08/Dec/2021:04:36:48 +0000] "GET /favicon.ico HTTP/2.0" 302 0 "https://ja.tak-cslab.org/about/member" "Mozilla/5.0 (Windows NT 10.0; Win64; x64) AppleWebKit/537.36 (KHTML, like Gecko) Chrome/96.0.4664.45 Safari/537.36"
163.215.6.1 - - [08/Dec/2021:04:36:51 +0000] "GET /archives/1700 HTTP/2.0" 200 6513 "https://ja.tak-cslab.org/archives/author/futa-takahashi" "Mozilla/5.0 (Windows NT 10.0; Win64; x64) AppleWebKit/537.36 (KHTML, like Gecko) Chrome/96.0.4664.45 Safari/537.36"
163.215.6.1 - - [08/Dec/2021:04:36:51 +0000] "GET /wp-includes/js/comment-reply.min.js?ver=5.8.2 HTTP/2.0" 200 1390 "https://ja.tak-cslab.org/archives/1700" "Mozilla/5.0 (Windows NT 10.0; Win64; x64) AppleWebKit/537.36 (KHTML, like Gecko) Chrome/96.0.4664.45 Safari/537.36"
163.215.6.1 - - [08/Dec/2021:04:36:51 +0000] "GET /favicon.ico HTTP/2.0" 302 0 "https://ja.tak-cslab.org/archives/1700" "Mozilla/5.0 (Windows NT 10.0; Win64; x64) AppleWebKit/537.36 (KHTML, like Gecko) Chrome/96.0.4664.45 Safari/537.36"
