106.75.173.98 - - [09/Dec/2021:12:17:23 +0000] "GET / HTTP/1.1" 301 162 "-" "Mozilla/5.0 (Windows NT 6.1) AppleWebKit/537.36 (KHTML, like Gecko) Chrome/49.0.2623.112 Safari/537.36"
216.245.221.83 - - [09/Dec/2021:12:18:29 +0000] "HEAD / HTTP/1.1" 301 0 "http://ja.tak-cslab.org/" "Mozilla/5.0+(compatible; UptimeRobot/2.0; http://www.uptimerobot.com/)"
163.215.6.1 - - [09/Dec/2021:12:18:29 +0000] "POST /wp-cron.php?doing_wp_cron=1639052309.7056651115417480468750 HTTP/1.1" 200 31 "https://ja.tak-cslab.org/wp-cron.php?doing_wp_cron=1639052309.7056651115417480468750" "WordPress/5.8.2; https://ja.tak-cslab.org"
216.245.221.83 - - [09/Dec/2021:12:18:29 +0000] "HEAD / HTTP/1.1" 200 0 "http://ja.tak-cslab.org/" "Mozilla/5.0+(compatible; UptimeRobot/2.0; http://www.uptimerobot.com/)"
34.206.38.217 - - [09/Dec/2021:12:19:39 +0000] "GET /feed HTTP/1.1" 200 54716 "-" "Automate.io BOT"
216.245.221.83 - - [09/Dec/2021:12:23:29 +0000] "HEAD / HTTP/1.1" 301 0 "http://ja.tak-cslab.org/" "Mozilla/5.0+(compatible; UptimeRobot/2.0; http://www.uptimerobot.com/)"
216.245.221.83 - - [09/Dec/2021:12:23:29 +0000] "HEAD / HTTP/1.1" 200 0 "http://ja.tak-cslab.org/" "Mozilla/5.0+(compatible; UptimeRobot/2.0; http://www.uptimerobot.com/)"
185.220.101.173 - - [09/Dec/2021:12:23:36 +0000] "POST /xmlrpc.php HTTP/1.0" 301 162 "-" "Mozilla/5.0 (Windows NT 10.0; rv:83.0) Gecko/20100101 Firefox/83.0"
185.220.101.173 - - [09/Dec/2021:12:23:38 +0000] "POST /xmlrpc.php HTTP/1.0" 200 403 "-" "Mozilla/5.0 (Windows NT 10.0; rv:83.0) Gecko/20100101 Firefox/83.0"
185.191.171.23 - - [09/Dec/2021:12:23:52 +0000] "GET /robots.txt HTTP/1.1" 200 123 "-" "Mozilla/5.0 (compatible; SemrushBot/7~bl; +http://www.semrush.com/bot.html)"
185.191.171.33 - - [09/Dec/2021:12:23:53 +0000] "GET /archives/author/c0118180 HTTP/1.1" 200 5948 "-" "Mozilla/5.0 (compatible; SemrushBot/7~bl; +http://www.semrush.com/bot.html)"
34.206.38.217 - - [09/Dec/2021:12:24:39 +0000] "GET /feed HTTP/1.1" 200 54718 "-" "Automate.io BOT"
216.245.221.83 - - [09/Dec/2021:12:28:29 +0000] "HEAD / HTTP/1.1" 301 0 "http://ja.tak-cslab.org/" "Mozilla/5.0+(compatible; UptimeRobot/2.0; http://www.uptimerobot.com/)"
216.245.221.83 - - [09/Dec/2021:12:28:29 +0000] "HEAD / HTTP/1.1" 200 0 "http://ja.tak-cslab.org/" "Mozilla/5.0+(compatible; UptimeRobot/2.0; http://www.uptimerobot.com/)"
207.46.13.85 - - [09/Dec/2021:12:28:58 +0000] "GET /wp-content/uploads/2021/04/CDSL-System-Architecture6.png HTTP/2.0" 200 70835 "-" "Mozilla/5.0 (compatible; bingbot/2.0; +http://www.bing.com/bingbot.htm)"
34.206.38.217 - - [09/Dec/2021:12:29:39 +0000] "GET /feed HTTP/1.1" 200 54716 "-" "Automate.io BOT"
118.87.66.84 - - [09/Dec/2021:12:32:31 +0000] "GET /archives/1115 HTTP/2.0" 200 8036 "https://www.google.com/" "Mozilla/5.0 (Linux; Android 10; SC-02L) AppleWebKit/537.36 (KHTML, like Gecko) Chrome/96.0.4664.92 Mobile Safari/537.36"
118.87.66.84 - - [09/Dec/2021:12:32:31 +0000] "GET /wp-content/themes/scaffold/style.css?ver=5.8.2 HTTP/2.0" 200 5846 "https://ja.tak-cslab.org/archives/1115" "Mozilla/5.0 (Linux; Android 10; SC-02L) AppleWebKit/537.36 (KHTML, like Gecko) Chrome/96.0.4664.92 Mobile Safari/537.36"
118.87.66.84 - - [09/Dec/2021:12:32:31 +0000] "GET /wp-content/themes/cdsl/style.css?ver=1.3.1 HTTP/2.0" 200 272 "https://ja.tak-cslab.org/archives/1115" "Mozilla/5.0 (Linux; Android 10; SC-02L) AppleWebKit/537.36 (KHTML, like Gecko) Chrome/96.0.4664.92 Mobile Safari/537.36"
118.87.66.84 - - [09/Dec/2021:12:32:31 +0000] "GET /wp-includes/css/dist/block-library/style.min.css?ver=5.8.2 HTTP/2.0" 200 13704 "https://ja.tak-cslab.org/archives/1115" "Mozilla/5.0 (Linux; Android 10; SC-02L) AppleWebKit/537.36 (KHTML, like Gecko) Chrome/96.0.4664.92 Mobile Safari/537.36"
118.87.66.84 - - [09/Dec/2021:12:32:31 +0000] "GET /wp-content/themes/scaffold/assets/js/navigation.js?ver=1.3.1 HTTP/2.0" 200 1266 "https://ja.tak-cslab.org/archives/1115" "Mozilla/5.0 (Linux; Android 10; SC-02L) AppleWebKit/537.36 (KHTML, like Gecko) Chrome/96.0.4664.92 Mobile Safari/537.36"
118.87.66.84 - - [09/Dec/2021:12:32:31 +0000] "GET /wp-includes/js/comment-reply.min.js?ver=5.8.2 HTTP/2.0" 200 1390 "https://ja.tak-cslab.org/archives/1115" "Mozilla/5.0 (Linux; Android 10; SC-02L) AppleWebKit/537.36 (KHTML, like Gecko) Chrome/96.0.4664.92 Mobile Safari/537.36"
118.87.66.84 - - [09/Dec/2021:12:32:31 +0000] "GET /wp-includes/js/wp-embed.min.js?ver=5.8.2 HTTP/2.0" 200 779 "https://ja.tak-cslab.org/archives/1115" "Mozilla/5.0 (Linux; Android 10; SC-02L) AppleWebKit/537.36 (KHTML, like Gecko) Chrome/96.0.4664.92 Mobile Safari/537.36"
66.249.79.158 - - [09/Dec/2021:12:32:32 +0000] "GET /access HTTP/1.1" 200 6087 "-" "Mozilla/5.0 (compatible; Googlebot/2.1; +http://www.google.com/bot.html)"
118.87.66.84 - - [09/Dec/2021:12:32:32 +0000] "GET /wp-includes/js/wp-emoji-release.min.js?ver=5.8.2 HTTP/2.0" 200 5714 "https://ja.tak-cslab.org/archives/1115" "Mozilla/5.0 (Linux; Android 10; SC-02L) AppleWebKit/537.36 (KHTML, like Gecko) Chrome/96.0.4664.92 Mobile Safari/537.36"
118.87.66.84 - - [09/Dec/2021:12:32:32 +0000] "GET /favicon.ico HTTP/2.0" 302 0 "https://ja.tak-cslab.org/archives/1115" "Mozilla/5.0 (Linux; Android 10; SC-02L) AppleWebKit/537.36 (KHTML, like Gecko) Chrome/96.0.4664.92 Mobile Safari/537.36"
118.87.66.84 - - [09/Dec/2021:12:32:32 +0000] "GET /wp-includes/images/w-logo-blue-white-bg.png HTTP/2.0" 200 4119 "https://ja.tak-cslab.org/archives/1115" "Mozilla/5.0 (Linux; Android 10; SC-02L) AppleWebKit/537.36 (KHTML, like Gecko) Chrome/96.0.4664.92 Mobile Safari/537.36"
35.185.241.102 - - [09/Dec/2021:12:32:40 +0000] "GET /archives/1115 HTTP/1.1" 301 162 "-" "Mozilla/5.0 (Windows NT 6.1; WOW64; Trident/7.0; rv:11.0) like Gecko"
35.185.241.102 - - [09/Dec/2021:12:32:40 +0000] "GET /archives/1115 HTTP/1.1" 200 23982 "-" "Mozilla/5.0 (Windows NT 6.1; WOW64; Trident/7.0; rv:11.0) like Gecko"
66.249.79.159 - - [09/Dec/2021:12:33:26 +0000] "GET /wp-content/themes/scaffold/assets/js/navigation.js?ver=1.3.1 HTTP/1.1" 200 1278 "https://ja.tak-cslab.org/access" "Mozilla/5.0 AppleWebKit/537.36 (KHTML, like Gecko; compatible; Googlebot/2.1; +http://www.google.com/bot.html) Chrome/96.0.4664.45 Safari/537.36"
216.245.221.83 - - [09/Dec/2021:12:33:29 +0000] "HEAD / HTTP/1.1" 301 0 "http://ja.tak-cslab.org/" "Mozilla/5.0+(compatible; UptimeRobot/2.0; http://www.uptimerobot.com/)"
216.245.221.83 - - [09/Dec/2021:12:33:29 +0000] "HEAD / HTTP/1.1" 200 0 "http://ja.tak-cslab.org/" "Mozilla/5.0+(compatible; UptimeRobot/2.0; http://www.uptimerobot.com/)"
3.86.222.105 - - [09/Dec/2021:12:33:40 +0000] "HEAD /feed HTTP/2.0" 200 0 "-" "Slackbot 1.0 (+https://api.slack.com/robots)"
44.200.174.68 - - [09/Dec/2021:12:33:41 +0000] "GET /feed HTTP/1.1" 200 54716 "-" "Slackbot 1.0 (+https://api.slack.com/robots)"
54.164.116.129 - - [09/Dec/2021:12:33:42 +0000] "GET / HTTP/1.1" 200 6223 "-" "Slackbot 1.0 (+https://api.slack.com/robots)"
34.206.38.217 - - [09/Dec/2021:12:34:39 +0000] "GET /feed HTTP/1.1" 200 54716 "-" "Automate.io BOT"
88.198.20.79 - - [09/Dec/2021:12:36:50 +0000] "GET /feed HTTP/1.1" 200 54716 "-" "Mozilla/5.0 (compatible; DataForSeoBot/1.0; +https://dataforseo.com/dataforseo-bot)"
88.198.20.79 - - [09/Dec/2021:12:37:36 +0000] "GET /comments/feed HTTP/1.1" 200 815 "-" "Mozilla/5.0 (compatible; DataForSeoBot/1.0; +https://dataforseo.com/dataforseo-bot)"
216.245.221.83 - - [09/Dec/2021:12:38:29 +0000] "HEAD / HTTP/1.1" 301 0 "http://ja.tak-cslab.org/" "Mozilla/5.0+(compatible; UptimeRobot/2.0; http://www.uptimerobot.com/)"
216.245.221.83 - - [09/Dec/2021:12:38:29 +0000] "HEAD / HTTP/1.1" 200 0 "http://ja.tak-cslab.org/" "Mozilla/5.0+(compatible; UptimeRobot/2.0; http://www.uptimerobot.com/)"
34.206.38.217 - - [09/Dec/2021:12:39:39 +0000] "GET /feed HTTP/1.1" 200 54716 "-" "Automate.io BOT"
216.245.221.83 - - [09/Dec/2021:12:43:29 +0000] "HEAD / HTTP/1.1" 301 0 "http://ja.tak-cslab.org/" "Mozilla/5.0+(compatible; UptimeRobot/2.0; http://www.uptimerobot.com/)"
216.245.221.83 - - [09/Dec/2021:12:43:29 +0000] "HEAD / HTTP/1.1" 200 0 "http://ja.tak-cslab.org/" "Mozilla/5.0+(compatible; UptimeRobot/2.0; http://www.uptimerobot.com/)"
34.206.38.217 - - [09/Dec/2021:12:44:40 +0000] "GET /feed HTTP/1.1" 200 54716 "-" "Automate.io BOT"
216.245.221.83 - - [09/Dec/2021:12:48:29 +0000] "HEAD / HTTP/1.1" 301 0 "http://ja.tak-cslab.org/" "Mozilla/5.0+(compatible; UptimeRobot/2.0; http://www.uptimerobot.com/)"
216.245.221.83 - - [09/Dec/2021:12:48:29 +0000] "HEAD / HTTP/1.1" 200 0 "http://ja.tak-cslab.org/" "Mozilla/5.0+(compatible; UptimeRobot/2.0; http://www.uptimerobot.com/)"
34.206.38.217 - - [09/Dec/2021:12:49:40 +0000] "GET /feed HTTP/1.1" 200 54716 "-" "Automate.io BOT"
216.245.221.83 - - [09/Dec/2021:12:53:29 +0000] "HEAD / HTTP/1.1" 301 0 "http://ja.tak-cslab.org/" "Mozilla/5.0+(compatible; UptimeRobot/2.0; http://www.uptimerobot.com/)"
216.245.221.83 - - [09/Dec/2021:12:53:29 +0000] "HEAD / HTTP/1.1" 200 0 "http://ja.tak-cslab.org/" "Mozilla/5.0+(compatible; UptimeRobot/2.0; http://www.uptimerobot.com/)"
54.152.200.114 - - [09/Dec/2021:12:53:40 +0000] "HEAD /feed HTTP/2.0" 200 0 "-" "Slackbot 1.0 (+https://api.slack.com/robots)"
3.238.191.91 - - [09/Dec/2021:12:53:41 +0000] "GET /feed HTTP/1.1" 200 54716 "-" "Slackbot 1.0 (+https://api.slack.com/robots)"
54.166.111.246 - - [09/Dec/2021:12:53:42 +0000] "GET / HTTP/1.1" 200 6215 "-" "Slackbot 1.0 (+https://api.slack.com/robots)"
40.77.167.66 - - [09/Dec/2021:12:54:21 +0000] "GET /wp-content/uploads/2020/08/a09d90ee1399aba8e4a03e1ecfd12a89.png HTTP/2.0" 200 32426 "-" "Mozilla/5.0 (compatible; bingbot/2.0; +http://www.bing.com/bingbot.htm)"
216.245.221.83 - - [09/Dec/2021:12:58:29 +0000] "HEAD / HTTP/1.1" 301 0 "http://ja.tak-cslab.org/" "Mozilla/5.0+(compatible; UptimeRobot/2.0; http://www.uptimerobot.com/)"
216.245.221.83 - - [09/Dec/2021:12:58:29 +0000] "HEAD / HTTP/1.1" 200 0 "http://ja.tak-cslab.org/" "Mozilla/5.0+(compatible; UptimeRobot/2.0; http://www.uptimerobot.com/)"
34.206.38.217 - - [09/Dec/2021:12:59:49 +0000] "GET /feed HTTP/1.1" 200 54716 "-" "Automate.io BOT"
114.119.135.83 - - [09/Dec/2021:13:01:12 +0000] "GET /10gin_cds1?redirect_to=https://ja.tak-cslab.org/archives/750 HTTP/1.1" 200 4550 "-" "Mozilla/5.0 (Linux; Android 7.0;) AppleWebKit/537.36 (KHTML, like Gecko) Mobile Safari/537.36 (compatible; PetalBot;+https://webmaster.petalsearch.com/site/petalbot)"
163.215.6.1 - - [09/Dec/2021:13:02:32 +0000] "POST /wp-cron.php?doing_wp_cron=1639054952.4733700752258300781250 HTTP/1.1" 200 31 "https://ja.tak-cslab.org/wp-cron.php?doing_wp_cron=1639054952.4733700752258300781250" "WordPress/5.8.2; https://ja.tak-cslab.org"
66.249.79.158 - - [09/Dec/2021:13:02:32 +0000] "GET /access HTTP/1.1" 200 6087 "-" "Mozilla/5.0 (Linux; Android 6.0.1; Nexus 5X Build/MMB29P) AppleWebKit/537.36 (KHTML, like Gecko) Chrome/96.0.4664.45 Mobile Safari/537.36 (compatible; Googlebot/2.1; +http://www.google.com/bot.html)"
66.249.79.159 - - [09/Dec/2021:13:02:36 +0000] "GET /wp-content/themes/scaffold/assets/js/navigation.js?ver=1.3.1 HTTP/1.1" 200 1278 "https://ja.tak-cslab.org/access" "Mozilla/5.0 (Linux; Android 6.0.1; Nexus 5X Build/MMB29P) AppleWebKit/537.36 (KHTML, like Gecko) Chrome/96.0.4664.45 Mobile Safari/537.36 (compatible; Googlebot/2.1; +http://www.google.com/bot.html)"
51.222.253.7 - - [09/Dec/2021:13:03:05 +0000] "GET /tags/include-directive HTTP/2.0" 200 6535 "-" "Mozilla/5.0 (compatible; AhrefsBot/7.0; +http://ahrefs.com/robot/)"
216.245.221.83 - - [09/Dec/2021:13:03:29 +0000] "HEAD / HTTP/1.1" 301 0 "http://ja.tak-cslab.org/" "Mozilla/5.0+(compatible; UptimeRobot/2.0; http://www.uptimerobot.com/)"
216.245.221.83 - - [09/Dec/2021:13:03:29 +0000] "HEAD / HTTP/1.1" 200 0 "http://ja.tak-cslab.org/" "Mozilla/5.0+(compatible; UptimeRobot/2.0; http://www.uptimerobot.com/)"
173.231.60.197 - - [09/Dec/2021:13:03:53 +0000] "GET / HTTP/1.1" 200 6216 "-" "Mozilla/5.0 (compatible; Adsbot/3.1; +https://seostar.co/robot/)"
54.178.115.240 - - [09/Dec/2021:13:04:34 +0000] "GET /favicon.ico HTTP/1.1" 302 5 "-" "Slack-ImgProxy (+https://api.slack.com/robots)"
3.112.31.140 - - [09/Dec/2021:13:04:34 +0000] "GET /wp-includes/images/w-logo-blue-white-bg.png HTTP/1.1" 200 4119 "-" "Slack-ImgProxy (+https://api.slack.com/robots)"
34.206.38.217 - - [09/Dec/2021:13:04:49 +0000] "GET /feed HTTP/1.1" 200 54716 "-" "Automate.io BOT"
188.126.73.208 - - [09/Dec/2021:13:05:53 +0000] "GET /archives/460/ HTTP/1.0" 301 162 "http://ja.tak-cslab.org/archives/460/" "Mozilla/5.0 (Windows NT 6.3; Win64; x64) AppleWebKit/537.36 (KHTML, like Gecko) Chrome/90.0.4430.85 Safari/537.36"
188.126.73.208 - - [09/Dec/2021:13:05:56 +0000] "GET /archives/460/ HTTP/1.0" 301 0 "https://ja.tak-cslab.org/archives/460/" "Mozilla/5.0 (Windows NT 6.3; Win64; x64) AppleWebKit/537.36 (KHTML, like Gecko) Chrome/90.0.4430.85 Safari/537.36"
188.126.73.208 - - [09/Dec/2021:13:05:57 +0000] "GET /archives/460 HTTP/1.0" 200 27795 "https://ja.tak-cslab.org/archives/460" "Mozilla/5.0 (Windows NT 6.3; Win64; x64) AppleWebKit/537.36 (KHTML, like Gecko) Chrome/90.0.4430.85 Safari/537.36"
216.245.221.83 - - [09/Dec/2021:13:08:29 +0000] "HEAD / HTTP/1.1" 301 0 "http://ja.tak-cslab.org/" "Mozilla/5.0+(compatible; UptimeRobot/2.0; http://www.uptimerobot.com/)"
216.245.221.83 - - [09/Dec/2021:13:08:29 +0000] "HEAD / HTTP/1.1" 200 0 "http://ja.tak-cslab.org/" "Mozilla/5.0+(compatible; UptimeRobot/2.0; http://www.uptimerobot.com/)"
34.206.38.217 - - [09/Dec/2021:13:09:49 +0000] "GET /feed HTTP/1.1" 200 54704 "-" "Automate.io BOT"
216.245.221.83 - - [09/Dec/2021:13:13:29 +0000] "HEAD / HTTP/1.1" 301 0 "http://ja.tak-cslab.org/" "Mozilla/5.0+(compatible; UptimeRobot/2.0; http://www.uptimerobot.com/)"
163.215.6.1 - - [09/Dec/2021:13:13:29 +0000] "POST /wp-cron.php?doing_wp_cron=1639055609.6331210136413574218750 HTTP/1.1" 200 31 "https://ja.tak-cslab.org/wp-cron.php?doing_wp_cron=1639055609.6331210136413574218750" "WordPress/5.8.2; https://ja.tak-cslab.org"
216.245.221.83 - - [09/Dec/2021:13:13:29 +0000] "HEAD / HTTP/1.1" 200 0 "http://ja.tak-cslab.org/" "Mozilla/5.0+(compatible; UptimeRobot/2.0; http://www.uptimerobot.com/)"
3.227.243.65 - - [09/Dec/2021:13:13:45 +0000] "HEAD /feed HTTP/2.0" 200 0 "-" "Slackbot 1.0 (+https://api.slack.com/robots)"
3.227.243.65 - - [09/Dec/2021:13:13:46 +0000] "GET /feed HTTP/1.1" 200 54718 "-" "Slackbot 1.0 (+https://api.slack.com/robots)"
3.235.178.22 - - [09/Dec/2021:13:13:49 +0000] "GET / HTTP/1.1" 200 6223 "-" "Slackbot 1.0 (+https://api.slack.com/robots)"
182.22.17.34 - - [09/Dec/2021:13:14:04 +0000] "GET /wp-content/uploads/2021/04/CDSL-System-Architecture1.png HTTP/2.0" 200 89919 "-" "Mozilla/5.0 (iPhone; CPU iPhone OS 14_6 like Mac OS X) AppleWebKit/605.1.15 (KHTML, like Gecko) Version/14.1.1 Mobile/15E148 Safari/604.1"
34.206.38.217 - - [09/Dec/2021:13:14:49 +0000] "GET /feed HTTP/1.1" 200 54718 "-" "Automate.io BOT"
27.121.200.80 - - [09/Dec/2021:13:14:54 +0000] "GET /wp-content/uploads/2020/07/bft1-2.png HTTP/2.0" 200 156708 "https://www.google.com/" "Mozilla/5.0 (Macintosh; Intel Mac OS X 10_15_7) AppleWebKit/537.36 (KHTML, like Gecko) Chrome/96.0.4664.55 Safari/537.36"
163.215.6.1 - - [09/Dec/2021:13:17:16 +0000] "POST /wp-cron.php?doing_wp_cron=1639055836.5942909717559814453125 HTTP/1.1" 200 31 "https://ja.tak-cslab.org/wp-cron.php?doing_wp_cron=1639055836.5942909717559814453125" "WordPress/5.8.2; https://ja.tak-cslab.org"
40.77.167.66 - - [09/Dec/2021:13:17:16 +0000] "GET /archives/774 HTTP/2.0" 200 6592 "-" "Mozilla/5.0 (compatible; bingbot/2.0; +http://www.bing.com/bingbot.htm)"
40.77.167.44 - - [09/Dec/2021:13:17:35 +0000] "GET /wp-content/themes/scaffold/assets/js/navigation.js?ver=1.3.1 HTTP/2.0" 200 1266 "-" "Mozilla/5.0 (compatible; bingbot/2.0; +http://www.bing.com/bingbot.htm)"
216.245.221.83 - - [09/Dec/2021:13:18:29 +0000] "HEAD / HTTP/1.1" 301 0 "http://ja.tak-cslab.org/" "Mozilla/5.0+(compatible; UptimeRobot/2.0; http://www.uptimerobot.com/)"
163.215.6.1 - - [09/Dec/2021:13:18:29 +0000] "POST /wp-cron.php?doing_wp_cron=1639055909.7032289505004882812500 HTTP/1.1" 200 31 "https://ja.tak-cslab.org/wp-cron.php?doing_wp_cron=1639055909.7032289505004882812500" "WordPress/5.8.2; https://ja.tak-cslab.org"
216.245.221.83 - - [09/Dec/2021:13:18:29 +0000] "HEAD / HTTP/1.1" 200 0 "http://ja.tak-cslab.org/" "Mozilla/5.0+(compatible; UptimeRobot/2.0; http://www.uptimerobot.com/)"
163.215.6.1 - - [09/Dec/2021:13:19:50 +0000] "POST /wp-cron.php?doing_wp_cron=1639055989.2466299533843994140625 HTTP/1.1" 200 31 "https://ja.tak-cslab.org/wp-cron.php?doing_wp_cron=1639055989.2466299533843994140625" "WordPress/5.8.2; https://ja.tak-cslab.org"
34.206.38.217 - - [09/Dec/2021:13:19:50 +0000] "GET /feed HTTP/1.1" 200 54716 "-" "Automate.io BOT"
216.245.221.83 - - [09/Dec/2021:13:23:29 +0000] "HEAD / HTTP/1.1" 301 0 "http://ja.tak-cslab.org/" "Mozilla/5.0+(compatible; UptimeRobot/2.0; http://www.uptimerobot.com/)"
216.245.221.83 - - [09/Dec/2021:13:23:29 +0000] "HEAD / HTTP/1.1" 200 0 "http://ja.tak-cslab.org/" "Mozilla/5.0+(compatible; UptimeRobot/2.0; http://www.uptimerobot.com/)"
88.147.153.212 - - [09/Dec/2021:13:24:44 +0000] "GET /archives/460/ HTTP/1.0" 301 162 "http://ja.tak-cslab.org/archives/460/" "Mozilla/5.0 (Windows NT 6.1; ) AppleWebKit/537.36 (KHTML, like Gecko) Chrome/90.0.4430.85 Safari/537.36"
88.147.153.212 - - [09/Dec/2021:13:24:45 +0000] "GET /archives/460/ HTTP/1.0" 301 0 "https://ja.tak-cslab.org/archives/460/" "Mozilla/5.0 (Windows NT 6.1; ) AppleWebKit/537.36 (KHTML, like Gecko) Chrome/90.0.4430.85 Safari/537.36"
88.147.153.212 - - [09/Dec/2021:13:24:47 +0000] "GET /archives/460 HTTP/1.0" 200 27795 "https://ja.tak-cslab.org/archives/460" "Mozilla/5.0 (Windows NT 6.1; ) AppleWebKit/537.36 (KHTML, like Gecko) Chrome/90.0.4430.85 Safari/537.36"
113.147.10.206 - - [09/Dec/2021:13:25:32 +0000] "GET / HTTP/2.0" 200 6196 "-" "Mozilla/5.0 (Macintosh; Intel Mac OS X 10.15; rv:94.0) Gecko/20100101 Firefox/94.0"
113.147.10.206 - - [09/Dec/2021:13:25:32 +0000] "GET /wp-includes/images/w-logo-blue-white-bg.png HTTP/2.0" 200 0 "https://ja.tak-cslab.org/" "Mozilla/5.0 (Macintosh; Intel Mac OS X 10.15; rv:94.0) Gecko/20100101 Firefox/94.0"
35.185.241.102 - - [09/Dec/2021:13:25:32 +0000] "GET / HTTP/1.1" 301 162 "-" "Mozilla/5.0 (Windows NT 6.1; WOW64; Trident/7.0; rv:11.0) like Gecko"
35.185.241.102 - - [09/Dec/2021:13:25:33 +0000] "GET / HTTP/1.1" 200 6209 "-" "Mozilla/5.0 (Windows NT 6.1; WOW64; Trident/7.0; rv:11.0) like Gecko"
216.245.221.83 - - [09/Dec/2021:13:28:29 +0000] "HEAD / HTTP/1.1" 301 0 "http://ja.tak-cslab.org/" "Mozilla/5.0+(compatible; UptimeRobot/2.0; http://www.uptimerobot.com/)"
216.245.221.83 - - [09/Dec/2021:13:28:29 +0000] "HEAD / HTTP/1.1" 200 0 "http://ja.tak-cslab.org/" "Mozilla/5.0+(compatible; UptimeRobot/2.0; http://www.uptimerobot.com/)"
34.206.38.217 - - [09/Dec/2021:13:29:49 +0000] "GET /feed HTTP/1.1" 200 54718 "-" "Automate.io BOT"
66.249.79.158 - - [09/Dec/2021:13:32:33 +0000] "GET /archives/author/c0118272 HTTP/1.1" 200 5997 "-" "Mozilla/5.0 (compatible; Googlebot/2.1; +http://www.google.com/bot.html)"
126.203.214.174 - - [09/Dec/2021:13:33:12 +0000] "GET /archives/498 HTTP/2.0" 200 7352 "https://www.google.com/" "Mozilla/5.0 (Windows NT 10.0; Win64; x64) AppleWebKit/537.36 (KHTML, like Gecko) Chrome/96.0.4664.45 Safari/537.36"
126.203.214.174 - - [09/Dec/2021:13:33:12 +0000] "GET /wp-content/themes/cdsl/style.css?ver=1.3.1 HTTP/2.0" 200 272 "https://ja.tak-cslab.org/archives/498" "Mozilla/5.0 (Windows NT 10.0; Win64; x64) AppleWebKit/537.36 (KHTML, like Gecko) Chrome/96.0.4664.45 Safari/537.36"
126.203.214.174 - - [09/Dec/2021:13:33:12 +0000] "GET /wp-content/themes/scaffold/assets/js/navigation.js?ver=1.3.1 HTTP/2.0" 200 1266 "https://ja.tak-cslab.org/archives/498" "Mozilla/5.0 (Windows NT 10.0; Win64; x64) AppleWebKit/537.36 (KHTML, like Gecko) Chrome/96.0.4664.45 Safari/537.36"
126.203.214.174 - - [09/Dec/2021:13:33:12 +0000] "GET /wp-includes/js/comment-reply.min.js?ver=5.8.2 HTTP/2.0" 200 1390 "https://ja.tak-cslab.org/archives/498" "Mozilla/5.0 (Windows NT 10.0; Win64; x64) AppleWebKit/537.36 (KHTML, like Gecko) Chrome/96.0.4664.45 Safari/537.36"
126.203.214.174 - - [09/Dec/2021:13:33:12 +0000] "GET /wp-includes/css/dist/block-library/style.min.css?ver=5.8.2 HTTP/2.0" 200 13704 "https://ja.tak-cslab.org/archives/498" "Mozilla/5.0 (Windows NT 10.0; Win64; x64) AppleWebKit/537.36 (KHTML, like Gecko) Chrome/96.0.4664.45 Safari/537.36"
126.203.214.174 - - [09/Dec/2021:13:33:12 +0000] "GET /wp-includes/js/wp-embed.min.js?ver=5.8.2 HTTP/2.0" 200 779 "https://ja.tak-cslab.org/archives/498" "Mozilla/5.0 (Windows NT 10.0; Win64; x64) AppleWebKit/537.36 (KHTML, like Gecko) Chrome/96.0.4664.45 Safari/537.36"
126.203.214.174 - - [09/Dec/2021:13:33:12 +0000] "GET /wp-content/themes/scaffold/style.css?ver=5.8.2 HTTP/2.0" 200 5846 "https://ja.tak-cslab.org/archives/498" "Mozilla/5.0 (Windows NT 10.0; Win64; x64) AppleWebKit/537.36 (KHTML, like Gecko) Chrome/96.0.4664.45 Safari/537.36"
126.203.214.174 - - [09/Dec/2021:13:33:12 +0000] "GET /wp-includes/js/wp-emoji-release.min.js?ver=5.8.2 HTTP/2.0" 200 5714 "https://ja.tak-cslab.org/archives/498" "Mozilla/5.0 (Windows NT 10.0; Win64; x64) AppleWebKit/537.36 (KHTML, like Gecko) Chrome/96.0.4664.45 Safari/537.36"
126.203.214.174 - - [09/Dec/2021:13:33:12 +0000] "GET /favicon.ico HTTP/2.0" 302 0 "https://ja.tak-cslab.org/archives/498" "Mozilla/5.0 (Windows NT 10.0; Win64; x64) AppleWebKit/537.36 (KHTML, like Gecko) Chrome/96.0.4664.45 Safari/537.36"
126.203.214.174 - - [09/Dec/2021:13:33:13 +0000] "GET /wp-includes/images/w-logo-blue-white-bg.png HTTP/2.0" 200 4119 "https://ja.tak-cslab.org/archives/498" "Mozilla/5.0 (Windows NT 10.0; Win64; x64) AppleWebKit/537.36 (KHTML, like Gecko) Chrome/96.0.4664.45 Safari/537.36"
216.245.221.83 - - [09/Dec/2021:13:33:29 +0000] "HEAD / HTTP/1.1" 301 0 "http://ja.tak-cslab.org/" "Mozilla/5.0+(compatible; UptimeRobot/2.0; http://www.uptimerobot.com/)"
216.245.221.83 - - [09/Dec/2021:13:33:29 +0000] "HEAD / HTTP/1.1" 200 0 "http://ja.tak-cslab.org/" "Mozilla/5.0+(compatible; UptimeRobot/2.0; http://www.uptimerobot.com/)"
54.227.79.29 - - [09/Dec/2021:13:33:42 +0000] "HEAD /feed HTTP/2.0" 200 0 "-" "Slackbot 1.0 (+https://api.slack.com/robots)"
54.89.185.161 - - [09/Dec/2021:13:33:43 +0000] "GET /feed HTTP/1.1" 200 54718 "-" "Slackbot 1.0 (+https://api.slack.com/robots)"
18.207.134.77 - - [09/Dec/2021:13:33:44 +0000] "GET / HTTP/1.1" 200 6209 "-" "Slackbot 1.0 (+https://api.slack.com/robots)"
216.245.221.83 - - [09/Dec/2021:13:38:29 +0000] "HEAD / HTTP/1.1" 301 0 "http://ja.tak-cslab.org/" "Mozilla/5.0+(compatible; UptimeRobot/2.0; http://www.uptimerobot.com/)"
163.215.6.1 - - [09/Dec/2021:13:38:29 +0000] "POST /wp-cron.php?doing_wp_cron=1639057109.6498410701751708984375 HTTP/1.1" 200 31 "https://ja.tak-cslab.org/wp-cron.php?doing_wp_cron=1639057109.6498410701751708984375" "WordPress/5.8.2; https://ja.tak-cslab.org"
216.245.221.83 - - [09/Dec/2021:13:38:29 +0000] "HEAD / HTTP/1.1" 200 0 "http://ja.tak-cslab.org/" "Mozilla/5.0+(compatible; UptimeRobot/2.0; http://www.uptimerobot.com/)"
163.215.6.1 - - [09/Dec/2021:13:38:29 +0000] "GET / HTTP/1.1" 200 6209 "https://ja.tak-cslab.org/" "WordPress/5.8.2; https://ja.tak-cslab.org"
34.206.38.217 - - [09/Dec/2021:13:39:50 +0000] "GET /feed HTTP/1.1" 200 54718 "-" "Automate.io BOT"
72.255.9.84 - - [09/Dec/2021:13:42:24 +0000] "GET /archives/460/ HTTP/1.0" 301 162 "http://ja.tak-cslab.org/archives/460/" "Mozilla/5.0 (Windows NT 6.3; Win64; x64) AppleWebKit/537.36 (KHTML, like Gecko) Chrome/90.0.4430.85 Safari/537.36"
72.255.9.84 - - [09/Dec/2021:13:42:25 +0000] "GET /archives/460/ HTTP/1.0" 301 0 "https://ja.tak-cslab.org/archives/460/" "Mozilla/5.0 (Windows NT 6.3; Win64; x64) AppleWebKit/537.36 (KHTML, like Gecko) Chrome/90.0.4430.85 Safari/537.36"
72.255.9.84 - - [09/Dec/2021:13:42:26 +0000] "GET /archives/460 HTTP/1.0" 200 27795 "https://ja.tak-cslab.org/archives/460" "Mozilla/5.0 (Windows NT 6.3; Win64; x64) AppleWebKit/537.36 (KHTML, like Gecko) Chrome/90.0.4430.85 Safari/537.36"
216.245.221.83 - - [09/Dec/2021:13:43:29 +0000] "HEAD / HTTP/1.1" 301 0 "http://ja.tak-cslab.org/" "Mozilla/5.0+(compatible; UptimeRobot/2.0; http://www.uptimerobot.com/)"
216.245.221.83 - - [09/Dec/2021:13:43:29 +0000] "HEAD / HTTP/1.1" 200 0 "http://ja.tak-cslab.org/" "Mozilla/5.0+(compatible; UptimeRobot/2.0; http://www.uptimerobot.com/)"
216.245.221.83 - - [09/Dec/2021:13:48:29 +0000] "HEAD / HTTP/1.1" 301 0 "http://ja.tak-cslab.org/" "Mozilla/5.0+(compatible; UptimeRobot/2.0; http://www.uptimerobot.com/)"
216.245.221.83 - - [09/Dec/2021:13:48:29 +0000] "HEAD / HTTP/1.1" 200 0 "http://ja.tak-cslab.org/" "Mozilla/5.0+(compatible; UptimeRobot/2.0; http://www.uptimerobot.com/)"
34.206.38.217 - - [09/Dec/2021:13:49:50 +0000] "GET /feed HTTP/1.1" 200 54716 "-" "Automate.io BOT"
216.245.221.83 - - [09/Dec/2021:13:53:29 +0000] "HEAD / HTTP/1.1" 301 0 "http://ja.tak-cslab.org/" "Mozilla/5.0+(compatible; UptimeRobot/2.0; http://www.uptimerobot.com/)"
216.245.221.83 - - [09/Dec/2021:13:53:29 +0000] "HEAD / HTTP/1.1" 200 0 "http://ja.tak-cslab.org/" "Mozilla/5.0+(compatible; UptimeRobot/2.0; http://www.uptimerobot.com/)"
54.164.116.129 - - [09/Dec/2021:13:53:42 +0000] "HEAD /feed HTTP/2.0" 200 0 "-" "Slackbot 1.0 (+https://api.slack.com/robots)"
44.200.61.40 - - [09/Dec/2021:13:53:43 +0000] "GET /feed HTTP/1.1" 200 54716 "-" "Slackbot 1.0 (+https://api.slack.com/robots)"
34.203.198.130 - - [09/Dec/2021:13:53:44 +0000] "GET / HTTP/1.1" 200 6223 "-" "Slackbot 1.0 (+https://api.slack.com/robots)"
34.206.38.217 - - [09/Dec/2021:13:54:50 +0000] "GET /feed HTTP/1.1" 200 54718 "-" "Automate.io BOT"
185.220.101.157 - - [09/Dec/2021:13:55:31 +0000] "POST /xmlrpc.php HTTP/1.0" 301 162 "-" "Mozilla/5.0 (Macintosh; Intel Mac OS X 10_14) AppleWebKit/605.1.15 (KHTML, like Gecko) Version/12.0 Safari/605.1.15"
185.220.101.157 - - [09/Dec/2021:13:55:34 +0000] "POST /xmlrpc.php HTTP/1.0" 200 403 "-" "Mozilla/5.0 (Macintosh; Intel Mac OS X 10_14) AppleWebKit/605.1.15 (KHTML, like Gecko) Version/12.0 Safari/605.1.15"
216.245.221.83 - - [09/Dec/2021:13:58:29 +0000] "HEAD / HTTP/1.1" 301 0 "http://ja.tak-cslab.org/" "Mozilla/5.0+(compatible; UptimeRobot/2.0; http://www.uptimerobot.com/)"
216.245.221.83 - - [09/Dec/2021:13:58:29 +0000] "HEAD / HTTP/1.1" 200 0 "http://ja.tak-cslab.org/" "Mozilla/5.0+(compatible; UptimeRobot/2.0; http://www.uptimerobot.com/)"
34.206.38.217 - - [09/Dec/2021:13:59:51 +0000] "GET /feed HTTP/1.1" 200 54718 "-" "Automate.io BOT"
216.245.221.83 - - [09/Dec/2021:14:03:29 +0000] "HEAD / HTTP/1.1" 301 0 "http://ja.tak-cslab.org/" "Mozilla/5.0+(compatible; UptimeRobot/2.0; http://www.uptimerobot.com/)"
163.215.6.1 - - [09/Dec/2021:14:03:29 +0000] "POST /wp-cron.php?doing_wp_cron=1639058609.6496119499206542968750 HTTP/1.1" 200 31 "https://ja.tak-cslab.org/wp-cron.php?doing_wp_cron=1639058609.6496119499206542968750" "WordPress/5.8.2; https://ja.tak-cslab.org"
216.245.221.83 - - [09/Dec/2021:14:03:29 +0000] "HEAD / HTTP/1.1" 200 0 "http://ja.tak-cslab.org/" "Mozilla/5.0+(compatible; UptimeRobot/2.0; http://www.uptimerobot.com/)"
185.191.171.34 - - [09/Dec/2021:14:04:02 +0000] "GET /robots.txt HTTP/1.1" 200 123 "-" "Mozilla/5.0 (compatible; SemrushBot/7~bl; +http://www.semrush.com/bot.html)"
185.191.171.34 - - [09/Dec/2021:14:04:02 +0000] "GET /archives/1125 HTTP/1.1" 200 12253 "-" "Mozilla/5.0 (compatible; SemrushBot/7~bl; +http://www.semrush.com/bot.html)"
34.206.38.217 - - [09/Dec/2021:14:04:51 +0000] "GET /feed HTTP/1.1" 200 54716 "-" "Automate.io BOT"
5.248.227.97 - - [09/Dec/2021:14:05:36 +0000] "GET / HTTP/1.1" 301 162 "https://erotikfoto.ru/" "Mozilla/4.0 (compatible; MSIE 6.0; Windows NT 5.1; .NET CLR 1.0.3705)"
216.245.221.83 - - [09/Dec/2021:14:08:29 +0000] "HEAD / HTTP/1.1" 301 0 "http://ja.tak-cslab.org/" "Mozilla/5.0+(compatible; UptimeRobot/2.0; http://www.uptimerobot.com/)"
216.245.221.83 - - [09/Dec/2021:14:08:29 +0000] "HEAD / HTTP/1.1" 200 0 "http://ja.tak-cslab.org/" "Mozilla/5.0+(compatible; UptimeRobot/2.0; http://www.uptimerobot.com/)"
51.222.253.20 - - [09/Dec/2021:14:09:26 +0000] "GET /archives/1682 HTTP/2.0" 200 7126 "-" "Mozilla/5.0 (compatible; AhrefsBot/7.0; +http://ahrefs.com/robot/)"
34.206.38.217 - - [09/Dec/2021:14:09:50 +0000] "GET /feed HTTP/1.1" 200 54716 "-" "Automate.io BOT"
216.245.221.83 - - [09/Dec/2021:14:13:29 +0000] "HEAD / HTTP/1.1" 301 0 "http://ja.tak-cslab.org/" "Mozilla/5.0+(compatible; UptimeRobot/2.0; http://www.uptimerobot.com/)"
216.245.221.83 - - [09/Dec/2021:14:13:29 +0000] "HEAD / HTTP/1.1" 200 0 "http://ja.tak-cslab.org/" "Mozilla/5.0+(compatible; UptimeRobot/2.0; http://www.uptimerobot.com/)"
3.238.126.29 - - [09/Dec/2021:14:13:40 +0000] "HEAD /feed HTTP/2.0" 200 0 "-" "Slackbot 1.0 (+https://api.slack.com/robots)"
107.22.89.160 - - [09/Dec/2021:14:13:41 +0000] "GET /feed HTTP/1.1" 200 54716 "-" "Slackbot 1.0 (+https://api.slack.com/robots)"
3.82.98.69 - - [09/Dec/2021:14:13:43 +0000] "GET / HTTP/1.1" 200 6216 "-" "Slackbot 1.0 (+https://api.slack.com/robots)"
34.206.38.217 - - [09/Dec/2021:14:14:50 +0000] "GET /feed HTTP/1.1" 200 54718 "-" "Automate.io BOT"
216.245.221.83 - - [09/Dec/2021:14:18:29 +0000] "HEAD / HTTP/1.1" 301 0 "http://ja.tak-cslab.org/" "Mozilla/5.0+(compatible; UptimeRobot/2.0; http://www.uptimerobot.com/)"
163.215.6.1 - - [09/Dec/2021:14:18:29 +0000] "POST /wp-cron.php?doing_wp_cron=1639059509.6485910415649414062500 HTTP/1.1" 200 31 "https://ja.tak-cslab.org/wp-cron.php?doing_wp_cron=1639059509.6485910415649414062500" "WordPress/5.8.2; https://ja.tak-cslab.org"
216.245.221.83 - - [09/Dec/2021:14:18:29 +0000] "HEAD / HTTP/1.1" 200 0 "http://ja.tak-cslab.org/" "Mozilla/5.0+(compatible; UptimeRobot/2.0; http://www.uptimerobot.com/)"
34.206.38.217 - - [09/Dec/2021:14:19:50 +0000] "GET /feed HTTP/1.1" 200 54718 "-" "Automate.io BOT"
216.245.221.83 - - [09/Dec/2021:14:23:29 +0000] "HEAD / HTTP/1.1" 301 0 "http://ja.tak-cslab.org/" "Mozilla/5.0+(compatible; UptimeRobot/2.0; http://www.uptimerobot.com/)"
216.245.221.83 - - [09/Dec/2021:14:23:29 +0000] "HEAD / HTTP/1.1" 200 0 "http://ja.tak-cslab.org/" "Mozilla/5.0+(compatible; UptimeRobot/2.0; http://www.uptimerobot.com/)"
216.245.221.83 - - [09/Dec/2021:14:28:29 +0000] "HEAD / HTTP/1.1" 301 0 "http://ja.tak-cslab.org/" "Mozilla/5.0+(compatible; UptimeRobot/2.0; http://www.uptimerobot.com/)"
216.245.221.83 - - [09/Dec/2021:14:28:29 +0000] "HEAD / HTTP/1.1" 200 0 "http://ja.tak-cslab.org/" "Mozilla/5.0+(compatible; UptimeRobot/2.0; http://www.uptimerobot.com/)"
34.206.38.217 - - [09/Dec/2021:14:29:53 +0000] "GET /feed HTTP/1.1" 200 54718 "-" "Automate.io BOT"
216.245.221.83 - - [09/Dec/2021:14:33:29 +0000] "HEAD / HTTP/1.1" 301 0 "http://ja.tak-cslab.org/" "Mozilla/5.0+(compatible; UptimeRobot/2.0; http://www.uptimerobot.com/)"
216.245.221.83 - - [09/Dec/2021:14:33:29 +0000] "HEAD / HTTP/1.1" 200 0 "http://ja.tak-cslab.org/" "Mozilla/5.0+(compatible; UptimeRobot/2.0; http://www.uptimerobot.com/)"
54.164.116.129 - - [09/Dec/2021:14:33:39 +0000] "HEAD /feed HTTP/2.0" 200 0 "-" "Slackbot 1.0 (+https://api.slack.com/robots)"
54.81.51.150 - - [09/Dec/2021:14:33:39 +0000] "GET /feed HTTP/1.1" 200 54718 "-" "Slackbot 1.0 (+https://api.slack.com/robots)"
3.92.160.134 - - [09/Dec/2021:14:33:40 +0000] "GET / HTTP/1.1" 200 6209 "-" "Slackbot 1.0 (+https://api.slack.com/robots)"
40.77.167.66 - - [09/Dec/2021:14:38:22 +0000] "GET /wp-content/uploads/2020/09/Screen-Shot-2020-09-09-at-16.18.16-1024x804.png HTTP/2.0" 200 261532 "-" "Mozilla/5.0 (compatible; bingbot/2.0; +http://www.bing.com/bingbot.htm)"
216.245.221.83 - - [09/Dec/2021:14:38:29 +0000] "HEAD / HTTP/1.1" 301 0 "http://ja.tak-cslab.org/" "Mozilla/5.0+(compatible; UptimeRobot/2.0; http://www.uptimerobot.com/)"
216.245.221.83 - - [09/Dec/2021:14:38:30 +0000] "HEAD / HTTP/1.1" 200 0 "http://ja.tak-cslab.org/" "Mozilla/5.0+(compatible; UptimeRobot/2.0; http://www.uptimerobot.com/)"
34.206.38.217 - - [09/Dec/2021:14:39:52 +0000] "GET /feed HTTP/1.1" 200 54711 "-" "Automate.io BOT"
216.245.221.83 - - [09/Dec/2021:14:43:29 +0000] "HEAD / HTTP/1.1" 301 0 "http://ja.tak-cslab.org/" "Mozilla/5.0+(compatible; UptimeRobot/2.0; http://www.uptimerobot.com/)"
216.245.221.83 - - [09/Dec/2021:14:43:29 +0000] "HEAD / HTTP/1.1" 200 0 "http://ja.tak-cslab.org/" "Mozilla/5.0+(compatible; UptimeRobot/2.0; http://www.uptimerobot.com/)"
34.206.38.217 - - [09/Dec/2021:14:44:52 +0000] "GET /feed HTTP/1.1" 200 54716 "-" "Automate.io BOT"
3.112.200.185 - - [09/Dec/2021:14:46:56 +0000] "GET /favicon.ico HTTP/1.1" 302 5 "-" "Slack-ImgProxy (+https://api.slack.com/robots)"
13.230.161.36 - - [09/Dec/2021:14:46:56 +0000] "GET /wp-includes/images/w-logo-blue-white-bg.png HTTP/1.1" 200 4119 "-" "Slack-ImgProxy (+https://api.slack.com/robots)"
216.245.221.83 - - [09/Dec/2021:14:48:29 +0000] "HEAD / HTTP/1.1" 301 0 "http://ja.tak-cslab.org/" "Mozilla/5.0+(compatible; UptimeRobot/2.0; http://www.uptimerobot.com/)"
216.245.221.83 - - [09/Dec/2021:14:48:29 +0000] "HEAD / HTTP/1.1" 200 0 "http://ja.tak-cslab.org/" "Mozilla/5.0+(compatible; UptimeRobot/2.0; http://www.uptimerobot.com/)"
216.245.221.83 - - [09/Dec/2021:14:53:29 +0000] "HEAD / HTTP/1.1" 301 0 "http://ja.tak-cslab.org/" "Mozilla/5.0+(compatible; UptimeRobot/2.0; http://www.uptimerobot.com/)"
216.245.221.83 - - [09/Dec/2021:14:53:29 +0000] "HEAD / HTTP/1.1" 200 0 "http://ja.tak-cslab.org/" "Mozilla/5.0+(compatible; UptimeRobot/2.0; http://www.uptimerobot.com/)"
3.227.243.65 - - [09/Dec/2021:14:53:38 +0000] "HEAD /feed HTTP/2.0" 200 0 "-" "Slackbot 1.0 (+https://api.slack.com/robots)"
54.89.185.161 - - [09/Dec/2021:14:53:38 +0000] "GET /feed HTTP/1.1" 200 54718 "-" "Slackbot 1.0 (+https://api.slack.com/robots)"
54.164.116.129 - - [09/Dec/2021:14:53:39 +0000] "GET / HTTP/1.1" 200 6223 "-" "Slackbot 1.0 (+https://api.slack.com/robots)"
34.206.38.217 - - [09/Dec/2021:14:54:53 +0000] "GET /feed HTTP/1.1" 200 54718 "-" "Automate.io BOT"
51.222.253.7 - - [09/Dec/2021:14:58:27 +0000] "GET / HTTP/2.0" 200 6196 "-" "Mozilla/5.0 (compatible; AhrefsBot/7.0; +http://ahrefs.com/robot/)"
216.245.221.83 - - [09/Dec/2021:14:58:29 +0000] "HEAD / HTTP/1.1" 301 0 "http://ja.tak-cslab.org/" "Mozilla/5.0+(compatible; UptimeRobot/2.0; http://www.uptimerobot.com/)"
216.245.221.83 - - [09/Dec/2021:14:58:29 +0000] "HEAD / HTTP/1.1" 200 0 "http://ja.tak-cslab.org/" "Mozilla/5.0+(compatible; UptimeRobot/2.0; http://www.uptimerobot.com/)"
216.245.221.83 - - [09/Dec/2021:15:03:29 +0000] "HEAD / HTTP/1.1" 301 0 "http://ja.tak-cslab.org/" "Mozilla/5.0+(compatible; UptimeRobot/2.0; http://www.uptimerobot.com/)"
163.215.6.1 - - [09/Dec/2021:15:03:29 +0000] "POST /wp-cron.php?doing_wp_cron=1639062209.6700150966644287109375 HTTP/1.1" 200 31 "https://ja.tak-cslab.org/wp-cron.php?doing_wp_cron=1639062209.6700150966644287109375" "WordPress/5.8.2; https://ja.tak-cslab.org"
216.245.221.83 - - [09/Dec/2021:15:03:29 +0000] "HEAD / HTTP/1.1" 200 0 "http://ja.tak-cslab.org/" "Mozilla/5.0+(compatible; UptimeRobot/2.0; http://www.uptimerobot.com/)"
34.206.38.217 - - [09/Dec/2021:15:04:54 +0000] "GET /feed HTTP/1.1" 200 54716 "-" "Automate.io BOT"
216.245.221.83 - - [09/Dec/2021:15:08:29 +0000] "HEAD / HTTP/1.1" 301 0 "http://ja.tak-cslab.org/" "Mozilla/5.0+(compatible; UptimeRobot/2.0; http://www.uptimerobot.com/)"
216.245.221.83 - - [09/Dec/2021:15:08:29 +0000] "HEAD / HTTP/1.1" 200 0 "http://ja.tak-cslab.org/" "Mozilla/5.0+(compatible; UptimeRobot/2.0; http://www.uptimerobot.com/)"
34.206.38.217 - - [09/Dec/2021:15:09:55 +0000] "GET /feed HTTP/1.1" 200 54695 "-" "Automate.io BOT"
216.245.221.83 - - [09/Dec/2021:15:13:29 +0000] "HEAD / HTTP/1.1" 301 0 "http://ja.tak-cslab.org/" "Mozilla/5.0+(compatible; UptimeRobot/2.0; http://www.uptimerobot.com/)"
216.245.221.83 - - [09/Dec/2021:15:13:29 +0000] "HEAD / HTTP/1.1" 200 0 "http://ja.tak-cslab.org/" "Mozilla/5.0+(compatible; UptimeRobot/2.0; http://www.uptimerobot.com/)"
54.81.51.150 - - [09/Dec/2021:15:13:42 +0000] "HEAD /feed HTTP/2.0" 200 0 "-" "Slackbot 1.0 (+https://api.slack.com/robots)"
54.210.236.2 - - [09/Dec/2021:15:13:42 +0000] "GET /feed HTTP/1.1" 200 54710 "-" "Slackbot 1.0 (+https://api.slack.com/robots)"
44.197.246.59 - - [09/Dec/2021:15:13:43 +0000] "GET / HTTP/1.1" 200 6215 "-" "Slackbot 1.0 (+https://api.slack.com/robots)"
34.206.38.217 - - [09/Dec/2021:15:14:54 +0000] "GET /feed HTTP/1.1" 200 54718 "-" "Automate.io BOT"
216.245.221.83 - - [09/Dec/2021:15:18:29 +0000] "HEAD / HTTP/1.1" 301 0 "http://ja.tak-cslab.org/" "Mozilla/5.0+(compatible; UptimeRobot/2.0; http://www.uptimerobot.com/)"
163.215.6.1 - - [09/Dec/2021:15:18:29 +0000] "POST /wp-cron.php?doing_wp_cron=1639063109.6913630962371826171875 HTTP/1.1" 200 31 "https://ja.tak-cslab.org/wp-cron.php?doing_wp_cron=1639063109.6913630962371826171875" "WordPress/5.8.2; https://ja.tak-cslab.org"
216.245.221.83 - - [09/Dec/2021:15:18:29 +0000] "HEAD / HTTP/1.1" 200 0 "http://ja.tak-cslab.org/" "Mozilla/5.0+(compatible; UptimeRobot/2.0; http://www.uptimerobot.com/)"
154.54.249.199 - - [09/Dec/2021:15:22:42 +0000] "GET /robots.txt HTTP/1.1" 200 123 "-" "Mozilla/5.0 (compatible; Barkrowler/0.9; +https://babbar.tech/crawler)"
154.54.249.199 - - [09/Dec/2021:15:22:57 +0000] "GET / HTTP/1.1" 200 6223 "-" "Mozilla/5.0 (compatible; Barkrowler/0.9; +https://babbar.tech/crawler)"
216.245.221.83 - - [09/Dec/2021:15:23:29 +0000] "HEAD / HTTP/1.1" 301 0 "http://ja.tak-cslab.org/" "Mozilla/5.0+(compatible; UptimeRobot/2.0; http://www.uptimerobot.com/)"
216.245.221.83 - - [09/Dec/2021:15:23:29 +0000] "HEAD / HTTP/1.1" 200 0 "http://ja.tak-cslab.org/" "Mozilla/5.0+(compatible; UptimeRobot/2.0; http://www.uptimerobot.com/)"
34.206.38.217 - - [09/Dec/2021:15:24:54 +0000] "GET /feed HTTP/1.1" 200 54718 "-" "Automate.io BOT"
216.245.221.83 - - [09/Dec/2021:15:28:29 +0000] "HEAD / HTTP/1.1" 301 0 "http://ja.tak-cslab.org/" "Mozilla/5.0+(compatible; UptimeRobot/2.0; http://www.uptimerobot.com/)"
216.245.221.83 - - [09/Dec/2021:15:28:29 +0000] "HEAD / HTTP/1.1" 200 0 "http://ja.tak-cslab.org/" "Mozilla/5.0+(compatible; UptimeRobot/2.0; http://www.uptimerobot.com/)"
34.206.38.217 - - [09/Dec/2021:15:29:54 +0000] "GET /feed HTTP/1.1" 200 54716 "-" "Automate.io BOT"
114.119.135.84 - - [09/Dec/2021:15:32:28 +0000] "GET /archives/295 HTTP/1.1" 200 6424 "-" "Mozilla/5.0 (Linux; Android 7.0;) AppleWebKit/537.36 (KHTML, like Gecko) Mobile Safari/537.36 (compatible; PetalBot;+https://webmaster.petalsearch.com/site/petalbot)"
216.245.221.83 - - [09/Dec/2021:15:33:29 +0000] "HEAD / HTTP/1.1" 301 0 "http://ja.tak-cslab.org/" "Mozilla/5.0+(compatible; UptimeRobot/2.0; http://www.uptimerobot.com/)"
216.245.221.83 - - [09/Dec/2021:15:33:29 +0000] "HEAD / HTTP/1.1" 200 0 "http://ja.tak-cslab.org/" "Mozilla/5.0+(compatible; UptimeRobot/2.0; http://www.uptimerobot.com/)"
114.119.135.96 - - [09/Dec/2021:15:33:33 +0000] "GET /archives/896 HTTP/1.1" 200 10381 "-" "Mozilla/5.0 (Linux; Android 7.0;) AppleWebKit/537.36 (KHTML, like Gecko) Mobile Safari/537.36 (compatible; PetalBot;+https://webmaster.petalsearch.com/site/petalbot)"
34.203.198.130 - - [09/Dec/2021:15:33:40 +0000] "HEAD /feed HTTP/2.0" 200 0 "-" "Slackbot 1.0 (+https://api.slack.com/robots)"
3.83.229.16 - - [09/Dec/2021:15:33:40 +0000] "GET /feed HTTP/1.1" 200 54716 "-" "Slackbot 1.0 (+https://api.slack.com/robots)"
107.22.89.160 - - [09/Dec/2021:15:33:41 +0000] "GET / HTTP/1.1" 200 6223 "-" "Slackbot 1.0 (+https://api.slack.com/robots)"
40.77.167.66 - - [09/Dec/2021:15:34:49 +0000] "GET /archives/498 HTTP/2.0" 200 7352 "-" "Mozilla/5.0 (compatible; bingbot/2.0; +http://www.bing.com/bingbot.htm)"
34.206.38.217 - - [09/Dec/2021:15:34:54 +0000] "GET /feed HTTP/1.1" 200 54716 "-" "Automate.io BOT"
40.77.167.44 - - [09/Dec/2021:15:35:08 +0000] "GET /wp-content/themes/scaffold/assets/js/navigation.js?ver=1.3.1 HTTP/2.0" 200 1266 "-" "Mozilla/5.0 (compatible; bingbot/2.0; +http://www.bing.com/bingbot.htm)"
144.76.107.244 - - [09/Dec/2021:15:36:53 +0000] "GET /feed HTTP/1.1" 200 54716 "-" "Mozilla/5.0 (compatible; DataForSeoBot/1.0; +https://dataforseo.com/dataforseo-bot)"
116.202.155.228 - - [09/Dec/2021:15:37:37 +0000] "GET /comments/feed HTTP/1.1" 200 815 "-" "Mozilla/5.0 (compatible; DataForSeoBot/1.0; +https://dataforseo.com/dataforseo-bot)"
216.245.221.83 - - [09/Dec/2021:15:38:29 +0000] "HEAD / HTTP/1.1" 301 0 "http://ja.tak-cslab.org/" "Mozilla/5.0+(compatible; UptimeRobot/2.0; http://www.uptimerobot.com/)"
216.245.221.83 - - [09/Dec/2021:15:38:29 +0000] "HEAD / HTTP/1.1" 200 0 "http://ja.tak-cslab.org/" "Mozilla/5.0+(compatible; UptimeRobot/2.0; http://www.uptimerobot.com/)"
34.206.38.217 - - [09/Dec/2021:15:39:54 +0000] "GET /feed HTTP/1.1" 200 54716 "-" "Automate.io BOT"
51.222.253.19 - - [09/Dec/2021:15:41:22 +0000] "GET /?page_id=117 HTTP/2.0" 301 0 "-" "Mozilla/5.0 (compatible; AhrefsBot/7.0; +http://ahrefs.com/robot/)"
216.245.221.83 - - [09/Dec/2021:15:43:29 +0000] "HEAD / HTTP/1.1" 301 0 "http://ja.tak-cslab.org/" "Mozilla/5.0+(compatible; UptimeRobot/2.0; http://www.uptimerobot.com/)"
216.245.221.83 - - [09/Dec/2021:15:43:29 +0000] "HEAD / HTTP/1.1" 200 0 "http://ja.tak-cslab.org/" "Mozilla/5.0+(compatible; UptimeRobot/2.0; http://www.uptimerobot.com/)"
34.206.38.217 - - [09/Dec/2021:15:44:54 +0000] "GET /feed HTTP/1.1" 200 54716 "-" "Automate.io BOT"
216.245.221.83 - - [09/Dec/2021:15:48:29 +0000] "HEAD / HTTP/1.1" 301 0 "http://ja.tak-cslab.org/" "Mozilla/5.0+(compatible; UptimeRobot/2.0; http://www.uptimerobot.com/)"
216.245.221.83 - - [09/Dec/2021:15:48:29 +0000] "HEAD / HTTP/1.1" 200 0 "http://ja.tak-cslab.org/" "Mozilla/5.0+(compatible; UptimeRobot/2.0; http://www.uptimerobot.com/)"
34.206.38.217 - - [09/Dec/2021:15:49:54 +0000] "GET /feed HTTP/1.1" 200 54716 "-" "Automate.io BOT"
124.98.232.84 - - [09/Dec/2021:15:51:39 +0000] "GET / HTTP/2.0" 200 6196 "https://www.tak-cslab.org/" "Mozilla/5.0 (Windows NT 10.0; WOW64) AppleWebKit/537.36 (KHTML, like Gecko) Chrome/96.0.4664.45 Safari/537.36"
124.98.232.84 - - [09/Dec/2021:15:51:39 +0000] "GET /wp-includes/css/dist/block-library/style.min.css?ver=5.8.2 HTTP/2.0" 200 13704 "https://ja.tak-cslab.org/" "Mozilla/5.0 (Windows NT 10.0; WOW64) AppleWebKit/537.36 (KHTML, like Gecko) Chrome/96.0.4664.45 Safari/537.36"
124.98.232.84 - - [09/Dec/2021:15:51:39 +0000] "GET /wp-content/themes/scaffold/style.css?ver=5.8.2 HTTP/2.0" 200 5846 "https://ja.tak-cslab.org/" "Mozilla/5.0 (Windows NT 10.0; WOW64) AppleWebKit/537.36 (KHTML, like Gecko) Chrome/96.0.4664.45 Safari/537.36"
124.98.232.84 - - [09/Dec/2021:15:51:39 +0000] "GET /wp-content/themes/cdsl/style.css?ver=1.3.1 HTTP/2.0" 200 272 "https://ja.tak-cslab.org/" "Mozilla/5.0 (Windows NT 10.0; WOW64) AppleWebKit/537.36 (KHTML, like Gecko) Chrome/96.0.4664.45 Safari/537.36"
124.98.232.84 - - [09/Dec/2021:15:51:39 +0000] "GET /wp-content/themes/scaffold/assets/js/navigation.js?ver=1.3.1 HTTP/2.0" 200 1266 "https://ja.tak-cslab.org/" "Mozilla/5.0 (Windows NT 10.0; WOW64) AppleWebKit/537.36 (KHTML, like Gecko) Chrome/96.0.4664.45 Safari/537.36"
124.98.232.84 - - [09/Dec/2021:15:51:39 +0000] "GET /wp-includes/js/wp-embed.min.js?ver=5.8.2 HTTP/2.0" 200 779 "https://ja.tak-cslab.org/" "Mozilla/5.0 (Windows NT 10.0; WOW64) AppleWebKit/537.36 (KHTML, like Gecko) Chrome/96.0.4664.45 Safari/537.36"
124.98.232.84 - - [09/Dec/2021:15:51:39 +0000] "GET /wp-includes/js/wp-emoji-release.min.js?ver=5.8.2 HTTP/2.0" 200 5714 "https://ja.tak-cslab.org/" "Mozilla/5.0 (Windows NT 10.0; WOW64) AppleWebKit/537.36 (KHTML, like Gecko) Chrome/96.0.4664.45 Safari/537.36"
124.98.232.84 - - [09/Dec/2021:15:51:39 +0000] "GET /wp-content/plugins/native-lazyload/assets/images/placeholder.svg HTTP/2.0" 200 88 "https://ja.tak-cslab.org/" "Mozilla/5.0 (Windows NT 10.0; WOW64) AppleWebKit/537.36 (KHTML, like Gecko) Chrome/96.0.4664.45 Safari/537.36"
124.98.232.84 - - [09/Dec/2021:15:51:40 +0000] "GET /wp-content/uploads/2020/01/server-e1585573899521.png HTTP/2.0" 200 426115 "https://ja.tak-cslab.org/" "Mozilla/5.0 (Windows NT 10.0; WOW64) AppleWebKit/537.36 (KHTML, like Gecko) Chrome/96.0.4664.45 Safari/537.36"
124.98.232.84 - - [09/Dec/2021:15:51:40 +0000] "GET /wp-content/uploads/2020/01/desk-e1585573956500.png HTTP/2.0" 200 367831 "https://ja.tak-cslab.org/" "Mozilla/5.0 (Windows NT 10.0; WOW64) AppleWebKit/537.36 (KHTML, like Gecko) Chrome/96.0.4664.45 Safari/537.36"
124.98.232.84 - - [09/Dec/2021:15:51:40 +0000] "GET /wp-content/uploads/2020/01/iot2-e1585573992906.png HTTP/2.0" 200 439802 "https://ja.tak-cslab.org/" "Mozilla/5.0 (Windows NT 10.0; WOW64) AppleWebKit/537.36 (KHTML, like Gecko) Chrome/96.0.4664.45 Safari/537.36"
124.98.232.84 - - [09/Dec/2021:15:51:40 +0000] "GET /wp-content/uploads/2020/01/books-e1585573975658.png HTTP/2.0" 200 549531 "https://ja.tak-cslab.org/" "Mozilla/5.0 (Windows NT 10.0; WOW64) AppleWebKit/537.36 (KHTML, like Gecko) Chrome/96.0.4664.45 Safari/537.36"
124.98.232.84 - - [09/Dec/2021:15:51:42 +0000] "GET /favicon.ico HTTP/2.0" 302 0 "https://ja.tak-cslab.org/" "Mozilla/5.0 (Windows NT 10.0; WOW64) AppleWebKit/537.36 (KHTML, like Gecko) Chrome/96.0.4664.45 Safari/537.36"
124.98.232.84 - - [09/Dec/2021:15:51:42 +0000] "GET /wp-includes/images/w-logo-blue-white-bg.png HTTP/2.0" 200 4119 "https://ja.tak-cslab.org/" "Mozilla/5.0 (Windows NT 10.0; WOW64) AppleWebKit/537.36 (KHTML, like Gecko) Chrome/96.0.4664.45 Safari/537.36"
124.98.232.84 - - [09/Dec/2021:15:52:10 +0000] "GET /?page_id=206 HTTP/2.0" 301 0 "-" "Mozilla/5.0 (Windows NT 10.0; WOW64) AppleWebKit/537.36 (KHTML, like Gecko) Chrome/96.0.4664.45 Safari/537.36"
124.98.232.84 - - [09/Dec/2021:15:52:10 +0000] "GET /publish-assets HTTP/2.0" 200 10383 "-" "Mozilla/5.0 (Windows NT 10.0; WOW64) AppleWebKit/537.36 (KHTML, like Gecko) Chrome/96.0.4664.45 Safari/537.36"
216.245.221.83 - - [09/Dec/2021:15:53:29 +0000] "HEAD / HTTP/1.1" 301 0 "http://ja.tak-cslab.org/" "Mozilla/5.0+(compatible; UptimeRobot/2.0; http://www.uptimerobot.com/)"
216.245.221.83 - - [09/Dec/2021:15:53:29 +0000] "HEAD / HTTP/1.1" 200 0 "http://ja.tak-cslab.org/" "Mozilla/5.0+(compatible; UptimeRobot/2.0; http://www.uptimerobot.com/)"
54.89.185.161 - - [09/Dec/2021:15:53:42 +0000] "HEAD /feed HTTP/2.0" 200 0 "-" "Slackbot 1.0 (+https://api.slack.com/robots)"
3.86.222.105 - - [09/Dec/2021:15:53:43 +0000] "GET /feed HTTP/1.1" 200 54718 "-" "Slackbot 1.0 (+https://api.slack.com/robots)"
3.235.178.22 - - [09/Dec/2021:15:53:44 +0000] "GET / HTTP/1.1" 200 6223 "-" "Slackbot 1.0 (+https://api.slack.com/robots)"
34.206.38.217 - - [09/Dec/2021:15:54:54 +0000] "GET /feed HTTP/1.1" 200 54718 "-" "Automate.io BOT"
216.245.221.83 - - [09/Dec/2021:15:58:29 +0000] "HEAD / HTTP/1.1" 301 0 "http://ja.tak-cslab.org/" "Mozilla/5.0+(compatible; UptimeRobot/2.0; http://www.uptimerobot.com/)"
216.245.221.83 - - [09/Dec/2021:15:58:29 +0000] "HEAD / HTTP/1.1" 200 0 "http://ja.tak-cslab.org/" "Mozilla/5.0+(compatible; UptimeRobot/2.0; http://www.uptimerobot.com/)"
51.222.253.17 - - [09/Dec/2021:16:00:03 +0000] "GET /wp-content/uploads/2021/12/IMG_3285-1-1024x682.jpg HTTP/2.0" 200 122634 "-" "Mozilla/5.0 (compatible; AhrefsBot/7.0; +http://ahrefs.com/robot/)"
216.245.221.83 - - [09/Dec/2021:16:03:29 +0000] "HEAD / HTTP/1.1" 301 0 "http://ja.tak-cslab.org/" "Mozilla/5.0+(compatible; UptimeRobot/2.0; http://www.uptimerobot.com/)"
163.215.6.1 - - [09/Dec/2021:16:03:29 +0000] "POST /wp-cron.php?doing_wp_cron=1639065809.6435821056365966796875 HTTP/1.1" 200 31 "https://ja.tak-cslab.org/wp-cron.php?doing_wp_cron=1639065809.6435821056365966796875" "WordPress/5.8.2; https://ja.tak-cslab.org"
216.245.221.83 - - [09/Dec/2021:16:03:29 +0000] "HEAD / HTTP/1.1" 200 0 "http://ja.tak-cslab.org/" "Mozilla/5.0+(compatible; UptimeRobot/2.0; http://www.uptimerobot.com/)"
34.206.38.217 - - [09/Dec/2021:16:04:54 +0000] "GET /feed HTTP/1.1" 200 54718 "-" "Automate.io BOT"
216.245.221.83 - - [09/Dec/2021:16:08:29 +0000] "HEAD / HTTP/1.1" 301 0 "http://ja.tak-cslab.org/" "Mozilla/5.0+(compatible; UptimeRobot/2.0; http://www.uptimerobot.com/)"
216.245.221.83 - - [09/Dec/2021:16:08:29 +0000] "HEAD / HTTP/1.1" 200 0 "http://ja.tak-cslab.org/" "Mozilla/5.0+(compatible; UptimeRobot/2.0; http://www.uptimerobot.com/)"
34.206.38.217 - - [09/Dec/2021:16:09:54 +0000] "GET /feed HTTP/1.1" 200 54718 "-" "Automate.io BOT"
51.222.253.8 - - [09/Dec/2021:16:10:18 +0000] "GET /wp-content/uploads/2021/03/iOS-%E3%81%AE%E7%94%BB%E5%83%8F-1-1-1024x768.jpg HTTP/2.0" 200 92484 "-" "Mozilla/5.0 (compatible; AhrefsBot/7.0; +http://ahrefs.com/robot/)"
216.245.221.83 - - [09/Dec/2021:16:13:29 +0000] "HEAD / HTTP/1.1" 301 0 "http://ja.tak-cslab.org/" "Mozilla/5.0+(compatible; UptimeRobot/2.0; http://www.uptimerobot.com/)"
216.245.221.83 - - [09/Dec/2021:16:13:29 +0000] "HEAD / HTTP/1.1" 200 0 "http://ja.tak-cslab.org/" "Mozilla/5.0+(compatible; UptimeRobot/2.0; http://www.uptimerobot.com/)"
52.3.221.40 - - [09/Dec/2021:16:13:42 +0000] "HEAD /feed HTTP/2.0" 200 0 "-" "Slackbot 1.0 (+https://api.slack.com/robots)"
34.203.198.130 - - [09/Dec/2021:16:13:43 +0000] "GET /feed HTTP/1.1" 200 54718 "-" "Slackbot 1.0 (+https://api.slack.com/robots)"
54.89.185.161 - - [09/Dec/2021:16:13:45 +0000] "GET / HTTP/1.1" 200 6215 "-" "Slackbot 1.0 (+https://api.slack.com/robots)"
34.206.38.217 - - [09/Dec/2021:16:14:54 +0000] "GET /feed HTTP/1.1" 200 54718 "-" "Automate.io BOT"
216.245.221.83 - - [09/Dec/2021:16:18:29 +0000] "HEAD / HTTP/1.1" 301 0 "http://ja.tak-cslab.org/" "Mozilla/5.0+(compatible; UptimeRobot/2.0; http://www.uptimerobot.com/)"
163.215.6.1 - - [09/Dec/2021:16:18:29 +0000] "POST /wp-cron.php?doing_wp_cron=1639066709.6744399070739746093750 HTTP/1.1" 200 31 "https://ja.tak-cslab.org/wp-cron.php?doing_wp_cron=1639066709.6744399070739746093750" "WordPress/5.8.2; https://ja.tak-cslab.org"
216.245.221.83 - - [09/Dec/2021:16:18:29 +0000] "HEAD / HTTP/1.1" 200 0 "http://ja.tak-cslab.org/" "Mozilla/5.0+(compatible; UptimeRobot/2.0; http://www.uptimerobot.com/)"
