216.245.221.83 - - [24/Nov/2021:13:08:06 +0000] "HEAD / HTTP/1.1" 301 0 "http://ja.tak-cslab.org/" "Mozilla/5.0+(compatible; UptimeRobot/2.0; http://www.uptimerobot.com/)"
216.245.221.83 - - [24/Nov/2021:13:08:06 +0000] "HEAD / HTTP/1.1" 200 0 "http://ja.tak-cslab.org/" "Mozilla/5.0+(compatible; UptimeRobot/2.0; http://www.uptimerobot.com/)"
91.211.88.127 - - [24/Nov/2021:13:08:32 +0000] "GET /archives/460/ HTTP/1.0" 301 162 "http://ja.tak-cslab.org/archives/460/" "Mozilla/5.0 (Windows NT 6.2; Win64; x64) AppleWebKit/537.36 (KHTML, like Gecko) Chrome/90.0.4430.93 Safari/537.36"
91.211.88.127 - - [24/Nov/2021:13:08:33 +0000] "GET /archives/460/ HTTP/1.0" 301 0 "https://ja.tak-cslab.org/archives/460/" "Mozilla/5.0 (Windows NT 6.2; Win64; x64) AppleWebKit/537.36 (KHTML, like Gecko) Chrome/90.0.4430.93 Safari/537.36"
91.211.88.127 - - [24/Nov/2021:13:08:34 +0000] "GET /archives/460 HTTP/1.0" 200 27841 "https://ja.tak-cslab.org/archives/460" "Mozilla/5.0 (Windows NT 6.2; Win64; x64) AppleWebKit/537.36 (KHTML, like Gecko) Chrome/90.0.4430.93 Safari/537.36"
163.215.6.1 - - [24/Nov/2021:13:10:48 +0000] "POST /wp-cron.php?doing_wp_cron=1637759448.5457789897918701171875 HTTP/1.1" 200 31 "https://ja.tak-cslab.org/wp-cron.php?doing_wp_cron=1637759448.5457789897918701171875" "WordPress/5.8.2; https://ja.tak-cslab.org"
34.206.38.217 - - [24/Nov/2021:13:10:48 +0000] "GET /feed HTTP/1.1" 200 55868 "-" "Automate.io BOT"
216.245.221.83 - - [24/Nov/2021:13:13:06 +0000] "HEAD / HTTP/1.1" 301 0 "http://ja.tak-cslab.org/" "Mozilla/5.0+(compatible; UptimeRobot/2.0; http://www.uptimerobot.com/)"
216.245.221.83 - - [24/Nov/2021:13:13:06 +0000] "HEAD / HTTP/1.1" 200 0 "http://ja.tak-cslab.org/" "Mozilla/5.0+(compatible; UptimeRobot/2.0; http://www.uptimerobot.com/)"
54.158.213.4 - - [24/Nov/2021:13:13:41 +0000] "HEAD /feed HTTP/2.0" 200 0 "-" "Slackbot 1.0 (+https://api.slack.com/robots)"
23.22.169.192 - - [24/Nov/2021:13:13:42 +0000] "GET /feed HTTP/1.1" 200 55868 "-" "Slackbot 1.0 (+https://api.slack.com/robots)"
52.91.13.35 - - [24/Nov/2021:13:13:44 +0000] "GET / HTTP/1.1" 200 6312 "-" "Slackbot 1.0 (+https://api.slack.com/robots)"
163.215.6.1 - - [24/Nov/2021:13:15:48 +0000] "POST /wp-cron.php?doing_wp_cron=1637759748.0892050266265869140625 HTTP/1.1" 200 31 "https://ja.tak-cslab.org/wp-cron.php?doing_wp_cron=1637759748.0892050266265869140625" "WordPress/5.8.2; https://ja.tak-cslab.org"
34.206.38.217 - - [24/Nov/2021:13:15:48 +0000] "GET /feed HTTP/1.1" 200 55867 "-" "Automate.io BOT"
216.245.221.83 - - [24/Nov/2021:13:18:06 +0000] "HEAD / HTTP/1.1" 301 0 "http://ja.tak-cslab.org/" "Mozilla/5.0+(compatible; UptimeRobot/2.0; http://www.uptimerobot.com/)"
163.215.6.1 - - [24/Nov/2021:13:18:06 +0000] "POST /wp-cron.php?doing_wp_cron=1637759886.6925990581512451171875 HTTP/1.1" 200 31 "https://ja.tak-cslab.org/wp-cron.php?doing_wp_cron=1637759886.6925990581512451171875" "WordPress/5.8.2; https://ja.tak-cslab.org"
216.245.221.83 - - [24/Nov/2021:13:18:06 +0000] "HEAD / HTTP/1.1" 200 0 "http://ja.tak-cslab.org/" "Mozilla/5.0+(compatible; UptimeRobot/2.0; http://www.uptimerobot.com/)"
163.215.6.1 - - [24/Nov/2021:13:20:47 +0000] "POST /wp-cron.php?doing_wp_cron=1637760047.7347319126129150390625 HTTP/1.1" 200 31 "https://ja.tak-cslab.org/wp-cron.php?doing_wp_cron=1637760047.7347319126129150390625" "WordPress/5.8.2; https://ja.tak-cslab.org"
34.206.38.217 - - [24/Nov/2021:13:20:47 +0000] "GET /feed HTTP/1.1" 200 55868 "-" "Automate.io BOT"
163.215.3.21 - - [24/Nov/2021:13:21:37 +0000] "GET / HTTP/2.0" 200 6293 "-" "Mozilla/5.0 (Windows NT 10.0; Win64; x64) AppleWebKit/537.36 (KHTML, like Gecko) Chrome/96.0.4664.45 Safari/537.36"
163.215.3.21 - - [24/Nov/2021:13:21:40 +0000] "GET /tech-report HTTP/2.0" 200 12209 "https://ja.tak-cslab.org/" "Mozilla/5.0 (Windows NT 10.0; Win64; x64) AppleWebKit/537.36 (KHTML, like Gecko) Chrome/96.0.4664.45 Safari/537.36"
216.245.221.83 - - [24/Nov/2021:13:23:06 +0000] "HEAD / HTTP/1.1" 301 0 "http://ja.tak-cslab.org/" "Mozilla/5.0+(compatible; UptimeRobot/2.0; http://www.uptimerobot.com/)"
216.245.221.83 - - [24/Nov/2021:13:23:06 +0000] "HEAD / HTTP/1.1" 200 0 "http://ja.tak-cslab.org/" "Mozilla/5.0+(compatible; UptimeRobot/2.0; http://www.uptimerobot.com/)"
34.206.38.217 - - [24/Nov/2021:13:25:48 +0000] "GET /feed HTTP/1.1" 200 55854 "-" "Automate.io BOT"
104.144.105.114 - - [24/Nov/2021:13:26:55 +0000] "GET /archives/460/ HTTP/1.1" 301 162 "-" "Mozilla/5.0 (Windows NT 10.0; WOW64) AppleWebKit/537.36 (KHTML, like Gecko) Chrome/90.0.4430.72 Safari/537.36"
104.144.105.114 - - [24/Nov/2021:13:26:57 +0000] "GET /archives/460/ HTTP/1.0" 301 0 "https://ja.tak-cslab.org/archives/460/" "Mozilla/5.0 (Windows NT 10.0; WOW64) AppleWebKit/537.36 (KHTML, like Gecko) Chrome/90.0.4430.72 Safari/537.36"
51.222.253.5 - - [24/Nov/2021:13:26:57 +0000] "GET /10gin_cds1?redirect_to=https%3A%2F%2Fja.tak-cslab.org%2Farchives%2F935 HTTP/2.0" 200 4531 "-" "Mozilla/5.0 (compatible; AhrefsBot/7.0; +http://ahrefs.com/robot/)"
104.144.105.114 - - [24/Nov/2021:13:26:58 +0000] "GET /archives/460 HTTP/1.0" 200 27841 "https://ja.tak-cslab.org/archives/460" "Mozilla/5.0 (Windows NT 10.0; WOW64) AppleWebKit/537.36 (KHTML, like Gecko) Chrome/90.0.4430.72 Safari/537.36"
216.245.221.83 - - [24/Nov/2021:13:28:06 +0000] "HEAD / HTTP/1.1" 301 0 "http://ja.tak-cslab.org/" "Mozilla/5.0+(compatible; UptimeRobot/2.0; http://www.uptimerobot.com/)"
216.245.221.83 - - [24/Nov/2021:13:28:06 +0000] "HEAD / HTTP/1.1" 200 0 "http://ja.tak-cslab.org/" "Mozilla/5.0+(compatible; UptimeRobot/2.0; http://www.uptimerobot.com/)"
34.206.38.217 - - [24/Nov/2021:13:30:48 +0000] "GET /feed HTTP/1.1" 200 55867 "-" "Automate.io BOT"
216.245.221.83 - - [24/Nov/2021:13:33:06 +0000] "HEAD / HTTP/1.1" 301 0 "http://ja.tak-cslab.org/" "Mozilla/5.0+(compatible; UptimeRobot/2.0; http://www.uptimerobot.com/)"
216.245.221.83 - - [24/Nov/2021:13:33:07 +0000] "HEAD / HTTP/1.1" 200 0 "http://ja.tak-cslab.org/" "Mozilla/5.0+(compatible; UptimeRobot/2.0; http://www.uptimerobot.com/)"
44.192.65.22 - - [24/Nov/2021:13:33:41 +0000] "HEAD /feed HTTP/2.0" 200 0 "-" "Slackbot 1.0 (+https://api.slack.com/robots)"
3.91.106.132 - - [24/Nov/2021:13:33:42 +0000] "GET /feed HTTP/1.1" 200 55867 "-" "Slackbot 1.0 (+https://api.slack.com/robots)"
52.73.84.243 - - [24/Nov/2021:13:33:44 +0000] "GET / HTTP/1.1" 200 6312 "-" "Slackbot 1.0 (+https://api.slack.com/robots)"
163.215.6.1 - - [24/Nov/2021:13:35:50 +0000] "POST /wp-cron.php?doing_wp_cron=1637760949.8577079772949218750000 HTTP/1.1" 200 31 "https://ja.tak-cslab.org/wp-cron.php?doing_wp_cron=1637760949.8577079772949218750000" "WordPress/5.8.2; https://ja.tak-cslab.org"
34.206.38.217 - - [24/Nov/2021:13:35:50 +0000] "GET /feed HTTP/1.1" 200 55868 "-" "Automate.io BOT"
163.215.6.1 - - [24/Nov/2021:13:35:50 +0000] "GET / HTTP/1.1" 200 6306 "https://ja.tak-cslab.org/" "WordPress/5.8.2; https://ja.tak-cslab.org"
216.245.221.83 - - [24/Nov/2021:13:38:06 +0000] "HEAD / HTTP/1.1" 301 0 "http://ja.tak-cslab.org/" "Mozilla/5.0+(compatible; UptimeRobot/2.0; http://www.uptimerobot.com/)"
216.245.221.83 - - [24/Nov/2021:13:38:06 +0000] "HEAD / HTTP/1.1" 200 0 "http://ja.tak-cslab.org/" "Mozilla/5.0+(compatible; UptimeRobot/2.0; http://www.uptimerobot.com/)"
34.206.38.217 - - [24/Nov/2021:13:40:49 +0000] "GET /feed HTTP/1.1" 200 55868 "-" "Automate.io BOT"
185.191.171.26 - - [24/Nov/2021:13:42:04 +0000] "GET /robots.txt HTTP/1.1" 200 123 "-" "Mozilla/5.0 (compatible; SemrushBot/7~bl; +http://www.semrush.com/bot.html)"
185.191.171.45 - - [24/Nov/2021:13:42:04 +0000] "GET /10gin_cds1?redirect_to=https%3A%2F%2Fja.tak-cslab.org%2Farchives%2F716 HTTP/1.1" 200 4545 "-" "Mozilla/5.0 (compatible; SemrushBot/7~bl; +http://www.semrush.com/bot.html)"
216.245.221.83 - - [24/Nov/2021:13:43:06 +0000] "HEAD / HTTP/1.1" 301 0 "http://ja.tak-cslab.org/" "Mozilla/5.0+(compatible; UptimeRobot/2.0; http://www.uptimerobot.com/)"
216.245.221.83 - - [24/Nov/2021:13:43:06 +0000] "HEAD / HTTP/1.1" 200 0 "http://ja.tak-cslab.org/" "Mozilla/5.0+(compatible; UptimeRobot/2.0; http://www.uptimerobot.com/)"
34.206.38.217 - - [24/Nov/2021:13:45:50 +0000] "GET /feed HTTP/1.1" 200 55860 "-" "Automate.io BOT"
216.245.221.83 - - [24/Nov/2021:13:48:06 +0000] "HEAD / HTTP/1.1" 301 0 "http://ja.tak-cslab.org/" "Mozilla/5.0+(compatible; UptimeRobot/2.0; http://www.uptimerobot.com/)"
216.245.221.83 - - [24/Nov/2021:13:48:06 +0000] "HEAD / HTTP/1.1" 200 0 "http://ja.tak-cslab.org/" "Mozilla/5.0+(compatible; UptimeRobot/2.0; http://www.uptimerobot.com/)"
34.206.38.217 - - [24/Nov/2021:13:50:50 +0000] "GET /feed HTTP/1.1" 200 55868 "-" "Automate.io BOT"
113.147.10.206 - - [24/Nov/2021:13:51:29 +0000] "GET / HTTP/2.0" 200 6293 "-" "Mozilla/5.0 (Windows NT 10.0; Win64; x64; rv:94.0) Gecko/20100101 Firefox/94.0"
113.147.10.206 - - [24/Nov/2021:13:51:35 +0000] "GET /wp-content/themes/cdsl/style.css?ver=1.3.1 HTTP/2.0" 200 272 "https://ja.tak-cslab.org/" "Mozilla/5.0 (Windows NT 10.0; Win64; x64; rv:94.0) Gecko/20100101 Firefox/94.0"
113.147.10.206 - - [24/Nov/2021:13:51:35 +0000] "GET /wp-content/themes/scaffold/assets/js/navigation.js?ver=1.3.1 HTTP/2.0" 200 1266 "https://ja.tak-cslab.org/" "Mozilla/5.0 (Windows NT 10.0; Win64; x64; rv:94.0) Gecko/20100101 Firefox/94.0"
113.147.10.206 - - [24/Nov/2021:13:51:35 +0000] "GET /wp-includes/js/wp-embed.min.js?ver=5.8.2 HTTP/2.0" 200 779 "https://ja.tak-cslab.org/" "Mozilla/5.0 (Windows NT 10.0; Win64; x64; rv:94.0) Gecko/20100101 Firefox/94.0"
113.147.10.206 - - [24/Nov/2021:13:51:35 +0000] "GET /wp-content/themes/scaffold/style.css?ver=5.8.2 HTTP/2.0" 200 5846 "https://ja.tak-cslab.org/" "Mozilla/5.0 (Windows NT 10.0; Win64; x64; rv:94.0) Gecko/20100101 Firefox/94.0"
113.147.10.206 - - [24/Nov/2021:13:51:35 +0000] "GET /wp-includes/css/dist/block-library/style.min.css?ver=5.8.2 HTTP/2.0" 200 13704 "https://ja.tak-cslab.org/" "Mozilla/5.0 (Windows NT 10.0; Win64; x64; rv:94.0) Gecko/20100101 Firefox/94.0"
113.147.10.206 - - [24/Nov/2021:13:51:35 +0000] "GET /wp-includes/js/wp-emoji-release.min.js?ver=5.8.2 HTTP/2.0" 200 5714 "https://ja.tak-cslab.org/" "Mozilla/5.0 (Windows NT 10.0; Win64; x64; rv:94.0) Gecko/20100101 Firefox/94.0"
113.147.10.206 - - [24/Nov/2021:13:51:37 +0000] "GET /wp-content/uploads/2020/01/desk-e1585573956500.png HTTP/2.0" 200 367831 "https://ja.tak-cslab.org/" "Mozilla/5.0 (Windows NT 10.0; Win64; x64; rv:94.0) Gecko/20100101 Firefox/94.0"
113.147.10.206 - - [24/Nov/2021:13:51:37 +0000] "GET /wp-content/uploads/2020/01/server-e1585573899521.png HTTP/2.0" 200 426115 "https://ja.tak-cslab.org/" "Mozilla/5.0 (Windows NT 10.0; Win64; x64; rv:94.0) Gecko/20100101 Firefox/94.0"
113.147.10.206 - - [24/Nov/2021:13:51:37 +0000] "GET /wp-content/uploads/2020/01/iot2-e1585573992906.png HTTP/2.0" 200 439802 "https://ja.tak-cslab.org/" "Mozilla/5.0 (Windows NT 10.0; Win64; x64; rv:94.0) Gecko/20100101 Firefox/94.0"
113.147.10.206 - - [24/Nov/2021:13:51:37 +0000] "GET /wp-content/uploads/2020/01/books-e1585573975658.png HTTP/2.0" 200 549531 "https://ja.tak-cslab.org/" "Mozilla/5.0 (Windows NT 10.0; Win64; x64; rv:94.0) Gecko/20100101 Firefox/94.0"
216.245.221.83 - - [24/Nov/2021:13:53:06 +0000] "HEAD / HTTP/1.1" 301 0 "http://ja.tak-cslab.org/" "Mozilla/5.0+(compatible; UptimeRobot/2.0; http://www.uptimerobot.com/)"
216.245.221.83 - - [24/Nov/2021:13:53:06 +0000] "HEAD / HTTP/1.1" 200 0 "http://ja.tak-cslab.org/" "Mozilla/5.0+(compatible; UptimeRobot/2.0; http://www.uptimerobot.com/)"
34.229.229.13 - - [24/Nov/2021:13:53:44 +0000] "HEAD /feed HTTP/2.0" 200 0 "-" "Slackbot 1.0 (+https://api.slack.com/robots)"
3.235.74.62 - - [24/Nov/2021:13:53:44 +0000] "GET /feed HTTP/1.1" 200 55860 "-" "Slackbot 1.0 (+https://api.slack.com/robots)"
34.229.229.13 - - [24/Nov/2021:13:53:45 +0000] "GET / HTTP/1.1" 200 6312 "-" "Slackbot 1.0 (+https://api.slack.com/robots)"
207.46.13.201 - - [24/Nov/2021:13:54:22 +0000] "GET /wp-content/uploads/2020/01/image-1-768x392.png HTTP/2.0" 200 174961 "-" "Mozilla/5.0 (compatible; bingbot/2.0; +http://www.bing.com/bingbot.htm)"
34.206.38.217 - - [24/Nov/2021:13:55:57 +0000] "GET /feed HTTP/1.1" 200 55868 "-" "Automate.io BOT"
216.245.221.83 - - [24/Nov/2021:13:58:06 +0000] "HEAD / HTTP/1.1" 301 0 "http://ja.tak-cslab.org/" "Mozilla/5.0+(compatible; UptimeRobot/2.0; http://www.uptimerobot.com/)"
216.245.221.83 - - [24/Nov/2021:13:58:06 +0000] "HEAD / HTTP/1.1" 200 0 "http://ja.tak-cslab.org/" "Mozilla/5.0+(compatible; UptimeRobot/2.0; http://www.uptimerobot.com/)"
163.215.6.1 - - [24/Nov/2021:14:00:57 +0000] "POST /wp-cron.php?doing_wp_cron=1637762457.3188419342041015625000 HTTP/1.1" 200 31 "https://ja.tak-cslab.org/wp-cron.php?doing_wp_cron=1637762457.3188419342041015625000" "WordPress/5.8.2; https://ja.tak-cslab.org"
34.206.38.217 - - [24/Nov/2021:14:00:57 +0000] "GET /feed HTTP/1.1" 200 55867 "-" "Automate.io BOT"
66.249.65.95 - - [24/Nov/2021:14:02:47 +0000] "GET /archives/394 HTTP/1.1" 200 10784 "-" "Mozilla/5.0 (compatible; Googlebot/2.1; +http://www.google.com/bot.html)"
216.245.221.83 - - [24/Nov/2021:14:03:06 +0000] "HEAD / HTTP/1.1" 301 0 "http://ja.tak-cslab.org/" "Mozilla/5.0+(compatible; UptimeRobot/2.0; http://www.uptimerobot.com/)"
216.245.221.83 - - [24/Nov/2021:14:03:06 +0000] "HEAD / HTTP/1.1" 200 0 "http://ja.tak-cslab.org/" "Mozilla/5.0+(compatible; UptimeRobot/2.0; http://www.uptimerobot.com/)"
34.206.38.217 - - [24/Nov/2021:14:05:57 +0000] "GET /feed HTTP/1.1" 200 55860 "-" "Automate.io BOT"
216.245.221.83 - - [24/Nov/2021:14:08:06 +0000] "HEAD / HTTP/1.1" 301 0 "http://ja.tak-cslab.org/" "Mozilla/5.0+(compatible; UptimeRobot/2.0; http://www.uptimerobot.com/)"
216.245.221.83 - - [24/Nov/2021:14:08:06 +0000] "HEAD / HTTP/1.1" 200 0 "http://ja.tak-cslab.org/" "Mozilla/5.0+(compatible; UptimeRobot/2.0; http://www.uptimerobot.com/)"
118.83.18.43 - - [24/Nov/2021:14:08:56 +0000] "GET /favicon.ico HTTP/2.0" 302 0 "-" "com.tinyspeck.chatlyio/21.11.20 (iPhone; iOS 15.1; Scale/2.00)"
118.83.18.43 - - [24/Nov/2021:14:08:56 +0000] "GET /wp-includes/images/w-logo-blue-white-bg.png HTTP/2.0" 200 4119 "-" "com.tinyspeck.chatlyio/21.11.20 (iPhone; iOS 15.1; Scale/2.00)"
118.83.18.43 - - [24/Nov/2021:14:08:56 +0000] "GET /favicon.ico HTTP/2.0" 302 0 "-" "com.tinyspeck.chatlyio/21.11.20 (iPhone; iOS 15.1; Scale/2.00)"
34.206.38.217 - - [24/Nov/2021:14:10:57 +0000] "GET /feed HTTP/1.1" 200 55867 "-" "Automate.io BOT"
118.82.60.49 - - [24/Nov/2021:14:11:19 +0000] "GET /archives/606 HTTP/2.0" 200 11297 "https://www.google.com/" "Mozilla/5.0 (Macintosh; Intel Mac OS X 10_15_7) AppleWebKit/605.1.15 (KHTML, like Gecko) Version/15.1 Safari/605.1.15"
118.82.60.49 - - [24/Nov/2021:14:11:20 +0000] "GET /wp-includes/js/wp-emoji-release.min.js?ver=5.8.2 HTTP/2.0" 200 5714 "https://ja.tak-cslab.org/archives/606" "Mozilla/5.0 (Macintosh; Intel Mac OS X 10_15_7) AppleWebKit/605.1.15 (KHTML, like Gecko) Version/15.1 Safari/605.1.15"
118.82.60.49 - - [24/Nov/2021:14:11:20 +0000] "GET /wp-content/themes/cdsl/style.css?ver=1.3.1 HTTP/2.0" 200 272 "https://ja.tak-cslab.org/archives/606" "Mozilla/5.0 (Macintosh; Intel Mac OS X 10_15_7) AppleWebKit/605.1.15 (KHTML, like Gecko) Version/15.1 Safari/605.1.15"
118.82.60.49 - - [24/Nov/2021:14:11:20 +0000] "GET /wp-content/themes/scaffold/assets/js/navigation.js?ver=1.3.1 HTTP/2.0" 200 1266 "https://ja.tak-cslab.org/archives/606" "Mozilla/5.0 (Macintosh; Intel Mac OS X 10_15_7) AppleWebKit/605.1.15 (KHTML, like Gecko) Version/15.1 Safari/605.1.15"
118.82.60.49 - - [24/Nov/2021:14:11:20 +0000] "GET /wp-content/themes/scaffold/style.css?ver=5.8.2 HTTP/2.0" 200 5846 "https://ja.tak-cslab.org/archives/606" "Mozilla/5.0 (Macintosh; Intel Mac OS X 10_15_7) AppleWebKit/605.1.15 (KHTML, like Gecko) Version/15.1 Safari/605.1.15"
118.82.60.49 - - [24/Nov/2021:14:11:20 +0000] "GET /wp-includes/js/comment-reply.min.js?ver=5.8.2 HTTP/2.0" 200 1390 "https://ja.tak-cslab.org/archives/606" "Mozilla/5.0 (Macintosh; Intel Mac OS X 10_15_7) AppleWebKit/605.1.15 (KHTML, like Gecko) Version/15.1 Safari/605.1.15"
118.82.60.49 - - [24/Nov/2021:14:11:20 +0000] "GET /wp-includes/js/wp-embed.min.js?ver=5.8.2 HTTP/2.0" 200 779 "https://ja.tak-cslab.org/archives/606" "Mozilla/5.0 (Macintosh; Intel Mac OS X 10_15_7) AppleWebKit/605.1.15 (KHTML, like Gecko) Version/15.1 Safari/605.1.15"
118.82.60.49 - - [24/Nov/2021:14:11:20 +0000] "GET /wp-includes/css/dist/block-library/style.min.css?ver=5.8.2 HTTP/2.0" 200 13704 "https://ja.tak-cslab.org/archives/606" "Mozilla/5.0 (Macintosh; Intel Mac OS X 10_15_7) AppleWebKit/605.1.15 (KHTML, like Gecko) Version/15.1 Safari/605.1.15"
118.82.60.49 - - [24/Nov/2021:14:11:20 +0000] "GET /wp-content/plugins/native-lazyload/assets/images/placeholder.svg HTTP/2.0" 200 88 "https://ja.tak-cslab.org/archives/606" "Mozilla/5.0 (Macintosh; Intel Mac OS X 10_15_7) AppleWebKit/605.1.15 (KHTML, like Gecko) Version/15.1 Safari/605.1.15"
118.82.60.49 - - [24/Nov/2021:14:11:20 +0000] "GET /wp-content/plugins/native-lazyload/assets/js/lazyload.js HTTP/2.0" 200 1085 "https://ja.tak-cslab.org/archives/606" "Mozilla/5.0 (Macintosh; Intel Mac OS X 10_15_7) AppleWebKit/605.1.15 (KHTML, like Gecko) Version/15.1 Safari/605.1.15"
118.82.60.49 - - [24/Nov/2021:14:11:20 +0000] "GET /wp-content/uploads/2020/09/20200925_200925_0-1-600x450.jpg HTTP/2.0" 200 44810 "https://ja.tak-cslab.org/archives/606" "Mozilla/5.0 (Macintosh; Intel Mac OS X 10_15_7) AppleWebKit/605.1.15 (KHTML, like Gecko) Version/15.1 Safari/605.1.15"
118.82.60.49 - - [24/Nov/2021:14:11:20 +0000] "GET /wp-content/uploads/2020/09/20200925_200925_0-1.jpg HTTP/2.0" 200 247845 "https://ja.tak-cslab.org/archives/606" "Mozilla/5.0 (Macintosh; Intel Mac OS X 10_15_7) AppleWebKit/605.1.15 (KHTML, like Gecko) Version/15.1 Safari/605.1.15"
118.82.60.49 - - [24/Nov/2021:14:11:21 +0000] "GET /favicon.ico HTTP/2.0" 302 0 "https://ja.tak-cslab.org/archives/606" "Mozilla/5.0 (Macintosh; Intel Mac OS X 10_15_7) AppleWebKit/605.1.15 (KHTML, like Gecko) Version/15.1 Safari/605.1.15"
118.82.60.49 - - [24/Nov/2021:14:11:21 +0000] "GET /wp-includes/images/w-logo-blue-white-bg.png HTTP/2.0" 200 4119 "https://ja.tak-cslab.org/archives/606" "Mozilla/5.0 (Macintosh; Intel Mac OS X 10_15_7) AppleWebKit/605.1.15 (KHTML, like Gecko) Version/15.1 Safari/605.1.15"
118.82.60.49 - - [24/Nov/2021:14:11:22 +0000] "GET /wp-content/uploads/2020/09/Screen-Shot-2020-09-09-at-14.24.13-1024x638.png HTTP/2.0" 200 272074 "https://ja.tak-cslab.org/archives/606" "Mozilla/5.0 (Macintosh; Intel Mac OS X 10_15_7) AppleWebKit/605.1.15 (KHTML, like Gecko) Version/15.1 Safari/605.1.15"
118.82.60.49 - - [24/Nov/2021:14:11:22 +0000] "GET /wp-content/uploads/2020/09/Screen-Shot-2020-09-09-at-14.24.13-1536x957.png HTTP/2.0" 200 425660 "https://ja.tak-cslab.org/archives/606" "Mozilla/5.0 (Macintosh; Intel Mac OS X 10_15_7) AppleWebKit/605.1.15 (KHTML, like Gecko) Version/15.1 Safari/605.1.15"
118.82.60.49 - - [24/Nov/2021:14:11:27 +0000] "GET /2a9a7912-132f-455a-ba3e-e646218e3b66 HTTP/2.0" 404 5316 "https://ja.tak-cslab.org/archives/606" "Mozilla/5.0 (Macintosh; Intel Mac OS X 10_15_7) AppleWebKit/605.1.15 (KHTML, like Gecko) Version/15.1 Safari/605.1.15"
118.82.60.49 - - [24/Nov/2021:14:11:28 +0000] "GET /wp-content/uploads/2020/09/Screen-Shot-2020-09-09-at-14.27.04-1024x767.png HTTP/2.0" 200 458420 "https://ja.tak-cslab.org/archives/606" "Mozilla/5.0 (Macintosh; Intel Mac OS X 10_15_7) AppleWebKit/605.1.15 (KHTML, like Gecko) Version/15.1 Safari/605.1.15"
118.82.60.49 - - [24/Nov/2021:14:11:28 +0000] "GET /wp-content/uploads/2020/09/Screen-Shot-2020-09-09-at-14.27.04-1536x1150.png HTTP/2.0" 200 1291871 "https://ja.tak-cslab.org/archives/606" "Mozilla/5.0 (Macintosh; Intel Mac OS X 10_15_7) AppleWebKit/605.1.15 (KHTML, like Gecko) Version/15.1 Safari/605.1.15"
118.82.60.49 - - [24/Nov/2021:14:11:33 +0000] "GET /wp-content/uploads/2020/09/Screen-Shot-2020-09-09-at-14.27.39-1024x752.png HTTP/2.0" 200 374177 "https://ja.tak-cslab.org/archives/606" "Mozilla/5.0 (Macintosh; Intel Mac OS X 10_15_7) AppleWebKit/605.1.15 (KHTML, like Gecko) Version/15.1 Safari/605.1.15"
118.82.60.49 - - [24/Nov/2021:14:11:33 +0000] "GET /wp-content/uploads/2020/09/Screen-Shot-2020-09-09-at-14.27.39-1536x1128.png HTTP/2.0" 200 1008125 "https://ja.tak-cslab.org/archives/606" "Mozilla/5.0 (Macintosh; Intel Mac OS X 10_15_7) AppleWebKit/605.1.15 (KHTML, like Gecko) Version/15.1 Safari/605.1.15"
118.82.60.49 - - [24/Nov/2021:14:11:38 +0000] "GET /wp-content/uploads/2020/09/Screen-Shot-2020-09-09-at-14.28.38-1024x668.png HTTP/2.0" 200 281217 "https://ja.tak-cslab.org/archives/606" "Mozilla/5.0 (Macintosh; Intel Mac OS X 10_15_7) AppleWebKit/605.1.15 (KHTML, like Gecko) Version/15.1 Safari/605.1.15"
118.82.60.49 - - [24/Nov/2021:14:11:38 +0000] "GET /wp-content/uploads/2020/09/Screen-Shot-2020-09-09-at-14.28.38-1536x1002.png HTTP/2.0" 200 778647 "https://ja.tak-cslab.org/archives/606" "Mozilla/5.0 (Macintosh; Intel Mac OS X 10_15_7) AppleWebKit/605.1.15 (KHTML, like Gecko) Version/15.1 Safari/605.1.15"
118.82.60.49 - - [24/Nov/2021:14:11:39 +0000] "GET /wp-content/uploads/2020/09/Screen-Shot-2020-09-09-at-14.29.23.png HTTP/2.0" 200 196673 "https://ja.tak-cslab.org/archives/606" "Mozilla/5.0 (Macintosh; Intel Mac OS X 10_15_7) AppleWebKit/605.1.15 (KHTML, like Gecko) Version/15.1 Safari/605.1.15"
118.82.60.49 - - [24/Nov/2021:14:11:39 +0000] "GET /wp-content/uploads/2020/09/Screen-Shot-2020-09-09-at-14.29.23-1024x587.png HTTP/2.0" 200 253756 "https://ja.tak-cslab.org/archives/606" "Mozilla/5.0 (Macintosh; Intel Mac OS X 10_15_7) AppleWebKit/605.1.15 (KHTML, like Gecko) Version/15.1 Safari/605.1.15"
118.82.60.49 - - [24/Nov/2021:14:11:40 +0000] "GET /wp-content/uploads/2020/09/Screen-Shot-2020-09-09-at-14.31.27-1024x733.png HTTP/2.0" 200 195229 "https://ja.tak-cslab.org/archives/606" "Mozilla/5.0 (Macintosh; Intel Mac OS X 10_15_7) AppleWebKit/605.1.15 (KHTML, like Gecko) Version/15.1 Safari/605.1.15"
118.82.60.49 - - [24/Nov/2021:14:11:40 +0000] "GET /wp-content/uploads/2020/09/Screen-Shot-2020-09-09-at-14.31.27-1536x1100.png HTTP/2.0" 200 317192 "https://ja.tak-cslab.org/archives/606" "Mozilla/5.0 (Macintosh; Intel Mac OS X 10_15_7) AppleWebKit/605.1.15 (KHTML, like Gecko) Version/15.1 Safari/605.1.15"
118.82.60.49 - - [24/Nov/2021:14:11:44 +0000] "GET /wp-content/uploads/2020/09/Screen-Shot-2020-09-09-at-14.34.26-1024x699.png HTTP/2.0" 200 326235 "https://ja.tak-cslab.org/archives/606" "Mozilla/5.0 (Macintosh; Intel Mac OS X 10_15_7) AppleWebKit/605.1.15 (KHTML, like Gecko) Version/15.1 Safari/605.1.15"
118.82.60.49 - - [24/Nov/2021:14:11:44 +0000] "GET /wp-content/uploads/2020/09/Screen-Shot-2020-09-09-at-14.34.26-1536x1048.png HTTP/2.0" 200 619147 "https://ja.tak-cslab.org/archives/606" "Mozilla/5.0 (Macintosh; Intel Mac OS X 10_15_7) AppleWebKit/605.1.15 (KHTML, like Gecko) Version/15.1 Safari/605.1.15"
118.82.60.49 - - [24/Nov/2021:14:11:45 +0000] "GET /wp-content/uploads/2020/09/Screen-Shot-2020-09-09-at-14.39.13.png HTTP/2.0" 200 130066 "https://ja.tak-cslab.org/archives/606" "Mozilla/5.0 (Macintosh; Intel Mac OS X 10_15_7) AppleWebKit/605.1.15 (KHTML, like Gecko) Version/15.1 Safari/605.1.15"
118.82.60.49 - - [24/Nov/2021:14:11:45 +0000] "GET /wp-content/uploads/2020/09/Screen-Shot-2020-09-09-at-14.39.13-1024x912.png HTTP/2.0" 200 219212 "https://ja.tak-cslab.org/archives/606" "Mozilla/5.0 (Macintosh; Intel Mac OS X 10_15_7) AppleWebKit/605.1.15 (KHTML, like Gecko) Version/15.1 Safari/605.1.15"
118.82.60.49 - - [24/Nov/2021:14:11:50 +0000] "GET /wp-content/uploads/2020/09/Screen-Shot-2020-09-09-at-14.40.09.png HTTP/2.0" 200 129692 "https://ja.tak-cslab.org/archives/606" "Mozilla/5.0 (Macintosh; Intel Mac OS X 10_15_7) AppleWebKit/605.1.15 (KHTML, like Gecko) Version/15.1 Safari/605.1.15"
118.82.60.49 - - [24/Nov/2021:14:11:50 +0000] "GET /wp-content/uploads/2020/09/Screen-Shot-2020-09-09-at-14.40.09-1024x902.png HTTP/2.0" 200 192547 "https://ja.tak-cslab.org/archives/606" "Mozilla/5.0 (Macintosh; Intel Mac OS X 10_15_7) AppleWebKit/605.1.15 (KHTML, like Gecko) Version/15.1 Safari/605.1.15"
118.82.60.49 - - [24/Nov/2021:14:11:53 +0000] "GET /wp-content/uploads/2020/09/Screen-Shot-2020-09-09-at-14.40.41.png HTTP/2.0" 200 132297 "https://ja.tak-cslab.org/archives/606" "Mozilla/5.0 (Macintosh; Intel Mac OS X 10_15_7) AppleWebKit/605.1.15 (KHTML, like Gecko) Version/15.1 Safari/605.1.15"
118.82.60.49 - - [24/Nov/2021:14:11:53 +0000] "GET /wp-content/uploads/2020/09/Screen-Shot-2020-09-09-at-14.40.41-1024x898.png HTTP/2.0" 200 270328 "https://ja.tak-cslab.org/archives/606" "Mozilla/5.0 (Macintosh; Intel Mac OS X 10_15_7) AppleWebKit/605.1.15 (KHTML, like Gecko) Version/15.1 Safari/605.1.15"
118.82.60.49 - - [24/Nov/2021:14:11:56 +0000] "GET /wp-content/uploads/2020/09/Screen-Shot-2020-09-09-at-14.41.23.png HTTP/2.0" 200 128736 "https://ja.tak-cslab.org/archives/606" "Mozilla/5.0 (Macintosh; Intel Mac OS X 10_15_7) AppleWebKit/605.1.15 (KHTML, like Gecko) Version/15.1 Safari/605.1.15"
118.82.60.49 - - [24/Nov/2021:14:11:56 +0000] "GET /wp-content/uploads/2020/09/Screen-Shot-2020-09-09-at-14.41.23-1024x906.png HTTP/2.0" 200 206520 "https://ja.tak-cslab.org/archives/606" "Mozilla/5.0 (Macintosh; Intel Mac OS X 10_15_7) AppleWebKit/605.1.15 (KHTML, like Gecko) Version/15.1 Safari/605.1.15"
118.82.60.49 - - [24/Nov/2021:14:11:58 +0000] "GET /wp-content/uploads/2020/09/20200925_200925_7-768x1024.jpg HTTP/2.0" 200 110029 "https://ja.tak-cslab.org/archives/606" "Mozilla/5.0 (Macintosh; Intel Mac OS X 10_15_7) AppleWebKit/605.1.15 (KHTML, like Gecko) Version/15.1 Safari/605.1.15"
118.82.60.49 - - [24/Nov/2021:14:11:58 +0000] "GET /wp-content/uploads/2020/09/20200925_200925_8-1024x768.jpg HTTP/2.0" 200 92811 "https://ja.tak-cslab.org/archives/606" "Mozilla/5.0 (Macintosh; Intel Mac OS X 10_15_7) AppleWebKit/605.1.15 (KHTML, like Gecko) Version/15.1 Safari/605.1.15"
118.82.60.49 - - [24/Nov/2021:14:11:58 +0000] "GET /wp-content/uploads/2020/09/20200925_200925_0-1024x768.jpg HTTP/2.0" 200 98940 "https://ja.tak-cslab.org/archives/606" "Mozilla/5.0 (Macintosh; Intel Mac OS X 10_15_7) AppleWebKit/605.1.15 (KHTML, like Gecko) Version/15.1 Safari/605.1.15"
118.82.60.49 - - [24/Nov/2021:14:11:58 +0000] "GET /wp-content/uploads/2020/09/20200925_200925_0.jpg HTTP/2.0" 200 247845 "https://ja.tak-cslab.org/archives/606" "Mozilla/5.0 (Macintosh; Intel Mac OS X 10_15_7) AppleWebKit/605.1.15 (KHTML, like Gecko) Version/15.1 Safari/605.1.15"
118.82.60.49 - - [24/Nov/2021:14:11:58 +0000] "GET /wp-content/uploads/2020/09/20200925_200925_7.jpg HTTP/2.0" 200 287119 "https://ja.tak-cslab.org/archives/606" "Mozilla/5.0 (Macintosh; Intel Mac OS X 10_15_7) AppleWebKit/605.1.15 (KHTML, like Gecko) Version/15.1 Safari/605.1.15"
118.82.60.49 - - [24/Nov/2021:14:11:58 +0000] "GET /wp-content/uploads/2020/09/20200925_200925_8.jpg HTTP/2.0" 200 236962 "https://ja.tak-cslab.org/archives/606" "Mozilla/5.0 (Macintosh; Intel Mac OS X 10_15_7) AppleWebKit/605.1.15 (KHTML, like Gecko) Version/15.1 Safari/605.1.15"
118.82.60.49 - - [24/Nov/2021:14:11:58 +0000] "GET /wp-content/uploads/2020/09/20200925_200925_2-768x1024.jpg HTTP/2.0" 200 92396 "https://ja.tak-cslab.org/archives/606" "Mozilla/5.0 (Macintosh; Intel Mac OS X 10_15_7) AppleWebKit/605.1.15 (KHTML, like Gecko) Version/15.1 Safari/605.1.15"
118.82.60.49 - - [24/Nov/2021:14:11:58 +0000] "GET /wp-content/uploads/2020/09/20200925_200925_2.jpg HTTP/2.0" 200 237012 "https://ja.tak-cslab.org/archives/606" "Mozilla/5.0 (Macintosh; Intel Mac OS X 10_15_7) AppleWebKit/605.1.15 (KHTML, like Gecko) Version/15.1 Safari/605.1.15"
118.82.60.49 - - [24/Nov/2021:14:11:58 +0000] "GET /wp-content/uploads/2020/09/20200925_200925_1-768x1024.jpg HTTP/2.0" 200 122290 "https://ja.tak-cslab.org/archives/606" "Mozilla/5.0 (Macintosh; Intel Mac OS X 10_15_7) AppleWebKit/605.1.15 (KHTML, like Gecko) Version/15.1 Safari/605.1.15"
118.82.60.49 - - [24/Nov/2021:14:11:58 +0000] "GET /wp-content/uploads/2020/09/20200925_200925_3-768x1024.jpg HTTP/2.0" 200 106701 "https://ja.tak-cslab.org/archives/606" "Mozilla/5.0 (Macintosh; Intel Mac OS X 10_15_7) AppleWebKit/605.1.15 (KHTML, like Gecko) Version/15.1 Safari/605.1.15"
118.82.60.49 - - [24/Nov/2021:14:11:58 +0000] "GET /wp-content/uploads/2020/09/20200925_200925_1.jpg HTTP/2.0" 200 323137 "https://ja.tak-cslab.org/archives/606" "Mozilla/5.0 (Macintosh; Intel Mac OS X 10_15_7) AppleWebKit/605.1.15 (KHTML, like Gecko) Version/15.1 Safari/605.1.15"
118.82.60.49 - - [24/Nov/2021:14:11:58 +0000] "GET /wp-content/uploads/2020/09/20200925_200925_3.jpg HTTP/2.0" 200 263213 "https://ja.tak-cslab.org/archives/606" "Mozilla/5.0 (Macintosh; Intel Mac OS X 10_15_7) AppleWebKit/605.1.15 (KHTML, like Gecko) Version/15.1 Safari/605.1.15"
118.82.60.49 - - [24/Nov/2021:14:12:05 +0000] "GET /wp-content/uploads/2020/09/Screen-Shot-2020-09-09-at-15.13.25-1024x623.png HTTP/2.0" 200 170476 "https://ja.tak-cslab.org/archives/606" "Mozilla/5.0 (Macintosh; Intel Mac OS X 10_15_7) AppleWebKit/605.1.15 (KHTML, like Gecko) Version/15.1 Safari/605.1.15"
118.82.60.49 - - [24/Nov/2021:14:12:05 +0000] "GET /wp-content/uploads/2020/09/Screen-Shot-2020-09-09-at-15.13.25-1536x934.png HTTP/2.0" 200 270874 "https://ja.tak-cslab.org/archives/606" "Mozilla/5.0 (Macintosh; Intel Mac OS X 10_15_7) AppleWebKit/605.1.15 (KHTML, like Gecko) Version/15.1 Safari/605.1.15"
118.82.60.49 - - [24/Nov/2021:14:12:11 +0000] "GET /wp-content/uploads/2020/09/Screen-Shot-2020-09-09-at-15.14.44-1024x630.png HTTP/2.0" 200 426428 "https://ja.tak-cslab.org/archives/606" "Mozilla/5.0 (Macintosh; Intel Mac OS X 10_15_7) AppleWebKit/605.1.15 (KHTML, like Gecko) Version/15.1 Safari/605.1.15"
118.82.60.49 - - [24/Nov/2021:14:12:12 +0000] "GET /wp-content/uploads/2020/09/Screen-Shot-2020-09-09-at-15.14.44-1536x945.png HTTP/2.0" 200 728952 "https://ja.tak-cslab.org/archives/606" "Mozilla/5.0 (Macintosh; Intel Mac OS X 10_15_7) AppleWebKit/605.1.15 (KHTML, like Gecko) Version/15.1 Safari/605.1.15"
118.82.60.49 - - [24/Nov/2021:14:12:14 +0000] "GET /wp-content/uploads/2020/09/Screen-Shot-2020-09-09-at-15.20.45-1024x524.png HTTP/2.0" 200 188588 "https://ja.tak-cslab.org/archives/606" "Mozilla/5.0 (Macintosh; Intel Mac OS X 10_15_7) AppleWebKit/605.1.15 (KHTML, like Gecko) Version/15.1 Safari/605.1.15"
118.82.60.49 - - [24/Nov/2021:14:12:14 +0000] "GET /wp-content/uploads/2020/09/Screen-Shot-2020-09-09-at-15.20.45-1536x785.png HTTP/2.0" 200 555026 "https://ja.tak-cslab.org/archives/606" "Mozilla/5.0 (Macintosh; Intel Mac OS X 10_15_7) AppleWebKit/605.1.15 (KHTML, like Gecko) Version/15.1 Safari/605.1.15"
216.245.221.83 - - [24/Nov/2021:14:13:06 +0000] "HEAD / HTTP/1.1" 301 0 "http://ja.tak-cslab.org/" "Mozilla/5.0+(compatible; UptimeRobot/2.0; http://www.uptimerobot.com/)"
216.245.221.83 - - [24/Nov/2021:14:13:06 +0000] "HEAD / HTTP/1.1" 200 0 "http://ja.tak-cslab.org/" "Mozilla/5.0+(compatible; UptimeRobot/2.0; http://www.uptimerobot.com/)"
3.238.132.11 - - [24/Nov/2021:14:13:43 +0000] "HEAD /feed HTTP/2.0" 200 0 "-" "Slackbot 1.0 (+https://api.slack.com/robots)"
40.77.167.82 - - [24/Nov/2021:14:13:44 +0000] "GET /wp-content/uploads/2021/04/CDSL-System-Architecture7.png HTTP/2.0" 200 89237 "-" "Mozilla/5.0 (compatible; bingbot/2.0; +http://www.bing.com/bingbot.htm)"
34.231.110.121 - - [24/Nov/2021:14:13:44 +0000] "GET /feed HTTP/1.1" 200 55868 "-" "Slackbot 1.0 (+https://api.slack.com/robots)"
3.237.178.178 - - [24/Nov/2021:14:13:47 +0000] "GET / HTTP/1.1" 200 6320 "-" "Slackbot 1.0 (+https://api.slack.com/robots)"
66.249.65.65 - - [24/Nov/2021:14:14:28 +0000] "GET /topics/blog HTTP/1.1" 200 13039 "-" "Mozilla/5.0 (compatible; Googlebot/2.1; +http://www.google.com/bot.html)"
34.206.38.217 - - [24/Nov/2021:14:15:57 +0000] "GET /feed HTTP/1.1" 200 55868 "-" "Automate.io BOT"
216.245.221.83 - - [24/Nov/2021:14:18:06 +0000] "HEAD / HTTP/1.1" 301 0 "http://ja.tak-cslab.org/" "Mozilla/5.0+(compatible; UptimeRobot/2.0; http://www.uptimerobot.com/)"
163.215.6.1 - - [24/Nov/2021:14:18:06 +0000] "POST /wp-cron.php?doing_wp_cron=1637763486.7159969806671142578125 HTTP/1.1" 200 31 "https://ja.tak-cslab.org/wp-cron.php?doing_wp_cron=1637763486.7159969806671142578125" "WordPress/5.8.2; https://ja.tak-cslab.org"
216.245.221.83 - - [24/Nov/2021:14:18:06 +0000] "HEAD / HTTP/1.1" 200 0 "http://ja.tak-cslab.org/" "Mozilla/5.0+(compatible; UptimeRobot/2.0; http://www.uptimerobot.com/)"
34.206.38.217 - - [24/Nov/2021:14:21:06 +0000] "GET /feed HTTP/1.1" 200 55867 "-" "Automate.io BOT"
216.245.221.83 - - [24/Nov/2021:14:23:06 +0000] "HEAD / HTTP/1.1" 301 0 "http://ja.tak-cslab.org/" "Mozilla/5.0+(compatible; UptimeRobot/2.0; http://www.uptimerobot.com/)"
216.245.221.83 - - [24/Nov/2021:14:23:06 +0000] "HEAD / HTTP/1.1" 200 0 "http://ja.tak-cslab.org/" "Mozilla/5.0+(compatible; UptimeRobot/2.0; http://www.uptimerobot.com/)"
216.244.66.230 - - [24/Nov/2021:14:25:26 +0000] "GET /robots.txt HTTP/1.1" 301 162 "-" "Mozilla/5.0 (compatible; DotBot/1.2; +https://opensiteexplorer.org/dotbot; help@moz.com)"
216.244.66.230 - - [24/Nov/2021:14:25:26 +0000] "GET /robots.txt HTTP/1.1" 200 128 "-" "Mozilla/5.0 (compatible; DotBot/1.2; +https://opensiteexplorer.org/dotbot; help@moz.com)"
34.206.38.217 - - [24/Nov/2021:14:26:06 +0000] "GET /feed HTTP/1.1" 200 55861 "-" "Automate.io BOT"
216.245.221.83 - - [24/Nov/2021:14:28:06 +0000] "HEAD / HTTP/1.1" 301 0 "http://ja.tak-cslab.org/" "Mozilla/5.0+(compatible; UptimeRobot/2.0; http://www.uptimerobot.com/)"
216.245.221.83 - - [24/Nov/2021:14:28:06 +0000] "HEAD / HTTP/1.1" 200 0 "http://ja.tak-cslab.org/" "Mozilla/5.0+(compatible; UptimeRobot/2.0; http://www.uptimerobot.com/)"
34.206.38.217 - - [24/Nov/2021:14:31:06 +0000] "GET /feed HTTP/1.1" 200 55860 "-" "Automate.io BOT"
216.245.221.83 - - [24/Nov/2021:14:33:07 +0000] "HEAD / HTTP/1.1" 301 0 "http://ja.tak-cslab.org/" "Mozilla/5.0+(compatible; UptimeRobot/2.0; http://www.uptimerobot.com/)"
216.245.221.83 - - [24/Nov/2021:14:33:07 +0000] "HEAD / HTTP/1.1" 200 0 "http://ja.tak-cslab.org/" "Mozilla/5.0+(compatible; UptimeRobot/2.0; http://www.uptimerobot.com/)"
3.231.220.203 - - [24/Nov/2021:14:33:44 +0000] "HEAD /feed HTTP/2.0" 200 0 "-" "Slackbot 1.0 (+https://api.slack.com/robots)"
3.89.33.98 - - [24/Nov/2021:14:33:44 +0000] "GET /feed HTTP/1.1" 200 55860 "-" "Slackbot 1.0 (+https://api.slack.com/robots)"
3.237.178.178 - - [24/Nov/2021:14:33:47 +0000] "GET / HTTP/1.1" 200 6312 "-" "Slackbot 1.0 (+https://api.slack.com/robots)"
34.206.38.217 - - [24/Nov/2021:14:36:06 +0000] "GET /feed HTTP/1.1" 200 55868 "-" "Automate.io BOT"
126.78.153.69 - - [24/Nov/2021:14:37:36 +0000] "GET / HTTP/2.0" 200 6293 "-" "Mozilla/5.0 (Macintosh; Intel Mac OS X 10_15_7) AppleWebKit/537.36 (KHTML, like Gecko) Chrome/96.0.4664.55 Safari/537.36"
126.78.153.69 - - [24/Nov/2021:14:37:36 +0000] "GET /wp-content/themes/scaffold/assets/js/navigation.js?ver=1.3.1 HTTP/2.0" 200 1266 "https://ja.tak-cslab.org/" "Mozilla/5.0 (Macintosh; Intel Mac OS X 10_15_7) AppleWebKit/537.36 (KHTML, like Gecko) Chrome/96.0.4664.55 Safari/537.36"
126.78.153.69 - - [24/Nov/2021:14:37:36 +0000] "GET /wp-includes/js/wp-embed.min.js?ver=5.8.2 HTTP/2.0" 200 779 "https://ja.tak-cslab.org/" "Mozilla/5.0 (Macintosh; Intel Mac OS X 10_15_7) AppleWebKit/537.36 (KHTML, like Gecko) Chrome/96.0.4664.55 Safari/537.36"
126.78.153.69 - - [24/Nov/2021:14:37:36 +0000] "GET /wp-content/themes/scaffold/style.css?ver=5.8.2 HTTP/2.0" 200 5846 "https://ja.tak-cslab.org/" "Mozilla/5.0 (Macintosh; Intel Mac OS X 10_15_7) AppleWebKit/537.36 (KHTML, like Gecko) Chrome/96.0.4664.55 Safari/537.36"
126.78.153.69 - - [24/Nov/2021:14:37:36 +0000] "GET /wp-includes/css/dist/block-library/style.min.css?ver=5.8.2 HTTP/2.0" 200 13704 "https://ja.tak-cslab.org/" "Mozilla/5.0 (Macintosh; Intel Mac OS X 10_15_7) AppleWebKit/537.36 (KHTML, like Gecko) Chrome/96.0.4664.55 Safari/537.36"
126.78.153.69 - - [24/Nov/2021:14:37:36 +0000] "GET /wp-includes/js/wp-emoji-release.min.js?ver=5.8.2 HTTP/2.0" 200 5714 "https://ja.tak-cslab.org/" "Mozilla/5.0 (Macintosh; Intel Mac OS X 10_15_7) AppleWebKit/537.36 (KHTML, like Gecko) Chrome/96.0.4664.55 Safari/537.36"
126.78.153.69 - - [24/Nov/2021:14:37:36 +0000] "GET /wp-content/uploads/2020/01/server-e1585573899521.png HTTP/2.0" 200 426115 "https://ja.tak-cslab.org/" "Mozilla/5.0 (Macintosh; Intel Mac OS X 10_15_7) AppleWebKit/537.36 (KHTML, like Gecko) Chrome/96.0.4664.55 Safari/537.36"
126.78.153.69 - - [24/Nov/2021:14:37:36 +0000] "GET /wp-content/uploads/2020/01/desk-e1585573956500.png HTTP/2.0" 200 367831 "https://ja.tak-cslab.org/" "Mozilla/5.0 (Macintosh; Intel Mac OS X 10_15_7) AppleWebKit/537.36 (KHTML, like Gecko) Chrome/96.0.4664.55 Safari/537.36"
126.78.153.69 - - [24/Nov/2021:14:37:36 +0000] "GET /wp-content/uploads/2020/01/iot2-e1585573992906.png HTTP/2.0" 200 439802 "https://ja.tak-cslab.org/" "Mozilla/5.0 (Macintosh; Intel Mac OS X 10_15_7) AppleWebKit/537.36 (KHTML, like Gecko) Chrome/96.0.4664.55 Safari/537.36"
126.78.153.69 - - [24/Nov/2021:14:37:36 +0000] "GET /wp-content/uploads/2020/01/books-e1585573975658.png HTTP/2.0" 200 549531 "https://ja.tak-cslab.org/" "Mozilla/5.0 (Macintosh; Intel Mac OS X 10_15_7) AppleWebKit/537.36 (KHTML, like Gecko) Chrome/96.0.4664.55 Safari/537.36"
216.245.221.83 - - [24/Nov/2021:14:38:06 +0000] "HEAD / HTTP/1.1" 301 0 "http://ja.tak-cslab.org/" "Mozilla/5.0+(compatible; UptimeRobot/2.0; http://www.uptimerobot.com/)"
216.245.221.83 - - [24/Nov/2021:14:38:06 +0000] "HEAD / HTTP/1.1" 200 0 "http://ja.tak-cslab.org/" "Mozilla/5.0+(compatible; UptimeRobot/2.0; http://www.uptimerobot.com/)"
49.98.228.56 - - [24/Nov/2021:14:39:01 +0000] "GET /wp-includes/css/dist/block-library/style.min.css?ver=5.8.2 HTTP/2.0" 200 13704 "-" "Mozilla/5.0 (Linux; Android 11; SH-53A) AppleWebKit/537.36 (KHTML, like Gecko) Chrome/95.0.4638.50 Mobile Safari/537.36"
49.98.228.56 - - [24/Nov/2021:14:39:01 +0000] "GET /wp-content/themes/scaffold/style.css?ver=5.8.2 HTTP/2.0" 200 5846 "-" "Mozilla/5.0 (Linux; Android 11; SH-53A) AppleWebKit/537.36 (KHTML, like Gecko) Chrome/95.0.4638.50 Mobile Safari/537.36"
49.98.228.56 - - [24/Nov/2021:14:39:01 +0000] "GET /archives/896 HTTP/2.0" 200 10420 "https://search.yahoo.co.jp/" "Mozilla/5.0 (Linux; Android 11; SH-53A) AppleWebKit/537.36 (KHTML, like Gecko) Chrome/95.0.4638.50 Mobile Safari/537.36"
49.98.228.56 - - [24/Nov/2021:14:39:01 +0000] "GET /wp-content/themes/cdsl/style.css?ver=1.3.1 HTTP/2.0" 200 272 "-" "Mozilla/5.0 (Linux; Android 11; SH-53A) AppleWebKit/537.36 (KHTML, like Gecko) Chrome/95.0.4638.50 Mobile Safari/537.36"
49.98.228.56 - - [24/Nov/2021:14:39:02 +0000] "GET /wp-content/themes/scaffold/assets/js/navigation.js?ver=1.3.1 HTTP/2.0" 200 1266 "https://ja.tak-cslab.org/archives/896" "Mozilla/5.0 (Linux; Android 11; SH-53A) AppleWebKit/537.36 (KHTML, like Gecko) Chrome/95.0.4638.50 Mobile Safari/537.36"
49.98.228.56 - - [24/Nov/2021:14:39:02 +0000] "GET /wp-includes/js/comment-reply.min.js?ver=5.8.2 HTTP/2.0" 200 1390 "https://ja.tak-cslab.org/archives/896" "Mozilla/5.0 (Linux; Android 11; SH-53A) AppleWebKit/537.36 (KHTML, like Gecko) Chrome/95.0.4638.50 Mobile Safari/537.36"
49.98.228.56 - - [24/Nov/2021:14:39:02 +0000] "GET /wp-includes/js/wp-embed.min.js?ver=5.8.2 HTTP/2.0" 200 779 "https://ja.tak-cslab.org/archives/896" "Mozilla/5.0 (Linux; Android 11; SH-53A) AppleWebKit/537.36 (KHTML, like Gecko) Chrome/95.0.4638.50 Mobile Safari/537.36"
49.98.228.56 - - [24/Nov/2021:14:39:02 +0000] "GET /wp-includes/js/wp-emoji-release.min.js?ver=5.8.2 HTTP/2.0" 200 5714 "https://ja.tak-cslab.org/archives/896" "Mozilla/5.0 (Linux; Android 11; SH-53A) AppleWebKit/537.36 (KHTML, like Gecko) Chrome/95.0.4638.50 Mobile Safari/537.36"
49.98.228.56 - - [24/Nov/2021:14:39:02 +0000] "GET /wp-content/plugins/native-lazyload/assets/images/placeholder.svg HTTP/2.0" 200 88 "https://ja.tak-cslab.org/archives/896" "Mozilla/5.0 (Linux; Android 11; SH-53A) AppleWebKit/537.36 (KHTML, like Gecko) Chrome/95.0.4638.50 Mobile Safari/537.36"
49.98.228.56 - - [24/Nov/2021:14:39:02 +0000] "GET /wp-content/uploads/2021/01/%E3%83%92%E3%83%89%E3%83%A9.jpeg HTTP/2.0" 200 12823 "https://ja.tak-cslab.org/archives/896" "Mozilla/5.0 (Linux; Android 11; SH-53A) AppleWebKit/537.36 (KHTML, like Gecko) Chrome/95.0.4638.50 Mobile Safari/537.36"
49.98.228.56 - - [24/Nov/2021:14:39:02 +0000] "GET /favicon.ico HTTP/2.0" 302 0 "https://ja.tak-cslab.org/archives/896" "Mozilla/5.0 (Linux; Android 11; SH-53A) AppleWebKit/537.36 (KHTML, like Gecko) Chrome/95.0.4638.50 Mobile Safari/537.36"
49.98.228.56 - - [24/Nov/2021:14:39:02 +0000] "GET /wp-includes/images/w-logo-blue-white-bg.png HTTP/2.0" 200 4119 "https://ja.tak-cslab.org/archives/896" "Mozilla/5.0 (Linux; Android 11; SH-53A) AppleWebKit/537.36 (KHTML, like Gecko) Chrome/95.0.4638.50 Mobile Safari/537.36"
49.98.228.56 - - [24/Nov/2021:14:39:33 +0000] "GET /wp-content/uploads/2021/02/%E3%83%92%E3%83%89%E3%83%A9%EF%BC%91.png HTTP/2.0" 200 27267 "https://ja.tak-cslab.org/archives/896" "Mozilla/5.0 (Linux; Android 11; SH-53A) AppleWebKit/537.36 (KHTML, like Gecko) Chrome/95.0.4638.50 Mobile Safari/537.36"
49.98.228.56 - - [24/Nov/2021:14:39:36 +0000] "GET /wp-content/uploads/2021/02/%E3%83%92%E3%83%89%E3%83%A9%EF%BC%92.png HTTP/2.0" 200 31701 "https://ja.tak-cslab.org/archives/896" "Mozilla/5.0 (Linux; Android 11; SH-53A) AppleWebKit/537.36 (KHTML, like Gecko) Chrome/95.0.4638.50 Mobile Safari/537.36"
34.206.38.217 - - [24/Nov/2021:14:41:06 +0000] "GET /feed HTTP/1.1" 200 55861 "-" "Automate.io BOT"
157.55.39.177 - - [24/Nov/2021:14:42:35 +0000] "GET /wp-content/uploads/2020/09/Screen-Shot-2020-09-09-at-14.31.27-1536x1100.png HTTP/2.0" 200 317192 "-" "Mozilla/5.0 (compatible; bingbot/2.0; +http://www.bing.com/bingbot.htm)"
207.46.13.109 - - [24/Nov/2021:14:42:59 +0000] "GET /wp-content/uploads/2020/06/dd99e2645f071f243eeffc37319b6136-1536x721.png HTTP/2.0" 200 466867 "-" "Mozilla/5.0 (compatible; bingbot/2.0; +http://www.bing.com/bingbot.htm)"
216.245.221.83 - - [24/Nov/2021:14:43:06 +0000] "HEAD / HTTP/1.1" 301 0 "http://ja.tak-cslab.org/" "Mozilla/5.0+(compatible; UptimeRobot/2.0; http://www.uptimerobot.com/)"
216.245.221.83 - - [24/Nov/2021:14:43:06 +0000] "HEAD / HTTP/1.1" 200 0 "http://ja.tak-cslab.org/" "Mozilla/5.0+(compatible; UptimeRobot/2.0; http://www.uptimerobot.com/)"
34.206.38.217 - - [24/Nov/2021:14:46:06 +0000] "GET /feed HTTP/1.1" 200 55868 "-" "Automate.io BOT"
216.244.66.230 - - [24/Nov/2021:14:47:33 +0000] "GET /10gin_cds1?redirect_to=https%3A%2F%2Fja.tak-cslab.org%2Farchives%2F1308 HTTP/1.1" 200 13344 "-" "Mozilla/5.0 (compatible; DotBot/1.2; +https://opensiteexplorer.org/dotbot; help@moz.com)"
216.245.221.83 - - [24/Nov/2021:14:48:06 +0000] "HEAD / HTTP/1.1" 301 0 "http://ja.tak-cslab.org/" "Mozilla/5.0+(compatible; UptimeRobot/2.0; http://www.uptimerobot.com/)"
216.245.221.83 - - [24/Nov/2021:14:48:06 +0000] "HEAD / HTTP/1.1" 200 0 "http://ja.tak-cslab.org/" "Mozilla/5.0+(compatible; UptimeRobot/2.0; http://www.uptimerobot.com/)"
34.206.38.217 - - [24/Nov/2021:14:51:07 +0000] "GET /feed HTTP/1.1" 200 55867 "-" "Automate.io BOT"
114.119.136.103 - - [24/Nov/2021:14:52:53 +0000] "GET /10gin_cds1?redirect_to=https://ja.tak-cslab.org/archives/1243 HTTP/1.1" 200 4546 "-" "Mozilla/5.0 (Linux; Android 7.0;) AppleWebKit/537.36 (KHTML, like Gecko) Mobile Safari/537.36 (compatible; PetalBot;+https://webmaster.petalsearch.com/site/petalbot)"
216.245.221.83 - - [24/Nov/2021:14:53:06 +0000] "HEAD / HTTP/1.1" 301 0 "http://ja.tak-cslab.org/" "Mozilla/5.0+(compatible; UptimeRobot/2.0; http://www.uptimerobot.com/)"
216.245.221.83 - - [24/Nov/2021:14:53:06 +0000] "HEAD / HTTP/1.1" 200 0 "http://ja.tak-cslab.org/" "Mozilla/5.0+(compatible; UptimeRobot/2.0; http://www.uptimerobot.com/)"
34.231.110.121 - - [24/Nov/2021:14:53:39 +0000] "HEAD /feed HTTP/2.0" 200 0 "-" "Slackbot 1.0 (+https://api.slack.com/robots)"
3.86.251.0 - - [24/Nov/2021:14:53:39 +0000] "GET /feed HTTP/1.1" 200 55861 "-" "Slackbot 1.0 (+https://api.slack.com/robots)"
23.22.169.192 - - [24/Nov/2021:14:53:40 +0000] "GET / HTTP/1.1" 200 6320 "-" "Slackbot 1.0 (+https://api.slack.com/robots)"
34.206.38.217 - - [24/Nov/2021:14:56:06 +0000] "GET /feed HTTP/1.1" 200 55868 "-" "Automate.io BOT"
216.245.221.83 - - [24/Nov/2021:14:58:06 +0000] "HEAD / HTTP/1.1" 301 0 "http://ja.tak-cslab.org/" "Mozilla/5.0+(compatible; UptimeRobot/2.0; http://www.uptimerobot.com/)"
216.245.221.83 - - [24/Nov/2021:14:58:06 +0000] "HEAD / HTTP/1.1" 200 0 "http://ja.tak-cslab.org/" "Mozilla/5.0+(compatible; UptimeRobot/2.0; http://www.uptimerobot.com/)"
163.215.6.1 - - [24/Nov/2021:15:01:07 +0000] "POST /wp-cron.php?doing_wp_cron=1637766067.0203459262847900390625 HTTP/1.1" 200 31 "https://ja.tak-cslab.org/wp-cron.php?doing_wp_cron=1637766067.0203459262847900390625" "WordPress/5.8.2; https://ja.tak-cslab.org"
34.206.38.217 - - [24/Nov/2021:15:01:07 +0000] "GET /feed HTTP/1.1" 200 55868 "-" "Automate.io BOT"
216.245.221.83 - - [24/Nov/2021:15:03:06 +0000] "HEAD / HTTP/1.1" 301 0 "http://ja.tak-cslab.org/" "Mozilla/5.0+(compatible; UptimeRobot/2.0; http://www.uptimerobot.com/)"
216.245.221.83 - - [24/Nov/2021:15:03:06 +0000] "HEAD / HTTP/1.1" 200 0 "http://ja.tak-cslab.org/" "Mozilla/5.0+(compatible; UptimeRobot/2.0; http://www.uptimerobot.com/)"
92.38.136.69 - - [24/Nov/2021:15:03:57 +0000] "GET /archives/460/ HTTP/1.0" 301 162 "http://ja.tak-cslab.org/archives/460/" "Mozilla/5.0 (Windows NT 10.0; Win64; x64) AppleWebKit/537.36 (KHTML, like Gecko) Chrome/90.0.4430.85 Safari/537.36"
92.38.136.69 - - [24/Nov/2021:15:03:58 +0000] "GET /archives/460/ HTTP/1.0" 301 0 "https://ja.tak-cslab.org/archives/460/" "Mozilla/5.0 (Windows NT 10.0; Win64; x64) AppleWebKit/537.36 (KHTML, like Gecko) Chrome/90.0.4430.85 Safari/537.36"
92.38.136.69 - - [24/Nov/2021:15:03:59 +0000] "GET /archives/460 HTTP/1.0" 200 27841 "https://ja.tak-cslab.org/archives/460" "Mozilla/5.0 (Windows NT 10.0; Win64; x64) AppleWebKit/537.36 (KHTML, like Gecko) Chrome/90.0.4430.85 Safari/537.36"
34.206.38.217 - - [24/Nov/2021:15:06:06 +0000] "GET /feed HTTP/1.1" 200 55868 "-" "Automate.io BOT"
216.245.221.83 - - [24/Nov/2021:15:08:06 +0000] "HEAD / HTTP/1.1" 301 0 "http://ja.tak-cslab.org/" "Mozilla/5.0+(compatible; UptimeRobot/2.0; http://www.uptimerobot.com/)"
216.245.221.83 - - [24/Nov/2021:15:08:06 +0000] "HEAD / HTTP/1.1" 200 0 "http://ja.tak-cslab.org/" "Mozilla/5.0+(compatible; UptimeRobot/2.0; http://www.uptimerobot.com/)"
51.15.244.188 - - [24/Nov/2021:15:09:53 +0000] "POST /xmlrpc.php HTTP/1.0" 301 162 "-" "Mozilla/5.0 (Windows NT 6.1; Win64; x64) AppleWebKit/537.36 (KHTML, like Gecko) Chrome/89.0.4389.90 Safari/537.36"
51.15.244.188 - - [24/Nov/2021:15:09:56 +0000] "POST /xmlrpc.php HTTP/1.0" 200 403 "-" "Mozilla/5.0 (Windows NT 6.1; Win64; x64) AppleWebKit/537.36 (KHTML, like Gecko) Chrome/89.0.4389.90 Safari/537.36"
157.55.39.177 - - [24/Nov/2021:15:10:38 +0000] "GET /archives/394 HTTP/2.0" 200 10757 "-" "Mozilla/5.0 (compatible; bingbot/2.0; +http://www.bing.com/bingbot.htm)"
207.46.13.109 - - [24/Nov/2021:15:10:50 +0000] "GET /wp-content/themes/scaffold/assets/js/navigation.js?ver=1.3.1 HTTP/2.0" 200 1266 "-" "Mozilla/5.0 (compatible; bingbot/2.0; +http://www.bing.com/bingbot.htm)"
34.206.38.217 - - [24/Nov/2021:15:11:06 +0000] "GET /feed HTTP/1.1" 200 55868 "-" "Automate.io BOT"
40.77.167.99 - - [24/Nov/2021:15:12:39 +0000] "GET /robots.txt HTTP/2.0" 200 112 "-" "Mozilla/5.0 (compatible; bingbot/2.0; +http://www.bing.com/bingbot.htm)"
40.77.167.99 - - [24/Nov/2021:15:12:39 +0000] "GET /robots.txt HTTP/2.0" 200 112 "-" "Mozilla/5.0 (compatible; bingbot/2.0; +http://www.bing.com/bingbot.htm)"
216.245.221.83 - - [24/Nov/2021:15:13:06 +0000] "HEAD / HTTP/1.1" 301 0 "http://ja.tak-cslab.org/" "Mozilla/5.0+(compatible; UptimeRobot/2.0; http://www.uptimerobot.com/)"
216.245.221.83 - - [24/Nov/2021:15:13:06 +0000] "HEAD / HTTP/1.1" 200 0 "http://ja.tak-cslab.org/" "Mozilla/5.0+(compatible; UptimeRobot/2.0; http://www.uptimerobot.com/)"
3.237.47.50 - - [24/Nov/2021:15:13:38 +0000] "HEAD /feed HTTP/2.0" 200 0 "-" "Slackbot 1.0 (+https://api.slack.com/robots)"
52.90.255.96 - - [24/Nov/2021:15:13:39 +0000] "GET /feed HTTP/1.1" 200 55868 "-" "Slackbot 1.0 (+https://api.slack.com/robots)"
3.84.233.197 - - [24/Nov/2021:15:13:40 +0000] "GET / HTTP/1.1" 200 6312 "-" "Slackbot 1.0 (+https://api.slack.com/robots)"
157.55.39.177 - - [24/Nov/2021:15:14:38 +0000] "GET /wp-includes/js/comment-reply.min.js?ver=5.8.2 HTTP/2.0" 200 1390 "-" "Mozilla/5.0 (compatible; bingbot/2.0; +http://www.bing.com/bingbot.htm)"
157.55.39.177 - - [24/Nov/2021:15:14:41 +0000] "GET /wp-content/uploads/2021/02/IMG_4497-1-1040x585.jpeg HTTP/2.0" 200 82911 "-" "Mozilla/5.0 (compatible; bingbot/2.0; +http://www.bing.com/bingbot.htm)"
157.55.39.177 - - [24/Nov/2021:15:14:59 +0000] "GET /wp-content/uploads/2020/08/image-2-300x234.png HTTP/2.0" 200 44298 "-" "Mozilla/5.0 (compatible; bingbot/2.0; +http://www.bing.com/bingbot.htm)"
51.222.253.1 - - [24/Nov/2021:15:15:33 +0000] "GET /robots.txt HTTP/2.0" 200 112 "-" "Mozilla/5.0 (compatible; AhrefsBot/7.0; +http://ahrefs.com/robot/)"
51.222.253.12 - - [24/Nov/2021:15:15:35 +0000] "GET /archives/1187 HTTP/2.0" 200 7803 "-" "Mozilla/5.0 (compatible; AhrefsBot/7.0; +http://ahrefs.com/robot/)"
34.206.38.217 - - [24/Nov/2021:15:16:06 +0000] "GET /feed HTTP/1.1" 200 55868 "-" "Automate.io BOT"
216.245.221.83 - - [24/Nov/2021:15:18:06 +0000] "HEAD / HTTP/1.1" 301 0 "http://ja.tak-cslab.org/" "Mozilla/5.0+(compatible; UptimeRobot/2.0; http://www.uptimerobot.com/)"
163.215.6.1 - - [24/Nov/2021:15:18:06 +0000] "POST /wp-cron.php?doing_wp_cron=1637767086.6870179176330566406250 HTTP/1.1" 200 31 "https://ja.tak-cslab.org/wp-cron.php?doing_wp_cron=1637767086.6870179176330566406250" "WordPress/5.8.2; https://ja.tak-cslab.org"
216.245.221.83 - - [24/Nov/2021:15:18:06 +0000] "HEAD / HTTP/1.1" 200 0 "http://ja.tak-cslab.org/" "Mozilla/5.0+(compatible; UptimeRobot/2.0; http://www.uptimerobot.com/)"
34.206.38.217 - - [24/Nov/2021:15:21:06 +0000] "GET /feed HTTP/1.1" 200 55868 "-" "Automate.io BOT"
