216.245.221.83 - - [04/Dec/2021:08:59:26 +0000] "HEAD / HTTP/1.1" 301 0 "http://ja.tak-cslab.org/" "Mozilla/5.0+(compatible; UptimeRobot/2.0; http://www.uptimerobot.com/)"
216.245.221.83 - - [04/Dec/2021:08:59:26 +0000] "HEAD / HTTP/1.1" 200 0 "http://ja.tak-cslab.org/" "Mozilla/5.0+(compatible; UptimeRobot/2.0; http://www.uptimerobot.com/)"
185.191.171.12 - - [04/Dec/2021:08:59:36 +0000] "GET /robots.txt HTTP/1.1" 200 123 "-" "Mozilla/5.0 (compatible; SemrushBot/7~bl; +http://www.semrush.com/bot.html)"
185.191.171.9 - - [04/Dec/2021:08:59:36 +0000] "GET /archives/177 HTTP/1.1" 200 8147 "-" "Mozilla/5.0 (compatible; SemrushBot/7~bl; +http://www.semrush.com/bot.html)"
163.215.6.1 - - [04/Dec/2021:09:04:21 +0000] "POST /wp-cron.php?doing_wp_cron=1638608661.6873559951782226562500 HTTP/1.1" 200 31 "https://ja.tak-cslab.org/wp-cron.php?doing_wp_cron=1638608661.6873559951782226562500" "WordPress/5.8.2; https://ja.tak-cslab.org"
34.206.38.217 - - [04/Dec/2021:09:04:21 +0000] "GET /feed HTTP/1.1" 200 56281 "-" "Automate.io BOT"
216.245.221.83 - - [04/Dec/2021:09:04:26 +0000] "HEAD / HTTP/1.1" 301 0 "http://ja.tak-cslab.org/" "Mozilla/5.0+(compatible; UptimeRobot/2.0; http://www.uptimerobot.com/)"
216.245.221.83 - - [04/Dec/2021:09:04:26 +0000] "HEAD / HTTP/1.1" 200 0 "http://ja.tak-cslab.org/" "Mozilla/5.0+(compatible; UptimeRobot/2.0; http://www.uptimerobot.com/)"
34.206.38.217 - - [04/Dec/2021:09:09:21 +0000] "GET /feed HTTP/1.1" 200 56274 "-" "Automate.io BOT"
216.245.221.83 - - [04/Dec/2021:09:09:26 +0000] "HEAD / HTTP/1.1" 301 0 "http://ja.tak-cslab.org/" "Mozilla/5.0+(compatible; UptimeRobot/2.0; http://www.uptimerobot.com/)"
216.245.221.83 - - [04/Dec/2021:09:09:26 +0000] "HEAD / HTTP/1.1" 200 0 "http://ja.tak-cslab.org/" "Mozilla/5.0+(compatible; UptimeRobot/2.0; http://www.uptimerobot.com/)"
34.229.182.64 - - [04/Dec/2021:09:13:41 +0000] "HEAD /feed HTTP/2.0" 200 0 "-" "Slackbot 1.0 (+https://api.slack.com/robots)"
3.92.69.220 - - [04/Dec/2021:09:13:42 +0000] "GET /feed HTTP/1.1" 200 56281 "-" "Slackbot 1.0 (+https://api.slack.com/robots)"
3.239.115.172 - - [04/Dec/2021:09:13:43 +0000] "GET / HTTP/1.1" 200 6241 "-" "Slackbot 1.0 (+https://api.slack.com/robots)"
34.206.38.217 - - [04/Dec/2021:09:14:21 +0000] "GET /feed HTTP/1.1" 200 56281 "-" "Automate.io BOT"
216.245.221.83 - - [04/Dec/2021:09:14:26 +0000] "HEAD / HTTP/1.1" 301 0 "http://ja.tak-cslab.org/" "Mozilla/5.0+(compatible; UptimeRobot/2.0; http://www.uptimerobot.com/)"
216.245.221.83 - - [04/Dec/2021:09:14:26 +0000] "HEAD / HTTP/1.1" 200 0 "http://ja.tak-cslab.org/" "Mozilla/5.0+(compatible; UptimeRobot/2.0; http://www.uptimerobot.com/)"
163.215.6.1 - - [04/Dec/2021:09:19:21 +0000] "POST /wp-cron.php?doing_wp_cron=1638609561.7381169795989990234375 HTTP/1.1" 200 31 "https://ja.tak-cslab.org/wp-cron.php?doing_wp_cron=1638609561.7381169795989990234375" "WordPress/5.8.2; https://ja.tak-cslab.org"
34.206.38.217 - - [04/Dec/2021:09:19:21 +0000] "GET /feed HTTP/1.1" 200 56281 "-" "Automate.io BOT"
216.245.221.83 - - [04/Dec/2021:09:19:26 +0000] "HEAD / HTTP/1.1" 301 0 "http://ja.tak-cslab.org/" "Mozilla/5.0+(compatible; UptimeRobot/2.0; http://www.uptimerobot.com/)"
216.245.221.83 - - [04/Dec/2021:09:19:26 +0000] "HEAD / HTTP/1.1" 200 0 "http://ja.tak-cslab.org/" "Mozilla/5.0+(compatible; UptimeRobot/2.0; http://www.uptimerobot.com/)"
34.206.38.217 - - [04/Dec/2021:09:24:21 +0000] "GET /feed HTTP/1.1" 200 56281 "-" "Automate.io BOT"
216.245.221.83 - - [04/Dec/2021:09:24:26 +0000] "HEAD / HTTP/1.1" 301 0 "http://ja.tak-cslab.org/" "Mozilla/5.0+(compatible; UptimeRobot/2.0; http://www.uptimerobot.com/)"
216.245.221.83 - - [04/Dec/2021:09:24:26 +0000] "HEAD / HTTP/1.1" 200 0 "http://ja.tak-cslab.org/" "Mozilla/5.0+(compatible; UptimeRobot/2.0; http://www.uptimerobot.com/)"
40.77.167.66 - - [04/Dec/2021:09:25:42 +0000] "GET /wp-content/uploads/2020/09/Screen-Shot-2020-09-09-at-14.27.04-600x449.png HTTP/2.0" 200 157841 "-" "Mozilla/5.0 (compatible; bingbot/2.0; +http://www.bing.com/bingbot.htm)"
40.77.167.44 - - [04/Dec/2021:09:26:36 +0000] "GET /archives/author/yuta-tagawa HTTP/2.0" 200 5858 "-" "Mozilla/5.0 (compatible; bingbot/2.0; +http://www.bing.com/bingbot.htm)"
34.206.38.217 - - [04/Dec/2021:09:29:21 +0000] "GET /feed HTTP/1.1" 200 56281 "-" "Automate.io BOT"
216.245.221.83 - - [04/Dec/2021:09:29:26 +0000] "HEAD / HTTP/1.1" 301 0 "http://ja.tak-cslab.org/" "Mozilla/5.0+(compatible; UptimeRobot/2.0; http://www.uptimerobot.com/)"
216.245.221.83 - - [04/Dec/2021:09:29:26 +0000] "HEAD / HTTP/1.1" 200 0 "http://ja.tak-cslab.org/" "Mozilla/5.0+(compatible; UptimeRobot/2.0; http://www.uptimerobot.com/)"
40.77.167.99 - - [04/Dec/2021:09:33:26 +0000] "GET /robots.txt HTTP/2.0" 200 112 "-" "Mozilla/5.0 (compatible; bingbot/2.0; +http://www.bing.com/bingbot.htm)"
40.77.167.99 - - [04/Dec/2021:09:33:27 +0000] "GET /robots.txt HTTP/2.0" 200 112 "-" "Mozilla/5.0 (compatible; bingbot/2.0; +http://www.bing.com/bingbot.htm)"
18.232.58.24 - - [04/Dec/2021:09:33:42 +0000] "HEAD /feed HTTP/2.0" 200 0 "-" "Slackbot 1.0 (+https://api.slack.com/robots)"
18.233.223.86 - - [04/Dec/2021:09:33:42 +0000] "GET /feed HTTP/1.1" 200 56281 "-" "Slackbot 1.0 (+https://api.slack.com/robots)"
18.206.48.57 - - [04/Dec/2021:09:33:44 +0000] "GET / HTTP/1.1" 200 6249 "-" "Slackbot 1.0 (+https://api.slack.com/robots)"
34.206.38.217 - - [04/Dec/2021:09:34:21 +0000] "GET /feed HTTP/1.1" 200 56281 "-" "Automate.io BOT"
216.245.221.83 - - [04/Dec/2021:09:34:26 +0000] "HEAD / HTTP/1.1" 301 0 "http://ja.tak-cslab.org/" "Mozilla/5.0+(compatible; UptimeRobot/2.0; http://www.uptimerobot.com/)"
216.245.221.83 - - [04/Dec/2021:09:34:26 +0000] "HEAD / HTTP/1.1" 200 0 "http://ja.tak-cslab.org/" "Mozilla/5.0+(compatible; UptimeRobot/2.0; http://www.uptimerobot.com/)"
34.206.38.217 - - [04/Dec/2021:09:39:22 +0000] "GET /feed HTTP/1.1" 200 56281 "-" "Automate.io BOT"
216.245.221.83 - - [04/Dec/2021:09:39:26 +0000] "HEAD / HTTP/1.1" 301 0 "http://ja.tak-cslab.org/" "Mozilla/5.0+(compatible; UptimeRobot/2.0; http://www.uptimerobot.com/)"
216.245.221.83 - - [04/Dec/2021:09:39:26 +0000] "HEAD / HTTP/1.1" 200 0 "http://ja.tak-cslab.org/" "Mozilla/5.0+(compatible; UptimeRobot/2.0; http://www.uptimerobot.com/)"
183.76.5.163 - - [04/Dec/2021:09:41:46 +0000] "GET /robots.txt HTTP/2.0" 200 112 "-" "Mozilla/5.0 (Windows NT 10.0; Win64; x64) AppleWebKit/537.36 (KHTML, like Gecko) Chrome/96.0.4664.45 Safari/537.36"
183.76.5.163 - - [04/Dec/2021:09:41:46 +0000] "GET /publish-assets HTTP/2.0" 200 10405 "https://www.google.com/" "Mozilla/5.0 (Windows NT 10.0; Win64; x64) AppleWebKit/537.36 (KHTML, like Gecko) Chrome/96.0.4664.45 Safari/537.36"
183.76.5.163 - - [04/Dec/2021:09:41:46 +0000] "GET /wp-content/themes/scaffold/style.css?ver=5.8.2 HTTP/2.0" 200 5846 "https://ja.tak-cslab.org/publish-assets" "Mozilla/5.0 (Windows NT 10.0; Win64; x64) AppleWebKit/537.36 (KHTML, like Gecko) Chrome/96.0.4664.45 Safari/537.36"
183.76.5.163 - - [04/Dec/2021:09:41:46 +0000] "GET /wp-content/themes/cdsl/style.css?ver=1.3.1 HTTP/2.0" 200 272 "https://ja.tak-cslab.org/publish-assets" "Mozilla/5.0 (Windows NT 10.0; Win64; x64) AppleWebKit/537.36 (KHTML, like Gecko) Chrome/96.0.4664.45 Safari/537.36"
183.76.5.163 - - [04/Dec/2021:09:41:46 +0000] "GET /wp-content/themes/scaffold/assets/js/navigation.js?ver=1.3.1 HTTP/2.0" 200 1266 "https://ja.tak-cslab.org/publish-assets" "Mozilla/5.0 (Windows NT 10.0; Win64; x64) AppleWebKit/537.36 (KHTML, like Gecko) Chrome/96.0.4664.45 Safari/537.36"
183.76.5.163 - - [04/Dec/2021:09:41:46 +0000] "GET /wp-includes/js/wp-embed.min.js?ver=5.8.2 HTTP/2.0" 200 779 "https://ja.tak-cslab.org/publish-assets" "Mozilla/5.0 (Windows NT 10.0; Win64; x64) AppleWebKit/537.36 (KHTML, like Gecko) Chrome/96.0.4664.45 Safari/537.36"
183.76.5.163 - - [04/Dec/2021:09:41:46 +0000] "GET /wp-includes/css/dist/block-library/style.min.css?ver=5.8.2 HTTP/2.0" 200 13704 "https://ja.tak-cslab.org/publish-assets" "Mozilla/5.0 (Windows NT 10.0; Win64; x64) AppleWebKit/537.36 (KHTML, like Gecko) Chrome/96.0.4664.45 Safari/537.36"
183.76.5.163 - - [04/Dec/2021:09:41:46 +0000] "GET /wp-includes/js/wp-embed.min.js?ver=5.8.2 HTTP/2.0" 200 779 "-" "Mozilla/5.0 (Windows NT 10.0; Win64; x64) AppleWebKit/537.36 (KHTML, like Gecko) Chrome/96.0.4664.45 Safari/537.36"
183.76.5.163 - - [04/Dec/2021:09:41:46 +0000] "GET /wp-content/themes/scaffold/assets/js/navigation.js?ver=1.3.1 HTTP/2.0" 200 1266 "-" "Mozilla/5.0 (Windows NT 10.0; Win64; x64) AppleWebKit/537.36 (KHTML, like Gecko) Chrome/96.0.4664.45 Safari/537.36"
183.76.5.163 - - [04/Dec/2021:09:41:46 +0000] "GET /wp-includes/js/wp-emoji-release.min.js?ver=5.8.2 HTTP/2.0" 200 5714 "https://ja.tak-cslab.org/publish-assets" "Mozilla/5.0 (Windows NT 10.0; Win64; x64) AppleWebKit/537.36 (KHTML, like Gecko) Chrome/96.0.4664.45 Safari/537.36"
183.76.5.163 - - [04/Dec/2021:09:41:46 +0000] "GET /wp-includes/js/wp-emoji-release.min.js?ver=5.8.2 HTTP/2.0" 200 5714 "-" "Mozilla/5.0 (Windows NT 10.0; Win64; x64) AppleWebKit/537.36 (KHTML, like Gecko) Chrome/96.0.4664.45 Safari/537.36"
183.76.5.163 - - [04/Dec/2021:09:41:46 +0000] "GET /favicon.ico HTTP/2.0" 302 0 "https://ja.tak-cslab.org/publish-assets" "Mozilla/5.0 (Windows NT 10.0; Win64; x64) AppleWebKit/537.36 (KHTML, like Gecko) Chrome/96.0.4664.45 Safari/537.36"
183.76.5.163 - - [04/Dec/2021:09:41:46 +0000] "GET /wp-includes/images/w-logo-blue-white-bg.png HTTP/2.0" 200 4119 "https://ja.tak-cslab.org/publish-assets" "Mozilla/5.0 (Windows NT 10.0; Win64; x64) AppleWebKit/537.36 (KHTML, like Gecko) Chrome/96.0.4664.45 Safari/537.36"
34.206.38.217 - - [04/Dec/2021:09:44:21 +0000] "GET /feed HTTP/1.1" 200 56281 "-" "Automate.io BOT"
216.245.221.83 - - [04/Dec/2021:09:44:26 +0000] "HEAD / HTTP/1.1" 301 0 "http://ja.tak-cslab.org/" "Mozilla/5.0+(compatible; UptimeRobot/2.0; http://www.uptimerobot.com/)"
216.245.221.83 - - [04/Dec/2021:09:44:26 +0000] "HEAD / HTTP/1.1" 200 0 "http://ja.tak-cslab.org/" "Mozilla/5.0+(compatible; UptimeRobot/2.0; http://www.uptimerobot.com/)"
185.191.171.44 - - [04/Dec/2021:09:47:25 +0000] "GET /10gin_cds1?redirect_to=https%3A%2F%2Fja.tak-cslab.org%2Farchives%2F177 HTTP/1.1" 200 4550 "-" "Mozilla/5.0 (compatible; SemrushBot/7~bl; +http://www.semrush.com/bot.html)"
216.245.221.83 - - [04/Dec/2021:09:49:26 +0000] "HEAD / HTTP/1.1" 301 0 "http://ja.tak-cslab.org/" "Mozilla/5.0+(compatible; UptimeRobot/2.0; http://www.uptimerobot.com/)"
216.245.221.83 - - [04/Dec/2021:09:49:26 +0000] "HEAD / HTTP/1.1" 200 0 "http://ja.tak-cslab.org/" "Mozilla/5.0+(compatible; UptimeRobot/2.0; http://www.uptimerobot.com/)"
52.55.53.178 - - [04/Dec/2021:09:53:41 +0000] "HEAD /feed HTTP/2.0" 200 0 "-" "Slackbot 1.0 (+https://api.slack.com/robots)"
18.205.247.12 - - [04/Dec/2021:09:53:42 +0000] "GET /feed HTTP/1.1" 200 56274 "-" "Slackbot 1.0 (+https://api.slack.com/robots)"
54.89.224.120 - - [04/Dec/2021:09:53:44 +0000] "GET / HTTP/1.1" 200 6241 "-" "Slackbot 1.0 (+https://api.slack.com/robots)"
34.206.38.217 - - [04/Dec/2021:09:54:22 +0000] "GET /feed HTTP/1.1" 200 56281 "-" "Automate.io BOT"
216.245.221.83 - - [04/Dec/2021:09:54:26 +0000] "HEAD / HTTP/1.1" 301 0 "http://ja.tak-cslab.org/" "Mozilla/5.0+(compatible; UptimeRobot/2.0; http://www.uptimerobot.com/)"
216.245.221.83 - - [04/Dec/2021:09:54:26 +0000] "HEAD / HTTP/1.1" 200 0 "http://ja.tak-cslab.org/" "Mozilla/5.0+(compatible; UptimeRobot/2.0; http://www.uptimerobot.com/)"
114.119.135.84 - - [04/Dec/2021:09:57:12 +0000] "GET /?page_id=131 HTTP/1.1" 301 5 "-" "Mozilla/5.0 (Linux; Android 7.0;) AppleWebKit/537.36 (KHTML, like Gecko) Mobile Safari/537.36 (compatible; PetalBot;+https://webmaster.petalsearch.com/site/petalbot)"
114.119.135.84 - - [04/Dec/2021:09:57:17 +0000] "GET /about/member HTTP/1.1" 200 6540 "-" "Mozilla/5.0 (Linux; Android 7.0;) AppleWebKit/537.36 (KHTML, like Gecko) Mobile Safari/537.36 (compatible; PetalBot;+https://webmaster.petalsearch.com/site/petalbot)"
40.77.188.153 - - [04/Dec/2021:09:57:46 +0000] "GET /wp-content/themes/scaffold/assets/js/navigation.js?ver=1.3.1 HTTP/2.0" 200 3124 "-" "Mozilla/5.0 (Windows NT 6.1; WOW64) AppleWebKit/534+ (KHTML, like Gecko) BingPreview/1.0b"
34.206.38.217 - - [04/Dec/2021:09:59:21 +0000] "GET /feed HTTP/1.1" 200 56281 "-" "Automate.io BOT"
216.245.221.83 - - [04/Dec/2021:09:59:26 +0000] "HEAD / HTTP/1.1" 301 0 "http://ja.tak-cslab.org/" "Mozilla/5.0+(compatible; UptimeRobot/2.0; http://www.uptimerobot.com/)"
216.245.221.83 - - [04/Dec/2021:09:59:26 +0000] "HEAD / HTTP/1.1" 200 0 "http://ja.tak-cslab.org/" "Mozilla/5.0+(compatible; UptimeRobot/2.0; http://www.uptimerobot.com/)"
114.119.136.103 - - [04/Dec/2021:09:59:38 +0000] "GET /archives/295 HTTP/1.1" 200 6453 "-" "Mozilla/5.0 (Linux; Android 7.0;) AppleWebKit/537.36 (KHTML, like Gecko) Mobile Safari/537.36 (compatible; PetalBot;+https://webmaster.petalsearch.com/site/petalbot)"
163.215.6.1 - - [04/Dec/2021:10:00:43 +0000] "POST /wp-cron.php?doing_wp_cron=1638612043.3631310462951660156250 HTTP/1.1" 200 31 "https://ja.tak-cslab.org/wp-cron.php?doing_wp_cron=1638612043.3631310462951660156250" "WordPress/5.8.2; https://ja.tak-cslab.org"
207.46.13.85 - - [04/Dec/2021:10:00:43 +0000] "GET /about HTTP/2.0" 200 5355 "-" "Mozilla/5.0 (compatible; bingbot/2.0; +http://www.bing.com/bingbot.htm)"
40.77.167.44 - - [04/Dec/2021:10:00:59 +0000] "GET /wp-content/themes/scaffold/assets/js/navigation.js?ver=1.3.1 HTTP/2.0" 200 1266 "-" "Mozilla/5.0 (compatible; bingbot/2.0; +http://www.bing.com/bingbot.htm)"
126.249.143.130 - - [04/Dec/2021:10:01:51 +0000] "GET /archives/896 HTTP/2.0" 200 10367 "-" "Mozilla/5.0 (Android 10; Mobile; rv:91.0) Gecko/91.0 Firefox/91.0"
126.249.143.130 - - [04/Dec/2021:10:01:51 +0000] "GET /wp-content/themes/cdsl/style.css?ver=1.3.1 HTTP/2.0" 200 272 "https://ja.tak-cslab.org/archives/896" "Mozilla/5.0 (Android 10; Mobile; rv:91.0) Gecko/91.0 Firefox/91.0"
126.249.143.130 - - [04/Dec/2021:10:01:51 +0000] "GET /wp-content/themes/scaffold/assets/js/navigation.js?ver=1.3.1 HTTP/2.0" 200 1266 "https://ja.tak-cslab.org/archives/896" "Mozilla/5.0 (Android 10; Mobile; rv:91.0) Gecko/91.0 Firefox/91.0"
126.249.143.130 - - [04/Dec/2021:10:01:51 +0000] "GET /wp-includes/js/comment-reply.min.js?ver=5.8.2 HTTP/2.0" 200 1390 "https://ja.tak-cslab.org/archives/896" "Mozilla/5.0 (Android 10; Mobile; rv:91.0) Gecko/91.0 Firefox/91.0"
126.249.143.130 - - [04/Dec/2021:10:01:51 +0000] "GET /wp-includes/js/wp-embed.min.js?ver=5.8.2 HTTP/2.0" 200 779 "https://ja.tak-cslab.org/archives/896" "Mozilla/5.0 (Android 10; Mobile; rv:91.0) Gecko/91.0 Firefox/91.0"
126.249.143.130 - - [04/Dec/2021:10:01:51 +0000] "GET /wp-includes/css/dist/block-library/style.min.css?ver=5.8.2 HTTP/2.0" 200 13704 "https://ja.tak-cslab.org/archives/896" "Mozilla/5.0 (Android 10; Mobile; rv:91.0) Gecko/91.0 Firefox/91.0"
126.249.143.130 - - [04/Dec/2021:10:01:51 +0000] "GET /wp-content/themes/scaffold/style.css?ver=5.8.2 HTTP/2.0" 200 5846 "https://ja.tak-cslab.org/archives/896" "Mozilla/5.0 (Android 10; Mobile; rv:91.0) Gecko/91.0 Firefox/91.0"
126.249.143.130 - - [04/Dec/2021:10:01:51 +0000] "GET /wp-content/plugins/native-lazyload/assets/images/placeholder.svg HTTP/2.0" 200 88 "https://ja.tak-cslab.org/archives/896" "Mozilla/5.0 (Android 10; Mobile; rv:91.0) Gecko/91.0 Firefox/91.0"
126.249.143.130 - - [04/Dec/2021:10:01:51 +0000] "GET /wp-content/uploads/2021/01/%E3%83%92%E3%83%89%E3%83%A9.jpeg HTTP/2.0" 200 12823 "https://ja.tak-cslab.org/archives/896" "Mozilla/5.0 (Android 10; Mobile; rv:91.0) Gecko/91.0 Firefox/91.0"
126.249.143.130 - - [04/Dec/2021:10:02:02 +0000] "GET /wp-content/uploads/2021/02/%E3%83%92%E3%83%89%E3%83%A9%EF%BC%91.png HTTP/2.0" 200 27267 "https://ja.tak-cslab.org/archives/896" "Mozilla/5.0 (Android 10; Mobile; rv:91.0) Gecko/91.0 Firefox/91.0"
126.249.143.130 - - [04/Dec/2021:10:02:02 +0000] "GET /wp-content/uploads/2021/02/%E3%83%92%E3%83%89%E3%83%A9%EF%BC%92.png HTTP/2.0" 200 31701 "https://ja.tak-cslab.org/archives/896" "Mozilla/5.0 (Android 10; Mobile; rv:91.0) Gecko/91.0 Firefox/91.0"
126.249.143.130 - - [04/Dec/2021:10:04:04 +0000] "GET /archives/1581 HTTP/2.0" 200 7118 "https://ja.tak-cslab.org/archives/896" "Mozilla/5.0 (Android 10; Mobile; rv:91.0) Gecko/91.0 Firefox/91.0"
126.249.143.130 - - [04/Dec/2021:10:04:04 +0000] "GET /wp-content/themes/scaffold/assets/js/navigation.js?ver=1.3.1 HTTP/2.0" 200 0 "https://ja.tak-cslab.org/archives/1581" "Mozilla/5.0 (Android 10; Mobile; rv:91.0) Gecko/91.0 Firefox/91.0"
126.249.143.130 - - [04/Dec/2021:10:04:04 +0000] "GET /wp-content/uploads/2021/11/image.png HTTP/2.0" 200 72614 "https://ja.tak-cslab.org/archives/1581" "Mozilla/5.0 (Android 10; Mobile; rv:91.0) Gecko/91.0 Firefox/91.0"
34.206.38.217 - - [04/Dec/2021:10:04:21 +0000] "GET /feed HTTP/1.1" 200 56274 "-" "Automate.io BOT"
216.245.221.83 - - [04/Dec/2021:10:04:26 +0000] "HEAD / HTTP/1.1" 301 0 "http://ja.tak-cslab.org/" "Mozilla/5.0+(compatible; UptimeRobot/2.0; http://www.uptimerobot.com/)"
216.245.221.83 - - [04/Dec/2021:10:04:26 +0000] "HEAD / HTTP/1.1" 200 0 "http://ja.tak-cslab.org/" "Mozilla/5.0+(compatible; UptimeRobot/2.0; http://www.uptimerobot.com/)"
66.249.66.159 - - [04/Dec/2021:10:06:10 +0000] "GET /archives/591 HTTP/1.1" 200 8912 "-" "Mozilla/5.0 (Linux; Android 6.0.1; Nexus 5X Build/MMB29P) AppleWebKit/537.36 (KHTML, like Gecko) Chrome/96.0.4664.45 Mobile Safari/537.36 (compatible; Googlebot/2.1; +http://www.google.com/bot.html)"
49.98.220.175 - - [04/Dec/2021:10:07:02 +0000] "GET /tech-report HTTP/2.0" 200 12840 "https://www.google.com/" "Mozilla/5.0 (Linux; Android 11; SO-52B) AppleWebKit/537.36 (KHTML, like Gecko) Chrome/96.0.4664.45 Mobile Safari/537.36"
49.98.220.175 - - [04/Dec/2021:10:07:03 +0000] "GET /wp-includes/js/wp-embed.min.js?ver=5.8.2 HTTP/2.0" 304 0 "https://ja.tak-cslab.org/tech-report" "Mozilla/5.0 (Linux; Android 11; SO-52B) AppleWebKit/537.36 (KHTML, like Gecko) Chrome/96.0.4664.45 Mobile Safari/537.36"
49.98.220.175 - - [04/Dec/2021:10:07:03 +0000] "GET /wp-content/themes/scaffold/style.css?ver=5.8.2 HTTP/2.0" 200 5846 "https://ja.tak-cslab.org/tech-report" "Mozilla/5.0 (Linux; Android 11; SO-52B) AppleWebKit/537.36 (KHTML, like Gecko) Chrome/96.0.4664.45 Mobile Safari/537.36"
49.98.220.175 - - [04/Dec/2021:10:07:03 +0000] "GET /wp-includes/css/dist/block-library/style.min.css?ver=5.8.2 HTTP/2.0" 200 13704 "https://ja.tak-cslab.org/tech-report" "Mozilla/5.0 (Linux; Android 11; SO-52B) AppleWebKit/537.36 (KHTML, like Gecko) Chrome/96.0.4664.45 Mobile Safari/537.36"
49.98.220.175 - - [04/Dec/2021:10:07:03 +0000] "GET /wp-includes/js/wp-emoji-release.min.js?ver=5.8.2 HTTP/2.0" 200 5714 "https://ja.tak-cslab.org/tech-report" "Mozilla/5.0 (Linux; Android 11; SO-52B) AppleWebKit/537.36 (KHTML, like Gecko) Chrome/96.0.4664.45 Mobile Safari/537.36"
49.98.220.175 - - [04/Dec/2021:10:07:03 +0000] "GET /favicon.ico HTTP/2.0" 302 0 "https://ja.tak-cslab.org/tech-report" "Mozilla/5.0 (Linux; Android 11; SO-52B) AppleWebKit/537.36 (KHTML, like Gecko) Chrome/96.0.4664.45 Mobile Safari/537.36"
49.98.220.175 - - [04/Dec/2021:10:07:03 +0000] "GET /wp-includes/images/w-logo-blue-white-bg.png HTTP/2.0" 200 4119 "https://ja.tak-cslab.org/tech-report" "Mozilla/5.0 (Linux; Android 11; SO-52B) AppleWebKit/537.36 (KHTML, like Gecko) Chrome/96.0.4664.45 Mobile Safari/537.36"
34.206.38.217 - - [04/Dec/2021:10:09:21 +0000] "GET /feed HTTP/1.1" 200 56281 "-" "Automate.io BOT"
216.245.221.83 - - [04/Dec/2021:10:09:26 +0000] "HEAD / HTTP/1.1" 301 0 "http://ja.tak-cslab.org/" "Mozilla/5.0+(compatible; UptimeRobot/2.0; http://www.uptimerobot.com/)"
216.245.221.83 - - [04/Dec/2021:10:09:26 +0000] "HEAD / HTTP/1.1" 200 0 "http://ja.tak-cslab.org/" "Mozilla/5.0+(compatible; UptimeRobot/2.0; http://www.uptimerobot.com/)"
52.23.181.25 - - [04/Dec/2021:10:13:45 +0000] "HEAD /feed HTTP/2.0" 200 0 "-" "Slackbot 1.0 (+https://api.slack.com/robots)"
3.86.57.122 - - [04/Dec/2021:10:13:46 +0000] "GET /feed HTTP/1.1" 200 56281 "-" "Slackbot 1.0 (+https://api.slack.com/robots)"
52.55.107.49 - - [04/Dec/2021:10:13:48 +0000] "GET / HTTP/1.1" 200 6249 "-" "Slackbot 1.0 (+https://api.slack.com/robots)"
34.206.38.217 - - [04/Dec/2021:10:14:22 +0000] "GET /feed HTTP/1.1" 200 56281 "-" "Automate.io BOT"
216.245.221.83 - - [04/Dec/2021:10:14:26 +0000] "HEAD / HTTP/1.1" 301 0 "http://ja.tak-cslab.org/" "Mozilla/5.0+(compatible; UptimeRobot/2.0; http://www.uptimerobot.com/)"
216.245.221.83 - - [04/Dec/2021:10:14:26 +0000] "HEAD / HTTP/1.1" 200 0 "http://ja.tak-cslab.org/" "Mozilla/5.0+(compatible; UptimeRobot/2.0; http://www.uptimerobot.com/)"
163.215.6.1 - - [04/Dec/2021:10:18:31 +0000] "POST /wp-cron.php?doing_wp_cron=1638613110.3195021152496337890625 HTTP/1.1" 200 31 "https://ja.tak-cslab.org/wp-cron.php?doing_wp_cron=1638613110.3195021152496337890625" "WordPress/5.8.2; https://ja.tak-cslab.org"
35.77.43.190 - - [04/Dec/2021:10:18:31 +0000] "GET /favicon.ico HTTP/1.1" 302 5 "-" "Slack-ImgProxy (+https://api.slack.com/robots)"
18.182.2.136 - - [04/Dec/2021:10:18:31 +0000] "GET /wp-includes/images/w-logo-blue-white-bg.png HTTP/1.1" 200 4119 "-" "Slack-ImgProxy (+https://api.slack.com/robots)"
216.245.221.83 - - [04/Dec/2021:10:19:26 +0000] "HEAD / HTTP/1.1" 301 0 "http://ja.tak-cslab.org/" "Mozilla/5.0+(compatible; UptimeRobot/2.0; http://www.uptimerobot.com/)"
216.245.221.83 - - [04/Dec/2021:10:19:26 +0000] "HEAD / HTTP/1.1" 200 0 "http://ja.tak-cslab.org/" "Mozilla/5.0+(compatible; UptimeRobot/2.0; http://www.uptimerobot.com/)"
192.133.77.18 - - [04/Dec/2021:10:23:40 +0000] "GET /robots.txt HTTP/1.1" 200 128 "-" "Twitterbot/1.0"
192.133.77.18 - - [04/Dec/2021:10:23:40 +0000] "GET /about/member HTTP/1.1" 200 6548 "-" "Twitterbot/1.0"
34.206.38.217 - - [04/Dec/2021:10:24:21 +0000] "GET /feed HTTP/1.1" 200 56281 "-" "Automate.io BOT"
216.245.221.83 - - [04/Dec/2021:10:24:26 +0000] "HEAD / HTTP/1.1" 301 0 "http://ja.tak-cslab.org/" "Mozilla/5.0+(compatible; UptimeRobot/2.0; http://www.uptimerobot.com/)"
216.245.221.83 - - [04/Dec/2021:10:24:26 +0000] "HEAD / HTTP/1.1" 200 0 "http://ja.tak-cslab.org/" "Mozilla/5.0+(compatible; UptimeRobot/2.0; http://www.uptimerobot.com/)"
13.112.186.23 - - [04/Dec/2021:10:26:43 +0000] "GET /archives/author/yuuki-takagi HTTP/2.0" 200 20731 "-" "Mozilla/5.0 (Macintosh; Intel Mac OS X 10_14_6) AppleWebKit/537.36 (KHTML, like Gecko) Chrome/79.0.3945.117 Safari/537.36"
34.206.38.217 - - [04/Dec/2021:10:29:22 +0000] "GET /feed HTTP/1.1" 200 56281 "-" "Automate.io BOT"
216.245.221.83 - - [04/Dec/2021:10:29:26 +0000] "HEAD / HTTP/1.1" 301 0 "http://ja.tak-cslab.org/" "Mozilla/5.0+(compatible; UptimeRobot/2.0; http://www.uptimerobot.com/)"
216.245.221.83 - - [04/Dec/2021:10:29:26 +0000] "HEAD / HTTP/1.1" 200 0 "http://ja.tak-cslab.org/" "Mozilla/5.0+(compatible; UptimeRobot/2.0; http://www.uptimerobot.com/)"
184.73.134.72 - - [04/Dec/2021:10:33:39 +0000] "HEAD /feed HTTP/2.0" 200 0 "-" "Slackbot 1.0 (+https://api.slack.com/robots)"
44.192.31.255 - - [04/Dec/2021:10:33:40 +0000] "GET /feed HTTP/1.1" 200 56281 "-" "Slackbot 1.0 (+https://api.slack.com/robots)"
3.231.21.94 - - [04/Dec/2021:10:33:42 +0000] "GET / HTTP/1.1" 200 6249 "-" "Slackbot 1.0 (+https://api.slack.com/robots)"
216.245.221.83 - - [04/Dec/2021:10:34:26 +0000] "HEAD / HTTP/1.1" 301 0 "http://ja.tak-cslab.org/" "Mozilla/5.0+(compatible; UptimeRobot/2.0; http://www.uptimerobot.com/)"
216.245.221.83 - - [04/Dec/2021:10:34:26 +0000] "HEAD / HTTP/1.1" 200 0 "http://ja.tak-cslab.org/" "Mozilla/5.0+(compatible; UptimeRobot/2.0; http://www.uptimerobot.com/)"
34.206.38.217 - - [04/Dec/2021:10:39:21 +0000] "GET /feed HTTP/1.1" 200 56281 "-" "Automate.io BOT"
216.245.221.83 - - [04/Dec/2021:10:39:26 +0000] "HEAD / HTTP/1.1" 301 0 "http://ja.tak-cslab.org/" "Mozilla/5.0+(compatible; UptimeRobot/2.0; http://www.uptimerobot.com/)"
216.245.221.83 - - [04/Dec/2021:10:39:26 +0000] "HEAD / HTTP/1.1" 200 0 "http://ja.tak-cslab.org/" "Mozilla/5.0+(compatible; UptimeRobot/2.0; http://www.uptimerobot.com/)"
66.249.66.9 - - [04/Dec/2021:10:39:40 +0000] "GET /wp-content/uploads/2020/09/Screen-Shot-2020-09-09-at-15.14.44-1024x630.png HTTP/1.1" 200 426428 "-" "Googlebot-Image/1.0"
35.245.188.175 - - [04/Dec/2021:10:42:57 +0000] "GET / HTTP/1.1" 301 162 "-" "Mozilla/5.0 (Windows NT 6.1; WOW64; Trident/7.0; rv:11.0) like Gecko"
209.120.227.2 - - [04/Dec/2021:10:42:57 +0000] "GET / HTTP/1.1" 301 162 "-" "Mozilla/5.0 (Windows NT 6.1; WOW64; Trident/7.0; rv:11.0) like Gecko"
35.245.188.175 - - [04/Dec/2021:10:42:58 +0000] "GET / HTTP/1.1" 200 22043 "-" "Mozilla/5.0 (Windows NT 6.1; WOW64; Trident/7.0; rv:11.0) like Gecko"
209.120.227.2 - - [04/Dec/2021:10:42:59 +0000] "GET / HTTP/1.1" 200 22043 "-" "Mozilla/5.0 (Windows NT 6.1; WOW64; Trident/7.0; rv:11.0) like Gecko"
34.206.38.217 - - [04/Dec/2021:10:44:22 +0000] "GET /feed HTTP/1.1" 200 56281 "-" "Automate.io BOT"
216.245.221.83 - - [04/Dec/2021:10:44:26 +0000] "HEAD / HTTP/1.1" 301 0 "http://ja.tak-cslab.org/" "Mozilla/5.0+(compatible; UptimeRobot/2.0; http://www.uptimerobot.com/)"
216.245.221.83 - - [04/Dec/2021:10:44:26 +0000] "HEAD / HTTP/1.1" 200 0 "http://ja.tak-cslab.org/" "Mozilla/5.0+(compatible; UptimeRobot/2.0; http://www.uptimerobot.com/)"
34.206.38.217 - - [04/Dec/2021:10:49:22 +0000] "GET /feed HTTP/1.1" 200 56281 "-" "Automate.io BOT"
216.245.221.83 - - [04/Dec/2021:10:49:26 +0000] "HEAD / HTTP/1.1" 301 0 "http://ja.tak-cslab.org/" "Mozilla/5.0+(compatible; UptimeRobot/2.0; http://www.uptimerobot.com/)"
216.245.221.83 - - [04/Dec/2021:10:49:26 +0000] "HEAD / HTTP/1.1" 200 0 "http://ja.tak-cslab.org/" "Mozilla/5.0+(compatible; UptimeRobot/2.0; http://www.uptimerobot.com/)"
18.206.48.57 - - [04/Dec/2021:10:53:43 +0000] "HEAD /feed HTTP/2.0" 200 0 "-" "Slackbot 1.0 (+https://api.slack.com/robots)"
54.152.97.245 - - [04/Dec/2021:10:53:43 +0000] "GET /feed HTTP/1.1" 200 56281 "-" "Slackbot 1.0 (+https://api.slack.com/robots)"
3.92.69.220 - - [04/Dec/2021:10:53:44 +0000] "GET / HTTP/1.1" 200 6249 "-" "Slackbot 1.0 (+https://api.slack.com/robots)"
34.206.38.217 - - [04/Dec/2021:10:54:21 +0000] "GET /feed HTTP/1.1" 200 56274 "-" "Automate.io BOT"
216.245.221.83 - - [04/Dec/2021:10:54:26 +0000] "HEAD / HTTP/1.1" 301 0 "http://ja.tak-cslab.org/" "Mozilla/5.0+(compatible; UptimeRobot/2.0; http://www.uptimerobot.com/)"
216.245.221.83 - - [04/Dec/2021:10:54:26 +0000] "HEAD / HTTP/1.1" 200 0 "http://ja.tak-cslab.org/" "Mozilla/5.0+(compatible; UptimeRobot/2.0; http://www.uptimerobot.com/)"
34.206.38.217 - - [04/Dec/2021:10:59:22 +0000] "GET /feed HTTP/1.1" 200 56281 "-" "Automate.io BOT"
216.245.221.83 - - [04/Dec/2021:10:59:26 +0000] "HEAD / HTTP/1.1" 301 0 "http://ja.tak-cslab.org/" "Mozilla/5.0+(compatible; UptimeRobot/2.0; http://www.uptimerobot.com/)"
216.245.221.83 - - [04/Dec/2021:10:59:26 +0000] "HEAD / HTTP/1.1" 200 0 "http://ja.tak-cslab.org/" "Mozilla/5.0+(compatible; UptimeRobot/2.0; http://www.uptimerobot.com/)"
163.215.6.1 - - [04/Dec/2021:11:04:21 +0000] "POST /wp-cron.php?doing_wp_cron=1638615861.9333429336547851562500 HTTP/1.1" 200 31 "https://ja.tak-cslab.org/wp-cron.php?doing_wp_cron=1638615861.9333429336547851562500" "WordPress/5.8.2; https://ja.tak-cslab.org"
34.206.38.217 - - [04/Dec/2021:11:04:22 +0000] "GET /feed HTTP/1.1" 200 56281 "-" "Automate.io BOT"
216.245.221.83 - - [04/Dec/2021:11:04:26 +0000] "HEAD / HTTP/1.1" 301 0 "http://ja.tak-cslab.org/" "Mozilla/5.0+(compatible; UptimeRobot/2.0; http://www.uptimerobot.com/)"
216.245.221.83 - - [04/Dec/2021:11:04:26 +0000] "HEAD / HTTP/1.1" 200 0 "http://ja.tak-cslab.org/" "Mozilla/5.0+(compatible; UptimeRobot/2.0; http://www.uptimerobot.com/)"
34.206.38.217 - - [04/Dec/2021:11:09:21 +0000] "GET /feed HTTP/1.1" 200 56281 "-" "Automate.io BOT"
216.245.221.83 - - [04/Dec/2021:11:09:26 +0000] "HEAD / HTTP/1.1" 301 0 "http://ja.tak-cslab.org/" "Mozilla/5.0+(compatible; UptimeRobot/2.0; http://www.uptimerobot.com/)"
216.245.221.83 - - [04/Dec/2021:11:09:26 +0000] "HEAD / HTTP/1.1" 200 0 "http://ja.tak-cslab.org/" "Mozilla/5.0+(compatible; UptimeRobot/2.0; http://www.uptimerobot.com/)"
3.237.239.38 - - [04/Dec/2021:11:13:43 +0000] "HEAD /feed HTTP/2.0" 200 0 "-" "Slackbot 1.0 (+https://api.slack.com/robots)"
18.233.223.86 - - [04/Dec/2021:11:13:43 +0000] "GET /feed HTTP/1.1" 200 56281 "-" "Slackbot 1.0 (+https://api.slack.com/robots)"
3.87.2.202 - - [04/Dec/2021:11:13:44 +0000] "GET / HTTP/1.1" 200 6241 "-" "Slackbot 1.0 (+https://api.slack.com/robots)"
34.206.38.217 - - [04/Dec/2021:11:14:22 +0000] "GET /feed HTTP/1.1" 200 56281 "-" "Automate.io BOT"
216.245.221.83 - - [04/Dec/2021:11:14:26 +0000] "HEAD / HTTP/1.1" 301 0 "http://ja.tak-cslab.org/" "Mozilla/5.0+(compatible; UptimeRobot/2.0; http://www.uptimerobot.com/)"
216.245.221.83 - - [04/Dec/2021:11:14:27 +0000] "HEAD / HTTP/1.1" 200 0 "http://ja.tak-cslab.org/" "Mozilla/5.0+(compatible; UptimeRobot/2.0; http://www.uptimerobot.com/)"
216.245.221.83 - - [04/Dec/2021:11:19:26 +0000] "HEAD / HTTP/1.1" 301 0 "http://ja.tak-cslab.org/" "Mozilla/5.0+(compatible; UptimeRobot/2.0; http://www.uptimerobot.com/)"
163.215.6.1 - - [04/Dec/2021:11:19:26 +0000] "POST /wp-cron.php?doing_wp_cron=1638616766.6425809860229492187500 HTTP/1.1" 200 31 "https://ja.tak-cslab.org/wp-cron.php?doing_wp_cron=1638616766.6425809860229492187500" "WordPress/5.8.2; https://ja.tak-cslab.org"
216.245.221.83 - - [04/Dec/2021:11:19:26 +0000] "HEAD / HTTP/1.1" 200 0 "http://ja.tak-cslab.org/" "Mozilla/5.0+(compatible; UptimeRobot/2.0; http://www.uptimerobot.com/)"
185.191.171.11 - - [04/Dec/2021:11:22:36 +0000] "GET /robots.txt HTTP/1.1" 200 123 "-" "Mozilla/5.0 (compatible; SemrushBot/7~bl; +http://www.semrush.com/bot.html)"
185.191.171.7 - - [04/Dec/2021:11:22:37 +0000] "GET /10gin_cds1?redirect_to=https%3A%2F%2Fja.tak-cslab.org%2Farchives%2F780 HTTP/1.1" 200 4545 "-" "Mozilla/5.0 (compatible; SemrushBot/7~bl; +http://www.semrush.com/bot.html)"
13.231.25.95 - - [04/Dec/2021:11:22:50 +0000] "GET /favicon.ico HTTP/1.1" 302 5 "-" "Slack-ImgProxy (+https://api.slack.com/robots)"
35.74.241.43 - - [04/Dec/2021:11:22:50 +0000] "GET /wp-includes/images/w-logo-blue-white-bg.png HTTP/1.1" 200 4119 "-" "Slack-ImgProxy (+https://api.slack.com/robots)"
216.245.221.83 - - [04/Dec/2021:11:24:26 +0000] "HEAD / HTTP/1.1" 301 0 "http://ja.tak-cslab.org/" "Mozilla/5.0+(compatible; UptimeRobot/2.0; http://www.uptimerobot.com/)"
216.245.221.83 - - [04/Dec/2021:11:24:26 +0000] "HEAD / HTTP/1.1" 200 0 "http://ja.tak-cslab.org/" "Mozilla/5.0+(compatible; UptimeRobot/2.0; http://www.uptimerobot.com/)"
34.206.38.217 - - [04/Dec/2021:11:29:22 +0000] "GET /feed HTTP/1.1" 200 56281 "-" "Automate.io BOT"
216.245.221.83 - - [04/Dec/2021:11:29:26 +0000] "HEAD / HTTP/1.1" 301 0 "http://ja.tak-cslab.org/" "Mozilla/5.0+(compatible; UptimeRobot/2.0; http://www.uptimerobot.com/)"
216.245.221.83 - - [04/Dec/2021:11:29:26 +0000] "HEAD / HTTP/1.1" 200 0 "http://ja.tak-cslab.org/" "Mozilla/5.0+(compatible; UptimeRobot/2.0; http://www.uptimerobot.com/)"
18.212.191.209 - - [04/Dec/2021:11:33:41 +0000] "HEAD /feed HTTP/2.0" 200 0 "-" "Slackbot 1.0 (+https://api.slack.com/robots)"
18.205.247.12 - - [04/Dec/2021:11:33:42 +0000] "GET /feed HTTP/1.1" 200 56281 "-" "Slackbot 1.0 (+https://api.slack.com/robots)"
34.229.182.64 - - [04/Dec/2021:11:33:43 +0000] "GET / HTTP/1.1" 200 6235 "-" "Slackbot 1.0 (+https://api.slack.com/robots)"
216.245.221.83 - - [04/Dec/2021:11:34:26 +0000] "HEAD / HTTP/1.1" 301 0 "http://ja.tak-cslab.org/" "Mozilla/5.0+(compatible; UptimeRobot/2.0; http://www.uptimerobot.com/)"
216.245.221.83 - - [04/Dec/2021:11:34:26 +0000] "HEAD / HTTP/1.1" 200 0 "http://ja.tak-cslab.org/" "Mozilla/5.0+(compatible; UptimeRobot/2.0; http://www.uptimerobot.com/)"
66.249.66.158 - - [04/Dec/2021:11:36:10 +0000] "GET /archives/author/c0118220 HTTP/1.1" 200 5815 "-" "Mozilla/5.0 (Linux; Android 6.0.1; Nexus 5X Build/MMB29P) AppleWebKit/537.36 (KHTML, like Gecko) Chrome/96.0.4664.45 Mobile Safari/537.36 (compatible; Googlebot/2.1; +http://www.google.com/bot.html)"
216.245.221.83 - - [04/Dec/2021:11:39:26 +0000] "HEAD / HTTP/1.1" 301 0 "http://ja.tak-cslab.org/" "Mozilla/5.0+(compatible; UptimeRobot/2.0; http://www.uptimerobot.com/)"
216.245.221.83 - - [04/Dec/2021:11:39:26 +0000] "HEAD / HTTP/1.1" 200 0 "http://ja.tak-cslab.org/" "Mozilla/5.0+(compatible; UptimeRobot/2.0; http://www.uptimerobot.com/)"
34.206.38.217 - - [04/Dec/2021:11:44:23 +0000] "GET /feed HTTP/1.1" 200 56274 "-" "Automate.io BOT"
216.245.221.83 - - [04/Dec/2021:11:44:26 +0000] "HEAD / HTTP/1.1" 301 0 "http://ja.tak-cslab.org/" "Mozilla/5.0+(compatible; UptimeRobot/2.0; http://www.uptimerobot.com/)"
216.245.221.83 - - [04/Dec/2021:11:44:26 +0000] "HEAD / HTTP/1.1" 200 0 "http://ja.tak-cslab.org/" "Mozilla/5.0+(compatible; UptimeRobot/2.0; http://www.uptimerobot.com/)"
34.206.38.217 - - [04/Dec/2021:11:49:22 +0000] "GET /feed HTTP/1.1" 200 56281 "-" "Automate.io BOT"
216.245.221.83 - - [04/Dec/2021:11:49:26 +0000] "HEAD / HTTP/1.1" 301 0 "http://ja.tak-cslab.org/" "Mozilla/5.0+(compatible; UptimeRobot/2.0; http://www.uptimerobot.com/)"
216.245.221.83 - - [04/Dec/2021:11:49:26 +0000] "HEAD / HTTP/1.1" 200 0 "http://ja.tak-cslab.org/" "Mozilla/5.0+(compatible; UptimeRobot/2.0; http://www.uptimerobot.com/)"
44.195.89.36 - - [04/Dec/2021:11:53:44 +0000] "HEAD /feed HTTP/2.0" 200 0 "-" "Slackbot 1.0 (+https://api.slack.com/robots)"
184.73.134.72 - - [04/Dec/2021:11:53:45 +0000] "GET /feed HTTP/1.1" 200 56281 "-" "Slackbot 1.0 (+https://api.slack.com/robots)"
18.205.247.12 - - [04/Dec/2021:11:53:46 +0000] "GET / HTTP/1.1" 200 6241 "-" "Slackbot 1.0 (+https://api.slack.com/robots)"
34.206.38.217 - - [04/Dec/2021:11:54:22 +0000] "GET /feed HTTP/1.1" 200 56281 "-" "Automate.io BOT"
216.245.221.83 - - [04/Dec/2021:11:54:26 +0000] "HEAD / HTTP/1.1" 301 0 "http://ja.tak-cslab.org/" "Mozilla/5.0+(compatible; UptimeRobot/2.0; http://www.uptimerobot.com/)"
216.245.221.83 - - [04/Dec/2021:11:54:26 +0000] "HEAD / HTTP/1.1" 200 0 "http://ja.tak-cslab.org/" "Mozilla/5.0+(compatible; UptimeRobot/2.0; http://www.uptimerobot.com/)"
34.206.38.217 - - [04/Dec/2021:11:59:22 +0000] "GET /feed HTTP/1.1" 200 56281 "-" "Automate.io BOT"
216.245.221.83 - - [04/Dec/2021:11:59:26 +0000] "HEAD / HTTP/1.1" 301 0 "http://ja.tak-cslab.org/" "Mozilla/5.0+(compatible; UptimeRobot/2.0; http://www.uptimerobot.com/)"
216.245.221.83 - - [04/Dec/2021:11:59:26 +0000] "HEAD / HTTP/1.1" 200 0 "http://ja.tak-cslab.org/" "Mozilla/5.0+(compatible; UptimeRobot/2.0; http://www.uptimerobot.com/)"
163.215.6.1 - - [04/Dec/2021:12:04:22 +0000] "POST /wp-cron.php?doing_wp_cron=1638619462.7257609367370605468750 HTTP/1.1" 200 31 "https://ja.tak-cslab.org/wp-cron.php?doing_wp_cron=1638619462.7257609367370605468750" "WordPress/5.8.2; https://ja.tak-cslab.org"
34.206.38.217 - - [04/Dec/2021:12:04:22 +0000] "GET /feed HTTP/1.1" 200 56281 "-" "Automate.io BOT"
216.245.221.83 - - [04/Dec/2021:12:04:26 +0000] "HEAD / HTTP/1.1" 301 0 "http://ja.tak-cslab.org/" "Mozilla/5.0+(compatible; UptimeRobot/2.0; http://www.uptimerobot.com/)"
216.245.221.83 - - [04/Dec/2021:12:04:26 +0000] "HEAD / HTTP/1.1" 200 0 "http://ja.tak-cslab.org/" "Mozilla/5.0+(compatible; UptimeRobot/2.0; http://www.uptimerobot.com/)"
34.206.38.217 - - [04/Dec/2021:12:09:23 +0000] "GET /feed HTTP/1.1" 200 56281 "-" "Automate.io BOT"
216.245.221.83 - - [04/Dec/2021:12:09:26 +0000] "HEAD / HTTP/1.1" 301 0 "http://ja.tak-cslab.org/" "Mozilla/5.0+(compatible; UptimeRobot/2.0; http://www.uptimerobot.com/)"
216.245.221.83 - - [04/Dec/2021:12:09:26 +0000] "HEAD / HTTP/1.1" 200 0 "http://ja.tak-cslab.org/" "Mozilla/5.0+(compatible; UptimeRobot/2.0; http://www.uptimerobot.com/)"
52.55.107.49 - - [04/Dec/2021:12:13:39 +0000] "HEAD /feed HTTP/2.0" 200 0 "-" "Slackbot 1.0 (+https://api.slack.com/robots)"
3.95.211.45 - - [04/Dec/2021:12:13:39 +0000] "GET /feed HTTP/1.1" 200 56281 "-" "Slackbot 1.0 (+https://api.slack.com/robots)"
52.90.209.55 - - [04/Dec/2021:12:13:40 +0000] "GET / HTTP/1.1" 200 6241 "-" "Slackbot 1.0 (+https://api.slack.com/robots)"
34.206.38.217 - - [04/Dec/2021:12:14:23 +0000] "GET /feed HTTP/1.1" 200 56281 "-" "Automate.io BOT"
216.245.221.83 - - [04/Dec/2021:12:14:26 +0000] "HEAD / HTTP/1.1" 301 0 "http://ja.tak-cslab.org/" "Mozilla/5.0+(compatible; UptimeRobot/2.0; http://www.uptimerobot.com/)"
216.245.221.83 - - [04/Dec/2021:12:14:26 +0000] "HEAD / HTTP/1.1" 200 0 "http://ja.tak-cslab.org/" "Mozilla/5.0+(compatible; UptimeRobot/2.0; http://www.uptimerobot.com/)"
163.215.6.1 - - [04/Dec/2021:12:19:23 +0000] "POST /wp-cron.php?doing_wp_cron=1638620363.1600630283355712890625 HTTP/1.1" 200 31 "https://ja.tak-cslab.org/wp-cron.php?doing_wp_cron=1638620363.1600630283355712890625" "WordPress/5.8.2; https://ja.tak-cslab.org"
34.206.38.217 - - [04/Dec/2021:12:19:23 +0000] "GET /feed HTTP/1.1" 200 56281 "-" "Automate.io BOT"
216.245.221.83 - - [04/Dec/2021:12:19:26 +0000] "HEAD / HTTP/1.1" 301 0 "http://ja.tak-cslab.org/" "Mozilla/5.0+(compatible; UptimeRobot/2.0; http://www.uptimerobot.com/)"
216.245.221.83 - - [04/Dec/2021:12:19:26 +0000] "HEAD / HTTP/1.1" 200 0 "http://ja.tak-cslab.org/" "Mozilla/5.0+(compatible; UptimeRobot/2.0; http://www.uptimerobot.com/)"
40.77.167.44 - - [04/Dec/2021:12:20:04 +0000] "GET /wp-content/uploads/2020/09/Screen-Shot-2020-09-09-at-16.04.25-1040x740.png HTTP/2.0" 200 213502 "-" "Mozilla/5.0 (compatible; bingbot/2.0; +http://www.bing.com/bingbot.htm)"
34.206.38.217 - - [04/Dec/2021:12:24:23 +0000] "GET /feed HTTP/1.1" 200 56281 "-" "Automate.io BOT"
216.245.221.83 - - [04/Dec/2021:12:24:26 +0000] "HEAD / HTTP/1.1" 301 0 "http://ja.tak-cslab.org/" "Mozilla/5.0+(compatible; UptimeRobot/2.0; http://www.uptimerobot.com/)"
216.245.221.83 - - [04/Dec/2021:12:24:26 +0000] "HEAD / HTTP/1.1" 200 0 "http://ja.tak-cslab.org/" "Mozilla/5.0+(compatible; UptimeRobot/2.0; http://www.uptimerobot.com/)"
34.206.38.217 - - [04/Dec/2021:12:29:23 +0000] "GET /feed HTTP/1.1" 200 56281 "-" "Automate.io BOT"
216.245.221.83 - - [04/Dec/2021:12:29:26 +0000] "HEAD / HTTP/1.1" 301 0 "http://ja.tak-cslab.org/" "Mozilla/5.0+(compatible; UptimeRobot/2.0; http://www.uptimerobot.com/)"
216.245.221.83 - - [04/Dec/2021:12:29:26 +0000] "HEAD / HTTP/1.1" 200 0 "http://ja.tak-cslab.org/" "Mozilla/5.0+(compatible; UptimeRobot/2.0; http://www.uptimerobot.com/)"
66.249.66.129 - - [04/Dec/2021:12:31:08 +0000] "GET /topics/blog HTTP/1.1" 200 13111 "-" "Mozilla/5.0 (compatible; Googlebot/2.1; +http://www.google.com/bot.html)"
66.249.66.85 - - [04/Dec/2021:12:31:11 +0000] "GET /wp-content/themes/scaffold/style.css?ver=5.8.2 HTTP/1.1" 200 5859 "https://ja.tak-cslab.org/topics/blog" "Mozilla/5.0 AppleWebKit/537.36 (KHTML, like Gecko; compatible; Googlebot/2.1; +http://www.google.com/bot.html) Safari/537.36"
3.80.83.109 - - [04/Dec/2021:12:33:43 +0000] "HEAD /feed HTTP/2.0" 200 0 "-" "Slackbot 1.0 (+https://api.slack.com/robots)"
54.173.172.135 - - [04/Dec/2021:12:33:43 +0000] "GET /feed HTTP/1.1" 200 56281 "-" "Slackbot 1.0 (+https://api.slack.com/robots)"
18.206.48.57 - - [04/Dec/2021:12:33:45 +0000] "GET / HTTP/1.1" 200 6241 "-" "Slackbot 1.0 (+https://api.slack.com/robots)"
216.245.221.83 - - [04/Dec/2021:12:34:26 +0000] "HEAD / HTTP/1.1" 301 0 "http://ja.tak-cslab.org/" "Mozilla/5.0+(compatible; UptimeRobot/2.0; http://www.uptimerobot.com/)"
216.245.221.83 - - [04/Dec/2021:12:34:26 +0000] "HEAD / HTTP/1.1" 200 0 "http://ja.tak-cslab.org/" "Mozilla/5.0+(compatible; UptimeRobot/2.0; http://www.uptimerobot.com/)"
216.245.221.83 - - [04/Dec/2021:12:39:26 +0000] "HEAD / HTTP/1.1" 301 0 "http://ja.tak-cslab.org/" "Mozilla/5.0+(compatible; UptimeRobot/2.0; http://www.uptimerobot.com/)"
216.245.221.83 - - [04/Dec/2021:12:39:26 +0000] "HEAD / HTTP/1.1" 200 0 "http://ja.tak-cslab.org/" "Mozilla/5.0+(compatible; UptimeRobot/2.0; http://www.uptimerobot.com/)"
34.206.38.217 - - [04/Dec/2021:12:39:26 +0000] "GET /feed HTTP/1.1" 200 56281 "-" "Automate.io BOT"
40.77.167.44 - - [04/Dec/2021:12:44:05 +0000] "GET /wp-content/uploads/2020/09/20200925_200925_3-768x1024.jpg HTTP/2.0" 200 106701 "-" "Mozilla/5.0 (compatible; bingbot/2.0; +http://www.bing.com/bingbot.htm)"
216.245.221.83 - - [04/Dec/2021:12:44:26 +0000] "HEAD / HTTP/1.1" 301 0 "http://ja.tak-cslab.org/" "Mozilla/5.0+(compatible; UptimeRobot/2.0; http://www.uptimerobot.com/)"
216.245.221.83 - - [04/Dec/2021:12:44:26 +0000] "HEAD / HTTP/1.1" 200 0 "http://ja.tak-cslab.org/" "Mozilla/5.0+(compatible; UptimeRobot/2.0; http://www.uptimerobot.com/)"
34.206.38.217 - - [04/Dec/2021:12:44:27 +0000] "GET /feed HTTP/1.1" 200 56281 "-" "Automate.io BOT"
216.245.221.83 - - [04/Dec/2021:12:49:26 +0000] "HEAD / HTTP/1.1" 301 0 "http://ja.tak-cslab.org/" "Mozilla/5.0+(compatible; UptimeRobot/2.0; http://www.uptimerobot.com/)"
216.245.221.83 - - [04/Dec/2021:12:49:26 +0000] "HEAD / HTTP/1.1" 200 0 "http://ja.tak-cslab.org/" "Mozilla/5.0+(compatible; UptimeRobot/2.0; http://www.uptimerobot.com/)"
3.237.239.38 - - [04/Dec/2021:12:53:42 +0000] "HEAD /feed HTTP/2.0" 200 0 "-" "Slackbot 1.0 (+https://api.slack.com/robots)"
34.229.182.64 - - [04/Dec/2021:12:53:42 +0000] "GET /feed HTTP/1.1" 200 56281 "-" "Slackbot 1.0 (+https://api.slack.com/robots)"
3.86.154.110 - - [04/Dec/2021:12:53:43 +0000] "GET / HTTP/1.1" 200 6249 "-" "Slackbot 1.0 (+https://api.slack.com/robots)"
216.245.221.83 - - [04/Dec/2021:12:54:26 +0000] "HEAD / HTTP/1.1" 301 0 "http://ja.tak-cslab.org/" "Mozilla/5.0+(compatible; UptimeRobot/2.0; http://www.uptimerobot.com/)"
216.245.221.83 - - [04/Dec/2021:12:54:26 +0000] "HEAD / HTTP/1.1" 200 0 "http://ja.tak-cslab.org/" "Mozilla/5.0+(compatible; UptimeRobot/2.0; http://www.uptimerobot.com/)"
34.206.38.217 - - [04/Dec/2021:12:54:28 +0000] "GET /feed HTTP/1.1" 200 56281 "-" "Automate.io BOT"
185.220.101.179 - - [04/Dec/2021:12:54:51 +0000] "POST /xmlrpc.php HTTP/1.0" 301 162 "-" "Mozilla/5.0 (Windows NT 6.3; WOW64) AppleWebKit/537.36 (KHTML, like Gecko) Chrome/90.0.4430.93 Safari/537.36"
185.220.101.179 - - [04/Dec/2021:12:54:54 +0000] "POST /xmlrpc.php HTTP/1.0" 200 403 "-" "Mozilla/5.0 (Windows NT 6.3; WOW64) AppleWebKit/537.36 (KHTML, like Gecko) Chrome/90.0.4430.93 Safari/537.36"
216.245.221.83 - - [04/Dec/2021:12:59:26 +0000] "HEAD / HTTP/1.1" 301 0 "http://ja.tak-cslab.org/" "Mozilla/5.0+(compatible; UptimeRobot/2.0; http://www.uptimerobot.com/)"
216.245.221.83 - - [04/Dec/2021:12:59:26 +0000] "HEAD / HTTP/1.1" 200 0 "http://ja.tak-cslab.org/" "Mozilla/5.0+(compatible; UptimeRobot/2.0; http://www.uptimerobot.com/)"
34.206.38.217 - - [04/Dec/2021:12:59:27 +0000] "GET /feed HTTP/1.1" 200 56281 "-" "Automate.io BOT"
163.215.6.1 - - [04/Dec/2021:13:02:28 +0000] "POST /wp-cron.php?doing_wp_cron=1638622948.0341520309448242187500 HTTP/1.1" 200 31 "https://ja.tak-cslab.org/wp-cron.php?doing_wp_cron=1638622948.0341520309448242187500" "WordPress/5.8.2; https://ja.tak-cslab.org"
40.77.167.44 - - [04/Dec/2021:13:02:28 +0000] "GET /archives/1549 HTTP/2.0" 200 6642 "-" "Mozilla/5.0 (compatible; bingbot/2.0; +http://www.bing.com/bingbot.htm)"
40.77.167.44 - - [04/Dec/2021:13:02:47 +0000] "GET /wp-content/themes/scaffold/assets/js/navigation.js?ver=1.3.1 HTTP/2.0" 200 1266 "-" "Mozilla/5.0 (compatible; bingbot/2.0; +http://www.bing.com/bingbot.htm)"
216.245.221.83 - - [04/Dec/2021:13:04:26 +0000] "HEAD / HTTP/1.1" 301 0 "http://ja.tak-cslab.org/" "Mozilla/5.0+(compatible; UptimeRobot/2.0; http://www.uptimerobot.com/)"
216.245.221.83 - - [04/Dec/2021:13:04:26 +0000] "HEAD / HTTP/1.1" 200 0 "http://ja.tak-cslab.org/" "Mozilla/5.0+(compatible; UptimeRobot/2.0; http://www.uptimerobot.com/)"
34.206.38.217 - - [04/Dec/2021:13:04:28 +0000] "GET /feed HTTP/1.1" 200 56281 "-" "Automate.io BOT"
153.243.8.17 - - [04/Dec/2021:13:06:38 +0000] "GET /archives/1682 HTTP/2.0" 200 7121 "https://t.co/U3Qp4pn5RY?amp=1" "Mozilla/5.0 (iPhone; CPU iPhone OS 14_8_1 like Mac OS X) AppleWebKit/605.1.15 (KHTML, like Gecko) Version/14.1.2 Mobile/15E148 Safari/604.1"
153.243.8.17 - - [04/Dec/2021:13:06:38 +0000] "GET /wp-includes/js/wp-emoji-release.min.js?ver=5.8.2 HTTP/2.0" 200 5714 "https://ja.tak-cslab.org/archives/1682" "Mozilla/5.0 (iPhone; CPU iPhone OS 14_8_1 like Mac OS X) AppleWebKit/605.1.15 (KHTML, like Gecko) Version/14.1.2 Mobile/15E148 Safari/604.1"
153.243.8.17 - - [04/Dec/2021:13:06:38 +0000] "GET /wp-content/themes/cdsl/style.css?ver=1.3.1 HTTP/2.0" 200 272 "https://ja.tak-cslab.org/archives/1682" "Mozilla/5.0 (iPhone; CPU iPhone OS 14_8_1 like Mac OS X) AppleWebKit/605.1.15 (KHTML, like Gecko) Version/14.1.2 Mobile/15E148 Safari/604.1"
153.243.8.17 - - [04/Dec/2021:13:06:38 +0000] "GET /wp-content/plugins/native-lazyload/assets/images/placeholder.svg HTTP/2.0" 200 88 "https://ja.tak-cslab.org/archives/1682" "Mozilla/5.0 (iPhone; CPU iPhone OS 14_8_1 like Mac OS X) AppleWebKit/605.1.15 (KHTML, like Gecko) Version/14.1.2 Mobile/15E148 Safari/604.1"
153.243.8.17 - - [04/Dec/2021:13:06:38 +0000] "GET /wp-content/themes/scaffold/style.css?ver=5.8.2 HTTP/2.0" 200 5846 "https://ja.tak-cslab.org/archives/1682" "Mozilla/5.0 (iPhone; CPU iPhone OS 14_8_1 like Mac OS X) AppleWebKit/605.1.15 (KHTML, like Gecko) Version/14.1.2 Mobile/15E148 Safari/604.1"
153.243.8.17 - - [04/Dec/2021:13:06:38 +0000] "GET /wp-content/themes/scaffold/assets/js/navigation.js?ver=1.3.1 HTTP/2.0" 200 1266 "https://ja.tak-cslab.org/archives/1682" "Mozilla/5.0 (iPhone; CPU iPhone OS 14_8_1 like Mac OS X) AppleWebKit/605.1.15 (KHTML, like Gecko) Version/14.1.2 Mobile/15E148 Safari/604.1"
153.243.8.17 - - [04/Dec/2021:13:06:38 +0000] "GET /wp-includes/js/comment-reply.min.js?ver=5.8.2 HTTP/2.0" 200 1390 "https://ja.tak-cslab.org/archives/1682" "Mozilla/5.0 (iPhone; CPU iPhone OS 14_8_1 like Mac OS X) AppleWebKit/605.1.15 (KHTML, like Gecko) Version/14.1.2 Mobile/15E148 Safari/604.1"
153.243.8.17 - - [04/Dec/2021:13:06:38 +0000] "GET /wp-includes/js/wp-embed.min.js?ver=5.8.2 HTTP/2.0" 200 779 "https://ja.tak-cslab.org/archives/1682" "Mozilla/5.0 (iPhone; CPU iPhone OS 14_8_1 like Mac OS X) AppleWebKit/605.1.15 (KHTML, like Gecko) Version/14.1.2 Mobile/15E148 Safari/604.1"
153.243.8.17 - - [04/Dec/2021:13:06:38 +0000] "GET /wp-includes/css/dist/block-library/style.min.css?ver=5.8.2 HTTP/2.0" 200 13704 "https://ja.tak-cslab.org/archives/1682" "Mozilla/5.0 (iPhone; CPU iPhone OS 14_8_1 like Mac OS X) AppleWebKit/605.1.15 (KHTML, like Gecko) Version/14.1.2 Mobile/15E148 Safari/604.1"
153.243.8.17 - - [04/Dec/2021:13:06:38 +0000] "GET /wp-content/plugins/native-lazyload/assets/js/lazyload.js HTTP/2.0" 200 1085 "https://ja.tak-cslab.org/archives/1682" "Mozilla/5.0 (iPhone; CPU iPhone OS 14_8_1 like Mac OS X) AppleWebKit/605.1.15 (KHTML, like Gecko) Version/14.1.2 Mobile/15E148 Safari/604.1"
153.243.8.17 - - [04/Dec/2021:13:06:44 +0000] "GET /wp-content/uploads/2021/12/IMG_3285-1-1024x682.jpg HTTP/2.0" 200 122634 "https://ja.tak-cslab.org/archives/1682" "Mozilla/5.0 (iPhone; CPU iPhone OS 14_8_1 like Mac OS X) AppleWebKit/605.1.15 (KHTML, like Gecko) Version/14.1.2 Mobile/15E148 Safari/604.1"
153.243.8.17 - - [04/Dec/2021:13:07:29 +0000] "GET /archives/1682 HTTP/2.0" 200 7121 "https://ja.tak-cslab.org/archives/1682" "Mozilla/5.0 (iPhone; CPU iPhone OS 14_8_1 like Mac OS X) AppleWebKit/605.1.15 (KHTML, like Gecko) Version/14.1.2 Mobile/15E148 Safari/604.1"
207.46.13.85 - - [04/Dec/2021:13:07:51 +0000] "GET / HTTP/2.0" 200 6222 "-" "Mozilla/5.0 (compatible; bingbot/2.0; +http://www.bing.com/bingbot.htm)"
216.245.221.83 - - [04/Dec/2021:13:09:26 +0000] "HEAD / HTTP/1.1" 301 0 "http://ja.tak-cslab.org/" "Mozilla/5.0+(compatible; UptimeRobot/2.0; http://www.uptimerobot.com/)"
216.245.221.83 - - [04/Dec/2021:13:09:26 +0000] "HEAD / HTTP/1.1" 200 0 "http://ja.tak-cslab.org/" "Mozilla/5.0+(compatible; UptimeRobot/2.0; http://www.uptimerobot.com/)"
34.206.38.217 - - [04/Dec/2021:13:09:28 +0000] "GET /feed HTTP/1.1" 200 56281 "-" "Automate.io BOT"
163.215.6.1 - - [04/Dec/2021:13:13:40 +0000] "POST /wp-cron.php?doing_wp_cron=1638623620.0968809127807617187500 HTTP/1.1" 200 31 "https://ja.tak-cslab.org/wp-cron.php?doing_wp_cron=1638623620.0968809127807617187500" "WordPress/5.8.2; https://ja.tak-cslab.org"
44.197.215.38 - - [04/Dec/2021:13:13:40 +0000] "HEAD /feed HTTP/2.0" 200 0 "-" "Slackbot 1.0 (+https://api.slack.com/robots)"
3.95.211.45 - - [04/Dec/2021:13:13:40 +0000] "GET /feed HTTP/1.1" 200 56281 "-" "Slackbot 1.0 (+https://api.slack.com/robots)"
34.207.173.51 - - [04/Dec/2021:13:13:42 +0000] "GET / HTTP/1.1" 200 6241 "-" "Slackbot 1.0 (+https://api.slack.com/robots)"
216.245.221.83 - - [04/Dec/2021:13:14:26 +0000] "HEAD / HTTP/1.1" 301 0 "http://ja.tak-cslab.org/" "Mozilla/5.0+(compatible; UptimeRobot/2.0; http://www.uptimerobot.com/)"
216.245.221.83 - - [04/Dec/2021:13:14:26 +0000] "HEAD / HTTP/1.1" 200 0 "http://ja.tak-cslab.org/" "Mozilla/5.0+(compatible; UptimeRobot/2.0; http://www.uptimerobot.com/)"
34.206.38.217 - - [04/Dec/2021:13:14:28 +0000] "GET /feed HTTP/1.1" 200 56281 "-" "Automate.io BOT"
216.245.221.83 - - [04/Dec/2021:13:19:26 +0000] "HEAD / HTTP/1.1" 301 0 "http://ja.tak-cslab.org/" "Mozilla/5.0+(compatible; UptimeRobot/2.0; http://www.uptimerobot.com/)"
163.215.6.1 - - [04/Dec/2021:13:19:26 +0000] "POST /wp-cron.php?doing_wp_cron=1638623966.6453359127044677734375 HTTP/1.1" 200 31 "https://ja.tak-cslab.org/wp-cron.php?doing_wp_cron=1638623966.6453359127044677734375" "WordPress/5.8.2; https://ja.tak-cslab.org"
216.245.221.83 - - [04/Dec/2021:13:19:26 +0000] "HEAD / HTTP/1.1" 200 0 "http://ja.tak-cslab.org/" "Mozilla/5.0+(compatible; UptimeRobot/2.0; http://www.uptimerobot.com/)"
34.206.38.217 - - [04/Dec/2021:13:19:28 +0000] "GET /feed HTTP/1.1" 200 56281 "-" "Automate.io BOT"
160.251.76.193 - - [04/Dec/2021:13:20:15 +0000] "GET /robots.txt HTTP/1.1" 301 162 "-" "Mozilla/5.0 (compatible; Cincraw/1.0; +http://cincrawdata.net/bot/)"
160.251.76.193 - - [04/Dec/2021:13:20:16 +0000] "GET /robots.txt HTTP/2.0" 200 117 "-" "Mozilla/5.0 (compatible; Cincraw/1.0; +http://cincrawdata.net/bot/)"
