216.245.221.83 - - [07/Dec/2021:16:29:26 +0000] "HEAD / HTTP/1.1" 301 0 "http://ja.tak-cslab.org/" "Mozilla/5.0+(compatible; UptimeRobot/2.0; http://www.uptimerobot.com/)"
216.245.221.83 - - [07/Dec/2021:16:29:26 +0000] "HEAD / HTTP/1.1" 200 0 "http://ja.tak-cslab.org/" "Mozilla/5.0+(compatible; UptimeRobot/2.0; http://www.uptimerobot.com/)"
40.77.167.66 - - [07/Dec/2021:16:31:37 +0000] "GET /wp-sitemap.xml HTTP/2.0" 501 245 "-" "Mozilla/5.0 (compatible; bingbot/2.0; +http://www.bing.com/bingbot.htm)"
40.77.167.66 - - [07/Dec/2021:16:32:19 +0000] "GET /archives/244 HTTP/2.0" 200 6812 "-" "Mozilla/5.0 (compatible; bingbot/2.0; +http://www.bing.com/bingbot.htm)"
52.23.181.25 - - [07/Dec/2021:16:33:45 +0000] "HEAD /feed HTTP/2.0" 200 0 "-" "Slackbot 1.0 (+https://api.slack.com/robots)"
54.173.172.135 - - [07/Dec/2021:16:33:46 +0000] "GET /feed HTTP/1.1" 200 54718 "-" "Slackbot 1.0 (+https://api.slack.com/robots)"
18.232.58.24 - - [07/Dec/2021:16:33:47 +0000] "GET / HTTP/1.1" 200 6223 "-" "Slackbot 1.0 (+https://api.slack.com/robots)"
216.245.221.83 - - [07/Dec/2021:16:34:26 +0000] "HEAD / HTTP/1.1" 301 0 "http://ja.tak-cslab.org/" "Mozilla/5.0+(compatible; UptimeRobot/2.0; http://www.uptimerobot.com/)"
216.245.221.83 - - [07/Dec/2021:16:34:26 +0000] "HEAD / HTTP/1.1" 200 0 "http://ja.tak-cslab.org/" "Mozilla/5.0+(compatible; UptimeRobot/2.0; http://www.uptimerobot.com/)"
216.245.221.83 - - [07/Dec/2021:16:39:26 +0000] "HEAD / HTTP/1.1" 301 0 "http://ja.tak-cslab.org/" "Mozilla/5.0+(compatible; UptimeRobot/2.0; http://www.uptimerobot.com/)"
216.245.221.83 - - [07/Dec/2021:16:39:26 +0000] "HEAD / HTTP/1.1" 200 0 "http://ja.tak-cslab.org/" "Mozilla/5.0+(compatible; UptimeRobot/2.0; http://www.uptimerobot.com/)"
36.14.122.94 - - [07/Dec/2021:16:39:39 +0000] "GET / HTTP/2.0" 200 6196 "https://www.tak-cslab.org/" "Mozilla/5.0 (Windows NT 10.0; Win64; x64; rv:95.0) Gecko/20100101 Firefox/95.0"
36.14.122.94 - - [07/Dec/2021:16:39:39 +0000] "GET /wp-content/themes/cdsl/style.css?ver=1.3.1 HTTP/2.0" 200 272 "https://ja.tak-cslab.org/" "Mozilla/5.0 (Windows NT 10.0; Win64; x64; rv:95.0) Gecko/20100101 Firefox/95.0"
36.14.122.94 - - [07/Dec/2021:16:39:39 +0000] "GET /wp-content/themes/scaffold/assets/js/navigation.js?ver=1.3.1 HTTP/2.0" 200 1266 "https://ja.tak-cslab.org/" "Mozilla/5.0 (Windows NT 10.0; Win64; x64; rv:95.0) Gecko/20100101 Firefox/95.0"
36.14.122.94 - - [07/Dec/2021:16:39:39 +0000] "GET /wp-includes/js/wp-embed.min.js?ver=5.8.2 HTTP/2.0" 200 779 "https://ja.tak-cslab.org/" "Mozilla/5.0 (Windows NT 10.0; Win64; x64; rv:95.0) Gecko/20100101 Firefox/95.0"
36.14.122.94 - - [07/Dec/2021:16:39:39 +0000] "GET /wp-content/themes/scaffold/style.css?ver=5.8.2 HTTP/2.0" 200 5846 "https://ja.tak-cslab.org/" "Mozilla/5.0 (Windows NT 10.0; Win64; x64; rv:95.0) Gecko/20100101 Firefox/95.0"
36.14.122.94 - - [07/Dec/2021:16:39:39 +0000] "GET /wp-includes/js/wp-emoji-release.min.js?ver=5.8.2 HTTP/2.0" 200 5714 "https://ja.tak-cslab.org/" "Mozilla/5.0 (Windows NT 10.0; Win64; x64; rv:95.0) Gecko/20100101 Firefox/95.0"
36.14.122.94 - - [07/Dec/2021:16:39:39 +0000] "GET /wp-includes/css/dist/block-library/style.min.css?ver=5.8.2 HTTP/2.0" 200 13704 "https://ja.tak-cslab.org/" "Mozilla/5.0 (Windows NT 10.0; Win64; x64; rv:95.0) Gecko/20100101 Firefox/95.0"
36.14.122.94 - - [07/Dec/2021:16:39:39 +0000] "GET /favicon.ico HTTP/2.0" 302 0 "https://ja.tak-cslab.org/" "Mozilla/5.0 (Windows NT 10.0; Win64; x64; rv:95.0) Gecko/20100101 Firefox/95.0"
36.14.122.94 - - [07/Dec/2021:16:39:39 +0000] "GET /wp-content/uploads/2020/01/server-e1585573899521.png HTTP/2.0" 200 426115 "https://ja.tak-cslab.org/" "Mozilla/5.0 (Windows NT 10.0; Win64; x64; rv:95.0) Gecko/20100101 Firefox/95.0"
36.14.122.94 - - [07/Dec/2021:16:39:39 +0000] "GET /wp-content/uploads/2020/01/desk-e1585573956500.png HTTP/2.0" 200 367831 "https://ja.tak-cslab.org/" "Mozilla/5.0 (Windows NT 10.0; Win64; x64; rv:95.0) Gecko/20100101 Firefox/95.0"
36.14.122.94 - - [07/Dec/2021:16:39:39 +0000] "GET /wp-content/uploads/2020/01/iot2-e1585573992906.png HTTP/2.0" 200 439802 "https://ja.tak-cslab.org/" "Mozilla/5.0 (Windows NT 10.0; Win64; x64; rv:95.0) Gecko/20100101 Firefox/95.0"
36.14.122.94 - - [07/Dec/2021:16:39:39 +0000] "GET /wp-content/uploads/2020/01/books-e1585573975658.png HTTP/2.0" 200 549531 "https://ja.tak-cslab.org/" "Mozilla/5.0 (Windows NT 10.0; Win64; x64; rv:95.0) Gecko/20100101 Firefox/95.0"
36.14.122.94 - - [07/Dec/2021:16:39:39 +0000] "GET /wp-includes/images/w-logo-blue-white-bg.png HTTP/2.0" 200 4119 "https://ja.tak-cslab.org/" "Mozilla/5.0 (Windows NT 10.0; Win64; x64; rv:95.0) Gecko/20100101 Firefox/95.0"
36.14.122.94 - - [07/Dec/2021:16:39:44 +0000] "GET /?page_id=131 HTTP/2.0" 301 0 "-" "Mozilla/5.0 (Windows NT 10.0; Win64; x64; rv:95.0) Gecko/20100101 Firefox/95.0"
36.14.122.94 - - [07/Dec/2021:16:39:44 +0000] "GET /about/member HTTP/2.0" 200 6498 "-" "Mozilla/5.0 (Windows NT 10.0; Win64; x64; rv:95.0) Gecko/20100101 Firefox/95.0"
36.14.122.94 - - [07/Dec/2021:16:39:53 +0000] "GET /archives/author/shota-nakagawa HTTP/2.0" 200 5888 "https://ja.tak-cslab.org/about/member" "Mozilla/5.0 (Windows NT 10.0; Win64; x64; rv:95.0) Gecko/20100101 Firefox/95.0"
36.14.122.94 - - [07/Dec/2021:16:39:53 +0000] "GET /wp-content/themes/cdsl/logo-github.png HTTP/2.0" 200 4545 "https://ja.tak-cslab.org/archives/author/shota-nakagawa" "Mozilla/5.0 (Windows NT 10.0; Win64; x64; rv:95.0) Gecko/20100101 Firefox/95.0"
36.14.122.94 - - [07/Dec/2021:16:40:00 +0000] "GET /archives/author/yutaro-takaya HTTP/2.0" 200 5939 "https://ja.tak-cslab.org/about/member" "Mozilla/5.0 (Windows NT 10.0; Win64; x64; rv:95.0) Gecko/20100101 Firefox/95.0"
36.14.122.94 - - [07/Dec/2021:16:40:26 +0000] "GET /wp-content/themes/cdsl/style.css?ver=1.3.1 HTTP/2.0" 200 0 "https://ja.tak-cslab.org/archives/author/yutaro-takaya" "Mozilla/5.0 (Windows NT 10.0; Win64; x64; rv:95.0) Gecko/20100101 Firefox/95.0"
36.14.122.94 - - [07/Dec/2021:16:40:26 +0000] "GET /wp-includes/images/w-logo-blue-white-bg.png HTTP/2.0" 200 0 "https://ja.tak-cslab.org/archives/author/yutaro-takaya" "Mozilla/5.0 (Windows NT 10.0; Win64; x64; rv:95.0) Gecko/20100101 Firefox/95.0"
36.14.122.94 - - [07/Dec/2021:16:40:26 +0000] "GET /favicon.ico HTTP/2.0" 302 0 "https://ja.tak-cslab.org/archives/author/yutaro-takaya" "Mozilla/5.0 (Windows NT 10.0; Win64; x64; rv:95.0) Gecko/20100101 Firefox/95.0"
36.14.122.94 - - [07/Dec/2021:16:40:28 +0000] "GET /about/member HTTP/2.0" 200 0 "-" "Mozilla/5.0 (Windows NT 10.0; Win64; x64; rv:95.0) Gecko/20100101 Firefox/95.0"
36.14.122.94 - - [07/Dec/2021:16:40:39 +0000] "GET /archives/author/ryuta-shingu HTTP/2.0" 200 5990 "https://ja.tak-cslab.org/about/member" "Mozilla/5.0 (Windows NT 10.0; Win64; x64; rv:95.0) Gecko/20100101 Firefox/95.0"
36.14.122.94 - - [07/Dec/2021:16:40:39 +0000] "GET /wp-content/themes/cdsl/logo-qiita.png HTTP/2.0" 200 4021 "https://ja.tak-cslab.org/archives/author/ryuta-shingu" "Mozilla/5.0 (Windows NT 10.0; Win64; x64; rv:95.0) Gecko/20100101 Firefox/95.0"
40.77.167.53 - - [07/Dec/2021:16:41:59 +0000] "GET / HTTP/1.1" 301 162 "-" "Mozilla/5.0 (compatible; bingbot/2.0; +http://www.bing.com/bingbot.htm)"
216.245.221.83 - - [07/Dec/2021:16:44:26 +0000] "HEAD / HTTP/1.1" 301 0 "http://ja.tak-cslab.org/" "Mozilla/5.0+(compatible; UptimeRobot/2.0; http://www.uptimerobot.com/)"
216.245.221.83 - - [07/Dec/2021:16:44:26 +0000] "HEAD / HTTP/1.1" 200 0 "http://ja.tak-cslab.org/" "Mozilla/5.0+(compatible; UptimeRobot/2.0; http://www.uptimerobot.com/)"
54.36.149.32 - - [07/Dec/2021:16:46:06 +0000] "GET /robots.txt HTTP/2.0" 200 112 "-" "Mozilla/5.0 (compatible; AhrefsBot/7.0; +http://ahrefs.com/robot/)"
51.222.253.17 - - [07/Dec/2021:16:46:07 +0000] "GET /10gin_cds1?redirect_to=https%3A%2F%2Fja.tak-cslab.org%2Farchives%2F770 HTTP/2.0" 200 4530 "-" "Mozilla/5.0 (compatible; AhrefsBot/7.0; +http://ahrefs.com/robot/)"
34.206.38.217 - - [07/Dec/2021:16:46:37 +0000] "GET /feed HTTP/1.1" 200 54716 "-" "Automate.io BOT"
216.245.221.83 - - [07/Dec/2021:16:49:26 +0000] "HEAD / HTTP/1.1" 301 0 "http://ja.tak-cslab.org/" "Mozilla/5.0+(compatible; UptimeRobot/2.0; http://www.uptimerobot.com/)"
216.245.221.83 - - [07/Dec/2021:16:49:26 +0000] "HEAD / HTTP/1.1" 200 0 "http://ja.tak-cslab.org/" "Mozilla/5.0+(compatible; UptimeRobot/2.0; http://www.uptimerobot.com/)"
34.206.38.217 - - [07/Dec/2021:16:51:37 +0000] "GET /feed HTTP/1.1" 200 54716 "-" "Automate.io BOT"
59.136.153.196 - - [07/Dec/2021:16:53:39 +0000] "GET /archives/152 HTTP/2.0" 200 6195 "https://www.google.com/" "Mozilla/5.0 (Windows NT 10.0; Win64; x64) AppleWebKit/537.36 (KHTML, like Gecko) Chrome/96.0.4664.45 Safari/537.36"
59.136.153.196 - - [07/Dec/2021:16:53:39 +0000] "GET /wp-includes/js/comment-reply.min.js?ver=5.8.2 HTTP/2.0" 304 0 "https://ja.tak-cslab.org/archives/152" "Mozilla/5.0 (Windows NT 10.0; Win64; x64) AppleWebKit/537.36 (KHTML, like Gecko) Chrome/96.0.4664.45 Safari/537.36"
59.136.153.196 - - [07/Dec/2021:16:53:39 +0000] "GET /wp-includes/js/wp-embed.min.js?ver=5.8.2 HTTP/2.0" 304 0 "https://ja.tak-cslab.org/archives/152" "Mozilla/5.0 (Windows NT 10.0; Win64; x64) AppleWebKit/537.36 (KHTML, like Gecko) Chrome/96.0.4664.45 Safari/537.36"
59.136.153.196 - - [07/Dec/2021:16:53:39 +0000] "GET /wp-includes/css/dist/block-library/style.min.css?ver=5.8.2 HTTP/2.0" 304 0 "https://ja.tak-cslab.org/archives/152" "Mozilla/5.0 (Windows NT 10.0; Win64; x64) AppleWebKit/537.36 (KHTML, like Gecko) Chrome/96.0.4664.45 Safari/537.36"
59.136.153.196 - - [07/Dec/2021:16:53:39 +0000] "GET /wp-includes/js/wp-emoji-release.min.js?ver=5.8.2 HTTP/2.0" 304 0 "https://ja.tak-cslab.org/archives/152" "Mozilla/5.0 (Windows NT 10.0; Win64; x64) AppleWebKit/537.36 (KHTML, like Gecko) Chrome/96.0.4664.45 Safari/537.36"
59.136.153.196 - - [07/Dec/2021:16:53:42 +0000] "GET /?page_id=117 HTTP/2.0" 301 0 "https://ja.tak-cslab.org/archives/152" "Mozilla/5.0 (Windows NT 10.0; Win64; x64) AppleWebKit/537.36 (KHTML, like Gecko) Chrome/96.0.4664.45 Safari/537.36"
59.136.153.196 - - [07/Dec/2021:16:53:43 +0000] "GET /tech-report HTTP/2.0" 200 12894 "https://ja.tak-cslab.org/archives/152" "Mozilla/5.0 (Windows NT 10.0; Win64; x64) AppleWebKit/537.36 (KHTML, like Gecko) Chrome/96.0.4664.45 Safari/537.36"
3.227.243.65 - - [07/Dec/2021:16:53:45 +0000] "HEAD /feed HTTP/2.0" 200 0 "-" "Slackbot 1.0 (+https://api.slack.com/robots)"
100.26.148.110 - - [07/Dec/2021:16:53:46 +0000] "GET /feed HTTP/1.1" 200 54716 "-" "Slackbot 1.0 (+https://api.slack.com/robots)"
3.84.72.197 - - [07/Dec/2021:16:53:47 +0000] "GET / HTTP/1.1" 200 6216 "-" "Slackbot 1.0 (+https://api.slack.com/robots)"
216.245.221.83 - - [07/Dec/2021:16:54:26 +0000] "HEAD / HTTP/1.1" 301 0 "http://ja.tak-cslab.org/" "Mozilla/5.0+(compatible; UptimeRobot/2.0; http://www.uptimerobot.com/)"
216.245.221.83 - - [07/Dec/2021:16:54:26 +0000] "HEAD / HTTP/1.1" 200 0 "http://ja.tak-cslab.org/" "Mozilla/5.0+(compatible; UptimeRobot/2.0; http://www.uptimerobot.com/)"
34.206.38.217 - - [07/Dec/2021:16:56:38 +0000] "GET /feed HTTP/1.1" 200 54716 "-" "Automate.io BOT"
3.112.220.124 - - [07/Dec/2021:16:58:00 +0000] "GET /favicon.ico HTTP/1.1" 302 5 "-" "Slack-ImgProxy (+https://api.slack.com/robots)"
18.183.117.137 - - [07/Dec/2021:16:58:01 +0000] "GET /wp-includes/images/w-logo-blue-white-bg.png HTTP/1.1" 200 4119 "-" "Slack-ImgProxy (+https://api.slack.com/robots)"
216.245.221.83 - - [07/Dec/2021:16:59:26 +0000] "HEAD / HTTP/1.1" 301 0 "http://ja.tak-cslab.org/" "Mozilla/5.0+(compatible; UptimeRobot/2.0; http://www.uptimerobot.com/)"
216.245.221.83 - - [07/Dec/2021:16:59:26 +0000] "HEAD / HTTP/1.1" 200 0 "http://ja.tak-cslab.org/" "Mozilla/5.0+(compatible; UptimeRobot/2.0; http://www.uptimerobot.com/)"
163.215.6.1 - - [07/Dec/2021:17:01:38 +0000] "POST /wp-cron.php?doing_wp_cron=1638896498.0012390613555908203125 HTTP/1.1" 200 31 "https://ja.tak-cslab.org/wp-cron.php?doing_wp_cron=1638896498.0012390613555908203125" "WordPress/5.8.2; https://ja.tak-cslab.org"
34.206.38.217 - - [07/Dec/2021:17:01:38 +0000] "GET /feed HTTP/1.1" 200 54716 "-" "Automate.io BOT"
216.245.221.83 - - [07/Dec/2021:17:04:26 +0000] "HEAD / HTTP/1.1" 301 0 "http://ja.tak-cslab.org/" "Mozilla/5.0+(compatible; UptimeRobot/2.0; http://www.uptimerobot.com/)"
216.245.221.83 - - [07/Dec/2021:17:04:26 +0000] "HEAD / HTTP/1.1" 200 0 "http://ja.tak-cslab.org/" "Mozilla/5.0+(compatible; UptimeRobot/2.0; http://www.uptimerobot.com/)"
34.206.38.217 - - [07/Dec/2021:17:06:38 +0000] "GET /feed HTTP/1.1" 200 54718 "-" "Automate.io BOT"
40.77.167.66 - - [07/Dec/2021:17:06:53 +0000] "GET /archives/1700 HTTP/2.0" 200 6513 "-" "Mozilla/5.0 (compatible; bingbot/2.0; +http://www.bing.com/bingbot.htm)"
40.77.139.11 - - [07/Dec/2021:17:06:55 +0000] "GET /wp-content/themes/scaffold/assets/js/navigation.js?ver=1.3.1 HTTP/2.0" 200 3124 "-" "Mozilla/5.0 (Windows NT 6.1; WOW64) AppleWebKit/534+ (KHTML, like Gecko) BingPreview/1.0b"
216.245.221.83 - - [07/Dec/2021:17:09:26 +0000] "HEAD / HTTP/1.1" 301 0 "http://ja.tak-cslab.org/" "Mozilla/5.0+(compatible; UptimeRobot/2.0; http://www.uptimerobot.com/)"
216.245.221.83 - - [07/Dec/2021:17:09:26 +0000] "HEAD / HTTP/1.1" 200 0 "http://ja.tak-cslab.org/" "Mozilla/5.0+(compatible; UptimeRobot/2.0; http://www.uptimerobot.com/)"
185.191.171.7 - - [07/Dec/2021:17:10:17 +0000] "GET /robots.txt HTTP/1.1" 200 123 "-" "Mozilla/5.0 (compatible; SemrushBot/7~bl; +http://www.semrush.com/bot.html)"
185.191.171.1 - - [07/Dec/2021:17:10:18 +0000] "GET /archives/author/c0118050 HTTP/1.1" 200 5975 "-" "Mozilla/5.0 (compatible; SemrushBot/7~bl; +http://www.semrush.com/bot.html)"
18.181.145.194 - - [07/Dec/2021:17:10:32 +0000] "GET /favicon.ico HTTP/1.1" 302 5 "-" "Slack-ImgProxy (+https://api.slack.com/robots)"
18.181.183.253 - - [07/Dec/2021:17:10:32 +0000] "GET /wp-includes/images/w-logo-blue-white-bg.png HTTP/1.1" 200 4119 "-" "Slack-ImgProxy (+https://api.slack.com/robots)"
66.249.64.93 - - [07/Dec/2021:17:11:24 +0000] "GET /robots.txt HTTP/1.1" 200 123 "-" "Mozilla/5.0 (compatible; Googlebot/2.1; +http://www.google.com/bot.html)"
66.249.64.95 - - [07/Dec/2021:17:11:25 +0000] "GET /archives/394 HTTP/1.1" 200 10701 "-" "Mozilla/5.0 (compatible; Googlebot/2.1; +http://www.google.com/bot.html)"
34.206.38.217 - - [07/Dec/2021:17:11:37 +0000] "GET /feed HTTP/1.1" 200 54716 "-" "Automate.io BOT"
44.197.239.240 - - [07/Dec/2021:17:13:41 +0000] "HEAD /feed HTTP/2.0" 200 0 "-" "Slackbot 1.0 (+https://api.slack.com/robots)"
54.237.173.206 - - [07/Dec/2021:17:13:41 +0000] "GET /feed HTTP/1.1" 200 54716 "-" "Slackbot 1.0 (+https://api.slack.com/robots)"
54.224.186.77 - - [07/Dec/2021:17:13:44 +0000] "GET / HTTP/1.1" 200 6215 "-" "Slackbot 1.0 (+https://api.slack.com/robots)"
216.245.221.83 - - [07/Dec/2021:17:14:26 +0000] "HEAD / HTTP/1.1" 301 0 "http://ja.tak-cslab.org/" "Mozilla/5.0+(compatible; UptimeRobot/2.0; http://www.uptimerobot.com/)"
216.245.221.83 - - [07/Dec/2021:17:14:26 +0000] "HEAD / HTTP/1.1" 200 0 "http://ja.tak-cslab.org/" "Mozilla/5.0+(compatible; UptimeRobot/2.0; http://www.uptimerobot.com/)"
34.206.38.217 - - [07/Dec/2021:17:16:38 +0000] "GET /feed HTTP/1.1" 200 54716 "-" "Automate.io BOT"
216.245.221.83 - - [07/Dec/2021:17:19:26 +0000] "HEAD / HTTP/1.1" 301 0 "http://ja.tak-cslab.org/" "Mozilla/5.0+(compatible; UptimeRobot/2.0; http://www.uptimerobot.com/)"
163.215.6.1 - - [07/Dec/2021:17:19:26 +0000] "POST /wp-cron.php?doing_wp_cron=1638897566.6586229801177978515625 HTTP/1.1" 200 31 "https://ja.tak-cslab.org/wp-cron.php?doing_wp_cron=1638897566.6586229801177978515625" "WordPress/5.8.2; https://ja.tak-cslab.org"
216.245.221.83 - - [07/Dec/2021:17:19:26 +0000] "HEAD / HTTP/1.1" 200 0 "http://ja.tak-cslab.org/" "Mozilla/5.0+(compatible; UptimeRobot/2.0; http://www.uptimerobot.com/)"
34.206.38.217 - - [07/Dec/2021:17:21:38 +0000] "GET /feed HTTP/1.1" 200 54716 "-" "Automate.io BOT"
216.245.221.83 - - [07/Dec/2021:17:24:26 +0000] "HEAD / HTTP/1.1" 301 0 "http://ja.tak-cslab.org/" "Mozilla/5.0+(compatible; UptimeRobot/2.0; http://www.uptimerobot.com/)"
216.245.221.83 - - [07/Dec/2021:17:24:26 +0000] "HEAD / HTTP/1.1" 200 0 "http://ja.tak-cslab.org/" "Mozilla/5.0+(compatible; UptimeRobot/2.0; http://www.uptimerobot.com/)"
34.206.38.217 - - [07/Dec/2021:17:26:38 +0000] "GET /feed HTTP/1.1" 200 54718 "-" "Automate.io BOT"
216.245.221.83 - - [07/Dec/2021:17:29:26 +0000] "HEAD / HTTP/1.1" 301 0 "http://ja.tak-cslab.org/" "Mozilla/5.0+(compatible; UptimeRobot/2.0; http://www.uptimerobot.com/)"
216.245.221.83 - - [07/Dec/2021:17:29:26 +0000] "HEAD / HTTP/1.1" 200 0 "http://ja.tak-cslab.org/" "Mozilla/5.0+(compatible; UptimeRobot/2.0; http://www.uptimerobot.com/)"
34.206.38.217 - - [07/Dec/2021:17:31:38 +0000] "GET /feed HTTP/1.1" 200 54716 "-" "Automate.io BOT"
34.229.117.0 - - [07/Dec/2021:17:33:40 +0000] "HEAD /feed HTTP/2.0" 200 0 "-" "Slackbot 1.0 (+https://api.slack.com/robots)"
54.196.69.144 - - [07/Dec/2021:17:33:41 +0000] "GET /feed HTTP/1.1" 200 54716 "-" "Slackbot 1.0 (+https://api.slack.com/robots)"
44.198.162.205 - - [07/Dec/2021:17:33:42 +0000] "GET / HTTP/1.1" 200 6216 "-" "Slackbot 1.0 (+https://api.slack.com/robots)"
216.244.66.230 - - [07/Dec/2021:17:34:19 +0000] "GET /robots.txt HTTP/1.1" 301 162 "-" "Mozilla/5.0 (compatible; DotBot/1.2; +https://opensiteexplorer.org/dotbot; help@moz.com)"
216.244.66.230 - - [07/Dec/2021:17:34:20 +0000] "GET /robots.txt HTTP/1.1" 200 128 "-" "Mozilla/5.0 (compatible; DotBot/1.2; +https://opensiteexplorer.org/dotbot; help@moz.com)"
216.245.221.83 - - [07/Dec/2021:17:34:26 +0000] "HEAD / HTTP/1.1" 301 0 "http://ja.tak-cslab.org/" "Mozilla/5.0+(compatible; UptimeRobot/2.0; http://www.uptimerobot.com/)"
216.245.221.83 - - [07/Dec/2021:17:34:26 +0000] "HEAD / HTTP/1.1" 200 0 "http://ja.tak-cslab.org/" "Mozilla/5.0+(compatible; UptimeRobot/2.0; http://www.uptimerobot.com/)"
216.244.66.230 - - [07/Dec/2021:17:35:50 +0000] "GET /archives/1682 HTTP/1.1" 200 22607 "-" "Mozilla/5.0 (compatible; DotBot/1.2; +https://opensiteexplorer.org/dotbot; help@moz.com)"
34.206.38.217 - - [07/Dec/2021:17:36:38 +0000] "GET /feed HTTP/1.1" 200 54718 "-" "Automate.io BOT"
216.245.221.83 - - [07/Dec/2021:17:39:26 +0000] "HEAD / HTTP/1.1" 301 0 "http://ja.tak-cslab.org/" "Mozilla/5.0+(compatible; UptimeRobot/2.0; http://www.uptimerobot.com/)"
216.245.221.83 - - [07/Dec/2021:17:39:26 +0000] "HEAD / HTTP/1.1" 200 0 "http://ja.tak-cslab.org/" "Mozilla/5.0+(compatible; UptimeRobot/2.0; http://www.uptimerobot.com/)"
34.206.38.217 - - [07/Dec/2021:17:41:38 +0000] "GET /feed HTTP/1.1" 200 54716 "-" "Automate.io BOT"
40.77.167.66 - - [07/Dec/2021:17:42:47 +0000] "GET /wp-content/uploads/2020/09/Screen-Shot-2020-09-09-at-14.34.26-600x410.png HTTP/2.0" 200 107692 "-" "Mozilla/5.0 (compatible; bingbot/2.0; +http://www.bing.com/bingbot.htm)"
216.245.221.83 - - [07/Dec/2021:17:44:26 +0000] "HEAD / HTTP/1.1" 301 0 "http://ja.tak-cslab.org/" "Mozilla/5.0+(compatible; UptimeRobot/2.0; http://www.uptimerobot.com/)"
216.245.221.83 - - [07/Dec/2021:17:44:26 +0000] "HEAD / HTTP/1.1" 200 0 "http://ja.tak-cslab.org/" "Mozilla/5.0+(compatible; UptimeRobot/2.0; http://www.uptimerobot.com/)"
34.206.38.217 - - [07/Dec/2021:17:46:38 +0000] "GET /feed HTTP/1.1" 200 54716 "-" "Automate.io BOT"
216.245.221.83 - - [07/Dec/2021:17:49:26 +0000] "HEAD / HTTP/1.1" 301 0 "http://ja.tak-cslab.org/" "Mozilla/5.0+(compatible; UptimeRobot/2.0; http://www.uptimerobot.com/)"
216.245.221.83 - - [07/Dec/2021:17:49:26 +0000] "HEAD / HTTP/1.1" 200 0 "http://ja.tak-cslab.org/" "Mozilla/5.0+(compatible; UptimeRobot/2.0; http://www.uptimerobot.com/)"
107.22.73.76 - - [07/Dec/2021:17:53:41 +0000] "HEAD /feed HTTP/2.0" 200 0 "-" "Slackbot 1.0 (+https://api.slack.com/robots)"
3.238.237.171 - - [07/Dec/2021:17:53:41 +0000] "GET /feed HTTP/1.1" 200 54716 "-" "Slackbot 1.0 (+https://api.slack.com/robots)"
3.82.98.69 - - [07/Dec/2021:17:53:44 +0000] "GET / HTTP/1.1" 200 6223 "-" "Slackbot 1.0 (+https://api.slack.com/robots)"
216.245.221.83 - - [07/Dec/2021:17:54:26 +0000] "HEAD / HTTP/1.1" 301 0 "http://ja.tak-cslab.org/" "Mozilla/5.0+(compatible; UptimeRobot/2.0; http://www.uptimerobot.com/)"
216.245.221.83 - - [07/Dec/2021:17:54:26 +0000] "HEAD / HTTP/1.1" 200 0 "http://ja.tak-cslab.org/" "Mozilla/5.0+(compatible; UptimeRobot/2.0; http://www.uptimerobot.com/)"
66.249.64.93 - - [07/Dec/2021:17:56:50 +0000] "GET /topics/blog HTTP/1.1" 200 12812 "-" "Mozilla/5.0 (compatible; Googlebot/2.1; +http://www.google.com/bot.html)"
66.249.64.93 - - [07/Dec/2021:17:56:55 +0000] "GET /archives/author/futa-takahashi HTTP/1.1" 200 5851 "-" "Mozilla/5.0 (Linux; Android 6.0.1; Nexus 5X Build/MMB29P) AppleWebKit/537.36 (KHTML, like Gecko) Chrome/96.0.4664.45 Mobile Safari/537.36 (compatible; Googlebot/2.1; +http://www.google.com/bot.html)"
66.249.64.93 - - [07/Dec/2021:17:56:56 +0000] "GET /archives/1700 HTTP/1.1" 200 6533 "-" "Mozilla/5.0 (Linux; Android 6.0.1; Nexus 5X Build/MMB29P) AppleWebKit/537.36 (KHTML, like Gecko) Chrome/96.0.4664.45 Mobile Safari/537.36 (compatible; Googlebot/2.1; +http://www.google.com/bot.html)"
216.245.221.83 - - [07/Dec/2021:17:59:26 +0000] "HEAD / HTTP/1.1" 301 0 "http://ja.tak-cslab.org/" "Mozilla/5.0+(compatible; UptimeRobot/2.0; http://www.uptimerobot.com/)"
216.245.221.83 - - [07/Dec/2021:17:59:26 +0000] "HEAD / HTTP/1.1" 200 0 "http://ja.tak-cslab.org/" "Mozilla/5.0+(compatible; UptimeRobot/2.0; http://www.uptimerobot.com/)"
216.245.221.83 - - [07/Dec/2021:18:04:26 +0000] "HEAD / HTTP/1.1" 301 0 "http://ja.tak-cslab.org/" "Mozilla/5.0+(compatible; UptimeRobot/2.0; http://www.uptimerobot.com/)"
163.215.6.1 - - [07/Dec/2021:18:04:26 +0000] "POST /wp-cron.php?doing_wp_cron=1638900266.7226779460906982421875 HTTP/1.1" 200 31 "https://ja.tak-cslab.org/wp-cron.php?doing_wp_cron=1638900266.7226779460906982421875" "WordPress/5.8.2; https://ja.tak-cslab.org"
216.245.221.83 - - [07/Dec/2021:18:04:26 +0000] "HEAD / HTTP/1.1" 200 0 "http://ja.tak-cslab.org/" "Mozilla/5.0+(compatible; UptimeRobot/2.0; http://www.uptimerobot.com/)"
34.206.38.217 - - [07/Dec/2021:18:06:38 +0000] "GET /feed HTTP/1.1" 200 54716 "-" "Automate.io BOT"
216.245.221.83 - - [07/Dec/2021:18:09:26 +0000] "HEAD / HTTP/1.1" 301 0 "http://ja.tak-cslab.org/" "Mozilla/5.0+(compatible; UptimeRobot/2.0; http://www.uptimerobot.com/)"
216.245.221.83 - - [07/Dec/2021:18:09:26 +0000] "HEAD / HTTP/1.1" 200 0 "http://ja.tak-cslab.org/" "Mozilla/5.0+(compatible; UptimeRobot/2.0; http://www.uptimerobot.com/)"
109.70.100.30 - - [07/Dec/2021:18:10:55 +0000] "POST /xmlrpc.php HTTP/1.0" 301 162 "-" "Mozilla/5.0 (Windows NT 6.3) AppleWebKit/537.36 (KHTML, like Gecko) Chrome/88.0.4324.190 Safari/537.36"
109.70.100.30 - - [07/Dec/2021:18:10:58 +0000] "POST /xmlrpc.php HTTP/1.0" 200 403 "-" "Mozilla/5.0 (Windows NT 6.3) AppleWebKit/537.36 (KHTML, like Gecko) Chrome/88.0.4324.190 Safari/537.36"
3.238.36.216 - - [07/Dec/2021:18:13:38 +0000] "HEAD /feed HTTP/2.0" 200 0 "-" "Slackbot 1.0 (+https://api.slack.com/robots)"
3.238.36.216 - - [07/Dec/2021:18:13:38 +0000] "GET /feed HTTP/1.1" 200 54716 "-" "Slackbot 1.0 (+https://api.slack.com/robots)"
107.22.73.76 - - [07/Dec/2021:18:13:40 +0000] "GET / HTTP/1.1" 200 6223 "-" "Slackbot 1.0 (+https://api.slack.com/robots)"
216.245.221.83 - - [07/Dec/2021:18:14:26 +0000] "HEAD / HTTP/1.1" 301 0 "http://ja.tak-cslab.org/" "Mozilla/5.0+(compatible; UptimeRobot/2.0; http://www.uptimerobot.com/)"
216.245.221.83 - - [07/Dec/2021:18:14:26 +0000] "HEAD / HTTP/1.1" 200 0 "http://ja.tak-cslab.org/" "Mozilla/5.0+(compatible; UptimeRobot/2.0; http://www.uptimerobot.com/)"
34.206.38.217 - - [07/Dec/2021:18:16:38 +0000] "GET /feed HTTP/1.1" 200 54716 "-" "Automate.io BOT"
216.245.221.83 - - [07/Dec/2021:18:19:26 +0000] "HEAD / HTTP/1.1" 301 0 "http://ja.tak-cslab.org/" "Mozilla/5.0+(compatible; UptimeRobot/2.0; http://www.uptimerobot.com/)"
163.215.6.1 - - [07/Dec/2021:18:19:26 +0000] "POST /wp-cron.php?doing_wp_cron=1638901166.7375349998474121093750 HTTP/1.1" 200 31 "https://ja.tak-cslab.org/wp-cron.php?doing_wp_cron=1638901166.7375349998474121093750" "WordPress/5.8.2; https://ja.tak-cslab.org"
216.245.221.83 - - [07/Dec/2021:18:19:26 +0000] "HEAD / HTTP/1.1" 200 0 "http://ja.tak-cslab.org/" "Mozilla/5.0+(compatible; UptimeRobot/2.0; http://www.uptimerobot.com/)"
185.191.171.24 - - [07/Dec/2021:18:19:51 +0000] "GET /robots.txt HTTP/1.1" 200 123 "-" "Mozilla/5.0 (compatible; SemrushBot/7~bl; +http://www.semrush.com/bot.html)"
185.191.171.12 - - [07/Dec/2021:18:19:52 +0000] "GET /archives/author/c0119381 HTTP/1.1" 200 5615 "-" "Mozilla/5.0 (compatible; SemrushBot/7~bl; +http://www.semrush.com/bot.html)"
34.206.38.217 - - [07/Dec/2021:18:21:38 +0000] "GET /feed HTTP/1.1" 200 54716 "-" "Automate.io BOT"
216.245.221.83 - - [07/Dec/2021:18:24:26 +0000] "HEAD / HTTP/1.1" 301 0 "http://ja.tak-cslab.org/" "Mozilla/5.0+(compatible; UptimeRobot/2.0; http://www.uptimerobot.com/)"
216.245.221.83 - - [07/Dec/2021:18:24:26 +0000] "HEAD / HTTP/1.1" 200 0 "http://ja.tak-cslab.org/" "Mozilla/5.0+(compatible; UptimeRobot/2.0; http://www.uptimerobot.com/)"
34.206.38.217 - - [07/Dec/2021:18:26:38 +0000] "GET /feed HTTP/1.1" 200 54718 "-" "Automate.io BOT"
216.245.221.83 - - [07/Dec/2021:18:29:26 +0000] "HEAD / HTTP/1.1" 301 0 "http://ja.tak-cslab.org/" "Mozilla/5.0+(compatible; UptimeRobot/2.0; http://www.uptimerobot.com/)"
216.245.221.83 - - [07/Dec/2021:18:29:26 +0000] "HEAD / HTTP/1.1" 200 0 "http://ja.tak-cslab.org/" "Mozilla/5.0+(compatible; UptimeRobot/2.0; http://www.uptimerobot.com/)"
40.77.167.53 - - [07/Dec/2021:18:30:51 +0000] "GET /archives/1064 HTTP/2.0" 200 8836 "-" "Mozilla/5.0 (compatible; bingbot/2.0; +http://www.bing.com/bingbot.htm)"
34.206.38.217 - - [07/Dec/2021:18:31:38 +0000] "GET /feed HTTP/1.1" 200 54718 "-" "Automate.io BOT"
54.146.205.227 - - [07/Dec/2021:18:33:41 +0000] "HEAD /feed HTTP/2.0" 200 0 "-" "Slackbot 1.0 (+https://api.slack.com/robots)"
3.236.149.27 - - [07/Dec/2021:18:33:41 +0000] "GET /feed HTTP/1.1" 200 54716 "-" "Slackbot 1.0 (+https://api.slack.com/robots)"
54.224.186.77 - - [07/Dec/2021:18:33:42 +0000] "GET / HTTP/1.1" 200 6223 "-" "Slackbot 1.0 (+https://api.slack.com/robots)"
216.245.221.83 - - [07/Dec/2021:18:34:26 +0000] "HEAD / HTTP/1.1" 301 0 "http://ja.tak-cslab.org/" "Mozilla/5.0+(compatible; UptimeRobot/2.0; http://www.uptimerobot.com/)"
216.245.221.83 - - [07/Dec/2021:18:34:26 +0000] "HEAD / HTTP/1.1" 200 0 "http://ja.tak-cslab.org/" "Mozilla/5.0+(compatible; UptimeRobot/2.0; http://www.uptimerobot.com/)"
78.138.99.183 - - [07/Dec/2021:18:36:16 +0000] "GET /archives/460/ HTTP/1.0" 301 162 "http://ja.tak-cslab.org/archives/460/" "Mozilla/5.0 (Windows NT 6.1; Win64; x64) AppleWebKit/537.36 (KHTML, like Gecko) Chrome/90.0.4430.93 Safari/537.36"
78.138.99.183 - - [07/Dec/2021:18:36:18 +0000] "GET /archives/460/ HTTP/1.0" 301 0 "https://ja.tak-cslab.org/archives/460/" "Mozilla/5.0 (Windows NT 6.1; Win64; x64) AppleWebKit/537.36 (KHTML, like Gecko) Chrome/90.0.4430.93 Safari/537.36"
78.138.99.183 - - [07/Dec/2021:18:36:19 +0000] "GET /archives/460 HTTP/1.0" 200 27795 "https://ja.tak-cslab.org/archives/460" "Mozilla/5.0 (Windows NT 6.1; Win64; x64) AppleWebKit/537.36 (KHTML, like Gecko) Chrome/90.0.4430.93 Safari/537.36"
34.206.38.217 - - [07/Dec/2021:18:36:38 +0000] "GET /feed HTTP/1.1" 200 54716 "-" "Automate.io BOT"
216.245.221.83 - - [07/Dec/2021:18:39:26 +0000] "HEAD / HTTP/1.1" 301 0 "http://ja.tak-cslab.org/" "Mozilla/5.0+(compatible; UptimeRobot/2.0; http://www.uptimerobot.com/)"
216.245.221.83 - - [07/Dec/2021:18:39:26 +0000] "HEAD / HTTP/1.1" 200 0 "http://ja.tak-cslab.org/" "Mozilla/5.0+(compatible; UptimeRobot/2.0; http://www.uptimerobot.com/)"
34.206.38.217 - - [07/Dec/2021:18:41:38 +0000] "GET /feed HTTP/1.1" 200 54709 "-" "Automate.io BOT"
66.249.64.93 - - [07/Dec/2021:18:42:24 +0000] "GET /about HTTP/1.1" 200 5353 "-" "Mozilla/5.0 (Linux; Android 6.0.1; Nexus 5X Build/MMB29P) AppleWebKit/537.36 (KHTML, like Gecko) Chrome/96.0.4664.45 Mobile Safari/537.36 (compatible; Googlebot/2.1; +http://www.google.com/bot.html)"
216.245.221.83 - - [07/Dec/2021:18:44:26 +0000] "HEAD / HTTP/1.1" 301 0 "http://ja.tak-cslab.org/" "Mozilla/5.0+(compatible; UptimeRobot/2.0; http://www.uptimerobot.com/)"
216.245.221.83 - - [07/Dec/2021:18:44:26 +0000] "HEAD / HTTP/1.1" 200 0 "http://ja.tak-cslab.org/" "Mozilla/5.0+(compatible; UptimeRobot/2.0; http://www.uptimerobot.com/)"
216.245.221.83 - - [07/Dec/2021:18:49:26 +0000] "HEAD / HTTP/1.1" 301 0 "http://ja.tak-cslab.org/" "Mozilla/5.0+(compatible; UptimeRobot/2.0; http://www.uptimerobot.com/)"
216.245.221.83 - - [07/Dec/2021:18:49:26 +0000] "HEAD / HTTP/1.1" 200 0 "http://ja.tak-cslab.org/" "Mozilla/5.0+(compatible; UptimeRobot/2.0; http://www.uptimerobot.com/)"
34.206.38.217 - - [07/Dec/2021:18:51:38 +0000] "GET /feed HTTP/1.1" 200 54716 "-" "Automate.io BOT"
54.163.199.74 - - [07/Dec/2021:18:53:38 +0000] "HEAD /feed HTTP/2.0" 200 0 "-" "Slackbot 1.0 (+https://api.slack.com/robots)"
3.93.218.235 - - [07/Dec/2021:18:53:39 +0000] "GET /feed HTTP/1.1" 200 54709 "-" "Slackbot 1.0 (+https://api.slack.com/robots)"
54.89.224.120 - - [07/Dec/2021:18:53:40 +0000] "GET / HTTP/1.1" 200 6223 "-" "Slackbot 1.0 (+https://api.slack.com/robots)"
216.245.221.83 - - [07/Dec/2021:18:54:26 +0000] "HEAD / HTTP/1.1" 301 0 "http://ja.tak-cslab.org/" "Mozilla/5.0+(compatible; UptimeRobot/2.0; http://www.uptimerobot.com/)"
216.245.221.83 - - [07/Dec/2021:18:54:26 +0000] "HEAD / HTTP/1.1" 200 0 "http://ja.tak-cslab.org/" "Mozilla/5.0+(compatible; UptimeRobot/2.0; http://www.uptimerobot.com/)"
51.222.253.11 - - [07/Dec/2021:18:54:56 +0000] "GET /tags/%E3%83%90%E3%83%83%E3%82%AF%E3%82%A2%E3%83%83%E3%83%97 HTTP/2.0" 200 6626 "-" "Mozilla/5.0 (compatible; AhrefsBot/7.0; +http://ahrefs.com/robot/)"
34.206.38.217 - - [07/Dec/2021:18:56:38 +0000] "GET /feed HTTP/1.1" 200 54716 "-" "Automate.io BOT"
51.222.253.19 - - [07/Dec/2021:18:58:29 +0000] "GET /tags/nas HTTP/2.0" 200 6587 "-" "Mozilla/5.0 (compatible; AhrefsBot/7.0; +http://ahrefs.com/robot/)"
216.245.221.83 - - [07/Dec/2021:18:59:26 +0000] "HEAD / HTTP/1.1" 301 0 "http://ja.tak-cslab.org/" "Mozilla/5.0+(compatible; UptimeRobot/2.0; http://www.uptimerobot.com/)"
216.245.221.83 - - [07/Dec/2021:18:59:26 +0000] "HEAD / HTTP/1.1" 200 0 "http://ja.tak-cslab.org/" "Mozilla/5.0+(compatible; UptimeRobot/2.0; http://www.uptimerobot.com/)"
52.198.63.255 - - [07/Dec/2021:18:59:47 +0000] "GET /favicon.ico HTTP/1.1" 302 5 "-" "Slack-ImgProxy (+https://api.slack.com/robots)"
18.181.191.165 - - [07/Dec/2021:18:59:47 +0000] "GET /wp-includes/images/w-logo-blue-white-bg.png HTTP/1.1" 200 4119 "-" "Slack-ImgProxy (+https://api.slack.com/robots)"
60.90.19.153 - - [07/Dec/2021:18:59:53 +0000] "GET /archives/1700 HTTP/2.0" 200 6513 "-" "Mozilla/5.0 (Windows NT 10.0; Win64; x64) AppleWebKit/537.36 (KHTML, like Gecko) Chrome/96.0.4664.45 Safari/537.36"
60.90.19.153 - - [07/Dec/2021:18:59:53 +0000] "GET /wp-includes/css/dist/block-library/style.min.css?ver=5.8.2 HTTP/2.0" 200 13704 "https://ja.tak-cslab.org/archives/1700" "Mozilla/5.0 (Windows NT 10.0; Win64; x64) AppleWebKit/537.36 (KHTML, like Gecko) Chrome/96.0.4664.45 Safari/537.36"
60.90.19.153 - - [07/Dec/2021:18:59:53 +0000] "GET /wp-content/themes/scaffold/style.css?ver=5.8.2 HTTP/2.0" 200 5846 "https://ja.tak-cslab.org/archives/1700" "Mozilla/5.0 (Windows NT 10.0; Win64; x64) AppleWebKit/537.36 (KHTML, like Gecko) Chrome/96.0.4664.45 Safari/537.36"
60.90.19.153 - - [07/Dec/2021:18:59:53 +0000] "GET /wp-content/themes/cdsl/style.css?ver=1.3.1 HTTP/2.0" 200 272 "https://ja.tak-cslab.org/archives/1700" "Mozilla/5.0 (Windows NT 10.0; Win64; x64) AppleWebKit/537.36 (KHTML, like Gecko) Chrome/96.0.4664.45 Safari/537.36"
60.90.19.153 - - [07/Dec/2021:18:59:53 +0000] "GET /wp-content/themes/scaffold/assets/js/navigation.js?ver=1.3.1 HTTP/2.0" 200 1266 "https://ja.tak-cslab.org/archives/1700" "Mozilla/5.0 (Windows NT 10.0; Win64; x64) AppleWebKit/537.36 (KHTML, like Gecko) Chrome/96.0.4664.45 Safari/537.36"
60.90.19.153 - - [07/Dec/2021:18:59:53 +0000] "GET /wp-includes/js/comment-reply.min.js?ver=5.8.2 HTTP/2.0" 200 1390 "https://ja.tak-cslab.org/archives/1700" "Mozilla/5.0 (Windows NT 10.0; Win64; x64) AppleWebKit/537.36 (KHTML, like Gecko) Chrome/96.0.4664.45 Safari/537.36"
60.90.19.153 - - [07/Dec/2021:18:59:53 +0000] "GET /wp-includes/js/wp-embed.min.js?ver=5.8.2 HTTP/2.0" 200 779 "https://ja.tak-cslab.org/archives/1700" "Mozilla/5.0 (Windows NT 10.0; Win64; x64) AppleWebKit/537.36 (KHTML, like Gecko) Chrome/96.0.4664.45 Safari/537.36"
60.90.19.153 - - [07/Dec/2021:18:59:53 +0000] "GET /wp-includes/js/wp-emoji-release.min.js?ver=5.8.2 HTTP/2.0" 200 5714 "https://ja.tak-cslab.org/archives/1700" "Mozilla/5.0 (Windows NT 10.0; Win64; x64) AppleWebKit/537.36 (KHTML, like Gecko) Chrome/96.0.4664.45 Safari/537.36"
60.90.19.153 - - [07/Dec/2021:18:59:53 +0000] "GET /favicon.ico HTTP/2.0" 302 0 "https://ja.tak-cslab.org/archives/1700" "Mozilla/5.0 (Windows NT 10.0; Win64; x64) AppleWebKit/537.36 (KHTML, like Gecko) Chrome/96.0.4664.45 Safari/537.36"
60.90.19.153 - - [07/Dec/2021:18:59:53 +0000] "GET /wp-includes/images/w-logo-blue-white-bg.png HTTP/2.0" 200 4119 "https://ja.tak-cslab.org/archives/1700" "Mozilla/5.0 (Windows NT 10.0; Win64; x64) AppleWebKit/537.36 (KHTML, like Gecko) Chrome/96.0.4664.45 Safari/537.36"
51.222.253.15 - - [07/Dec/2021:19:00:09 +0000] "GET /topics/news HTTP/2.0" 200 7793 "-" "Mozilla/5.0 (compatible; AhrefsBot/7.0; +http://ahrefs.com/robot/)"
163.215.6.1 - - [07/Dec/2021:19:01:09 +0000] "POST /wp-cron.php?doing_wp_cron=1638903669.5420629978179931640625 HTTP/1.1" 200 31 "https://ja.tak-cslab.org/wp-cron.php?doing_wp_cron=1638903669.5420629978179931640625" "WordPress/5.8.2; https://ja.tak-cslab.org"
51.222.253.14 - - [07/Dec/2021:19:01:09 +0000] "GET /archives/786 HTTP/2.0" 200 9287 "-" "Mozilla/5.0 (compatible; AhrefsBot/7.0; +http://ahrefs.com/robot/)"
34.206.38.217 - - [07/Dec/2021:19:01:38 +0000] "GET /feed HTTP/1.1" 200 54716 "-" "Automate.io BOT"
51.222.253.20 - - [07/Dec/2021:19:02:04 +0000] "GET /join-us HTTP/2.0" 200 5491 "-" "Mozilla/5.0 (compatible; AhrefsBot/7.0; +http://ahrefs.com/robot/)"
51.222.253.17 - - [07/Dec/2021:19:03:00 +0000] "GET /about/about-cdsl HTTP/2.0" 200 6969 "-" "Mozilla/5.0 (compatible; AhrefsBot/7.0; +http://ahrefs.com/robot/)"
51.222.253.2 - - [07/Dec/2021:19:03:46 +0000] "GET /about/it-facility HTTP/2.0" 200 8947 "-" "Mozilla/5.0 (compatible; AhrefsBot/7.0; +http://ahrefs.com/robot/)"
216.245.221.83 - - [07/Dec/2021:19:04:26 +0000] "HEAD / HTTP/1.1" 301 0 "http://ja.tak-cslab.org/" "Mozilla/5.0+(compatible; UptimeRobot/2.0; http://www.uptimerobot.com/)"
51.222.253.10 - - [07/Dec/2021:19:04:26 +0000] "GET /tech-report HTTP/2.0" 200 12894 "-" "Mozilla/5.0 (compatible; AhrefsBot/7.0; +http://ahrefs.com/robot/)"
216.245.221.83 - - [07/Dec/2021:19:04:26 +0000] "HEAD / HTTP/1.1" 200 0 "http://ja.tak-cslab.org/" "Mozilla/5.0+(compatible; UptimeRobot/2.0; http://www.uptimerobot.com/)"
216.245.221.83 - - [07/Dec/2021:19:09:26 +0000] "HEAD / HTTP/1.1" 301 0 "http://ja.tak-cslab.org/" "Mozilla/5.0+(compatible; UptimeRobot/2.0; http://www.uptimerobot.com/)"
216.245.221.83 - - [07/Dec/2021:19:09:26 +0000] "HEAD / HTTP/1.1" 200 0 "http://ja.tak-cslab.org/" "Mozilla/5.0+(compatible; UptimeRobot/2.0; http://www.uptimerobot.com/)"
34.206.38.217 - - [07/Dec/2021:19:11:38 +0000] "GET /feed HTTP/1.1" 200 54710 "-" "Automate.io BOT"
54.173.172.135 - - [07/Dec/2021:19:13:41 +0000] "HEAD /feed HTTP/2.0" 200 0 "-" "Slackbot 1.0 (+https://api.slack.com/robots)"
34.229.63.254 - - [07/Dec/2021:19:13:41 +0000] "GET /feed HTTP/1.1" 200 54716 "-" "Slackbot 1.0 (+https://api.slack.com/robots)"
3.95.211.45 - - [07/Dec/2021:19:13:42 +0000] "GET / HTTP/1.1" 200 6223 "-" "Slackbot 1.0 (+https://api.slack.com/robots)"
185.220.102.250 - - [07/Dec/2021:19:14:23 +0000] "POST /xmlrpc.php HTTP/1.0" 301 162 "-" "Mozilla/5.0 (Windows NT 6.3; rv:87.0) Gecko/20100101 Firefox/87.0"
199.249.230.140 - - [07/Dec/2021:19:14:25 +0000] "POST /xmlrpc.php HTTP/1.0" 200 403 "-" "Mozilla/5.0 (Windows NT 6.3; rv:87.0) Gecko/20100101 Firefox/87.0"
216.245.221.83 - - [07/Dec/2021:19:14:26 +0000] "HEAD / HTTP/1.1" 301 0 "http://ja.tak-cslab.org/" "Mozilla/5.0+(compatible; UptimeRobot/2.0; http://www.uptimerobot.com/)"
216.245.221.83 - - [07/Dec/2021:19:14:26 +0000] "HEAD / HTTP/1.1" 200 0 "http://ja.tak-cslab.org/" "Mozilla/5.0+(compatible; UptimeRobot/2.0; http://www.uptimerobot.com/)"
216.245.221.83 - - [07/Dec/2021:19:19:26 +0000] "HEAD / HTTP/1.1" 301 0 "http://ja.tak-cslab.org/" "Mozilla/5.0+(compatible; UptimeRobot/2.0; http://www.uptimerobot.com/)"
163.215.6.1 - - [07/Dec/2021:19:19:26 +0000] "POST /wp-cron.php?doing_wp_cron=1638904766.7372579574584960937500 HTTP/1.1" 200 31 "https://ja.tak-cslab.org/wp-cron.php?doing_wp_cron=1638904766.7372579574584960937500" "WordPress/5.8.2; https://ja.tak-cslab.org"
216.245.221.83 - - [07/Dec/2021:19:19:26 +0000] "HEAD / HTTP/1.1" 200 0 "http://ja.tak-cslab.org/" "Mozilla/5.0+(compatible; UptimeRobot/2.0; http://www.uptimerobot.com/)"
34.206.38.217 - - [07/Dec/2021:19:21:39 +0000] "GET /feed HTTP/1.1" 200 54716 "-" "Automate.io BOT"
216.245.221.83 - - [07/Dec/2021:19:24:26 +0000] "HEAD / HTTP/1.1" 301 0 "http://ja.tak-cslab.org/" "Mozilla/5.0+(compatible; UptimeRobot/2.0; http://www.uptimerobot.com/)"
216.245.221.83 - - [07/Dec/2021:19:24:26 +0000] "HEAD / HTTP/1.1" 200 0 "http://ja.tak-cslab.org/" "Mozilla/5.0+(compatible; UptimeRobot/2.0; http://www.uptimerobot.com/)"
34.206.38.217 - - [07/Dec/2021:19:26:40 +0000] "GET /feed HTTP/1.1" 200 54716 "-" "Automate.io BOT"
66.249.64.94 - - [07/Dec/2021:19:27:24 +0000] "GET /archives/1125 HTTP/1.1" 200 12260 "-" "Mozilla/5.0 (Linux; Android 6.0.1; Nexus 5X Build/MMB29P) AppleWebKit/537.36 (KHTML, like Gecko) Chrome/96.0.4664.45 Mobile Safari/537.36 (compatible; Googlebot/2.1; +http://www.google.com/bot.html)"
216.245.221.83 - - [07/Dec/2021:19:29:26 +0000] "HEAD / HTTP/1.1" 301 0 "http://ja.tak-cslab.org/" "Mozilla/5.0+(compatible; UptimeRobot/2.0; http://www.uptimerobot.com/)"
216.245.221.83 - - [07/Dec/2021:19:29:26 +0000] "HEAD / HTTP/1.1" 200 0 "http://ja.tak-cslab.org/" "Mozilla/5.0+(compatible; UptimeRobot/2.0; http://www.uptimerobot.com/)"
3.238.191.91 - - [07/Dec/2021:19:33:40 +0000] "HEAD /feed HTTP/2.0" 200 0 "-" "Slackbot 1.0 (+https://api.slack.com/robots)"
54.236.187.78 - - [07/Dec/2021:19:33:41 +0000] "GET /feed HTTP/1.1" 200 54716 "-" "Slackbot 1.0 (+https://api.slack.com/robots)"
3.238.237.171 - - [07/Dec/2021:19:33:43 +0000] "GET / HTTP/1.1" 200 6223 "-" "Slackbot 1.0 (+https://api.slack.com/robots)"
216.245.221.83 - - [07/Dec/2021:19:34:26 +0000] "HEAD / HTTP/1.1" 301 0 "http://ja.tak-cslab.org/" "Mozilla/5.0+(compatible; UptimeRobot/2.0; http://www.uptimerobot.com/)"
216.245.221.83 - - [07/Dec/2021:19:34:26 +0000] "HEAD / HTTP/1.1" 200 0 "http://ja.tak-cslab.org/" "Mozilla/5.0+(compatible; UptimeRobot/2.0; http://www.uptimerobot.com/)"
51.222.253.16 - - [07/Dec/2021:19:37:13 +0000] "GET /archives/1700 HTTP/2.0" 200 6513 "-" "Mozilla/5.0 (compatible; AhrefsBot/7.0; +http://ahrefs.com/robot/)"
216.245.221.83 - - [07/Dec/2021:19:39:26 +0000] "HEAD / HTTP/1.1" 301 0 "http://ja.tak-cslab.org/" "Mozilla/5.0+(compatible; UptimeRobot/2.0; http://www.uptimerobot.com/)"
216.245.221.83 - - [07/Dec/2021:19:39:26 +0000] "HEAD / HTTP/1.1" 200 0 "http://ja.tak-cslab.org/" "Mozilla/5.0+(compatible; UptimeRobot/2.0; http://www.uptimerobot.com/)"
34.206.38.217 - - [07/Dec/2021:19:41:39 +0000] "GET /feed HTTP/1.1" 200 54716 "-" "Automate.io BOT"
216.245.221.83 - - [07/Dec/2021:19:44:26 +0000] "HEAD / HTTP/1.1" 301 0 "http://ja.tak-cslab.org/" "Mozilla/5.0+(compatible; UptimeRobot/2.0; http://www.uptimerobot.com/)"
216.245.221.83 - - [07/Dec/2021:19:44:26 +0000] "HEAD / HTTP/1.1" 200 0 "http://ja.tak-cslab.org/" "Mozilla/5.0+(compatible; UptimeRobot/2.0; http://www.uptimerobot.com/)"
40.77.167.44 - - [07/Dec/2021:19:45:04 +0000] "GET /archives/date/2020/10 HTTP/2.0" 200 17135 "-" "Mozilla/5.0 (compatible; bingbot/2.0; +http://www.bing.com/bingbot.htm)"
66.249.64.94 - - [07/Dec/2021:19:45:25 +0000] "GET /about/it-facility?amp HTTP/1.1" 200 8975 "-" "Mozilla/5.0 (Linux; Android 6.0.1; Nexus 5X Build/MMB29P) AppleWebKit/537.36 (KHTML, like Gecko) Chrome/96.0.4664.45 Mobile Safari/537.36 (compatible; Googlebot/2.1; +http://www.google.com/bot.html)"
216.245.221.83 - - [07/Dec/2021:19:49:26 +0000] "HEAD / HTTP/1.1" 301 0 "http://ja.tak-cslab.org/" "Mozilla/5.0+(compatible; UptimeRobot/2.0; http://www.uptimerobot.com/)"
216.245.221.83 - - [07/Dec/2021:19:49:26 +0000] "HEAD / HTTP/1.1" 200 0 "http://ja.tak-cslab.org/" "Mozilla/5.0+(compatible; UptimeRobot/2.0; http://www.uptimerobot.com/)"
51.222.253.9 - - [07/Dec/2021:19:53:23 +0000] "GET /archives/152 HTTP/2.0" 200 6195 "-" "Mozilla/5.0 (compatible; AhrefsBot/7.0; +http://ahrefs.com/robot/)"
3.86.53.214 - - [07/Dec/2021:19:53:39 +0000] "HEAD /feed HTTP/2.0" 200 0 "-" "Slackbot 1.0 (+https://api.slack.com/robots)"
3.215.190.50 - - [07/Dec/2021:19:53:39 +0000] "GET /feed HTTP/1.1" 200 54716 "-" "Slackbot 1.0 (+https://api.slack.com/robots)"
54.237.173.206 - - [07/Dec/2021:19:53:40 +0000] "GET / HTTP/1.1" 200 6223 "-" "Slackbot 1.0 (+https://api.slack.com/robots)"
34.206.38.217 - - [07/Dec/2021:19:53:54 +0000] "GET /feed HTTP/1.1" 200 54716 "-" "Automate.io BOT"
216.245.221.83 - - [07/Dec/2021:19:54:26 +0000] "HEAD / HTTP/1.1" 301 0 "http://ja.tak-cslab.org/" "Mozilla/5.0+(compatible; UptimeRobot/2.0; http://www.uptimerobot.com/)"
216.245.221.83 - - [07/Dec/2021:19:54:26 +0000] "HEAD / HTTP/1.1" 200 0 "http://ja.tak-cslab.org/" "Mozilla/5.0+(compatible; UptimeRobot/2.0; http://www.uptimerobot.com/)"
66.249.64.94 - - [07/Dec/2021:19:56:40 +0000] "GET /archives/author/yuta-tagawa HTTP/1.1" 200 5853 "-" "Mozilla/5.0 (Linux; Android 6.0.1; Nexus 5X Build/MMB29P) AppleWebKit/537.36 (KHTML, like Gecko) Chrome/96.0.4664.45 Mobile Safari/537.36 (compatible; Googlebot/2.1; +http://www.google.com/bot.html)"
40.77.167.66 - - [07/Dec/2021:19:58:14 +0000] "GET /wp-sitemap.xml HTTP/2.0" 501 245 "-" "Mozilla/5.0 (compatible; bingbot/2.0; +http://www.bing.com/bingbot.htm)"
34.206.38.217 - - [07/Dec/2021:19:58:54 +0000] "GET /feed HTTP/1.1" 200 54716 "-" "Automate.io BOT"
216.245.221.83 - - [07/Dec/2021:19:59:26 +0000] "HEAD / HTTP/1.1" 301 0 "http://ja.tak-cslab.org/" "Mozilla/5.0+(compatible; UptimeRobot/2.0; http://www.uptimerobot.com/)"
216.245.221.83 - - [07/Dec/2021:19:59:26 +0000] "HEAD / HTTP/1.1" 200 0 "http://ja.tak-cslab.org/" "Mozilla/5.0+(compatible; UptimeRobot/2.0; http://www.uptimerobot.com/)"
40.77.167.66 - - [07/Dec/2021:19:59:44 +0000] "GET /archives/author/tkoyama HTTP/2.0" 200 6604 "-" "Mozilla/5.0 (compatible; bingbot/2.0; +http://www.bing.com/bingbot.htm)"
40.77.167.44 - - [07/Dec/2021:20:00:02 +0000] "GET /wp-content/themes/scaffold/assets/js/navigation.js?ver=1.3.1 HTTP/2.0" 200 1266 "-" "Mozilla/5.0 (compatible; bingbot/2.0; +http://www.bing.com/bingbot.htm)"
163.215.6.1 - - [07/Dec/2021:20:03:55 +0000] "POST /wp-cron.php?doing_wp_cron=1638907435.1113479137420654296875 HTTP/1.1" 200 31 "https://ja.tak-cslab.org/wp-cron.php?doing_wp_cron=1638907435.1113479137420654296875" "WordPress/5.8.2; https://ja.tak-cslab.org"
34.206.38.217 - - [07/Dec/2021:20:03:55 +0000] "GET /feed HTTP/1.1" 200 54716 "-" "Automate.io BOT"
216.245.221.83 - - [07/Dec/2021:20:04:26 +0000] "HEAD / HTTP/1.1" 301 0 "http://ja.tak-cslab.org/" "Mozilla/5.0+(compatible; UptimeRobot/2.0; http://www.uptimerobot.com/)"
216.245.221.83 - - [07/Dec/2021:20:04:26 +0000] "HEAD / HTTP/1.1" 200 0 "http://ja.tak-cslab.org/" "Mozilla/5.0+(compatible; UptimeRobot/2.0; http://www.uptimerobot.com/)"
66.249.64.93 - - [07/Dec/2021:20:07:55 +0000] "GET /archives/394/feed HTTP/1.1" 200 849 "-" "Mozilla/5.0 (Linux; Android 6.0.1; Nexus 5X Build/MMB29P) AppleWebKit/537.36 (KHTML, like Gecko) Chrome/96.0.4664.45 Mobile Safari/537.36 (compatible; Googlebot/2.1; +http://www.google.com/bot.html)"
34.206.38.217 - - [07/Dec/2021:20:08:54 +0000] "GET /feed HTTP/1.1" 200 54716 "-" "Automate.io BOT"
216.245.221.83 - - [07/Dec/2021:20:09:26 +0000] "HEAD / HTTP/1.1" 301 0 "http://ja.tak-cslab.org/" "Mozilla/5.0+(compatible; UptimeRobot/2.0; http://www.uptimerobot.com/)"
216.245.221.83 - - [07/Dec/2021:20:09:26 +0000] "HEAD / HTTP/1.1" 200 0 "http://ja.tak-cslab.org/" "Mozilla/5.0+(compatible; UptimeRobot/2.0; http://www.uptimerobot.com/)"
34.238.193.181 - - [07/Dec/2021:20:13:43 +0000] "HEAD /feed HTTP/2.0" 200 0 "-" "Slackbot 1.0 (+https://api.slack.com/robots)"
185.220.101.15 - - [07/Dec/2021:20:13:43 +0000] "POST /xmlrpc.php HTTP/1.0" 301 162 "-" "Mozilla/5.0 (Windows NT 10.0; rv:88.0) Gecko/20100101 Firefox/88.0"
18.209.11.92 - - [07/Dec/2021:20:13:44 +0000] "GET /feed HTTP/1.1" 200 54716 "-" "Slackbot 1.0 (+https://api.slack.com/robots)"
185.220.101.15 - - [07/Dec/2021:20:13:45 +0000] "POST /xmlrpc.php HTTP/1.0" 200 403 "-" "Mozilla/5.0 (Windows NT 10.0; rv:88.0) Gecko/20100101 Firefox/88.0"
44.200.61.40 - - [07/Dec/2021:20:13:45 +0000] "GET / HTTP/1.1" 200 6223 "-" "Slackbot 1.0 (+https://api.slack.com/robots)"
34.206.38.217 - - [07/Dec/2021:20:13:54 +0000] "GET /feed HTTP/1.1" 200 54716 "-" "Automate.io BOT"
216.245.221.83 - - [07/Dec/2021:20:14:26 +0000] "HEAD / HTTP/1.1" 301 0 "http://ja.tak-cslab.org/" "Mozilla/5.0+(compatible; UptimeRobot/2.0; http://www.uptimerobot.com/)"
216.245.221.83 - - [07/Dec/2021:20:14:26 +0000] "HEAD / HTTP/1.1" 200 0 "http://ja.tak-cslab.org/" "Mozilla/5.0+(compatible; UptimeRobot/2.0; http://www.uptimerobot.com/)"
163.215.6.1 - - [07/Dec/2021:20:18:54 +0000] "POST /wp-cron.php?doing_wp_cron=1638908334.6786029338836669921875 HTTP/1.1" 200 31 "https://ja.tak-cslab.org/wp-cron.php?doing_wp_cron=1638908334.6786029338836669921875" "WordPress/5.8.2; https://ja.tak-cslab.org"
34.206.38.217 - - [07/Dec/2021:20:18:54 +0000] "GET /feed HTTP/1.1" 200 54711 "-" "Automate.io BOT"
66.249.64.95 - - [07/Dec/2021:20:19:10 +0000] "GET /archives/1115 HTTP/1.1" 200 8063 "-" "Mozilla/5.0 (Linux; Android 6.0.1; Nexus 5X Build/MMB29P) AppleWebKit/537.36 (KHTML, like Gecko) Chrome/96.0.4664.45 Mobile Safari/537.36 (compatible; Googlebot/2.1; +http://www.google.com/bot.html)"
216.245.221.83 - - [07/Dec/2021:20:19:26 +0000] "HEAD / HTTP/1.1" 301 0 "http://ja.tak-cslab.org/" "Mozilla/5.0+(compatible; UptimeRobot/2.0; http://www.uptimerobot.com/)"
216.245.221.83 - - [07/Dec/2021:20:19:26 +0000] "HEAD / HTTP/1.1" 200 0 "http://ja.tak-cslab.org/" "Mozilla/5.0+(compatible; UptimeRobot/2.0; http://www.uptimerobot.com/)"
51.222.253.10 - - [07/Dec/2021:20:19:40 +0000] "GET /archives/797 HTTP/2.0" 200 6272 "-" "Mozilla/5.0 (compatible; AhrefsBot/7.0; +http://ahrefs.com/robot/)"
34.206.38.217 - - [07/Dec/2021:20:23:54 +0000] "GET /feed HTTP/1.1" 200 54716 "-" "Automate.io BOT"
216.245.221.83 - - [07/Dec/2021:20:24:26 +0000] "HEAD / HTTP/1.1" 301 0 "http://ja.tak-cslab.org/" "Mozilla/5.0+(compatible; UptimeRobot/2.0; http://www.uptimerobot.com/)"
216.245.221.83 - - [07/Dec/2021:20:24:26 +0000] "HEAD / HTTP/1.1" 200 0 "http://ja.tak-cslab.org/" "Mozilla/5.0+(compatible; UptimeRobot/2.0; http://www.uptimerobot.com/)"
34.206.38.217 - - [07/Dec/2021:20:28:54 +0000] "GET /feed HTTP/1.1" 200 54718 "-" "Automate.io BOT"
216.245.221.83 - - [07/Dec/2021:20:29:26 +0000] "HEAD / HTTP/1.1" 301 0 "http://ja.tak-cslab.org/" "Mozilla/5.0+(compatible; UptimeRobot/2.0; http://www.uptimerobot.com/)"
216.245.221.83 - - [07/Dec/2021:20:29:26 +0000] "HEAD / HTTP/1.1" 200 0 "http://ja.tak-cslab.org/" "Mozilla/5.0+(compatible; UptimeRobot/2.0; http://www.uptimerobot.com/)"
66.249.64.94 - - [07/Dec/2021:20:30:25 +0000] "GET /archives/author/teppei-nomura HTTP/1.1" 200 5865 "-" "Mozilla/5.0 (Linux; Android 6.0.1; Nexus 5X Build/MMB29P) AppleWebKit/537.36 (KHTML, like Gecko) Chrome/96.0.4664.45 Mobile Safari/537.36 (compatible; Googlebot/2.1; +http://www.google.com/bot.html)"
3.81.68.98 - - [07/Dec/2021:20:33:43 +0000] "HEAD /feed HTTP/2.0" 200 0 "-" "Slackbot 1.0 (+https://api.slack.com/robots)"
44.193.25.213 - - [07/Dec/2021:20:33:44 +0000] "GET /feed HTTP/1.1" 200 54716 "-" "Slackbot 1.0 (+https://api.slack.com/robots)"
3.82.98.69 - - [07/Dec/2021:20:33:46 +0000] "GET / HTTP/1.1" 200 6215 "-" "Slackbot 1.0 (+https://api.slack.com/robots)"
34.206.38.217 - - [07/Dec/2021:20:33:55 +0000] "GET /feed HTTP/1.1" 200 54718 "-" "Automate.io BOT"
216.245.221.83 - - [07/Dec/2021:20:34:26 +0000] "HEAD / HTTP/1.1" 301 0 "http://ja.tak-cslab.org/" "Mozilla/5.0+(compatible; UptimeRobot/2.0; http://www.uptimerobot.com/)"
216.245.221.83 - - [07/Dec/2021:20:34:26 +0000] "HEAD / HTTP/1.1" 200 0 "http://ja.tak-cslab.org/" "Mozilla/5.0+(compatible; UptimeRobot/2.0; http://www.uptimerobot.com/)"
51.222.253.17 - - [07/Dec/2021:20:35:04 +0000] "GET /tags/remote-development HTTP/2.0" 200 6540 "-" "Mozilla/5.0 (compatible; AhrefsBot/7.0; +http://ahrefs.com/robot/)"
34.206.38.217 - - [07/Dec/2021:20:38:54 +0000] "GET /feed HTTP/1.1" 200 54718 "-" "Automate.io BOT"
216.245.221.83 - - [07/Dec/2021:20:39:26 +0000] "HEAD / HTTP/1.1" 301 0 "http://ja.tak-cslab.org/" "Mozilla/5.0+(compatible; UptimeRobot/2.0; http://www.uptimerobot.com/)"
216.245.221.83 - - [07/Dec/2021:20:39:26 +0000] "HEAD / HTTP/1.1" 200 0 "http://ja.tak-cslab.org/" "Mozilla/5.0+(compatible; UptimeRobot/2.0; http://www.uptimerobot.com/)"
216.245.221.83 - - [07/Dec/2021:20:44:26 +0000] "HEAD / HTTP/1.1" 301 0 "http://ja.tak-cslab.org/" "Mozilla/5.0+(compatible; UptimeRobot/2.0; http://www.uptimerobot.com/)"
216.245.221.83 - - [07/Dec/2021:20:44:26 +0000] "HEAD / HTTP/1.1" 200 0 "http://ja.tak-cslab.org/" "Mozilla/5.0+(compatible; UptimeRobot/2.0; http://www.uptimerobot.com/)"
34.206.38.217 - - [07/Dec/2021:20:48:54 +0000] "GET /feed HTTP/1.1" 200 54718 "-" "Automate.io BOT"
216.245.221.83 - - [07/Dec/2021:20:49:26 +0000] "HEAD / HTTP/1.1" 301 0 "http://ja.tak-cslab.org/" "Mozilla/5.0+(compatible; UptimeRobot/2.0; http://www.uptimerobot.com/)"
