216.245.221.83 - - [05/Dec/2021:04:29:26 +0000] "HEAD / HTTP/1.1" 200 0 "http://ja.tak-cslab.org/" "Mozilla/5.0+(compatible; UptimeRobot/2.0; http://www.uptimerobot.com/)"
34.206.38.217 - - [05/Dec/2021:04:29:57 +0000] "GET /feed HTTP/1.1" 200 56281 "-" "Automate.io BOT"
34.227.66.198 - - [05/Dec/2021:04:33:43 +0000] "HEAD /feed HTTP/2.0" 200 0 "-" "Slackbot 1.0 (+https://api.slack.com/robots)"
54.82.110.180 - - [05/Dec/2021:04:33:44 +0000] "GET /feed HTTP/1.1" 200 56281 "-" "Slackbot 1.0 (+https://api.slack.com/robots)"
34.239.226.185 - - [05/Dec/2021:04:33:46 +0000] "GET / HTTP/1.1" 200 6249 "-" "Slackbot 1.0 (+https://api.slack.com/robots)"
216.245.221.83 - - [05/Dec/2021:04:34:26 +0000] "HEAD / HTTP/1.1" 301 0 "http://ja.tak-cslab.org/" "Mozilla/5.0+(compatible; UptimeRobot/2.0; http://www.uptimerobot.com/)"
216.245.221.83 - - [05/Dec/2021:04:34:26 +0000] "HEAD / HTTP/1.1" 200 0 "http://ja.tak-cslab.org/" "Mozilla/5.0+(compatible; UptimeRobot/2.0; http://www.uptimerobot.com/)"
34.206.38.217 - - [05/Dec/2021:04:34:57 +0000] "GET /feed HTTP/1.1" 200 56281 "-" "Automate.io BOT"
216.245.221.83 - - [05/Dec/2021:04:39:26 +0000] "HEAD / HTTP/1.1" 301 0 "http://ja.tak-cslab.org/" "Mozilla/5.0+(compatible; UptimeRobot/2.0; http://www.uptimerobot.com/)"
216.245.221.83 - - [05/Dec/2021:04:39:26 +0000] "HEAD / HTTP/1.1" 200 0 "http://ja.tak-cslab.org/" "Mozilla/5.0+(compatible; UptimeRobot/2.0; http://www.uptimerobot.com/)"
34.206.38.217 - - [05/Dec/2021:04:39:57 +0000] "GET /feed HTTP/1.1" 200 56281 "-" "Automate.io BOT"
216.245.221.83 - - [05/Dec/2021:04:44:26 +0000] "HEAD / HTTP/1.1" 301 0 "http://ja.tak-cslab.org/" "Mozilla/5.0+(compatible; UptimeRobot/2.0; http://www.uptimerobot.com/)"
216.245.221.83 - - [05/Dec/2021:04:44:26 +0000] "HEAD / HTTP/1.1" 200 0 "http://ja.tak-cslab.org/" "Mozilla/5.0+(compatible; UptimeRobot/2.0; http://www.uptimerobot.com/)"
34.206.38.217 - - [05/Dec/2021:04:44:57 +0000] "GET /feed HTTP/1.1" 200 56281 "-" "Automate.io BOT"
216.245.221.83 - - [05/Dec/2021:04:49:26 +0000] "HEAD / HTTP/1.1" 301 0 "http://ja.tak-cslab.org/" "Mozilla/5.0+(compatible; UptimeRobot/2.0; http://www.uptimerobot.com/)"
216.245.221.83 - - [05/Dec/2021:04:49:26 +0000] "HEAD / HTTP/1.1" 200 0 "http://ja.tak-cslab.org/" "Mozilla/5.0+(compatible; UptimeRobot/2.0; http://www.uptimerobot.com/)"
34.206.38.217 - - [05/Dec/2021:04:49:57 +0000] "GET /feed HTTP/1.1" 200 56281 "-" "Automate.io BOT"
44.197.239.240 - - [05/Dec/2021:04:53:40 +0000] "HEAD /feed HTTP/2.0" 200 0 "-" "Slackbot 1.0 (+https://api.slack.com/robots)"
44.195.77.125 - - [05/Dec/2021:04:53:40 +0000] "GET /feed HTTP/1.1" 200 56281 "-" "Slackbot 1.0 (+https://api.slack.com/robots)"
34.229.182.64 - - [05/Dec/2021:04:53:42 +0000] "GET / HTTP/1.1" 200 6241 "-" "Slackbot 1.0 (+https://api.slack.com/robots)"
216.245.221.83 - - [05/Dec/2021:04:54:26 +0000] "HEAD / HTTP/1.1" 301 0 "http://ja.tak-cslab.org/" "Mozilla/5.0+(compatible; UptimeRobot/2.0; http://www.uptimerobot.com/)"
216.245.221.83 - - [05/Dec/2021:04:54:26 +0000] "HEAD / HTTP/1.1" 200 0 "http://ja.tak-cslab.org/" "Mozilla/5.0+(compatible; UptimeRobot/2.0; http://www.uptimerobot.com/)"
34.206.38.217 - - [05/Dec/2021:04:54:57 +0000] "GET /feed HTTP/1.1" 200 56281 "-" "Automate.io BOT"
185.191.171.12 - - [05/Dec/2021:04:57:53 +0000] "GET /robots.txt HTTP/1.1" 200 123 "-" "Mozilla/5.0 (compatible; SemrushBot/7~bl; +http://www.semrush.com/bot.html)"
185.191.171.43 - - [05/Dec/2021:04:57:54 +0000] "GET /archives/1238 HTTP/1.1" 200 7081 "-" "Mozilla/5.0 (compatible; SemrushBot/7~bl; +http://www.semrush.com/bot.html)"
216.245.221.83 - - [05/Dec/2021:04:59:26 +0000] "HEAD / HTTP/1.1" 301 0 "http://ja.tak-cslab.org/" "Mozilla/5.0+(compatible; UptimeRobot/2.0; http://www.uptimerobot.com/)"
216.245.221.83 - - [05/Dec/2021:04:59:26 +0000] "HEAD / HTTP/1.1" 200 0 "http://ja.tak-cslab.org/" "Mozilla/5.0+(compatible; UptimeRobot/2.0; http://www.uptimerobot.com/)"
34.206.38.217 - - [05/Dec/2021:04:59:57 +0000] "GET /feed HTTP/1.1" 200 56281 "-" "Automate.io BOT"
138.199.36.137 - - [05/Dec/2021:05:02:56 +0000] "GET /archives/460/ HTTP/1.0" 301 162 "http://ja.tak-cslab.org/archives/460/" "Mozilla/5.0 (Windows NT 6.1; Win64; x64) AppleWebKit/537.36 (KHTML, like Gecko) Chrome/90.0.4430.72 Safari/537.36"
163.215.6.1 - - [05/Dec/2021:05:02:57 +0000] "POST /wp-cron.php?doing_wp_cron=1638680577.7419300079345703125000 HTTP/1.1" 200 31 "https://ja.tak-cslab.org/wp-cron.php?doing_wp_cron=1638680577.7419300079345703125000" "WordPress/5.8.2; https://ja.tak-cslab.org"
138.199.36.137 - - [05/Dec/2021:05:02:57 +0000] "GET /archives/460/ HTTP/1.0" 301 0 "https://ja.tak-cslab.org/archives/460/" "Mozilla/5.0 (Windows NT 6.1; Win64; x64) AppleWebKit/537.36 (KHTML, like Gecko) Chrome/90.0.4430.72 Safari/537.36"
138.199.36.137 - - [05/Dec/2021:05:02:59 +0000] "GET /archives/460 HTTP/1.0" 200 27831 "https://ja.tak-cslab.org/archives/460" "Mozilla/5.0 (Windows NT 6.1; Win64; x64) AppleWebKit/537.36 (KHTML, like Gecko) Chrome/90.0.4430.72 Safari/537.36"
216.245.221.83 - - [05/Dec/2021:05:04:26 +0000] "HEAD / HTTP/1.1" 301 0 "http://ja.tak-cslab.org/" "Mozilla/5.0+(compatible; UptimeRobot/2.0; http://www.uptimerobot.com/)"
216.245.221.83 - - [05/Dec/2021:05:04:26 +0000] "HEAD / HTTP/1.1" 200 0 "http://ja.tak-cslab.org/" "Mozilla/5.0+(compatible; UptimeRobot/2.0; http://www.uptimerobot.com/)"
34.206.38.217 - - [05/Dec/2021:05:04:57 +0000] "GET /feed HTTP/1.1" 200 56281 "-" "Automate.io BOT"
185.191.171.14 - - [05/Dec/2021:05:06:24 +0000] "GET /10gin_cds1?redirect_to=https%3A%2F%2Fja.tak-cslab.org%2Farchives%2F797 HTTP/1.1" 200 4549 "-" "Mozilla/5.0 (compatible; SemrushBot/7~bl; +http://www.semrush.com/bot.html)"
216.245.221.83 - - [05/Dec/2021:05:09:26 +0000] "HEAD / HTTP/1.1" 301 0 "http://ja.tak-cslab.org/" "Mozilla/5.0+(compatible; UptimeRobot/2.0; http://www.uptimerobot.com/)"
216.245.221.83 - - [05/Dec/2021:05:09:26 +0000] "HEAD / HTTP/1.1" 200 0 "http://ja.tak-cslab.org/" "Mozilla/5.0+(compatible; UptimeRobot/2.0; http://www.uptimerobot.com/)"
34.206.38.217 - - [05/Dec/2021:05:09:57 +0000] "GET /feed HTTP/1.1" 200 56281 "-" "Automate.io BOT"
18.212.245.58 - - [05/Dec/2021:05:13:41 +0000] "HEAD /feed HTTP/2.0" 200 0 "-" "Slackbot 1.0 (+https://api.slack.com/robots)"
18.206.48.57 - - [05/Dec/2021:05:13:42 +0000] "GET /feed HTTP/1.1" 200 56281 "-" "Slackbot 1.0 (+https://api.slack.com/robots)"
3.236.24.178 - - [05/Dec/2021:05:13:43 +0000] "GET / HTTP/1.1" 200 6249 "-" "Slackbot 1.0 (+https://api.slack.com/robots)"
216.245.221.83 - - [05/Dec/2021:05:14:26 +0000] "HEAD / HTTP/1.1" 301 0 "http://ja.tak-cslab.org/" "Mozilla/5.0+(compatible; UptimeRobot/2.0; http://www.uptimerobot.com/)"
216.245.221.83 - - [05/Dec/2021:05:14:26 +0000] "HEAD / HTTP/1.1" 200 0 "http://ja.tak-cslab.org/" "Mozilla/5.0+(compatible; UptimeRobot/2.0; http://www.uptimerobot.com/)"
34.206.38.217 - - [05/Dec/2021:05:14:57 +0000] "GET /feed HTTP/1.1" 200 56281 "-" "Automate.io BOT"
216.245.221.83 - - [05/Dec/2021:05:19:26 +0000] "HEAD / HTTP/1.1" 301 0 "http://ja.tak-cslab.org/" "Mozilla/5.0+(compatible; UptimeRobot/2.0; http://www.uptimerobot.com/)"
163.215.6.1 - - [05/Dec/2021:05:19:26 +0000] "POST /wp-cron.php?doing_wp_cron=1638681566.6584000587463378906250 HTTP/1.1" 200 31 "https://ja.tak-cslab.org/wp-cron.php?doing_wp_cron=1638681566.6584000587463378906250" "WordPress/5.8.2; https://ja.tak-cslab.org"
216.245.221.83 - - [05/Dec/2021:05:19:26 +0000] "HEAD / HTTP/1.1" 200 0 "http://ja.tak-cslab.org/" "Mozilla/5.0+(compatible; UptimeRobot/2.0; http://www.uptimerobot.com/)"
34.206.38.217 - - [05/Dec/2021:05:19:57 +0000] "GET /feed HTTP/1.1" 200 56281 "-" "Automate.io BOT"
216.245.221.83 - - [05/Dec/2021:05:24:26 +0000] "HEAD / HTTP/1.1" 301 0 "http://ja.tak-cslab.org/" "Mozilla/5.0+(compatible; UptimeRobot/2.0; http://www.uptimerobot.com/)"
216.245.221.83 - - [05/Dec/2021:05:24:26 +0000] "HEAD / HTTP/1.1" 200 0 "http://ja.tak-cslab.org/" "Mozilla/5.0+(compatible; UptimeRobot/2.0; http://www.uptimerobot.com/)"
34.206.38.217 - - [05/Dec/2021:05:24:57 +0000] "GET /feed HTTP/1.1" 200 56274 "-" "Automate.io BOT"
54.95.137.45 - - [05/Dec/2021:05:26:40 +0000] "GET /favicon.ico HTTP/1.1" 302 5 "-" "Slack-ImgProxy (+https://api.slack.com/robots)"
13.230.41.244 - - [05/Dec/2021:05:26:40 +0000] "GET /wp-includes/images/w-logo-blue-white-bg.png HTTP/1.1" 200 4119 "-" "Slack-ImgProxy (+https://api.slack.com/robots)"
216.245.221.83 - - [05/Dec/2021:05:29:26 +0000] "HEAD / HTTP/1.1" 301 0 "http://ja.tak-cslab.org/" "Mozilla/5.0+(compatible; UptimeRobot/2.0; http://www.uptimerobot.com/)"
216.245.221.83 - - [05/Dec/2021:05:29:26 +0000] "HEAD / HTTP/1.1" 200 0 "http://ja.tak-cslab.org/" "Mozilla/5.0+(compatible; UptimeRobot/2.0; http://www.uptimerobot.com/)"
34.206.38.217 - - [05/Dec/2021:05:29:57 +0000] "GET /feed HTTP/1.1" 200 56281 "-" "Automate.io BOT"
3.86.57.122 - - [05/Dec/2021:05:33:40 +0000] "HEAD /feed HTTP/2.0" 200 0 "-" "Slackbot 1.0 (+https://api.slack.com/robots)"
54.196.69.144 - - [05/Dec/2021:05:33:41 +0000] "GET /feed HTTP/1.1" 200 56281 "-" "Slackbot 1.0 (+https://api.slack.com/robots)"
35.172.133.154 - - [05/Dec/2021:05:33:43 +0000] "GET / HTTP/1.1" 200 6242 "-" "Slackbot 1.0 (+https://api.slack.com/robots)"
216.245.221.83 - - [05/Dec/2021:05:34:26 +0000] "HEAD / HTTP/1.1" 301 0 "http://ja.tak-cslab.org/" "Mozilla/5.0+(compatible; UptimeRobot/2.0; http://www.uptimerobot.com/)"
216.245.221.83 - - [05/Dec/2021:05:34:26 +0000] "HEAD / HTTP/1.1" 200 0 "http://ja.tak-cslab.org/" "Mozilla/5.0+(compatible; UptimeRobot/2.0; http://www.uptimerobot.com/)"
34.206.38.217 - - [05/Dec/2021:05:34:58 +0000] "GET /feed HTTP/1.1" 200 56281 "-" "Automate.io BOT"
216.245.221.83 - - [05/Dec/2021:05:39:26 +0000] "HEAD / HTTP/1.1" 301 0 "http://ja.tak-cslab.org/" "Mozilla/5.0+(compatible; UptimeRobot/2.0; http://www.uptimerobot.com/)"
216.245.221.83 - - [05/Dec/2021:05:39:26 +0000] "HEAD / HTTP/1.1" 200 0 "http://ja.tak-cslab.org/" "Mozilla/5.0+(compatible; UptimeRobot/2.0; http://www.uptimerobot.com/)"
66.249.66.9 - - [05/Dec/2021:05:44:14 +0000] "GET /archives/394 HTTP/1.1" 200 10720 "-" "Mozilla/5.0 (Linux; Android 6.0.1; Nexus 5X Build/MMB29P) AppleWebKit/537.36 (KHTML, like Gecko) Chrome/96.0.4664.45 Mobile Safari/537.36 (compatible; Googlebot/2.1; +http://www.google.com/bot.html)"
216.245.221.83 - - [05/Dec/2021:05:44:26 +0000] "HEAD / HTTP/1.1" 301 0 "http://ja.tak-cslab.org/" "Mozilla/5.0+(compatible; UptimeRobot/2.0; http://www.uptimerobot.com/)"
216.245.221.83 - - [05/Dec/2021:05:44:26 +0000] "HEAD / HTTP/1.1" 200 0 "http://ja.tak-cslab.org/" "Mozilla/5.0+(compatible; UptimeRobot/2.0; http://www.uptimerobot.com/)"
34.206.38.217 - - [05/Dec/2021:05:44:57 +0000] "GET /feed HTTP/1.1" 200 56281 "-" "Automate.io BOT"
147.192.50.191 - - [05/Dec/2021:05:49:24 +0000] "GET /wp-content/uploads/2021/01/%E3%83%92%E3%83%89%E3%83%A9.jpeg HTTP/2.0" 200 12823 "https://www.google.com/" "Mozilla/5.0 (Windows NT 10.0; Win64; x64) AppleWebKit/537.36 (KHTML, like Gecko) Chrome/96.0.4664.45 Safari/537.36"
216.245.221.83 - - [05/Dec/2021:05:49:26 +0000] "HEAD / HTTP/1.1" 301 0 "http://ja.tak-cslab.org/" "Mozilla/5.0+(compatible; UptimeRobot/2.0; http://www.uptimerobot.com/)"
216.245.221.83 - - [05/Dec/2021:05:49:26 +0000] "HEAD / HTTP/1.1" 200 0 "http://ja.tak-cslab.org/" "Mozilla/5.0+(compatible; UptimeRobot/2.0; http://www.uptimerobot.com/)"
34.206.38.217 - - [05/Dec/2021:05:49:57 +0000] "GET /feed HTTP/1.1" 200 56274 "-" "Automate.io BOT"
44.192.31.255 - - [05/Dec/2021:05:53:44 +0000] "HEAD /feed HTTP/2.0" 200 0 "-" "Slackbot 1.0 (+https://api.slack.com/robots)"
3.231.21.94 - - [05/Dec/2021:05:53:45 +0000] "GET /feed HTTP/1.1" 200 56281 "-" "Slackbot 1.0 (+https://api.slack.com/robots)"
34.231.180.52 - - [05/Dec/2021:05:53:46 +0000] "GET / HTTP/1.1" 200 6241 "-" "Slackbot 1.0 (+https://api.slack.com/robots)"
216.245.221.83 - - [05/Dec/2021:05:54:26 +0000] "HEAD / HTTP/1.1" 301 0 "http://ja.tak-cslab.org/" "Mozilla/5.0+(compatible; UptimeRobot/2.0; http://www.uptimerobot.com/)"
216.245.221.83 - - [05/Dec/2021:05:54:26 +0000] "HEAD / HTTP/1.1" 200 0 "http://ja.tak-cslab.org/" "Mozilla/5.0+(compatible; UptimeRobot/2.0; http://www.uptimerobot.com/)"
34.206.38.217 - - [05/Dec/2021:05:54:57 +0000] "GET /feed HTTP/1.1" 200 56274 "-" "Automate.io BOT"
216.245.221.83 - - [05/Dec/2021:05:59:26 +0000] "HEAD / HTTP/1.1" 301 0 "http://ja.tak-cslab.org/" "Mozilla/5.0+(compatible; UptimeRobot/2.0; http://www.uptimerobot.com/)"
216.245.221.83 - - [05/Dec/2021:05:59:26 +0000] "HEAD / HTTP/1.1" 200 0 "http://ja.tak-cslab.org/" "Mozilla/5.0+(compatible; UptimeRobot/2.0; http://www.uptimerobot.com/)"
34.206.38.217 - - [05/Dec/2021:05:59:58 +0000] "GET /feed HTTP/1.1" 200 56281 "-" "Automate.io BOT"
35.245.188.175 - - [05/Dec/2021:06:00:43 +0000] "GET / HTTP/1.1" 301 162 "-" "Mozilla/5.0 (Windows NT 6.1; WOW64; Trident/7.0; rv:11.0) like Gecko"
163.215.6.1 - - [05/Dec/2021:06:00:43 +0000] "POST /wp-cron.php?doing_wp_cron=1638684043.6709129810333251953125 HTTP/1.1" 200 31 "https://ja.tak-cslab.org/wp-cron.php?doing_wp_cron=1638684043.6709129810333251953125" "WordPress/5.8.2; https://ja.tak-cslab.org"
35.245.188.175 - - [05/Dec/2021:06:00:43 +0000] "GET / HTTP/1.1" 200 22037 "-" "Mozilla/5.0 (Windows NT 6.1; WOW64; Trident/7.0; rv:11.0) like Gecko"
216.245.221.83 - - [05/Dec/2021:06:04:26 +0000] "HEAD / HTTP/1.1" 301 0 "http://ja.tak-cslab.org/" "Mozilla/5.0+(compatible; UptimeRobot/2.0; http://www.uptimerobot.com/)"
216.245.221.83 - - [05/Dec/2021:06:04:26 +0000] "HEAD / HTTP/1.1" 200 0 "http://ja.tak-cslab.org/" "Mozilla/5.0+(compatible; UptimeRobot/2.0; http://www.uptimerobot.com/)"
34.206.38.217 - - [05/Dec/2021:06:04:58 +0000] "GET /feed HTTP/1.1" 200 56281 "-" "Automate.io BOT"
216.245.221.83 - - [05/Dec/2021:06:09:26 +0000] "HEAD / HTTP/1.1" 301 0 "http://ja.tak-cslab.org/" "Mozilla/5.0+(compatible; UptimeRobot/2.0; http://www.uptimerobot.com/)"
216.245.221.83 - - [05/Dec/2021:06:09:26 +0000] "HEAD / HTTP/1.1" 200 0 "http://ja.tak-cslab.org/" "Mozilla/5.0+(compatible; UptimeRobot/2.0; http://www.uptimerobot.com/)"
185.191.171.2 - - [05/Dec/2021:06:12:30 +0000] "GET /robots.txt HTTP/1.1" 200 123 "-" "Mozilla/5.0 (compatible; SemrushBot/7~bl; +http://www.semrush.com/bot.html)"
185.191.171.19 - - [05/Dec/2021:06:12:31 +0000] "GET /archives/460 HTTP/1.1" 200 9351 "-" "Mozilla/5.0 (compatible; SemrushBot/7~bl; +http://www.semrush.com/bot.html)"
54.86.100.24 - - [05/Dec/2021:06:13:41 +0000] "HEAD /feed HTTP/2.0" 200 0 "-" "Slackbot 1.0 (+https://api.slack.com/robots)"
3.236.226.100 - - [05/Dec/2021:06:13:42 +0000] "GET /feed HTTP/1.1" 200 56281 "-" "Slackbot 1.0 (+https://api.slack.com/robots)"
54.82.110.180 - - [05/Dec/2021:06:13:43 +0000] "GET / HTTP/1.1" 200 6241 "-" "Slackbot 1.0 (+https://api.slack.com/robots)"
216.245.221.83 - - [05/Dec/2021:06:14:26 +0000] "HEAD / HTTP/1.1" 301 0 "http://ja.tak-cslab.org/" "Mozilla/5.0+(compatible; UptimeRobot/2.0; http://www.uptimerobot.com/)"
216.245.221.83 - - [05/Dec/2021:06:14:26 +0000] "HEAD / HTTP/1.1" 200 0 "http://ja.tak-cslab.org/" "Mozilla/5.0+(compatible; UptimeRobot/2.0; http://www.uptimerobot.com/)"
34.206.38.217 - - [05/Dec/2021:06:14:57 +0000] "GET /feed HTTP/1.1" 200 56281 "-" "Automate.io BOT"
216.245.221.83 - - [05/Dec/2021:06:19:26 +0000] "HEAD / HTTP/1.1" 301 0 "http://ja.tak-cslab.org/" "Mozilla/5.0+(compatible; UptimeRobot/2.0; http://www.uptimerobot.com/)"
163.215.6.1 - - [05/Dec/2021:06:19:26 +0000] "POST /wp-cron.php?doing_wp_cron=1638685166.6512680053710937500000 HTTP/1.1" 200 31 "https://ja.tak-cslab.org/wp-cron.php?doing_wp_cron=1638685166.6512680053710937500000" "WordPress/5.8.2; https://ja.tak-cslab.org"
216.245.221.83 - - [05/Dec/2021:06:19:26 +0000] "HEAD / HTTP/1.1" 200 0 "http://ja.tak-cslab.org/" "Mozilla/5.0+(compatible; UptimeRobot/2.0; http://www.uptimerobot.com/)"
34.206.38.217 - - [05/Dec/2021:06:19:57 +0000] "GET /feed HTTP/1.1" 200 56281 "-" "Automate.io BOT"
216.245.221.83 - - [05/Dec/2021:06:24:26 +0000] "HEAD / HTTP/1.1" 301 0 "http://ja.tak-cslab.org/" "Mozilla/5.0+(compatible; UptimeRobot/2.0; http://www.uptimerobot.com/)"
216.245.221.83 - - [05/Dec/2021:06:24:26 +0000] "HEAD / HTTP/1.1" 200 0 "http://ja.tak-cslab.org/" "Mozilla/5.0+(compatible; UptimeRobot/2.0; http://www.uptimerobot.com/)"
34.206.38.217 - - [05/Dec/2021:06:24:57 +0000] "GET /feed HTTP/1.1" 200 56281 "-" "Automate.io BOT"
66.249.66.5 - - [05/Dec/2021:06:26:49 +0000] "GET /comments/feed HTTP/1.1" 200 815 "-" "Mozilla/5.0 (Linux; Android 6.0.1; Nexus 5X Build/MMB29P) AppleWebKit/537.36 (KHTML, like Gecko) Chrome/96.0.4664.45 Mobile Safari/537.36 (compatible; Googlebot/2.1; +http://www.google.com/bot.html)"
66.249.66.87 - - [05/Dec/2021:06:29:14 +0000] "GET /archives/394 HTTP/1.1" 200 10720 "-" "Mozilla/5.0 (compatible; Googlebot/2.1; +http://www.google.com/bot.html)"
216.245.221.83 - - [05/Dec/2021:06:29:26 +0000] "HEAD / HTTP/1.1" 301 0 "http://ja.tak-cslab.org/" "Mozilla/5.0+(compatible; UptimeRobot/2.0; http://www.uptimerobot.com/)"
216.245.221.83 - - [05/Dec/2021:06:29:26 +0000] "HEAD / HTTP/1.1" 200 0 "http://ja.tak-cslab.org/" "Mozilla/5.0+(compatible; UptimeRobot/2.0; http://www.uptimerobot.com/)"
34.206.38.217 - - [05/Dec/2021:06:29:58 +0000] "GET /feed HTTP/1.1" 200 56281 "-" "Automate.io BOT"
18.232.56.227 - - [05/Dec/2021:06:33:42 +0000] "HEAD /feed HTTP/2.0" 200 0 "-" "Slackbot 1.0 (+https://api.slack.com/robots)"
3.95.211.45 - - [05/Dec/2021:06:33:42 +0000] "GET /feed HTTP/1.1" 200 56274 "-" "Slackbot 1.0 (+https://api.slack.com/robots)"
44.197.239.240 - - [05/Dec/2021:06:33:44 +0000] "GET / HTTP/1.1" 200 6249 "-" "Slackbot 1.0 (+https://api.slack.com/robots)"
216.245.221.83 - - [05/Dec/2021:06:34:26 +0000] "HEAD / HTTP/1.1" 301 0 "http://ja.tak-cslab.org/" "Mozilla/5.0+(compatible; UptimeRobot/2.0; http://www.uptimerobot.com/)"
216.245.221.83 - - [05/Dec/2021:06:34:26 +0000] "HEAD / HTTP/1.1" 200 0 "http://ja.tak-cslab.org/" "Mozilla/5.0+(compatible; UptimeRobot/2.0; http://www.uptimerobot.com/)"
207.46.13.85 - - [05/Dec/2021:06:39:20 +0000] "GET /wp-content/uploads/2021/04/CDSL-System-Architecture6.png HTTP/2.0" 200 70835 "-" "Mozilla/5.0 (compatible; bingbot/2.0; +http://www.bing.com/bingbot.htm)"
216.245.221.83 - - [05/Dec/2021:06:39:26 +0000] "HEAD / HTTP/1.1" 301 0 "http://ja.tak-cslab.org/" "Mozilla/5.0+(compatible; UptimeRobot/2.0; http://www.uptimerobot.com/)"
216.245.221.83 - - [05/Dec/2021:06:39:26 +0000] "HEAD / HTTP/1.1" 200 0 "http://ja.tak-cslab.org/" "Mozilla/5.0+(compatible; UptimeRobot/2.0; http://www.uptimerobot.com/)"
216.245.221.83 - - [05/Dec/2021:06:44:26 +0000] "HEAD / HTTP/1.1" 301 0 "http://ja.tak-cslab.org/" "Mozilla/5.0+(compatible; UptimeRobot/2.0; http://www.uptimerobot.com/)"
216.245.221.83 - - [05/Dec/2021:06:44:26 +0000] "HEAD / HTTP/1.1" 200 0 "http://ja.tak-cslab.org/" "Mozilla/5.0+(compatible; UptimeRobot/2.0; http://www.uptimerobot.com/)"
34.206.38.217 - - [05/Dec/2021:06:44:57 +0000] "GET /feed HTTP/1.1" 200 56281 "-" "Automate.io BOT"
216.245.221.83 - - [05/Dec/2021:06:49:26 +0000] "HEAD / HTTP/1.1" 301 0 "http://ja.tak-cslab.org/" "Mozilla/5.0+(compatible; UptimeRobot/2.0; http://www.uptimerobot.com/)"
216.245.221.83 - - [05/Dec/2021:06:49:26 +0000] "HEAD / HTTP/1.1" 200 0 "http://ja.tak-cslab.org/" "Mozilla/5.0+(compatible; UptimeRobot/2.0; http://www.uptimerobot.com/)"
34.206.38.217 - - [05/Dec/2021:06:49:57 +0000] "GET /feed HTTP/1.1" 200 56281 "-" "Automate.io BOT"
66.249.66.85 - - [05/Dec/2021:06:51:32 +0000] "GET /wp-includes/js/underscore.min.js?ver=1.13.1 HTTP/1.1" 200 8122 "https://ja.tak-cslab.org/10gin_cds1?redirect_to=https%3A%2F%2Fja.tak-cslab.org%2Farchives%2F716" "Mozilla/5.0 (Linux; Android 6.0.1; Nexus 5X Build/MMB29P) AppleWebKit/537.36 (KHTML, like Gecko) Chrome/96.0.4664.45 Mobile Safari/537.36 (compatible; Googlebot/2.1; +http://www.google.com/bot.html)"
66.249.66.86 - - [05/Dec/2021:06:51:33 +0000] "GET /wp-includes/js/jquery/jquery.min.js?ver=3.6.0 HTTP/1.1" 200 36073 "https://ja.tak-cslab.org/10gin_cds1?redirect_to=https%3A%2F%2Fja.tak-cslab.org%2Farchives%2F716" "Mozilla/5.0 (Linux; Android 6.0.1; Nexus 5X Build/MMB29P) AppleWebKit/537.36 (KHTML, like Gecko) Chrome/96.0.4664.45 Mobile Safari/537.36 (compatible; Googlebot/2.1; +http://www.google.com/bot.html)"
66.249.66.195 - - [05/Dec/2021:06:51:33 +0000] "GET /wp-includes/css/buttons.min.css?ver=5.8.2 HTTP/1.1" 200 1660 "https://ja.tak-cslab.org/10gin_cds1?redirect_to=https%3A%2F%2Fja.tak-cslab.org%2Farchives%2F716" "Mozilla/5.0 (Linux; Android 6.0.1; Nexus 5X Build/MMB29P) AppleWebKit/537.36 (KHTML, like Gecko) Chrome/96.0.4664.45 Mobile Safari/537.36 (compatible; Googlebot/2.1; +http://www.google.com/bot.html)"
66.249.66.86 - - [05/Dec/2021:06:51:34 +0000] "GET /wp-includes/css/dashicons.min.css?ver=5.8.2 HTTP/1.1" 200 36730 "https://ja.tak-cslab.org/10gin_cds1?redirect_to=https%3A%2F%2Fja.tak-cslab.org%2Farchives%2F716" "Mozilla/5.0 (Linux; Android 6.0.1; Nexus 5X Build/MMB29P) AppleWebKit/537.36 (KHTML, like Gecko) Chrome/96.0.4664.45 Mobile Safari/537.36 (compatible; Googlebot/2.1; +http://www.google.com/bot.html)"
66.249.66.195 - - [05/Dec/2021:06:51:34 +0000] "GET /wp-includes/js/dist/vendor/regenerator-runtime.min.js?ver=0.13.7 HTTP/1.1" 200 2611 "https://ja.tak-cslab.org/10gin_cds1?redirect_to=https%3A%2F%2Fja.tak-cslab.org%2Farchives%2F716" "Mozilla/5.0 (Linux; Android 6.0.1; Nexus 5X Build/MMB29P) AppleWebKit/537.36 (KHTML, like Gecko) Chrome/96.0.4664.45 Mobile Safari/537.36 (compatible; Googlebot/2.1; +http://www.google.com/bot.html)"
54.160.239.84 - - [05/Dec/2021:06:53:45 +0000] "HEAD /feed HTTP/2.0" 200 0 "-" "Slackbot 1.0 (+https://api.slack.com/robots)"
3.238.237.171 - - [05/Dec/2021:06:53:45 +0000] "GET /feed HTTP/1.1" 200 56281 "-" "Slackbot 1.0 (+https://api.slack.com/robots)"
3.94.29.51 - - [05/Dec/2021:06:53:46 +0000] "GET / HTTP/1.1" 200 6249 "-" "Slackbot 1.0 (+https://api.slack.com/robots)"
216.245.221.83 - - [05/Dec/2021:06:54:26 +0000] "HEAD / HTTP/1.1" 301 0 "http://ja.tak-cslab.org/" "Mozilla/5.0+(compatible; UptimeRobot/2.0; http://www.uptimerobot.com/)"
216.245.221.83 - - [05/Dec/2021:06:54:26 +0000] "HEAD / HTTP/1.1" 200 0 "http://ja.tak-cslab.org/" "Mozilla/5.0+(compatible; UptimeRobot/2.0; http://www.uptimerobot.com/)"
34.206.38.217 - - [05/Dec/2021:06:54:57 +0000] "GET /feed HTTP/1.1" 200 56281 "-" "Automate.io BOT"
216.245.221.83 - - [05/Dec/2021:06:59:26 +0000] "HEAD / HTTP/1.1" 301 0 "http://ja.tak-cslab.org/" "Mozilla/5.0+(compatible; UptimeRobot/2.0; http://www.uptimerobot.com/)"
216.245.221.83 - - [05/Dec/2021:06:59:26 +0000] "HEAD / HTTP/1.1" 200 0 "http://ja.tak-cslab.org/" "Mozilla/5.0+(compatible; UptimeRobot/2.0; http://www.uptimerobot.com/)"
34.206.38.217 - - [05/Dec/2021:06:59:57 +0000] "GET /feed HTTP/1.1" 200 56274 "-" "Automate.io BOT"
163.215.6.1 - - [05/Dec/2021:07:01:42 +0000] "POST /wp-cron.php?doing_wp_cron=1638687702.4129769802093505859375 HTTP/1.1" 200 31 "https://ja.tak-cslab.org/wp-cron.php?doing_wp_cron=1638687702.4129769802093505859375" "WordPress/5.8.2; https://ja.tak-cslab.org"
126.78.153.69 - - [05/Dec/2021:07:01:42 +0000] "GET / HTTP/2.0" 200 6222 "-" "Mozilla/5.0 (Macintosh; Intel Mac OS X 10_15_7) AppleWebKit/537.36 (KHTML, like Gecko) Chrome/96.0.4664.55 Safari/537.36"
126.78.153.69 - - [05/Dec/2021:07:01:42 +0000] "GET /wp-includes/js/wp-embed.min.js?ver=5.8.2 HTTP/2.0" 304 0 "https://ja.tak-cslab.org/" "Mozilla/5.0 (Macintosh; Intel Mac OS X 10_15_7) AppleWebKit/537.36 (KHTML, like Gecko) Chrome/96.0.4664.55 Safari/537.36"
126.78.153.69 - - [05/Dec/2021:07:01:42 +0000] "GET /wp-includes/js/wp-emoji-release.min.js?ver=5.8.2 HTTP/2.0" 304 0 "https://ja.tak-cslab.org/" "Mozilla/5.0 (Macintosh; Intel Mac OS X 10_15_7) AppleWebKit/537.36 (KHTML, like Gecko) Chrome/96.0.4664.55 Safari/537.36"
126.78.153.69 - - [05/Dec/2021:07:01:42 +0000] "GET /wp-content/uploads/2020/01/books-e1585573975658.png HTTP/2.0" 200 549531 "https://ja.tak-cslab.org/" "Mozilla/5.0 (Macintosh; Intel Mac OS X 10_15_7) AppleWebKit/537.36 (KHTML, like Gecko) Chrome/96.0.4664.55 Safari/537.36"
126.78.153.69 - - [05/Dec/2021:07:01:44 +0000] "GET /tech-report HTTP/2.0" 200 12840 "https://ja.tak-cslab.org/" "Mozilla/5.0 (Macintosh; Intel Mac OS X 10_15_7) AppleWebKit/537.36 (KHTML, like Gecko) Chrome/96.0.4664.55 Safari/537.36"
216.245.221.83 - - [05/Dec/2021:07:04:26 +0000] "HEAD / HTTP/1.1" 301 0 "http://ja.tak-cslab.org/" "Mozilla/5.0+(compatible; UptimeRobot/2.0; http://www.uptimerobot.com/)"
216.245.221.83 - - [05/Dec/2021:07:04:26 +0000] "HEAD / HTTP/1.1" 200 0 "http://ja.tak-cslab.org/" "Mozilla/5.0+(compatible; UptimeRobot/2.0; http://www.uptimerobot.com/)"
216.245.221.83 - - [05/Dec/2021:07:09:26 +0000] "HEAD / HTTP/1.1" 301 0 "http://ja.tak-cslab.org/" "Mozilla/5.0+(compatible; UptimeRobot/2.0; http://www.uptimerobot.com/)"
216.245.221.83 - - [05/Dec/2021:07:09:26 +0000] "HEAD / HTTP/1.1" 200 0 "http://ja.tak-cslab.org/" "Mozilla/5.0+(compatible; UptimeRobot/2.0; http://www.uptimerobot.com/)"
114.119.150.210 - - [05/Dec/2021:07:10:49 +0000] "GET /about HTTP/1.1" 200 5375 "-" "Mozilla/5.0 (Linux; Android 7.0;) AppleWebKit/537.36 (KHTML, like Gecko) Mobile Safari/537.36 (compatible; PetalBot;+https://webmaster.petalsearch.com/site/petalbot)"
114.119.135.83 - - [05/Dec/2021:07:13:27 +0000] "GET /archives/721 HTTP/1.1" 200 6738 "-" "Mozilla/5.0 (Linux; Android 7.0;) AppleWebKit/537.36 (KHTML, like Gecko) Mobile Safari/537.36 (compatible; PetalBot;+https://webmaster.petalsearch.com/site/petalbot)"
34.238.193.181 - - [05/Dec/2021:07:13:44 +0000] "HEAD /feed HTTP/2.0" 200 0 "-" "Slackbot 1.0 (+https://api.slack.com/robots)"
75.101.218.254 - - [05/Dec/2021:07:13:44 +0000] "GET /feed HTTP/1.1" 200 56281 "-" "Slackbot 1.0 (+https://api.slack.com/robots)"
54.236.187.78 - - [05/Dec/2021:07:13:45 +0000] "GET / HTTP/1.1" 200 6241 "-" "Slackbot 1.0 (+https://api.slack.com/robots)"
216.245.221.83 - - [05/Dec/2021:07:14:26 +0000] "HEAD / HTTP/1.1" 301 0 "http://ja.tak-cslab.org/" "Mozilla/5.0+(compatible; UptimeRobot/2.0; http://www.uptimerobot.com/)"
216.245.221.83 - - [05/Dec/2021:07:14:26 +0000] "HEAD / HTTP/1.1" 200 0 "http://ja.tak-cslab.org/" "Mozilla/5.0+(compatible; UptimeRobot/2.0; http://www.uptimerobot.com/)"
216.245.221.83 - - [05/Dec/2021:07:19:26 +0000] "HEAD / HTTP/1.1" 301 0 "http://ja.tak-cslab.org/" "Mozilla/5.0+(compatible; UptimeRobot/2.0; http://www.uptimerobot.com/)"
163.215.6.1 - - [05/Dec/2021:07:19:26 +0000] "POST /wp-cron.php?doing_wp_cron=1638688766.6593129634857177734375 HTTP/1.1" 200 31 "https://ja.tak-cslab.org/wp-cron.php?doing_wp_cron=1638688766.6593129634857177734375" "WordPress/5.8.2; https://ja.tak-cslab.org"
216.245.221.83 - - [05/Dec/2021:07:19:26 +0000] "HEAD / HTTP/1.1" 200 0 "http://ja.tak-cslab.org/" "Mozilla/5.0+(compatible; UptimeRobot/2.0; http://www.uptimerobot.com/)"
34.206.38.217 - - [05/Dec/2021:07:19:58 +0000] "GET /feed HTTP/1.1" 200 56281 "-" "Automate.io BOT"
185.73.95.176 - - [05/Dec/2021:07:20:16 +0000] "GET /wp-content/uploads/2021/01/%E3%83%92%E3%83%89%E3%83%A9.jpeg HTTP/2.0" 200 12823 "https://www.google.com/" "Mozilla/5.0 (X11; Linux x86_64) AppleWebKit/537.36 (KHTML, like Gecko) Chrome/95.0.4638.54 Safari/537.36"
185.73.95.176 - - [05/Dec/2021:07:20:17 +0000] "GET /archives/896 HTTP/2.0" 200 10367 "https://www.google.com/" "Mozilla/5.0 (X11; Linux x86_64) AppleWebKit/537.36 (KHTML, like Gecko) Chrome/95.0.4638.54 Safari/537.36"
185.73.95.176 - - [05/Dec/2021:07:20:18 +0000] "GET /wp-content/themes/cdsl/style.css?ver=1.3.1 HTTP/2.0" 200 272 "https://ja.tak-cslab.org/archives/896" "Mozilla/5.0 (X11; Linux x86_64) AppleWebKit/537.36 (KHTML, like Gecko) Chrome/95.0.4638.54 Safari/537.36"
185.73.95.176 - - [05/Dec/2021:07:20:18 +0000] "GET /wp-content/themes/scaffold/assets/js/navigation.js?ver=1.3.1 HTTP/2.0" 200 1266 "https://ja.tak-cslab.org/archives/896" "Mozilla/5.0 (X11; Linux x86_64) AppleWebKit/537.36 (KHTML, like Gecko) Chrome/95.0.4638.54 Safari/537.36"
185.73.95.176 - - [05/Dec/2021:07:20:18 +0000] "GET /wp-includes/js/comment-reply.min.js?ver=5.8.2 HTTP/2.0" 200 1390 "https://ja.tak-cslab.org/archives/896" "Mozilla/5.0 (X11; Linux x86_64) AppleWebKit/537.36 (KHTML, like Gecko) Chrome/95.0.4638.54 Safari/537.36"
185.73.95.176 - - [05/Dec/2021:07:20:18 +0000] "GET /wp-includes/js/wp-embed.min.js?ver=5.8.2 HTTP/2.0" 200 779 "https://ja.tak-cslab.org/archives/896" "Mozilla/5.0 (X11; Linux x86_64) AppleWebKit/537.36 (KHTML, like Gecko) Chrome/95.0.4638.54 Safari/537.36"
185.73.95.176 - - [05/Dec/2021:07:20:18 +0000] "GET /wp-content/themes/scaffold/style.css?ver=5.8.2 HTTP/2.0" 200 5846 "https://ja.tak-cslab.org/archives/896" "Mozilla/5.0 (X11; Linux x86_64) AppleWebKit/537.36 (KHTML, like Gecko) Chrome/95.0.4638.54 Safari/537.36"
185.73.95.176 - - [05/Dec/2021:07:20:18 +0000] "GET /wp-includes/css/dist/block-library/style.min.css?ver=5.8.2 HTTP/2.0" 200 13704 "https://ja.tak-cslab.org/archives/896" "Mozilla/5.0 (X11; Linux x86_64) AppleWebKit/537.36 (KHTML, like Gecko) Chrome/95.0.4638.54 Safari/537.36"
185.73.95.176 - - [05/Dec/2021:07:20:18 +0000] "GET /wp-includes/js/wp-emoji-release.min.js?ver=5.8.2 HTTP/2.0" 200 5714 "https://ja.tak-cslab.org/archives/896" "Mozilla/5.0 (X11; Linux x86_64) AppleWebKit/537.36 (KHTML, like Gecko) Chrome/95.0.4638.54 Safari/537.36"
185.73.95.176 - - [05/Dec/2021:07:20:18 +0000] "GET /wp-content/uploads/2021/01/%E3%83%92%E3%83%89%E3%83%A9.jpeg HTTP/2.0" 200 12823 "https://ja.tak-cslab.org/archives/896" "Mozilla/5.0 (X11; Linux x86_64) AppleWebKit/537.36 (KHTML, like Gecko) Chrome/95.0.4638.54 Safari/537.36"
185.73.95.176 - - [05/Dec/2021:07:20:18 +0000] "GET /favicon.ico HTTP/2.0" 302 0 "https://ja.tak-cslab.org/archives/896" "Mozilla/5.0 (X11; Linux x86_64) AppleWebKit/537.36 (KHTML, like Gecko) Chrome/95.0.4638.54 Safari/537.36"
185.73.95.176 - - [05/Dec/2021:07:20:18 +0000] "GET /wp-includes/images/w-logo-blue-white-bg.png HTTP/2.0" 200 4119 "https://ja.tak-cslab.org/archives/896" "Mozilla/5.0 (X11; Linux x86_64) AppleWebKit/537.36 (KHTML, like Gecko) Chrome/95.0.4638.54 Safari/537.36"
185.73.95.176 - - [05/Dec/2021:07:20:19 +0000] "GET /wp-content/uploads/2021/02/%E3%83%92%E3%83%89%E3%83%A9%EF%BC%91.png HTTP/2.0" 200 27267 "https://ja.tak-cslab.org/archives/896" "Mozilla/5.0 (X11; Linux x86_64) AppleWebKit/537.36 (KHTML, like Gecko) Chrome/95.0.4638.54 Safari/537.36"
185.73.95.176 - - [05/Dec/2021:07:20:20 +0000] "GET /wp-content/uploads/2021/02/%E3%83%92%E3%83%89%E3%83%A9%EF%BC%92.png HTTP/2.0" 200 31701 "https://ja.tak-cslab.org/archives/896" "Mozilla/5.0 (X11; Linux x86_64) AppleWebKit/537.36 (KHTML, like Gecko) Chrome/95.0.4638.54 Safari/537.36"
216.245.221.83 - - [05/Dec/2021:07:24:26 +0000] "HEAD / HTTP/1.1" 301 0 "http://ja.tak-cslab.org/" "Mozilla/5.0+(compatible; UptimeRobot/2.0; http://www.uptimerobot.com/)"
216.245.221.83 - - [05/Dec/2021:07:24:26 +0000] "HEAD / HTTP/1.1" 200 0 "http://ja.tak-cslab.org/" "Mozilla/5.0+(compatible; UptimeRobot/2.0; http://www.uptimerobot.com/)"
34.206.38.217 - - [05/Dec/2021:07:24:59 +0000] "GET /feed HTTP/1.1" 200 56281 "-" "Automate.io BOT"
207.46.13.85 - - [05/Dec/2021:07:27:45 +0000] "GET /wp-content/uploads/2020/12/79c88101a9c403279aeedc67586221c07ebaed06-768x387.png HTTP/2.0" 200 115007 "-" "Mozilla/5.0 (compatible; bingbot/2.0; +http://www.bing.com/bingbot.htm)"
216.245.221.83 - - [05/Dec/2021:07:29:26 +0000] "HEAD / HTTP/1.1" 301 0 "http://ja.tak-cslab.org/" "Mozilla/5.0+(compatible; UptimeRobot/2.0; http://www.uptimerobot.com/)"
216.245.221.83 - - [05/Dec/2021:07:29:26 +0000] "HEAD / HTTP/1.1" 200 0 "http://ja.tak-cslab.org/" "Mozilla/5.0+(compatible; UptimeRobot/2.0; http://www.uptimerobot.com/)"
34.227.66.198 - - [05/Dec/2021:07:33:40 +0000] "HEAD /feed HTTP/2.0" 200 0 "-" "Slackbot 1.0 (+https://api.slack.com/robots)"
100.26.107.174 - - [05/Dec/2021:07:33:41 +0000] "GET /feed HTTP/1.1" 200 56274 "-" "Slackbot 1.0 (+https://api.slack.com/robots)"
34.207.173.51 - - [05/Dec/2021:07:33:42 +0000] "GET / HTTP/1.1" 200 6249 "-" "Slackbot 1.0 (+https://api.slack.com/robots)"
216.245.221.83 - - [05/Dec/2021:07:34:26 +0000] "HEAD / HTTP/1.1" 301 0 "http://ja.tak-cslab.org/" "Mozilla/5.0+(compatible; UptimeRobot/2.0; http://www.uptimerobot.com/)"
216.245.221.83 - - [05/Dec/2021:07:34:26 +0000] "HEAD / HTTP/1.1" 200 0 "http://ja.tak-cslab.org/" "Mozilla/5.0+(compatible; UptimeRobot/2.0; http://www.uptimerobot.com/)"
51.222.253.11 - - [05/Dec/2021:07:37:55 +0000] "GET /archives/770 HTTP/2.0" 200 8593 "-" "Mozilla/5.0 (compatible; AhrefsBot/7.0; +http://ahrefs.com/robot/)"
216.245.221.83 - - [05/Dec/2021:07:39:26 +0000] "HEAD / HTTP/1.1" 301 0 "http://ja.tak-cslab.org/" "Mozilla/5.0+(compatible; UptimeRobot/2.0; http://www.uptimerobot.com/)"
216.245.221.83 - - [05/Dec/2021:07:39:26 +0000] "HEAD / HTTP/1.1" 200 0 "http://ja.tak-cslab.org/" "Mozilla/5.0+(compatible; UptimeRobot/2.0; http://www.uptimerobot.com/)"
118.154.32.46 - - [05/Dec/2021:07:39:50 +0000] "GET /archives/498 HTTP/2.0" 200 7379 "https://www.google.com/" "Mozilla/5.0 (Windows NT 10.0; Win64; x64) AppleWebKit/537.36 (KHTML, like Gecko) Chrome/96.0.4664.45 Safari/537.36"
118.154.32.46 - - [05/Dec/2021:07:39:50 +0000] "GET /wp-content/themes/cdsl/style.css?ver=1.3.1 HTTP/2.0" 200 272 "https://ja.tak-cslab.org/archives/498" "Mozilla/5.0 (Windows NT 10.0; Win64; x64) AppleWebKit/537.36 (KHTML, like Gecko) Chrome/96.0.4664.45 Safari/537.36"
118.154.32.46 - - [05/Dec/2021:07:39:50 +0000] "GET /wp-content/themes/scaffold/style.css?ver=5.8.2 HTTP/2.0" 200 5846 "https://ja.tak-cslab.org/archives/498" "Mozilla/5.0 (Windows NT 10.0; Win64; x64) AppleWebKit/537.36 (KHTML, like Gecko) Chrome/96.0.4664.45 Safari/537.36"
118.154.32.46 - - [05/Dec/2021:07:39:50 +0000] "GET /wp-content/themes/scaffold/assets/js/navigation.js?ver=1.3.1 HTTP/2.0" 200 1266 "https://ja.tak-cslab.org/archives/498" "Mozilla/5.0 (Windows NT 10.0; Win64; x64) AppleWebKit/537.36 (KHTML, like Gecko) Chrome/96.0.4664.45 Safari/537.36"
118.154.32.46 - - [05/Dec/2021:07:39:50 +0000] "GET /wp-includes/js/comment-reply.min.js?ver=5.8.2 HTTP/2.0" 200 1390 "https://ja.tak-cslab.org/archives/498" "Mozilla/5.0 (Windows NT 10.0; Win64; x64) AppleWebKit/537.36 (KHTML, like Gecko) Chrome/96.0.4664.45 Safari/537.36"
118.154.32.46 - - [05/Dec/2021:07:39:50 +0000] "GET /wp-includes/js/wp-embed.min.js?ver=5.8.2 HTTP/2.0" 200 779 "https://ja.tak-cslab.org/archives/498" "Mozilla/5.0 (Windows NT 10.0; Win64; x64) AppleWebKit/537.36 (KHTML, like Gecko) Chrome/96.0.4664.45 Safari/537.36"
118.154.32.46 - - [05/Dec/2021:07:39:50 +0000] "GET /wp-includes/css/dist/block-library/style.min.css?ver=5.8.2 HTTP/2.0" 200 13704 "https://ja.tak-cslab.org/archives/498" "Mozilla/5.0 (Windows NT 10.0; Win64; x64) AppleWebKit/537.36 (KHTML, like Gecko) Chrome/96.0.4664.45 Safari/537.36"
118.154.32.46 - - [05/Dec/2021:07:39:50 +0000] "GET /wp-includes/js/wp-emoji-release.min.js?ver=5.8.2 HTTP/2.0" 200 5714 "https://ja.tak-cslab.org/archives/498" "Mozilla/5.0 (Windows NT 10.0; Win64; x64) AppleWebKit/537.36 (KHTML, like Gecko) Chrome/96.0.4664.45 Safari/537.36"
118.154.32.46 - - [05/Dec/2021:07:39:50 +0000] "GET /favicon.ico HTTP/2.0" 302 0 "https://ja.tak-cslab.org/archives/498" "Mozilla/5.0 (Windows NT 10.0; Win64; x64) AppleWebKit/537.36 (KHTML, like Gecko) Chrome/96.0.4664.45 Safari/537.36"
118.154.32.46 - - [05/Dec/2021:07:39:50 +0000] "GET /wp-includes/images/w-logo-blue-white-bg.png HTTP/2.0" 200 4119 "https://ja.tak-cslab.org/archives/498" "Mozilla/5.0 (Windows NT 10.0; Win64; x64) AppleWebKit/537.36 (KHTML, like Gecko) Chrome/96.0.4664.45 Safari/537.36"
118.154.32.46 - - [05/Dec/2021:07:40:50 +0000] "GET /favicon.ico HTTP/1.1" 301 162 "-" "ManicTime/4.6.21.1"
118.154.32.46 - - [05/Dec/2021:07:40:50 +0000] "GET /favicon.ico HTTP/1.1" 302 5 "-" "ManicTime/4.6.21.1"
118.154.32.46 - - [05/Dec/2021:07:40:50 +0000] "GET /wp-includes/images/w-logo-blue-white-bg.png HTTP/1.1" 200 4119 "-" "ManicTime/4.6.21.1"
216.245.221.83 - - [05/Dec/2021:07:44:26 +0000] "HEAD / HTTP/1.1" 301 0 "http://ja.tak-cslab.org/" "Mozilla/5.0+(compatible; UptimeRobot/2.0; http://www.uptimerobot.com/)"
216.245.221.83 - - [05/Dec/2021:07:44:26 +0000] "HEAD / HTTP/1.1" 200 0 "http://ja.tak-cslab.org/" "Mozilla/5.0+(compatible; UptimeRobot/2.0; http://www.uptimerobot.com/)"
34.206.38.217 - - [05/Dec/2021:07:44:58 +0000] "GET /feed HTTP/1.1" 200 56281 "-" "Automate.io BOT"
66.249.66.129 - - [05/Dec/2021:07:46:15 +0000] "GET /archives/1211 HTTP/1.1" 200 7468 "-" "Mozilla/5.0 (compatible; Googlebot/2.1; +http://www.google.com/bot.html)"
216.245.221.83 - - [05/Dec/2021:07:49:26 +0000] "HEAD / HTTP/1.1" 301 0 "http://ja.tak-cslab.org/" "Mozilla/5.0+(compatible; UptimeRobot/2.0; http://www.uptimerobot.com/)"
216.245.221.83 - - [05/Dec/2021:07:49:26 +0000] "HEAD / HTTP/1.1" 200 0 "http://ja.tak-cslab.org/" "Mozilla/5.0+(compatible; UptimeRobot/2.0; http://www.uptimerobot.com/)"
34.206.38.217 - - [05/Dec/2021:07:49:58 +0000] "GET /feed HTTP/1.1" 200 56281 "-" "Automate.io BOT"
40.77.167.66 - - [05/Dec/2021:07:52:33 +0000] "GET /wp-content/uploads/2020/02/image-768x559.png HTTP/2.0" 200 246651 "-" "Mozilla/5.0 (compatible; bingbot/2.0; +http://www.bing.com/bingbot.htm)"
54.86.100.24 - - [05/Dec/2021:07:53:44 +0000] "HEAD /feed HTTP/2.0" 200 0 "-" "Slackbot 1.0 (+https://api.slack.com/robots)"
34.201.41.137 - - [05/Dec/2021:07:53:45 +0000] "GET /feed HTTP/1.1" 200 56281 "-" "Slackbot 1.0 (+https://api.slack.com/robots)"
3.236.226.100 - - [05/Dec/2021:07:53:47 +0000] "GET / HTTP/1.1" 200 6249 "-" "Slackbot 1.0 (+https://api.slack.com/robots)"
216.245.221.83 - - [05/Dec/2021:07:54:26 +0000] "HEAD / HTTP/1.1" 301 0 "http://ja.tak-cslab.org/" "Mozilla/5.0+(compatible; UptimeRobot/2.0; http://www.uptimerobot.com/)"
216.245.221.83 - - [05/Dec/2021:07:54:26 +0000] "HEAD / HTTP/1.1" 200 0 "http://ja.tak-cslab.org/" "Mozilla/5.0+(compatible; UptimeRobot/2.0; http://www.uptimerobot.com/)"
34.206.38.217 - - [05/Dec/2021:07:54:59 +0000] "GET /feed HTTP/1.1" 200 56281 "-" "Automate.io BOT"
92.118.160.57 - - [05/Dec/2021:07:57:33 +0000] "GET / HTTP/1.1" 301 162 "-" "NetSystemsResearch studies the availability of various services across the internet. Our website is netsystemsresearch.com"
92.118.160.57 - - [05/Dec/2021:07:57:34 +0000] "GET / HTTP/1.1" 200 22043 "http://34.84.68.226:80/" "Go http package"
216.245.221.83 - - [05/Dec/2021:07:59:26 +0000] "HEAD / HTTP/1.1" 301 0 "http://ja.tak-cslab.org/" "Mozilla/5.0+(compatible; UptimeRobot/2.0; http://www.uptimerobot.com/)"
216.245.221.83 - - [05/Dec/2021:07:59:26 +0000] "HEAD / HTTP/1.1" 200 0 "http://ja.tak-cslab.org/" "Mozilla/5.0+(compatible; UptimeRobot/2.0; http://www.uptimerobot.com/)"
34.206.38.217 - - [05/Dec/2021:07:59:58 +0000] "GET /feed HTTP/1.1" 200 56281 "-" "Automate.io BOT"
163.215.6.1 - - [05/Dec/2021:08:01:12 +0000] "POST /wp-cron.php?doing_wp_cron=1638691272.7910029888153076171875 HTTP/1.1" 200 31 "https://ja.tak-cslab.org/wp-cron.php?doing_wp_cron=1638691272.7910029888153076171875" "WordPress/5.8.2; https://ja.tak-cslab.org"
118.154.32.46 - - [05/Dec/2021:08:01:12 +0000] "GET /archives/498 HTTP/2.0" 200 7379 "https://www.google.com/" "Mozilla/5.0 (Windows NT 10.0; Win64; x64) AppleWebKit/537.36 (KHTML, like Gecko) Chrome/96.0.4664.45 Safari/537.36"
185.191.171.36 - - [05/Dec/2021:08:03:40 +0000] "GET /robots.txt HTTP/1.1" 200 123 "-" "Mozilla/5.0 (compatible; SemrushBot/7~bl; +http://www.semrush.com/bot.html)"
185.191.171.38 - - [05/Dec/2021:08:03:41 +0000] "GET /10gin_cds1?redirect_to=https%3A%2F%2Fja.tak-cslab.org%2Farchives%2F1477 HTTP/1.1" 200 4552 "-" "Mozilla/5.0 (compatible; SemrushBot/7~bl; +http://www.semrush.com/bot.html)"
216.245.221.83 - - [05/Dec/2021:08:04:26 +0000] "HEAD / HTTP/1.1" 301 0 "http://ja.tak-cslab.org/" "Mozilla/5.0+(compatible; UptimeRobot/2.0; http://www.uptimerobot.com/)"
216.245.221.83 - - [05/Dec/2021:08:04:26 +0000] "HEAD / HTTP/1.1" 200 0 "http://ja.tak-cslab.org/" "Mozilla/5.0+(compatible; UptimeRobot/2.0; http://www.uptimerobot.com/)"
34.206.38.217 - - [05/Dec/2021:08:04:58 +0000] "GET /feed HTTP/1.1" 200 56281 "-" "Automate.io BOT"
207.46.13.41 - - [05/Dec/2021:08:05:02 +0000] "GET /wp-content/uploads/2021/04/CDSL-System-Architecture4.png HTTP/2.0" 200 57036 "-" "Mozilla/5.0 (compatible; bingbot/2.0; +http://www.bing.com/bingbot.htm)"
216.245.221.83 - - [05/Dec/2021:08:09:26 +0000] "HEAD / HTTP/1.1" 301 0 "http://ja.tak-cslab.org/" "Mozilla/5.0+(compatible; UptimeRobot/2.0; http://www.uptimerobot.com/)"
216.245.221.83 - - [05/Dec/2021:08:09:26 +0000] "HEAD / HTTP/1.1" 200 0 "http://ja.tak-cslab.org/" "Mozilla/5.0+(compatible; UptimeRobot/2.0; http://www.uptimerobot.com/)"
185.220.100.241 - - [05/Dec/2021:08:09:32 +0000] "GET /archives/460/ HTTP/1.0" 301 162 "http://ja.tak-cslab.org/archives/460/" "Mozilla/5.0 (Windows NT 6.3; Win64; x64) AppleWebKit/537.36 (KHTML, like Gecko) Chrome/90.0.4430.72 Safari/537.36"
185.220.100.241 - - [05/Dec/2021:08:09:34 +0000] "GET /archives/460/ HTTP/1.0" 301 0 "https://ja.tak-cslab.org/archives/460/" "Mozilla/5.0 (Windows NT 6.3; Win64; x64) AppleWebKit/537.36 (KHTML, like Gecko) Chrome/90.0.4430.72 Safari/537.36"
185.220.100.241 - - [05/Dec/2021:08:09:36 +0000] "GET /archives/460 HTTP/1.0" 200 27831 "https://ja.tak-cslab.org/archives/460" "Mozilla/5.0 (Windows NT 6.3; Win64; x64) AppleWebKit/537.36 (KHTML, like Gecko) Chrome/90.0.4430.72 Safari/537.36"
34.206.38.217 - - [05/Dec/2021:08:09:59 +0000] "GET /feed HTTP/1.1" 200 56281 "-" "Automate.io BOT"
35.245.188.175 - - [05/Dec/2021:08:13:08 +0000] "GET / HTTP/1.1" 301 162 "-" "Mozilla/5.0 (Windows NT 6.1; WOW64; Trident/7.0; rv:11.0) like Gecko"
35.245.188.175 - - [05/Dec/2021:08:13:08 +0000] "GET / HTTP/1.1" 200 22043 "-" "Mozilla/5.0 (Windows NT 6.1; WOW64; Trident/7.0; rv:11.0) like Gecko"
3.86.53.214 - - [05/Dec/2021:08:13:43 +0000] "HEAD /feed HTTP/2.0" 200 0 "-" "Slackbot 1.0 (+https://api.slack.com/robots)"
3.86.53.214 - - [05/Dec/2021:08:13:43 +0000] "GET /feed HTTP/1.1" 200 56281 "-" "Slackbot 1.0 (+https://api.slack.com/robots)"
54.86.100.24 - - [05/Dec/2021:08:13:45 +0000] "GET / HTTP/1.1" 200 6249 "-" "Slackbot 1.0 (+https://api.slack.com/robots)"
216.245.221.83 - - [05/Dec/2021:08:14:26 +0000] "HEAD / HTTP/1.1" 301 0 "http://ja.tak-cslab.org/" "Mozilla/5.0+(compatible; UptimeRobot/2.0; http://www.uptimerobot.com/)"
216.245.221.83 - - [05/Dec/2021:08:14:26 +0000] "HEAD / HTTP/1.1" 200 0 "http://ja.tak-cslab.org/" "Mozilla/5.0+(compatible; UptimeRobot/2.0; http://www.uptimerobot.com/)"
34.206.38.217 - - [05/Dec/2021:08:14:58 +0000] "GET /feed HTTP/1.1" 200 56281 "-" "Automate.io BOT"
216.245.221.83 - - [05/Dec/2021:08:19:26 +0000] "HEAD / HTTP/1.1" 301 0 "http://ja.tak-cslab.org/" "Mozilla/5.0+(compatible; UptimeRobot/2.0; http://www.uptimerobot.com/)"
163.215.6.1 - - [05/Dec/2021:08:19:26 +0000] "POST /wp-cron.php?doing_wp_cron=1638692366.6468470096588134765625 HTTP/1.1" 200 31 "https://ja.tak-cslab.org/wp-cron.php?doing_wp_cron=1638692366.6468470096588134765625" "WordPress/5.8.2; https://ja.tak-cslab.org"
216.245.221.83 - - [05/Dec/2021:08:19:26 +0000] "HEAD / HTTP/1.1" 200 0 "http://ja.tak-cslab.org/" "Mozilla/5.0+(compatible; UptimeRobot/2.0; http://www.uptimerobot.com/)"
34.206.38.217 - - [05/Dec/2021:08:19:59 +0000] "GET /feed HTTP/1.1" 200 56281 "-" "Automate.io BOT"
216.245.221.83 - - [05/Dec/2021:08:24:26 +0000] "HEAD / HTTP/1.1" 301 0 "http://ja.tak-cslab.org/" "Mozilla/5.0+(compatible; UptimeRobot/2.0; http://www.uptimerobot.com/)"
216.245.221.83 - - [05/Dec/2021:08:24:26 +0000] "HEAD / HTTP/1.1" 200 0 "http://ja.tak-cslab.org/" "Mozilla/5.0+(compatible; UptimeRobot/2.0; http://www.uptimerobot.com/)"
34.206.38.217 - - [05/Dec/2021:08:25:00 +0000] "GET /feed HTTP/1.1" 200 56281 "-" "Automate.io BOT"
216.245.221.83 - - [05/Dec/2021:08:29:26 +0000] "HEAD / HTTP/1.1" 301 0 "http://ja.tak-cslab.org/" "Mozilla/5.0+(compatible; UptimeRobot/2.0; http://www.uptimerobot.com/)"
216.245.221.83 - - [05/Dec/2021:08:29:26 +0000] "HEAD / HTTP/1.1" 200 0 "http://ja.tak-cslab.org/" "Mozilla/5.0+(compatible; UptimeRobot/2.0; http://www.uptimerobot.com/)"
34.206.38.217 - - [05/Dec/2021:08:29:59 +0000] "GET /feed HTTP/1.1" 200 56281 "-" "Automate.io BOT"
66.249.66.158 - - [05/Dec/2021:08:31:15 +0000] "GET /archives/1038/feed HTTP/1.1" 200 816 "-" "Mozilla/5.0 (Linux; Android 6.0.1; Nexus 5X Build/MMB29P) AppleWebKit/537.36 (KHTML, like Gecko) Chrome/96.0.4664.45 Mobile Safari/537.36 (compatible; Googlebot/2.1; +http://www.google.com/bot.html)"
51.222.253.15 - - [05/Dec/2021:08:31:24 +0000] "GET /10gin_cds1?redirect_to=https%3A%2F%2Fja.tak-cslab.org%2Farchives%2F841 HTTP/2.0" 200 4527 "-" "Mozilla/5.0 (compatible; AhrefsBot/7.0; +http://ahrefs.com/robot/)"
3.86.154.110 - - [05/Dec/2021:08:33:40 +0000] "HEAD /feed HTTP/2.0" 200 0 "-" "Slackbot 1.0 (+https://api.slack.com/robots)"
3.95.211.45 - - [05/Dec/2021:08:33:40 +0000] "GET /feed HTTP/1.1" 200 56281 "-" "Slackbot 1.0 (+https://api.slack.com/robots)"
100.26.107.174 - - [05/Dec/2021:08:33:41 +0000] "GET / HTTP/1.1" 200 6241 "-" "Slackbot 1.0 (+https://api.slack.com/robots)"
51.222.253.13 - - [05/Dec/2021:08:33:45 +0000] "GET /archives/390 HTTP/2.0" 200 7008 "-" "Mozilla/5.0 (compatible; AhrefsBot/7.0; +http://ahrefs.com/robot/)"
216.245.221.83 - - [05/Dec/2021:08:34:26 +0000] "HEAD / HTTP/1.1" 301 0 "http://ja.tak-cslab.org/" "Mozilla/5.0+(compatible; UptimeRobot/2.0; http://www.uptimerobot.com/)"
216.245.221.83 - - [05/Dec/2021:08:34:26 +0000] "HEAD / HTTP/1.1" 200 0 "http://ja.tak-cslab.org/" "Mozilla/5.0+(compatible; UptimeRobot/2.0; http://www.uptimerobot.com/)"
34.206.38.217 - - [05/Dec/2021:08:34:59 +0000] "GET /feed HTTP/1.1" 200 56281 "-" "Automate.io BOT"
185.191.171.15 - - [05/Dec/2021:08:37:54 +0000] "GET /10gin_cds1?redirect_to=https%3A%2F%2Fja.tak-cslab.org%2Farchives%2F394 HTTP/1.1" 200 4549 "-" "Mozilla/5.0 (compatible; SemrushBot/7~bl; +http://www.semrush.com/bot.html)"
216.245.221.83 - - [05/Dec/2021:08:39:26 +0000] "HEAD / HTTP/1.1" 301 0 "http://ja.tak-cslab.org/" "Mozilla/5.0+(compatible; UptimeRobot/2.0; http://www.uptimerobot.com/)"
216.245.221.83 - - [05/Dec/2021:08:39:26 +0000] "HEAD / HTTP/1.1" 200 0 "http://ja.tak-cslab.org/" "Mozilla/5.0+(compatible; UptimeRobot/2.0; http://www.uptimerobot.com/)"
40.77.167.53 - - [05/Dec/2021:08:42:42 +0000] "GET /wp-content/uploads/2021/04/CDSL-System-Architecture1-1-600x338.png HTTP/2.0" 200 92523 "-" "Mozilla/5.0 (compatible; bingbot/2.0; +http://www.bing.com/bingbot.htm)"
199.59.150.180 - - [05/Dec/2021:08:44:16 +0000] "GET /robots.txt HTTP/1.1" 200 128 "-" "Twitterbot/1.0"
199.59.150.180 - - [05/Dec/2021:08:44:17 +0000] "GET /tech-report HTTP/1.1" 200 12875 "-" "Twitterbot/1.0"
216.245.221.83 - - [05/Dec/2021:08:44:26 +0000] "HEAD / HTTP/1.1" 301 0 "http://ja.tak-cslab.org/" "Mozilla/5.0+(compatible; UptimeRobot/2.0; http://www.uptimerobot.com/)"
216.245.221.83 - - [05/Dec/2021:08:44:26 +0000] "HEAD / HTTP/1.1" 200 0 "http://ja.tak-cslab.org/" "Mozilla/5.0+(compatible; UptimeRobot/2.0; http://www.uptimerobot.com/)"
34.206.38.217 - - [05/Dec/2021:08:44:59 +0000] "GET /feed HTTP/1.1" 200 56281 "-" "Automate.io BOT"
40.77.167.53 - - [05/Dec/2021:08:46:21 +0000] "GET /archives/1243 HTTP/2.0" 200 7284 "-" "Mozilla/5.0 (compatible; bingbot/2.0; +http://www.bing.com/bingbot.htm)"
40.77.167.44 - - [05/Dec/2021:08:46:39 +0000] "GET /wp-content/themes/scaffold/assets/js/navigation.js?ver=1.3.1 HTTP/2.0" 200 1266 "-" "Mozilla/5.0 (compatible; bingbot/2.0; +http://www.bing.com/bingbot.htm)"
216.245.221.83 - - [05/Dec/2021:08:49:26 +0000] "HEAD / HTTP/1.1" 301 0 "http://ja.tak-cslab.org/" "Mozilla/5.0+(compatible; UptimeRobot/2.0; http://www.uptimerobot.com/)"
216.245.221.83 - - [05/Dec/2021:08:49:26 +0000] "HEAD / HTTP/1.1" 200 0 "http://ja.tak-cslab.org/" "Mozilla/5.0+(compatible; UptimeRobot/2.0; http://www.uptimerobot.com/)"
34.206.38.217 - - [05/Dec/2021:08:49:59 +0000] "GET /feed HTTP/1.1" 200 56281 "-" "Automate.io BOT"
18.212.245.58 - - [05/Dec/2021:08:53:42 +0000] "HEAD /feed HTTP/2.0" 200 0 "-" "Slackbot 1.0 (+https://api.slack.com/robots)"
54.204.131.22 - - [05/Dec/2021:08:53:43 +0000] "GET /feed HTTP/1.1" 200 56281 "-" "Slackbot 1.0 (+https://api.slack.com/robots)"
3.236.24.178 - - [05/Dec/2021:08:53:44 +0000] "GET / HTTP/1.1" 200 6249 "-" "Slackbot 1.0 (+https://api.slack.com/robots)"
216.245.221.83 - - [05/Dec/2021:08:54:26 +0000] "HEAD / HTTP/1.1" 301 0 "http://ja.tak-cslab.org/" "Mozilla/5.0+(compatible; UptimeRobot/2.0; http://www.uptimerobot.com/)"
216.245.221.83 - - [05/Dec/2021:08:54:27 +0000] "HEAD / HTTP/1.1" 200 0 "http://ja.tak-cslab.org/" "Mozilla/5.0+(compatible; UptimeRobot/2.0; http://www.uptimerobot.com/)"
34.206.38.217 - - [05/Dec/2021:08:54:59 +0000] "GET /feed HTTP/1.1" 200 56281 "-" "Automate.io BOT"
66.249.66.158 - - [05/Dec/2021:08:57:20 +0000] "GET /about/member HTTP/1.1" 200 6548 "-" "Mozilla/5.0 (Linux; Android 6.0.1; Nexus 5X Build/MMB29P) AppleWebKit/537.36 (KHTML, like Gecko) Chrome/96.0.4664.45 Mobile Safari/537.36 (compatible; Googlebot/2.1; +http://www.google.com/bot.html)"
216.245.221.83 - - [05/Dec/2021:08:59:26 +0000] "HEAD / HTTP/1.1" 301 0 "http://ja.tak-cslab.org/" "Mozilla/5.0+(compatible; UptimeRobot/2.0; http://www.uptimerobot.com/)"
216.245.221.83 - - [05/Dec/2021:08:59:26 +0000] "HEAD / HTTP/1.1" 200 0 "http://ja.tak-cslab.org/" "Mozilla/5.0+(compatible; UptimeRobot/2.0; http://www.uptimerobot.com/)"
66.249.66.158 - - [05/Dec/2021:08:59:45 +0000] "GET /wp-includes/js/dist/vendor/regenerator-runtime.min.js?ver=0.13.7 HTTP/1.1" 200 2611 "https://ja.tak-cslab.org/10gin_cds1?redirect_to=https%3A%2F%2Fja.tak-cslab.org%2Farchives%2F1345" "Mozilla/5.0 (Linux; Android 6.0.1; Nexus 5X Build/MMB29P) AppleWebKit/537.36 (KHTML, like Gecko) Chrome/96.0.4664.45 Mobile Safari/537.36 (compatible; Googlebot/2.1; +http://www.google.com/bot.html)"
