216.245.221.83 - - [07/Dec/2021:04:44:26 +0000] "HEAD / HTTP/1.1" 301 0 "http://ja.tak-cslab.org/" "Mozilla/5.0+(compatible; UptimeRobot/2.0; http://www.uptimerobot.com/)"
216.245.221.83 - - [07/Dec/2021:04:44:26 +0000] "HEAD / HTTP/1.1" 200 0 "http://ja.tak-cslab.org/" "Mozilla/5.0+(compatible; UptimeRobot/2.0; http://www.uptimerobot.com/)"
34.206.38.217 - - [07/Dec/2021:04:46:21 +0000] "GET /feed HTTP/1.1" 200 56281 "-" "Automate.io BOT"
216.245.221.83 - - [07/Dec/2021:04:49:26 +0000] "HEAD / HTTP/1.1" 301 0 "http://ja.tak-cslab.org/" "Mozilla/5.0+(compatible; UptimeRobot/2.0; http://www.uptimerobot.com/)"
216.245.221.83 - - [07/Dec/2021:04:49:26 +0000] "HEAD / HTTP/1.1" 200 0 "http://ja.tak-cslab.org/" "Mozilla/5.0+(compatible; UptimeRobot/2.0; http://www.uptimerobot.com/)"
34.206.38.217 - - [07/Dec/2021:04:51:21 +0000] "GET /feed HTTP/1.1" 200 56281 "-" "Automate.io BOT"
183.79.251.209 - - [07/Dec/2021:04:52:32 +0000] "GET /wp-content/uploads/2021/04/CDSL-System-Architecture1.png HTTP/2.0" 200 89919 "-" "Mozilla/5.0 (Windows NT 10.0; Win64; x64) AppleWebKit/537.36 (KHTML, like Gecko) Chrome/96.0.4664.55 Safari/537.36 Edg/96.0.1054.43"
54.236.187.78 - - [07/Dec/2021:04:53:43 +0000] "HEAD /feed HTTP/2.0" 200 0 "-" "Slackbot 1.0 (+https://api.slack.com/robots)"
3.92.160.134 - - [07/Dec/2021:04:53:44 +0000] "GET /feed HTTP/1.1" 200 56281 "-" "Slackbot 1.0 (+https://api.slack.com/robots)"
54.236.187.78 - - [07/Dec/2021:04:53:44 +0000] "GET / HTTP/1.1" 200 6249 "-" "Slackbot 1.0 (+https://api.slack.com/robots)"
216.245.221.83 - - [07/Dec/2021:04:54:26 +0000] "HEAD / HTTP/1.1" 301 0 "http://ja.tak-cslab.org/" "Mozilla/5.0+(compatible; UptimeRobot/2.0; http://www.uptimerobot.com/)"
216.245.221.83 - - [07/Dec/2021:04:54:26 +0000] "HEAD / HTTP/1.1" 200 0 "http://ja.tak-cslab.org/" "Mozilla/5.0+(compatible; UptimeRobot/2.0; http://www.uptimerobot.com/)"
34.206.38.217 - - [07/Dec/2021:04:56:21 +0000] "GET /feed HTTP/1.1" 200 56281 "-" "Automate.io BOT"
192.133.77.18 - - [07/Dec/2021:04:58:13 +0000] "GET /robots.txt HTTP/1.1" 200 128 "-" "Twitterbot/1.0"
192.133.77.18 - - [07/Dec/2021:04:58:13 +0000] "GET /archives/1594 HTTP/1.1" 200 8813 "-" "Twitterbot/1.0"
18.236.19.96 - - [07/Dec/2021:04:58:30 +0000] "GET /archives/498 HTTP/2.0" 200 7379 "-" "Mozilla/5.0 (Windows NT 6.1; Win64; x64) AppleWebKit/537.36 (KHTML, like Gecko) Chrome/95.0.4638.69 Safari/537.36"
18.236.19.96 - - [07/Dec/2021:04:58:30 +0000] "GET /wp-content/themes/cdsl/style.css?ver=1.3.1 HTTP/2.0" 200 272 "https://ja.tak-cslab.org/archives/498" "Mozilla/5.0 (Windows NT 6.1; Win64; x64) AppleWebKit/537.36 (KHTML, like Gecko) Chrome/95.0.4638.69 Safari/537.36"
18.236.19.96 - - [07/Dec/2021:04:58:30 +0000] "GET /wp-includes/css/dist/block-library/style.min.css?ver=5.8.2 HTTP/2.0" 200 13704 "https://ja.tak-cslab.org/archives/498" "Mozilla/5.0 (Windows NT 6.1; Win64; x64) AppleWebKit/537.36 (KHTML, like Gecko) Chrome/95.0.4638.69 Safari/537.36"
18.236.19.96 - - [07/Dec/2021:04:58:30 +0000] "GET /wp-content/themes/scaffold/style.css?ver=5.8.2 HTTP/2.0" 200 5846 "https://ja.tak-cslab.org/archives/498" "Mozilla/5.0 (Windows NT 6.1; Win64; x64) AppleWebKit/537.36 (KHTML, like Gecko) Chrome/95.0.4638.69 Safari/537.36"
18.236.19.96 - - [07/Dec/2021:04:58:30 +0000] "GET /wp-includes/js/comment-reply.min.js?ver=5.8.2 HTTP/2.0" 200 1390 "https://ja.tak-cslab.org/archives/498" "Mozilla/5.0 (Windows NT 6.1; Win64; x64) AppleWebKit/537.36 (KHTML, like Gecko) Chrome/95.0.4638.69 Safari/537.36"
18.236.19.96 - - [07/Dec/2021:04:58:30 +0000] "GET /wp-content/themes/scaffold/assets/js/navigation.js?ver=1.3.1 HTTP/2.0" 200 1266 "https://ja.tak-cslab.org/archives/498" "Mozilla/5.0 (Windows NT 6.1; Win64; x64) AppleWebKit/537.36 (KHTML, like Gecko) Chrome/95.0.4638.69 Safari/537.36"
18.236.19.96 - - [07/Dec/2021:04:58:30 +0000] "GET /wp-includes/js/wp-embed.min.js?ver=5.8.2 HTTP/2.0" 200 779 "https://ja.tak-cslab.org/archives/498" "Mozilla/5.0 (Windows NT 6.1; Win64; x64) AppleWebKit/537.36 (KHTML, like Gecko) Chrome/95.0.4638.69 Safari/537.36"
18.236.19.96 - - [07/Dec/2021:04:58:30 +0000] "GET /wp-includes/js/wp-emoji-release.min.js?ver=5.8.2 HTTP/2.0" 200 5714 "https://ja.tak-cslab.org/archives/498" "Mozilla/5.0 (Windows NT 6.1; Win64; x64) AppleWebKit/537.36 (KHTML, like Gecko) Chrome/95.0.4638.69 Safari/537.36"
216.245.221.83 - - [07/Dec/2021:04:59:26 +0000] "HEAD / HTTP/1.1" 301 0 "http://ja.tak-cslab.org/" "Mozilla/5.0+(compatible; UptimeRobot/2.0; http://www.uptimerobot.com/)"
216.245.221.83 - - [07/Dec/2021:04:59:26 +0000] "HEAD / HTTP/1.1" 200 0 "http://ja.tak-cslab.org/" "Mozilla/5.0+(compatible; UptimeRobot/2.0; http://www.uptimerobot.com/)"
163.215.6.1 - - [07/Dec/2021:05:01:21 +0000] "POST /wp-cron.php?doing_wp_cron=1638853281.6761360168457031250000 HTTP/1.1" 200 31 "https://ja.tak-cslab.org/wp-cron.php?doing_wp_cron=1638853281.6761360168457031250000" "WordPress/5.8.2; https://ja.tak-cslab.org"
34.206.38.217 - - [07/Dec/2021:05:01:21 +0000] "GET /feed HTTP/1.1" 200 56281 "-" "Automate.io BOT"
40.77.167.66 - - [07/Dec/2021:05:01:29 +0000] "GET /wp-content/uploads/2021/04/CDSL-System-Architecture8.png HTTP/2.0" 200 147410 "-" "Mozilla/5.0 (compatible; bingbot/2.0; +http://www.bing.com/bingbot.htm)"
216.245.221.83 - - [07/Dec/2021:05:04:26 +0000] "HEAD / HTTP/1.1" 301 0 "http://ja.tak-cslab.org/" "Mozilla/5.0+(compatible; UptimeRobot/2.0; http://www.uptimerobot.com/)"
216.245.221.83 - - [07/Dec/2021:05:04:26 +0000] "HEAD / HTTP/1.1" 200 0 "http://ja.tak-cslab.org/" "Mozilla/5.0+(compatible; UptimeRobot/2.0; http://www.uptimerobot.com/)"
34.206.38.217 - - [07/Dec/2021:05:06:21 +0000] "GET /feed HTTP/1.1" 200 56281 "-" "Automate.io BOT"
203.181.236.73 - - [07/Dec/2021:05:08:45 +0000] "GET /wp-content/uploads/2021/04/CDSL-System-Architecture8.png HTTP/2.0" 200 147410 "https://www.bing.com/" "Mozilla/5.0 (Windows NT 10.0; Win64; x64) AppleWebKit/537.36 (KHTML, like Gecko) Chrome/96.0.4664.55 Safari/537.36 Edg/96.0.1054.41"
216.245.221.83 - - [07/Dec/2021:05:09:26 +0000] "HEAD / HTTP/1.1" 301 0 "http://ja.tak-cslab.org/" "Mozilla/5.0+(compatible; UptimeRobot/2.0; http://www.uptimerobot.com/)"
216.245.221.83 - - [07/Dec/2021:05:09:26 +0000] "HEAD / HTTP/1.1" 200 0 "http://ja.tak-cslab.org/" "Mozilla/5.0+(compatible; UptimeRobot/2.0; http://www.uptimerobot.com/)"
34.206.38.217 - - [07/Dec/2021:05:11:22 +0000] "GET /feed HTTP/1.1" 200 56281 "-" "Automate.io BOT"
3.81.68.98 - - [07/Dec/2021:05:13:43 +0000] "HEAD /feed HTTP/2.0" 200 0 "-" "Slackbot 1.0 (+https://api.slack.com/robots)"
3.215.190.50 - - [07/Dec/2021:05:13:44 +0000] "GET /feed HTTP/1.1" 200 56281 "-" "Slackbot 1.0 (+https://api.slack.com/robots)"
54.146.205.227 - - [07/Dec/2021:05:13:45 +0000] "GET / HTTP/1.1" 200 6249 "-" "Slackbot 1.0 (+https://api.slack.com/robots)"
216.245.221.83 - - [07/Dec/2021:05:14:26 +0000] "HEAD / HTTP/1.1" 301 0 "http://ja.tak-cslab.org/" "Mozilla/5.0+(compatible; UptimeRobot/2.0; http://www.uptimerobot.com/)"
216.245.221.83 - - [07/Dec/2021:05:14:26 +0000] "HEAD / HTTP/1.1" 200 0 "http://ja.tak-cslab.org/" "Mozilla/5.0+(compatible; UptimeRobot/2.0; http://www.uptimerobot.com/)"
34.206.38.217 - - [07/Dec/2021:05:16:21 +0000] "GET /feed HTTP/1.1" 200 56281 "-" "Automate.io BOT"
216.245.221.83 - - [07/Dec/2021:05:19:26 +0000] "HEAD / HTTP/1.1" 301 0 "http://ja.tak-cslab.org/" "Mozilla/5.0+(compatible; UptimeRobot/2.0; http://www.uptimerobot.com/)"
163.215.6.1 - - [07/Dec/2021:05:19:26 +0000] "POST /wp-cron.php?doing_wp_cron=1638854366.6266291141510009765625 HTTP/1.1" 200 31 "https://ja.tak-cslab.org/wp-cron.php?doing_wp_cron=1638854366.6266291141510009765625" "WordPress/5.8.2; https://ja.tak-cslab.org"
216.245.221.83 - - [07/Dec/2021:05:19:26 +0000] "HEAD / HTTP/1.1" 200 0 "http://ja.tak-cslab.org/" "Mozilla/5.0+(compatible; UptimeRobot/2.0; http://www.uptimerobot.com/)"
51.222.253.16 - - [07/Dec/2021:05:21:00 +0000] "GET /archives/1647 HTTP/2.0" 200 6349 "-" "Mozilla/5.0 (compatible; AhrefsBot/7.0; +http://ahrefs.com/robot/)"
34.206.38.217 - - [07/Dec/2021:05:21:21 +0000] "GET /feed HTTP/1.1" 200 56281 "-" "Automate.io BOT"
185.191.171.8 - - [07/Dec/2021:05:23:30 +0000] "GET /robots.txt HTTP/1.1" 200 123 "-" "Mozilla/5.0 (compatible; SemrushBot/7~bl; +http://www.semrush.com/bot.html)"
185.191.171.10 - - [07/Dec/2021:05:23:31 +0000] "GET /10gin_cds1?redirect_to=https%3A%2F%2Fja.tak-cslab.org%2Farchives%2F889 HTTP/1.1" 200 4549 "-" "Mozilla/5.0 (compatible; SemrushBot/7~bl; +http://www.semrush.com/bot.html)"
216.245.221.83 - - [07/Dec/2021:05:24:26 +0000] "HEAD / HTTP/1.1" 301 0 "http://ja.tak-cslab.org/" "Mozilla/5.0+(compatible; UptimeRobot/2.0; http://www.uptimerobot.com/)"
216.245.221.83 - - [07/Dec/2021:05:24:26 +0000] "HEAD / HTTP/1.1" 200 0 "http://ja.tak-cslab.org/" "Mozilla/5.0+(compatible; UptimeRobot/2.0; http://www.uptimerobot.com/)"
34.206.38.217 - - [07/Dec/2021:05:26:22 +0000] "GET /feed HTTP/1.1" 200 56274 "-" "Automate.io BOT"
183.79.251.218 - - [07/Dec/2021:05:27:31 +0000] "GET /wp-content/uploads/2021/01/%E3%83%92%E3%83%89%E3%83%A9.jpeg HTTP/2.0" 200 12823 "-" "Mozilla/5.0 (Linux; Android 8.1.0; F-01L Build/V36R074F; wv) AppleWebKit/537.36 (KHTML, like Gecko) Version/4.0 Chrome/96.0.4664.45 Mobile Safari/537.36 YJApp-ANDROID jp.co.yahoo.android.yjtop/3.108.0"
216.245.221.83 - - [07/Dec/2021:05:29:26 +0000] "HEAD / HTTP/1.1" 301 0 "http://ja.tak-cslab.org/" "Mozilla/5.0+(compatible; UptimeRobot/2.0; http://www.uptimerobot.com/)"
216.245.221.83 - - [07/Dec/2021:05:29:26 +0000] "HEAD / HTTP/1.1" 200 0 "http://ja.tak-cslab.org/" "Mozilla/5.0+(compatible; UptimeRobot/2.0; http://www.uptimerobot.com/)"
34.206.38.217 - - [07/Dec/2021:05:31:22 +0000] "GET /feed HTTP/1.1" 200 56281 "-" "Automate.io BOT"
44.198.162.205 - - [07/Dec/2021:05:33:41 +0000] "HEAD /feed HTTP/2.0" 200 0 "-" "Slackbot 1.0 (+https://api.slack.com/robots)"
3.87.2.202 - - [07/Dec/2021:05:33:42 +0000] "GET /feed HTTP/1.1" 200 56281 "-" "Slackbot 1.0 (+https://api.slack.com/robots)"
3.236.226.100 - - [07/Dec/2021:05:33:42 +0000] "GET / HTTP/1.1" 200 6242 "-" "Slackbot 1.0 (+https://api.slack.com/robots)"
35.245.188.175 - - [07/Dec/2021:05:34:20 +0000] "GET / HTTP/1.1" 301 162 "-" "Mozilla/5.0 (Windows NT 6.1; WOW64; Trident/7.0; rv:11.0) like Gecko"
35.245.188.175 - - [07/Dec/2021:05:34:20 +0000] "GET / HTTP/1.1" 200 22044 "-" "Mozilla/5.0 (Windows NT 6.1; WOW64; Trident/7.0; rv:11.0) like Gecko"
216.245.221.83 - - [07/Dec/2021:05:34:26 +0000] "HEAD / HTTP/1.1" 301 0 "http://ja.tak-cslab.org/" "Mozilla/5.0+(compatible; UptimeRobot/2.0; http://www.uptimerobot.com/)"
216.245.221.83 - - [07/Dec/2021:05:34:26 +0000] "HEAD / HTTP/1.1" 200 0 "http://ja.tak-cslab.org/" "Mozilla/5.0+(compatible; UptimeRobot/2.0; http://www.uptimerobot.com/)"
66.249.77.35 - - [07/Dec/2021:05:36:21 +0000] "GET /archives/1125 HTTP/1.1" 200 12278 "-" "Mozilla/5.0 (Linux; Android 6.0.1; Nexus 5X Build/MMB29P) AppleWebKit/537.36 (KHTML, like Gecko) Chrome/96.0.4664.45 Mobile Safari/537.36 (compatible; Googlebot/2.1; +http://www.google.com/bot.html)"
34.206.38.217 - - [07/Dec/2021:05:36:22 +0000] "GET /feed HTTP/1.1" 200 56274 "-" "Automate.io BOT"
216.245.221.83 - - [07/Dec/2021:05:39:26 +0000] "HEAD / HTTP/1.1" 301 0 "http://ja.tak-cslab.org/" "Mozilla/5.0+(compatible; UptimeRobot/2.0; http://www.uptimerobot.com/)"
216.245.221.83 - - [07/Dec/2021:05:39:26 +0000] "HEAD / HTTP/1.1" 200 0 "http://ja.tak-cslab.org/" "Mozilla/5.0+(compatible; UptimeRobot/2.0; http://www.uptimerobot.com/)"
207.46.13.41 - - [07/Dec/2021:05:39:34 +0000] "GET /archives/390 HTTP/2.0" 200 7008 "-" "Mozilla/5.0 (compatible; bingbot/2.0; +http://www.bing.com/bingbot.htm)"
34.206.38.217 - - [07/Dec/2021:05:41:21 +0000] "GET /feed HTTP/1.1" 200 56281 "-" "Automate.io BOT"
150.249.252.76 - - [07/Dec/2021:05:42:56 +0000] "GET /archives/591 HTTP/2.0" 200 8885 "https://www.google.com/" "Mozilla/5.0 (Windows NT 10.0; Win64; x64) AppleWebKit/537.36 (KHTML, like Gecko) Chrome/96.0.4664.45 Safari/537.36"
150.249.252.76 - - [07/Dec/2021:05:42:57 +0000] "GET /wp-content/themes/cdsl/style.css?ver=1.3.1 HTTP/2.0" 200 272 "https://ja.tak-cslab.org/archives/591" "Mozilla/5.0 (Windows NT 10.0; Win64; x64) AppleWebKit/537.36 (KHTML, like Gecko) Chrome/96.0.4664.45 Safari/537.36"
150.249.252.76 - - [07/Dec/2021:05:42:57 +0000] "GET /wp-content/themes/scaffold/style.css?ver=5.8.2 HTTP/2.0" 200 5846 "https://ja.tak-cslab.org/archives/591" "Mozilla/5.0 (Windows NT 10.0; Win64; x64) AppleWebKit/537.36 (KHTML, like Gecko) Chrome/96.0.4664.45 Safari/537.36"
150.249.252.76 - - [07/Dec/2021:05:42:57 +0000] "GET /wp-includes/css/dist/block-library/style.min.css?ver=5.8.2 HTTP/2.0" 200 13704 "https://ja.tak-cslab.org/archives/591" "Mozilla/5.0 (Windows NT 10.0; Win64; x64) AppleWebKit/537.36 (KHTML, like Gecko) Chrome/96.0.4664.45 Safari/537.36"
150.249.252.76 - - [07/Dec/2021:05:42:57 +0000] "GET /wp-content/themes/scaffold/assets/js/navigation.js?ver=1.3.1 HTTP/2.0" 200 1266 "https://ja.tak-cslab.org/archives/591" "Mozilla/5.0 (Windows NT 10.0; Win64; x64) AppleWebKit/537.36 (KHTML, like Gecko) Chrome/96.0.4664.45 Safari/537.36"
150.249.252.76 - - [07/Dec/2021:05:42:57 +0000] "GET /wp-includes/js/comment-reply.min.js?ver=5.8.2 HTTP/2.0" 200 1390 "https://ja.tak-cslab.org/archives/591" "Mozilla/5.0 (Windows NT 10.0; Win64; x64) AppleWebKit/537.36 (KHTML, like Gecko) Chrome/96.0.4664.45 Safari/537.36"
150.249.252.76 - - [07/Dec/2021:05:42:57 +0000] "GET /wp-includes/js/wp-embed.min.js?ver=5.8.2 HTTP/2.0" 200 779 "https://ja.tak-cslab.org/archives/591" "Mozilla/5.0 (Windows NT 10.0; Win64; x64) AppleWebKit/537.36 (KHTML, like Gecko) Chrome/96.0.4664.45 Safari/537.36"
150.249.252.76 - - [07/Dec/2021:05:42:57 +0000] "GET /wp-content/plugins/native-lazyload/assets/images/placeholder.svg HTTP/2.0" 200 88 "https://ja.tak-cslab.org/archives/591" "Mozilla/5.0 (Windows NT 10.0; Win64; x64) AppleWebKit/537.36 (KHTML, like Gecko) Chrome/96.0.4664.45 Safari/537.36"
150.249.252.76 - - [07/Dec/2021:05:42:57 +0000] "GET /wp-includes/js/wp-emoji-release.min.js?ver=5.8.2 HTTP/2.0" 200 5714 "https://ja.tak-cslab.org/archives/591" "Mozilla/5.0 (Windows NT 10.0; Win64; x64) AppleWebKit/537.36 (KHTML, like Gecko) Chrome/96.0.4664.45 Safari/537.36"
150.249.252.76 - - [07/Dec/2021:05:42:57 +0000] "GET /wp-content/uploads/2020/09/Screen-Shot-2020-09-09-at-16.14.45-1024x683-1-600x400.png HTTP/2.0" 200 96716 "https://ja.tak-cslab.org/archives/591" "Mozilla/5.0 (Windows NT 10.0; Win64; x64) AppleWebKit/537.36 (KHTML, like Gecko) Chrome/96.0.4664.45 Safari/537.36"
150.249.252.76 - - [07/Dec/2021:05:42:57 +0000] "GET /wp-content/uploads/2020/09/image-3.png HTTP/2.0" 200 43382 "https://ja.tak-cslab.org/archives/591" "Mozilla/5.0 (Windows NT 10.0; Win64; x64) AppleWebKit/537.36 (KHTML, like Gecko) Chrome/96.0.4664.45 Safari/537.36"
150.249.252.76 - - [07/Dec/2021:05:42:57 +0000] "GET /wp-content/uploads/2020/09/Screen-Shot-2020-09-09-at-16.05.11-1024x252.png HTTP/2.0" 200 104018 "https://ja.tak-cslab.org/archives/591" "Mozilla/5.0 (Windows NT 10.0; Win64; x64) AppleWebKit/537.36 (KHTML, like Gecko) Chrome/96.0.4664.45 Safari/537.36"
150.249.252.76 - - [07/Dec/2021:05:42:57 +0000] "GET /wp-content/uploads/2020/09/Screen-Shot-2020-09-09-at-16.04.25-1024x729.png HTTP/2.0" 200 133423 "https://ja.tak-cslab.org/archives/591" "Mozilla/5.0 (Windows NT 10.0; Win64; x64) AppleWebKit/537.36 (KHTML, like Gecko) Chrome/96.0.4664.45 Safari/537.36"
150.249.252.76 - - [07/Dec/2021:05:42:57 +0000] "GET /wp-content/uploads/2020/09/Screen-Shot-2020-09-09-at-16.07.06-1024x547.png HTTP/2.0" 200 122325 "https://ja.tak-cslab.org/archives/591" "Mozilla/5.0 (Windows NT 10.0; Win64; x64) AppleWebKit/537.36 (KHTML, like Gecko) Chrome/96.0.4664.45 Safari/537.36"
150.249.252.76 - - [07/Dec/2021:05:42:57 +0000] "GET /wp-content/uploads/2020/09/Screen-Shot-2020-09-09-at-16.06.02-1024x601.png HTTP/2.0" 200 213606 "https://ja.tak-cslab.org/archives/591" "Mozilla/5.0 (Windows NT 10.0; Win64; x64) AppleWebKit/537.36 (KHTML, like Gecko) Chrome/96.0.4664.45 Safari/537.36"
150.249.252.76 - - [07/Dec/2021:05:42:57 +0000] "GET /wp-content/uploads/2020/09/Screen-Shot-2020-09-09-at-16.09.33-1024x557.png HTTP/2.0" 200 157205 "https://ja.tak-cslab.org/archives/591" "Mozilla/5.0 (Windows NT 10.0; Win64; x64) AppleWebKit/537.36 (KHTML, like Gecko) Chrome/96.0.4664.45 Safari/537.36"
150.249.252.76 - - [07/Dec/2021:05:42:57 +0000] "GET /wp-content/uploads/2020/09/Screen-Shot-2020-09-09-at-16.13.38-1024x793.png HTTP/2.0" 200 241529 "https://ja.tak-cslab.org/archives/591" "Mozilla/5.0 (Windows NT 10.0; Win64; x64) AppleWebKit/537.36 (KHTML, like Gecko) Chrome/96.0.4664.45 Safari/537.36"
150.249.252.76 - - [07/Dec/2021:05:42:57 +0000] "GET /wp-content/uploads/2020/09/Screen-Shot-2020-09-09-at-16.12.53-1024x616.png HTTP/2.0" 200 335841 "https://ja.tak-cslab.org/archives/591" "Mozilla/5.0 (Windows NT 10.0; Win64; x64) AppleWebKit/537.36 (KHTML, like Gecko) Chrome/96.0.4664.45 Safari/537.36"
150.249.252.76 - - [07/Dec/2021:05:42:57 +0000] "GET /wp-content/uploads/2020/09/Screen-Shot-2020-09-09-at-16.14.45-1024x683.png HTTP/2.0" 200 269113 "https://ja.tak-cslab.org/archives/591" "Mozilla/5.0 (Windows NT 10.0; Win64; x64) AppleWebKit/537.36 (KHTML, like Gecko) Chrome/96.0.4664.45 Safari/537.36"
150.249.252.76 - - [07/Dec/2021:05:42:57 +0000] "GET /wp-content/uploads/2020/09/Screen-Shot-2020-09-09-at-16.15.27-1024x474.png HTTP/2.0" 200 267027 "https://ja.tak-cslab.org/archives/591" "Mozilla/5.0 (Windows NT 10.0; Win64; x64) AppleWebKit/537.36 (KHTML, like Gecko) Chrome/96.0.4664.45 Safari/537.36"
150.249.252.76 - - [07/Dec/2021:05:42:57 +0000] "GET /wp-content/uploads/2020/09/Screen-Shot-2020-09-09-at-16.18.16-1024x804.png HTTP/2.0" 200 261532 "https://ja.tak-cslab.org/archives/591" "Mozilla/5.0 (Windows NT 10.0; Win64; x64) AppleWebKit/537.36 (KHTML, like Gecko) Chrome/96.0.4664.45 Safari/537.36"
150.249.252.76 - - [07/Dec/2021:05:42:57 +0000] "GET /favicon.ico HTTP/2.0" 302 0 "https://ja.tak-cslab.org/archives/591" "Mozilla/5.0 (Windows NT 10.0; Win64; x64) AppleWebKit/537.36 (KHTML, like Gecko) Chrome/96.0.4664.45 Safari/537.36"
150.249.252.76 - - [07/Dec/2021:05:42:57 +0000] "GET /wp-includes/images/w-logo-blue-white-bg.png HTTP/2.0" 200 4119 "https://ja.tak-cslab.org/archives/591" "Mozilla/5.0 (Windows NT 10.0; Win64; x64) AppleWebKit/537.36 (KHTML, like Gecko) Chrome/96.0.4664.45 Safari/537.36"
216.245.221.83 - - [07/Dec/2021:05:44:26 +0000] "HEAD / HTTP/1.1" 301 0 "http://ja.tak-cslab.org/" "Mozilla/5.0+(compatible; UptimeRobot/2.0; http://www.uptimerobot.com/)"
216.245.221.83 - - [07/Dec/2021:05:44:26 +0000] "HEAD / HTTP/1.1" 200 0 "http://ja.tak-cslab.org/" "Mozilla/5.0+(compatible; UptimeRobot/2.0; http://www.uptimerobot.com/)"
153.243.51.8 - - [07/Dec/2021:05:45:51 +0000] "GET /archives/1588 HTTP/2.0" 200 8178 "-" "Mozilla/5.0 (iPhone; CPU iPhone OS 15_1_1 like Mac OS X) AppleWebKit/605.1.15 (KHTML, like Gecko) Version/15.1 Mobile/15E148 Safari/604.1"
153.243.51.8 - - [07/Dec/2021:05:45:52 +0000] "GET /wp-includes/js/wp-emoji-release.min.js?ver=5.8.2 HTTP/2.0" 200 5714 "https://ja.tak-cslab.org/archives/1588" "Mozilla/5.0 (iPhone; CPU iPhone OS 15_1_1 like Mac OS X) AppleWebKit/605.1.15 (KHTML, like Gecko) Version/15.1 Mobile/15E148 Safari/604.1"
153.243.51.8 - - [07/Dec/2021:05:45:52 +0000] "GET /wp-includes/css/dist/block-library/style.min.css?ver=5.8.2 HTTP/2.0" 200 13704 "https://ja.tak-cslab.org/archives/1588" "Mozilla/5.0 (iPhone; CPU iPhone OS 15_1_1 like Mac OS X) AppleWebKit/605.1.15 (KHTML, like Gecko) Version/15.1 Mobile/15E148 Safari/604.1"
153.243.51.8 - - [07/Dec/2021:05:45:52 +0000] "GET /wp-content/themes/cdsl/style.css?ver=1.3.1 HTTP/2.0" 200 272 "https://ja.tak-cslab.org/archives/1588" "Mozilla/5.0 (iPhone; CPU iPhone OS 15_1_1 like Mac OS X) AppleWebKit/605.1.15 (KHTML, like Gecko) Version/15.1 Mobile/15E148 Safari/604.1"
153.243.51.8 - - [07/Dec/2021:05:45:52 +0000] "GET /wp-content/themes/scaffold/assets/js/navigation.js?ver=1.3.1 HTTP/2.0" 200 1266 "https://ja.tak-cslab.org/archives/1588" "Mozilla/5.0 (iPhone; CPU iPhone OS 15_1_1 like Mac OS X) AppleWebKit/605.1.15 (KHTML, like Gecko) Version/15.1 Mobile/15E148 Safari/604.1"
153.243.51.8 - - [07/Dec/2021:05:45:52 +0000] "GET /wp-includes/js/comment-reply.min.js?ver=5.8.2 HTTP/2.0" 200 1390 "https://ja.tak-cslab.org/archives/1588" "Mozilla/5.0 (iPhone; CPU iPhone OS 15_1_1 like Mac OS X) AppleWebKit/605.1.15 (KHTML, like Gecko) Version/15.1 Mobile/15E148 Safari/604.1"
153.243.51.8 - - [07/Dec/2021:05:45:52 +0000] "GET /wp-includes/js/wp-embed.min.js?ver=5.8.2 HTTP/2.0" 200 779 "https://ja.tak-cslab.org/archives/1588" "Mozilla/5.0 (iPhone; CPU iPhone OS 15_1_1 like Mac OS X) AppleWebKit/605.1.15 (KHTML, like Gecko) Version/15.1 Mobile/15E148 Safari/604.1"
153.243.51.8 - - [07/Dec/2021:05:45:52 +0000] "GET /wp-content/themes/scaffold/style.css?ver=5.8.2 HTTP/2.0" 200 5846 "https://ja.tak-cslab.org/archives/1588" "Mozilla/5.0 (iPhone; CPU iPhone OS 15_1_1 like Mac OS X) AppleWebKit/605.1.15 (KHTML, like Gecko) Version/15.1 Mobile/15E148 Safari/604.1"
153.243.51.8 - - [07/Dec/2021:05:45:52 +0000] "GET /wp-content/plugins/native-lazyload/assets/images/placeholder.svg HTTP/2.0" 200 88 "https://ja.tak-cslab.org/archives/1588" "Mozilla/5.0 (iPhone; CPU iPhone OS 15_1_1 like Mac OS X) AppleWebKit/605.1.15 (KHTML, like Gecko) Version/15.1 Mobile/15E148 Safari/604.1"
153.243.51.8 - - [07/Dec/2021:05:45:52 +0000] "GET /wp-content/plugins/native-lazyload/assets/js/lazyload.js HTTP/2.0" 200 1085 "https://ja.tak-cslab.org/archives/1588" "Mozilla/5.0 (iPhone; CPU iPhone OS 15_1_1 like Mac OS X) AppleWebKit/605.1.15 (KHTML, like Gecko) Version/15.1 Mobile/15E148 Safari/604.1"
153.243.51.8 - - [07/Dec/2021:05:45:52 +0000] "GET /favicon.ico HTTP/2.0" 302 0 "https://ja.tak-cslab.org/archives/1588" "Mozilla/5.0 (iPhone; CPU iPhone OS 15_1_1 like Mac OS X) AppleWebKit/605.1.15 (KHTML, like Gecko) Version/15.1 Mobile/15E148 Safari/604.1"
153.243.51.8 - - [07/Dec/2021:05:45:52 +0000] "GET /wp-includes/images/w-logo-blue-white-bg.png HTTP/2.0" 200 4119 "https://ja.tak-cslab.org/archives/1588" "Mozilla/5.0 (iPhone; CPU iPhone OS 15_1_1 like Mac OS X) AppleWebKit/605.1.15 (KHTML, like Gecko) Version/15.1 Mobile/15E148 Safari/604.1"
153.243.51.8 - - [07/Dec/2021:05:45:52 +0000] "GET /wp-content/uploads/2021/11/iOS-%E3%81%AE%E7%94%BB%E5%83%8F-1-scaled.jpg HTTP/2.0" 200 744650 "https://ja.tak-cslab.org/archives/1588" "Mozilla/5.0 (iPhone; CPU iPhone OS 15_1_1 like Mac OS X) AppleWebKit/605.1.15 (KHTML, like Gecko) Version/15.1 Mobile/15E148 Safari/604.1"
153.243.51.8 - - [07/Dec/2021:05:45:52 +0000] "GET /wp-content/uploads/2021/11/iOS-%E3%81%AE%E7%94%BB%E5%83%8F-2-1536x2048.jpg HTTP/2.0" 200 523014 "https://ja.tak-cslab.org/archives/1588" "Mozilla/5.0 (iPhone; CPU iPhone OS 15_1_1 like Mac OS X) AppleWebKit/605.1.15 (KHTML, like Gecko) Version/15.1 Mobile/15E148 Safari/604.1"
153.243.51.8 - - [07/Dec/2021:05:45:52 +0000] "GET /wp-content/uploads/2021/11/iOS-%E3%81%AE%E7%94%BB%E5%83%8F-1-1536x2048.jpg HTTP/2.0" 200 513769 "https://ja.tak-cslab.org/archives/1588" "Mozilla/5.0 (iPhone; CPU iPhone OS 15_1_1 like Mac OS X) AppleWebKit/605.1.15 (KHTML, like Gecko) Version/15.1 Mobile/15E148 Safari/604.1"
153.243.51.8 - - [07/Dec/2021:05:45:52 +0000] "GET /wp-content/uploads/2021/11/iOS-%E3%81%AE%E7%94%BB%E5%83%8F-2-scaled.jpg HTTP/2.0" 200 754192 "https://ja.tak-cslab.org/archives/1588" "Mozilla/5.0 (iPhone; CPU iPhone OS 15_1_1 like Mac OS X) AppleWebKit/605.1.15 (KHTML, like Gecko) Version/15.1 Mobile/15E148 Safari/604.1"
153.243.51.8 - - [07/Dec/2021:05:45:53 +0000] "GET / HTTP/2.0" 200 6222 "https://ja.tak-cslab.org/archives/1588" "Mozilla/5.0 (iPhone; CPU iPhone OS 15_1_1 like Mac OS X) AppleWebKit/605.1.15 (KHTML, like Gecko) Version/15.1 Mobile/15E148 Safari/604.1"
153.243.51.8 - - [07/Dec/2021:05:45:53 +0000] "GET /wp-content/uploads/2020/01/server-e1585573899521.png HTTP/2.0" 200 426115 "https://ja.tak-cslab.org/" "Mozilla/5.0 (iPhone; CPU iPhone OS 15_1_1 like Mac OS X) AppleWebKit/605.1.15 (KHTML, like Gecko) Version/15.1 Mobile/15E148 Safari/604.1"
153.243.51.8 - - [07/Dec/2021:05:45:53 +0000] "GET /wp-content/uploads/2020/01/books-e1585573975658.png HTTP/2.0" 200 549531 "https://ja.tak-cslab.org/" "Mozilla/5.0 (iPhone; CPU iPhone OS 15_1_1 like Mac OS X) AppleWebKit/605.1.15 (KHTML, like Gecko) Version/15.1 Mobile/15E148 Safari/604.1"
153.243.51.8 - - [07/Dec/2021:05:45:54 +0000] "GET /wp-content/uploads/2020/01/iot2-e1585573992906.png HTTP/2.0" 200 439802 "https://ja.tak-cslab.org/" "Mozilla/5.0 (iPhone; CPU iPhone OS 15_1_1 like Mac OS X) AppleWebKit/605.1.15 (KHTML, like Gecko) Version/15.1 Mobile/15E148 Safari/604.1"
153.243.51.8 - - [07/Dec/2021:05:45:54 +0000] "GET /wp-content/uploads/2020/01/desk-e1585573956500.png HTTP/2.0" 200 367831 "https://ja.tak-cslab.org/" "Mozilla/5.0 (iPhone; CPU iPhone OS 15_1_1 like Mac OS X) AppleWebKit/605.1.15 (KHTML, like Gecko) Version/15.1 Mobile/15E148 Safari/604.1"
153.243.51.8 - - [07/Dec/2021:05:45:56 +0000] "GET /archives/1682 HTTP/2.0" 200 7121 "https://ja.tak-cslab.org/" "Mozilla/5.0 (iPhone; CPU iPhone OS 15_1_1 like Mac OS X) AppleWebKit/605.1.15 (KHTML, like Gecko) Version/15.1 Mobile/15E148 Safari/604.1"
153.243.51.8 - - [07/Dec/2021:05:46:09 +0000] "GET /wp-content/uploads/2021/12/IMG_3285-1-1024x682.jpg HTTP/2.0" 200 122634 "https://ja.tak-cslab.org/archives/1682" "Mozilla/5.0 (iPhone; CPU iPhone OS 15_1_1 like Mac OS X) AppleWebKit/605.1.15 (KHTML, like Gecko) Version/15.1 Mobile/15E148 Safari/604.1"
153.243.51.8 - - [07/Dec/2021:05:46:09 +0000] "GET /wp-content/uploads/2021/12/IMG_3285-1-1536x1023.jpg HTTP/2.0" 200 253490 "https://ja.tak-cslab.org/archives/1682" "Mozilla/5.0 (iPhone; CPU iPhone OS 15_1_1 like Mac OS X) AppleWebKit/605.1.15 (KHTML, like Gecko) Version/15.1 Mobile/15E148 Safari/604.1"
34.206.38.217 - - [07/Dec/2021:05:46:22 +0000] "GET /feed HTTP/1.1" 200 56281 "-" "Automate.io BOT"
153.243.51.8 - - [07/Dec/2021:05:46:29 +0000] "GET / HTTP/2.0" 200 6222 "https://ja.tak-cslab.org/archives/1682" "Mozilla/5.0 (iPhone; CPU iPhone OS 15_1_1 like Mac OS X) AppleWebKit/605.1.15 (KHTML, like Gecko) Version/15.1 Mobile/15E148 Safari/604.1"
104.198.89.53 - - [07/Dec/2021:05:47:08 +0000] "GET / HTTP/1.1" 301 162 "-" "Mozilla/5.0 (Windows NT 6.1; WOW64; Trident/7.0; rv:11.0) like Gecko"
104.198.89.53 - - [07/Dec/2021:05:47:08 +0000] "GET / HTTP/1.1" 200 6235 "-" "Mozilla/5.0 (Windows NT 6.1; WOW64; Trident/7.0; rv:11.0) like Gecko"
104.198.89.53 - - [07/Dec/2021:05:47:08 +0000] "GET / HTTP/1.1" 301 162 "-" "Mozilla/5.0 (Windows NT 10.0; Win64; x64; rv:91.0) Gecko/20100101 Firefox/91.0"
104.198.89.53 - - [07/Dec/2021:05:47:08 +0000] "GET / HTTP/1.1" 200 6235 "-" "Mozilla/5.0 (Windows NT 10.0; Win64; x64; rv:91.0) Gecko/20100101 Firefox/91.0"
223.29.218.242 - - [07/Dec/2021:05:47:08 +0000] "GET /archives/848 HTTP/1.1" 200 28245 "https://www.google.com/" "Mozilla/5.0 (Windows NT 10.0; Win64; x64; rv:91.0) Gecko/20100101 Firefox/91.0"
223.29.218.242 - - [07/Dec/2021:05:47:09 +0000] "GET /wp-content/themes/scaffold/style.css?ver=5.8.2 HTTP/1.1" 200 19889 "https://ja.tak-cslab.org/archives/848" "Mozilla/5.0 (Windows NT 10.0; Win64; x64; rv:91.0) Gecko/20100101 Firefox/91.0"
223.29.218.242 - - [07/Dec/2021:05:47:09 +0000] "GET /wp-includes/css/dist/block-library/style.min.css?ver=5.8.2 HTTP/1.1" 200 80574 "https://ja.tak-cslab.org/archives/848" "Mozilla/5.0 (Windows NT 10.0; Win64; x64; rv:91.0) Gecko/20100101 Firefox/91.0"
223.29.218.242 - - [07/Dec/2021:05:47:09 +0000] "GET /wp-content/themes/cdsl/style.css?ver=1.3.1 HTTP/1.1" 200 377 "https://ja.tak-cslab.org/archives/848" "Mozilla/5.0 (Windows NT 10.0; Win64; x64; rv:91.0) Gecko/20100101 Firefox/91.0"
223.29.218.242 - - [07/Dec/2021:05:47:09 +0000] "GET /wp-includes/js/wp-emoji-release.min.js?ver=5.8.2 HTTP/1.1" 200 18181 "https://ja.tak-cslab.org/archives/848" "Mozilla/5.0 (Windows NT 10.0; Win64; x64; rv:91.0) Gecko/20100101 Firefox/91.0"
223.29.218.242 - - [07/Dec/2021:05:47:09 +0000] "GET /wp-includes/js/comment-reply.min.js?ver=5.8.2 HTTP/1.1" 200 2984 "https://ja.tak-cslab.org/archives/848" "Mozilla/5.0 (Windows NT 10.0; Win64; x64; rv:91.0) Gecko/20100101 Firefox/91.0"
223.29.218.242 - - [07/Dec/2021:05:47:09 +0000] "GET /wp-content/themes/scaffold/assets/js/navigation.js?ver=1.3.1 HTTP/1.1" 200 3124 "https://ja.tak-cslab.org/archives/848" "Mozilla/5.0 (Windows NT 10.0; Win64; x64; rv:91.0) Gecko/20100101 Firefox/91.0"
223.29.218.242 - - [07/Dec/2021:05:47:09 +0000] "GET /wp-includes/js/wp-embed.min.js?ver=5.8.2 HTTP/1.1" 200 1426 "https://ja.tak-cslab.org/archives/848" "Mozilla/5.0 (Windows NT 10.0; Win64; x64; rv:91.0) Gecko/20100101 Firefox/91.0"
223.29.218.242 - - [07/Dec/2021:05:47:09 +0000] "GET /favicon.ico HTTP/1.1" 302 5 "https://ja.tak-cslab.org/archives/848" "Mozilla/5.0 (Windows NT 10.0; Win64; x64; rv:91.0) Gecko/20100101 Firefox/91.0"
223.29.218.242 - - [07/Dec/2021:05:47:09 +0000] "GET /wp-includes/images/w-logo-blue-white-bg.png HTTP/1.1" 200 4119 "https://ja.tak-cslab.org/archives/848" "Mozilla/5.0 (Windows NT 10.0; Win64; x64; rv:91.0) Gecko/20100101 Firefox/91.0"
223.29.218.242 - - [07/Dec/2021:05:47:10 +0000] "GET /wp-content/uploads/2020/12/Kubernetes-logo-1.png HTTP/1.1" 200 49082 "https://ja.tak-cslab.org/archives/848" "Mozilla/5.0 (Windows NT 10.0; Win64; x64; rv:91.0) Gecko/20100101 Firefox/91.0"
223.29.218.242 - - [07/Dec/2021:05:47:12 +0000] "GET /wp-content/uploads/2020/12/%E3%82%AD%E3%83%A3%E3%83%97%E3%83%81%E3%83%A3-1024x504.png HTTP/1.1" 200 78330 "https://ja.tak-cslab.org/archives/848" "Mozilla/5.0 (Windows NT 10.0; Win64; x64; rv:91.0) Gecko/20100101 Firefox/91.0"
223.29.218.242 - - [07/Dec/2021:05:47:12 +0000] "GET /wp-content/uploads/2020/12/Rancher_K3s2-1024x536.png HTTP/1.1" 200 79919 "https://ja.tak-cslab.org/archives/848" "Mozilla/5.0 (Windows NT 10.0; Win64; x64; rv:91.0) Gecko/20100101 Firefox/91.0"
223.29.218.242 - - [07/Dec/2021:05:47:20 +0000] "GET /wp-content/uploads/2020/12/79c88101a9c403279aeedc67586221c07ebaed06-1024x517.png HTTP/1.1" 200 166518 "https://ja.tak-cslab.org/archives/848" "Mozilla/5.0 (Windows NT 10.0; Win64; x64; rv:91.0) Gecko/20100101 Firefox/91.0"
51.222.253.11 - - [07/Dec/2021:05:48:25 +0000] "GET /archives/993 HTTP/2.0" 200 6612 "-" "Mozilla/5.0 (compatible; AhrefsBot/7.0; +http://ahrefs.com/robot/)"
216.245.221.83 - - [07/Dec/2021:05:49:26 +0000] "HEAD / HTTP/1.1" 301 0 "http://ja.tak-cslab.org/" "Mozilla/5.0+(compatible; UptimeRobot/2.0; http://www.uptimerobot.com/)"
216.245.221.83 - - [07/Dec/2021:05:49:26 +0000] "HEAD / HTTP/1.1" 200 0 "http://ja.tak-cslab.org/" "Mozilla/5.0+(compatible; UptimeRobot/2.0; http://www.uptimerobot.com/)"
153.243.51.8 - - [07/Dec/2021:05:49:37 +0000] "GET / HTTP/2.0" 200 6222 "https://ja.tak-cslab.org/" "Mozilla/5.0 (iPhone; CPU iPhone OS 15_1_1 like Mac OS X) AppleWebKit/605.1.15 (KHTML, like Gecko) Version/15.1 Mobile/15E148 Safari/604.1"
34.206.38.217 - - [07/Dec/2021:05:51:21 +0000] "GET /feed HTTP/1.1" 200 56281 "-" "Automate.io BOT"
34.201.41.137 - - [07/Dec/2021:05:53:41 +0000] "HEAD /feed HTTP/2.0" 200 0 "-" "Slackbot 1.0 (+https://api.slack.com/robots)"
18.212.191.209 - - [07/Dec/2021:05:53:42 +0000] "GET /feed HTTP/1.1" 200 56281 "-" "Slackbot 1.0 (+https://api.slack.com/robots)"
3.81.68.98 - - [07/Dec/2021:05:53:44 +0000] "GET / HTTP/1.1" 200 6235 "-" "Slackbot 1.0 (+https://api.slack.com/robots)"
216.245.221.83 - - [07/Dec/2021:05:54:26 +0000] "HEAD / HTTP/1.1" 301 0 "http://ja.tak-cslab.org/" "Mozilla/5.0+(compatible; UptimeRobot/2.0; http://www.uptimerobot.com/)"
216.245.221.83 - - [07/Dec/2021:05:54:26 +0000] "HEAD / HTTP/1.1" 200 0 "http://ja.tak-cslab.org/" "Mozilla/5.0+(compatible; UptimeRobot/2.0; http://www.uptimerobot.com/)"
207.46.13.85 - - [07/Dec/2021:05:55:45 +0000] "GET / HTTP/2.0" 200 6222 "-" "Mozilla/5.0 (compatible; bingbot/2.0; +http://www.bing.com/bingbot.htm)"
34.206.38.217 - - [07/Dec/2021:05:56:21 +0000] "GET /feed HTTP/1.1" 200 56281 "-" "Automate.io BOT"
133.155.152.246 - - [07/Dec/2021:05:56:31 +0000] "GET /archives/591 HTTP/2.0" 200 8885 "https://activemail.kagoya.com/" "Mozilla/5.0 (iPad; CPU OS 15_0 like Mac OS X) AppleWebKit/605.1.15 (KHTML, like Gecko) Version/15.0 Mobile/15E148 Safari/604.1"
216.245.221.83 - - [07/Dec/2021:05:59:26 +0000] "HEAD / HTTP/1.1" 301 0 "http://ja.tak-cslab.org/" "Mozilla/5.0+(compatible; UptimeRobot/2.0; http://www.uptimerobot.com/)"
216.245.221.83 - - [07/Dec/2021:05:59:26 +0000] "HEAD / HTTP/1.1" 200 0 "http://ja.tak-cslab.org/" "Mozilla/5.0+(compatible; UptimeRobot/2.0; http://www.uptimerobot.com/)"
163.215.6.1 - - [07/Dec/2021:06:01:21 +0000] "POST /wp-cron.php?doing_wp_cron=1638856881.8624730110168457031250 HTTP/1.1" 200 31 "https://ja.tak-cslab.org/wp-cron.php?doing_wp_cron=1638856881.8624730110168457031250" "WordPress/5.8.2; https://ja.tak-cslab.org"
34.206.38.217 - - [07/Dec/2021:06:01:21 +0000] "GET /feed HTTP/1.1" 200 56281 "-" "Automate.io BOT"
216.245.221.83 - - [07/Dec/2021:06:04:26 +0000] "HEAD / HTTP/1.1" 301 0 "http://ja.tak-cslab.org/" "Mozilla/5.0+(compatible; UptimeRobot/2.0; http://www.uptimerobot.com/)"
216.245.221.83 - - [07/Dec/2021:06:04:26 +0000] "HEAD / HTTP/1.1" 200 0 "http://ja.tak-cslab.org/" "Mozilla/5.0+(compatible; UptimeRobot/2.0; http://www.uptimerobot.com/)"
163.215.6.1 - - [07/Dec/2021:06:04:34 +0000] "GET /favicon.ico HTTP/2.0" 302 0 "-" "com.tinyspeck.chatlyio/21.11.20 (iPhone; iOS 14.8.1; Scale/3.00)"
163.215.6.1 - - [07/Dec/2021:06:04:34 +0000] "GET /wp-includes/images/w-logo-blue-white-bg.png HTTP/2.0" 200 4119 "-" "com.tinyspeck.chatlyio/21.11.20 (iPhone; iOS 14.8.1; Scale/3.00)"
163.215.6.1 - - [07/Dec/2021:06:06:09 +0000] "GET / HTTP/2.0" 200 6222 "-" "Mozilla/5.0 (Macintosh; Intel Mac OS X 10_15_7) AppleWebKit/537.36 (KHTML, like Gecko) Chrome/96.0.4664.55 Safari/537.36"
163.215.6.1 - - [07/Dec/2021:06:06:09 +0000] "GET /wp-content/uploads/2020/01/desk-e1585573956500.png HTTP/2.0" 200 367831 "https://ja.tak-cslab.org/" "Mozilla/5.0 (Macintosh; Intel Mac OS X 10_15_7) AppleWebKit/537.36 (KHTML, like Gecko) Chrome/96.0.4664.55 Safari/537.36"
163.215.6.1 - - [07/Dec/2021:06:06:09 +0000] "GET /wp-content/uploads/2020/01/server-e1585573899521.png HTTP/2.0" 200 426115 "https://ja.tak-cslab.org/" "Mozilla/5.0 (Macintosh; Intel Mac OS X 10_15_7) AppleWebKit/537.36 (KHTML, like Gecko) Chrome/96.0.4664.55 Safari/537.36"
163.215.6.1 - - [07/Dec/2021:06:06:09 +0000] "GET /wp-content/uploads/2020/01/iot2-e1585573992906.png HTTP/2.0" 200 439802 "https://ja.tak-cslab.org/" "Mozilla/5.0 (Macintosh; Intel Mac OS X 10_15_7) AppleWebKit/537.36 (KHTML, like Gecko) Chrome/96.0.4664.55 Safari/537.36"
163.215.6.1 - - [07/Dec/2021:06:06:09 +0000] "GET /wp-content/uploads/2020/01/books-e1585573975658.png HTTP/2.0" 200 549531 "https://ja.tak-cslab.org/" "Mozilla/5.0 (Macintosh; Intel Mac OS X 10_15_7) AppleWebKit/537.36 (KHTML, like Gecko) Chrome/96.0.4664.55 Safari/537.36"
163.215.6.1 - - [07/Dec/2021:06:06:10 +0000] "GET /tech-report HTTP/2.0" 200 12894 "https://ja.tak-cslab.org/" "Mozilla/5.0 (Macintosh; Intel Mac OS X 10_15_7) AppleWebKit/537.36 (KHTML, like Gecko) Chrome/96.0.4664.55 Safari/537.36"
34.206.38.217 - - [07/Dec/2021:06:06:22 +0000] "GET /feed HTTP/1.1" 200 56281 "-" "Automate.io BOT"
150.249.214.249 - - [07/Dec/2021:06:09:10 +0000] "GET / HTTP/1.1" 301 162 "-" "Mozilla/5.0 (Windows NT 6.3; WOW64; Trident/7.0; rv:11.0) like Gecko"
39.111.208.132 - - [07/Dec/2021:06:09:12 +0000] "GET / HTTP/1.1" 200 6235 "-" "Mozilla/5.0 (Windows NT 6.3; WOW64; Trident/7.0; rv:11.0) like Gecko"
39.111.208.132 - - [07/Dec/2021:06:09:14 +0000] "GET / HTTP/1.1" 200 6235 "-" "Mozilla/5.0 (Windows NT 6.3; WOW64; Trident/7.0; rv:11.0) like Gecko"
216.245.221.83 - - [07/Dec/2021:06:09:26 +0000] "HEAD / HTTP/1.1" 301 0 "http://ja.tak-cslab.org/" "Mozilla/5.0+(compatible; UptimeRobot/2.0; http://www.uptimerobot.com/)"
216.245.221.83 - - [07/Dec/2021:06:09:26 +0000] "HEAD / HTTP/1.1" 200 0 "http://ja.tak-cslab.org/" "Mozilla/5.0+(compatible; UptimeRobot/2.0; http://www.uptimerobot.com/)"
124.144.16.75 - - [07/Dec/2021:06:10:18 +0000] "GET /wp-content/uploads/2020/12/Rancher_K3s2-1024x536.png HTTP/2.0" 200 79919 "https://www.google.com/" "Mozilla/5.0 (Windows NT 10.0; Win64; x64) AppleWebKit/537.36 (KHTML, like Gecko) Chrome/96.0.4664.45 Safari/537.36"
124.144.16.75 - - [07/Dec/2021:06:10:37 +0000] "GET /wp-content/uploads/2020/12/Kubernetes-logo-1.png HTTP/2.0" 200 49082 "https://www.google.com/" "Mozilla/5.0 (Windows NT 10.0; Win64; x64) AppleWebKit/537.36 (KHTML, like Gecko) Chrome/96.0.4664.45 Safari/537.36"
124.144.16.75 - - [07/Dec/2021:06:11:14 +0000] "GET /wp-content/uploads/2020/12/%E3%82%AD%E3%83%A3%E3%83%97%E3%83%81%E3%83%A3-1024x504.png HTTP/2.0" 200 78330 "https://www.google.com/" "Mozilla/5.0 (Windows NT 10.0; Win64; x64) AppleWebKit/537.36 (KHTML, like Gecko) Chrome/96.0.4664.45 Safari/537.36"
34.206.38.217 - - [07/Dec/2021:06:11:21 +0000] "GET /feed HTTP/1.1" 200 56281 "-" "Automate.io BOT"
18.209.11.92 - - [07/Dec/2021:06:13:42 +0000] "HEAD /feed HTTP/2.0" 200 0 "-" "Slackbot 1.0 (+https://api.slack.com/robots)"
54.224.186.77 - - [07/Dec/2021:06:13:43 +0000] "GET /feed HTTP/1.1" 200 56281 "-" "Slackbot 1.0 (+https://api.slack.com/robots)"
3.86.55.66 - - [07/Dec/2021:06:13:46 +0000] "GET / HTTP/1.1" 200 6235 "-" "Slackbot 1.0 (+https://api.slack.com/robots)"
216.245.221.83 - - [07/Dec/2021:06:14:26 +0000] "HEAD / HTTP/1.1" 301 0 "http://ja.tak-cslab.org/" "Mozilla/5.0+(compatible; UptimeRobot/2.0; http://www.uptimerobot.com/)"
216.245.221.83 - - [07/Dec/2021:06:14:26 +0000] "HEAD / HTTP/1.1" 200 0 "http://ja.tak-cslab.org/" "Mozilla/5.0+(compatible; UptimeRobot/2.0; http://www.uptimerobot.com/)"
34.206.38.217 - - [07/Dec/2021:06:16:22 +0000] "GET /feed HTTP/1.1" 200 56281 "-" "Automate.io BOT"
216.245.221.83 - - [07/Dec/2021:06:19:26 +0000] "HEAD / HTTP/1.1" 301 0 "http://ja.tak-cslab.org/" "Mozilla/5.0+(compatible; UptimeRobot/2.0; http://www.uptimerobot.com/)"
163.215.6.1 - - [07/Dec/2021:06:19:26 +0000] "POST /wp-cron.php?doing_wp_cron=1638857966.6561019420623779296875 HTTP/1.1" 200 31 "https://ja.tak-cslab.org/wp-cron.php?doing_wp_cron=1638857966.6561019420623779296875" "WordPress/5.8.2; https://ja.tak-cslab.org"
216.245.221.83 - - [07/Dec/2021:06:19:26 +0000] "HEAD / HTTP/1.1" 200 0 "http://ja.tak-cslab.org/" "Mozilla/5.0+(compatible; UptimeRobot/2.0; http://www.uptimerobot.com/)"
34.206.38.217 - - [07/Dec/2021:06:21:21 +0000] "GET /feed HTTP/1.1" 200 56281 "-" "Automate.io BOT"
52.114.14.71 - - [07/Dec/2021:06:22:52 +0000] "GET /archives/591 HTTP/1.1" 200 8912 "-" "Mozilla/5.0 (Windows NT 6.1; WOW64) SkypeUriPreview Preview/0.5 skype-url-preview@microsoft.com"
52.114.14.71 - - [07/Dec/2021:06:22:53 +0000] "GET /wp-content/uploads/2020/09/Screen-Shot-2020-09-09-at-16.14.45-1024x683-1.png HTTP/1.1" 200 269113 "-" "Mozilla/5.0 (Windows NT 6.1; WOW64) SkypeUriPreview Preview/0.5 skype-url-preview@microsoft.com"
52.114.14.71 - - [07/Dec/2021:06:22:53 +0000] "GET /favicon.ico HTTP/1.1" 302 5 "-" "Mozilla/5.0 (Windows NT 6.1; WOW64) SkypeUriPreview Preview/0.5 skype-url-preview@microsoft.com"
52.114.14.71 - - [07/Dec/2021:06:22:53 +0000] "GET /wp-includes/images/w-logo-blue-white-bg.png HTTP/1.1" 200 4119 "-" "Mozilla/5.0 (Windows NT 6.1; WOW64) SkypeUriPreview Preview/0.5 skype-url-preview@microsoft.com"
216.245.221.83 - - [07/Dec/2021:06:24:26 +0000] "HEAD / HTTP/1.1" 301 0 "http://ja.tak-cslab.org/" "Mozilla/5.0+(compatible; UptimeRobot/2.0; http://www.uptimerobot.com/)"
216.245.221.83 - - [07/Dec/2021:06:24:26 +0000] "HEAD / HTTP/1.1" 200 0 "http://ja.tak-cslab.org/" "Mozilla/5.0+(compatible; UptimeRobot/2.0; http://www.uptimerobot.com/)"
34.206.38.217 - - [07/Dec/2021:06:26:22 +0000] "GET /feed HTTP/1.1" 200 56281 "-" "Automate.io BOT"
216.245.221.83 - - [07/Dec/2021:06:29:26 +0000] "HEAD / HTTP/1.1" 301 0 "http://ja.tak-cslab.org/" "Mozilla/5.0+(compatible; UptimeRobot/2.0; http://www.uptimerobot.com/)"
216.245.221.83 - - [07/Dec/2021:06:29:26 +0000] "HEAD / HTTP/1.1" 200 0 "http://ja.tak-cslab.org/" "Mozilla/5.0+(compatible; UptimeRobot/2.0; http://www.uptimerobot.com/)"
52.198.63.255 - - [07/Dec/2021:06:30:32 +0000] "GET /favicon.ico HTTP/1.1" 302 5 "-" "Slack-ImgProxy (+https://api.slack.com/robots)"
13.231.187.212 - - [07/Dec/2021:06:30:32 +0000] "GET /wp-includes/images/w-logo-blue-white-bg.png HTTP/1.1" 200 4119 "-" "Slack-ImgProxy (+https://api.slack.com/robots)"
122.214.205.114 - - [07/Dec/2021:06:30:56 +0000] "GET /archives/591 HTTP/2.0" 200 8885 "-" "Mozilla/5.0 (iPhone; CPU iPhone OS 15_1 like Mac OS X) AppleWebKit/605.1.15 (KHTML, like Gecko) Version/15.1 Mobile/15E148 Safari/604.1"
122.214.205.114 - - [07/Dec/2021:06:30:56 +0000] "GET /wp-includes/js/wp-emoji-release.min.js?ver=5.8.2 HTTP/2.0" 200 5714 "https://ja.tak-cslab.org/archives/591" "Mozilla/5.0 (iPhone; CPU iPhone OS 15_1 like Mac OS X) AppleWebKit/605.1.15 (KHTML, like Gecko) Version/15.1 Mobile/15E148 Safari/604.1"
122.214.205.114 - - [07/Dec/2021:06:30:56 +0000] "GET /wp-content/themes/cdsl/style.css?ver=1.3.1 HTTP/2.0" 200 272 "https://ja.tak-cslab.org/archives/591" "Mozilla/5.0 (iPhone; CPU iPhone OS 15_1 like Mac OS X) AppleWebKit/605.1.15 (KHTML, like Gecko) Version/15.1 Mobile/15E148 Safari/604.1"
122.214.205.114 - - [07/Dec/2021:06:30:56 +0000] "GET /wp-content/themes/scaffold/style.css?ver=5.8.2 HTTP/2.0" 200 5846 "https://ja.tak-cslab.org/archives/591" "Mozilla/5.0 (iPhone; CPU iPhone OS 15_1 like Mac OS X) AppleWebKit/605.1.15 (KHTML, like Gecko) Version/15.1 Mobile/15E148 Safari/604.1"
122.214.205.114 - - [07/Dec/2021:06:30:56 +0000] "GET /wp-content/themes/scaffold/assets/js/navigation.js?ver=1.3.1 HTTP/2.0" 200 1266 "https://ja.tak-cslab.org/archives/591" "Mozilla/5.0 (iPhone; CPU iPhone OS 15_1 like Mac OS X) AppleWebKit/605.1.15 (KHTML, like Gecko) Version/15.1 Mobile/15E148 Safari/604.1"
122.214.205.114 - - [07/Dec/2021:06:30:56 +0000] "GET /wp-includes/js/comment-reply.min.js?ver=5.8.2 HTTP/2.0" 200 1390 "https://ja.tak-cslab.org/archives/591" "Mozilla/5.0 (iPhone; CPU iPhone OS 15_1 like Mac OS X) AppleWebKit/605.1.15 (KHTML, like Gecko) Version/15.1 Mobile/15E148 Safari/604.1"
122.214.205.114 - - [07/Dec/2021:06:30:56 +0000] "GET /wp-includes/js/wp-embed.min.js?ver=5.8.2 HTTP/2.0" 200 779 "https://ja.tak-cslab.org/archives/591" "Mozilla/5.0 (iPhone; CPU iPhone OS 15_1 like Mac OS X) AppleWebKit/605.1.15 (KHTML, like Gecko) Version/15.1 Mobile/15E148 Safari/604.1"
122.214.205.114 - - [07/Dec/2021:06:30:56 +0000] "GET /wp-includes/css/dist/block-library/style.min.css?ver=5.8.2 HTTP/2.0" 200 13704 "https://ja.tak-cslab.org/archives/591" "Mozilla/5.0 (iPhone; CPU iPhone OS 15_1 like Mac OS X) AppleWebKit/605.1.15 (KHTML, like Gecko) Version/15.1 Mobile/15E148 Safari/604.1"
122.214.205.114 - - [07/Dec/2021:06:30:56 +0000] "GET /wp-content/plugins/native-lazyload/assets/images/placeholder.svg HTTP/2.0" 200 88 "https://ja.tak-cslab.org/archives/591" "Mozilla/5.0 (iPhone; CPU iPhone OS 15_1 like Mac OS X) AppleWebKit/605.1.15 (KHTML, like Gecko) Version/15.1 Mobile/15E148 Safari/604.1"
122.214.205.114 - - [07/Dec/2021:06:30:56 +0000] "GET /wp-content/plugins/native-lazyload/assets/js/lazyload.js HTTP/2.0" 200 1085 "https://ja.tak-cslab.org/archives/591" "Mozilla/5.0 (iPhone; CPU iPhone OS 15_1 like Mac OS X) AppleWebKit/605.1.15 (KHTML, like Gecko) Version/15.1 Mobile/15E148 Safari/604.1"
122.214.205.114 - - [07/Dec/2021:06:30:56 +0000] "GET /wp-content/uploads/2020/09/Screen-Shot-2020-09-09-at-16.14.45-1024x683-1-600x400.png HTTP/2.0" 200 96716 "https://ja.tak-cslab.org/archives/591" "Mozilla/5.0 (iPhone; CPU iPhone OS 15_1 like Mac OS X) AppleWebKit/605.1.15 (KHTML, like Gecko) Version/15.1 Mobile/15E148 Safari/604.1"
122.214.205.114 - - [07/Dec/2021:06:30:56 +0000] "GET /wp-content/uploads/2020/09/Screen-Shot-2020-09-09-at-16.14.45-1024x683-1.png HTTP/2.0" 200 269113 "https://ja.tak-cslab.org/archives/591" "Mozilla/5.0 (iPhone; CPU iPhone OS 15_1 like Mac OS X) AppleWebKit/605.1.15 (KHTML, like Gecko) Version/15.1 Mobile/15E148 Safari/604.1"
122.214.205.114 - - [07/Dec/2021:06:30:57 +0000] "GET /favicon.ico HTTP/2.0" 302 0 "https://ja.tak-cslab.org/archives/591" "Mozilla/5.0 (iPhone; CPU iPhone OS 15_1 like Mac OS X) AppleWebKit/605.1.15 (KHTML, like Gecko) Version/15.1 Mobile/15E148 Safari/604.1"
122.214.205.114 - - [07/Dec/2021:06:30:57 +0000] "GET /wp-includes/images/w-logo-blue-white-bg.png HTTP/2.0" 200 4119 "https://ja.tak-cslab.org/archives/591" "Mozilla/5.0 (iPhone; CPU iPhone OS 15_1 like Mac OS X) AppleWebKit/605.1.15 (KHTML, like Gecko) Version/15.1 Mobile/15E148 Safari/604.1"
122.214.205.114 - - [07/Dec/2021:06:30:58 +0000] "GET /wp-content/uploads/2020/09/image-3.png HTTP/2.0" 200 43382 "https://ja.tak-cslab.org/archives/591" "Mozilla/5.0 (iPhone; CPU iPhone OS 15_1 like Mac OS X) AppleWebKit/605.1.15 (KHTML, like Gecko) Version/15.1 Mobile/15E148 Safari/604.1"
122.214.205.114 - - [07/Dec/2021:06:30:58 +0000] "GET /wp-content/uploads/2020/09/Screen-Shot-2020-09-09-at-16.04.25-1024x729.png HTTP/2.0" 200 133423 "https://ja.tak-cslab.org/archives/591" "Mozilla/5.0 (iPhone; CPU iPhone OS 15_1 like Mac OS X) AppleWebKit/605.1.15 (KHTML, like Gecko) Version/15.1 Mobile/15E148 Safari/604.1"
122.214.205.114 - - [07/Dec/2021:06:30:58 +0000] "GET /wp-content/uploads/2020/09/Screen-Shot-2020-09-09-at-16.04.25-1536x1094.png HTTP/2.0" 200 456275 "https://ja.tak-cslab.org/archives/591" "Mozilla/5.0 (iPhone; CPU iPhone OS 15_1 like Mac OS X) AppleWebKit/605.1.15 (KHTML, like Gecko) Version/15.1 Mobile/15E148 Safari/604.1"
122.214.205.114 - - [07/Dec/2021:06:30:59 +0000] "GET /wp-content/uploads/2020/09/Screen-Shot-2020-09-09-at-16.05.11-1024x252.png HTTP/2.0" 200 104018 "https://ja.tak-cslab.org/archives/591" "Mozilla/5.0 (iPhone; CPU iPhone OS 15_1 like Mac OS X) AppleWebKit/605.1.15 (KHTML, like Gecko) Version/15.1 Mobile/15E148 Safari/604.1"
122.214.205.114 - - [07/Dec/2021:06:30:59 +0000] "GET /wp-content/uploads/2020/09/Screen-Shot-2020-09-09-at-16.05.11-1536x378.png HTTP/2.0" 200 303558 "https://ja.tak-cslab.org/archives/591" "Mozilla/5.0 (iPhone; CPU iPhone OS 15_1 like Mac OS X) AppleWebKit/605.1.15 (KHTML, like Gecko) Version/15.1 Mobile/15E148 Safari/604.1"
122.214.205.114 - - [07/Dec/2021:06:30:59 +0000] "GET /wp-content/uploads/2020/09/Screen-Shot-2020-09-09-at-16.06.02.png HTTP/2.0" 200 93855 "https://ja.tak-cslab.org/archives/591" "Mozilla/5.0 (iPhone; CPU iPhone OS 15_1 like Mac OS X) AppleWebKit/605.1.15 (KHTML, like Gecko) Version/15.1 Mobile/15E148 Safari/604.1"
122.214.205.114 - - [07/Dec/2021:06:30:59 +0000] "GET /wp-content/uploads/2020/09/Screen-Shot-2020-09-09-at-16.06.02-1024x601.png HTTP/2.0" 200 213606 "https://ja.tak-cslab.org/archives/591" "Mozilla/5.0 (iPhone; CPU iPhone OS 15_1 like Mac OS X) AppleWebKit/605.1.15 (KHTML, like Gecko) Version/15.1 Mobile/15E148 Safari/604.1"
122.214.205.114 - - [07/Dec/2021:06:30:59 +0000] "GET /wp-content/uploads/2020/09/Screen-Shot-2020-09-09-at-16.07.06.png HTTP/2.0" 200 91719 "https://ja.tak-cslab.org/archives/591" "Mozilla/5.0 (iPhone; CPU iPhone OS 15_1 like Mac OS X) AppleWebKit/605.1.15 (KHTML, like Gecko) Version/15.1 Mobile/15E148 Safari/604.1"
122.214.205.114 - - [07/Dec/2021:06:30:59 +0000] "GET /wp-content/uploads/2020/09/Screen-Shot-2020-09-09-at-16.07.06-1024x547.png HTTP/2.0" 200 122325 "https://ja.tak-cslab.org/archives/591" "Mozilla/5.0 (iPhone; CPU iPhone OS 15_1 like Mac OS X) AppleWebKit/605.1.15 (KHTML, like Gecko) Version/15.1 Mobile/15E148 Safari/604.1"
122.214.205.114 - - [07/Dec/2021:06:31:00 +0000] "GET /wp-content/uploads/2020/09/Screen-Shot-2020-09-09-at-16.09.33.png HTTP/2.0" 200 102158 "https://ja.tak-cslab.org/archives/591" "Mozilla/5.0 (iPhone; CPU iPhone OS 15_1 like Mac OS X) AppleWebKit/605.1.15 (KHTML, like Gecko) Version/15.1 Mobile/15E148 Safari/604.1"
122.214.205.114 - - [07/Dec/2021:06:31:00 +0000] "GET /wp-content/uploads/2020/09/Screen-Shot-2020-09-09-at-16.09.33-1024x557.png HTTP/2.0" 200 157205 "https://ja.tak-cslab.org/archives/591" "Mozilla/5.0 (iPhone; CPU iPhone OS 15_1 like Mac OS X) AppleWebKit/605.1.15 (KHTML, like Gecko) Version/15.1 Mobile/15E148 Safari/604.1"
122.214.205.114 - - [07/Dec/2021:06:31:00 +0000] "GET /wp-content/uploads/2020/09/Screen-Shot-2020-09-09-at-16.13.38-1024x793.png HTTP/2.0" 200 241529 "https://ja.tak-cslab.org/archives/591" "Mozilla/5.0 (iPhone; CPU iPhone OS 15_1 like Mac OS X) AppleWebKit/605.1.15 (KHTML, like Gecko) Version/15.1 Mobile/15E148 Safari/604.1"
122.214.205.114 - - [07/Dec/2021:06:31:00 +0000] "GET /wp-content/uploads/2020/09/Screen-Shot-2020-09-09-at-16.13.38.png HTTP/2.0" 200 132111 "https://ja.tak-cslab.org/archives/591" "Mozilla/5.0 (iPhone; CPU iPhone OS 15_1 like Mac OS X) AppleWebKit/605.1.15 (KHTML, like Gecko) Version/15.1 Mobile/15E148 Safari/604.1"
122.214.205.114 - - [07/Dec/2021:06:31:00 +0000] "GET /wp-content/uploads/2020/09/Screen-Shot-2020-09-09-at-16.14.45.png HTTP/2.0" 200 124274 "https://ja.tak-cslab.org/archives/591" "Mozilla/5.0 (iPhone; CPU iPhone OS 15_1 like Mac OS X) AppleWebKit/605.1.15 (KHTML, like Gecko) Version/15.1 Mobile/15E148 Safari/604.1"
122.214.205.114 - - [07/Dec/2021:06:31:00 +0000] "GET /wp-content/uploads/2020/09/Screen-Shot-2020-09-09-at-16.12.53-1024x616.png HTTP/2.0" 200 335841 "https://ja.tak-cslab.org/archives/591" "Mozilla/5.0 (iPhone; CPU iPhone OS 15_1 like Mac OS X) AppleWebKit/605.1.15 (KHTML, like Gecko) Version/15.1 Mobile/15E148 Safari/604.1"
122.214.205.114 - - [07/Dec/2021:06:31:00 +0000] "GET /wp-content/uploads/2020/09/Screen-Shot-2020-09-09-at-16.14.45-1024x683.png HTTP/2.0" 200 269113 "https://ja.tak-cslab.org/archives/591" "Mozilla/5.0 (iPhone; CPU iPhone OS 15_1 like Mac OS X) AppleWebKit/605.1.15 (KHTML, like Gecko) Version/15.1 Mobile/15E148 Safari/604.1"
