175.132.112.140 - - [06/Dec/2021:01:29:49 +0000] "GET /wp-admin/js/media-upload.min.js?ver=5.8.2 HTTP/2.0" 200 629 "https://ja.tak-cslab.org/wp-admin/" "Mozilla/5.0 (Windows NT 10.0; Win64; x64) AppleWebKit/537.36 (KHTML, like Gecko) Chrome/96.0.4664.45 Safari/537.36"
175.132.112.140 - - [06/Dec/2021:01:29:49 +0000] "GET /wp-includes/js/shortcode.min.js?ver=5.8.2 HTTP/2.0" 200 1200 "https://ja.tak-cslab.org/wp-admin/" "Mozilla/5.0 (Windows NT 10.0; Win64; x64) AppleWebKit/537.36 (KHTML, like Gecko) Chrome/96.0.4664.45 Safari/537.36"
175.132.112.140 - - [06/Dec/2021:01:29:49 +0000] "GET /wp-admin/js/dashboard.min.js?ver=5.8.2 HTTP/2.0" 200 3313 "https://ja.tak-cslab.org/wp-admin/" "Mozilla/5.0 (Windows NT 10.0; Win64; x64) AppleWebKit/537.36 (KHTML, like Gecko) Chrome/96.0.4664.45 Safari/537.36"
175.132.112.140 - - [06/Dec/2021:01:29:49 +0000] "GET /wp-includes/js/dist/a11y.min.js?ver=0ac8327cc1c40dcfdf29716affd7ac63 HTTP/2.0" 200 1207 "https://ja.tak-cslab.org/wp-admin/" "Mozilla/5.0 (Windows NT 10.0; Win64; x64) AppleWebKit/537.36 (KHTML, like Gecko) Chrome/96.0.4664.45 Safari/537.36"
175.132.112.140 - - [06/Dec/2021:01:29:49 +0000] "GET /wp-includes/js/dist/dom-ready.min.js?ver=71883072590656bf22c74c7b887df3dd HTTP/2.0" 200 620 "https://ja.tak-cslab.org/wp-admin/" "Mozilla/5.0 (Windows NT 10.0; Win64; x64) AppleWebKit/537.36 (KHTML, like Gecko) Chrome/96.0.4664.45 Safari/537.36"
175.132.112.140 - - [06/Dec/2021:01:29:49 +0000] "GET /wp-includes/js/jquery/ui/mouse.min.js?ver=1.12.1 HTTP/2.0" 200 1189 "https://ja.tak-cslab.org/wp-admin/" "Mozilla/5.0 (Windows NT 10.0; Win64; x64) AppleWebKit/537.36 (KHTML, like Gecko) Chrome/96.0.4664.45 Safari/537.36"
175.132.112.140 - - [06/Dec/2021:01:29:49 +0000] "GET /wp-content/plugins/webp-converter-for-media/assets/build/js/scripts.js?ver=4.0.0 HTTP/2.0" 200 11483 "https://ja.tak-cslab.org/wp-admin/" "Mozilla/5.0 (Windows NT 10.0; Win64; x64) AppleWebKit/537.36 (KHTML, like Gecko) Chrome/96.0.4664.45 Safari/537.36"
175.132.112.140 - - [06/Dec/2021:01:29:49 +0000] "GET /wp-includes/js/thickbox/thickbox.js?ver=3.1-20121105 HTTP/2.0" 200 4488 "https://ja.tak-cslab.org/wp-admin/" "Mozilla/5.0 (Windows NT 10.0; Win64; x64) AppleWebKit/537.36 (KHTML, like Gecko) Chrome/96.0.4664.45 Safari/537.36"
175.132.112.140 - - [06/Dec/2021:01:29:49 +0000] "GET /wp-includes/js/jquery/ui/sortable.min.js?ver=1.12.1 HTTP/2.0" 200 7661 "https://ja.tak-cslab.org/wp-admin/" "Mozilla/5.0 (Windows NT 10.0; Win64; x64) AppleWebKit/537.36 (KHTML, like Gecko) Chrome/96.0.4664.45 Safari/537.36"
175.132.112.140 - - [06/Dec/2021:01:29:49 +0000] "GET /wp-includes/js/jquery/ui/core.min.js?ver=1.12.1 HTTP/2.0" 200 7680 "https://ja.tak-cslab.org/wp-admin/" "Mozilla/5.0 (Windows NT 10.0; Win64; x64) AppleWebKit/537.36 (KHTML, like Gecko) Chrome/96.0.4664.45 Safari/537.36"
175.132.112.140 - - [06/Dec/2021:01:29:49 +0000] "GET /wp-includes/js/dist/vendor/moment.min.js?ver=2.29.1 HTTP/2.0" 200 21325 "https://ja.tak-cslab.org/wp-admin/" "Mozilla/5.0 (Windows NT 10.0; Win64; x64) AppleWebKit/537.36 (KHTML, like Gecko) Chrome/96.0.4664.45 Safari/537.36"
175.132.112.140 - - [06/Dec/2021:01:29:49 +0000] "GET /wp-admin/js/edit-comments.min.js?ver=5.8.2 HTTP/2.0" 200 5780 "https://ja.tak-cslab.org/wp-admin/" "Mozilla/5.0 (Windows NT 10.0; Win64; x64) AppleWebKit/537.36 (KHTML, like Gecko) Chrome/96.0.4664.45 Safari/537.36"
175.132.112.140 - - [06/Dec/2021:01:29:49 +0000] "GET /wp-includes/js/dist/date.min.js?ver=061439ac4325ef057b8f9c142c82a823 HTTP/2.0" 200 41205 "https://ja.tak-cslab.org/wp-admin/" "Mozilla/5.0 (Windows NT 10.0; Win64; x64) AppleWebKit/537.36 (KHTML, like Gecko) Chrome/96.0.4664.45 Safari/537.36"
175.132.112.140 - - [06/Dec/2021:01:29:49 +0000] "GET /wp-includes/js/jquery/jquery.query.js?ver=2.1.7 HTTP/2.0" 200 1751 "https://ja.tak-cslab.org/wp-admin/" "Mozilla/5.0 (Windows NT 10.0; Win64; x64) AppleWebKit/537.36 (KHTML, like Gecko) Chrome/96.0.4664.45 Safari/537.36"
175.132.112.140 - - [06/Dec/2021:01:29:49 +0000] "GET /wp-includes/js/quicktags.min.js?ver=5.8.2 HTTP/2.0" 200 3877 "https://ja.tak-cslab.org/wp-admin/" "Mozilla/5.0 (Windows NT 10.0; Win64; x64) AppleWebKit/537.36 (KHTML, like Gecko) Chrome/96.0.4664.45 Safari/537.36"
175.132.112.140 - - [06/Dec/2021:01:29:49 +0000] "GET /wp-includes/js/thickbox/loadingAnimation.gif HTTP/2.0" 200 15238 "https://ja.tak-cslab.org/wp-admin/" "Mozilla/5.0 (Windows NT 10.0; Win64; x64) AppleWebKit/537.36 (KHTML, like Gecko) Chrome/96.0.4664.45 Safari/537.36"
175.132.112.140 - - [06/Dec/2021:01:29:49 +0000] "GET /wp-admin/admin-ajax.php?action=dashboard-widgets&widget=dashboard_primary&pagenow=dashboard HTTP/2.0" 200 120 "https://ja.tak-cslab.org/wp-admin/" "Mozilla/5.0 (Windows NT 10.0; Win64; x64) AppleWebKit/537.36 (KHTML, like Gecko) Chrome/96.0.4664.45 Safari/537.36"
175.132.112.140 - - [06/Dec/2021:01:29:49 +0000] "GET /wp-admin/edit.php HTTP/2.0" 200 24281 "https://ja.tak-cslab.org/wp-admin/" "Mozilla/5.0 (Windows NT 10.0; Win64; x64) AppleWebKit/537.36 (KHTML, like Gecko) Chrome/96.0.4664.45 Safari/537.36"
175.132.112.140 - - [06/Dec/2021:01:29:49 +0000] "POST /wp-admin/admin-ajax.php HTTP/2.0" 499 0 "https://ja.tak-cslab.org/wp-admin/" "Mozilla/5.0 (Windows NT 10.0; Win64; x64) AppleWebKit/537.36 (KHTML, like Gecko) Chrome/96.0.4664.45 Safari/537.36"
175.132.112.140 - - [06/Dec/2021:01:29:49 +0000] "GET /wp-includes/js/jquery/ui/menu.min.js?ver=1.12.1 HTTP/2.0" 200 3301 "https://ja.tak-cslab.org/wp-admin/edit.php" "Mozilla/5.0 (Windows NT 10.0; Win64; x64) AppleWebKit/537.36 (KHTML, like Gecko) Chrome/96.0.4664.45 Safari/537.36"
175.132.112.140 - - [06/Dec/2021:01:29:49 +0000] "GET /wp-includes/js/jquery/ui/autocomplete.min.js?ver=1.12.1 HTTP/2.0" 200 3215 "https://ja.tak-cslab.org/wp-admin/edit.php" "Mozilla/5.0 (Windows NT 10.0; Win64; x64) AppleWebKit/537.36 (KHTML, like Gecko) Chrome/96.0.4664.45 Safari/537.36"
175.132.112.140 - - [06/Dec/2021:01:29:49 +0000] "GET /wp-admin/js/tags-suggest.min.js?ver=5.8.2 HTTP/2.0" 200 1105 "https://ja.tak-cslab.org/wp-admin/edit.php" "Mozilla/5.0 (Windows NT 10.0; Win64; x64) AppleWebKit/537.36 (KHTML, like Gecko) Chrome/96.0.4664.45 Safari/537.36"
175.132.112.140 - - [06/Dec/2021:01:29:49 +0000] "GET /wp-admin/js/inline-edit-post.min.js?ver=5.8.2 HTTP/2.0" 200 2903 "https://ja.tak-cslab.org/wp-admin/edit.php" "Mozilla/5.0 (Windows NT 10.0; Win64; x64) AppleWebKit/537.36 (KHTML, like Gecko) Chrome/96.0.4664.45 Safari/537.36"
175.132.112.140 - - [06/Dec/2021:01:29:49 +0000] "POST /wp-admin/admin-ajax.php HTTP/2.0" 200 67 "https://ja.tak-cslab.org/wp-admin/edit.php" "Mozilla/5.0 (Windows NT 10.0; Win64; x64) AppleWebKit/537.36 (KHTML, like Gecko) Chrome/96.0.4664.45 Safari/537.36"
175.132.112.140 - - [06/Dec/2021:01:30:00 +0000] "GET /wp-includes/js/mediaelement/mediaelementplayer-legacy.min.css?ver=4.2.16 HTTP/2.0" 200 3007 "https://ja.tak-cslab.org/wp-admin/post-new.php" "Mozilla/5.0 (Windows NT 10.0; Win64; x64) AppleWebKit/537.36 (KHTML, like Gecko) Chrome/96.0.4664.45 Safari/537.36"
175.132.112.140 - - [06/Dec/2021:01:30:00 +0000] "GET /wp-includes/js/mediaelement/wp-mediaelement.min.css?ver=5.8.2 HTTP/2.0" 200 1297 "https://ja.tak-cslab.org/wp-admin/post-new.php" "Mozilla/5.0 (Windows NT 10.0; Win64; x64) AppleWebKit/537.36 (KHTML, like Gecko) Chrome/96.0.4664.45 Safari/537.36"
175.132.112.140 - - [06/Dec/2021:01:30:00 +0000] "GET /wp-includes/js/imgareaselect/imgareaselect.css?ver=0.9.8 HTTP/2.0" 200 275 "https://ja.tak-cslab.org/wp-admin/post-new.php" "Mozilla/5.0 (Windows NT 10.0; Win64; x64) AppleWebKit/537.36 (KHTML, like Gecko) Chrome/96.0.4664.45 Safari/537.36"
175.132.112.140 - - [06/Dec/2021:01:30:00 +0000] "GET /wp-content/plugins/seo-simple-pack/dist/css/post.css?ver=2.2.7 HTTP/2.0" 200 490 "https://ja.tak-cslab.org/wp-admin/post-new.php" "Mozilla/5.0 (Windows NT 10.0; Win64; x64) AppleWebKit/537.36 (KHTML, like Gecko) Chrome/96.0.4664.45 Safari/537.36"
175.132.112.140 - - [06/Dec/2021:01:30:00 +0000] "GET /wp-includes/js/dist/vendor/react.min.js?ver=16.13.1 HTTP/2.0" 200 5338 "https://ja.tak-cslab.org/wp-admin/post-new.php" "Mozilla/5.0 (Windows NT 10.0; Win64; x64) AppleWebKit/537.36 (KHTML, like Gecko) Chrome/96.0.4664.45 Safari/537.36"
175.132.112.140 - - [06/Dec/2021:01:30:00 +0000] "GET /wp-includes/js/dist/blob.min.js?ver=4eca38a62df5f0145a5f1a78858581e7 HTTP/2.0" 200 726 "https://ja.tak-cslab.org/wp-admin/post-new.php" "Mozilla/5.0 (Windows NT 10.0; Win64; x64) AppleWebKit/537.36 (KHTML, like Gecko) Chrome/96.0.4664.45 Safari/537.36"
175.132.112.140 - - [06/Dec/2021:01:30:00 +0000] "GET /wp-includes/js/dist/autop.min.js?ver=0e55c6c10f6d8a4bd90b2ea903436301 HTTP/2.0" 200 2501 "https://ja.tak-cslab.org/wp-admin/post-new.php" "Mozilla/5.0 (Windows NT 10.0; Win64; x64) AppleWebKit/537.36 (KHTML, like Gecko) Chrome/96.0.4664.45 Safari/537.36"
175.132.112.140 - - [06/Dec/2021:01:30:00 +0000] "GET /wp-includes/js/dist/block-serialization-default-parser.min.js?ver=2fc6dec19af6d4c5e5fec8f6fdc1a10b HTTP/2.0" 200 1384 "https://ja.tak-cslab.org/wp-admin/post-new.php" "Mozilla/5.0 (Windows NT 10.0; Win64; x64) AppleWebKit/537.36 (KHTML, like Gecko) Chrome/96.0.4664.45 Safari/537.36"
175.132.112.140 - - [06/Dec/2021:01:30:00 +0000] "GET /wp-includes/js/dist/deprecated.min.js?ver=932d8bb37da8bbb396a7a3f754345e08 HTTP/2.0" 200 794 "https://ja.tak-cslab.org/wp-admin/post-new.php" "Mozilla/5.0 (Windows NT 10.0; Win64; x64) AppleWebKit/537.36 (KHTML, like Gecko) Chrome/96.0.4664.45 Safari/537.36"
175.132.112.140 - - [06/Dec/2021:01:30:00 +0000] "GET /wp-includes/js/dist/data-controls.min.js?ver=cb4174d77c57f56732dc41d3bf3b2781 HTTP/2.0" 200 900 "https://ja.tak-cslab.org/wp-admin/post-new.php" "Mozilla/5.0 (Windows NT 10.0; Win64; x64) AppleWebKit/537.36 (KHTML, like Gecko) Chrome/96.0.4664.45 Safari/537.36"
175.132.112.140 - - [06/Dec/2021:01:30:00 +0000] "GET /wp-includes/js/dist/reusable-blocks.min.js?ver=f210f01a481601fc2639d3f839449c5c HTTP/2.0" 200 2817 "https://ja.tak-cslab.org/wp-admin/post-new.php" "Mozilla/5.0 (Windows NT 10.0; Win64; x64) AppleWebKit/537.36 (KHTML, like Gecko) Chrome/96.0.4664.45 Safari/537.36"
175.132.112.140 - - [06/Dec/2021:01:30:00 +0000] "GET /wp-includes/js/dist/server-side-render.min.js?ver=e68a4eae1f1e1f9a993d3bfbb601bad3 HTTP/2.0" 200 1775 "https://ja.tak-cslab.org/wp-admin/post-new.php" "Mozilla/5.0 (Windows NT 10.0; Win64; x64) AppleWebKit/537.36 (KHTML, like Gecko) Chrome/96.0.4664.45 Safari/537.36"
175.132.112.140 - - [06/Dec/2021:01:30:00 +0000] "GET /wp-includes/js/dist/viewport.min.js?ver=57f92677272305fe301d0d0616d6c8c7 HTTP/2.0" 200 1396 "https://ja.tak-cslab.org/wp-admin/post-new.php" "Mozilla/5.0 (Windows NT 10.0; Win64; x64) AppleWebKit/537.36 (KHTML, like Gecko) Chrome/96.0.4664.45 Safari/537.36"
175.132.112.140 - - [06/Dec/2021:01:30:00 +0000] "GET /wp-includes/js/dist/api-fetch.min.js?ver=134e23b5f88ba06a093f9f92520a98df HTTP/2.0" 200 2629 "https://ja.tak-cslab.org/wp-admin/post-new.php" "Mozilla/5.0 (Windows NT 10.0; Win64; x64) AppleWebKit/537.36 (KHTML, like Gecko) Chrome/96.0.4664.45 Safari/537.36"
175.132.112.140 - - [06/Dec/2021:01:30:00 +0000] "GET /wp-includes/js/dist/dom.min.js?ver=a82fdb54a6baeb86aa639117061bf119 HTTP/2.0" 200 5318 "https://ja.tak-cslab.org/wp-admin/post-new.php" "Mozilla/5.0 (Windows NT 10.0; Win64; x64) AppleWebKit/537.36 (KHTML, like Gecko) Chrome/96.0.4664.45 Safari/537.36"
175.132.112.140 - - [06/Dec/2021:01:30:00 +0000] "GET /wp-includes/js/dist/plugins.min.js?ver=01dbac2843febe57b20f01bdb7a432b8 HTTP/2.0" 200 2190 "https://ja.tak-cslab.org/wp-admin/post-new.php" "Mozilla/5.0 (Windows NT 10.0; Win64; x64) AppleWebKit/537.36 (KHTML, like Gecko) Chrome/96.0.4664.45 Safari/537.36"
175.132.112.140 - - [06/Dec/2021:01:30:00 +0000] "GET /wp-includes/js/wp-backbone.min.js?ver=5.8.2 HTTP/2.0" 200 1275 "https://ja.tak-cslab.org/wp-admin/post-new.php" "Mozilla/5.0 (Windows NT 10.0; Win64; x64) AppleWebKit/537.36 (KHTML, like Gecko) Chrome/96.0.4664.45 Safari/537.36"
175.132.112.140 - - [06/Dec/2021:01:30:00 +0000] "GET /wp-includes/js/plupload/wp-plupload.min.js?ver=5.8.2 HTTP/2.0" 200 2501 "https://ja.tak-cslab.org/wp-admin/post-new.php" "Mozilla/5.0 (Windows NT 10.0; Win64; x64) AppleWebKit/537.36 (KHTML, like Gecko) Chrome/96.0.4664.45 Safari/537.36"
175.132.112.140 - - [06/Dec/2021:01:30:00 +0000] "GET /wp-admin/js/editor.min.js?ver=5.8.2 HTTP/2.0" 200 5197 "https://ja.tak-cslab.org/wp-admin/post-new.php" "Mozilla/5.0 (Windows NT 10.0; Win64; x64) AppleWebKit/537.36 (KHTML, like Gecko) Chrome/96.0.4664.45 Safari/537.36"
175.132.112.140 - - [06/Dec/2021:01:30:00 +0000] "GET /wp-includes/js/backbone.min.js?ver=1.4.0 HTTP/2.0" 200 9088 "https://ja.tak-cslab.org/wp-admin/post-new.php" "Mozilla/5.0 (Windows NT 10.0; Win64; x64) AppleWebKit/537.36 (KHTML, like Gecko) Chrome/96.0.4664.45 Safari/537.36"
175.132.112.140 - - [06/Dec/2021:01:30:00 +0000] "GET /wp-includes/js/mediaelement/mediaelement-migrate.min.js?ver=5.8.2 HTTP/2.0" 200 559 "https://ja.tak-cslab.org/wp-admin/post-new.php" "Mozilla/5.0 (Windows NT 10.0; Win64; x64) AppleWebKit/537.36 (KHTML, like Gecko) Chrome/96.0.4664.45 Safari/537.36"
175.132.112.140 - - [06/Dec/2021:01:30:00 +0000] "GET /wp-admin/post-new.php HTTP/2.0" 200 137960 "https://ja.tak-cslab.org/wp-admin/edit.php" "Mozilla/5.0 (Windows NT 10.0; Win64; x64) AppleWebKit/537.36 (KHTML, like Gecko) Chrome/96.0.4664.45 Safari/537.36"
175.132.112.140 - - [06/Dec/2021:01:30:00 +0000] "GET /wp-includes/js/media-models.min.js?ver=5.8.2 HTTP/2.0" 200 5045 "https://ja.tak-cslab.org/wp-admin/post-new.php" "Mozilla/5.0 (Windows NT 10.0; Win64; x64) AppleWebKit/537.36 (KHTML, like Gecko) Chrome/96.0.4664.45 Safari/537.36"
175.132.112.140 - - [06/Dec/2021:01:30:00 +0000] "GET /wp-includes/js/media-editor.min.js?ver=5.8.2 HTTP/2.0" 200 4059 "https://ja.tak-cslab.org/wp-admin/post-new.php" "Mozilla/5.0 (Windows NT 10.0; Win64; x64) AppleWebKit/537.36 (KHTML, like Gecko) Chrome/96.0.4664.45 Safari/537.36"
175.132.112.140 - - [06/Dec/2021:01:30:00 +0000] "GET /wp-includes/js/mce-view.min.js?ver=5.8.2 HTTP/2.0" 200 4143 "https://ja.tak-cslab.org/wp-admin/post-new.php" "Mozilla/5.0 (Windows NT 10.0; Win64; x64) AppleWebKit/537.36 (KHTML, like Gecko) Chrome/96.0.4664.45 Safari/537.36"
175.132.112.140 - - [06/Dec/2021:01:30:00 +0000] "GET /wp-includes/js/media-audiovideo.min.js?ver=5.8.2 HTTP/2.0" 200 4214 "https://ja.tak-cslab.org/wp-admin/post-new.php" "Mozilla/5.0 (Windows NT 10.0; Win64; x64) AppleWebKit/537.36 (KHTML, like Gecko) Chrome/96.0.4664.45 Safari/537.36"
175.132.112.140 - - [06/Dec/2021:01:30:00 +0000] "GET /wp-includes/js/tinymce/plugins/compat3x/plugin.min.js?ver=49110-20201110 HTTP/2.0" 200 1837 "https://ja.tak-cslab.org/wp-admin/post-new.php" "Mozilla/5.0 (Windows NT 10.0; Win64; x64) AppleWebKit/537.36 (KHTML, like Gecko) Chrome/96.0.4664.45 Safari/537.36"
175.132.112.140 - - [06/Dec/2021:01:30:00 +0000] "GET /wp-includes/js/mediaelement/mediaelement-and-player.min.js?ver=4.2.16 HTTP/2.0" 200 46900 "https://ja.tak-cslab.org/wp-admin/post-new.php" "Mozilla/5.0 (Windows NT 10.0; Win64; x64) AppleWebKit/537.36 (KHTML, like Gecko) Chrome/96.0.4664.45 Safari/537.36"
175.132.112.140 - - [06/Dec/2021:01:30:00 +0000] "GET /wp-includes/js/dist/vendor/lodash.min.js?ver=4.17.19 HTTP/2.0" 200 29528 "https://ja.tak-cslab.org/wp-admin/post-new.php" "Mozilla/5.0 (Windows NT 10.0; Win64; x64) AppleWebKit/537.36 (KHTML, like Gecko) Chrome/96.0.4664.45 Safari/537.36"
175.132.112.140 - - [06/Dec/2021:01:30:00 +0000] "GET /wp-includes/js/dist/core-data.min.js?ver=fe45a7066c931b4d3d0ff96789da023d HTTP/2.0" 200 14539 "https://ja.tak-cslab.org/wp-admin/post-new.php" "Mozilla/5.0 (Windows NT 10.0; Win64; x64) AppleWebKit/537.36 (KHTML, like Gecko) Chrome/96.0.4664.45 Safari/537.36"
175.132.112.140 - - [06/Dec/2021:01:30:00 +0000] "GET /wp-admin/load-scripts.php?c=0&load%5Bchunk_0%5D=jquery-core,jquery-migrate,utils,moxiejs,plupload&ver=5.8.2 HTTP/2.0" 200 79067 "https://ja.tak-cslab.org/wp-admin/post-new.php" "Mozilla/5.0 (Windows NT 10.0; Win64; x64) AppleWebKit/537.36 (KHTML, like Gecko) Chrome/96.0.4664.45 Safari/537.36"
175.132.112.140 - - [06/Dec/2021:01:30:00 +0000] "GET /wp-admin/js/image-edit.min.js?ver=5.8.2 HTTP/2.0" 200 4279 "https://ja.tak-cslab.org/wp-admin/post-new.php" "Mozilla/5.0 (Windows NT 10.0; Win64; x64) AppleWebKit/537.36 (KHTML, like Gecko) Chrome/96.0.4664.45 Safari/537.36"
175.132.112.140 - - [06/Dec/2021:01:30:00 +0000] "GET /wp-includes/js/wplink.min.js?ver=5.8.2 HTTP/2.0" 200 4329 "https://ja.tak-cslab.org/wp-admin/post-new.php" "Mozilla/5.0 (Windows NT 10.0; Win64; x64) AppleWebKit/537.36 (KHTML, like Gecko) Chrome/96.0.4664.45 Safari/537.36"
175.132.112.140 - - [06/Dec/2021:01:30:00 +0000] "GET /wp-includes/js/imgareaselect/jquery.imgareaselect.min.js?ver=5.8.2 HTTP/2.0" 200 4024 "https://ja.tak-cslab.org/wp-admin/post-new.php" "Mozilla/5.0 (Windows NT 10.0; Win64; x64) AppleWebKit/537.36 (KHTML, like Gecko) Chrome/96.0.4664.45 Safari/537.36"
175.132.112.140 - - [06/Dec/2021:01:30:00 +0000] "GET /wp-includes/js/dist/editor.min.js?ver=208cadf8632b62c7ccdf2f2feb2398e2 HTTP/2.0" 200 46199 "https://ja.tak-cslab.org/wp-admin/post-new.php" "Mozilla/5.0 (Windows NT 10.0; Win64; x64) AppleWebKit/537.36 (KHTML, like Gecko) Chrome/96.0.4664.45 Safari/537.36"
175.132.112.140 - - [06/Dec/2021:01:30:00 +0000] "GET /wp-includes/js/tinymce/tinymce.min.js?ver=49110-20201110 HTTP/2.0" 200 145163 "https://ja.tak-cslab.org/wp-admin/post-new.php" "Mozilla/5.0 (Windows NT 10.0; Win64; x64) AppleWebKit/537.36 (KHTML, like Gecko) Chrome/96.0.4664.45 Safari/537.36"
175.132.112.140 - - [06/Dec/2021:01:30:00 +0000] "GET /wp-includes/js/dist/edit-post.min.js?ver=3656613c515e40e95a15114467097b39 HTTP/2.0" 200 71719 "https://ja.tak-cslab.org/wp-admin/post-new.php" "Mozilla/5.0 (Windows NT 10.0; Win64; x64) AppleWebKit/537.36 (KHTML, like Gecko) Chrome/96.0.4664.45 Safari/537.36"
175.132.112.140 - - [06/Dec/2021:01:30:00 +0000] "GET /wp-includes/js/dist/media-utils.min.js?ver=8e557d69e3ef2356d081c60830d157a1 HTTP/2.0" 200 3327 "https://ja.tak-cslab.org/wp-admin/post-new.php" "Mozilla/5.0 (Windows NT 10.0; Win64; x64) AppleWebKit/537.36 (KHTML, like Gecko) Chrome/96.0.4664.45 Safari/537.36"
175.132.112.140 - - [06/Dec/2021:01:30:00 +0000] "GET /wp-includes/js/dist/vendor/react-dom.min.js?ver=16.13.1 HTTP/2.0" 200 44586 "https://ja.tak-cslab.org/wp-admin/post-new.php" "Mozilla/5.0 (Windows NT 10.0; Win64; x64) AppleWebKit/537.36 (KHTML, like Gecko) Chrome/96.0.4664.45 Safari/537.36"
175.132.112.140 - - [06/Dec/2021:01:30:00 +0000] "GET /wp-includes/js/dist/block-library.min.js?ver=69fc06eecf1aeb26e48b8a47ed38179b HTTP/2.0" 200 156843 "https://ja.tak-cslab.org/wp-admin/post-new.php" "Mozilla/5.0 (Windows NT 10.0; Win64; x64) AppleWebKit/537.36 (KHTML, like Gecko) Chrome/96.0.4664.45 Safari/537.36"
175.132.112.140 - - [06/Dec/2021:01:30:00 +0000] "GET /wp-admin/load-styles.php?c=0&dir=ltr&load%5Bchunk_0%5D=dashicons,admin-bar,buttons,media-views,editor-buttons,wp-components,wp-block-editor,wp-nux,wp-reusable-blocks,wp-editor,common,&load%5Bchunk_1%5D=forms,wp-reset-editor-styles,wp-block-library,wp-editor-classic-layout-styles,wp-edit-blocks,wp-edit-post,wp-block-directory,wp-&load%5Bchunk_2%5D=format-library,admin-menu,dashboard,list-tables,edit,revisions,media,themes,about,nav-menus,wp-pointer,widgets,site-icon,l10n,wp&load%5Bchunk_3%5D=-auth-check&ver=5.8.2 HTTP/2.0" 200 216649 "https://ja.tak-cslab.org/wp-admin/post-new.php" "Mozilla/5.0 (Windows NT 10.0; Win64; x64) AppleWebKit/537.36 (KHTML, like Gecko) Chrome/96.0.4664.45 Safari/537.36"
175.132.112.140 - - [06/Dec/2021:01:30:01 +0000] "GET /wp-includes/js/dist/warning.min.js?ver=3e70e9d62208deeee510b84df4dec7f1 HTTP/2.0" 200 1222 "https://ja.tak-cslab.org/wp-admin/post-new.php" "Mozilla/5.0 (Windows NT 10.0; Win64; x64) AppleWebKit/537.36 (KHTML, like Gecko) Chrome/96.0.4664.45 Safari/537.36"
175.132.112.140 - - [06/Dec/2021:01:30:01 +0000] "GET /wp-includes/js/dist/wordcount.min.js?ver=83b86052fd3fc408a609e60d52164115 HTTP/2.0" 200 1324 "https://ja.tak-cslab.org/wp-admin/post-new.php" "Mozilla/5.0 (Windows NT 10.0; Win64; x64) AppleWebKit/537.36 (KHTML, like Gecko) Chrome/96.0.4664.45 Safari/537.36"
175.132.112.140 - - [06/Dec/2021:01:30:01 +0000] "GET /wp-includes/js/dist/shortcode.min.js?ver=361473450d55d9ffe30983cf22f42a8f HTTP/2.0" 200 1807 "https://ja.tak-cslab.org/wp-admin/post-new.php" "Mozilla/5.0 (Windows NT 10.0; Win64; x64) AppleWebKit/537.36 (KHTML, like Gecko) Chrome/96.0.4664.45 Safari/537.36"
175.132.112.140 - - [06/Dec/2021:01:30:01 +0000] "GET /wp-includes/js/dist/url.min.js?ver=d4bdf85a96aa587b52f4b8d58b4457c1 HTTP/2.0" 200 2097 "https://ja.tak-cslab.org/wp-admin/post-new.php" "Mozilla/5.0 (Windows NT 10.0; Win64; x64) AppleWebKit/537.36 (KHTML, like Gecko) Chrome/96.0.4664.45 Safari/537.36"
175.132.112.140 - - [06/Dec/2021:01:30:01 +0000] "GET /wp-includes/js/dist/primitives.min.js?ver=fedf57cf6da174d1eca2875b8b730af3 HTTP/2.0" 200 1238 "https://ja.tak-cslab.org/wp-admin/post-new.php" "Mozilla/5.0 (Windows NT 10.0; Win64; x64) AppleWebKit/537.36 (KHTML, like Gecko) Chrome/96.0.4664.45 Safari/537.36"
175.132.112.140 - - [06/Dec/2021:01:30:01 +0000] "GET /wp-includes/js/dist/token-list.min.js?ver=4440092061c305ccc3ebf8ce18138c8a HTTP/2.0" 200 923 "https://ja.tak-cslab.org/wp-admin/post-new.php" "Mozilla/5.0 (Windows NT 10.0; Win64; x64) AppleWebKit/537.36 (KHTML, like Gecko) Chrome/96.0.4664.45 Safari/537.36"
175.132.112.140 - - [06/Dec/2021:01:30:01 +0000] "GET /wp-includes/js/dist/html-entities.min.js?ver=26307b6ad1e445fc1a4643f634cb29c6 HTTP/2.0" 200 675 "https://ja.tak-cslab.org/wp-admin/post-new.php" "Mozilla/5.0 (Windows NT 10.0; Win64; x64) AppleWebKit/537.36 (KHTML, like Gecko) Chrome/96.0.4664.45 Safari/537.36"
175.132.112.140 - - [06/Dec/2021:01:30:01 +0000] "GET /wp-includes/js/dist/notices.min.js?ver=f5dfeda575085df54ed17c2d8a6afaa4 HTTP/2.0" 200 1165 "https://ja.tak-cslab.org/wp-admin/post-new.php" "Mozilla/5.0 (Windows NT 10.0; Win64; x64) AppleWebKit/537.36 (KHTML, like Gecko) Chrome/96.0.4664.45 Safari/537.36"
175.132.112.140 - - [06/Dec/2021:01:30:01 +0000] "GET /wp-includes/js/dist/keyboard-shortcuts.min.js?ver=d70c8cb490d99422cf8f2693ab7e88d0 HTTP/2.0" 200 1907 "https://ja.tak-cslab.org/wp-admin/post-new.php" "Mozilla/5.0 (Windows NT 10.0; Win64; x64) AppleWebKit/537.36 (KHTML, like Gecko) Chrome/96.0.4664.45 Safari/537.36"
175.132.112.140 - - [06/Dec/2021:01:30:01 +0000] "GET /wp-includes/js/dist/redux-routine.min.js?ver=fd5f93d1f8206c65d1891cf1f898211e HTTP/2.0" 200 3284 "https://ja.tak-cslab.org/wp-admin/post-new.php" "Mozilla/5.0 (Windows NT 10.0; Win64; x64) AppleWebKit/537.36 (KHTML, like Gecko) Chrome/96.0.4664.45 Safari/537.36"
175.132.112.140 - - [06/Dec/2021:01:30:01 +0000] "GET /wp-includes/js/dist/rich-text.min.js?ver=10cd4e4656806fb1a6884c84213af69c HTTP/2.0" 200 12482 "https://ja.tak-cslab.org/wp-admin/post-new.php" "Mozilla/5.0 (Windows NT 10.0; Win64; x64) AppleWebKit/537.36 (KHTML, like Gecko) Chrome/96.0.4664.45 Safari/537.36"
175.132.112.140 - - [06/Dec/2021:01:30:01 +0000] "GET /wp-includes/js/dist/data.min.js?ver=a9e98fe3ad76884fe7909ba8348395b7 HTTP/2.0" 200 8263 "https://ja.tak-cslab.org/wp-admin/post-new.php" "Mozilla/5.0 (Windows NT 10.0; Win64; x64) AppleWebKit/537.36 (KHTML, like Gecko) Chrome/96.0.4664.45 Safari/537.36"
175.132.112.140 - - [06/Dec/2021:01:30:01 +0000] "GET /wp-includes/js/dist/escape-html.min.js?ver=dcba9e40e8782c7d5883426934834b3e HTTP/2.0" 200 791 "https://ja.tak-cslab.org/wp-admin/post-new.php" "Mozilla/5.0 (Windows NT 10.0; Win64; x64) AppleWebKit/537.36 (KHTML, like Gecko) Chrome/96.0.4664.45 Safari/537.36"
175.132.112.140 - - [06/Dec/2021:01:30:01 +0000] "GET /wp-includes/js/dist/is-shallow-equal.min.js?ver=9b8d91804cfb3ef5b14e6ef816664072 HTTP/2.0" 200 770 "https://ja.tak-cslab.org/wp-admin/post-new.php" "Mozilla/5.0 (Windows NT 10.0; Win64; x64) AppleWebKit/537.36 (KHTML, like Gecko) Chrome/96.0.4664.45 Safari/537.36"
175.132.112.140 - - [06/Dec/2021:01:30:01 +0000] "GET /wp-includes/js/dist/priority-queue.min.js?ver=b2e76fb9887a285b5eff38763f2ac2fc HTTP/2.0" 200 839 "https://ja.tak-cslab.org/wp-admin/post-new.php" "Mozilla/5.0 (Windows NT 10.0; Win64; x64) AppleWebKit/537.36 (KHTML, like Gecko) Chrome/96.0.4664.45 Safari/537.36"
175.132.112.140 - - [06/Dec/2021:01:30:01 +0000] "GET /wp-includes/js/dist/keycodes.min.js?ver=0b881ee2324067c223d746a87ae4ddda HTTP/2.0" 200 1479 "https://ja.tak-cslab.org/wp-admin/post-new.php" "Mozilla/5.0 (Windows NT 10.0; Win64; x64) AppleWebKit/537.36 (KHTML, like Gecko) Chrome/96.0.4664.45 Safari/537.36"
175.132.112.140 - - [06/Dec/2021:01:30:01 +0000] "GET /wp-includes/js/clipboard.min.js?ver=5.8.2 HTTP/2.0" 200 3735 "https://ja.tak-cslab.org/wp-admin/post-new.php" "Mozilla/5.0 (Windows NT 10.0; Win64; x64) AppleWebKit/537.36 (KHTML, like Gecko) Chrome/96.0.4664.45 Safari/537.36"
175.132.112.140 - - [06/Dec/2021:01:30:01 +0000] "GET /wp-includes/js/api-request.min.js?ver=5.8.2 HTTP/2.0" 200 597 "https://ja.tak-cslab.org/wp-admin/post-new.php" "Mozilla/5.0 (Windows NT 10.0; Win64; x64) AppleWebKit/537.36 (KHTML, like Gecko) Chrome/96.0.4664.45 Safari/537.36"
175.132.112.140 - - [06/Dec/2021:01:30:01 +0000] "GET /wp-includes/js/mediaelement/wp-mediaelement.min.js?ver=5.8.2 HTTP/2.0" 200 482 "https://ja.tak-cslab.org/wp-admin/post-new.php" "Mozilla/5.0 (Windows NT 10.0; Win64; x64) AppleWebKit/537.36 (KHTML, like Gecko) Chrome/96.0.4664.45 Safari/537.36"
175.132.112.140 - - [06/Dec/2021:01:30:01 +0000] "GET /wp-includes/js/dist/element.min.js?ver=43a121e875f299c637e1115581bee905 HTTP/2.0" 200 3762 "https://ja.tak-cslab.org/wp-admin/post-new.php" "Mozilla/5.0 (Windows NT 10.0; Win64; x64) AppleWebKit/537.36 (KHTML, like Gecko) Chrome/96.0.4664.45 Safari/537.36"
175.132.112.140 - - [06/Dec/2021:01:30:01 +0000] "GET /wp-includes/js/dist/compose.min.js?ver=35754587ca81a116927d3de1017f4fa0 HTTP/2.0" 200 11962 "https://ja.tak-cslab.org/wp-admin/post-new.php" "Mozilla/5.0 (Windows NT 10.0; Win64; x64) AppleWebKit/537.36 (KHTML, like Gecko) Chrome/96.0.4664.45 Safari/537.36"
175.132.112.140 - - [06/Dec/2021:01:30:01 +0000] "GET /wp-content/plugins/seo-simple-pack/dist/js/common.js?ver=2.2.7 HTTP/2.0" 200 4638 "https://ja.tak-cslab.org/wp-admin/post-new.php" "Mozilla/5.0 (Windows NT 10.0; Win64; x64) AppleWebKit/537.36 (KHTML, like Gecko) Chrome/96.0.4664.45 Safari/537.36"
175.132.112.140 - - [06/Dec/2021:01:30:01 +0000] "GET /wp-content/plugins/seo-simple-pack/dist/js/mediauploader.js?ver=2.2.7 HTTP/2.0" 200 3721 "https://ja.tak-cslab.org/wp-admin/post-new.php" "Mozilla/5.0 (Windows NT 10.0; Win64; x64) AppleWebKit/537.36 (KHTML, like Gecko) Chrome/96.0.4664.45 Safari/537.36"
175.132.112.140 - - [06/Dec/2021:01:30:01 +0000] "GET /wp-includes/js/dist/format-library.min.js?ver=c765b263eb6bc434e4b93dfc8771aaaf HTTP/2.0" 200 6497 "https://ja.tak-cslab.org/wp-admin/post-new.php" "Mozilla/5.0 (Windows NT 10.0; Win64; x64) AppleWebKit/537.36 (KHTML, like Gecko) Chrome/96.0.4664.45 Safari/537.36"
175.132.112.140 - - [06/Dec/2021:01:30:01 +0000] "GET /wp-includes/js/dist/block-directory.min.js?ver=59e39b168393c12505197fed91dc8d01 HTTP/2.0" 200 7417 "https://ja.tak-cslab.org/wp-admin/post-new.php" "Mozilla/5.0 (Windows NT 10.0; Win64; x64) AppleWebKit/537.36 (KHTML, like Gecko) Chrome/96.0.4664.45 Safari/537.36"
175.132.112.140 - - [06/Dec/2021:01:30:01 +0000] "GET /wp-includes/js/dist/blocks.min.js?ver=7ed7fe32dad771c4e0af4f56539ff156 HTTP/2.0" 200 55554 "https://ja.tak-cslab.org/wp-admin/post-new.php" "Mozilla/5.0 (Windows NT 10.0; Win64; x64) AppleWebKit/537.36 (KHTML, like Gecko) Chrome/96.0.4664.45 Safari/537.36"
175.132.112.140 - - [06/Dec/2021:01:30:01 +0000] "GET /wp-includes/js/media-views.min.js?ver=5.8.2 HTTP/2.0" 200 33759 "https://ja.tak-cslab.org/wp-admin/post-new.php" "Mozilla/5.0 (Windows NT 10.0; Win64; x64) AppleWebKit/537.36 (KHTML, like Gecko) Chrome/96.0.4664.45 Safari/537.36"
175.132.112.140 - - [06/Dec/2021:01:30:01 +0000] "GET /wp-includes/js/dist/block-editor.min.js?ver=fc8c27c6e95e7e0d59b4e344cb9ddfed HTTP/2.0" 200 142939 "https://ja.tak-cslab.org/wp-admin/post-new.php" "Mozilla/5.0 (Windows NT 10.0; Win64; x64) AppleWebKit/537.36 (KHTML, like Gecko) Chrome/96.0.4664.45 Safari/537.36"
175.132.112.140 - - [06/Dec/2021:01:30:01 +0000] "GET /wp-includes/js/dist/components.min.js?ver=413e179f8a99bd28091ba5cc6f72c9f3 HTTP/2.0" 200 223261 "https://ja.tak-cslab.org/wp-admin/post-new.php" "Mozilla/5.0 (Windows NT 10.0; Win64; x64) AppleWebKit/537.36 (KHTML, like Gecko) Chrome/96.0.4664.45 Safari/537.36"
175.132.112.140 - - [06/Dec/2021:01:30:01 +0000] "GET /wp-json/wp/v2/blocks?context=edit&per_page=100&_locale=user HTTP/2.0" 200 22 "https://ja.tak-cslab.org/wp-admin/post-new.php" "Mozilla/5.0 (Windows NT 10.0; Win64; x64) AppleWebKit/537.36 (KHTML, like Gecko) Chrome/96.0.4664.45 Safari/537.36"
175.132.112.140 - - [06/Dec/2021:01:30:01 +0000] "GET /wp-json/wp/v2/users/me?_locale=user HTTP/2.0" 200 295 "https://ja.tak-cslab.org/wp-admin/post-new.php" "Mozilla/5.0 (Windows NT 10.0; Win64; x64) AppleWebKit/537.36 (KHTML, like Gecko) Chrome/96.0.4664.45 Safari/537.36"
175.132.112.140 - - [06/Dec/2021:01:30:01 +0000] "GET /wp-json/wp/v2/posts/1726?_locale=user HTTP/2.0" 200 556 "https://ja.tak-cslab.org/wp-admin/post-new.php" "Mozilla/5.0 (Windows NT 10.0; Win64; x64) AppleWebKit/537.36 (KHTML, like Gecko) Chrome/96.0.4664.45 Safari/537.36"
175.132.112.140 - - [06/Dec/2021:01:30:01 +0000] "GET /wp-json/wp/v2/users/?who=authors&per_page=100&_locale=user HTTP/2.0" 200 2713 "https://ja.tak-cslab.org/wp-admin/post-new.php" "Mozilla/5.0 (Windows NT 10.0; Win64; x64) AppleWebKit/537.36 (KHTML, like Gecko) Chrome/96.0.4664.45 Safari/537.36"
175.132.112.140 - - [06/Dec/2021:01:30:01 +0000] "GET /wp-json/wp/v2/users/?who=authors&per_page=100&_locale=user HTTP/2.0" 200 2713 "https://ja.tak-cslab.org/wp-admin/post-new.php" "Mozilla/5.0 (Windows NT 10.0; Win64; x64) AppleWebKit/537.36 (KHTML, like Gecko) Chrome/96.0.4664.45 Safari/537.36"
175.132.112.140 - - [06/Dec/2021:01:30:01 +0000] "GET /wp-json/wp/v2/users?who=authors&include=3&_locale=user HTTP/2.0" 200 296 "https://ja.tak-cslab.org/wp-admin/post-new.php" "Mozilla/5.0 (Windows NT 10.0; Win64; x64) AppleWebKit/537.36 (KHTML, like Gecko) Chrome/96.0.4664.45 Safari/537.36"
175.132.112.140 - - [06/Dec/2021:01:30:01 +0000] "GET /wp-json/wp/v2/users/?who=authors&per_page=100&search=%E6%9D%89%E6%9C%AC%20%E4%B8%80%E5%BD%A6&_locale=user HTTP/2.0" 200 296 "https://ja.tak-cslab.org/wp-admin/post-new.php" "Mozilla/5.0 (Windows NT 10.0; Win64; x64) AppleWebKit/537.36 (KHTML, like Gecko) Chrome/96.0.4664.45 Safari/537.36"
175.132.112.140 - - [06/Dec/2021:01:30:23 +0000] "POST /wp-admin/admin-ajax.php HTTP/2.0" 200 21 "https://ja.tak-cslab.org/wp-admin/post-new.php" "Mozilla/5.0 (Windows NT 10.0; Win64; x64) AppleWebKit/537.36 (KHTML, like Gecko) Chrome/96.0.4664.45 Safari/537.36"
175.132.112.140 - - [06/Dec/2021:01:30:29 +0000] "POST /wp-admin/admin-ajax.php HTTP/2.0" 200 21 "https://ja.tak-cslab.org/wp-admin/post-new.php" "Mozilla/5.0 (Windows NT 10.0; Win64; x64) AppleWebKit/537.36 (KHTML, like Gecko) Chrome/96.0.4664.45 Safari/537.36"
34.206.38.217 - - [06/Dec/2021:01:30:29 +0000] "GET /feed HTTP/1.1" 200 56281 "-" "Automate.io BOT"
175.132.112.140 - - [06/Dec/2021:01:30:34 +0000] "POST /wp-admin/admin-ajax.php HTTP/2.0" 200 21 "https://ja.tak-cslab.org/wp-admin/post-new.php" "Mozilla/5.0 (Windows NT 10.0; Win64; x64) AppleWebKit/537.36 (KHTML, like Gecko) Chrome/96.0.4664.45 Safari/537.36"
175.132.112.140 - - [06/Dec/2021:01:31:01 +0000] "POST /wp-admin/admin-ajax.php HTTP/2.0" 200 101 "https://ja.tak-cslab.org/wp-admin/post-new.php" "Mozilla/5.0 (Windows NT 10.0; Win64; x64) AppleWebKit/537.36 (KHTML, like Gecko) Chrome/96.0.4664.45 Safari/537.36"
175.132.112.140 - - [06/Dec/2021:01:31:01 +0000] "POST /wp-json/wp/v2/posts/1726/autosaves?_locale=user HTTP/2.0" 200 375 "https://ja.tak-cslab.org/wp-admin/post-new.php" "Mozilla/5.0 (Windows NT 10.0; Win64; x64) AppleWebKit/537.36 (KHTML, like Gecko) Chrome/96.0.4664.45 Safari/537.36"
175.132.112.140 - - [06/Dec/2021:01:32:01 +0000] "POST /wp-admin/admin-ajax.php HTTP/2.0" 200 101 "https://ja.tak-cslab.org/wp-admin/post.php?post=1726&action=edit" "Mozilla/5.0 (Windows NT 10.0; Win64; x64) AppleWebKit/537.36 (KHTML, like Gecko) Chrome/96.0.4664.45 Safari/537.36"
175.132.112.140 - - [06/Dec/2021:01:32:01 +0000] "POST /wp-json/wp/v2/posts/1726/autosaves?_locale=user HTTP/2.0" 200 392 "https://ja.tak-cslab.org/wp-admin/post.php?post=1726&action=edit" "Mozilla/5.0 (Windows NT 10.0; Win64; x64) AppleWebKit/537.36 (KHTML, like Gecko) Chrome/96.0.4664.45 Safari/537.36"
175.132.112.140 - - [06/Dec/2021:01:32:21 +0000] "POST /wp-admin/admin-ajax.php HTTP/2.0" 200 21 "https://ja.tak-cslab.org/wp-admin/post.php?post=1726&action=edit" "Mozilla/5.0 (Windows NT 10.0; Win64; x64) AppleWebKit/537.36 (KHTML, like Gecko) Chrome/96.0.4664.45 Safari/537.36"
175.132.112.140 - - [06/Dec/2021:01:32:27 +0000] "POST /wp-admin/admin-ajax.php HTTP/2.0" 200 67 "https://ja.tak-cslab.org/wp-admin/edit.php" "Mozilla/5.0 (Windows NT 10.0; Win64; x64) AppleWebKit/537.36 (KHTML, like Gecko) Chrome/96.0.4664.45 Safari/537.36"
175.132.112.140 - - [06/Dec/2021:01:32:42 +0000] "POST /wp-admin/admin-ajax.php HTTP/2.0" 200 67 "https://ja.tak-cslab.org/wp-admin/edit.php" "Mozilla/5.0 (Windows NT 10.0; Win64; x64) AppleWebKit/537.36 (KHTML, like Gecko) Chrome/96.0.4664.45 Safari/537.36"
3.95.211.45 - - [06/Dec/2021:01:33:44 +0000] "HEAD /feed HTTP/2.0" 200 0 "-" "Slackbot 1.0 (+https://api.slack.com/robots)"
44.198.162.205 - - [06/Dec/2021:01:33:45 +0000] "GET /feed HTTP/1.1" 200 56281 "-" "Slackbot 1.0 (+https://api.slack.com/robots)"
163.215.6.1 - - [06/Dec/2021:01:33:46 +0000] "POST /wp-cron.php?doing_wp_cron=1638754426.3971281051635742187500 HTTP/1.1" 200 31 "https://ja.tak-cslab.org/wp-cron.php?doing_wp_cron=1638754426.3971281051635742187500" "WordPress/5.8.2; https://ja.tak-cslab.org"
44.198.162.205 - - [06/Dec/2021:01:33:46 +0000] "GET / HTTP/1.1" 200 6249 "-" "Slackbot 1.0 (+https://api.slack.com/robots)"
163.215.6.1 - - [06/Dec/2021:01:33:46 +0000] "GET / HTTP/1.1" 200 6241 "https://ja.tak-cslab.org/" "WordPress/5.8.2; https://ja.tak-cslab.org"
216.245.221.83 - - [06/Dec/2021:01:34:26 +0000] "HEAD / HTTP/1.1" 301 0 "http://ja.tak-cslab.org/" "Mozilla/5.0+(compatible; UptimeRobot/2.0; http://www.uptimerobot.com/)"
216.245.221.83 - - [06/Dec/2021:01:34:26 +0000] "HEAD / HTTP/1.1" 200 0 "http://ja.tak-cslab.org/" "Mozilla/5.0+(compatible; UptimeRobot/2.0; http://www.uptimerobot.com/)"
34.206.38.217 - - [06/Dec/2021:01:35:28 +0000] "GET /feed HTTP/1.1" 200 56281 "-" "Automate.io BOT"
216.245.221.83 - - [06/Dec/2021:01:39:26 +0000] "HEAD / HTTP/1.1" 301 0 "http://ja.tak-cslab.org/" "Mozilla/5.0+(compatible; UptimeRobot/2.0; http://www.uptimerobot.com/)"
216.245.221.83 - - [06/Dec/2021:01:39:26 +0000] "HEAD / HTTP/1.1" 200 0 "http://ja.tak-cslab.org/" "Mozilla/5.0+(compatible; UptimeRobot/2.0; http://www.uptimerobot.com/)"
34.206.38.217 - - [06/Dec/2021:01:40:27 +0000] "GET /feed HTTP/1.1" 200 56281 "-" "Automate.io BOT"
216.245.221.83 - - [06/Dec/2021:01:44:26 +0000] "HEAD / HTTP/1.1" 301 0 "http://ja.tak-cslab.org/" "Mozilla/5.0+(compatible; UptimeRobot/2.0; http://www.uptimerobot.com/)"
216.245.221.83 - - [06/Dec/2021:01:44:26 +0000] "HEAD / HTTP/1.1" 200 0 "http://ja.tak-cslab.org/" "Mozilla/5.0+(compatible; UptimeRobot/2.0; http://www.uptimerobot.com/)"
34.206.38.217 - - [06/Dec/2021:01:45:28 +0000] "GET /feed HTTP/1.1" 200 56281 "-" "Automate.io BOT"
52.198.63.255 - - [06/Dec/2021:01:46:54 +0000] "GET /favicon.ico HTTP/1.1" 302 5 "-" "Slack-ImgProxy (+https://api.slack.com/robots)"
13.112.77.10 - - [06/Dec/2021:01:46:54 +0000] "GET /wp-includes/images/w-logo-blue-white-bg.png HTTP/1.1" 200 4119 "-" "Slack-ImgProxy (+https://api.slack.com/robots)"
207.46.13.41 - - [06/Dec/2021:01:47:35 +0000] "GET /archives/author/c0118004 HTTP/2.0" 200 5829 "-" "Mozilla/5.0 (compatible; bingbot/2.0; +http://www.bing.com/bingbot.htm)"
40.77.167.44 - - [06/Dec/2021:01:47:57 +0000] "GET /wp-content/themes/scaffold/assets/js/navigation.js?ver=1.3.1 HTTP/2.0" 200 1266 "-" "Mozilla/5.0 (compatible; bingbot/2.0; +http://www.bing.com/bingbot.htm)"
40.77.167.66 - - [06/Dec/2021:01:47:58 +0000] "GET /wp-includes/css/dist/block-library/style.min.css?ver=5.8.2 HTTP/2.0" 200 13704 "-" "Mozilla/5.0 (compatible; bingbot/2.0; +http://www.bing.com/bingbot.htm)"
40.77.167.44 - - [06/Dec/2021:01:48:00 +0000] "GET /wp-includes/js/wp-embed.min.js?ver=5.8.2 HTTP/2.0" 200 779 "-" "Mozilla/5.0 (compatible; bingbot/2.0; +http://www.bing.com/bingbot.htm)"
216.245.221.83 - - [06/Dec/2021:01:49:26 +0000] "HEAD / HTTP/1.1" 301 0 "http://ja.tak-cslab.org/" "Mozilla/5.0+(compatible; UptimeRobot/2.0; http://www.uptimerobot.com/)"
216.245.221.83 - - [06/Dec/2021:01:49:26 +0000] "HEAD / HTTP/1.1" 200 0 "http://ja.tak-cslab.org/" "Mozilla/5.0+(compatible; UptimeRobot/2.0; http://www.uptimerobot.com/)"
34.206.38.217 - - [06/Dec/2021:01:50:27 +0000] "GET /feed HTTP/1.1" 200 56281 "-" "Automate.io BOT"
52.69.106.112 - - [06/Dec/2021:01:52:04 +0000] "GET /archives/author/kazuhiko-sugimoto HTTP/1.1" 200 21602 "https://www.google.co.jp/" "User-Agent: Mozilla/5.0 (Windows NT 6.1; Win64; x64) AppleWebKit/537.36 (KHTML, like Gecko) Chrome/72.0.3626.119 Safari/537.36"
52.69.106.112 - - [06/Dec/2021:01:52:07 +0000] "GET /archives/author/kazuhiko-sugimoto HTTP/1.1" 200 21608 "https://www.google.co.jp/" "User-Agent: Mozilla/5.0 (Windows NT 6.1; Win64; x64) AppleWebKit/537.36 (KHTML, like Gecko) Chrome/72.0.3626.119 Safari/537.36"
18.205.247.12 - - [06/Dec/2021:01:53:39 +0000] "HEAD /feed HTTP/2.0" 200 0 "-" "Slackbot 1.0 (+https://api.slack.com/robots)"
3.94.29.51 - - [06/Dec/2021:01:53:39 +0000] "GET /feed HTTP/1.1" 200 56281 "-" "Slackbot 1.0 (+https://api.slack.com/robots)"
54.210.236.2 - - [06/Dec/2021:01:53:40 +0000] "GET / HTTP/1.1" 200 6249 "-" "Slackbot 1.0 (+https://api.slack.com/robots)"
216.245.221.83 - - [06/Dec/2021:01:54:26 +0000] "HEAD / HTTP/1.1" 301 0 "http://ja.tak-cslab.org/" "Mozilla/5.0+(compatible; UptimeRobot/2.0; http://www.uptimerobot.com/)"
216.245.221.83 - - [06/Dec/2021:01:54:26 +0000] "HEAD / HTTP/1.1" 200 0 "http://ja.tak-cslab.org/" "Mozilla/5.0+(compatible; UptimeRobot/2.0; http://www.uptimerobot.com/)"
34.206.38.217 - - [06/Dec/2021:01:55:27 +0000] "GET /feed HTTP/1.1" 200 56281 "-" "Automate.io BOT"
163.215.6.1 - - [06/Dec/2021:01:57:24 +0000] "GET / HTTP/2.0" 200 6222 "-" "Mozilla/5.0 (Macintosh; Intel Mac OS X 10.15; rv:94.0) Gecko/20100101 Firefox/94.0"
163.215.6.1 - - [06/Dec/2021:01:57:24 +0000] "GET /wp-includes/css/dist/block-library/style.min.css?ver=5.8.2 HTTP/2.0" 200 0 "https://ja.tak-cslab.org/" "Mozilla/5.0 (Macintosh; Intel Mac OS X 10.15; rv:94.0) Gecko/20100101 Firefox/94.0"
163.215.6.1 - - [06/Dec/2021:01:57:24 +0000] "GET /wp-content/themes/scaffold/style.css?ver=5.8.2 HTTP/2.0" 200 0 "https://ja.tak-cslab.org/" "Mozilla/5.0 (Macintosh; Intel Mac OS X 10.15; rv:94.0) Gecko/20100101 Firefox/94.0"
163.215.6.1 - - [06/Dec/2021:01:57:24 +0000] "GET /wp-content/themes/cdsl/style.css?ver=1.3.1 HTTP/2.0" 200 0 "https://ja.tak-cslab.org/" "Mozilla/5.0 (Macintosh; Intel Mac OS X 10.15; rv:94.0) Gecko/20100101 Firefox/94.0"
163.215.6.1 - - [06/Dec/2021:01:57:24 +0000] "GET /wp-includes/images/w-logo-blue-white-bg.png HTTP/2.0" 200 0 "https://ja.tak-cslab.org/" "Mozilla/5.0 (Macintosh; Intel Mac OS X 10.15; rv:94.0) Gecko/20100101 Firefox/94.0"
163.215.6.1 - - [06/Dec/2021:01:57:24 +0000] "GET /wp-includes/js/wp-emoji-release.min.js?ver=5.8.2 HTTP/2.0" 200 5714 "-" "Mozilla/5.0 (Macintosh; Intel Mac OS X 10.15; rv:94.0) Gecko/20100101 Firefox/94.0"
163.215.6.1 - - [06/Dec/2021:01:57:24 +0000] "GET /favicon.ico HTTP/2.0" 302 0 "https://ja.tak-cslab.org/" "Mozilla/5.0 (Macintosh; Intel Mac OS X 10.15; rv:94.0) Gecko/20100101 Firefox/94.0"
35.185.241.102 - - [06/Dec/2021:01:57:24 +0000] "GET / HTTP/1.1" 301 162 "-" "Mozilla/5.0 (Windows NT 6.1; WOW64; Trident/7.0; rv:11.0) like Gecko"
35.185.241.102 - - [06/Dec/2021:01:57:25 +0000] "GET / HTTP/1.1" 200 6235 "-" "Mozilla/5.0 (Windows NT 6.1; WOW64; Trident/7.0; rv:11.0) like Gecko"
216.245.221.83 - - [06/Dec/2021:01:59:26 +0000] "HEAD / HTTP/1.1" 301 0 "http://ja.tak-cslab.org/" "Mozilla/5.0+(compatible; UptimeRobot/2.0; http://www.uptimerobot.com/)"
216.245.221.83 - - [06/Dec/2021:01:59:26 +0000] "HEAD / HTTP/1.1" 200 0 "http://ja.tak-cslab.org/" "Mozilla/5.0+(compatible; UptimeRobot/2.0; http://www.uptimerobot.com/)"
34.206.38.217 - - [06/Dec/2021:02:00:28 +0000] "GET /feed HTTP/1.1" 200 56281 "-" "Automate.io BOT"
163.215.6.1 - - [06/Dec/2021:02:04:07 +0000] "POST /wp-cron.php?doing_wp_cron=1638756247.4294579029083251953125 HTTP/1.1" 200 31 "https://ja.tak-cslab.org/wp-cron.php?doing_wp_cron=1638756247.4294579029083251953125" "WordPress/5.8.2; https://ja.tak-cslab.org"
163.215.6.27 - - [06/Dec/2021:02:04:07 +0000] "GET /tech-report HTTP/2.0" 200 12840 "https://www.google.com/" "Mozilla/5.0 (Windows NT 10.0; Win64; x64) AppleWebKit/537.36 (KHTML, like Gecko) Chrome/96.0.4664.45 Safari/537.36"
216.245.221.83 - - [06/Dec/2021:02:04:26 +0000] "HEAD / HTTP/1.1" 301 0 "http://ja.tak-cslab.org/" "Mozilla/5.0+(compatible; UptimeRobot/2.0; http://www.uptimerobot.com/)"
216.245.221.83 - - [06/Dec/2021:02:04:26 +0000] "HEAD / HTTP/1.1" 200 0 "http://ja.tak-cslab.org/" "Mozilla/5.0+(compatible; UptimeRobot/2.0; http://www.uptimerobot.com/)"
51.222.253.5 - - [06/Dec/2021:02:08:19 +0000] "GET /10gin_cds1?redirect_to=https%3A%2F%2Fja.tak-cslab.org%2Farchives%2F1563 HTTP/2.0" 200 4534 "-" "Mozilla/5.0 (compatible; AhrefsBot/7.0; +http://ahrefs.com/robot/)"
216.245.221.83 - - [06/Dec/2021:02:09:26 +0000] "HEAD / HTTP/1.1" 301 0 "http://ja.tak-cslab.org/" "Mozilla/5.0+(compatible; UptimeRobot/2.0; http://www.uptimerobot.com/)"
216.245.221.83 - - [06/Dec/2021:02:09:26 +0000] "HEAD / HTTP/1.1" 200 0 "http://ja.tak-cslab.org/" "Mozilla/5.0+(compatible; UptimeRobot/2.0; http://www.uptimerobot.com/)"
34.206.38.217 - - [06/Dec/2021:02:10:28 +0000] "GET /feed HTTP/1.1" 200 56281 "-" "Automate.io BOT"
44.198.162.205 - - [06/Dec/2021:02:13:41 +0000] "HEAD /feed HTTP/2.0" 200 0 "-" "Slackbot 1.0 (+https://api.slack.com/robots)"
3.236.226.100 - - [06/Dec/2021:02:13:42 +0000] "GET /feed HTTP/1.1" 200 56281 "-" "Slackbot 1.0 (+https://api.slack.com/robots)"
44.198.162.205 - - [06/Dec/2021:02:13:44 +0000] "GET / HTTP/1.1" 200 6242 "-" "Slackbot 1.0 (+https://api.slack.com/robots)"
216.245.221.83 - - [06/Dec/2021:02:14:26 +0000] "HEAD / HTTP/1.1" 301 0 "http://ja.tak-cslab.org/" "Mozilla/5.0+(compatible; UptimeRobot/2.0; http://www.uptimerobot.com/)"
216.245.221.83 - - [06/Dec/2021:02:14:26 +0000] "HEAD / HTTP/1.1" 200 0 "http://ja.tak-cslab.org/" "Mozilla/5.0+(compatible; UptimeRobot/2.0; http://www.uptimerobot.com/)"
34.206.38.217 - - [06/Dec/2021:02:15:28 +0000] "GET /feed HTTP/1.1" 200 56281 "-" "Automate.io BOT"
216.245.221.83 - - [06/Dec/2021:02:19:26 +0000] "HEAD / HTTP/1.1" 301 0 "http://ja.tak-cslab.org/" "Mozilla/5.0+(compatible; UptimeRobot/2.0; http://www.uptimerobot.com/)"
163.215.6.1 - - [06/Dec/2021:02:19:26 +0000] "POST /wp-cron.php?doing_wp_cron=1638757166.6679279804229736328125 HTTP/1.1" 200 31 "https://ja.tak-cslab.org/wp-cron.php?doing_wp_cron=1638757166.6679279804229736328125" "WordPress/5.8.2; https://ja.tak-cslab.org"
216.245.221.83 - - [06/Dec/2021:02:19:26 +0000] "HEAD / HTTP/1.1" 200 0 "http://ja.tak-cslab.org/" "Mozilla/5.0+(compatible; UptimeRobot/2.0; http://www.uptimerobot.com/)"
34.206.38.217 - - [06/Dec/2021:02:20:28 +0000] "GET /feed HTTP/1.1" 200 56274 "-" "Automate.io BOT"
66.175.209.242 - - [06/Dec/2021:02:22:30 +0000] "GET /feed HTTP/1.1" 200 56281 "-" "SerendeputyBot/0.8.6 (http://serendeputy.com/about/serendeputy-bot)"
97.107.140.60 - - [06/Dec/2021:02:22:32 +0000] "GET /feed HTTP/1.1" 200 56274 "-" "SerendeputyBot/0.8.6 (http://serendeputy.com/about/serendeputy-bot)"
163.215.6.1 - - [06/Dec/2021:02:23:11 +0000] "GET /tech-report HTTP/2.0" 200 12840 "https://www.google.com/" "Mozilla/5.0 (Windows NT 10.0; Win64; x64) AppleWebKit/537.36 (KHTML, like Gecko) Chrome/96.0.4664.45 Safari/537.36"
163.215.6.1 - - [06/Dec/2021:02:23:11 +0000] "GET /wp-includes/css/dist/block-library/style.min.css?ver=5.8.2 HTTP/2.0" 200 13704 "https://ja.tak-cslab.org/tech-report" "Mozilla/5.0 (Windows NT 10.0; Win64; x64) AppleWebKit/537.36 (KHTML, like Gecko) Chrome/96.0.4664.45 Safari/537.36"
163.215.6.1 - - [06/Dec/2021:02:23:11 +0000] "GET /wp-content/themes/scaffold/style.css?ver=5.8.2 HTTP/2.0" 200 5846 "https://ja.tak-cslab.org/tech-report" "Mozilla/5.0 (Windows NT 10.0; Win64; x64) AppleWebKit/537.36 (KHTML, like Gecko) Chrome/96.0.4664.45 Safari/537.36"
163.215.6.1 - - [06/Dec/2021:02:23:11 +0000] "GET /wp-content/themes/cdsl/style.css?ver=1.3.1 HTTP/2.0" 200 272 "https://ja.tak-cslab.org/tech-report" "Mozilla/5.0 (Windows NT 10.0; Win64; x64) AppleWebKit/537.36 (KHTML, like Gecko) Chrome/96.0.4664.45 Safari/537.36"
163.215.6.1 - - [06/Dec/2021:02:23:11 +0000] "GET /wp-content/themes/scaffold/assets/js/navigation.js?ver=1.3.1 HTTP/2.0" 200 1266 "https://ja.tak-cslab.org/tech-report" "Mozilla/5.0 (Windows NT 10.0; Win64; x64) AppleWebKit/537.36 (KHTML, like Gecko) Chrome/96.0.4664.45 Safari/537.36"
163.215.6.1 - - [06/Dec/2021:02:23:11 +0000] "GET /wp-includes/js/wp-embed.min.js?ver=5.8.2 HTTP/2.0" 200 779 "https://ja.tak-cslab.org/tech-report" "Mozilla/5.0 (Windows NT 10.0; Win64; x64) AppleWebKit/537.36 (KHTML, like Gecko) Chrome/96.0.4664.45 Safari/537.36"
163.215.6.1 - - [06/Dec/2021:02:23:12 +0000] "GET /wp-includes/js/wp-emoji-release.min.js?ver=5.8.2 HTTP/2.0" 200 5714 "https://ja.tak-cslab.org/tech-report" "Mozilla/5.0 (Windows NT 10.0; Win64; x64) AppleWebKit/537.36 (KHTML, like Gecko) Chrome/96.0.4664.45 Safari/537.36"
163.215.6.1 - - [06/Dec/2021:02:23:12 +0000] "GET /favicon.ico HTTP/2.0" 302 0 "https://ja.tak-cslab.org/tech-report" "Mozilla/5.0 (Windows NT 10.0; Win64; x64) AppleWebKit/537.36 (KHTML, like Gecko) Chrome/96.0.4664.45 Safari/537.36"
163.215.6.1 - - [06/Dec/2021:02:23:12 +0000] "GET /wp-includes/images/w-logo-blue-white-bg.png HTTP/2.0" 200 4119 "https://ja.tak-cslab.org/tech-report" "Mozilla/5.0 (Windows NT 10.0; Win64; x64) AppleWebKit/537.36 (KHTML, like Gecko) Chrome/96.0.4664.45 Safari/537.36"
216.245.221.83 - - [06/Dec/2021:02:24:26 +0000] "HEAD / HTTP/1.1" 301 0 "http://ja.tak-cslab.org/" "Mozilla/5.0+(compatible; UptimeRobot/2.0; http://www.uptimerobot.com/)"
216.245.221.83 - - [06/Dec/2021:02:24:26 +0000] "HEAD / HTTP/1.1" 200 0 "http://ja.tak-cslab.org/" "Mozilla/5.0+(compatible; UptimeRobot/2.0; http://www.uptimerobot.com/)"
34.206.38.217 - - [06/Dec/2021:02:25:28 +0000] "GET /feed HTTP/1.1" 200 56281 "-" "Automate.io BOT"
216.245.221.83 - - [06/Dec/2021:02:29:26 +0000] "HEAD / HTTP/1.1" 301 0 "http://ja.tak-cslab.org/" "Mozilla/5.0+(compatible; UptimeRobot/2.0; http://www.uptimerobot.com/)"
216.245.221.83 - - [06/Dec/2021:02:29:26 +0000] "HEAD / HTTP/1.1" 200 0 "http://ja.tak-cslab.org/" "Mozilla/5.0+(compatible; UptimeRobot/2.0; http://www.uptimerobot.com/)"
34.206.38.217 - - [06/Dec/2021:02:30:28 +0000] "GET /feed HTTP/1.1" 200 56274 "-" "Automate.io BOT"
100.26.54.172 - - [06/Dec/2021:02:33:40 +0000] "HEAD /feed HTTP/2.0" 200 0 "-" "Slackbot 1.0 (+https://api.slack.com/robots)"
3.80.32.164 - - [06/Dec/2021:02:33:41 +0000] "GET /feed HTTP/1.1" 200 56281 "-" "Slackbot 1.0 (+https://api.slack.com/robots)"
3.235.104.118 - - [06/Dec/2021:02:33:42 +0000] "GET / HTTP/1.1" 200 6241 "-" "Slackbot 1.0 (+https://api.slack.com/robots)"
216.245.221.83 - - [06/Dec/2021:02:34:26 +0000] "HEAD / HTTP/1.1" 301 0 "http://ja.tak-cslab.org/" "Mozilla/5.0+(compatible; UptimeRobot/2.0; http://www.uptimerobot.com/)"
216.245.221.83 - - [06/Dec/2021:02:34:26 +0000] "HEAD / HTTP/1.1" 200 0 "http://ja.tak-cslab.org/" "Mozilla/5.0+(compatible; UptimeRobot/2.0; http://www.uptimerobot.com/)"
34.206.38.217 - - [06/Dec/2021:02:35:28 +0000] "GET /feed HTTP/1.1" 200 56281 "-" "Automate.io BOT"
216.245.221.83 - - [06/Dec/2021:02:39:26 +0000] "HEAD / HTTP/1.1" 301 0 "http://ja.tak-cslab.org/" "Mozilla/5.0+(compatible; UptimeRobot/2.0; http://www.uptimerobot.com/)"
216.245.221.83 - - [06/Dec/2021:02:39:26 +0000] "HEAD / HTTP/1.1" 200 0 "http://ja.tak-cslab.org/" "Mozilla/5.0+(compatible; UptimeRobot/2.0; http://www.uptimerobot.com/)"
34.206.38.217 - - [06/Dec/2021:02:40:28 +0000] "GET /feed HTTP/1.1" 200 56281 "-" "Automate.io BOT"
216.245.221.83 - - [06/Dec/2021:02:44:26 +0000] "HEAD / HTTP/1.1" 301 0 "http://ja.tak-cslab.org/" "Mozilla/5.0+(compatible; UptimeRobot/2.0; http://www.uptimerobot.com/)"
216.245.221.83 - - [06/Dec/2021:02:44:26 +0000] "HEAD / HTTP/1.1" 200 0 "http://ja.tak-cslab.org/" "Mozilla/5.0+(compatible; UptimeRobot/2.0; http://www.uptimerobot.com/)"
207.46.13.41 - - [06/Dec/2021:02:45:10 +0000] "GET /wp-content/uploads/2020/07/S__45416450.jpg HTTP/2.0" 200 259846 "-" "Mozilla/5.0 (compatible; bingbot/2.0; +http://www.bing.com/bingbot.htm)"
34.206.38.217 - - [06/Dec/2021:02:45:28 +0000] "GET /feed HTTP/1.1" 200 56281 "-" "Automate.io BOT"
216.245.221.83 - - [06/Dec/2021:02:49:26 +0000] "HEAD / HTTP/1.1" 301 0 "http://ja.tak-cslab.org/" "Mozilla/5.0+(compatible; UptimeRobot/2.0; http://www.uptimerobot.com/)"
216.245.221.83 - - [06/Dec/2021:02:49:26 +0000] "HEAD / HTTP/1.1" 200 0 "http://ja.tak-cslab.org/" "Mozilla/5.0+(compatible; UptimeRobot/2.0; http://www.uptimerobot.com/)"
34.206.38.217 - - [06/Dec/2021:02:50:28 +0000] "GET /feed HTTP/1.1" 200 56281 "-" "Automate.io BOT"
54.198.217.78 - - [06/Dec/2021:02:53:40 +0000] "HEAD /feed HTTP/2.0" 200 0 "-" "Slackbot 1.0 (+https://api.slack.com/robots)"
3.86.57.122 - - [06/Dec/2021:02:53:41 +0000] "GET /feed HTTP/1.1" 200 56281 "-" "Slackbot 1.0 (+https://api.slack.com/robots)"
