188.122.82.146 - - [10/Dec/2021:02:30:07 +0000] "GET /archives/460/ HTTP/1.0" 301 0 "https://ja.tak-cslab.org/archives/460/" "Mozilla/5.0 (Windows NT 6.1; WOW64) AppleWebKit/537.36 (KHTML, like Gecko) Chrome/90.0.4430.85 Safari/537.36"
188.122.82.146 - - [10/Dec/2021:02:30:08 +0000] "GET /archives/460 HTTP/1.0" 200 27795 "https://ja.tak-cslab.org/archives/460" "Mozilla/5.0 (Windows NT 6.1; WOW64) AppleWebKit/537.36 (KHTML, like Gecko) Chrome/90.0.4430.85 Safari/537.36"
34.206.38.217 - - [10/Dec/2021:02:30:16 +0000] "GET /feed HTTP/1.1" 200 54718 "-" "Automate.io BOT"
66.249.79.159 - - [10/Dec/2021:02:32:36 +0000] "GET /about HTTP/1.1" 200 5353 "-" "Mozilla/5.0 (Linux; Android 6.0.1; Nexus 5X Build/MMB29P) AppleWebKit/537.36 (KHTML, like Gecko) Chrome/96.0.4664.93 Mobile Safari/537.36 (compatible; Googlebot/2.1; +http://www.google.com/bot.html)"
51.222.253.5 - - [10/Dec/2021:02:32:41 +0000] "GET /?page_id=131 HTTP/2.0" 301 0 "-" "Mozilla/5.0 (compatible; AhrefsBot/7.0; +http://ahrefs.com/robot/)"
216.245.221.83 - - [10/Dec/2021:02:33:29 +0000] "HEAD / HTTP/1.1" 301 0 "http://ja.tak-cslab.org/" "Mozilla/5.0+(compatible; UptimeRobot/2.0; http://www.uptimerobot.com/)"
216.245.221.83 - - [10/Dec/2021:02:33:29 +0000] "HEAD / HTTP/1.1" 200 0 "http://ja.tak-cslab.org/" "Mozilla/5.0+(compatible; UptimeRobot/2.0; http://www.uptimerobot.com/)"
52.3.221.40 - - [10/Dec/2021:02:33:38 +0000] "HEAD /feed HTTP/2.0" 200 0 "-" "Slackbot 1.0 (+https://api.slack.com/robots)"
54.87.30.41 - - [10/Dec/2021:02:33:39 +0000] "GET /feed HTTP/1.1" 200 54716 "-" "Slackbot 1.0 (+https://api.slack.com/robots)"
35.168.59.225 - - [10/Dec/2021:02:33:40 +0000] "GET / HTTP/1.1" 200 6215 "-" "Slackbot 1.0 (+https://api.slack.com/robots)"
51.222.253.5 - - [10/Dec/2021:02:34:56 +0000] "GET /archives/1462 HTTP/2.0" 200 11361 "-" "Mozilla/5.0 (compatible; AhrefsBot/7.0; +http://ahrefs.com/robot/)"
34.206.38.217 - - [10/Dec/2021:02:35:16 +0000] "GET /feed HTTP/1.1" 200 54716 "-" "Automate.io BOT"
216.245.221.83 - - [10/Dec/2021:02:38:30 +0000] "HEAD / HTTP/1.1" 301 0 "http://ja.tak-cslab.org/" "Mozilla/5.0+(compatible; UptimeRobot/2.0; http://www.uptimerobot.com/)"
216.245.221.83 - - [10/Dec/2021:02:38:30 +0000] "HEAD / HTTP/1.1" 200 0 "http://ja.tak-cslab.org/" "Mozilla/5.0+(compatible; UptimeRobot/2.0; http://www.uptimerobot.com/)"
34.206.38.217 - - [10/Dec/2021:02:40:16 +0000] "GET /feed HTTP/1.1" 200 54718 "-" "Automate.io BOT"
163.215.6.1 - - [10/Dec/2021:02:42:04 +0000] "GET / HTTP/2.0" 200 6196 "-" "Mozilla/5.0 (Windows NT 10.0; Win64; x64) AppleWebKit/537.36 (KHTML, like Gecko) Chrome/96.0.4664.45 Safari/537.36"
163.215.6.1 - - [10/Dec/2021:02:42:06 +0000] "GET /tech-report HTTP/2.0" 200 12894 "https://ja.tak-cslab.org/" "Mozilla/5.0 (Windows NT 10.0; Win64; x64) AppleWebKit/537.36 (KHTML, like Gecko) Chrome/96.0.4664.45 Safari/537.36"
216.245.221.83 - - [10/Dec/2021:02:43:29 +0000] "HEAD / HTTP/1.1" 301 0 "http://ja.tak-cslab.org/" "Mozilla/5.0+(compatible; UptimeRobot/2.0; http://www.uptimerobot.com/)"
216.245.221.83 - - [10/Dec/2021:02:43:29 +0000] "HEAD / HTTP/1.1" 200 0 "http://ja.tak-cslab.org/" "Mozilla/5.0+(compatible; UptimeRobot/2.0; http://www.uptimerobot.com/)"
13.115.234.123 - - [10/Dec/2021:02:43:34 +0000] "GET /favicon.ico HTTP/1.1" 302 5 "-" "Slack-ImgProxy (+https://api.slack.com/robots)"
3.115.116.109 - - [10/Dec/2021:02:43:34 +0000] "GET /wp-includes/images/w-logo-blue-white-bg.png HTTP/1.1" 200 4119 "-" "Slack-ImgProxy (+https://api.slack.com/robots)"
34.206.38.217 - - [10/Dec/2021:02:45:16 +0000] "GET /feed HTTP/1.1" 200 54716 "-" "Automate.io BOT"
216.245.221.83 - - [10/Dec/2021:02:48:29 +0000] "HEAD / HTTP/1.1" 301 0 "http://ja.tak-cslab.org/" "Mozilla/5.0+(compatible; UptimeRobot/2.0; http://www.uptimerobot.com/)"
216.245.221.83 - - [10/Dec/2021:02:48:29 +0000] "HEAD / HTTP/1.1" 200 0 "http://ja.tak-cslab.org/" "Mozilla/5.0+(compatible; UptimeRobot/2.0; http://www.uptimerobot.com/)"
216.245.221.83 - - [10/Dec/2021:02:53:29 +0000] "HEAD / HTTP/1.1" 301 0 "http://ja.tak-cslab.org/" "Mozilla/5.0+(compatible; UptimeRobot/2.0; http://www.uptimerobot.com/)"
216.245.221.83 - - [10/Dec/2021:02:53:29 +0000] "HEAD / HTTP/1.1" 200 0 "http://ja.tak-cslab.org/" "Mozilla/5.0+(compatible; UptimeRobot/2.0; http://www.uptimerobot.com/)"
3.90.213.30 - - [10/Dec/2021:02:53:44 +0000] "HEAD /feed HTTP/2.0" 200 0 "-" "Slackbot 1.0 (+https://api.slack.com/robots)"
35.168.59.225 - - [10/Dec/2021:02:53:45 +0000] "GET /feed HTTP/1.1" 200 54718 "-" "Slackbot 1.0 (+https://api.slack.com/robots)"
35.168.59.225 - - [10/Dec/2021:02:53:45 +0000] "GET / HTTP/1.1" 200 6215 "-" "Slackbot 1.0 (+https://api.slack.com/robots)"
34.206.38.217 - - [10/Dec/2021:02:55:16 +0000] "GET /feed HTTP/1.1" 200 54716 "-" "Automate.io BOT"
216.245.221.83 - - [10/Dec/2021:02:58:29 +0000] "HEAD / HTTP/1.1" 301 0 "http://ja.tak-cslab.org/" "Mozilla/5.0+(compatible; UptimeRobot/2.0; http://www.uptimerobot.com/)"
216.245.221.83 - - [10/Dec/2021:02:58:29 +0000] "HEAD / HTTP/1.1" 200 0 "http://ja.tak-cslab.org/" "Mozilla/5.0+(compatible; UptimeRobot/2.0; http://www.uptimerobot.com/)"
183.74.205.108 - - [10/Dec/2021:02:58:35 +0000] "GET /favicon.ico HTTP/2.0" 302 0 "-" "com.tinyspeck.chatlyio/21.11.20 (iPhone; iOS 15.1; Scale/2.00)"
183.74.205.108 - - [10/Dec/2021:02:58:35 +0000] "GET /wp-includes/images/w-logo-blue-white-bg.png HTTP/2.0" 200 4119 "-" "com.tinyspeck.chatlyio/21.11.20 (iPhone; iOS 15.1; Scale/2.00)"
183.74.205.108 - - [10/Dec/2021:02:58:59 +0000] "GET /archives/1700 HTTP/2.0" 200 6513 "-" "Mozilla/5.0 (iPhone; CPU iPhone OS 15_1 like Mac OS X) AppleWebKit/605.1.15 (KHTML, like Gecko) Version/15.1 Mobile/15E148 Safari/604.1"
183.74.205.108 - - [10/Dec/2021:02:59:00 +0000] "GET /wp-includes/js/wp-emoji-release.min.js?ver=5.8.2 HTTP/2.0" 304 0 "https://ja.tak-cslab.org/archives/1700" "Mozilla/5.0 (iPhone; CPU iPhone OS 15_1 like Mac OS X) AppleWebKit/605.1.15 (KHTML, like Gecko) Version/15.1 Mobile/15E148 Safari/604.1"
183.74.205.108 - - [10/Dec/2021:02:59:00 +0000] "GET /wp-includes/js/comment-reply.min.js?ver=5.8.2 HTTP/2.0" 304 0 "https://ja.tak-cslab.org/archives/1700" "Mozilla/5.0 (iPhone; CPU iPhone OS 15_1 like Mac OS X) AppleWebKit/605.1.15 (KHTML, like Gecko) Version/15.1 Mobile/15E148 Safari/604.1"
183.74.205.108 - - [10/Dec/2021:02:59:00 +0000] "GET /wp-includes/js/wp-embed.min.js?ver=5.8.2 HTTP/2.0" 304 0 "https://ja.tak-cslab.org/archives/1700" "Mozilla/5.0 (iPhone; CPU iPhone OS 15_1 like Mac OS X) AppleWebKit/605.1.15 (KHTML, like Gecko) Version/15.1 Mobile/15E148 Safari/604.1"
183.74.205.108 - - [10/Dec/2021:02:59:00 +0000] "GET /wp-includes/css/dist/block-library/style.min.css?ver=5.8.2 HTTP/2.0" 304 0 "https://ja.tak-cslab.org/archives/1700" "Mozilla/5.0 (iPhone; CPU iPhone OS 15_1 like Mac OS X) AppleWebKit/605.1.15 (KHTML, like Gecko) Version/15.1 Mobile/15E148 Safari/604.1"
34.206.38.217 - - [10/Dec/2021:03:00:16 +0000] "GET /feed HTTP/1.1" 200 54718 "-" "Automate.io BOT"
163.215.6.1 - - [10/Dec/2021:03:01:00 +0000] "POST /wp-cron.php?doing_wp_cron=1639105260.6213688850402832031250 HTTP/1.1" 200 31 "https://ja.tak-cslab.org/wp-cron.php?doing_wp_cron=1639105260.6213688850402832031250" "WordPress/5.8.2; https://ja.tak-cslab.org"
185.191.171.43 - - [10/Dec/2021:03:01:00 +0000] "GET /robots.txt HTTP/1.1" 200 123 "-" "Mozilla/5.0 (compatible; SemrushBot/7~bl; +http://www.semrush.com/bot.html)"
185.191.171.23 - - [10/Dec/2021:03:01:01 +0000] "GET /10gin_cds1?redirect_to=https%3A%2F%2Fja.tak-cslab.org%2Farchives%2F1238 HTTP/1.1" 200 4552 "-" "Mozilla/5.0 (compatible; SemrushBot/7~bl; +http://www.semrush.com/bot.html)"
216.245.221.83 - - [10/Dec/2021:03:03:29 +0000] "HEAD / HTTP/1.1" 301 0 "http://ja.tak-cslab.org/" "Mozilla/5.0+(compatible; UptimeRobot/2.0; http://www.uptimerobot.com/)"
216.245.221.83 - - [10/Dec/2021:03:03:29 +0000] "HEAD / HTTP/1.1" 200 0 "http://ja.tak-cslab.org/" "Mozilla/5.0+(compatible; UptimeRobot/2.0; http://www.uptimerobot.com/)"
34.206.38.217 - - [10/Dec/2021:03:05:16 +0000] "GET /feed HTTP/1.1" 200 54716 "-" "Automate.io BOT"
216.245.221.83 - - [10/Dec/2021:03:08:29 +0000] "HEAD / HTTP/1.1" 301 0 "http://ja.tak-cslab.org/" "Mozilla/5.0+(compatible; UptimeRobot/2.0; http://www.uptimerobot.com/)"
216.245.221.83 - - [10/Dec/2021:03:08:29 +0000] "HEAD / HTTP/1.1" 200 0 "http://ja.tak-cslab.org/" "Mozilla/5.0+(compatible; UptimeRobot/2.0; http://www.uptimerobot.com/)"
34.206.38.217 - - [10/Dec/2021:03:10:17 +0000] "GET /feed HTTP/1.1" 200 54718 "-" "Automate.io BOT"
216.245.221.83 - - [10/Dec/2021:03:13:29 +0000] "HEAD / HTTP/1.1" 301 0 "http://ja.tak-cslab.org/" "Mozilla/5.0+(compatible; UptimeRobot/2.0; http://www.uptimerobot.com/)"
216.245.221.83 - - [10/Dec/2021:03:13:29 +0000] "HEAD / HTTP/1.1" 200 0 "http://ja.tak-cslab.org/" "Mozilla/5.0+(compatible; UptimeRobot/2.0; http://www.uptimerobot.com/)"
54.89.185.161 - - [10/Dec/2021:03:13:38 +0000] "HEAD /feed HTTP/2.0" 200 0 "-" "Slackbot 1.0 (+https://api.slack.com/robots)"
44.200.61.40 - - [10/Dec/2021:03:13:39 +0000] "GET /feed HTTP/1.1" 200 54711 "-" "Slackbot 1.0 (+https://api.slack.com/robots)"
3.82.222.104 - - [10/Dec/2021:03:13:42 +0000] "GET / HTTP/1.1" 200 6223 "-" "Slackbot 1.0 (+https://api.slack.com/robots)"
3.112.31.140 - - [10/Dec/2021:03:13:55 +0000] "GET /favicon.ico HTTP/1.1" 302 5 "-" "Slack-ImgProxy (+https://api.slack.com/robots)"
3.112.40.166 - - [10/Dec/2021:03:13:55 +0000] "GET /wp-includes/images/w-logo-blue-white-bg.png HTTP/1.1" 200 4119 "-" "Slack-ImgProxy (+https://api.slack.com/robots)"
18.182.9.195 - - [10/Dec/2021:03:14:56 +0000] "GET /wp-content/uploads/2020/09/20200925_200925_0-1.jpg HTTP/1.1" 200 247845 "-" "Slack-ImgProxy (+https://api.slack.com/robots)"
35.77.24.233 - - [10/Dec/2021:03:14:56 +0000] "GET /wp-content/uploads/2020/09/20200925_200925_0-1.jpg HTTP/1.1" 200 247845 "-" "Slack-ImgProxy (+https://api.slack.com/robots)"
34.206.38.217 - - [10/Dec/2021:03:15:16 +0000] "GET /feed HTTP/1.1" 200 54718 "-" "Automate.io BOT"
163.49.215.97 - - [10/Dec/2021:03:16:02 +0000] "GET /archives/1682 HTTP/2.0" 200 7126 "https://qiita.com/" "Mozilla/5.0 (Linux; Android 11; Pixel 5a) AppleWebKit/537.36 (KHTML, like Gecko) Chrome/96.0.4664.92 Mobile Safari/537.36"
163.49.215.97 - - [10/Dec/2021:03:16:02 +0000] "GET /wp-content/themes/cdsl/style.css?ver=1.3.1 HTTP/2.0" 200 272 "https://ja.tak-cslab.org/archives/1682" "Mozilla/5.0 (Linux; Android 11; Pixel 5a) AppleWebKit/537.36 (KHTML, like Gecko) Chrome/96.0.4664.92 Mobile Safari/537.36"
163.49.215.97 - - [10/Dec/2021:03:16:02 +0000] "GET /wp-content/themes/scaffold/assets/js/navigation.js?ver=1.3.1 HTTP/2.0" 200 1266 "https://ja.tak-cslab.org/archives/1682" "Mozilla/5.0 (Linux; Android 11; Pixel 5a) AppleWebKit/537.36 (KHTML, like Gecko) Chrome/96.0.4664.92 Mobile Safari/537.36"
163.49.215.97 - - [10/Dec/2021:03:16:02 +0000] "GET /wp-includes/js/comment-reply.min.js?ver=5.8.2 HTTP/2.0" 200 1390 "https://ja.tak-cslab.org/archives/1682" "Mozilla/5.0 (Linux; Android 11; Pixel 5a) AppleWebKit/537.36 (KHTML, like Gecko) Chrome/96.0.4664.92 Mobile Safari/537.36"
163.49.215.97 - - [10/Dec/2021:03:16:02 +0000] "GET /wp-content/themes/scaffold/style.css?ver=5.8.2 HTTP/2.0" 200 5846 "https://ja.tak-cslab.org/archives/1682" "Mozilla/5.0 (Linux; Android 11; Pixel 5a) AppleWebKit/537.36 (KHTML, like Gecko) Chrome/96.0.4664.92 Mobile Safari/537.36"
163.49.215.97 - - [10/Dec/2021:03:16:02 +0000] "GET /wp-includes/js/wp-embed.min.js?ver=5.8.2 HTTP/2.0" 200 779 "https://ja.tak-cslab.org/archives/1682" "Mozilla/5.0 (Linux; Android 11; Pixel 5a) AppleWebKit/537.36 (KHTML, like Gecko) Chrome/96.0.4664.92 Mobile Safari/537.36"
163.49.215.97 - - [10/Dec/2021:03:16:02 +0000] "GET /wp-includes/css/dist/block-library/style.min.css?ver=5.8.2 HTTP/2.0" 200 13704 "https://ja.tak-cslab.org/archives/1682" "Mozilla/5.0 (Linux; Android 11; Pixel 5a) AppleWebKit/537.36 (KHTML, like Gecko) Chrome/96.0.4664.92 Mobile Safari/537.36"
163.49.215.97 - - [10/Dec/2021:03:16:02 +0000] "GET /wp-includes/js/wp-emoji-release.min.js?ver=5.8.2 HTTP/2.0" 200 5714 "https://ja.tak-cslab.org/archives/1682" "Mozilla/5.0 (Linux; Android 11; Pixel 5a) AppleWebKit/537.36 (KHTML, like Gecko) Chrome/96.0.4664.92 Mobile Safari/537.36"
163.49.215.97 - - [10/Dec/2021:03:16:03 +0000] "GET /wp-content/plugins/native-lazyload/assets/images/placeholder.svg HTTP/2.0" 200 88 "https://ja.tak-cslab.org/archives/1682" "Mozilla/5.0 (Linux; Android 11; Pixel 5a) AppleWebKit/537.36 (KHTML, like Gecko) Chrome/96.0.4664.92 Mobile Safari/537.36"
163.49.215.97 - - [10/Dec/2021:03:16:03 +0000] "GET /favicon.ico HTTP/2.0" 302 0 "https://ja.tak-cslab.org/archives/1682" "Mozilla/5.0 (Linux; Android 11; Pixel 5a) AppleWebKit/537.36 (KHTML, like Gecko) Chrome/96.0.4664.92 Mobile Safari/537.36"
163.49.215.97 - - [10/Dec/2021:03:16:03 +0000] "GET /wp-content/uploads/2021/12/IMG_3285-1-1040x692.jpg HTTP/2.0" 200 126196 "https://ja.tak-cslab.org/archives/1682" "Mozilla/5.0 (Linux; Android 11; Pixel 5a) AppleWebKit/537.36 (KHTML, like Gecko) Chrome/96.0.4664.92 Mobile Safari/537.36"
163.49.215.97 - - [10/Dec/2021:03:16:05 +0000] "GET /wp-includes/images/w-logo-blue-white-bg.png HTTP/2.0" 200 4119 "https://ja.tak-cslab.org/archives/1682" "Mozilla/5.0 (Linux; Android 11; Pixel 5a) AppleWebKit/537.36 (KHTML, like Gecko) Chrome/96.0.4664.92 Mobile Safari/537.36"
163.49.215.97 - - [10/Dec/2021:03:17:06 +0000] "GET /archives/1647 HTTP/2.0" 200 6326 "https://ja.tak-cslab.org/archives/1682" "Mozilla/5.0 (Linux; Android 11; Pixel 5a) AppleWebKit/537.36 (KHTML, like Gecko) Chrome/96.0.4664.92 Mobile Safari/537.36"
163.49.215.97 - - [10/Dec/2021:03:17:24 +0000] "GET /archives/1700 HTTP/2.0" 200 6513 "https://ja.tak-cslab.org/archives/1647" "Mozilla/5.0 (Linux; Android 11; Pixel 5a) AppleWebKit/537.36 (KHTML, like Gecko) Chrome/96.0.4664.92 Mobile Safari/537.36"
66.249.79.129 - - [10/Dec/2021:03:17:36 +0000] "GET /topics/blog/page/2 HTTP/1.1" 200 20186 "-" "Mozilla/5.0 (compatible; Googlebot/2.1; +http://www.google.com/bot.html)"
216.245.221.83 - - [10/Dec/2021:03:18:29 +0000] "HEAD / HTTP/1.1" 301 0 "http://ja.tak-cslab.org/" "Mozilla/5.0+(compatible; UptimeRobot/2.0; http://www.uptimerobot.com/)"
163.215.6.1 - - [10/Dec/2021:03:18:29 +0000] "POST /wp-cron.php?doing_wp_cron=1639106309.6608450412750244140625 HTTP/1.1" 200 31 "https://ja.tak-cslab.org/wp-cron.php?doing_wp_cron=1639106309.6608450412750244140625" "WordPress/5.8.2; https://ja.tak-cslab.org"
216.245.221.83 - - [10/Dec/2021:03:18:29 +0000] "HEAD / HTTP/1.1" 200 0 "http://ja.tak-cslab.org/" "Mozilla/5.0+(compatible; UptimeRobot/2.0; http://www.uptimerobot.com/)"
207.46.13.41 - - [10/Dec/2021:03:19:15 +0000] "GET /archives/742 HTTP/2.0" 200 6306 "-" "Mozilla/5.0 (compatible; bingbot/2.0; +http://www.bing.com/bingbot.htm)"
40.77.167.44 - - [10/Dec/2021:03:19:38 +0000] "GET /wp-content/themes/scaffold/assets/js/navigation.js?ver=1.3.1 HTTP/2.0" 200 1266 "-" "Mozilla/5.0 (compatible; bingbot/2.0; +http://www.bing.com/bingbot.htm)"
34.206.38.217 - - [10/Dec/2021:03:20:16 +0000] "GET /feed HTTP/1.1" 200 54716 "-" "Automate.io BOT"
216.245.221.83 - - [10/Dec/2021:03:23:29 +0000] "HEAD / HTTP/1.1" 301 0 "http://ja.tak-cslab.org/" "Mozilla/5.0+(compatible; UptimeRobot/2.0; http://www.uptimerobot.com/)"
216.245.221.83 - - [10/Dec/2021:03:23:29 +0000] "HEAD / HTTP/1.1" 200 0 "http://ja.tak-cslab.org/" "Mozilla/5.0+(compatible; UptimeRobot/2.0; http://www.uptimerobot.com/)"
34.206.38.217 - - [10/Dec/2021:03:25:17 +0000] "GET /feed HTTP/1.1" 200 54718 "-" "Automate.io BOT"
5.161.55.57 - - [10/Dec/2021:03:26:45 +0000] "GET /archives/1049 HTTP/1.1" 200 8594 "-" "Mozilla/5.0 (Windows NT 10.0; Win64; x64) AppleWebKit/537.36 (KHTML, like Gecko) Chrome/84.0.4147.105 Safari/537.36"
216.245.221.83 - - [10/Dec/2021:03:28:29 +0000] "HEAD / HTTP/1.1" 301 0 "http://ja.tak-cslab.org/" "Mozilla/5.0+(compatible; UptimeRobot/2.0; http://www.uptimerobot.com/)"
216.245.221.83 - - [10/Dec/2021:03:28:29 +0000] "HEAD / HTTP/1.1" 200 0 "http://ja.tak-cslab.org/" "Mozilla/5.0+(compatible; UptimeRobot/2.0; http://www.uptimerobot.com/)"
34.206.38.217 - - [10/Dec/2021:03:30:16 +0000] "GET /feed HTTP/1.1" 200 54718 "-" "Automate.io BOT"
216.245.221.83 - - [10/Dec/2021:03:33:29 +0000] "HEAD / HTTP/1.1" 301 0 "http://ja.tak-cslab.org/" "Mozilla/5.0+(compatible; UptimeRobot/2.0; http://www.uptimerobot.com/)"
216.245.221.83 - - [10/Dec/2021:03:33:29 +0000] "HEAD / HTTP/1.1" 200 0 "http://ja.tak-cslab.org/" "Mozilla/5.0+(compatible; UptimeRobot/2.0; http://www.uptimerobot.com/)"
100.27.25.12 - - [10/Dec/2021:03:33:44 +0000] "HEAD /feed HTTP/2.0" 200 0 "-" "Slackbot 1.0 (+https://api.slack.com/robots)"
3.236.103.45 - - [10/Dec/2021:03:33:44 +0000] "GET /feed HTTP/1.1" 200 54718 "-" "Slackbot 1.0 (+https://api.slack.com/robots)"
100.27.25.12 - - [10/Dec/2021:03:33:45 +0000] "GET / HTTP/1.1" 200 6223 "-" "Slackbot 1.0 (+https://api.slack.com/robots)"
34.206.38.217 - - [10/Dec/2021:03:35:17 +0000] "GET /feed HTTP/1.1" 200 54718 "-" "Automate.io BOT"
88.198.20.79 - - [10/Dec/2021:03:37:00 +0000] "GET /feed HTTP/1.1" 200 54718 "-" "Mozilla/5.0 (compatible; DataForSeoBot/1.0; +https://dataforseo.com/dataforseo-bot)"
88.198.20.79 - - [10/Dec/2021:03:37:41 +0000] "GET /comments/feed HTTP/1.1" 200 815 "-" "Mozilla/5.0 (compatible; DataForSeoBot/1.0; +https://dataforseo.com/dataforseo-bot)"
216.245.221.83 - - [10/Dec/2021:03:38:29 +0000] "HEAD / HTTP/1.1" 301 0 "http://ja.tak-cslab.org/" "Mozilla/5.0+(compatible; UptimeRobot/2.0; http://www.uptimerobot.com/)"
216.245.221.83 - - [10/Dec/2021:03:38:29 +0000] "HEAD / HTTP/1.1" 200 0 "http://ja.tak-cslab.org/" "Mozilla/5.0+(compatible; UptimeRobot/2.0; http://www.uptimerobot.com/)"
34.206.38.217 - - [10/Dec/2021:03:40:17 +0000] "GET /feed HTTP/1.1" 200 54718 "-" "Automate.io BOT"
216.245.221.83 - - [10/Dec/2021:03:43:29 +0000] "HEAD / HTTP/1.1" 301 0 "http://ja.tak-cslab.org/" "Mozilla/5.0+(compatible; UptimeRobot/2.0; http://www.uptimerobot.com/)"
216.245.221.83 - - [10/Dec/2021:03:43:29 +0000] "HEAD / HTTP/1.1" 200 0 "http://ja.tak-cslab.org/" "Mozilla/5.0+(compatible; UptimeRobot/2.0; http://www.uptimerobot.com/)"
34.206.38.217 - - [10/Dec/2021:03:45:16 +0000] "GET /feed HTTP/1.1" 200 54711 "-" "Automate.io BOT"
216.245.221.83 - - [10/Dec/2021:03:48:29 +0000] "HEAD / HTTP/1.1" 301 0 "http://ja.tak-cslab.org/" "Mozilla/5.0+(compatible; UptimeRobot/2.0; http://www.uptimerobot.com/)"
216.245.221.83 - - [10/Dec/2021:03:48:29 +0000] "HEAD / HTTP/1.1" 200 0 "http://ja.tak-cslab.org/" "Mozilla/5.0+(compatible; UptimeRobot/2.0; http://www.uptimerobot.com/)"
34.206.38.217 - - [10/Dec/2021:03:50:21 +0000] "GET /feed HTTP/1.1" 200 54718 "-" "Automate.io BOT"
37.113.62.111 - - [10/Dec/2021:03:53:17 +0000] "GET /archives/460/ HTTP/1.0" 301 162 "-" "Mozilla/5.0 (Windows NT 6.3; Win64; x64) AppleWebKit/537.36 (KHTML, like Gecko) Chrome/75.0.3770.100 Safari/537.36"
37.113.62.111 - - [10/Dec/2021:03:53:18 +0000] "GET /archives/460/ HTTP/1.0" 301 0 "-" "Mozilla/5.0 (Windows NT 6.3; Win64; x64) AppleWebKit/537.36 (KHTML, like Gecko) Chrome/75.0.3770.100 Safari/537.36"
216.245.221.83 - - [10/Dec/2021:03:53:29 +0000] "HEAD / HTTP/1.1" 301 0 "http://ja.tak-cslab.org/" "Mozilla/5.0+(compatible; UptimeRobot/2.0; http://www.uptimerobot.com/)"
216.245.221.83 - - [10/Dec/2021:03:53:29 +0000] "HEAD / HTTP/1.1" 200 0 "http://ja.tak-cslab.org/" "Mozilla/5.0+(compatible; UptimeRobot/2.0; http://www.uptimerobot.com/)"
3.83.229.16 - - [10/Dec/2021:03:53:42 +0000] "HEAD /feed HTTP/2.0" 200 0 "-" "Slackbot 1.0 (+https://api.slack.com/robots)"
54.89.185.161 - - [10/Dec/2021:03:53:43 +0000] "GET /feed HTTP/1.1" 200 54718 "-" "Slackbot 1.0 (+https://api.slack.com/robots)"
54.145.151.120 - - [10/Dec/2021:03:53:44 +0000] "GET / HTTP/1.1" 200 6215 "-" "Slackbot 1.0 (+https://api.slack.com/robots)"
34.206.38.217 - - [10/Dec/2021:03:55:21 +0000] "GET /feed HTTP/1.1" 200 54711 "-" "Automate.io BOT"
216.245.221.83 - - [10/Dec/2021:03:58:29 +0000] "HEAD / HTTP/1.1" 301 0 "http://ja.tak-cslab.org/" "Mozilla/5.0+(compatible; UptimeRobot/2.0; http://www.uptimerobot.com/)"
216.245.221.83 - - [10/Dec/2021:03:58:29 +0000] "HEAD / HTTP/1.1" 200 0 "http://ja.tak-cslab.org/" "Mozilla/5.0+(compatible; UptimeRobot/2.0; http://www.uptimerobot.com/)"
163.215.6.1 - - [10/Dec/2021:04:02:36 +0000] "POST /wp-cron.php?doing_wp_cron=1639108956.5917720794677734375000 HTTP/1.1" 200 31 "https://ja.tak-cslab.org/wp-cron.php?doing_wp_cron=1639108956.5917720794677734375000" "WordPress/5.8.2; https://ja.tak-cslab.org"
66.249.79.158 - - [10/Dec/2021:04:02:36 +0000] "GET /archives/author/c0118083 HTTP/1.1" 200 5977 "-" "Mozilla/5.0 (compatible; Googlebot/2.1; +http://www.google.com/bot.html)"
216.245.221.83 - - [10/Dec/2021:04:03:29 +0000] "HEAD / HTTP/1.1" 301 0 "http://ja.tak-cslab.org/" "Mozilla/5.0+(compatible; UptimeRobot/2.0; http://www.uptimerobot.com/)"
216.245.221.83 - - [10/Dec/2021:04:03:29 +0000] "HEAD / HTTP/1.1" 200 0 "http://ja.tak-cslab.org/" "Mozilla/5.0+(compatible; UptimeRobot/2.0; http://www.uptimerobot.com/)"
34.206.38.217 - - [10/Dec/2021:04:05:21 +0000] "GET /feed HTTP/1.1" 200 54716 "-" "Automate.io BOT"
216.245.221.83 - - [10/Dec/2021:04:08:29 +0000] "HEAD / HTTP/1.1" 301 0 "http://ja.tak-cslab.org/" "Mozilla/5.0+(compatible; UptimeRobot/2.0; http://www.uptimerobot.com/)"
216.245.221.83 - - [10/Dec/2021:04:08:29 +0000] "HEAD / HTTP/1.1" 200 0 "http://ja.tak-cslab.org/" "Mozilla/5.0+(compatible; UptimeRobot/2.0; http://www.uptimerobot.com/)"
171.25.193.77 - - [10/Dec/2021:04:08:36 +0000] "GET /archives/460/ HTTP/1.0" 301 162 "http://ja.tak-cslab.org/archives/460/" "Mozilla/5.0 (Windows NT 10.0; Win64; x64) AppleWebKit/537.36 (KHTML, like Gecko) Chrome/90.0.4430.85 Safari/537.36 Edg/90.0.818.49"
185.220.101.159 - - [10/Dec/2021:04:08:45 +0000] "GET /archives/460/ HTTP/1.0" 301 0 "https://ja.tak-cslab.org/archives/460/" "Mozilla/5.0 (Windows NT 10.0; Win64; x64) AppleWebKit/537.36 (KHTML, like Gecko) Chrome/90.0.4430.85 Safari/537.36 Edg/90.0.818.49"
104.244.72.248 - - [10/Dec/2021:04:08:51 +0000] "GET /archives/460 HTTP/1.0" 200 27795 "https://ja.tak-cslab.org/archives/460" "Mozilla/5.0 (Windows NT 10.0; Win64; x64) AppleWebKit/537.36 (KHTML, like Gecko) Chrome/90.0.4430.85 Safari/537.36 Edg/90.0.818.49"
123.226.248.41 - - [10/Dec/2021:04:09:09 +0000] "GET /wp-content/uploads/2021/01/%E3%83%92%E3%83%89%E3%83%A9.jpeg HTTP/2.0" 200 12823 "https://www.google.com/" "Mozilla/5.0 (X11; CrOS x86_64 14150.87.0) AppleWebKit/537.36 (KHTML, like Gecko) Chrome/94.0.4606.124 Safari/537.36"
34.206.38.217 - - [10/Dec/2021:04:10:21 +0000] "GET /feed HTTP/1.1" 200 54718 "-" "Automate.io BOT"
216.245.221.83 - - [10/Dec/2021:04:13:29 +0000] "HEAD / HTTP/1.1" 301 0 "http://ja.tak-cslab.org/" "Mozilla/5.0+(compatible; UptimeRobot/2.0; http://www.uptimerobot.com/)"
216.245.221.83 - - [10/Dec/2021:04:13:29 +0000] "HEAD / HTTP/1.1" 200 0 "http://ja.tak-cslab.org/" "Mozilla/5.0+(compatible; UptimeRobot/2.0; http://www.uptimerobot.com/)"
18.207.134.77 - - [10/Dec/2021:04:13:44 +0000] "HEAD /feed HTTP/2.0" 200 0 "-" "Slackbot 1.0 (+https://api.slack.com/robots)"
54.164.116.129 - - [10/Dec/2021:04:13:45 +0000] "GET /feed HTTP/1.1" 200 54711 "-" "Slackbot 1.0 (+https://api.slack.com/robots)"
3.235.243.232 - - [10/Dec/2021:04:13:47 +0000] "GET / HTTP/1.1" 200 6223 "-" "Slackbot 1.0 (+https://api.slack.com/robots)"
34.206.38.217 - - [10/Dec/2021:04:15:21 +0000] "GET /feed HTTP/1.1" 200 54711 "-" "Automate.io BOT"
18.183.117.251 - - [10/Dec/2021:04:15:38 +0000] "GET /favicon.ico HTTP/1.1" 302 5 "-" "Slack-ImgProxy (+https://api.slack.com/robots)"
18.177.87.27 - - [10/Dec/2021:04:15:38 +0000] "GET /wp-includes/images/w-logo-blue-white-bg.png HTTP/1.1" 200 4119 "-" "Slack-ImgProxy (+https://api.slack.com/robots)"
216.245.221.83 - - [10/Dec/2021:04:18:29 +0000] "HEAD / HTTP/1.1" 301 0 "http://ja.tak-cslab.org/" "Mozilla/5.0+(compatible; UptimeRobot/2.0; http://www.uptimerobot.com/)"
163.215.6.1 - - [10/Dec/2021:04:18:29 +0000] "POST /wp-cron.php?doing_wp_cron=1639109909.6513879299163818359375 HTTP/1.1" 200 31 "https://ja.tak-cslab.org/wp-cron.php?doing_wp_cron=1639109909.6513879299163818359375" "WordPress/5.8.2; https://ja.tak-cslab.org"
216.245.221.83 - - [10/Dec/2021:04:18:29 +0000] "HEAD / HTTP/1.1" 200 0 "http://ja.tak-cslab.org/" "Mozilla/5.0+(compatible; UptimeRobot/2.0; http://www.uptimerobot.com/)"
34.206.38.217 - - [10/Dec/2021:04:20:21 +0000] "GET /feed HTTP/1.1" 200 54718 "-" "Automate.io BOT"
216.245.221.83 - - [10/Dec/2021:04:23:29 +0000] "HEAD / HTTP/1.1" 301 0 "http://ja.tak-cslab.org/" "Mozilla/5.0+(compatible; UptimeRobot/2.0; http://www.uptimerobot.com/)"
216.245.221.83 - - [10/Dec/2021:04:23:29 +0000] "HEAD / HTTP/1.1" 200 0 "http://ja.tak-cslab.org/" "Mozilla/5.0+(compatible; UptimeRobot/2.0; http://www.uptimerobot.com/)"
34.206.38.217 - - [10/Dec/2021:04:25:21 +0000] "GET /feed HTTP/1.1" 200 54716 "-" "Automate.io BOT"
216.245.221.83 - - [10/Dec/2021:04:28:29 +0000] "HEAD / HTTP/1.1" 301 0 "http://ja.tak-cslab.org/" "Mozilla/5.0+(compatible; UptimeRobot/2.0; http://www.uptimerobot.com/)"
216.245.221.83 - - [10/Dec/2021:04:28:29 +0000] "HEAD / HTTP/1.1" 200 0 "http://ja.tak-cslab.org/" "Mozilla/5.0+(compatible; UptimeRobot/2.0; http://www.uptimerobot.com/)"
210.138.100.170 - - [10/Dec/2021:04:29:00 +0000] "GET /wp-content/uploads/2021/04/CDSL-System-Architecture8.png HTTP/2.0" 200 147410 "https://www.google.com/" "Mozilla/5.0 (Windows NT 10.0; Win64; x64) AppleWebKit/537.36 (KHTML, like Gecko) Chrome/96.0.4664.93 Safari/537.36"
210.138.100.170 - - [10/Dec/2021:04:30:19 +0000] "GET /wp-content/uploads/2021/04/CDSL-System-Architecture7.png HTTP/2.0" 200 89237 "https://www.google.com/" "Mozilla/5.0 (Windows NT 10.0; Win64; x64) AppleWebKit/537.36 (KHTML, like Gecko) Chrome/96.0.4664.93 Safari/537.36"
210.138.100.170 - - [10/Dec/2021:04:30:36 +0000] "GET /wp-content/uploads/2021/04/CDSL-System-Architecture1.png HTTP/2.0" 200 89919 "https://www.google.com/" "Mozilla/5.0 (Windows NT 10.0; Win64; x64) AppleWebKit/537.36 (KHTML, like Gecko) Chrome/96.0.4664.93 Safari/537.36"
216.245.221.83 - - [10/Dec/2021:04:33:29 +0000] "HEAD / HTTP/1.1" 301 0 "http://ja.tak-cslab.org/" "Mozilla/5.0+(compatible; UptimeRobot/2.0; http://www.uptimerobot.com/)"
216.245.221.83 - - [10/Dec/2021:04:33:29 +0000] "HEAD / HTTP/1.1" 200 0 "http://ja.tak-cslab.org/" "Mozilla/5.0+(compatible; UptimeRobot/2.0; http://www.uptimerobot.com/)"
3.237.19.237 - - [10/Dec/2021:04:33:40 +0000] "HEAD /feed HTTP/2.0" 200 0 "-" "Slackbot 1.0 (+https://api.slack.com/robots)"
54.89.185.161 - - [10/Dec/2021:04:33:41 +0000] "GET /feed HTTP/1.1" 200 54718 "-" "Slackbot 1.0 (+https://api.slack.com/robots)"
3.92.169.110 - - [10/Dec/2021:04:33:42 +0000] "GET / HTTP/1.1" 200 6223 "-" "Slackbot 1.0 (+https://api.slack.com/robots)"
3.112.60.20 - - [10/Dec/2021:04:33:58 +0000] "GET /favicon.ico HTTP/1.1" 302 5 "-" "Slack-ImgProxy (+https://api.slack.com/robots)"
13.115.206.254 - - [10/Dec/2021:04:33:58 +0000] "GET /wp-includes/images/w-logo-blue-white-bg.png HTTP/1.1" 200 4119 "-" "Slack-ImgProxy (+https://api.slack.com/robots)"
34.206.38.217 - - [10/Dec/2021:04:35:21 +0000] "GET /feed HTTP/1.1" 200 54718 "-" "Automate.io BOT"
40.77.167.66 - - [10/Dec/2021:04:35:46 +0000] "GET /wp-content/uploads/2020/09/Screen-Shot-2020-09-09-at-14.28.38-768x501.png HTTP/2.0" 200 200252 "-" "Mozilla/5.0 (compatible; bingbot/2.0; +http://www.bing.com/bingbot.htm)"
216.245.221.83 - - [10/Dec/2021:04:38:29 +0000] "HEAD / HTTP/1.1" 301 0 "http://ja.tak-cslab.org/" "Mozilla/5.0+(compatible; UptimeRobot/2.0; http://www.uptimerobot.com/)"
216.245.221.83 - - [10/Dec/2021:04:38:29 +0000] "HEAD / HTTP/1.1" 200 0 "http://ja.tak-cslab.org/" "Mozilla/5.0+(compatible; UptimeRobot/2.0; http://www.uptimerobot.com/)"
34.206.38.217 - - [10/Dec/2021:04:40:20 +0000] "GET /feed HTTP/1.1" 200 54716 "-" "Automate.io BOT"
216.245.221.83 - - [10/Dec/2021:04:43:29 +0000] "HEAD / HTTP/1.1" 301 0 "http://ja.tak-cslab.org/" "Mozilla/5.0+(compatible; UptimeRobot/2.0; http://www.uptimerobot.com/)"
216.245.221.83 - - [10/Dec/2021:04:43:29 +0000] "HEAD / HTTP/1.1" 200 0 "http://ja.tak-cslab.org/" "Mozilla/5.0+(compatible; UptimeRobot/2.0; http://www.uptimerobot.com/)"
34.206.38.217 - - [10/Dec/2021:04:45:20 +0000] "GET /feed HTTP/1.1" 200 54718 "-" "Automate.io BOT"
202.244.52.1 - - [10/Dec/2021:04:46:07 +0000] "GET /wp-content/uploads/2021/04/CDSL-System-Architecture8.png HTTP/2.0" 200 147410 "https://www.google.com/" "Mozilla/5.0 (Windows NT 10.0; Win64; x64) AppleWebKit/537.36 (KHTML, like Gecko) Chrome/89.0.4389.114 Safari/537.36 Edg/89.0.774.68"
202.244.52.1 - - [10/Dec/2021:04:46:10 +0000] "GET /archives/1064 HTTP/2.0" 200 8836 "https://www.google.com/" "Mozilla/5.0 (Windows NT 10.0; Win64; x64) AppleWebKit/537.36 (KHTML, like Gecko) Chrome/89.0.4389.114 Safari/537.36 Edg/89.0.774.68"
202.244.52.1 - - [10/Dec/2021:04:46:10 +0000] "GET /wp-content/themes/cdsl/style.css?ver=1.3.1 HTTP/2.0" 200 272 "https://ja.tak-cslab.org/archives/1064" "Mozilla/5.0 (Windows NT 10.0; Win64; x64) AppleWebKit/537.36 (KHTML, like Gecko) Chrome/89.0.4389.114 Safari/537.36 Edg/89.0.774.68"
202.244.52.1 - - [10/Dec/2021:04:46:10 +0000] "GET /wp-includes/js/wp-embed.min.js?ver=5.8.2 HTTP/2.0" 200 779 "https://ja.tak-cslab.org/archives/1064" "Mozilla/5.0 (Windows NT 10.0; Win64; x64) AppleWebKit/537.36 (KHTML, like Gecko) Chrome/89.0.4389.114 Safari/537.36 Edg/89.0.774.68"
202.244.52.1 - - [10/Dec/2021:04:46:10 +0000] "GET /wp-content/themes/scaffold/assets/js/navigation.js?ver=1.3.1 HTTP/2.0" 200 1266 "https://ja.tak-cslab.org/archives/1064" "Mozilla/5.0 (Windows NT 10.0; Win64; x64) AppleWebKit/537.36 (KHTML, like Gecko) Chrome/89.0.4389.114 Safari/537.36 Edg/89.0.774.68"
202.244.52.1 - - [10/Dec/2021:04:46:10 +0000] "GET /wp-includes/js/comment-reply.min.js?ver=5.8.2 HTTP/2.0" 200 1390 "https://ja.tak-cslab.org/archives/1064" "Mozilla/5.0 (Windows NT 10.0; Win64; x64) AppleWebKit/537.36 (KHTML, like Gecko) Chrome/89.0.4389.114 Safari/537.36 Edg/89.0.774.68"
202.244.52.1 - - [10/Dec/2021:04:46:10 +0000] "GET /wp-content/themes/scaffold/style.css?ver=5.8.2 HTTP/2.0" 200 5846 "https://ja.tak-cslab.org/archives/1064" "Mozilla/5.0 (Windows NT 10.0; Win64; x64) AppleWebKit/537.36 (KHTML, like Gecko) Chrome/89.0.4389.114 Safari/537.36 Edg/89.0.774.68"
202.244.52.1 - - [10/Dec/2021:04:46:10 +0000] "GET /wp-includes/css/dist/block-library/style.min.css?ver=5.8.2 HTTP/2.0" 200 13704 "https://ja.tak-cslab.org/archives/1064" "Mozilla/5.0 (Windows NT 10.0; Win64; x64) AppleWebKit/537.36 (KHTML, like Gecko) Chrome/89.0.4389.114 Safari/537.36 Edg/89.0.774.68"
202.244.52.1 - - [10/Dec/2021:04:46:10 +0000] "GET /wp-includes/js/wp-emoji-release.min.js?ver=5.8.2 HTTP/2.0" 200 5714 "https://ja.tak-cslab.org/archives/1064" "Mozilla/5.0 (Windows NT 10.0; Win64; x64) AppleWebKit/537.36 (KHTML, like Gecko) Chrome/89.0.4389.114 Safari/537.36 Edg/89.0.774.68"
202.244.52.1 - - [10/Dec/2021:04:46:11 +0000] "GET /wp-content/plugins/native-lazyload/assets/images/placeholder.svg HTTP/2.0" 200 88 "https://ja.tak-cslab.org/archives/1064" "Mozilla/5.0 (Windows NT 10.0; Win64; x64) AppleWebKit/537.36 (KHTML, like Gecko) Chrome/89.0.4389.114 Safari/537.36 Edg/89.0.774.68"
202.244.52.1 - - [10/Dec/2021:04:46:11 +0000] "GET /wp-content/uploads/2021/04/CDSL-System-Architecture2.png HTTP/2.0" 200 59389 "https://ja.tak-cslab.org/archives/1064" "Mozilla/5.0 (Windows NT 10.0; Win64; x64) AppleWebKit/537.36 (KHTML, like Gecko) Chrome/89.0.4389.114 Safari/537.36 Edg/89.0.774.68"
202.244.52.1 - - [10/Dec/2021:04:46:11 +0000] "GET /wp-content/uploads/2021/04/CDSL-System-Architecture1.png HTTP/2.0" 200 89919 "https://ja.tak-cslab.org/archives/1064" "Mozilla/5.0 (Windows NT 10.0; Win64; x64) AppleWebKit/537.36 (KHTML, like Gecko) Chrome/89.0.4389.114 Safari/537.36 Edg/89.0.774.68"
202.244.52.1 - - [10/Dec/2021:04:46:11 +0000] "GET /wp-content/uploads/2021/04/CDSL-System-Architecture3.png HTTP/2.0" 200 70474 "https://ja.tak-cslab.org/archives/1064" "Mozilla/5.0 (Windows NT 10.0; Win64; x64) AppleWebKit/537.36 (KHTML, like Gecko) Chrome/89.0.4389.114 Safari/537.36 Edg/89.0.774.68"
202.244.52.1 - - [10/Dec/2021:04:46:11 +0000] "GET /favicon.ico HTTP/2.0" 302 0 "https://ja.tak-cslab.org/archives/1064" "Mozilla/5.0 (Windows NT 10.0; Win64; x64) AppleWebKit/537.36 (KHTML, like Gecko) Chrome/89.0.4389.114 Safari/537.36 Edg/89.0.774.68"
202.244.52.1 - - [10/Dec/2021:04:46:11 +0000] "GET /wp-includes/images/w-logo-blue-white-bg.png HTTP/2.0" 200 4119 "https://ja.tak-cslab.org/archives/1064" "Mozilla/5.0 (Windows NT 10.0; Win64; x64) AppleWebKit/537.36 (KHTML, like Gecko) Chrome/89.0.4389.114 Safari/537.36 Edg/89.0.774.68"
202.244.52.1 - - [10/Dec/2021:04:46:11 +0000] "GET /wp-content/uploads/2021/04/CDSL-System-Architecture1-1.png HTTP/2.0" 200 89919 "https://ja.tak-cslab.org/archives/1064" "Mozilla/5.0 (Windows NT 10.0; Win64; x64) AppleWebKit/537.36 (KHTML, like Gecko) Chrome/89.0.4389.114 Safari/537.36 Edg/89.0.774.68"
202.244.52.1 - - [10/Dec/2021:04:46:13 +0000] "GET /wp-content/uploads/2021/04/CDSL-System-Architecture4.png HTTP/2.0" 200 57036 "https://ja.tak-cslab.org/archives/1064" "Mozilla/5.0 (Windows NT 10.0; Win64; x64) AppleWebKit/537.36 (KHTML, like Gecko) Chrome/89.0.4389.114 Safari/537.36 Edg/89.0.774.68"
202.244.52.1 - - [10/Dec/2021:04:46:13 +0000] "GET /wp-content/uploads/2020/01/elk-arch.png HTTP/2.0" 200 70256 "https://ja.tak-cslab.org/archives/1064" "Mozilla/5.0 (Windows NT 10.0; Win64; x64) AppleWebKit/537.36 (KHTML, like Gecko) Chrome/89.0.4389.114 Safari/537.36 Edg/89.0.774.68"
202.244.52.1 - - [10/Dec/2021:04:46:14 +0000] "GET /wp-content/uploads/2021/04/CDSL-System-Architecture6.png HTTP/2.0" 200 70835 "https://ja.tak-cslab.org/archives/1064" "Mozilla/5.0 (Windows NT 10.0; Win64; x64) AppleWebKit/537.36 (KHTML, like Gecko) Chrome/89.0.4389.114 Safari/537.36 Edg/89.0.774.68"
202.244.52.1 - - [10/Dec/2021:04:46:14 +0000] "GET /wp-content/uploads/2021/04/CDSL-System-Architecture7.png HTTP/2.0" 200 89237 "https://ja.tak-cslab.org/archives/1064" "Mozilla/5.0 (Windows NT 10.0; Win64; x64) AppleWebKit/537.36 (KHTML, like Gecko) Chrome/89.0.4389.114 Safari/537.36 Edg/89.0.774.68"
202.244.52.1 - - [10/Dec/2021:04:46:20 +0000] "GET /wp-content/uploads/2021/04/CDSL-System-Architecture8.png HTTP/2.0" 200 147410 "https://ja.tak-cslab.org/archives/1064" "Mozilla/5.0 (Windows NT 10.0; Win64; x64) AppleWebKit/537.36 (KHTML, like Gecko) Chrome/89.0.4389.114 Safari/537.36 Edg/89.0.774.68"
216.245.221.83 - - [10/Dec/2021:04:48:29 +0000] "HEAD / HTTP/1.1" 301 0 "http://ja.tak-cslab.org/" "Mozilla/5.0+(compatible; UptimeRobot/2.0; http://www.uptimerobot.com/)"
216.245.221.83 - - [10/Dec/2021:04:48:29 +0000] "HEAD / HTTP/1.1" 200 0 "http://ja.tak-cslab.org/" "Mozilla/5.0+(compatible; UptimeRobot/2.0; http://www.uptimerobot.com/)"
207.46.13.85 - - [10/Dec/2021:04:49:42 +0000] "GET / HTTP/2.0" 200 6196 "-" "Mozilla/5.0 (compatible; bingbot/2.0; +http://www.bing.com/bingbot.htm)"
34.206.38.217 - - [10/Dec/2021:04:50:25 +0000] "GET /feed HTTP/1.1" 200 54711 "-" "Automate.io BOT"
216.245.221.83 - - [10/Dec/2021:04:53:29 +0000] "HEAD / HTTP/1.1" 301 0 "http://ja.tak-cslab.org/" "Mozilla/5.0+(compatible; UptimeRobot/2.0; http://www.uptimerobot.com/)"
216.245.221.83 - - [10/Dec/2021:04:53:29 +0000] "HEAD / HTTP/1.1" 200 0 "http://ja.tak-cslab.org/" "Mozilla/5.0+(compatible; UptimeRobot/2.0; http://www.uptimerobot.com/)"
44.201.20.44 - - [10/Dec/2021:04:53:41 +0000] "HEAD /feed HTTP/2.0" 200 0 "-" "Slackbot 1.0 (+https://api.slack.com/robots)"
54.89.185.161 - - [10/Dec/2021:04:53:41 +0000] "GET /feed HTTP/1.1" 200 54718 "-" "Slackbot 1.0 (+https://api.slack.com/robots)"
3.235.178.22 - - [10/Dec/2021:04:53:42 +0000] "GET / HTTP/1.1" 200 6223 "-" "Slackbot 1.0 (+https://api.slack.com/robots)"
34.206.38.217 - - [10/Dec/2021:04:55:25 +0000] "GET /feed HTTP/1.1" 200 54709 "-" "Automate.io BOT"
216.245.221.83 - - [10/Dec/2021:04:58:29 +0000] "HEAD / HTTP/1.1" 301 0 "http://ja.tak-cslab.org/" "Mozilla/5.0+(compatible; UptimeRobot/2.0; http://www.uptimerobot.com/)"
216.245.221.83 - - [10/Dec/2021:04:58:29 +0000] "HEAD / HTTP/1.1" 200 0 "http://ja.tak-cslab.org/" "Mozilla/5.0+(compatible; UptimeRobot/2.0; http://www.uptimerobot.com/)"
54.39.29.64 - - [10/Dec/2021:05:01:59 +0000] "GET /archives/460/ HTTP/1.0" 301 162 "http://ja.tak-cslab.org/archives/460/" "Mozilla/5.0 (Windows NT 10.0; Win64; x64) AppleWebKit/537.36 (KHTML, like Gecko) Chrome/90.0.4430.85 Safari/537.36 Edg/90.0.818.49"
163.215.6.1 - - [10/Dec/2021:05:02:00 +0000] "POST /wp-cron.php?doing_wp_cron=1639112520.2651588916778564453125 HTTP/1.1" 200 31 "https://ja.tak-cslab.org/wp-cron.php?doing_wp_cron=1639112520.2651588916778564453125" "WordPress/5.8.2; https://ja.tak-cslab.org"
54.39.29.64 - - [10/Dec/2021:05:02:00 +0000] "GET /archives/460/ HTTP/1.0" 301 0 "https://ja.tak-cslab.org/archives/460/" "Mozilla/5.0 (Windows NT 10.0; Win64; x64) AppleWebKit/537.36 (KHTML, like Gecko) Chrome/90.0.4430.85 Safari/537.36 Edg/90.0.818.49"
54.39.29.64 - - [10/Dec/2021:05:02:01 +0000] "GET /archives/460 HTTP/1.0" 200 27795 "https://ja.tak-cslab.org/archives/460" "Mozilla/5.0 (Windows NT 10.0; Win64; x64) AppleWebKit/537.36 (KHTML, like Gecko) Chrome/90.0.4430.85 Safari/537.36 Edg/90.0.818.49"
180.57.139.145 - - [10/Dec/2021:05:03:14 +0000] "GET /archives/848 HTTP/2.0" 200 7801 "https://www.google.com/" "Mozilla/5.0 (Windows NT 10.0; Win64; x64; rv:95.0) Gecko/20100101 Firefox/95.0"
180.57.139.145 - - [10/Dec/2021:05:03:15 +0000] "GET /wp-content/themes/cdsl/style.css?ver=1.3.1 HTTP/2.0" 200 272 "https://ja.tak-cslab.org/archives/848" "Mozilla/5.0 (Windows NT 10.0; Win64; x64; rv:95.0) Gecko/20100101 Firefox/95.0"
180.57.139.145 - - [10/Dec/2021:05:03:15 +0000] "GET /wp-content/themes/scaffold/style.css?ver=5.8.2 HTTP/2.0" 200 5846 "https://ja.tak-cslab.org/archives/848" "Mozilla/5.0 (Windows NT 10.0; Win64; x64; rv:95.0) Gecko/20100101 Firefox/95.0"
180.57.139.145 - - [10/Dec/2021:05:03:15 +0000] "GET /wp-includes/css/dist/block-library/style.min.css?ver=5.8.2 HTTP/2.0" 200 13704 "https://ja.tak-cslab.org/archives/848" "Mozilla/5.0 (Windows NT 10.0; Win64; x64; rv:95.0) Gecko/20100101 Firefox/95.0"
180.57.139.145 - - [10/Dec/2021:05:03:15 +0000] "GET /wp-content/themes/scaffold/assets/js/navigation.js?ver=1.3.1 HTTP/2.0" 200 1266 "https://ja.tak-cslab.org/archives/848" "Mozilla/5.0 (Windows NT 10.0; Win64; x64; rv:95.0) Gecko/20100101 Firefox/95.0"
180.57.139.145 - - [10/Dec/2021:05:03:15 +0000] "GET /wp-includes/js/comment-reply.min.js?ver=5.8.2 HTTP/2.0" 200 1390 "https://ja.tak-cslab.org/archives/848" "Mozilla/5.0 (Windows NT 10.0; Win64; x64; rv:95.0) Gecko/20100101 Firefox/95.0"
180.57.139.145 - - [10/Dec/2021:05:03:15 +0000] "GET /wp-includes/js/wp-embed.min.js?ver=5.8.2 HTTP/2.0" 200 779 "https://ja.tak-cslab.org/archives/848" "Mozilla/5.0 (Windows NT 10.0; Win64; x64; rv:95.0) Gecko/20100101 Firefox/95.0"
180.57.139.145 - - [10/Dec/2021:05:03:15 +0000] "GET /wp-includes/js/wp-emoji-release.min.js?ver=5.8.2 HTTP/2.0" 200 5714 "https://ja.tak-cslab.org/archives/848" "Mozilla/5.0 (Windows NT 10.0; Win64; x64; rv:95.0) Gecko/20100101 Firefox/95.0"
180.57.139.145 - - [10/Dec/2021:05:03:15 +0000] "GET /wp-content/uploads/2020/12/Kubernetes-logo-1.png HTTP/2.0" 200 49082 "https://ja.tak-cslab.org/archives/848" "Mozilla/5.0 (Windows NT 10.0; Win64; x64; rv:95.0) Gecko/20100101 Firefox/95.0"
180.57.139.145 - - [10/Dec/2021:05:03:15 +0000] "GET /favicon.ico HTTP/2.0" 302 0 "https://ja.tak-cslab.org/archives/848" "Mozilla/5.0 (Windows NT 10.0; Win64; x64; rv:95.0) Gecko/20100101 Firefox/95.0"
180.57.139.145 - - [10/Dec/2021:05:03:15 +0000] "GET /wp-includes/images/w-logo-blue-white-bg.png HTTP/2.0" 200 4119 "https://ja.tak-cslab.org/archives/848" "Mozilla/5.0 (Windows NT 10.0; Win64; x64; rv:95.0) Gecko/20100101 Firefox/95.0"
180.57.139.145 - - [10/Dec/2021:05:03:16 +0000] "GET /wp-content/uploads/2020/12/%E3%82%AD%E3%83%A3%E3%83%97%E3%83%81%E3%83%A3-1024x504.png HTTP/2.0" 200 78330 "https://ja.tak-cslab.org/archives/848" "Mozilla/5.0 (Windows NT 10.0; Win64; x64; rv:95.0) Gecko/20100101 Firefox/95.0"
180.57.139.145 - - [10/Dec/2021:05:03:17 +0000] "GET /wp-content/uploads/2020/12/Rancher_K3s2-1024x536.png HTTP/2.0" 200 79919 "https://ja.tak-cslab.org/archives/848" "Mozilla/5.0 (Windows NT 10.0; Win64; x64; rv:95.0) Gecko/20100101 Firefox/95.0"
180.57.139.145 - - [10/Dec/2021:05:03:19 +0000] "GET /wp-content/uploads/2020/12/79c88101a9c403279aeedc67586221c07ebaed06-1024x517.png HTTP/2.0" 200 166518 "https://ja.tak-cslab.org/archives/848" "Mozilla/5.0 (Windows NT 10.0; Win64; x64; rv:95.0) Gecko/20100101 Firefox/95.0"
216.245.221.83 - - [10/Dec/2021:05:03:29 +0000] "HEAD / HTTP/1.1" 301 0 "http://ja.tak-cslab.org/" "Mozilla/5.0+(compatible; UptimeRobot/2.0; http://www.uptimerobot.com/)"
216.245.221.83 - - [10/Dec/2021:05:03:29 +0000] "HEAD / HTTP/1.1" 200 0 "http://ja.tak-cslab.org/" "Mozilla/5.0+(compatible; UptimeRobot/2.0; http://www.uptimerobot.com/)"
40.77.167.44 - - [10/Dec/2021:05:04:39 +0000] "GET /wp-content/uploads/2020/12/Kubernetes-logo-1-300x201.png HTTP/2.0" 200 18932 "-" "Mozilla/5.0 (compatible; bingbot/2.0; +http://www.bing.com/bingbot.htm)"
216.245.221.83 - - [10/Dec/2021:05:08:29 +0000] "HEAD / HTTP/1.1" 301 0 "http://ja.tak-cslab.org/" "Mozilla/5.0+(compatible; UptimeRobot/2.0; http://www.uptimerobot.com/)"
216.245.221.83 - - [10/Dec/2021:05:08:29 +0000] "HEAD / HTTP/1.1" 200 0 "http://ja.tak-cslab.org/" "Mozilla/5.0+(compatible; UptimeRobot/2.0; http://www.uptimerobot.com/)"
34.206.38.217 - - [10/Dec/2021:05:10:26 +0000] "GET /feed HTTP/1.1" 200 54716 "-" "Automate.io BOT"
216.245.221.83 - - [10/Dec/2021:05:13:29 +0000] "HEAD / HTTP/1.1" 301 0 "http://ja.tak-cslab.org/" "Mozilla/5.0+(compatible; UptimeRobot/2.0; http://www.uptimerobot.com/)"
216.245.221.83 - - [10/Dec/2021:05:13:29 +0000] "HEAD / HTTP/1.1" 200 0 "http://ja.tak-cslab.org/" "Mozilla/5.0+(compatible; UptimeRobot/2.0; http://www.uptimerobot.com/)"
54.158.1.251 - - [10/Dec/2021:05:13:40 +0000] "HEAD /feed HTTP/2.0" 200 0 "-" "Slackbot 1.0 (+https://api.slack.com/robots)"
54.145.151.120 - - [10/Dec/2021:05:13:41 +0000] "GET /feed HTTP/1.1" 200 54716 "-" "Slackbot 1.0 (+https://api.slack.com/robots)"
54.146.205.227 - - [10/Dec/2021:05:13:43 +0000] "GET / HTTP/1.1" 200 6223 "-" "Slackbot 1.0 (+https://api.slack.com/robots)"
216.245.221.83 - - [10/Dec/2021:05:18:29 +0000] "HEAD / HTTP/1.1" 301 0 "http://ja.tak-cslab.org/" "Mozilla/5.0+(compatible; UptimeRobot/2.0; http://www.uptimerobot.com/)"
163.215.6.1 - - [10/Dec/2021:05:18:29 +0000] "POST /wp-cron.php?doing_wp_cron=1639113509.6557478904724121093750 HTTP/1.1" 200 31 "https://ja.tak-cslab.org/wp-cron.php?doing_wp_cron=1639113509.6557478904724121093750" "WordPress/5.8.2; https://ja.tak-cslab.org"
216.245.221.83 - - [10/Dec/2021:05:18:29 +0000] "HEAD / HTTP/1.1" 200 0 "http://ja.tak-cslab.org/" "Mozilla/5.0+(compatible; UptimeRobot/2.0; http://www.uptimerobot.com/)"
34.206.38.217 - - [10/Dec/2021:05:20:28 +0000] "GET /feed HTTP/1.1" 200 54718 "-" "Automate.io BOT"
216.245.221.83 - - [10/Dec/2021:05:23:29 +0000] "HEAD / HTTP/1.1" 301 0 "http://ja.tak-cslab.org/" "Mozilla/5.0+(compatible; UptimeRobot/2.0; http://www.uptimerobot.com/)"
216.245.221.83 - - [10/Dec/2021:05:23:29 +0000] "HEAD / HTTP/1.1" 200 0 "http://ja.tak-cslab.org/" "Mozilla/5.0+(compatible; UptimeRobot/2.0; http://www.uptimerobot.com/)"
34.206.38.217 - - [10/Dec/2021:05:25:28 +0000] "GET /feed HTTP/1.1" 200 54716 "-" "Automate.io BOT"
216.245.221.83 - - [10/Dec/2021:05:28:29 +0000] "HEAD / HTTP/1.1" 301 0 "http://ja.tak-cslab.org/" "Mozilla/5.0+(compatible; UptimeRobot/2.0; http://www.uptimerobot.com/)"
216.245.221.83 - - [10/Dec/2021:05:28:29 +0000] "HEAD / HTTP/1.1" 200 0 "http://ja.tak-cslab.org/" "Mozilla/5.0+(compatible; UptimeRobot/2.0; http://www.uptimerobot.com/)"
216.245.221.83 - - [10/Dec/2021:05:33:29 +0000] "HEAD / HTTP/1.1" 301 0 "http://ja.tak-cslab.org/" "Mozilla/5.0+(compatible; UptimeRobot/2.0; http://www.uptimerobot.com/)"
216.245.221.83 - - [10/Dec/2021:05:33:29 +0000] "HEAD / HTTP/1.1" 200 0 "http://ja.tak-cslab.org/" "Mozilla/5.0+(compatible; UptimeRobot/2.0; http://www.uptimerobot.com/)"
3.238.126.29 - - [10/Dec/2021:05:33:45 +0000] "HEAD /feed HTTP/2.0" 200 0 "-" "Slackbot 1.0 (+https://api.slack.com/robots)"
100.26.148.110 - - [10/Dec/2021:05:33:45 +0000] "GET /feed HTTP/1.1" 200 54718 "-" "Slackbot 1.0 (+https://api.slack.com/robots)"
44.197.246.59 - - [10/Dec/2021:05:33:47 +0000] "GET / HTTP/1.1" 200 6223 "-" "Slackbot 1.0 (+https://api.slack.com/robots)"
34.206.38.217 - - [10/Dec/2021:05:35:29 +0000] "GET /feed HTTP/1.1" 200 54716 "-" "Automate.io BOT"
160.252.69.11 - - [10/Dec/2021:05:35:53 +0000] "GET /wp-content/uploads/2021/04/CDSL-System-Architecture7.png HTTP/2.0" 200 89237 "https://www.google.com/" "Mozilla/5.0 (Windows NT 10.0; Win64; x64) AppleWebKit/537.36 (KHTML, like Gecko) Chrome/96.0.4664.45 Safari/537.36"
216.245.221.83 - - [10/Dec/2021:05:38:29 +0000] "HEAD / HTTP/1.1" 301 0 "http://ja.tak-cslab.org/" "Mozilla/5.0+(compatible; UptimeRobot/2.0; http://www.uptimerobot.com/)"
216.245.221.83 - - [10/Dec/2021:05:38:29 +0000] "HEAD / HTTP/1.1" 200 0 "http://ja.tak-cslab.org/" "Mozilla/5.0+(compatible; UptimeRobot/2.0; http://www.uptimerobot.com/)"
34.206.38.217 - - [10/Dec/2021:05:40:29 +0000] "GET /feed HTTP/1.1" 200 54718 "-" "Automate.io BOT"
216.245.221.83 - - [10/Dec/2021:05:43:29 +0000] "HEAD / HTTP/1.1" 301 0 "http://ja.tak-cslab.org/" "Mozilla/5.0+(compatible; UptimeRobot/2.0; http://www.uptimerobot.com/)"
216.245.221.83 - - [10/Dec/2021:05:43:29 +0000] "HEAD / HTTP/1.1" 200 0 "http://ja.tak-cslab.org/" "Mozilla/5.0+(compatible; UptimeRobot/2.0; http://www.uptimerobot.com/)"
35.77.58.65 - - [10/Dec/2021:05:44:53 +0000] "GET /favicon.ico HTTP/1.1" 302 5 "-" "Slack-ImgProxy (+https://api.slack.com/robots)"
3.112.40.166 - - [10/Dec/2021:05:44:53 +0000] "GET /wp-includes/images/w-logo-blue-white-bg.png HTTP/1.1" 200 4119 "-" "Slack-ImgProxy (+https://api.slack.com/robots)"
34.206.38.217 - - [10/Dec/2021:05:45:29 +0000] "GET /feed HTTP/1.1" 200 54711 "-" "Automate.io BOT"
216.245.221.83 - - [10/Dec/2021:05:48:29 +0000] "HEAD / HTTP/1.1" 301 0 "http://ja.tak-cslab.org/" "Mozilla/5.0+(compatible; UptimeRobot/2.0; http://www.uptimerobot.com/)"
216.245.221.83 - - [10/Dec/2021:05:48:29 +0000] "HEAD / HTTP/1.1" 200 0 "http://ja.tak-cslab.org/" "Mozilla/5.0+(compatible; UptimeRobot/2.0; http://www.uptimerobot.com/)"
34.206.38.217 - - [10/Dec/2021:05:50:29 +0000] "GET /feed HTTP/1.1" 200 54718 "-" "Automate.io BOT"
207.46.13.70 - - [10/Dec/2021:05:51:28 +0000] "GET / HTTP/1.1" 301 162 "-" "Mozilla/5.0 (compatible; bingbot/2.0; +http://www.bing.com/bingbot.htm)"
216.245.221.83 - - [10/Dec/2021:05:53:29 +0000] "HEAD / HTTP/1.1" 301 0 "http://ja.tak-cslab.org/" "Mozilla/5.0+(compatible; UptimeRobot/2.0; http://www.uptimerobot.com/)"
216.245.221.83 - - [10/Dec/2021:05:53:29 +0000] "HEAD / HTTP/1.1" 200 0 "http://ja.tak-cslab.org/" "Mozilla/5.0+(compatible; UptimeRobot/2.0; http://www.uptimerobot.com/)"
34.229.117.0 - - [10/Dec/2021:05:53:43 +0000] "HEAD /feed HTTP/2.0" 200 0 "-" "Slackbot 1.0 (+https://api.slack.com/robots)"
54.87.30.41 - - [10/Dec/2021:05:53:44 +0000] "GET /feed HTTP/1.1" 200 54711 "-" "Slackbot 1.0 (+https://api.slack.com/robots)"
3.82.222.104 - - [10/Dec/2021:05:53:45 +0000] "GET / HTTP/1.1" 200 6223 "-" "Slackbot 1.0 (+https://api.slack.com/robots)"
34.206.38.217 - - [10/Dec/2021:05:55:29 +0000] "GET /feed HTTP/1.1" 200 54716 "-" "Automate.io BOT"
216.245.221.83 - - [10/Dec/2021:05:58:29 +0000] "HEAD / HTTP/1.1" 301 0 "http://ja.tak-cslab.org/" "Mozilla/5.0+(compatible; UptimeRobot/2.0; http://www.uptimerobot.com/)"
216.245.221.83 - - [10/Dec/2021:05:58:29 +0000] "HEAD / HTTP/1.1" 200 0 "http://ja.tak-cslab.org/" "Mozilla/5.0+(compatible; UptimeRobot/2.0; http://www.uptimerobot.com/)"
34.206.38.217 - - [10/Dec/2021:06:00:29 +0000] "GET /feed HTTP/1.1" 200 54718 "-" "Automate.io BOT"
163.215.6.1 - - [10/Dec/2021:06:00:31 +0000] "POST /wp-cron.php?doing_wp_cron=1639116031.6812679767608642578125 HTTP/1.1" 200 31 "https://ja.tak-cslab.org/wp-cron.php?doing_wp_cron=1639116031.6812679767608642578125" "WordPress/5.8.2; https://ja.tak-cslab.org"
153.240.171.130 - - [10/Dec/2021:06:00:31 +0000] "GET /archives/author/c0118083 HTTP/2.0" 200 5958 "https://search.yahoo.co.jp/" "Mozilla/5.0 (iPhone; CPU iPhone OS 15_1 like Mac OS X) AppleWebKit/605.1.15 (KHTML, like Gecko) Mobile/15E148 YJApp-IOS jp.co.yahoo.ipn.appli/4.52.0"
153.240.171.130 - - [10/Dec/2021:06:00:33 +0000] "GET /wp-includes/js/wp-emoji-release.min.js?ver=5.8.2 HTTP/2.0" 200 5714 "https://ja.tak-cslab.org/archives/author/c0118083" "Mozilla/5.0 (iPhone; CPU iPhone OS 15_1 like Mac OS X) AppleWebKit/605.1.15 (KHTML, like Gecko) Mobile/15E148 YJApp-IOS jp.co.yahoo.ipn.appli/4.52.0"
153.240.171.130 - - [10/Dec/2021:06:00:33 +0000] "GET /wp-content/themes/cdsl/style.css?ver=1.3.1 HTTP/2.0" 200 272 "https://ja.tak-cslab.org/archives/author/c0118083" "Mozilla/5.0 (iPhone; CPU iPhone OS 15_1 like Mac OS X) AppleWebKit/605.1.15 (KHTML, like Gecko) Mobile/15E148 YJApp-IOS jp.co.yahoo.ipn.appli/4.52.0"
153.240.171.130 - - [10/Dec/2021:06:00:33 +0000] "GET /wp-content/themes/scaffold/assets/js/navigation.js?ver=1.3.1 HTTP/2.0" 200 1266 "https://ja.tak-cslab.org/archives/author/c0118083" "Mozilla/5.0 (iPhone; CPU iPhone OS 15_1 like Mac OS X) AppleWebKit/605.1.15 (KHTML, like Gecko) Mobile/15E148 YJApp-IOS jp.co.yahoo.ipn.appli/4.52.0"
153.240.171.130 - - [10/Dec/2021:06:00:33 +0000] "GET /wp-includes/js/wp-embed.min.js?ver=5.8.2 HTTP/2.0" 200 779 "https://ja.tak-cslab.org/archives/author/c0118083" "Mozilla/5.0 (iPhone; CPU iPhone OS 15_1 like Mac OS X) AppleWebKit/605.1.15 (KHTML, like Gecko) Mobile/15E148 YJApp-IOS jp.co.yahoo.ipn.appli/4.52.0"
