163.215.6.1 - - [01/Dec/2021:03:33:38 +0000] "GET /wp-json/wp/v2/media/1615?context=edit&_locale=user HTTP/2.0" 200 1109 "https://ja.tak-cslab.org/wp-admin/post.php?post=1682&action=edit" "Mozilla/5.0 (Macintosh; Intel Mac OS X 10_15_7) AppleWebKit/537.36 (KHTML, like Gecko) Chrome/96.0.4664.55 Safari/537.36"
163.215.6.1 - - [01/Dec/2021:03:33:41 +0000] "GET /wp-json/wp/v2/categories?per_page=100&orderby=name&order=asc&_fields=id%2Cname%2Cparent&_locale=user HTTP/2.0" 200 130 "https://ja.tak-cslab.org/wp-admin/post.php?post=1682&action=edit" "Mozilla/5.0 (Macintosh; Intel Mac OS X 10_15_7) AppleWebKit/537.36 (KHTML, like Gecko) Chrome/96.0.4664.55 Safari/537.36"
44.192.32.205 - - [01/Dec/2021:03:33:41 +0000] "HEAD /feed HTTP/2.0" 200 0 "-" "Slackbot 1.0 (+https://api.slack.com/robots)"
3.239.168.137 - - [01/Dec/2021:03:33:42 +0000] "GET /feed HTTP/1.1" 200 55867 "-" "Slackbot 1.0 (+https://api.slack.com/robots)"
54.166.46.66 - - [01/Dec/2021:03:33:43 +0000] "GET / HTTP/1.1" 200 6320 "-" "Slackbot 1.0 (+https://api.slack.com/robots)"
163.215.6.1 - - [01/Dec/2021:03:33:52 +0000] "POST /wp-json/wp/v2/posts/1682/autosaves?_locale=user HTTP/2.0" 200 630 "https://ja.tak-cslab.org/wp-admin/post.php?post=1682&action=edit" "Mozilla/5.0 (Macintosh; Intel Mac OS X 10_15_7) AppleWebKit/537.36 (KHTML, like Gecko) Chrome/96.0.4664.55 Safari/537.36"
163.215.6.1 - - [01/Dec/2021:03:34:05 +0000] "GET /wp-json/wp/v2/categories?per_page=100&orderby=name&order=asc&_fields=id%2Cname%2Cparent&_locale=user HTTP/2.0" 200 130 "https://ja.tak-cslab.org/wp-admin/post.php?post=1682&action=edit" "Mozilla/5.0 (Macintosh; Intel Mac OS X 10_15_7) AppleWebKit/537.36 (KHTML, like Gecko) Chrome/96.0.4664.55 Safari/537.36"
163.215.6.1 - - [01/Dec/2021:03:34:12 +0000] "GET /wp-json/wp/v2/categories?per_page=100&orderby=name&order=asc&_fields=id%2Cname%2Cparent&_locale=user HTTP/2.0" 200 130 "https://ja.tak-cslab.org/wp-admin/post.php?post=1682&action=edit" "Mozilla/5.0 (Macintosh; Intel Mac OS X 10_15_7) AppleWebKit/537.36 (KHTML, like Gecko) Chrome/96.0.4664.55 Safari/537.36"
163.215.6.1 - - [01/Dec/2021:03:34:20 +0000] "GET /wp-json/wp/v2/categories?per_page=100&orderby=name&order=asc&_fields=id%2Cname%2Cparent&_locale=user HTTP/2.0" 200 130 "https://ja.tak-cslab.org/wp-admin/post.php?post=1682&action=edit" "Mozilla/5.0 (Macintosh; Intel Mac OS X 10_15_7) AppleWebKit/537.36 (KHTML, like Gecko) Chrome/96.0.4664.55 Safari/537.36"
163.215.6.1 - - [01/Dec/2021:03:34:25 +0000] "POST /wp-admin/admin-ajax.php HTTP/2.0" 200 102 "https://ja.tak-cslab.org/wp-admin/post.php?post=1682&action=edit" "Mozilla/5.0 (Macintosh; Intel Mac OS X 10_15_7) AppleWebKit/537.36 (KHTML, like Gecko) Chrome/96.0.4664.55 Safari/537.36"
216.245.221.83 - - [01/Dec/2021:03:34:26 +0000] "HEAD / HTTP/1.1" 301 0 "http://ja.tak-cslab.org/" "Mozilla/5.0+(compatible; UptimeRobot/2.0; http://www.uptimerobot.com/)"
216.245.221.83 - - [01/Dec/2021:03:34:26 +0000] "HEAD / HTTP/1.1" 200 0 "http://ja.tak-cslab.org/" "Mozilla/5.0+(compatible; UptimeRobot/2.0; http://www.uptimerobot.com/)"
163.215.6.1 - - [01/Dec/2021:03:35:25 +0000] "POST /wp-admin/admin-ajax.php HTTP/2.0" 200 102 "https://ja.tak-cslab.org/wp-admin/post.php?post=1682&action=edit" "Mozilla/5.0 (Macintosh; Intel Mac OS X 10_15_7) AppleWebKit/537.36 (KHTML, like Gecko) Chrome/96.0.4664.55 Safari/537.36"
106.180.203.193 - - [01/Dec/2021:03:35:45 +0000] "GET /wp-content/uploads/2021/01/%E3%83%92%E3%83%89%E3%83%A9.jpeg HTTP/2.0" 200 12823 "https://www.google.com/" "Mozilla/5.0 (Macintosh; Intel Mac OS X 10_15_7) AppleWebKit/537.36 (KHTML, like Gecko) Chrome/96.0.4664.55 Safari/537.36"
74.125.212.207 - - [01/Dec/2021:03:36:11 +0000] "GET / HTTP/1.1" 301 162 "-" "Mozilla/5.0 (X11; Linux x86_64) AppleWebKit/537.36 (KHTML, like Gecko) Chrome/49.0.2623.75 Safari/537.36 Google Favicon"
74.125.212.205 - - [01/Dec/2021:03:36:12 +0000] "GET / HTTP/1.1" 200 6320 "-" "Mozilla/5.0 (X11; Linux x86_64) AppleWebKit/537.36 (KHTML, like Gecko) Chrome/49.0.2623.75 Safari/537.36 Google Favicon"
74.125.212.207 - - [01/Dec/2021:03:36:12 +0000] "GET /favicon.ico HTTP/1.1" 302 5 "-" "Mozilla/5.0 (X11; Linux x86_64) AppleWebKit/537.36 (KHTML, like Gecko) Chrome/49.0.2623.75 Safari/537.36 Google Favicon"
74.125.212.209 - - [01/Dec/2021:03:36:13 +0000] "GET /wp-includes/images/w-logo-blue-white-bg.png HTTP/1.1" 200 4119 "-" "Mozilla/5.0 (X11; Linux x86_64) AppleWebKit/537.36 (KHTML, like Gecko) Chrome/49.0.2623.75 Safari/537.36 Google Favicon"
163.215.6.1 - - [01/Dec/2021:03:36:27 +0000] "POST /wp-admin/admin-ajax.php HTTP/2.0" 200 102 "https://ja.tak-cslab.org/wp-admin/post.php?post=1682&action=edit" "Mozilla/5.0 (Macintosh; Intel Mac OS X 10_15_7) AppleWebKit/537.36 (KHTML, like Gecko) Chrome/96.0.4664.55 Safari/537.36"
34.206.38.217 - - [01/Dec/2021:03:37:54 +0000] "GET /feed HTTP/1.1" 200 55867 "-" "Automate.io BOT"
216.245.221.83 - - [01/Dec/2021:03:39:26 +0000] "HEAD / HTTP/1.1" 301 0 "http://ja.tak-cslab.org/" "Mozilla/5.0+(compatible; UptimeRobot/2.0; http://www.uptimerobot.com/)"
216.245.221.83 - - [01/Dec/2021:03:39:26 +0000] "HEAD / HTTP/1.1" 200 0 "http://ja.tak-cslab.org/" "Mozilla/5.0+(compatible; UptimeRobot/2.0; http://www.uptimerobot.com/)"
34.206.38.217 - - [01/Dec/2021:03:42:54 +0000] "GET /feed HTTP/1.1" 200 55867 "-" "Automate.io BOT"
216.245.221.83 - - [01/Dec/2021:03:44:26 +0000] "HEAD / HTTP/1.1" 301 0 "http://ja.tak-cslab.org/" "Mozilla/5.0+(compatible; UptimeRobot/2.0; http://www.uptimerobot.com/)"
216.245.221.83 - - [01/Dec/2021:03:44:27 +0000] "HEAD / HTTP/1.1" 200 0 "http://ja.tak-cslab.org/" "Mozilla/5.0+(compatible; UptimeRobot/2.0; http://www.uptimerobot.com/)"
34.206.38.217 - - [01/Dec/2021:03:47:54 +0000] "GET /feed HTTP/1.1" 200 55867 "-" "Automate.io BOT"
177.228.128.11 - - [01/Dec/2021:03:48:46 +0000] "GET /wp-content/uploads/2020/12/79c88101a9c403279aeedc67586221c07ebaed06-1024x517.png HTTP/2.0" 200 166518 "https://www.bing.com/" "Mozilla/5.0 (Windows NT 10.0; Win64; x64) AppleWebKit/537.36 (KHTML, like Gecko) Chrome/96.0.4664.55 Safari/537.36 Edg/96.0.1054.34"
216.245.221.83 - - [01/Dec/2021:03:49:26 +0000] "HEAD / HTTP/1.1" 301 0 "http://ja.tak-cslab.org/" "Mozilla/5.0+(compatible; UptimeRobot/2.0; http://www.uptimerobot.com/)"
216.245.221.83 - - [01/Dec/2021:03:49:27 +0000] "HEAD / HTTP/1.1" 200 0 "http://ja.tak-cslab.org/" "Mozilla/5.0+(compatible; UptimeRobot/2.0; http://www.uptimerobot.com/)"
207.46.13.41 - - [01/Dec/2021:03:49:40 +0000] "GET /wp-content/uploads/2021/03/iOS-%E3%81%AE%E7%94%BB%E5%83%8F-2048x1536.jpg HTTP/2.0" 200 346938 "-" "Mozilla/5.0 (compatible; bingbot/2.0; +http://www.bing.com/bingbot.htm)"
114.119.135.8 - - [01/Dec/2021:03:51:54 +0000] "GET /archives/734 HTTP/1.1" 200 6257 "-" "Mozilla/5.0 (Linux; Android 7.0;) AppleWebKit/537.36 (KHTML, like Gecko) Mobile Safari/537.36 (compatible; PetalBot;+https://webmaster.petalsearch.com/site/petalbot)"
207.46.13.41 - - [01/Dec/2021:03:52:00 +0000] "GET /archives/1363 HTTP/2.0" 200 6411 "-" "Mozilla/5.0 (compatible; bingbot/2.0; +http://www.bing.com/bingbot.htm)"
40.77.167.44 - - [01/Dec/2021:03:52:16 +0000] "GET /wp-content/themes/scaffold/assets/js/navigation.js?ver=1.3.1 HTTP/2.0" 200 1266 "-" "Mozilla/5.0 (compatible; bingbot/2.0; +http://www.bing.com/bingbot.htm)"
34.206.38.217 - - [01/Dec/2021:03:52:54 +0000] "GET /feed HTTP/1.1" 200 55867 "-" "Automate.io BOT"
51.222.253.19 - - [01/Dec/2021:03:52:54 +0000] "GET /10gin_cds1?redirect_to=https%3A%2F%2Fja.tak-cslab.org%2Farchives%2F1544 HTTP/2.0" 200 4533 "-" "Mozilla/5.0 (compatible; AhrefsBot/7.0; +http://ahrefs.com/robot/)"
44.192.69.8 - - [01/Dec/2021:03:53:38 +0000] "HEAD /feed HTTP/2.0" 200 0 "-" "Slackbot 1.0 (+https://api.slack.com/robots)"
52.70.82.174 - - [01/Dec/2021:03:53:39 +0000] "GET /feed HTTP/1.1" 200 55861 "-" "Slackbot 1.0 (+https://api.slack.com/robots)"
35.172.133.154 - - [01/Dec/2021:03:53:40 +0000] "GET / HTTP/1.1" 200 6312 "-" "Slackbot 1.0 (+https://api.slack.com/robots)"
216.245.221.83 - - [01/Dec/2021:03:54:26 +0000] "HEAD / HTTP/1.1" 301 0 "http://ja.tak-cslab.org/" "Mozilla/5.0+(compatible; UptimeRobot/2.0; http://www.uptimerobot.com/)"
216.245.221.83 - - [01/Dec/2021:03:54:26 +0000] "HEAD / HTTP/1.1" 200 0 "http://ja.tak-cslab.org/" "Mozilla/5.0+(compatible; UptimeRobot/2.0; http://www.uptimerobot.com/)"
34.206.38.217 - - [01/Dec/2021:03:57:55 +0000] "GET /feed HTTP/1.1" 200 55867 "-" "Automate.io BOT"
163.215.6.1 - - [01/Dec/2021:03:58:20 +0000] "GET / HTTP/2.0" 200 6293 "-" "Mozilla/5.0 (Macintosh; Intel Mac OS X 10.15; rv:94.0) Gecko/20100101 Firefox/94.0"
163.215.6.1 - - [01/Dec/2021:03:58:20 +0000] "GET /wp-content/themes/scaffold/style.css?ver=5.8.2 HTTP/2.0" 200 0 "https://ja.tak-cslab.org/" "Mozilla/5.0 (Macintosh; Intel Mac OS X 10.15; rv:94.0) Gecko/20100101 Firefox/94.0"
163.215.6.1 - - [01/Dec/2021:03:58:20 +0000] "GET /wp-content/themes/cdsl/style.css?ver=1.3.1 HTTP/2.0" 200 0 "https://ja.tak-cslab.org/" "Mozilla/5.0 (Macintosh; Intel Mac OS X 10.15; rv:94.0) Gecko/20100101 Firefox/94.0"
35.245.188.175 - - [01/Dec/2021:03:58:21 +0000] "GET / HTTP/1.1" 301 162 "-" "Mozilla/5.0 (Windows NT 6.1; WOW64; Trident/7.0; rv:11.0) like Gecko"
35.245.188.175 - - [01/Dec/2021:03:58:21 +0000] "GET / HTTP/1.1" 301 162 "-" "Mozilla/5.0 (Windows NT 6.1; WOW64; Trident/7.0; rv:11.0) like Gecko"
35.245.188.175 - - [01/Dec/2021:03:58:22 +0000] "GET / HTTP/1.1" 200 6306 "-" "Mozilla/5.0 (Windows NT 6.1; WOW64; Trident/7.0; rv:11.0) like Gecko"
35.245.188.175 - - [01/Dec/2021:03:58:22 +0000] "GET / HTTP/1.1" 200 6306 "-" "Mozilla/5.0 (Windows NT 6.1; WOW64; Trident/7.0; rv:11.0) like Gecko"
216.245.221.83 - - [01/Dec/2021:03:59:26 +0000] "HEAD / HTTP/1.1" 301 0 "http://ja.tak-cslab.org/" "Mozilla/5.0+(compatible; UptimeRobot/2.0; http://www.uptimerobot.com/)"
216.245.221.83 - - [01/Dec/2021:03:59:26 +0000] "HEAD / HTTP/1.1" 200 0 "http://ja.tak-cslab.org/" "Mozilla/5.0+(compatible; UptimeRobot/2.0; http://www.uptimerobot.com/)"
163.215.6.1 - - [01/Dec/2021:03:59:31 +0000] "POST /wp-json/wp/v2/posts/1682/autosaves?_locale=user HTTP/2.0" 200 224 "https://ja.tak-cslab.org/wp-admin/post.php?post=1682&action=edit" "Mozilla/5.0 (Macintosh; Intel Mac OS X 10_15_7) AppleWebKit/537.36 (KHTML, like Gecko) Chrome/96.0.4664.55 Safari/537.36"
163.215.6.1 - - [01/Dec/2021:03:59:31 +0000] "POST /wp-admin/admin-ajax.php HTTP/2.0" 200 102 "https://ja.tak-cslab.org/wp-admin/post.php?post=1682&action=edit" "Mozilla/5.0 (Macintosh; Intel Mac OS X 10_15_7) AppleWebKit/537.36 (KHTML, like Gecko) Chrome/96.0.4664.55 Safari/537.36"
163.215.6.1 - - [01/Dec/2021:04:00:04 +0000] "POST /wp-admin/admin-ajax.php HTTP/2.0" 200 102 "https://ja.tak-cslab.org/wp-admin/post.php?post=1682&action=edit" "Mozilla/5.0 (Macintosh; Intel Mac OS X 10_15_7) AppleWebKit/537.36 (KHTML, like Gecko) Chrome/96.0.4664.55 Safari/537.36"
163.215.6.1 - - [01/Dec/2021:04:00:21 +0000] "POST /wp-json/wp/v2/posts/1682/autosaves?_locale=user HTTP/2.0" 200 308 "https://ja.tak-cslab.org/wp-admin/post.php?post=1682&action=edit" "Mozilla/5.0 (Macintosh; Intel Mac OS X 10_15_7) AppleWebKit/537.36 (KHTML, like Gecko) Chrome/96.0.4664.55 Safari/537.36"
163.215.6.1 - - [01/Dec/2021:04:01:05 +0000] "POST /wp-cron.php?doing_wp_cron=1638331264.8364379405975341796875 HTTP/1.1" 200 31 "https://ja.tak-cslab.org/wp-cron.php?doing_wp_cron=1638331264.8364379405975341796875" "WordPress/5.8.2; https://ja.tak-cslab.org"
163.215.6.1 - - [01/Dec/2021:04:01:05 +0000] "POST /wp-admin/admin-ajax.php HTTP/2.0" 200 102 "https://ja.tak-cslab.org/wp-admin/post.php?post=1682&action=edit" "Mozilla/5.0 (Macintosh; Intel Mac OS X 10_15_7) AppleWebKit/537.36 (KHTML, like Gecko) Chrome/96.0.4664.55 Safari/537.36"
163.215.6.1 - - [01/Dec/2021:04:01:21 +0000] "POST /wp-json/wp/v2/posts/1682/autosaves?_locale=user HTTP/2.0" 200 467 "https://ja.tak-cslab.org/wp-admin/post.php?post=1682&action=edit" "Mozilla/5.0 (Macintosh; Intel Mac OS X 10_15_7) AppleWebKit/537.36 (KHTML, like Gecko) Chrome/96.0.4664.55 Safari/537.36"
163.215.6.1 - - [01/Dec/2021:04:02:04 +0000] "POST /wp-admin/admin-ajax.php HTTP/2.0" 200 102 "https://ja.tak-cslab.org/wp-admin/post.php?post=1682&action=edit" "Mozilla/5.0 (Macintosh; Intel Mac OS X 10_15_7) AppleWebKit/537.36 (KHTML, like Gecko) Chrome/96.0.4664.55 Safari/537.36"
163.215.6.1 - - [01/Dec/2021:04:02:21 +0000] "POST /wp-json/wp/v2/posts/1682/autosaves?_locale=user HTTP/2.0" 200 510 "https://ja.tak-cslab.org/wp-admin/post.php?post=1682&action=edit" "Mozilla/5.0 (Macintosh; Intel Mac OS X 10_15_7) AppleWebKit/537.36 (KHTML, like Gecko) Chrome/96.0.4664.55 Safari/537.36"
66.249.66.129 - - [01/Dec/2021:04:02:26 +0000] "GET /wp-content/uploads/2021/04/CDSL-System-Architecture1-1.png HTTP/1.1" 200 89919 "-" "Googlebot-Image/1.0"
34.206.38.217 - - [01/Dec/2021:04:02:55 +0000] "GET /feed HTTP/1.1" 200 55867 "-" "Automate.io BOT"
163.215.6.1 - - [01/Dec/2021:04:03:06 +0000] "POST /wp-admin/admin-ajax.php HTTP/2.0" 200 102 "https://ja.tak-cslab.org/wp-admin/post.php?post=1682&action=edit" "Mozilla/5.0 (Macintosh; Intel Mac OS X 10_15_7) AppleWebKit/537.36 (KHTML, like Gecko) Chrome/96.0.4664.55 Safari/537.36"
163.215.6.1 - - [01/Dec/2021:04:03:21 +0000] "POST /wp-json/wp/v2/posts/1682/autosaves?_locale=user HTTP/2.0" 200 510 "https://ja.tak-cslab.org/wp-admin/post.php?post=1682&action=edit" "Mozilla/5.0 (Macintosh; Intel Mac OS X 10_15_7) AppleWebKit/537.36 (KHTML, like Gecko) Chrome/96.0.4664.55 Safari/537.36"
163.215.6.1 - - [01/Dec/2021:04:04:06 +0000] "POST /wp-admin/admin-ajax.php HTTP/2.0" 200 102 "https://ja.tak-cslab.org/wp-admin/post.php?post=1682&action=edit" "Mozilla/5.0 (Macintosh; Intel Mac OS X 10_15_7) AppleWebKit/537.36 (KHTML, like Gecko) Chrome/96.0.4664.55 Safari/537.36"
163.215.6.1 - - [01/Dec/2021:04:04:22 +0000] "POST /wp-json/wp/v2/posts/1682/autosaves?_locale=user HTTP/2.0" 200 501 "https://ja.tak-cslab.org/wp-admin/post.php?post=1682&action=edit" "Mozilla/5.0 (Macintosh; Intel Mac OS X 10_15_7) AppleWebKit/537.36 (KHTML, like Gecko) Chrome/96.0.4664.55 Safari/537.36"
216.245.221.83 - - [01/Dec/2021:04:04:26 +0000] "HEAD / HTTP/1.1" 301 0 "http://ja.tak-cslab.org/" "Mozilla/5.0+(compatible; UptimeRobot/2.0; http://www.uptimerobot.com/)"
216.245.221.83 - - [01/Dec/2021:04:04:26 +0000] "HEAD / HTTP/1.1" 200 0 "http://ja.tak-cslab.org/" "Mozilla/5.0+(compatible; UptimeRobot/2.0; http://www.uptimerobot.com/)"
163.215.6.1 - - [01/Dec/2021:04:06:08 +0000] "POST /wp-admin/admin-ajax.php HTTP/2.0" 200 102 "https://ja.tak-cslab.org/wp-admin/post.php?post=1682&action=edit" "Mozilla/5.0 (Macintosh; Intel Mac OS X 10_15_7) AppleWebKit/537.36 (KHTML, like Gecko) Chrome/96.0.4664.55 Safari/537.36"
18.183.26.18 - - [01/Dec/2021:04:06:59 +0000] "GET /favicon.ico HTTP/1.1" 302 5 "-" "Slack-ImgProxy (+https://api.slack.com/robots)"
54.178.40.112 - - [01/Dec/2021:04:06:59 +0000] "GET /wp-includes/images/w-logo-blue-white-bg.png HTTP/1.1" 200 4119 "-" "Slack-ImgProxy (+https://api.slack.com/robots)"
163.215.6.1 - - [01/Dec/2021:04:07:08 +0000] "POST /wp-admin/admin-ajax.php HTTP/2.0" 200 102 "https://ja.tak-cslab.org/wp-admin/post.php?post=1682&action=edit" "Mozilla/5.0 (Macintosh; Intel Mac OS X 10_15_7) AppleWebKit/537.36 (KHTML, like Gecko) Chrome/96.0.4664.55 Safari/537.36"
163.215.6.1 - - [01/Dec/2021:04:07:22 +0000] "POST /wp-json/wp/v2/posts/1682/autosaves?_locale=user HTTP/2.0" 200 521 "https://ja.tak-cslab.org/wp-admin/post.php?post=1682&action=edit" "Mozilla/5.0 (Macintosh; Intel Mac OS X 10_15_7) AppleWebKit/537.36 (KHTML, like Gecko) Chrome/96.0.4664.55 Safari/537.36"
34.206.38.217 - - [01/Dec/2021:04:07:55 +0000] "GET /feed HTTP/1.1" 200 55868 "-" "Automate.io BOT"
163.215.6.1 - - [01/Dec/2021:04:08:08 +0000] "POST /wp-admin/admin-ajax.php HTTP/2.0" 200 102 "https://ja.tak-cslab.org/wp-admin/post.php?post=1682&action=edit" "Mozilla/5.0 (Macintosh; Intel Mac OS X 10_15_7) AppleWebKit/537.36 (KHTML, like Gecko) Chrome/96.0.4664.55 Safari/537.36"
163.215.6.1 - - [01/Dec/2021:04:08:23 +0000] "POST /wp-json/wp/v2/posts/1682/autosaves?_locale=user HTTP/2.0" 200 551 "https://ja.tak-cslab.org/wp-admin/post.php?post=1682&action=edit" "Mozilla/5.0 (Macintosh; Intel Mac OS X 10_15_7) AppleWebKit/537.36 (KHTML, like Gecko) Chrome/96.0.4664.55 Safari/537.36"
163.215.6.1 - - [01/Dec/2021:04:09:08 +0000] "POST /wp-admin/admin-ajax.php HTTP/2.0" 200 102 "https://ja.tak-cslab.org/wp-admin/post.php?post=1682&action=edit" "Mozilla/5.0 (Macintosh; Intel Mac OS X 10_15_7) AppleWebKit/537.36 (KHTML, like Gecko) Chrome/96.0.4664.55 Safari/537.36"
163.215.6.1 - - [01/Dec/2021:04:09:23 +0000] "POST /wp-json/wp/v2/posts/1682/autosaves?_locale=user HTTP/2.0" 200 593 "https://ja.tak-cslab.org/wp-admin/post.php?post=1682&action=edit" "Mozilla/5.0 (Macintosh; Intel Mac OS X 10_15_7) AppleWebKit/537.36 (KHTML, like Gecko) Chrome/96.0.4664.55 Safari/537.36"
216.245.221.83 - - [01/Dec/2021:04:09:26 +0000] "HEAD / HTTP/1.1" 301 0 "http://ja.tak-cslab.org/" "Mozilla/5.0+(compatible; UptimeRobot/2.0; http://www.uptimerobot.com/)"
216.245.221.83 - - [01/Dec/2021:04:09:26 +0000] "HEAD / HTTP/1.1" 200 0 "http://ja.tak-cslab.org/" "Mozilla/5.0+(compatible; UptimeRobot/2.0; http://www.uptimerobot.com/)"
163.215.6.1 - - [01/Dec/2021:04:10:08 +0000] "POST /wp-admin/admin-ajax.php HTTP/2.0" 200 102 "https://ja.tak-cslab.org/wp-admin/post.php?post=1682&action=edit" "Mozilla/5.0 (Macintosh; Intel Mac OS X 10_15_7) AppleWebKit/537.36 (KHTML, like Gecko) Chrome/96.0.4664.55 Safari/537.36"
163.215.6.1 - - [01/Dec/2021:04:10:22 +0000] "POST /wp-json/wp/v2/posts/1682/autosaves?_locale=user HTTP/2.0" 200 660 "https://ja.tak-cslab.org/wp-admin/post.php?post=1682&action=edit" "Mozilla/5.0 (Macintosh; Intel Mac OS X 10_15_7) AppleWebKit/537.36 (KHTML, like Gecko) Chrome/96.0.4664.55 Safari/537.36"
163.215.6.1 - - [01/Dec/2021:04:11:08 +0000] "POST /wp-admin/admin-ajax.php HTTP/2.0" 200 102 "https://ja.tak-cslab.org/wp-admin/post.php?post=1682&action=edit" "Mozilla/5.0 (Macintosh; Intel Mac OS X 10_15_7) AppleWebKit/537.36 (KHTML, like Gecko) Chrome/96.0.4664.55 Safari/537.36"
163.215.6.1 - - [01/Dec/2021:04:11:22 +0000] "POST /wp-json/wp/v2/posts/1682/autosaves?_locale=user HTTP/2.0" 200 671 "https://ja.tak-cslab.org/wp-admin/post.php?post=1682&action=edit" "Mozilla/5.0 (Macintosh; Intel Mac OS X 10_15_7) AppleWebKit/537.36 (KHTML, like Gecko) Chrome/96.0.4664.55 Safari/537.36"
163.215.6.1 - - [01/Dec/2021:04:12:08 +0000] "POST /wp-admin/admin-ajax.php HTTP/2.0" 200 102 "https://ja.tak-cslab.org/wp-admin/post.php?post=1682&action=edit" "Mozilla/5.0 (Macintosh; Intel Mac OS X 10_15_7) AppleWebKit/537.36 (KHTML, like Gecko) Chrome/96.0.4664.55 Safari/537.36"
163.215.6.1 - - [01/Dec/2021:04:12:22 +0000] "POST /wp-json/wp/v2/posts/1682/autosaves?_locale=user HTTP/2.0" 200 694 "https://ja.tak-cslab.org/wp-admin/post.php?post=1682&action=edit" "Mozilla/5.0 (Macintosh; Intel Mac OS X 10_15_7) AppleWebKit/537.36 (KHTML, like Gecko) Chrome/96.0.4664.55 Safari/537.36"
52.196.107.190 - - [01/Dec/2021:04:12:46 +0000] "GET /wp-content/uploads/2020/09/20200925_200925_0-1.jpg HTTP/1.1" 200 247845 "-" "Slack-ImgProxy (+https://api.slack.com/robots)"
18.181.161.209 - - [01/Dec/2021:04:12:46 +0000] "GET /wp-content/uploads/2020/09/20200925_200925_0-1.jpg HTTP/1.1" 200 247845 "-" "Slack-ImgProxy (+https://api.slack.com/robots)"
54.238.193.36 - - [01/Dec/2021:04:12:46 +0000] "GET /favicon.ico HTTP/1.1" 302 5 "-" "Slack-ImgProxy (+https://api.slack.com/robots)"
13.114.190.133 - - [01/Dec/2021:04:12:46 +0000] "GET /wp-includes/images/w-logo-blue-white-bg.png HTTP/1.1" 200 4119 "-" "Slack-ImgProxy (+https://api.slack.com/robots)"
34.206.38.217 - - [01/Dec/2021:04:12:54 +0000] "GET /feed HTTP/1.1" 200 55867 "-" "Automate.io BOT"
163.215.6.1 - - [01/Dec/2021:04:13:09 +0000] "POST /wp-admin/admin-ajax.php HTTP/2.0" 200 102 "https://ja.tak-cslab.org/wp-admin/post.php?post=1682&action=edit" "Mozilla/5.0 (Macintosh; Intel Mac OS X 10_15_7) AppleWebKit/537.36 (KHTML, like Gecko) Chrome/96.0.4664.55 Safari/537.36"
163.215.6.1 - - [01/Dec/2021:04:13:23 +0000] "POST /wp-json/wp/v2/posts/1682/autosaves?_locale=user HTTP/2.0" 200 722 "https://ja.tak-cslab.org/wp-admin/post.php?post=1682&action=edit" "Mozilla/5.0 (Macintosh; Intel Mac OS X 10_15_7) AppleWebKit/537.36 (KHTML, like Gecko) Chrome/96.0.4664.55 Safari/537.36"
52.70.82.174 - - [01/Dec/2021:04:13:41 +0000] "HEAD /feed HTTP/2.0" 200 0 "-" "Slackbot 1.0 (+https://api.slack.com/robots)"
3.239.168.137 - - [01/Dec/2021:04:13:41 +0000] "GET /feed HTTP/1.1" 200 55867 "-" "Slackbot 1.0 (+https://api.slack.com/robots)"
3.237.239.38 - - [01/Dec/2021:04:13:42 +0000] "GET / HTTP/1.1" 200 6320 "-" "Slackbot 1.0 (+https://api.slack.com/robots)"
163.215.6.1 - - [01/Dec/2021:04:14:10 +0000] "POST /wp-admin/admin-ajax.php HTTP/2.0" 200 102 "https://ja.tak-cslab.org/wp-admin/post.php?post=1682&action=edit" "Mozilla/5.0 (Macintosh; Intel Mac OS X 10_15_7) AppleWebKit/537.36 (KHTML, like Gecko) Chrome/96.0.4664.55 Safari/537.36"
163.215.6.1 - - [01/Dec/2021:04:14:24 +0000] "POST /wp-json/wp/v2/posts/1682/autosaves?_locale=user HTTP/2.0" 200 731 "https://ja.tak-cslab.org/wp-admin/post.php?post=1682&action=edit" "Mozilla/5.0 (Macintosh; Intel Mac OS X 10_15_7) AppleWebKit/537.36 (KHTML, like Gecko) Chrome/96.0.4664.55 Safari/537.36"
216.245.221.83 - - [01/Dec/2021:04:14:26 +0000] "HEAD / HTTP/1.1" 301 0 "http://ja.tak-cslab.org/" "Mozilla/5.0+(compatible; UptimeRobot/2.0; http://www.uptimerobot.com/)"
216.245.221.83 - - [01/Dec/2021:04:14:26 +0000] "HEAD / HTTP/1.1" 200 0 "http://ja.tak-cslab.org/" "Mozilla/5.0+(compatible; UptimeRobot/2.0; http://www.uptimerobot.com/)"
163.215.6.1 - - [01/Dec/2021:04:15:10 +0000] "POST /wp-admin/admin-ajax.php HTTP/2.0" 200 102 "https://ja.tak-cslab.org/wp-admin/post.php?post=1682&action=edit" "Mozilla/5.0 (Macintosh; Intel Mac OS X 10_15_7) AppleWebKit/537.36 (KHTML, like Gecko) Chrome/96.0.4664.55 Safari/537.36"
163.215.6.1 - - [01/Dec/2021:04:15:24 +0000] "POST /wp-json/wp/v2/posts/1682/autosaves?_locale=user HTTP/2.0" 200 744 "https://ja.tak-cslab.org/wp-admin/post.php?post=1682&action=edit" "Mozilla/5.0 (Macintosh; Intel Mac OS X 10_15_7) AppleWebKit/537.36 (KHTML, like Gecko) Chrome/96.0.4664.55 Safari/537.36"
163.215.6.1 - - [01/Dec/2021:04:16:10 +0000] "POST /wp-admin/admin-ajax.php HTTP/2.0" 200 102 "https://ja.tak-cslab.org/wp-admin/post.php?post=1682&action=edit" "Mozilla/5.0 (Macintosh; Intel Mac OS X 10_15_7) AppleWebKit/537.36 (KHTML, like Gecko) Chrome/96.0.4664.55 Safari/537.36"
185.191.171.39 - - [01/Dec/2021:04:16:12 +0000] "GET /robots.txt HTTP/1.1" 200 123 "-" "Mozilla/5.0 (compatible; SemrushBot/7~bl; +http://www.semrush.com/bot.html)"
185.191.171.14 - - [01/Dec/2021:04:16:13 +0000] "GET / HTTP/1.1" 200 6320 "-" "Mozilla/5.0 (compatible; SemrushBot/7~bl; +http://www.semrush.com/bot.html)"
163.215.6.1 - - [01/Dec/2021:04:17:10 +0000] "POST /wp-admin/admin-ajax.php HTTP/2.0" 200 102 "https://ja.tak-cslab.org/wp-admin/post.php?post=1682&action=edit" "Mozilla/5.0 (Macintosh; Intel Mac OS X 10_15_7) AppleWebKit/537.36 (KHTML, like Gecko) Chrome/96.0.4664.55 Safari/537.36"
163.215.6.1 - - [01/Dec/2021:04:17:54 +0000] "POST /wp-cron.php?doing_wp_cron=1638332274.5727300643920898437500 HTTP/1.1" 200 31 "https://ja.tak-cslab.org/wp-cron.php?doing_wp_cron=1638332274.5727300643920898437500" "WordPress/5.8.2; https://ja.tak-cslab.org"
34.206.38.217 - - [01/Dec/2021:04:17:54 +0000] "GET /feed HTTP/1.1" 200 55861 "-" "Automate.io BOT"
163.215.6.1 - - [01/Dec/2021:04:18:11 +0000] "POST /wp-admin/admin-ajax.php HTTP/2.0" 200 102 "https://ja.tak-cslab.org/wp-admin/post.php?post=1682&action=edit" "Mozilla/5.0 (Macintosh; Intel Mac OS X 10_15_7) AppleWebKit/537.36 (KHTML, like Gecko) Chrome/96.0.4664.55 Safari/537.36"
163.215.6.1 - - [01/Dec/2021:04:19:11 +0000] "POST /wp-admin/admin-ajax.php HTTP/2.0" 200 102 "https://ja.tak-cslab.org/wp-admin/post.php?post=1682&action=edit" "Mozilla/5.0 (Macintosh; Intel Mac OS X 10_15_7) AppleWebKit/537.36 (KHTML, like Gecko) Chrome/96.0.4664.55 Safari/537.36"
163.215.6.1 - - [01/Dec/2021:04:19:25 +0000] "POST /wp-json/wp/v2/posts/1682/autosaves?_locale=user HTTP/2.0" 200 722 "https://ja.tak-cslab.org/wp-admin/post.php?post=1682&action=edit" "Mozilla/5.0 (Macintosh; Intel Mac OS X 10_15_7) AppleWebKit/537.36 (KHTML, like Gecko) Chrome/96.0.4664.55 Safari/537.36"
216.245.221.83 - - [01/Dec/2021:04:19:26 +0000] "HEAD / HTTP/1.1" 301 0 "http://ja.tak-cslab.org/" "Mozilla/5.0+(compatible; UptimeRobot/2.0; http://www.uptimerobot.com/)"
216.245.221.83 - - [01/Dec/2021:04:19:26 +0000] "HEAD / HTTP/1.1" 200 0 "http://ja.tak-cslab.org/" "Mozilla/5.0+(compatible; UptimeRobot/2.0; http://www.uptimerobot.com/)"
163.215.6.1 - - [01/Dec/2021:04:20:10 +0000] "POST /wp-admin/admin-ajax.php HTTP/2.0" 200 102 "https://ja.tak-cslab.org/wp-admin/post.php?post=1682&action=edit" "Mozilla/5.0 (Macintosh; Intel Mac OS X 10_15_7) AppleWebKit/537.36 (KHTML, like Gecko) Chrome/96.0.4664.55 Safari/537.36"
163.215.6.1 - - [01/Dec/2021:04:22:11 +0000] "POST /wp-admin/admin-ajax.php HTTP/2.0" 200 102 "https://ja.tak-cslab.org/wp-admin/post.php?post=1682&action=edit" "Mozilla/5.0 (Macintosh; Intel Mac OS X 10_15_7) AppleWebKit/537.36 (KHTML, like Gecko) Chrome/96.0.4664.55 Safari/537.36"
106.128.125.161 - - [01/Dec/2021:04:22:53 +0000] "GET /archives/896 HTTP/2.0" 200 10420 "https://www.google.co.jp/" "Mozilla/5.0 (iPhone; CPU iPhone OS 13_5_1 like Mac OS X) AppleWebKit/605.1.15 (KHTML, like Gecko) Version/13.1.1 Mobile/15E148 Safari/604.1"
106.128.125.161 - - [01/Dec/2021:04:22:53 +0000] "GET /wp-includes/js/wp-emoji-release.min.js?ver=5.8.2 HTTP/2.0" 200 5714 "https://ja.tak-cslab.org/archives/896" "Mozilla/5.0 (iPhone; CPU iPhone OS 13_5_1 like Mac OS X) AppleWebKit/605.1.15 (KHTML, like Gecko) Version/13.1.1 Mobile/15E148 Safari/604.1"
106.128.125.161 - - [01/Dec/2021:04:22:53 +0000] "GET /wp-content/themes/cdsl/style.css?ver=1.3.1 HTTP/2.0" 200 272 "https://ja.tak-cslab.org/archives/896" "Mozilla/5.0 (iPhone; CPU iPhone OS 13_5_1 like Mac OS X) AppleWebKit/605.1.15 (KHTML, like Gecko) Version/13.1.1 Mobile/15E148 Safari/604.1"
106.128.125.161 - - [01/Dec/2021:04:22:53 +0000] "GET /wp-content/plugins/native-lazyload/assets/images/placeholder.svg HTTP/2.0" 200 88 "https://ja.tak-cslab.org/archives/896" "Mozilla/5.0 (iPhone; CPU iPhone OS 13_5_1 like Mac OS X) AppleWebKit/605.1.15 (KHTML, like Gecko) Version/13.1.1 Mobile/15E148 Safari/604.1"
106.128.125.161 - - [01/Dec/2021:04:22:53 +0000] "GET /wp-content/themes/scaffold/assets/js/navigation.js?ver=1.3.1 HTTP/2.0" 200 1266 "https://ja.tak-cslab.org/archives/896" "Mozilla/5.0 (iPhone; CPU iPhone OS 13_5_1 like Mac OS X) AppleWebKit/605.1.15 (KHTML, like Gecko) Version/13.1.1 Mobile/15E148 Safari/604.1"
106.128.125.161 - - [01/Dec/2021:04:22:53 +0000] "GET /wp-includes/js/comment-reply.min.js?ver=5.8.2 HTTP/2.0" 200 1390 "https://ja.tak-cslab.org/archives/896" "Mozilla/5.0 (iPhone; CPU iPhone OS 13_5_1 like Mac OS X) AppleWebKit/605.1.15 (KHTML, like Gecko) Version/13.1.1 Mobile/15E148 Safari/604.1"
106.128.125.161 - - [01/Dec/2021:04:22:53 +0000] "GET /wp-includes/js/wp-embed.min.js?ver=5.8.2 HTTP/2.0" 200 779 "https://ja.tak-cslab.org/archives/896" "Mozilla/5.0 (iPhone; CPU iPhone OS 13_5_1 like Mac OS X) AppleWebKit/605.1.15 (KHTML, like Gecko) Version/13.1.1 Mobile/15E148 Safari/604.1"
106.128.125.161 - - [01/Dec/2021:04:22:53 +0000] "GET /wp-content/themes/scaffold/style.css?ver=5.8.2 HTTP/2.0" 200 5846 "https://ja.tak-cslab.org/archives/896" "Mozilla/5.0 (iPhone; CPU iPhone OS 13_5_1 like Mac OS X) AppleWebKit/605.1.15 (KHTML, like Gecko) Version/13.1.1 Mobile/15E148 Safari/604.1"
106.128.125.161 - - [01/Dec/2021:04:22:53 +0000] "GET /wp-includes/css/dist/block-library/style.min.css?ver=5.8.2 HTTP/2.0" 200 13704 "https://ja.tak-cslab.org/archives/896" "Mozilla/5.0 (iPhone; CPU iPhone OS 13_5_1 like Mac OS X) AppleWebKit/605.1.15 (KHTML, like Gecko) Version/13.1.1 Mobile/15E148 Safari/604.1"
106.128.125.161 - - [01/Dec/2021:04:22:53 +0000] "GET /wp-content/plugins/native-lazyload/assets/js/lazyload.js HTTP/2.0" 200 1085 "https://ja.tak-cslab.org/archives/896" "Mozilla/5.0 (iPhone; CPU iPhone OS 13_5_1 like Mac OS X) AppleWebKit/605.1.15 (KHTML, like Gecko) Version/13.1.1 Mobile/15E148 Safari/604.1"
106.128.125.161 - - [01/Dec/2021:04:22:53 +0000] "GET /favicon.ico HTTP/2.0" 302 0 "https://ja.tak-cslab.org/archives/896" "Mozilla/5.0 (iPhone; CPU iPhone OS 13_5_1 like Mac OS X) AppleWebKit/605.1.15 (KHTML, like Gecko) Version/13.1.1 Mobile/15E148 Safari/604.1"
106.128.125.161 - - [01/Dec/2021:04:22:54 +0000] "GET /wp-includes/images/w-logo-blue-white-bg.png HTTP/2.0" 200 4119 "https://ja.tak-cslab.org/archives/896" "Mozilla/5.0 (iPhone; CPU iPhone OS 13_5_1 like Mac OS X) AppleWebKit/605.1.15 (KHTML, like Gecko) Version/13.1.1 Mobile/15E148 Safari/604.1"
34.206.38.217 - - [01/Dec/2021:04:22:55 +0000] "GET /feed HTTP/1.1" 200 55868 "-" "Automate.io BOT"
106.128.125.161 - - [01/Dec/2021:04:22:55 +0000] "GET /wp-content/uploads/2021/01/%E3%83%92%E3%83%89%E3%83%A9.jpeg HTTP/2.0" 200 12823 "https://ja.tak-cslab.org/archives/896" "Mozilla/5.0 (iPhone; CPU iPhone OS 13_5_1 like Mac OS X) AppleWebKit/605.1.15 (KHTML, like Gecko) Version/13.1.1 Mobile/15E148 Safari/604.1"
106.128.125.161 - - [01/Dec/2021:04:22:57 +0000] "GET /wp-content/uploads/2021/02/%E3%83%92%E3%83%89%E3%83%A9%EF%BC%91.png HTTP/2.0" 200 27267 "https://ja.tak-cslab.org/archives/896" "Mozilla/5.0 (iPhone; CPU iPhone OS 13_5_1 like Mac OS X) AppleWebKit/605.1.15 (KHTML, like Gecko) Version/13.1.1 Mobile/15E148 Safari/604.1"
106.128.125.161 - - [01/Dec/2021:04:22:57 +0000] "GET /wp-content/uploads/2021/02/%E3%83%92%E3%83%89%E3%83%A9%EF%BC%92.png HTTP/2.0" 200 31701 "https://ja.tak-cslab.org/archives/896" "Mozilla/5.0 (iPhone; CPU iPhone OS 13_5_1 like Mac OS X) AppleWebKit/605.1.15 (KHTML, like Gecko) Version/13.1.1 Mobile/15E148 Safari/604.1"
163.215.6.1 - - [01/Dec/2021:04:23:31 +0000] "POST /wp-admin/admin-ajax.php HTTP/2.0" 200 102 "https://ja.tak-cslab.org/wp-admin/post.php?post=1682&action=edit" "Mozilla/5.0 (Macintosh; Intel Mac OS X 10_15_7) AppleWebKit/537.36 (KHTML, like Gecko) Chrome/96.0.4664.55 Safari/537.36"
163.215.6.1 - - [01/Dec/2021:04:24:07 +0000] "GET /?s=%E8%87%AA%E5%B7%B1%E7%B4%B9%E4%BB%8B HTTP/2.0" 200 12633 "https://ja.tak-cslab.org/topics/blog/page/3" "Mozilla/5.0 (Macintosh; Intel Mac OS X 10_15_7) AppleWebKit/537.36 (KHTML, like Gecko) Chrome/96.0.4664.55 Safari/537.36"
216.245.221.83 - - [01/Dec/2021:04:24:26 +0000] "HEAD / HTTP/1.1" 301 0 "http://ja.tak-cslab.org/" "Mozilla/5.0+(compatible; UptimeRobot/2.0; http://www.uptimerobot.com/)"
216.245.221.83 - - [01/Dec/2021:04:24:26 +0000] "HEAD / HTTP/1.1" 200 0 "http://ja.tak-cslab.org/" "Mozilla/5.0+(compatible; UptimeRobot/2.0; http://www.uptimerobot.com/)"
163.215.6.1 - - [01/Dec/2021:04:24:32 +0000] "POST /wp-admin/admin-ajax.php HTTP/2.0" 200 102 "https://ja.tak-cslab.org/wp-admin/post.php?post=1682&action=edit" "Mozilla/5.0 (Macintosh; Intel Mac OS X 10_15_7) AppleWebKit/537.36 (KHTML, like Gecko) Chrome/96.0.4664.55 Safari/537.36"
163.215.6.1 - - [01/Dec/2021:04:25:16 +0000] "GET /wp-json/wp/v2/categories?per_page=100&orderby=name&order=asc&_fields=id%2Cname%2Cparent&_locale=user HTTP/2.0" 200 130 "https://ja.tak-cslab.org/wp-admin/post.php?post=1682&action=edit" "Mozilla/5.0 (Macintosh; Intel Mac OS X 10_15_7) AppleWebKit/537.36 (KHTML, like Gecko) Chrome/96.0.4664.55 Safari/537.36"
163.215.6.1 - - [01/Dec/2021:04:25:28 +0000] "POST /wp-json/wp/v2/posts/1682/autosaves?_locale=user HTTP/2.0" 200 720 "https://ja.tak-cslab.org/wp-admin/post.php?post=1682&action=edit" "Mozilla/5.0 (Macintosh; Intel Mac OS X 10_15_7) AppleWebKit/537.36 (KHTML, like Gecko) Chrome/96.0.4664.55 Safari/537.36"
163.215.6.1 - - [01/Dec/2021:04:25:33 +0000] "POST /wp-admin/admin-ajax.php HTTP/2.0" 200 102 "https://ja.tak-cslab.org/wp-admin/post.php?post=1682&action=edit" "Mozilla/5.0 (Macintosh; Intel Mac OS X 10_15_7) AppleWebKit/537.36 (KHTML, like Gecko) Chrome/96.0.4664.55 Safari/537.36"
163.215.6.1 - - [01/Dec/2021:04:26:28 +0000] "POST /wp-json/wp/v2/posts/1682/autosaves?_locale=user HTTP/2.0" 200 708 "https://ja.tak-cslab.org/wp-admin/post.php?post=1682&action=edit" "Mozilla/5.0 (Macintosh; Intel Mac OS X 10_15_7) AppleWebKit/537.36 (KHTML, like Gecko) Chrome/96.0.4664.55 Safari/537.36"
163.215.6.1 - - [01/Dec/2021:04:26:33 +0000] "POST /wp-admin/admin-ajax.php HTTP/2.0" 200 102 "https://ja.tak-cslab.org/wp-admin/post.php?post=1682&action=edit" "Mozilla/5.0 (Macintosh; Intel Mac OS X 10_15_7) AppleWebKit/537.36 (KHTML, like Gecko) Chrome/96.0.4664.55 Safari/537.36"
163.215.6.1 - - [01/Dec/2021:04:27:28 +0000] "POST /wp-json/wp/v2/posts/1682/autosaves?_locale=user HTTP/2.0" 200 730 "https://ja.tak-cslab.org/wp-admin/post.php?post=1682&action=edit" "Mozilla/5.0 (Macintosh; Intel Mac OS X 10_15_7) AppleWebKit/537.36 (KHTML, like Gecko) Chrome/96.0.4664.55 Safari/537.36"
163.215.6.1 - - [01/Dec/2021:04:27:33 +0000] "POST /wp-admin/admin-ajax.php HTTP/2.0" 200 102 "https://ja.tak-cslab.org/wp-admin/post.php?post=1682&action=edit" "Mozilla/5.0 (Macintosh; Intel Mac OS X 10_15_7) AppleWebKit/537.36 (KHTML, like Gecko) Chrome/96.0.4664.55 Safari/537.36"
34.206.38.217 - - [01/Dec/2021:04:27:54 +0000] "GET /feed HTTP/1.1" 200 55868 "-" "Automate.io BOT"
82.223.14.245 - - [01/Dec/2021:04:28:13 +0000] "POST /xmlrpc.php HTTP/1.0" 301 162 "-" "Mozilla/5.0 (Windows NT 6.1; Win64; x64; rv:87.0) Gecko/20100101 Firefox/87.0"
109.70.100.32 - - [01/Dec/2021:04:28:15 +0000] "POST /xmlrpc.php HTTP/1.0" 200 403 "-" "Mozilla/5.0 (Windows NT 6.1; Win64; x64; rv:87.0) Gecko/20100101 Firefox/87.0"
163.215.6.1 - - [01/Dec/2021:04:28:29 +0000] "POST /wp-json/wp/v2/posts/1682/autosaves?_locale=user HTTP/2.0" 200 744 "https://ja.tak-cslab.org/wp-admin/post.php?post=1682&action=edit" "Mozilla/5.0 (Macintosh; Intel Mac OS X 10_15_7) AppleWebKit/537.36 (KHTML, like Gecko) Chrome/96.0.4664.55 Safari/537.36"
163.215.6.1 - - [01/Dec/2021:04:28:35 +0000] "POST /wp-admin/admin-ajax.php HTTP/2.0" 200 102 "https://ja.tak-cslab.org/wp-admin/post.php?post=1682&action=edit" "Mozilla/5.0 (Macintosh; Intel Mac OS X 10_15_7) AppleWebKit/537.36 (KHTML, like Gecko) Chrome/96.0.4664.55 Safari/537.36"
216.245.221.83 - - [01/Dec/2021:04:29:26 +0000] "HEAD / HTTP/1.1" 301 0 "http://ja.tak-cslab.org/" "Mozilla/5.0+(compatible; UptimeRobot/2.0; http://www.uptimerobot.com/)"
216.245.221.83 - - [01/Dec/2021:04:29:26 +0000] "HEAD / HTTP/1.1" 200 0 "http://ja.tak-cslab.org/" "Mozilla/5.0+(compatible; UptimeRobot/2.0; http://www.uptimerobot.com/)"
163.215.6.1 - - [01/Dec/2021:04:29:29 +0000] "POST /wp-json/wp/v2/posts/1682/autosaves?_locale=user HTTP/2.0" 200 758 "https://ja.tak-cslab.org/wp-admin/post.php?post=1682&action=edit" "Mozilla/5.0 (Macintosh; Intel Mac OS X 10_15_7) AppleWebKit/537.36 (KHTML, like Gecko) Chrome/96.0.4664.55 Safari/537.36"
163.215.6.1 - - [01/Dec/2021:04:29:35 +0000] "POST /wp-admin/admin-ajax.php HTTP/2.0" 200 102 "https://ja.tak-cslab.org/wp-admin/post.php?post=1682&action=edit" "Mozilla/5.0 (Macintosh; Intel Mac OS X 10_15_7) AppleWebKit/537.36 (KHTML, like Gecko) Chrome/96.0.4664.55 Safari/537.36"
163.215.6.1 - - [01/Dec/2021:04:30:16 +0000] "GET /tech-report HTTP/2.0" 200 12708 "-" "Mozilla/5.0 (Windows NT 10.0; Win64; x64) AppleWebKit/537.36 (KHTML, like Gecko) Chrome/96.0.4664.45 Safari/537.36"
163.215.6.1 - - [01/Dec/2021:04:30:29 +0000] "POST /wp-json/wp/v2/posts/1682/autosaves?_locale=user HTTP/2.0" 200 770 "https://ja.tak-cslab.org/wp-admin/post.php?post=1682&action=edit" "Mozilla/5.0 (Macintosh; Intel Mac OS X 10_15_7) AppleWebKit/537.36 (KHTML, like Gecko) Chrome/96.0.4664.55 Safari/537.36"
51.222.253.16 - - [01/Dec/2021:04:30:32 +0000] "GET /10gin_cds1?redirect_to=https%3A%2F%2Fja.tak-cslab.org%2Farchives%2F1549 HTTP/2.0" 200 4534 "-" "Mozilla/5.0 (compatible; AhrefsBot/7.0; +http://ahrefs.com/robot/)"
163.215.6.1 - - [01/Dec/2021:04:30:35 +0000] "POST /wp-admin/admin-ajax.php HTTP/2.0" 200 102 "https://ja.tak-cslab.org/wp-admin/post.php?post=1682&action=edit" "Mozilla/5.0 (Macintosh; Intel Mac OS X 10_15_7) AppleWebKit/537.36 (KHTML, like Gecko) Chrome/96.0.4664.55 Safari/537.36"
163.215.6.1 - - [01/Dec/2021:04:31:29 +0000] "POST /wp-json/wp/v2/posts/1682/autosaves?_locale=user HTTP/2.0" 200 821 "https://ja.tak-cslab.org/wp-admin/post.php?post=1682&action=edit" "Mozilla/5.0 (Macintosh; Intel Mac OS X 10_15_7) AppleWebKit/537.36 (KHTML, like Gecko) Chrome/96.0.4664.55 Safari/537.36"
163.215.6.1 - - [01/Dec/2021:04:31:35 +0000] "POST /wp-admin/admin-ajax.php HTTP/2.0" 200 102 "https://ja.tak-cslab.org/wp-admin/post.php?post=1682&action=edit" "Mozilla/5.0 (Macintosh; Intel Mac OS X 10_15_7) AppleWebKit/537.36 (KHTML, like Gecko) Chrome/96.0.4664.55 Safari/537.36"
163.215.6.1 - - [01/Dec/2021:04:32:29 +0000] "POST /wp-json/wp/v2/posts/1682/autosaves?_locale=user HTTP/2.0" 200 862 "https://ja.tak-cslab.org/wp-admin/post.php?post=1682&action=edit" "Mozilla/5.0 (Macintosh; Intel Mac OS X 10_15_7) AppleWebKit/537.36 (KHTML, like Gecko) Chrome/96.0.4664.55 Safari/537.36"
49.108.158.137 - - [01/Dec/2021:04:32:30 +0000] "GET /wp-content/uploads/2021/01/%E3%83%92%E3%83%89%E3%83%A9.jpeg HTTP/2.0" 200 12823 "https://www.google.co.jp/" "Mozilla/5.0 (Macintosh; Intel Mac OS X 10_15_6) AppleWebKit/605.1.15 (KHTML, like Gecko) LoiLoNote/3.15.1 Version/13.0 Safari/605.1.15"
163.215.6.1 - - [01/Dec/2021:04:32:35 +0000] "POST /wp-admin/admin-ajax.php HTTP/2.0" 200 102 "https://ja.tak-cslab.org/wp-admin/post.php?post=1682&action=edit" "Mozilla/5.0 (Macintosh; Intel Mac OS X 10_15_7) AppleWebKit/537.36 (KHTML, like Gecko) Chrome/96.0.4664.55 Safari/537.36"
34.206.38.217 - - [01/Dec/2021:04:32:54 +0000] "GET /feed HTTP/1.1" 200 55861 "-" "Automate.io BOT"
163.215.6.1 - - [01/Dec/2021:04:33:29 +0000] "POST /wp-json/wp/v2/posts/1682/autosaves?_locale=user HTTP/2.0" 200 906 "https://ja.tak-cslab.org/wp-admin/post.php?post=1682&action=edit" "Mozilla/5.0 (Macintosh; Intel Mac OS X 10_15_7) AppleWebKit/537.36 (KHTML, like Gecko) Chrome/96.0.4664.55 Safari/537.36"
163.215.6.1 - - [01/Dec/2021:04:33:35 +0000] "POST /wp-admin/admin-ajax.php HTTP/2.0" 200 102 "https://ja.tak-cslab.org/wp-admin/post.php?post=1682&action=edit" "Mozilla/5.0 (Macintosh; Intel Mac OS X 10_15_7) AppleWebKit/537.36 (KHTML, like Gecko) Chrome/96.0.4664.55 Safari/537.36"
52.70.82.174 - - [01/Dec/2021:04:33:37 +0000] "HEAD /feed HTTP/2.0" 200 0 "-" "Slackbot 1.0 (+https://api.slack.com/robots)"
54.221.23.121 - - [01/Dec/2021:04:33:38 +0000] "GET /feed HTTP/1.1" 200 55867 "-" "Slackbot 1.0 (+https://api.slack.com/robots)"
3.95.31.126 - - [01/Dec/2021:04:33:39 +0000] "GET / HTTP/1.1" 200 6320 "-" "Slackbot 1.0 (+https://api.slack.com/robots)"
216.245.221.83 - - [01/Dec/2021:04:34:26 +0000] "HEAD / HTTP/1.1" 301 0 "http://ja.tak-cslab.org/" "Mozilla/5.0+(compatible; UptimeRobot/2.0; http://www.uptimerobot.com/)"
216.245.221.83 - - [01/Dec/2021:04:34:26 +0000] "HEAD / HTTP/1.1" 200 0 "http://ja.tak-cslab.org/" "Mozilla/5.0+(compatible; UptimeRobot/2.0; http://www.uptimerobot.com/)"
163.215.6.1 - - [01/Dec/2021:04:34:29 +0000] "POST /wp-json/wp/v2/posts/1682/autosaves?_locale=user HTTP/2.0" 200 971 "https://ja.tak-cslab.org/wp-admin/post.php?post=1682&action=edit" "Mozilla/5.0 (Macintosh; Intel Mac OS X 10_15_7) AppleWebKit/537.36 (KHTML, like Gecko) Chrome/96.0.4664.55 Safari/537.36"
163.215.6.1 - - [01/Dec/2021:04:34:35 +0000] "POST /wp-admin/admin-ajax.php HTTP/2.0" 200 102 "https://ja.tak-cslab.org/wp-admin/post.php?post=1682&action=edit" "Mozilla/5.0 (Macintosh; Intel Mac OS X 10_15_7) AppleWebKit/537.36 (KHTML, like Gecko) Chrome/96.0.4664.55 Safari/537.36"
163.215.6.1 - - [01/Dec/2021:04:35:29 +0000] "POST /wp-json/wp/v2/posts/1682/autosaves?_locale=user HTTP/2.0" 200 980 "https://ja.tak-cslab.org/wp-admin/post.php?post=1682&action=edit" "Mozilla/5.0 (Macintosh; Intel Mac OS X 10_15_7) AppleWebKit/537.36 (KHTML, like Gecko) Chrome/96.0.4664.55 Safari/537.36"
163.215.6.1 - - [01/Dec/2021:04:35:35 +0000] "POST /wp-admin/admin-ajax.php HTTP/2.0" 200 100 "https://ja.tak-cslab.org/wp-admin/post.php?post=1682&action=edit" "Mozilla/5.0 (Macintosh; Intel Mac OS X 10_15_7) AppleWebKit/537.36 (KHTML, like Gecko) Chrome/96.0.4664.55 Safari/537.36"
163.215.6.1 - - [01/Dec/2021:04:36:29 +0000] "POST /wp-json/wp/v2/posts/1682/autosaves?_locale=user HTTP/2.0" 200 971 "https://ja.tak-cslab.org/wp-admin/post.php?post=1682&action=edit" "Mozilla/5.0 (Macintosh; Intel Mac OS X 10_15_7) AppleWebKit/537.36 (KHTML, like Gecko) Chrome/96.0.4664.55 Safari/537.36"
163.215.6.1 - - [01/Dec/2021:04:36:35 +0000] "POST /wp-admin/admin-ajax.php HTTP/2.0" 200 101 "https://ja.tak-cslab.org/wp-admin/post.php?post=1682&action=edit" "Mozilla/5.0 (Macintosh; Intel Mac OS X 10_15_7) AppleWebKit/537.36 (KHTML, like Gecko) Chrome/96.0.4664.55 Safari/537.36"
163.215.6.1 - - [01/Dec/2021:04:37:29 +0000] "POST /wp-json/wp/v2/posts/1682/autosaves?_locale=user HTTP/2.0" 200 1020 "https://ja.tak-cslab.org/wp-admin/post.php?post=1682&action=edit" "Mozilla/5.0 (Macintosh; Intel Mac OS X 10_15_7) AppleWebKit/537.36 (KHTML, like Gecko) Chrome/96.0.4664.55 Safari/537.36"
163.215.6.1 - - [01/Dec/2021:04:37:35 +0000] "POST /wp-admin/admin-ajax.php HTTP/2.0" 200 102 "https://ja.tak-cslab.org/wp-admin/post.php?post=1682&action=edit" "Mozilla/5.0 (Macintosh; Intel Mac OS X 10_15_7) AppleWebKit/537.36 (KHTML, like Gecko) Chrome/96.0.4664.55 Safari/537.36"
34.206.38.217 - - [01/Dec/2021:04:37:54 +0000] "GET /feed HTTP/1.1" 200 55868 "-" "Automate.io BOT"
163.215.6.1 - - [01/Dec/2021:04:38:08 +0000] "GET /wp-json/wp/v2/categories?per_page=100&orderby=name&order=asc&_fields=id%2Cname%2Cparent&_locale=user HTTP/2.0" 200 130 "https://ja.tak-cslab.org/wp-admin/post.php?post=1682&action=edit" "Mozilla/5.0 (Macintosh; Intel Mac OS X 10_15_7) AppleWebKit/537.36 (KHTML, like Gecko) Chrome/96.0.4664.55 Safari/537.36"
163.215.6.1 - - [01/Dec/2021:04:38:29 +0000] "POST /wp-json/wp/v2/posts/1682/autosaves?_locale=user HTTP/2.0" 200 1025 "https://ja.tak-cslab.org/wp-admin/post.php?post=1682&action=edit" "Mozilla/5.0 (Macintosh; Intel Mac OS X 10_15_7) AppleWebKit/537.36 (KHTML, like Gecko) Chrome/96.0.4664.55 Safari/537.36"
163.215.6.1 - - [01/Dec/2021:04:38:35 +0000] "POST /wp-admin/admin-ajax.php HTTP/2.0" 200 102 "https://ja.tak-cslab.org/wp-admin/post.php?post=1682&action=edit" "Mozilla/5.0 (Macintosh; Intel Mac OS X 10_15_7) AppleWebKit/537.36 (KHTML, like Gecko) Chrome/96.0.4664.55 Safari/537.36"
163.215.6.1 - - [01/Dec/2021:04:38:38 +0000] "POST /wp-admin/admin-ajax.php HTTP/2.0" 200 14388 "https://ja.tak-cslab.org/wp-admin/post.php?post=1682&action=edit" "Mozilla/5.0 (Macintosh; Intel Mac OS X 10_15_7) AppleWebKit/537.36 (KHTML, like Gecko) Chrome/96.0.4664.55 Safari/537.36"
163.215.6.1 - - [01/Dec/2021:04:38:38 +0000] "GET /wp-content/uploads/2021/11/4802D652-BD0F-4516-9091-6ECBE0F6189F-1.heic HTTP/2.0" 206 0 "https://ja.tak-cslab.org/wp-admin/post.php?post=1682&action=edit" "Mozilla/5.0 (Macintosh; Intel Mac OS X 10_15_7) AppleWebKit/537.36 (KHTML, like Gecko) Chrome/96.0.4664.55 Safari/537.36"
163.215.6.1 - - [01/Dec/2021:04:38:38 +0000] "GET /wp-content/uploads/2021/11/4802D652-BD0F-4516-9091-6ECBE0F6189F.heic HTTP/2.0" 206 0 "https://ja.tak-cslab.org/wp-admin/post.php?post=1682&action=edit" "Mozilla/5.0 (Macintosh; Intel Mac OS X 10_15_7) AppleWebKit/537.36 (KHTML, like Gecko) Chrome/96.0.4664.55 Safari/537.36"
163.215.6.1 - - [01/Dec/2021:04:38:38 +0000] "GET /wp-content/uploads/2021/11/4802D652-BD0F-4516-9091-6ECBE0F6189F-1.heic HTTP/2.0" 206 1 "https://ja.tak-cslab.org/wp-admin/post.php?post=1682&action=edit" "Mozilla/5.0 (Macintosh; Intel Mac OS X 10_15_7) AppleWebKit/537.36 (KHTML, like Gecko) Chrome/96.0.4664.55 Safari/537.36"
163.215.6.1 - - [01/Dec/2021:04:38:38 +0000] "GET /wp-content/uploads/2021/11/4802D652-BD0F-4516-9091-6ECBE0F6189F.heic HTTP/2.0" 206 0 "https://ja.tak-cslab.org/wp-admin/post.php?post=1682&action=edit" "Mozilla/5.0 (Macintosh; Intel Mac OS X 10_15_7) AppleWebKit/537.36 (KHTML, like Gecko) Chrome/96.0.4664.55 Safari/537.36"
163.215.6.1 - - [01/Dec/2021:04:39:14 +0000] "GET /wp-content/uploads/2021/11/4802D652-BD0F-4516-9091-6ECBE0F6189F.heic HTTP/2.0" 206 0 "https://ja.tak-cslab.org/wp-admin/post.php?post=1682&action=edit" "Mozilla/5.0 (Macintosh; Intel Mac OS X 10_15_7) AppleWebKit/537.36 (KHTML, like Gecko) Chrome/96.0.4664.55 Safari/537.36"
163.215.6.1 - - [01/Dec/2021:04:39:14 +0000] "GET /wp-content/uploads/2021/11/4802D652-BD0F-4516-9091-6ECBE0F6189F-1.heic HTTP/2.0" 206 0 "https://ja.tak-cslab.org/wp-admin/post.php?post=1682&action=edit" "Mozilla/5.0 (Macintosh; Intel Mac OS X 10_15_7) AppleWebKit/537.36 (KHTML, like Gecko) Chrome/96.0.4664.55 Safari/537.36"
163.215.6.1 - - [01/Dec/2021:04:39:15 +0000] "GET /wp-content/uploads/2021/11/4802D652-BD0F-4516-9091-6ECBE0F6189F.heic HTTP/2.0" 206 1 "https://ja.tak-cslab.org/wp-admin/post.php?post=1682&action=edit" "Mozilla/5.0 (Macintosh; Intel Mac OS X 10_15_7) AppleWebKit/537.36 (KHTML, like Gecko) Chrome/96.0.4664.55 Safari/537.36"
163.215.6.1 - - [01/Dec/2021:04:39:15 +0000] "GET /wp-content/uploads/2021/11/4802D652-BD0F-4516-9091-6ECBE0F6189F-1.heic HTTP/2.0" 206 1 "https://ja.tak-cslab.org/wp-admin/post.php?post=1682&action=edit" "Mozilla/5.0 (Macintosh; Intel Mac OS X 10_15_7) AppleWebKit/537.36 (KHTML, like Gecko) Chrome/96.0.4664.55 Safari/537.36"
163.215.6.1 - - [01/Dec/2021:04:39:15 +0000] "POST /wp-admin/async-upload.php HTTP/2.0" 200 688 "https://ja.tak-cslab.org/wp-admin/post.php?post=1682&action=edit" "Mozilla/5.0 (Macintosh; Intel Mac OS X 10_15_7) AppleWebKit/537.36 (KHTML, like Gecko) Chrome/96.0.4664.55 Safari/537.36"
163.215.6.1 - - [01/Dec/2021:04:39:15 +0000] "GET /wp-content/uploads/2021/12/IMG_3285-300x200.jpg HTTP/2.0" 200 12206 "https://ja.tak-cslab.org/wp-admin/post.php?post=1682&action=edit" "Mozilla/5.0 (Macintosh; Intel Mac OS X 10_15_7) AppleWebKit/537.36 (KHTML, like Gecko) Chrome/96.0.4664.55 Safari/537.36"
163.215.6.1 - - [01/Dec/2021:04:39:15 +0000] "GET /wp-content/uploads/2021/11/4802D652-BD0F-4516-9091-6ECBE0F6189F-1.heic HTTP/2.0" 206 0 "https://ja.tak-cslab.org/wp-admin/post.php?post=1682&action=edit" "Mozilla/5.0 (Macintosh; Intel Mac OS X 10_15_7) AppleWebKit/537.36 (KHTML, like Gecko) Chrome/96.0.4664.55 Safari/537.36"
163.215.6.1 - - [01/Dec/2021:04:39:15 +0000] "GET /wp-content/uploads/2021/11/4802D652-BD0F-4516-9091-6ECBE0F6189F.heic HTTP/2.0" 206 0 "https://ja.tak-cslab.org/wp-admin/post.php?post=1682&action=edit" "Mozilla/5.0 (Macintosh; Intel Mac OS X 10_15_7) AppleWebKit/537.36 (KHTML, like Gecko) Chrome/96.0.4664.55 Safari/537.36"
163.215.6.1 - - [01/Dec/2021:04:39:15 +0000] "GET /wp-content/uploads/2021/11/4802D652-BD0F-4516-9091-6ECBE0F6189F.heic HTTP/2.0" 206 1 "https://ja.tak-cslab.org/wp-admin/post.php?post=1682&action=edit" "Mozilla/5.0 (Macintosh; Intel Mac OS X 10_15_7) AppleWebKit/537.36 (KHTML, like Gecko) Chrome/96.0.4664.55 Safari/537.36"
163.215.6.1 - - [01/Dec/2021:04:39:15 +0000] "GET /wp-content/uploads/2021/11/4802D652-BD0F-4516-9091-6ECBE0F6189F-1.heic HTTP/2.0" 206 1 "https://ja.tak-cslab.org/wp-admin/post.php?post=1682&action=edit" "Mozilla/5.0 (Macintosh; Intel Mac OS X 10_15_7) AppleWebKit/537.36 (KHTML, like Gecko) Chrome/96.0.4664.55 Safari/537.36"
163.215.6.1 - - [01/Dec/2021:04:39:19 +0000] "GET /wp-content/uploads/2021/12/IMG_3285.jpg HTTP/2.0" 200 446460 "https://ja.tak-cslab.org/wp-admin/post.php?post=1682&action=edit" "Mozilla/5.0 (Macintosh; Intel Mac OS X 10_15_7) AppleWebKit/537.36 (KHTML, like Gecko) Chrome/96.0.4664.55 Safari/537.36"
216.245.221.83 - - [01/Dec/2021:04:39:26 +0000] "HEAD / HTTP/1.1" 301 0 "http://ja.tak-cslab.org/" "Mozilla/5.0+(compatible; UptimeRobot/2.0; http://www.uptimerobot.com/)"
216.245.221.83 - - [01/Dec/2021:04:39:26 +0000] "HEAD / HTTP/1.1" 200 0 "http://ja.tak-cslab.org/" "Mozilla/5.0+(compatible; UptimeRobot/2.0; http://www.uptimerobot.com/)"
163.215.6.1 - - [01/Dec/2021:04:39:35 +0000] "POST /wp-admin/admin-ajax.php HTTP/2.0" 200 102 "https://ja.tak-cslab.org/wp-admin/post.php?post=1682&action=edit" "Mozilla/5.0 (Macintosh; Intel Mac OS X 10_15_7) AppleWebKit/537.36 (KHTML, like Gecko) Chrome/96.0.4664.55 Safari/537.36"
163.215.6.1 - - [01/Dec/2021:04:40:06 +0000] "POST /wp-admin/admin-ajax.php HTTP/2.0" 200 21 "https://ja.tak-cslab.org/wp-admin/post.php?post=1682&action=edit" "Mozilla/5.0 (Macintosh; Intel Mac OS X 10_15_7) AppleWebKit/537.36 (KHTML, like Gecko) Chrome/96.0.4664.55 Safari/537.36"
163.215.6.1 - - [01/Dec/2021:04:40:20 +0000] "GET /wp-json/wp/v2/categories?per_page=100&orderby=name&order=asc&_fields=id%2Cname%2Cparent&_locale=user HTTP/2.0" 200 130 "https://ja.tak-cslab.org/wp-admin/post.php?post=1682&action=edit" "Mozilla/5.0 (Macintosh; Intel Mac OS X 10_15_7) AppleWebKit/537.36 (KHTML, like Gecko) Chrome/96.0.4664.55 Safari/537.36"
163.215.6.1 - - [01/Dec/2021:04:40:29 +0000] "POST /wp-json/wp/v2/posts/1682/autosaves?_locale=user HTTP/2.0" 200 1085 "https://ja.tak-cslab.org/wp-admin/post.php?post=1682&action=edit" "Mozilla/5.0 (Macintosh; Intel Mac OS X 10_15_7) AppleWebKit/537.36 (KHTML, like Gecko) Chrome/96.0.4664.55 Safari/537.36"
163.215.6.1 - - [01/Dec/2021:04:40:31 +0000] "POST /wp-json/wp/v2/media?_locale=user HTTP/2.0" 201 4488 "https://ja.tak-cslab.org/wp-admin/post.php?post=1682&action=edit" "Mozilla/5.0 (Macintosh; Intel Mac OS X 10_15_7) AppleWebKit/537.36 (KHTML, like Gecko) Chrome/96.0.4664.55 Safari/537.36"
163.215.6.1 - - [01/Dec/2021:04:40:32 +0000] "GET /wp-content/uploads/2021/12/IMG_3285-1-1024x682.jpg HTTP/2.0" 200 122634 "https://ja.tak-cslab.org/wp-admin/post.php?post=1682&action=edit" "Mozilla/5.0 (Macintosh; Intel Mac OS X 10_15_7) AppleWebKit/537.36 (KHTML, like Gecko) Chrome/96.0.4664.55 Safari/537.36"
