150.66.89.135 - - [18/Nov/2021:05:45:27 +0000] "GET / HTTP/2.0" 200 6293 "https://ja.tak-cslab.org/tech-report" "Mozilla/5.0 (iPhone; CPU iPhone OS 15_0_2 like Mac OS X) AppleWebKit/605.1.15 (KHTML, like Gecko) FxiOS/39.0  Mobile/15E148 Safari/605.1.15"
34.206.38.217 - - [18/Nov/2021:05:45:30 +0000] "GET /feed HTTP/1.1" 200 55868 "-" "Automate.io BOT"
163.215.6.1 - - [18/Nov/2021:05:47:36 +0000] "GET / HTTP/2.0" 200 6293 "-" "Mozilla/5.0 (Macintosh; Intel Mac OS X 10.15; rv:94.0) Gecko/20100101 Firefox/94.0"
163.215.6.1 - - [18/Nov/2021:05:47:37 +0000] "GET /favicon.ico HTTP/2.0" 302 0 "https://ja.tak-cslab.org/" "Mozilla/5.0 (Macintosh; Intel Mac OS X 10.15; rv:94.0) Gecko/20100101 Firefox/94.0"
163.215.6.1 - - [18/Nov/2021:05:48:10 +0000] "GET /topics/news HTTP/2.0" 200 7875 "https://ja.tak-cslab.org/" "Mozilla/5.0 (Macintosh; Intel Mac OS X 10.15; rv:94.0) Gecko/20100101 Firefox/94.0"
163.215.6.1 - - [18/Nov/2021:05:48:14 +0000] "GET / HTTP/2.0" 200 6293 "-" "Mozilla/5.0 (Macintosh; Intel Mac OS X 10.15; rv:94.0) Gecko/20100101 Firefox/94.0"
163.215.6.1 - - [18/Nov/2021:05:48:16 +0000] "GET /tech-report HTTP/2.0" 200 12148 "https://ja.tak-cslab.org/" "Mozilla/5.0 (Macintosh; Intel Mac OS X 10.15; rv:94.0) Gecko/20100101 Firefox/94.0"
163.215.6.1 - - [18/Nov/2021:05:48:18 +0000] "GET / HTTP/2.0" 200 6293 "https://ja.tak-cslab.org/tech-report" "Mozilla/5.0 (Macintosh; Intel Mac OS X 10.15; rv:94.0) Gecko/20100101 Firefox/94.0"
163.215.6.1 - - [18/Nov/2021:05:48:19 +0000] "GET /access HTTP/2.0" 200 6167 "https://ja.tak-cslab.org/" "Mozilla/5.0 (Macintosh; Intel Mac OS X 10.15; rv:94.0) Gecko/20100101 Firefox/94.0"
163.215.6.1 - - [18/Nov/2021:05:48:21 +0000] "GET /join-us HTTP/2.0" 200 5647 "https://ja.tak-cslab.org/access" "Mozilla/5.0 (Macintosh; Intel Mac OS X 10.15; rv:94.0) Gecko/20100101 Firefox/94.0"
163.215.6.1 - - [18/Nov/2021:05:48:22 +0000] "GET /topics/blog HTTP/2.0" 200 13004 "https://ja.tak-cslab.org/join-us" "Mozilla/5.0 (Macintosh; Intel Mac OS X 10.15; rv:94.0) Gecko/20100101 Firefox/94.0"
163.215.6.1 - - [18/Nov/2021:05:48:25 +0000] "GET /archives/1594 HTTP/2.0" 200 8766 "https://ja.tak-cslab.org/topics/blog" "Mozilla/5.0 (Macintosh; Intel Mac OS X 10.15; rv:94.0) Gecko/20100101 Firefox/94.0"
163.215.6.1 - - [18/Nov/2021:05:48:25 +0000] "GET /wp-content/uploads/2021/11/iOS-%E3%81%AE%E7%94%BB%E5%83%8F-2048x1536.jpg HTTP/2.0" 200 437934 "https://ja.tak-cslab.org/archives/1594" "Mozilla/5.0 (Macintosh; Intel Mac OS X 10.15; rv:94.0) Gecko/20100101 Firefox/94.0"
163.215.6.1 - - [18/Nov/2021:05:48:29 +0000] "GET /archives/1588 HTTP/2.0" 200 8232 "https://ja.tak-cslab.org/archives/1594" "Mozilla/5.0 (Macintosh; Intel Mac OS X 10.15; rv:94.0) Gecko/20100101 Firefox/94.0"
163.215.6.1 - - [18/Nov/2021:05:48:31 +0000] "GET / HTTP/2.0" 200 6293 "https://ja.tak-cslab.org/archives/1588" "Mozilla/5.0 (Macintosh; Intel Mac OS X 10.15; rv:94.0) Gecko/20100101 Firefox/94.0"
216.245.221.83 - - [18/Nov/2021:05:50:04 +0000] "HEAD / HTTP/1.1" 301 0 "http://ja.tak-cslab.org/" "Mozilla/5.0+(compatible; UptimeRobot/2.0; http://www.uptimerobot.com/)"
216.245.221.83 - - [18/Nov/2021:05:50:04 +0000] "HEAD / HTTP/1.1" 200 0 "http://ja.tak-cslab.org/" "Mozilla/5.0+(compatible; UptimeRobot/2.0; http://www.uptimerobot.com/)"
34.206.38.217 - - [18/Nov/2021:05:50:30 +0000] "GET /feed HTTP/1.1" 200 55867 "-" "Automate.io BOT"
210.255.55.171 - - [18/Nov/2021:05:51:35 +0000] "GET /archives/786 HTTP/2.0" 200 9362 "https://www.google.com/" "Mozilla/5.0 (Windows NT 10.0; Win64; x64) AppleWebKit/537.36 (KHTML, like Gecko) Chrome/95.0.4638.69 Safari/537.36"
210.255.55.171 - - [18/Nov/2021:05:51:35 +0000] "GET /wp-content/themes/cdsl/style.css?ver=1.3.1 HTTP/2.0" 200 272 "https://ja.tak-cslab.org/archives/786" "Mozilla/5.0 (Windows NT 10.0; Win64; x64) AppleWebKit/537.36 (KHTML, like Gecko) Chrome/95.0.4638.69 Safari/537.36"
210.255.55.171 - - [18/Nov/2021:05:51:35 +0000] "GET /wp-content/themes/scaffold/assets/js/navigation.js?ver=1.3.1 HTTP/2.0" 200 1266 "https://ja.tak-cslab.org/archives/786" "Mozilla/5.0 (Windows NT 10.0; Win64; x64) AppleWebKit/537.36 (KHTML, like Gecko) Chrome/95.0.4638.69 Safari/537.36"
210.255.55.171 - - [18/Nov/2021:05:51:35 +0000] "GET /wp-includes/js/comment-reply.min.js?ver=5.8.2 HTTP/2.0" 200 1390 "https://ja.tak-cslab.org/archives/786" "Mozilla/5.0 (Windows NT 10.0; Win64; x64) AppleWebKit/537.36 (KHTML, like Gecko) Chrome/95.0.4638.69 Safari/537.36"
210.255.55.171 - - [18/Nov/2021:05:51:35 +0000] "GET /wp-content/themes/scaffold/style.css?ver=5.8.2 HTTP/2.0" 200 5846 "https://ja.tak-cslab.org/archives/786" "Mozilla/5.0 (Windows NT 10.0; Win64; x64) AppleWebKit/537.36 (KHTML, like Gecko) Chrome/95.0.4638.69 Safari/537.36"
210.255.55.171 - - [18/Nov/2021:05:51:35 +0000] "GET /wp-includes/js/wp-embed.min.js?ver=5.8.2 HTTP/2.0" 200 779 "https://ja.tak-cslab.org/archives/786" "Mozilla/5.0 (Windows NT 10.0; Win64; x64) AppleWebKit/537.36 (KHTML, like Gecko) Chrome/95.0.4638.69 Safari/537.36"
210.255.55.171 - - [18/Nov/2021:05:51:35 +0000] "GET /wp-includes/css/dist/block-library/style.min.css?ver=5.8.2 HTTP/2.0" 200 13704 "https://ja.tak-cslab.org/archives/786" "Mozilla/5.0 (Windows NT 10.0; Win64; x64) AppleWebKit/537.36 (KHTML, like Gecko) Chrome/95.0.4638.69 Safari/537.36"
210.255.55.171 - - [18/Nov/2021:05:51:35 +0000] "GET /wp-includes/js/wp-emoji-release.min.js?ver=5.8.2 HTTP/2.0" 200 5714 "https://ja.tak-cslab.org/archives/786" "Mozilla/5.0 (Windows NT 10.0; Win64; x64) AppleWebKit/537.36 (KHTML, like Gecko) Chrome/95.0.4638.69 Safari/537.36"
210.255.55.171 - - [18/Nov/2021:05:51:35 +0000] "GET /wp-content/plugins/native-lazyload/assets/images/placeholder.svg HTTP/2.0" 200 88 "https://ja.tak-cslab.org/archives/786" "Mozilla/5.0 (Windows NT 10.0; Win64; x64) AppleWebKit/537.36 (KHTML, like Gecko) Chrome/95.0.4638.69 Safari/537.36"
210.255.55.171 - - [18/Nov/2021:05:51:35 +0000] "GET /wp-content/uploads/2020/12/image-2.png HTTP/2.0" 200 16450 "https://ja.tak-cslab.org/archives/786" "Mozilla/5.0 (Windows NT 10.0; Win64; x64) AppleWebKit/537.36 (KHTML, like Gecko) Chrome/95.0.4638.69 Safari/537.36"
210.255.55.171 - - [18/Nov/2021:05:51:35 +0000] "GET /favicon.ico HTTP/2.0" 302 0 "https://ja.tak-cslab.org/archives/786" "Mozilla/5.0 (Windows NT 10.0; Win64; x64) AppleWebKit/537.36 (KHTML, like Gecko) Chrome/95.0.4638.69 Safari/537.36"
210.255.55.171 - - [18/Nov/2021:05:51:35 +0000] "GET /wp-includes/images/w-logo-blue-white-bg.png HTTP/2.0" 200 4119 "https://ja.tak-cslab.org/archives/786" "Mozilla/5.0 (Windows NT 10.0; Win64; x64) AppleWebKit/537.36 (KHTML, like Gecko) Chrome/95.0.4638.69 Safari/537.36"
153.153.209.109 - - [18/Nov/2021:05:53:06 +0000] "GET /archives/989 HTTP/2.0" 200 6960 "https://www.google.com/" "Mozilla/5.0 (iPhone; CPU iPhone OS 14_7 like Mac OS X) AppleWebKit/605.1.15 (KHTML, like Gecko) GSA/167.0.382489606 Mobile/15E148 Safari/604.1"
153.153.209.109 - - [18/Nov/2021:05:53:06 +0000] "GET /wp-includes/js/wp-emoji-release.min.js?ver=5.8.2 HTTP/2.0" 200 5714 "https://ja.tak-cslab.org/archives/989" "Mozilla/5.0 (iPhone; CPU iPhone OS 14_7 like Mac OS X) AppleWebKit/605.1.15 (KHTML, like Gecko) GSA/167.0.382489606 Mobile/15E148 Safari/604.1"
153.153.209.109 - - [18/Nov/2021:05:53:06 +0000] "GET /wp-content/themes/cdsl/style.css?ver=1.3.1 HTTP/2.0" 200 272 "https://ja.tak-cslab.org/archives/989" "Mozilla/5.0 (iPhone; CPU iPhone OS 14_7 like Mac OS X) AppleWebKit/605.1.15 (KHTML, like Gecko) GSA/167.0.382489606 Mobile/15E148 Safari/604.1"
153.153.209.109 - - [18/Nov/2021:05:53:06 +0000] "GET /wp-content/themes/scaffold/assets/js/navigation.js?ver=1.3.1 HTTP/2.0" 200 1266 "https://ja.tak-cslab.org/archives/989" "Mozilla/5.0 (iPhone; CPU iPhone OS 14_7 like Mac OS X) AppleWebKit/605.1.15 (KHTML, like Gecko) GSA/167.0.382489606 Mobile/15E148 Safari/604.1"
153.153.209.109 - - [18/Nov/2021:05:53:06 +0000] "GET /wp-includes/js/comment-reply.min.js?ver=5.8.2 HTTP/2.0" 200 1390 "https://ja.tak-cslab.org/archives/989" "Mozilla/5.0 (iPhone; CPU iPhone OS 14_7 like Mac OS X) AppleWebKit/605.1.15 (KHTML, like Gecko) GSA/167.0.382489606 Mobile/15E148 Safari/604.1"
153.153.209.109 - - [18/Nov/2021:05:53:06 +0000] "GET /wp-includes/js/wp-embed.min.js?ver=5.8.2 HTTP/2.0" 200 779 "https://ja.tak-cslab.org/archives/989" "Mozilla/5.0 (iPhone; CPU iPhone OS 14_7 like Mac OS X) AppleWebKit/605.1.15 (KHTML, like Gecko) GSA/167.0.382489606 Mobile/15E148 Safari/604.1"
153.153.209.109 - - [18/Nov/2021:05:53:06 +0000] "GET /wp-content/themes/scaffold/style.css?ver=5.8.2 HTTP/2.0" 200 5846 "https://ja.tak-cslab.org/archives/989" "Mozilla/5.0 (iPhone; CPU iPhone OS 14_7 like Mac OS X) AppleWebKit/605.1.15 (KHTML, like Gecko) GSA/167.0.382489606 Mobile/15E148 Safari/604.1"
153.153.209.109 - - [18/Nov/2021:05:53:06 +0000] "GET /wp-includes/css/dist/block-library/style.min.css?ver=5.8.2 HTTP/2.0" 200 13704 "https://ja.tak-cslab.org/archives/989" "Mozilla/5.0 (iPhone; CPU iPhone OS 14_7 like Mac OS X) AppleWebKit/605.1.15 (KHTML, like Gecko) GSA/167.0.382489606 Mobile/15E148 Safari/604.1"
153.153.209.109 - - [18/Nov/2021:05:53:06 +0000] "GET /wp-content/plugins/native-lazyload/assets/js/lazyload.js HTTP/2.0" 200 1085 "https://ja.tak-cslab.org/archives/989" "Mozilla/5.0 (iPhone; CPU iPhone OS 14_7 like Mac OS X) AppleWebKit/605.1.15 (KHTML, like Gecko) GSA/167.0.382489606 Mobile/15E148 Safari/604.1"
118.238.233.175 - - [18/Nov/2021:05:53:51 +0000] "GET /archives/1211 HTTP/2.0" 200 7502 "https://www.google.com/" "Mozilla/5.0 (Windows NT 10.0; Win64; x64) AppleWebKit/537.36 (KHTML, like Gecko) Chrome/94.0.4606.114 Safari/537.36"
118.238.233.175 - - [18/Nov/2021:05:53:51 +0000] "GET /wp-content/themes/cdsl/style.css?ver=1.3.1 HTTP/2.0" 200 272 "https://ja.tak-cslab.org/archives/1211" "Mozilla/5.0 (Windows NT 10.0; Win64; x64) AppleWebKit/537.36 (KHTML, like Gecko) Chrome/94.0.4606.114 Safari/537.36"
118.238.233.175 - - [18/Nov/2021:05:53:51 +0000] "GET /wp-includes/js/wp-embed.min.js?ver=5.8.2 HTTP/2.0" 200 779 "https://ja.tak-cslab.org/archives/1211" "Mozilla/5.0 (Windows NT 10.0; Win64; x64) AppleWebKit/537.36 (KHTML, like Gecko) Chrome/94.0.4606.114 Safari/537.36"
118.238.233.175 - - [18/Nov/2021:05:53:51 +0000] "GET /wp-content/themes/scaffold/assets/js/navigation.js?ver=1.3.1 HTTP/2.0" 200 1266 "https://ja.tak-cslab.org/archives/1211" "Mozilla/5.0 (Windows NT 10.0; Win64; x64) AppleWebKit/537.36 (KHTML, like Gecko) Chrome/94.0.4606.114 Safari/537.36"
118.238.233.175 - - [18/Nov/2021:05:53:51 +0000] "GET /wp-content/themes/scaffold/style.css?ver=5.8.2 HTTP/2.0" 200 5846 "https://ja.tak-cslab.org/archives/1211" "Mozilla/5.0 (Windows NT 10.0; Win64; x64) AppleWebKit/537.36 (KHTML, like Gecko) Chrome/94.0.4606.114 Safari/537.36"
118.238.233.175 - - [18/Nov/2021:05:53:51 +0000] "GET /wp-includes/css/dist/block-library/style.min.css?ver=5.8.2 HTTP/2.0" 200 13704 "https://ja.tak-cslab.org/archives/1211" "Mozilla/5.0 (Windows NT 10.0; Win64; x64) AppleWebKit/537.36 (KHTML, like Gecko) Chrome/94.0.4606.114 Safari/537.36"
118.238.233.175 - - [18/Nov/2021:05:53:51 +0000] "GET /wp-includes/js/wp-emoji-release.min.js?ver=5.8.2 HTTP/2.0" 200 5714 "https://ja.tak-cslab.org/archives/1211" "Mozilla/5.0 (Windows NT 10.0; Win64; x64) AppleWebKit/537.36 (KHTML, like Gecko) Chrome/94.0.4606.114 Safari/537.36"
118.238.233.175 - - [18/Nov/2021:05:53:51 +0000] "GET /favicon.ico HTTP/2.0" 302 0 "https://ja.tak-cslab.org/archives/1211" "Mozilla/5.0 (Windows NT 10.0; Win64; x64) AppleWebKit/537.36 (KHTML, like Gecko) Chrome/94.0.4606.114 Safari/537.36"
118.238.233.175 - - [18/Nov/2021:05:53:51 +0000] "GET /wp-includes/images/w-logo-blue-white-bg.png HTTP/2.0" 200 4119 "https://ja.tak-cslab.org/archives/1211" "Mozilla/5.0 (Windows NT 10.0; Win64; x64) AppleWebKit/537.36 (KHTML, like Gecko) Chrome/94.0.4606.114 Safari/537.36"
118.238.233.175 - - [18/Nov/2021:05:53:51 +0000] "GET /favicon.ico HTTP/2.0" 302 0 "-" "Mozilla/5.0 (Windows NT 10.0; Win64; x64) AppleWebKit/537.36 (KHTML, like Gecko) Chrome/94.0.4606.114 Safari/537.36"
118.238.233.175 - - [18/Nov/2021:05:53:51 +0000] "GET /wp-includes/images/w-logo-blue-white-bg.png HTTP/2.0" 200 4119 "-" "Mozilla/5.0 (Windows NT 10.0; Win64; x64) AppleWebKit/537.36 (KHTML, like Gecko) Chrome/94.0.4606.114 Safari/537.36"
118.238.233.175 - - [18/Nov/2021:05:53:51 +0000] "GET /favicon.ico HTTP/2.0" 302 0 "-" "Mozilla/5.0 (Windows NT 10.0; Win64; x64) AppleWebKit/537.36 (KHTML, like Gecko) Chrome/94.0.4606.114 Safari/537.36"
216.245.221.83 - - [18/Nov/2021:05:55:04 +0000] "HEAD / HTTP/1.1" 301 0 "http://ja.tak-cslab.org/" "Mozilla/5.0+(compatible; UptimeRobot/2.0; http://www.uptimerobot.com/)"
216.245.221.83 - - [18/Nov/2021:05:55:04 +0000] "HEAD / HTTP/1.1" 200 0 "http://ja.tak-cslab.org/" "Mozilla/5.0+(compatible; UptimeRobot/2.0; http://www.uptimerobot.com/)"
34.206.38.217 - - [18/Nov/2021:05:55:30 +0000] "GET /feed HTTP/1.1" 200 55861 "-" "Automate.io BOT"
216.245.221.83 - - [18/Nov/2021:06:00:04 +0000] "HEAD / HTTP/1.1" 301 0 "http://ja.tak-cslab.org/" "Mozilla/5.0+(compatible; UptimeRobot/2.0; http://www.uptimerobot.com/)"
216.245.221.83 - - [18/Nov/2021:06:00:04 +0000] "HEAD / HTTP/1.1" 200 0 "http://ja.tak-cslab.org/" "Mozilla/5.0+(compatible; UptimeRobot/2.0; http://www.uptimerobot.com/)"
163.215.6.1 - - [18/Nov/2021:06:00:32 +0000] "POST /wp-cron.php?doing_wp_cron=1637215231.8941180706024169921875 HTTP/1.1" 200 31 "https://ja.tak-cslab.org/wp-cron.php?doing_wp_cron=1637215231.8941180706024169921875" "WordPress/5.8.2; https://ja.tak-cslab.org"
34.206.38.217 - - [18/Nov/2021:06:00:32 +0000] "GET /feed HTTP/1.1" 200 55867 "-" "Automate.io BOT"
3.95.222.165 - - [18/Nov/2021:06:03:43 +0000] "HEAD /feed HTTP/2.0" 200 0 "-" "Slackbot 1.0 (+https://api.slack.com/robots)"
34.228.241.92 - - [18/Nov/2021:06:03:44 +0000] "GET /feed HTTP/1.1" 200 55860 "-" "Slackbot 1.0 (+https://api.slack.com/robots)"
54.198.120.58 - - [18/Nov/2021:06:03:46 +0000] "GET / HTTP/1.1" 200 6312 "-" "Slackbot 1.0 (+https://api.slack.com/robots)"
216.245.221.83 - - [18/Nov/2021:06:05:04 +0000] "HEAD / HTTP/1.1" 301 0 "http://ja.tak-cslab.org/" "Mozilla/5.0+(compatible; UptimeRobot/2.0; http://www.uptimerobot.com/)"
216.245.221.83 - - [18/Nov/2021:06:05:04 +0000] "HEAD / HTTP/1.1" 200 0 "http://ja.tak-cslab.org/" "Mozilla/5.0+(compatible; UptimeRobot/2.0; http://www.uptimerobot.com/)"
34.206.38.217 - - [18/Nov/2021:06:05:31 +0000] "GET /feed HTTP/1.1" 200 55867 "-" "Automate.io BOT"
216.245.221.83 - - [18/Nov/2021:06:10:04 +0000] "HEAD / HTTP/1.1" 301 0 "http://ja.tak-cslab.org/" "Mozilla/5.0+(compatible; UptimeRobot/2.0; http://www.uptimerobot.com/)"
216.245.221.83 - - [18/Nov/2021:06:10:04 +0000] "HEAD / HTTP/1.1" 200 0 "http://ja.tak-cslab.org/" "Mozilla/5.0+(compatible; UptimeRobot/2.0; http://www.uptimerobot.com/)"
66.249.79.159 - - [18/Nov/2021:06:10:24 +0000] "GET /robots.txt HTTP/1.1" 200 123 "-" "Mozilla/5.0 (compatible; Googlebot/2.1; +http://www.google.com/bot.html)"
66.249.79.159 - - [18/Nov/2021:06:10:24 +0000] "GET /archives/1594 HTTP/1.1" 200 8786 "-" "Mozilla/5.0 (compatible; Googlebot/2.1; +http://www.google.com/bot.html)"
34.206.38.217 - - [18/Nov/2021:06:10:32 +0000] "GET /feed HTTP/1.1" 200 55861 "-" "Automate.io BOT"
185.191.171.22 - - [18/Nov/2021:06:14:10 +0000] "GET /robots.txt HTTP/1.1" 200 123 "-" "Mozilla/5.0 (compatible; SemrushBot/7~bl; +http://www.semrush.com/bot.html)"
185.191.171.37 - - [18/Nov/2021:06:14:11 +0000] "GET /about/it-facility HTTP/1.1" 200 9024 "-" "Mozilla/5.0 (compatible; SemrushBot/7~bl; +http://www.semrush.com/bot.html)"
216.245.221.83 - - [18/Nov/2021:06:15:04 +0000] "HEAD / HTTP/1.1" 301 0 "http://ja.tak-cslab.org/" "Mozilla/5.0+(compatible; UptimeRobot/2.0; http://www.uptimerobot.com/)"
216.245.221.83 - - [18/Nov/2021:06:15:04 +0000] "HEAD / HTTP/1.1" 200 0 "http://ja.tak-cslab.org/" "Mozilla/5.0+(compatible; UptimeRobot/2.0; http://www.uptimerobot.com/)"
34.206.38.217 - - [18/Nov/2021:06:15:31 +0000] "GET /feed HTTP/1.1" 200 55860 "-" "Automate.io BOT"
192.99.15.29 - - [18/Nov/2021:06:17:10 +0000] "GET /robots.txt HTTP/1.1" 200 128 "-" "Mozilla/5.0 (compatible; MJ12bot/v1.4.8; http://mj12bot.com/)"
192.99.15.29 - - [18/Nov/2021:06:17:14 +0000] "GET /archives/723 HTTP/1.1" 200 8647 "-" "Mozilla/5.0 (compatible; MJ12bot/v1.4.8; http://mj12bot.com/)"
163.215.6.1 - - [18/Nov/2021:06:18:53 +0000] "POST /wp-cron.php?doing_wp_cron=1637216333.8296120166778564453125 HTTP/1.1" 200 31 "https://ja.tak-cslab.org/wp-cron.php?doing_wp_cron=1637216333.8296120166778564453125" "WordPress/5.8.2; https://ja.tak-cslab.org"
106.73.74.225 - - [18/Nov/2021:06:18:54 +0000] "GET /archives/1588 HTTP/2.0" 200 8232 "-" "Mozilla/5.0 (iPhone; CPU iPhone OS 15_1 like Mac OS X) AppleWebKit/605.1.15 (KHTML, like Gecko) Version/15.1 Mobile/15E148 Safari/604.1"
106.73.74.225 - - [18/Nov/2021:06:18:54 +0000] "GET /wp-content/uploads/2021/11/iOS-%E3%81%AE%E7%94%BB%E5%83%8F-1-1040x1387.jpg HTTP/2.0" 304 0 "https://ja.tak-cslab.org/archives/1588" "Mozilla/5.0 (iPhone; CPU iPhone OS 15_1 like Mac OS X) AppleWebKit/605.1.15 (KHTML, like Gecko) Version/15.1 Mobile/15E148 Safari/604.1"
106.73.74.225 - - [18/Nov/2021:06:18:54 +0000] "GET /wp-content/uploads/2021/11/iOS-%E3%81%AE%E7%94%BB%E5%83%8F-2-1040x1387.jpg HTTP/2.0" 304 0 "https://ja.tak-cslab.org/archives/1588" "Mozilla/5.0 (iPhone; CPU iPhone OS 15_1 like Mac OS X) AppleWebKit/605.1.15 (KHTML, like Gecko) Version/15.1 Mobile/15E148 Safari/604.1"
106.73.74.225 - - [18/Nov/2021:06:18:54 +0000] "GET /wp-content/uploads/2021/11/iOS-%E3%81%AE%E7%94%BB%E5%83%8F-2-scaled.jpg HTTP/2.0" 304 0 "https://ja.tak-cslab.org/archives/1588" "Mozilla/5.0 (iPhone; CPU iPhone OS 15_1 like Mac OS X) AppleWebKit/605.1.15 (KHTML, like Gecko) Version/15.1 Mobile/15E148 Safari/604.1"
106.73.74.225 - - [18/Nov/2021:06:18:54 +0000] "GET /wp-content/uploads/2021/11/iOS-%E3%81%AE%E7%94%BB%E5%83%8F-1-scaled.jpg HTTP/2.0" 304 0 "https://ja.tak-cslab.org/archives/1588" "Mozilla/5.0 (iPhone; CPU iPhone OS 15_1 like Mac OS X) AppleWebKit/605.1.15 (KHTML, like Gecko) Version/15.1 Mobile/15E148 Safari/604.1"
106.73.74.225 - - [18/Nov/2021:06:19:12 +0000] "GET /archives/1588 HTTP/2.0" 200 8232 "-" "Mozilla/5.0 (iPhone; CPU iPhone OS 15_1 like Mac OS X) AppleWebKit/605.1.15 (KHTML, like Gecko) Version/15.1 Mobile/15E148 Safari/604.1"
106.73.74.225 - - [18/Nov/2021:06:19:16 +0000] "GET /wp-content/uploads/2021/11/iOS-%E3%81%AE%E7%94%BB%E5%83%8F-4-1-1040x1387.jpg HTTP/2.0" 304 0 "https://ja.tak-cslab.org/archives/1588" "Mozilla/5.0 (iPhone; CPU iPhone OS 15_1 like Mac OS X) AppleWebKit/605.1.15 (KHTML, like Gecko) Version/15.1 Mobile/15E148 Safari/604.1"
106.73.74.225 - - [18/Nov/2021:06:19:16 +0000] "GET /wp-content/uploads/2021/11/4802D652-BD0F-4516-9091-6ECBE0F6189F_1_105_c.jpg HTTP/2.0" 304 0 "https://ja.tak-cslab.org/archives/1588" "Mozilla/5.0 (iPhone; CPU iPhone OS 15_1 like Mac OS X) AppleWebKit/605.1.15 (KHTML, like Gecko) Version/15.1 Mobile/15E148 Safari/604.1"
106.73.74.225 - - [18/Nov/2021:06:19:16 +0000] "GET /wp-content/uploads/2021/11/iOS-%E3%81%AE%E7%94%BB%E5%83%8F-4-1-scaled.jpg HTTP/2.0" 304 0 "https://ja.tak-cslab.org/archives/1588" "Mozilla/5.0 (iPhone; CPU iPhone OS 15_1 like Mac OS X) AppleWebKit/605.1.15 (KHTML, like Gecko) Version/15.1 Mobile/15E148 Safari/604.1"
106.73.74.225 - - [18/Nov/2021:06:19:17 +0000] "GET /wp-content/uploads/2021/11/iOS-%E3%81%AE%E7%94%BB%E5%83%8F-3-1040x1387.jpg HTTP/2.0" 304 0 "https://ja.tak-cslab.org/archives/1588" "Mozilla/5.0 (iPhone; CPU iPhone OS 15_1 like Mac OS X) AppleWebKit/605.1.15 (KHTML, like Gecko) Version/15.1 Mobile/15E148 Safari/604.1"
106.73.74.225 - - [18/Nov/2021:06:19:17 +0000] "GET /wp-content/uploads/2021/11/iOS-%E3%81%AE%E7%94%BB%E5%83%8F-3-scaled.jpg HTTP/2.0" 304 0 "https://ja.tak-cslab.org/archives/1588" "Mozilla/5.0 (iPhone; CPU iPhone OS 15_1 like Mac OS X) AppleWebKit/605.1.15 (KHTML, like Gecko) Version/15.1 Mobile/15E148 Safari/604.1"
106.73.74.225 - - [18/Nov/2021:06:19:27 +0000] "GET /wp-content/uploads/2021/11/515378A5-9FB4-4B74-8272-B46A64FAD39A_1_105_c-3.jpg HTTP/2.0" 304 0 "https://ja.tak-cslab.org/archives/1588" "Mozilla/5.0 (iPhone; CPU iPhone OS 15_1 like Mac OS X) AppleWebKit/605.1.15 (KHTML, like Gecko) Version/15.1 Mobile/15E148 Safari/604.1"
106.73.74.225 - - [18/Nov/2021:06:19:27 +0000] "GET /wp-content/uploads/2021/11/23F6560F-D84B-410B-B029-72B21416F7F4_1_105_c-5.jpg HTTP/2.0" 304 0 "https://ja.tak-cslab.org/archives/1588" "Mozilla/5.0 (iPhone; CPU iPhone OS 15_1 like Mac OS X) AppleWebKit/605.1.15 (KHTML, like Gecko) Version/15.1 Mobile/15E148 Safari/604.1"
216.245.221.83 - - [18/Nov/2021:06:20:04 +0000] "HEAD / HTTP/1.1" 301 0 "http://ja.tak-cslab.org/" "Mozilla/5.0+(compatible; UptimeRobot/2.0; http://www.uptimerobot.com/)"
216.245.221.83 - - [18/Nov/2021:06:20:04 +0000] "HEAD / HTTP/1.1" 200 0 "http://ja.tak-cslab.org/" "Mozilla/5.0+(compatible; UptimeRobot/2.0; http://www.uptimerobot.com/)"
106.73.74.225 - - [18/Nov/2021:06:20:28 +0000] "GET /archives/1647 HTTP/2.0" 200 6380 "-" "Mozilla/5.0 (iPhone; CPU iPhone OS 15_1 like Mac OS X) AppleWebKit/605.1.15 (KHTML, like Gecko) Version/15.1 Mobile/15E148 Safari/604.1"
34.206.38.217 - - [18/Nov/2021:06:20:32 +0000] "GET /feed HTTP/1.1" 200 55867 "-" "Automate.io BOT"
106.73.74.225 - - [18/Nov/2021:06:20:46 +0000] "GET /10gin_cds1?redirect_to=https%3A%2F%2Fja.tak-cslab.org%2Farchives%2F1647 HTTP/2.0" 200 4531 "https://ja.tak-cslab.org/archives/1647" "Mozilla/5.0 (iPhone; CPU iPhone OS 15_1 like Mac OS X) AppleWebKit/605.1.15 (KHTML, like Gecko) Version/15.1 Mobile/15E148 Safari/604.1"
106.73.74.225 - - [18/Nov/2021:06:20:48 +0000] "GET /10gin_cds1?state=deabaf052d%257Chttps%253A%252F%252Fja.tak-cslab.org%252Farchives%252F1647&code=4%2F0AX4XfWjXTwmI8d_VZXNoexksRG5NfcojA2AKpmNbv0usQDOP7u2ESH2TgXp0nEo_8mUTuw&scope=email+profile+https%3A%2F%2Fwww.googleapis.com%2Fauth%2Fuserinfo.email+https%3A%2F%2Fwww.googleapis.com%2Fauth%2Fuserinfo.profile+openid&authuser=0&hd=edu.teu.ac.jp&prompt=none HTTP/2.0" 302 0 "https://ja.tak-cslab.org/" "Mozilla/5.0 (iPhone; CPU iPhone OS 15_1 like Mac OS X) AppleWebKit/605.1.15 (KHTML, like Gecko) Version/15.1 Mobile/15E148 Safari/604.1"
106.73.74.225 - - [18/Nov/2021:06:20:48 +0000] "GET /archives/1647 HTTP/2.0" 200 8844 "https://ja.tak-cslab.org/" "Mozilla/5.0 (iPhone; CPU iPhone OS 15_1 like Mac OS X) AppleWebKit/605.1.15 (KHTML, like Gecko) Version/15.1 Mobile/15E148 Safari/604.1"
106.73.74.225 - - [18/Nov/2021:06:20:57 +0000] "GET /wp-admin/profile.php HTTP/2.0" 200 17026 "https://ja.tak-cslab.org/archives/1647" "Mozilla/5.0 (iPhone; CPU iPhone OS 15_1 like Mac OS X) AppleWebKit/605.1.15 (KHTML, like Gecko) Version/15.1 Mobile/15E148 Safari/604.1"
106.73.74.225 - - [18/Nov/2021:06:20:57 +0000] "GET /wp-admin/load-scripts.php?c=0&load%5Bchunk_0%5D=jquery-core,jquery-migrate,utils,zxcvbn-async&ver=5.8.2 HTTP/2.0" 200 40951 "https://ja.tak-cslab.org/wp-admin/profile.php" "Mozilla/5.0 (iPhone; CPU iPhone OS 15_1 like Mac OS X) AppleWebKit/605.1.15 (KHTML, like Gecko) Version/15.1 Mobile/15E148 Safari/604.1"
106.73.74.225 - - [18/Nov/2021:06:20:57 +0000] "GET /wp-admin/js/application-passwords.min.js?ver=5.8.2 HTTP/2.0" 200 1169 "https://ja.tak-cslab.org/wp-admin/profile.php" "Mozilla/5.0 (iPhone; CPU iPhone OS 15_1 like Mac OS X) AppleWebKit/605.1.15 (KHTML, like Gecko) Version/15.1 Mobile/15E148 Safari/604.1"
106.73.74.225 - - [18/Nov/2021:06:21:10 +0000] "GET /wp-admin/edit.php HTTP/2.0" 200 26789 "https://ja.tak-cslab.org/wp-admin/profile.php" "Mozilla/5.0 (iPhone; CPU iPhone OS 15_1 like Mac OS X) AppleWebKit/605.1.15 (KHTML, like Gecko) Version/15.1 Mobile/15E148 Safari/604.1"
106.73.74.225 - - [18/Nov/2021:06:21:10 +0000] "POST /wp-admin/admin-ajax.php HTTP/2.0" 200 67 "https://ja.tak-cslab.org/wp-admin/edit.php" "Mozilla/5.0 (iPhone; CPU iPhone OS 15_1 like Mac OS X) AppleWebKit/605.1.15 (KHTML, like Gecko) Version/15.1 Mobile/15E148 Safari/604.1"
106.73.74.225 - - [18/Nov/2021:06:21:15 +0000] "GET /archives/1647 HTTP/2.0" 200 8844 "https://ja.tak-cslab.org/wp-admin/edit.php" "Mozilla/5.0 (iPhone; CPU iPhone OS 15_1 like Mac OS X) AppleWebKit/605.1.15 (KHTML, like Gecko) Version/15.1 Mobile/15E148 Safari/604.1"
40.77.167.30 - - [18/Nov/2021:06:21:20 +0000] "GET /archives/date/2020/06 HTTP/2.0" 200 6663 "-" "Mozilla/5.0 (compatible; bingbot/2.0; +http://www.bing.com/bingbot.htm)"
106.73.74.225 - - [18/Nov/2021:06:21:25 +0000] "POST /wp-admin/admin-ajax.php HTTP/2.0" 200 67 "https://ja.tak-cslab.org/wp-admin/edit.php" "Mozilla/5.0 (iPhone; CPU iPhone OS 15_1 like Mac OS X) AppleWebKit/605.1.15 (KHTML, like Gecko) Version/15.1 Mobile/15E148 Safari/604.1"
106.73.74.225 - - [18/Nov/2021:06:21:35 +0000] "GET /archives/1588 HTTP/2.0" 200 10778 "-" "Mozilla/5.0 (iPhone; CPU iPhone OS 15_1 like Mac OS X) AppleWebKit/605.1.15 (KHTML, like Gecko) Version/15.1 Mobile/15E148 Safari/604.1"
106.73.74.225 - - [18/Nov/2021:06:21:40 +0000] "POST /wp-admin/admin-ajax.php HTTP/2.0" 200 67 "https://ja.tak-cslab.org/wp-admin/edit.php" "Mozilla/5.0 (iPhone; CPU iPhone OS 15_1 like Mac OS X) AppleWebKit/605.1.15 (KHTML, like Gecko) Version/15.1 Mobile/15E148 Safari/604.1"
34.230.22.164 - - [18/Nov/2021:06:23:44 +0000] "HEAD /feed HTTP/2.0" 200 0 "-" "Slackbot 1.0 (+https://api.slack.com/robots)"
18.206.172.9 - - [18/Nov/2021:06:23:45 +0000] "GET /feed HTTP/1.1" 200 55867 "-" "Slackbot 1.0 (+https://api.slack.com/robots)"
54.88.174.64 - - [18/Nov/2021:06:23:46 +0000] "GET / HTTP/1.1" 200 6312 "-" "Slackbot 1.0 (+https://api.slack.com/robots)"
159.28.72.236 - - [18/Nov/2021:06:24:29 +0000] "GET /archives/1064 HTTP/2.0" 200 8921 "https://www.google.com/" "Mozilla/5.0 (Windows NT 10.0; Win64; x64) AppleWebKit/537.36 (KHTML, like Gecko) Chrome/95.0.4638.69 Safari/537.36"
159.28.72.236 - - [18/Nov/2021:06:24:29 +0000] "GET /wp-content/themes/cdsl/style.css?ver=1.3.1 HTTP/2.0" 200 272 "https://ja.tak-cslab.org/archives/1064" "Mozilla/5.0 (Windows NT 10.0; Win64; x64) AppleWebKit/537.36 (KHTML, like Gecko) Chrome/95.0.4638.69 Safari/537.36"
159.28.72.236 - - [18/Nov/2021:06:24:29 +0000] "GET /wp-content/themes/scaffold/assets/js/navigation.js?ver=1.3.1 HTTP/2.0" 200 1266 "https://ja.tak-cslab.org/archives/1064" "Mozilla/5.0 (Windows NT 10.0; Win64; x64) AppleWebKit/537.36 (KHTML, like Gecko) Chrome/95.0.4638.69 Safari/537.36"
159.28.72.236 - - [18/Nov/2021:06:24:29 +0000] "GET /wp-includes/js/comment-reply.min.js?ver=5.8.2 HTTP/2.0" 200 1390 "https://ja.tak-cslab.org/archives/1064" "Mozilla/5.0 (Windows NT 10.0; Win64; x64) AppleWebKit/537.36 (KHTML, like Gecko) Chrome/95.0.4638.69 Safari/537.36"
159.28.72.236 - - [18/Nov/2021:06:24:29 +0000] "GET /wp-includes/js/wp-embed.min.js?ver=5.8.2 HTTP/2.0" 200 779 "https://ja.tak-cslab.org/archives/1064" "Mozilla/5.0 (Windows NT 10.0; Win64; x64) AppleWebKit/537.36 (KHTML, like Gecko) Chrome/95.0.4638.69 Safari/537.36"
159.28.72.236 - - [18/Nov/2021:06:24:29 +0000] "GET /wp-includes/css/dist/block-library/style.min.css?ver=5.8.2 HTTP/2.0" 200 13704 "https://ja.tak-cslab.org/archives/1064" "Mozilla/5.0 (Windows NT 10.0; Win64; x64) AppleWebKit/537.36 (KHTML, like Gecko) Chrome/95.0.4638.69 Safari/537.36"
159.28.72.236 - - [18/Nov/2021:06:24:29 +0000] "GET /wp-content/themes/scaffold/style.css?ver=5.8.2 HTTP/2.0" 200 5846 "https://ja.tak-cslab.org/archives/1064" "Mozilla/5.0 (Windows NT 10.0; Win64; x64) AppleWebKit/537.36 (KHTML, like Gecko) Chrome/95.0.4638.69 Safari/537.36"
159.28.72.236 - - [18/Nov/2021:06:24:29 +0000] "GET /wp-includes/js/wp-emoji-release.min.js?ver=5.8.2 HTTP/2.0" 200 5714 "https://ja.tak-cslab.org/archives/1064" "Mozilla/5.0 (Windows NT 10.0; Win64; x64) AppleWebKit/537.36 (KHTML, like Gecko) Chrome/95.0.4638.69 Safari/537.36"
159.28.72.236 - - [18/Nov/2021:06:24:29 +0000] "GET /wp-content/plugins/native-lazyload/assets/images/placeholder.svg HTTP/2.0" 200 88 "https://ja.tak-cslab.org/archives/1064" "Mozilla/5.0 (Windows NT 10.0; Win64; x64) AppleWebKit/537.36 (KHTML, like Gecko) Chrome/95.0.4638.69 Safari/537.36"
159.28.72.236 - - [18/Nov/2021:06:24:29 +0000] "GET /wp-content/uploads/2021/04/CDSL-System-Architecture2.png HTTP/2.0" 200 59389 "https://ja.tak-cslab.org/archives/1064" "Mozilla/5.0 (Windows NT 10.0; Win64; x64) AppleWebKit/537.36 (KHTML, like Gecko) Chrome/95.0.4638.69 Safari/537.36"
159.28.72.236 - - [18/Nov/2021:06:24:29 +0000] "GET /wp-content/uploads/2021/04/CDSL-System-Architecture1.png HTTP/2.0" 200 89919 "https://ja.tak-cslab.org/archives/1064" "Mozilla/5.0 (Windows NT 10.0; Win64; x64) AppleWebKit/537.36 (KHTML, like Gecko) Chrome/95.0.4638.69 Safari/537.36"
159.28.72.236 - - [18/Nov/2021:06:24:29 +0000] "GET /wp-content/uploads/2021/04/CDSL-System-Architecture3.png HTTP/2.0" 200 70474 "https://ja.tak-cslab.org/archives/1064" "Mozilla/5.0 (Windows NT 10.0; Win64; x64) AppleWebKit/537.36 (KHTML, like Gecko) Chrome/95.0.4638.69 Safari/537.36"
159.28.72.236 - - [18/Nov/2021:06:24:29 +0000] "GET /favicon.ico HTTP/2.0" 302 0 "https://ja.tak-cslab.org/archives/1064" "Mozilla/5.0 (Windows NT 10.0; Win64; x64) AppleWebKit/537.36 (KHTML, like Gecko) Chrome/95.0.4638.69 Safari/537.36"
159.28.72.236 - - [18/Nov/2021:06:24:29 +0000] "GET /wp-includes/images/w-logo-blue-white-bg.png HTTP/2.0" 200 4119 "https://ja.tak-cslab.org/archives/1064" "Mozilla/5.0 (Windows NT 10.0; Win64; x64) AppleWebKit/537.36 (KHTML, like Gecko) Chrome/95.0.4638.69 Safari/537.36"
159.28.72.236 - - [18/Nov/2021:06:24:32 +0000] "GET /wp-content/uploads/2021/04/CDSL-System-Architecture1-1.png HTTP/2.0" 200 89919 "https://ja.tak-cslab.org/archives/1064" "Mozilla/5.0 (Windows NT 10.0; Win64; x64) AppleWebKit/537.36 (KHTML, like Gecko) Chrome/95.0.4638.69 Safari/537.36"
159.28.72.236 - - [18/Nov/2021:06:24:36 +0000] "GET /wp-content/uploads/2021/04/CDSL-System-Architecture4.png HTTP/2.0" 200 57036 "https://ja.tak-cslab.org/archives/1064" "Mozilla/5.0 (Windows NT 10.0; Win64; x64) AppleWebKit/537.36 (KHTML, like Gecko) Chrome/95.0.4638.69 Safari/537.36"
159.28.72.236 - - [18/Nov/2021:06:24:37 +0000] "GET /wp-content/uploads/2020/01/elk-arch.png HTTP/2.0" 200 70256 "https://ja.tak-cslab.org/archives/1064" "Mozilla/5.0 (Windows NT 10.0; Win64; x64) AppleWebKit/537.36 (KHTML, like Gecko) Chrome/95.0.4638.69 Safari/537.36"
159.28.72.236 - - [18/Nov/2021:06:24:38 +0000] "GET /wp-content/uploads/2021/04/CDSL-System-Architecture6.png HTTP/2.0" 200 70835 "https://ja.tak-cslab.org/archives/1064" "Mozilla/5.0 (Windows NT 10.0; Win64; x64) AppleWebKit/537.36 (KHTML, like Gecko) Chrome/95.0.4638.69 Safari/537.36"
159.28.72.236 - - [18/Nov/2021:06:24:38 +0000] "GET /wp-content/uploads/2021/04/CDSL-System-Architecture7.png HTTP/2.0" 200 89237 "https://ja.tak-cslab.org/archives/1064" "Mozilla/5.0 (Windows NT 10.0; Win64; x64) AppleWebKit/537.36 (KHTML, like Gecko) Chrome/95.0.4638.69 Safari/537.36"
159.28.72.236 - - [18/Nov/2021:06:24:39 +0000] "GET /wp-content/uploads/2021/04/CDSL-System-Architecture8.png HTTP/2.0" 200 147410 "https://ja.tak-cslab.org/archives/1064" "Mozilla/5.0 (Windows NT 10.0; Win64; x64) AppleWebKit/537.36 (KHTML, like Gecko) Chrome/95.0.4638.69 Safari/537.36"
216.245.221.83 - - [18/Nov/2021:06:25:04 +0000] "HEAD / HTTP/1.1" 301 0 "http://ja.tak-cslab.org/" "Mozilla/5.0+(compatible; UptimeRobot/2.0; http://www.uptimerobot.com/)"
216.245.221.83 - - [18/Nov/2021:06:25:04 +0000] "HEAD / HTTP/1.1" 200 0 "http://ja.tak-cslab.org/" "Mozilla/5.0+(compatible; UptimeRobot/2.0; http://www.uptimerobot.com/)"
34.206.38.217 - - [18/Nov/2021:06:25:31 +0000] "GET /feed HTTP/1.1" 200 55867 "-" "Automate.io BOT"
35.72.35.33 - - [18/Nov/2021:06:28:45 +0000] "GET /favicon.ico HTTP/1.1" 302 5 "-" "Slack-ImgProxy (+https://api.slack.com/robots)"
3.112.37.7 - - [18/Nov/2021:06:28:45 +0000] "GET /wp-includes/images/w-logo-blue-white-bg.png HTTP/1.1" 200 4119 "-" "Slack-ImgProxy (+https://api.slack.com/robots)"
216.245.221.83 - - [18/Nov/2021:06:30:04 +0000] "HEAD / HTTP/1.1" 301 0 "http://ja.tak-cslab.org/" "Mozilla/5.0+(compatible; UptimeRobot/2.0; http://www.uptimerobot.com/)"
216.245.221.83 - - [18/Nov/2021:06:30:04 +0000] "HEAD / HTTP/1.1" 200 0 "http://ja.tak-cslab.org/" "Mozilla/5.0+(compatible; UptimeRobot/2.0; http://www.uptimerobot.com/)"
34.206.38.217 - - [18/Nov/2021:06:30:31 +0000] "GET /feed HTTP/1.1" 200 55867 "-" "Automate.io BOT"
216.245.221.83 - - [18/Nov/2021:06:35:04 +0000] "HEAD / HTTP/1.1" 301 0 "http://ja.tak-cslab.org/" "Mozilla/5.0+(compatible; UptimeRobot/2.0; http://www.uptimerobot.com/)"
216.245.221.83 - - [18/Nov/2021:06:35:04 +0000] "HEAD / HTTP/1.1" 200 0 "http://ja.tak-cslab.org/" "Mozilla/5.0+(compatible; UptimeRobot/2.0; http://www.uptimerobot.com/)"
34.206.38.217 - - [18/Nov/2021:06:35:33 +0000] "GET /feed HTTP/1.1" 200 55867 "-" "Automate.io BOT"
216.245.221.83 - - [18/Nov/2021:06:40:04 +0000] "HEAD / HTTP/1.1" 301 0 "http://ja.tak-cslab.org/" "Mozilla/5.0+(compatible; UptimeRobot/2.0; http://www.uptimerobot.com/)"
216.245.221.83 - - [18/Nov/2021:06:40:04 +0000] "HEAD / HTTP/1.1" 200 0 "http://ja.tak-cslab.org/" "Mozilla/5.0+(compatible; UptimeRobot/2.0; http://www.uptimerobot.com/)"
163.135.251.72 - - [18/Nov/2021:06:40:11 +0000] "GET /wp-content/uploads/2021/01/IMG_3379.jpg HTTP/2.0" 200 297859 "https://www.google.com/" "Mozilla/5.0 (Windows NT 10.0; Win64; x64) AppleWebKit/537.36 (KHTML, like Gecko) Chrome/96.0.4664.45 Safari/537.36"
34.206.38.217 - - [18/Nov/2021:06:40:34 +0000] "GET /feed HTTP/1.1" 200 55867 "-" "Automate.io BOT"
3.238.73.240 - - [18/Nov/2021:06:43:42 +0000] "HEAD /feed HTTP/2.0" 200 0 "-" "Slackbot 1.0 (+https://api.slack.com/robots)"
18.233.99.84 - - [18/Nov/2021:06:43:43 +0000] "GET /feed HTTP/1.1" 200 55867 "-" "Slackbot 1.0 (+https://api.slack.com/robots)"
34.204.108.15 - - [18/Nov/2021:06:43:44 +0000] "GET / HTTP/1.1" 200 6312 "-" "Slackbot 1.0 (+https://api.slack.com/robots)"
216.245.221.83 - - [18/Nov/2021:06:45:04 +0000] "HEAD / HTTP/1.1" 301 0 "http://ja.tak-cslab.org/" "Mozilla/5.0+(compatible; UptimeRobot/2.0; http://www.uptimerobot.com/)"
216.245.221.83 - - [18/Nov/2021:06:45:04 +0000] "HEAD / HTTP/1.1" 200 0 "http://ja.tak-cslab.org/" "Mozilla/5.0+(compatible; UptimeRobot/2.0; http://www.uptimerobot.com/)"
34.206.38.217 - - [18/Nov/2021:06:45:34 +0000] "GET /feed HTTP/1.1" 200 55860 "-" "Automate.io BOT"
216.245.221.83 - - [18/Nov/2021:06:50:04 +0000] "HEAD / HTTP/1.1" 301 0 "http://ja.tak-cslab.org/" "Mozilla/5.0+(compatible; UptimeRobot/2.0; http://www.uptimerobot.com/)"
216.245.221.83 - - [18/Nov/2021:06:50:04 +0000] "HEAD / HTTP/1.1" 200 0 "http://ja.tak-cslab.org/" "Mozilla/5.0+(compatible; UptimeRobot/2.0; http://www.uptimerobot.com/)"
34.206.38.217 - - [18/Nov/2021:06:50:34 +0000] "GET /feed HTTP/1.1" 200 55867 "-" "Automate.io BOT"
216.245.221.83 - - [18/Nov/2021:06:55:04 +0000] "HEAD / HTTP/1.1" 301 0 "http://ja.tak-cslab.org/" "Mozilla/5.0+(compatible; UptimeRobot/2.0; http://www.uptimerobot.com/)"
216.245.221.83 - - [18/Nov/2021:06:55:04 +0000] "HEAD / HTTP/1.1" 200 0 "http://ja.tak-cslab.org/" "Mozilla/5.0+(compatible; UptimeRobot/2.0; http://www.uptimerobot.com/)"
66.249.79.158 - - [18/Nov/2021:06:55:24 +0000] "GET /archives/1503 HTTP/1.1" 200 7191 "-" "Mozilla/5.0 (compatible; Googlebot/2.1; +http://www.google.com/bot.html)"
34.206.38.217 - - [18/Nov/2021:06:55:34 +0000] "GET /feed HTTP/1.1" 200 55867 "-" "Automate.io BOT"
157.55.39.102 - - [18/Nov/2021:06:57:01 +0000] "GET /wp-content/uploads/2020/04/%E3%82%B3%E3%83%A1%E3%83%B3%E3%83%88-2020-04-28-113504-768x378.jpg HTTP/2.0" 200 37104 "-" "Mozilla/5.0 (compatible; bingbot/2.0; +http://www.bing.com/bingbot.htm)"
216.245.221.83 - - [18/Nov/2021:07:00:04 +0000] "HEAD / HTTP/1.1" 301 0 "http://ja.tak-cslab.org/" "Mozilla/5.0+(compatible; UptimeRobot/2.0; http://www.uptimerobot.com/)"
216.245.221.83 - - [18/Nov/2021:07:00:04 +0000] "HEAD / HTTP/1.1" 200 0 "http://ja.tak-cslab.org/" "Mozilla/5.0+(compatible; UptimeRobot/2.0; http://www.uptimerobot.com/)"
163.215.6.1 - - [18/Nov/2021:07:00:34 +0000] "POST /wp-cron.php?doing_wp_cron=1637218834.6378428936004638671875 HTTP/1.1" 200 31 "https://ja.tak-cslab.org/wp-cron.php?doing_wp_cron=1637218834.6378428936004638671875" "WordPress/5.8.2; https://ja.tak-cslab.org"
34.206.38.217 - - [18/Nov/2021:07:00:34 +0000] "GET /feed HTTP/1.1" 200 55861 "-" "Automate.io BOT"
185.191.171.1 - - [18/Nov/2021:07:03:12 +0000] "GET /archives/650 HTTP/1.1" 200 6673 "-" "Mozilla/5.0 (compatible; SemrushBot/7~bl; +http://www.semrush.com/bot.html)"
35.173.224.189 - - [18/Nov/2021:07:03:45 +0000] "HEAD /feed HTTP/2.0" 200 0 "-" "Slackbot 1.0 (+https://api.slack.com/robots)"
34.224.18.72 - - [18/Nov/2021:07:03:46 +0000] "GET /feed HTTP/1.1" 200 55868 "-" "Slackbot 1.0 (+https://api.slack.com/robots)"
34.207.176.13 - - [18/Nov/2021:07:03:48 +0000] "GET / HTTP/1.1" 200 6313 "-" "Slackbot 1.0 (+https://api.slack.com/robots)"
216.245.221.83 - - [18/Nov/2021:07:05:04 +0000] "HEAD / HTTP/1.1" 301 0 "http://ja.tak-cslab.org/" "Mozilla/5.0+(compatible; UptimeRobot/2.0; http://www.uptimerobot.com/)"
216.245.221.83 - - [18/Nov/2021:07:05:04 +0000] "HEAD / HTTP/1.1" 200 0 "http://ja.tak-cslab.org/" "Mozilla/5.0+(compatible; UptimeRobot/2.0; http://www.uptimerobot.com/)"
34.206.38.217 - - [18/Nov/2021:07:05:34 +0000] "GET /feed HTTP/1.1" 200 55868 "-" "Automate.io BOT"
207.46.13.172 - - [18/Nov/2021:07:10:01 +0000] "GET /archives/author/takamasa-iijima HTTP/2.0" 200 6436 "-" "Mozilla/5.0 (compatible; bingbot/2.0; +http://www.bing.com/bingbot.htm)"
216.245.221.83 - - [18/Nov/2021:07:10:04 +0000] "HEAD / HTTP/1.1" 301 0 "http://ja.tak-cslab.org/" "Mozilla/5.0+(compatible; UptimeRobot/2.0; http://www.uptimerobot.com/)"
216.245.221.83 - - [18/Nov/2021:07:10:04 +0000] "HEAD / HTTP/1.1" 200 0 "http://ja.tak-cslab.org/" "Mozilla/5.0+(compatible; UptimeRobot/2.0; http://www.uptimerobot.com/)"
40.77.167.30 - - [18/Nov/2021:07:10:14 +0000] "GET /wp-content/themes/scaffold/assets/js/navigation.js?ver=1.3.1 HTTP/2.0" 200 1266 "-" "Mozilla/5.0 (compatible; bingbot/2.0; +http://www.bing.com/bingbot.htm)"
34.206.38.217 - - [18/Nov/2021:07:10:34 +0000] "GET /feed HTTP/1.1" 200 55868 "-" "Automate.io BOT"
49.98.146.21 - - [18/Nov/2021:07:12:13 +0000] "GET /tech-report HTTP/2.0" 200 12148 "https://www.google.com/" "Mozilla/5.0 (Linux; Android 11; SC-03L) AppleWebKit/537.36 (KHTML, like Gecko) Chrome/96.0.4664.45 Mobile Safari/537.36"
49.98.146.21 - - [18/Nov/2021:07:12:13 +0000] "GET /wp-content/themes/scaffold/style.css?ver=5.8.2 HTTP/2.0" 200 5846 "https://ja.tak-cslab.org/tech-report" "Mozilla/5.0 (Linux; Android 11; SC-03L) AppleWebKit/537.36 (KHTML, like Gecko) Chrome/96.0.4664.45 Mobile Safari/537.36"
49.98.146.21 - - [18/Nov/2021:07:12:13 +0000] "GET /wp-includes/css/dist/block-library/style.min.css?ver=5.8.2 HTTP/2.0" 200 13704 "https://ja.tak-cslab.org/tech-report" "Mozilla/5.0 (Linux; Android 11; SC-03L) AppleWebKit/537.36 (KHTML, like Gecko) Chrome/96.0.4664.45 Mobile Safari/537.36"
49.98.146.21 - - [18/Nov/2021:07:12:13 +0000] "GET /wp-includes/js/wp-embed.min.js?ver=5.8.2 HTTP/2.0" 200 779 "https://ja.tak-cslab.org/tech-report" "Mozilla/5.0 (Linux; Android 11; SC-03L) AppleWebKit/537.36 (KHTML, like Gecko) Chrome/96.0.4664.45 Mobile Safari/537.36"
49.98.146.21 - - [18/Nov/2021:07:12:13 +0000] "GET /wp-includes/js/wp-emoji-release.min.js?ver=5.8.2 HTTP/2.0" 200 5714 "https://ja.tak-cslab.org/tech-report" "Mozilla/5.0 (Linux; Android 11; SC-03L) AppleWebKit/537.36 (KHTML, like Gecko) Chrome/96.0.4664.45 Mobile Safari/537.36"
49.98.146.21 - - [18/Nov/2021:07:12:14 +0000] "GET /favicon.ico HTTP/2.0" 302 0 "https://ja.tak-cslab.org/tech-report" "Mozilla/5.0 (Linux; Android 11; SC-03L) AppleWebKit/537.36 (KHTML, like Gecko) Chrome/96.0.4664.45 Mobile Safari/537.36"
49.98.146.21 - - [18/Nov/2021:07:12:14 +0000] "GET /wp-includes/images/w-logo-blue-white-bg.png HTTP/2.0" 200 4119 "https://ja.tak-cslab.org/tech-report" "Mozilla/5.0 (Linux; Android 11; SC-03L) AppleWebKit/537.36 (KHTML, like Gecko) Chrome/96.0.4664.45 Mobile Safari/537.36"
119.245.226.121 - - [18/Nov/2021:07:12:40 +0000] "GET /wp-content/uploads/2021/06/%E3%82%B9%E3%82%AF%E3%83%AA%E3%83%BC%E3%83%B3%E3%82%B7%E3%83%A7%E3%83%83%E3%83%88-113-600x333.png HTTP/2.0" 200 131096 "https://www.bing.com/images/search?view=detailV2&ccid=IWjLoCrW&id=83EFA6A6ADB26411511014B927909CDCAD1AEBF8&thid=OIP.IWjLoCrWdg_5OE3OIfZGqQHaDE&mediaurl=https%3a%2f%2fmisoji-engineer.com%2fwp-content%2fuploads%2f2018%2f08%2fRS232C1-1-640x265.png&exph=265&expw=640&q=UART+%e9%85%8d%e7%b7%9a&simid=608004667335919048&FORM=IRPRST&ck=6410E1DDBEA3E52386E05D1180039A29&selectedIndex=10&mode=overlay" "Mozilla/5.0 (Windows NT 10.0; WOW64; Trident/7.0; Touch; rv:11.0) like Gecko"
49.96.237.201 - - [18/Nov/2021:07:13:27 +0000] "GET /tech-report HTTP/2.0" 200 12148 "https://www.google.com/" "Mozilla/5.0 (Linux; Android 11; SO-52B) AppleWebKit/537.36 (KHTML, like Gecko) Chrome/96.0.4664.45 Mobile Safari/537.36"
216.245.221.83 - - [18/Nov/2021:07:15:04 +0000] "HEAD / HTTP/1.1" 301 0 "http://ja.tak-cslab.org/" "Mozilla/5.0+(compatible; UptimeRobot/2.0; http://www.uptimerobot.com/)"
216.245.221.83 - - [18/Nov/2021:07:15:04 +0000] "HEAD / HTTP/1.1" 200 0 "http://ja.tak-cslab.org/" "Mozilla/5.0+(compatible; UptimeRobot/2.0; http://www.uptimerobot.com/)"
34.206.38.217 - - [18/Nov/2021:07:15:34 +0000] "GET /feed HTTP/1.1" 200 55867 "-" "Automate.io BOT"
216.245.221.83 - - [18/Nov/2021:07:20:04 +0000] "HEAD / HTTP/1.1" 301 0 "http://ja.tak-cslab.org/" "Mozilla/5.0+(compatible; UptimeRobot/2.0; http://www.uptimerobot.com/)"
163.215.6.1 - - [18/Nov/2021:07:20:04 +0000] "POST /wp-cron.php?doing_wp_cron=1637220004.8446860313415527343750 HTTP/1.1" 200 31 "https://ja.tak-cslab.org/wp-cron.php?doing_wp_cron=1637220004.8446860313415527343750" "WordPress/5.8.2; https://ja.tak-cslab.org"
216.245.221.83 - - [18/Nov/2021:07:20:04 +0000] "HEAD / HTTP/1.1" 200 0 "http://ja.tak-cslab.org/" "Mozilla/5.0+(compatible; UptimeRobot/2.0; http://www.uptimerobot.com/)"
34.206.38.217 - - [18/Nov/2021:07:20:34 +0000] "GET /feed HTTP/1.1" 200 55867 "-" "Automate.io BOT"
188.163.64.206 - - [18/Nov/2021:07:21:14 +0000] "GET /archives/460/ HTTP/1.0" 301 162 "http://ja.tak-cslab.org/archives/460/" "Mozilla/5.0 (Windows NT 6.1; ) AppleWebKit/537.36 (KHTML, like Gecko) Chrome/90.0.4430.72 Safari/537.36"
188.163.64.206 - - [18/Nov/2021:07:21:15 +0000] "GET /archives/460/ HTTP/1.0" 301 0 "https://ja.tak-cslab.org/archives/460/" "Mozilla/5.0 (Windows NT 6.1; ) AppleWebKit/537.36 (KHTML, like Gecko) Chrome/90.0.4430.72 Safari/537.36"
188.163.64.206 - - [18/Nov/2021:07:21:16 +0000] "GET /archives/460 HTTP/1.0" 200 27841 "https://ja.tak-cslab.org/archives/460" "Mozilla/5.0 (Windows NT 6.1; ) AppleWebKit/537.36 (KHTML, like Gecko) Chrome/90.0.4430.72 Safari/537.36"
122.131.55.160 - - [18/Nov/2021:07:23:20 +0000] "GET /archives/848 HTTP/2.0" 200 7868 "https://www.google.com/" "Mozilla/5.0 (Macintosh; Intel Mac OS X 10_15_7) AppleWebKit/537.36 (KHTML, like Gecko) Chrome/95.0.4638.69 Safari/537.36"
122.131.55.160 - - [18/Nov/2021:07:23:21 +0000] "GET /wp-includes/css/dist/block-library/style.min.css?ver=5.8.2 HTTP/2.0" 200 13704 "https://ja.tak-cslab.org/archives/848" "Mozilla/5.0 (Macintosh; Intel Mac OS X 10_15_7) AppleWebKit/537.36 (KHTML, like Gecko) Chrome/95.0.4638.69 Safari/537.36"
122.131.55.160 - - [18/Nov/2021:07:23:21 +0000] "GET /wp-content/themes/cdsl/style.css?ver=1.3.1 HTTP/2.0" 200 272 "https://ja.tak-cslab.org/archives/848" "Mozilla/5.0 (Macintosh; Intel Mac OS X 10_15_7) AppleWebKit/537.36 (KHTML, like Gecko) Chrome/95.0.4638.69 Safari/537.36"
122.131.55.160 - - [18/Nov/2021:07:23:21 +0000] "GET /wp-content/themes/scaffold/assets/js/navigation.js?ver=1.3.1 HTTP/2.0" 200 1266 "https://ja.tak-cslab.org/archives/848" "Mozilla/5.0 (Macintosh; Intel Mac OS X 10_15_7) AppleWebKit/537.36 (KHTML, like Gecko) Chrome/95.0.4638.69 Safari/537.36"
122.131.55.160 - - [18/Nov/2021:07:23:21 +0000] "GET /wp-includes/js/comment-reply.min.js?ver=5.8.2 HTTP/2.0" 200 1390 "https://ja.tak-cslab.org/archives/848" "Mozilla/5.0 (Macintosh; Intel Mac OS X 10_15_7) AppleWebKit/537.36 (KHTML, like Gecko) Chrome/95.0.4638.69 Safari/537.36"
122.131.55.160 - - [18/Nov/2021:07:23:21 +0000] "GET /wp-includes/js/wp-embed.min.js?ver=5.8.2 HTTP/2.0" 200 779 "https://ja.tak-cslab.org/archives/848" "Mozilla/5.0 (Macintosh; Intel Mac OS X 10_15_7) AppleWebKit/537.36 (KHTML, like Gecko) Chrome/95.0.4638.69 Safari/537.36"
122.131.55.160 - - [18/Nov/2021:07:23:21 +0000] "GET /wp-content/themes/scaffold/style.css?ver=5.8.2 HTTP/2.0" 200 5846 "https://ja.tak-cslab.org/archives/848" "Mozilla/5.0 (Macintosh; Intel Mac OS X 10_15_7) AppleWebKit/537.36 (KHTML, like Gecko) Chrome/95.0.4638.69 Safari/537.36"
122.131.55.160 - - [18/Nov/2021:07:23:21 +0000] "GET /wp-includes/js/wp-emoji-release.min.js?ver=5.8.2 HTTP/2.0" 200 5714 "https://ja.tak-cslab.org/archives/848" "Mozilla/5.0 (Macintosh; Intel Mac OS X 10_15_7) AppleWebKit/537.36 (KHTML, like Gecko) Chrome/95.0.4638.69 Safari/537.36"
122.131.55.160 - - [18/Nov/2021:07:23:21 +0000] "GET /wp-content/plugins/native-lazyload/assets/images/placeholder.svg HTTP/2.0" 200 88 "https://ja.tak-cslab.org/archives/848" "Mozilla/5.0 (Macintosh; Intel Mac OS X 10_15_7) AppleWebKit/537.36 (KHTML, like Gecko) Chrome/95.0.4638.69 Safari/537.36"
122.131.55.160 - - [18/Nov/2021:07:23:21 +0000] "GET /wp-content/uploads/2020/12/Kubernetes-logo-1.png HTTP/2.0" 200 49082 "https://ja.tak-cslab.org/archives/848" "Mozilla/5.0 (Macintosh; Intel Mac OS X 10_15_7) AppleWebKit/537.36 (KHTML, like Gecko) Chrome/95.0.4638.69 Safari/537.36"
122.131.55.160 - - [18/Nov/2021:07:23:21 +0000] "GET /wp-content/uploads/2020/12/%E3%82%AD%E3%83%A3%E3%83%97%E3%83%81%E3%83%A3-1024x504.png HTTP/2.0" 200 78330 "https://ja.tak-cslab.org/archives/848" "Mozilla/5.0 (Macintosh; Intel Mac OS X 10_15_7) AppleWebKit/537.36 (KHTML, like Gecko) Chrome/95.0.4638.69 Safari/537.36"
122.131.55.160 - - [18/Nov/2021:07:23:21 +0000] "GET /wp-content/uploads/2020/12/Rancher_K3s2-1024x536.png HTTP/2.0" 200 79919 "https://ja.tak-cslab.org/archives/848" "Mozilla/5.0 (Macintosh; Intel Mac OS X 10_15_7) AppleWebKit/537.36 (KHTML, like Gecko) Chrome/95.0.4638.69 Safari/537.36"
122.131.55.160 - - [18/Nov/2021:07:23:21 +0000] "GET /favicon.ico HTTP/2.0" 302 0 "https://ja.tak-cslab.org/archives/848" "Mozilla/5.0 (Macintosh; Intel Mac OS X 10_15_7) AppleWebKit/537.36 (KHTML, like Gecko) Chrome/95.0.4638.69 Safari/537.36"
122.131.55.160 - - [18/Nov/2021:07:23:21 +0000] "GET /wp-includes/images/w-logo-blue-white-bg.png HTTP/2.0" 200 4119 "https://ja.tak-cslab.org/archives/848" "Mozilla/5.0 (Macintosh; Intel Mac OS X 10_15_7) AppleWebKit/537.36 (KHTML, like Gecko) Chrome/95.0.4638.69 Safari/537.36"
122.131.55.160 - - [18/Nov/2021:07:23:27 +0000] "GET /wp-content/uploads/2020/12/79c88101a9c403279aeedc67586221c07ebaed06-1024x517.png HTTP/2.0" 200 166518 "https://ja.tak-cslab.org/archives/848" "Mozilla/5.0 (Macintosh; Intel Mac OS X 10_15_7) AppleWebKit/537.36 (KHTML, like Gecko) Chrome/95.0.4638.69 Safari/537.36"
34.224.18.72 - - [18/Nov/2021:07:23:42 +0000] "HEAD /feed HTTP/2.0" 200 0 "-" "Slackbot 1.0 (+https://api.slack.com/robots)"
3.237.10.5 - - [18/Nov/2021:07:23:43 +0000] "GET /feed HTTP/1.1" 200 55867 "-" "Slackbot 1.0 (+https://api.slack.com/robots)"
3.231.151.180 - - [18/Nov/2021:07:23:44 +0000] "GET / HTTP/1.1" 200 6320 "-" "Slackbot 1.0 (+https://api.slack.com/robots)"
40.77.167.30 - - [18/Nov/2021:07:24:17 +0000] "GET /wp-content/uploads/2020/02/buresuto.png HTTP/2.0" 200 1042683 "-" "Mozilla/5.0 (compatible; bingbot/2.0; +http://www.bing.com/bingbot.htm)"
92.38.136.69 - - [18/Nov/2021:07:25:04 +0000] "GET /archives/460/ HTTP/1.0" 301 162 "http://ja.tak-cslab.org/archives/460/" "Mozilla/5.0 (Windows NT 10.0; WOW64) AppleWebKit/537.36 (KHTML, like Gecko) Chrome/90.0.4400.8 Safari/537.36"
216.245.221.83 - - [18/Nov/2021:07:25:04 +0000] "HEAD / HTTP/1.1" 301 0 "http://ja.tak-cslab.org/" "Mozilla/5.0+(compatible; UptimeRobot/2.0; http://www.uptimerobot.com/)"
216.245.221.83 - - [18/Nov/2021:07:25:04 +0000] "HEAD / HTTP/1.1" 200 0 "http://ja.tak-cslab.org/" "Mozilla/5.0+(compatible; UptimeRobot/2.0; http://www.uptimerobot.com/)"
92.38.136.69 - - [18/Nov/2021:07:25:05 +0000] "GET /archives/460/ HTTP/1.0" 301 0 "https://ja.tak-cslab.org/archives/460/" "Mozilla/5.0 (Windows NT 10.0; WOW64) AppleWebKit/537.36 (KHTML, like Gecko) Chrome/90.0.4400.8 Safari/537.36"
92.38.136.69 - - [18/Nov/2021:07:25:06 +0000] "GET /archives/460 HTTP/1.0" 200 27841 "https://ja.tak-cslab.org/archives/460" "Mozilla/5.0 (Windows NT 10.0; WOW64) AppleWebKit/537.36 (KHTML, like Gecko) Chrome/90.0.4400.8 Safari/537.36"
34.206.38.217 - - [18/Nov/2021:07:25:34 +0000] "GET /feed HTTP/1.1" 200 55867 "-" "Automate.io BOT"
163.215.6.1 - - [18/Nov/2021:07:27:51 +0000] "GET /tech-report HTTP/2.0" 200 12148 "https://www.google.com/" "Mozilla/5.0 (Windows NT 10.0; Win64; x64) AppleWebKit/537.36 (KHTML, like Gecko) Chrome/95.0.4638.69 Safari/537.36"
216.245.221.83 - - [18/Nov/2021:07:30:04 +0000] "HEAD / HTTP/1.1" 301 0 "http://ja.tak-cslab.org/" "Mozilla/5.0+(compatible; UptimeRobot/2.0; http://www.uptimerobot.com/)"
216.245.221.83 - - [18/Nov/2021:07:30:04 +0000] "HEAD / HTTP/1.1" 200 0 "http://ja.tak-cslab.org/" "Mozilla/5.0+(compatible; UptimeRobot/2.0; http://www.uptimerobot.com/)"
34.206.38.217 - - [18/Nov/2021:07:30:34 +0000] "GET /feed HTTP/1.1" 200 55867 "-" "Automate.io BOT"
207.46.13.176 - - [18/Nov/2021:07:32:41 +0000] "GET /wp-content/uploads/2020/06/dd99e2645f071f243eeffc37319b6136-1024x481.png HTTP/2.0" 200 186289 "-" "Mozilla/5.0 (compatible; bingbot/2.0; +http://www.bing.com/bingbot.htm)"
66.249.79.129 - - [18/Nov/2021:07:33:51 +0000] "GET /archives/606 HTTP/1.1" 200 11324 "-" "Mozilla/5.0 (Linux; Android 6.0.1; Nexus 5X Build/MMB29P) AppleWebKit/537.36 (KHTML, like Gecko) Chrome/95.0.4638.69 Mobile Safari/537.36 (compatible; Googlebot/2.1; +http://www.google.com/bot.html)"
