60.126.225.152 - - [29/Nov/2021:09:49:30 +0000] "GET /about/it-facility HTTP/2.0" 200 9004 "https://ja.tak-cslab.org/about/facility" "Mozilla/5.0 (Windows NT 10.0; Win64; x64; rv:94.0) Gecko/20100101 Firefox/94.0"
60.126.225.152 - - [29/Nov/2021:09:49:30 +0000] "GET /wp-content/uploads/2021/01/IMG_3379.jpg HTTP/2.0" 200 297859 "https://ja.tak-cslab.org/about/it-facility" "Mozilla/5.0 (Windows NT 10.0; Win64; x64; rv:94.0) Gecko/20100101 Firefox/94.0"
60.126.225.152 - - [29/Nov/2021:09:49:31 +0000] "GET /wp-content/uploads/2020/01/nas.png HTTP/2.0" 200 1140869 "https://ja.tak-cslab.org/about/it-facility" "Mozilla/5.0 (Windows NT 10.0; Win64; x64; rv:94.0) Gecko/20100101 Firefox/94.0"
60.126.225.152 - - [29/Nov/2021:09:49:38 +0000] "GET /wp-content/uploads/2020/06/cdsl-storage.png HTTP/2.0" 200 41898 "https://ja.tak-cslab.org/about/it-facility" "Mozilla/5.0 (Windows NT 10.0; Win64; x64; rv:94.0) Gecko/20100101 Firefox/94.0"
60.126.225.152 - - [29/Nov/2021:09:49:46 +0000] "GET /wp-content/uploads/2021/05/CDSL-System-Architecture.png HTTP/2.0" 200 64734 "https://ja.tak-cslab.org/about/it-facility" "Mozilla/5.0 (Windows NT 10.0; Win64; x64; rv:94.0) Gecko/20100101 Firefox/94.0"
60.126.225.152 - - [29/Nov/2021:09:49:48 +0000] "GET /wp-content/uploads/2021/05/CDSL-System-Architecture1.png HTTP/2.0" 200 76202 "https://ja.tak-cslab.org/about/it-facility" "Mozilla/5.0 (Windows NT 10.0; Win64; x64; rv:94.0) Gecko/20100101 Firefox/94.0"
60.126.225.152 - - [29/Nov/2021:09:49:49 +0000] "GET /wp-content/uploads/2020/01/elk-arch.png HTTP/2.0" 200 70256 "https://ja.tak-cslab.org/about/it-facility" "Mozilla/5.0 (Windows NT 10.0; Win64; x64; rv:94.0) Gecko/20100101 Firefox/94.0"
60.126.225.152 - - [29/Nov/2021:09:49:50 +0000] "GET /wp-content/uploads/2021/01/CDSL-System-Architecture.png HTTP/2.0" 200 71713 "https://ja.tak-cslab.org/about/it-facility" "Mozilla/5.0 (Windows NT 10.0; Win64; x64; rv:94.0) Gecko/20100101 Firefox/94.0"
60.126.225.152 - - [29/Nov/2021:09:49:56 +0000] "GET /wp-content/uploads/2021/01/image.png HTTP/2.0" 200 49210 "https://ja.tak-cslab.org/about/it-facility" "Mozilla/5.0 (Windows NT 10.0; Win64; x64; rv:94.0) Gecko/20100101 Firefox/94.0"
60.126.225.152 - - [29/Nov/2021:09:50:05 +0000] "GET /wp-content/uploads/2020/06/cdsl-mackerel-1536x731.jpg HTTP/2.0" 200 106397 "https://ja.tak-cslab.org/about/it-facility" "Mozilla/5.0 (Windows NT 10.0; Win64; x64; rv:94.0) Gecko/20100101 Firefox/94.0"
60.126.225.152 - - [29/Nov/2021:09:50:12 +0000] "GET /?page_id=202 HTTP/2.0" 301 0 "https://ja.tak-cslab.org/about/facility" "Mozilla/5.0 (Windows NT 10.0; Win64; x64; rv:94.0) Gecko/20100101 Firefox/94.0"
60.126.225.152 - - [29/Nov/2021:09:50:12 +0000] "GET /about/tools HTTP/2.0" 200 6089 "https://ja.tak-cslab.org/about/facility" "Mozilla/5.0 (Windows NT 10.0; Win64; x64; rv:94.0) Gecko/20100101 Firefox/94.0"
60.126.225.152 - - [29/Nov/2021:09:50:13 +0000] "GET /wp-content/uploads/2020/01/image-1-1536x785.png HTTP/2.0" 200 642672 "https://ja.tak-cslab.org/about/tools" "Mozilla/5.0 (Windows NT 10.0; Win64; x64; rv:94.0) Gecko/20100101 Firefox/94.0"
60.126.225.152 - - [29/Nov/2021:09:50:13 +0000] "GET /wp-content/uploads/2020/01/image-2-1024x709.png HTTP/2.0" 200 451610 "https://ja.tak-cslab.org/about/tools" "Mozilla/5.0 (Windows NT 10.0; Win64; x64; rv:94.0) Gecko/20100101 Firefox/94.0"
60.126.225.152 - - [29/Nov/2021:09:50:21 +0000] "GET /wp-content/uploads/2020/01/image-3.png HTTP/2.0" 200 118172 "https://ja.tak-cslab.org/about/tools" "Mozilla/5.0 (Windows NT 10.0; Win64; x64; rv:94.0) Gecko/20100101 Firefox/94.0"
60.126.225.152 - - [29/Nov/2021:09:50:26 +0000] "GET /wp-content/uploads/2020/01/image-4-1536x630.png HTTP/2.0" 200 149147 "https://ja.tak-cslab.org/about/tools" "Mozilla/5.0 (Windows NT 10.0; Win64; x64; rv:94.0) Gecko/20100101 Firefox/94.0"
60.126.225.152 - - [29/Nov/2021:09:50:38 +0000] "GET /wp-content/uploads/2020/01/image-5-1536x782.png HTTP/2.0" 200 146143 "https://ja.tak-cslab.org/about/tools" "Mozilla/5.0 (Windows NT 10.0; Win64; x64; rv:94.0) Gecko/20100101 Firefox/94.0"
60.126.225.152 - - [29/Nov/2021:09:50:42 +0000] "GET /wp-content/uploads/2020/03/meet-1024x473.png HTTP/2.0" 200 369480 "https://ja.tak-cslab.org/about/tools" "Mozilla/5.0 (Windows NT 10.0; Win64; x64; rv:94.0) Gecko/20100101 Firefox/94.0"
18.182.22.58 - - [29/Nov/2021:09:51:16 +0000] "GET /favicon.ico HTTP/1.1" 302 5 "-" "Slack-ImgProxy (+https://api.slack.com/robots)"
13.230.56.191 - - [29/Nov/2021:09:51:16 +0000] "GET /wp-includes/images/w-logo-blue-white-bg.png HTTP/1.1" 200 4119 "-" "Slack-ImgProxy (+https://api.slack.com/robots)"
60.126.225.152 - - [29/Nov/2021:09:51:22 +0000] "GET /topics/blog HTTP/2.0" 200 13004 "https://ja.tak-cslab.org/about/tools" "Mozilla/5.0 (Windows NT 10.0; Win64; x64; rv:94.0) Gecko/20100101 Firefox/94.0"
60.126.225.152 - - [29/Nov/2021:09:51:22 +0000] "GET /favicon.ico HTTP/2.0" 302 0 "https://ja.tak-cslab.org/topics/blog" "Mozilla/5.0 (Windows NT 10.0; Win64; x64; rv:94.0) Gecko/20100101 Firefox/94.0"
60.126.225.152 - - [29/Nov/2021:09:51:22 +0000] "GET /wp-includes/images/w-logo-blue-white-bg.png HTTP/2.0" 200 0 "https://ja.tak-cslab.org/topics/blog" "Mozilla/5.0 (Windows NT 10.0; Win64; x64; rv:94.0) Gecko/20100101 Firefox/94.0"
60.126.225.152 - - [29/Nov/2021:09:51:22 +0000] "GET /join-us HTTP/2.0" 200 5585 "https://ja.tak-cslab.org/topics/blog" "Mozilla/5.0 (Windows NT 10.0; Win64; x64; rv:94.0) Gecko/20100101 Firefox/94.0"
60.126.225.152 - - [29/Nov/2021:09:51:23 +0000] "GET /access HTTP/2.0" 200 6167 "https://ja.tak-cslab.org/join-us" "Mozilla/5.0 (Windows NT 10.0; Win64; x64; rv:94.0) Gecko/20100101 Firefox/94.0"
60.126.225.152 - - [29/Nov/2021:09:51:24 +0000] "GET /topics/blog HTTP/2.0" 200 13004 "https://ja.tak-cslab.org/access" "Mozilla/5.0 (Windows NT 10.0; Win64; x64; rv:94.0) Gecko/20100101 Firefox/94.0"
60.126.225.152 - - [29/Nov/2021:09:51:26 +0000] "GET /access HTTP/2.0" 200 6167 "https://ja.tak-cslab.org/topics/blog" "Mozilla/5.0 (Windows NT 10.0; Win64; x64; rv:94.0) Gecko/20100101 Firefox/94.0"
60.126.225.152 - - [29/Nov/2021:09:51:27 +0000] "GET /topics/news HTTP/2.0" 200 7875 "https://ja.tak-cslab.org/access" "Mozilla/5.0 (Windows NT 10.0; Win64; x64; rv:94.0) Gecko/20100101 Firefox/94.0"
60.126.225.152 - - [29/Nov/2021:09:51:28 +0000] "GET /publish-assets HTTP/2.0" 200 10464 "https://ja.tak-cslab.org/topics/news" "Mozilla/5.0 (Windows NT 10.0; Win64; x64; rv:94.0) Gecko/20100101 Firefox/94.0"
60.126.225.152 - - [29/Nov/2021:09:51:29 +0000] "GET /tech-report HTTP/2.0" 200 12209 "https://ja.tak-cslab.org/publish-assets" "Mozilla/5.0 (Windows NT 10.0; Win64; x64; rv:94.0) Gecko/20100101 Firefox/94.0"
216.245.221.83 - - [29/Nov/2021:09:52:27 +0000] "HEAD / HTTP/1.1" 301 0 "http://ja.tak-cslab.org/" "Mozilla/5.0+(compatible; UptimeRobot/2.0; http://www.uptimerobot.com/)"
216.245.221.83 - - [29/Nov/2021:09:52:27 +0000] "HEAD / HTTP/1.1" 200 0 "http://ja.tak-cslab.org/" "Mozilla/5.0+(compatible; UptimeRobot/2.0; http://www.uptimerobot.com/)"
34.206.38.217 - - [29/Nov/2021:09:53:02 +0000] "GET /feed HTTP/1.1" 200 55867 "-" "Automate.io BOT"
54.234.115.42 - - [29/Nov/2021:09:53:42 +0000] "HEAD /feed HTTP/2.0" 200 0 "-" "Slackbot 1.0 (+https://api.slack.com/robots)"
3.95.31.126 - - [29/Nov/2021:09:53:43 +0000] "GET /feed HTTP/1.1" 200 55846 "-" "Slackbot 1.0 (+https://api.slack.com/robots)"
54.221.23.121 - - [29/Nov/2021:09:53:44 +0000] "GET / HTTP/1.1" 200 6312 "-" "Slackbot 1.0 (+https://api.slack.com/robots)"
216.245.221.83 - - [29/Nov/2021:09:57:27 +0000] "HEAD / HTTP/1.1" 301 0 "http://ja.tak-cslab.org/" "Mozilla/5.0+(compatible; UptimeRobot/2.0; http://www.uptimerobot.com/)"
216.245.221.83 - - [29/Nov/2021:09:57:27 +0000] "HEAD / HTTP/1.1" 200 0 "http://ja.tak-cslab.org/" "Mozilla/5.0+(compatible; UptimeRobot/2.0; http://www.uptimerobot.com/)"
34.206.38.217 - - [29/Nov/2021:09:58:01 +0000] "GET /feed HTTP/1.1" 200 55867 "-" "Automate.io BOT"
163.215.6.1 - - [29/Nov/2021:10:01:23 +0000] "POST /wp-cron.php?doing_wp_cron=1638180083.8698270320892333984375 HTTP/1.1" 200 31 "https://ja.tak-cslab.org/wp-cron.php?doing_wp_cron=1638180083.8698270320892333984375" "WordPress/5.8.2; https://ja.tak-cslab.org"
66.249.79.129 - - [29/Nov/2021:10:01:23 +0000] "GET /archives/896 HTTP/1.1" 200 10447 "-" "Mozilla/5.0 (Linux; Android 6.0.1; Nexus 5X Build/MMB29P) AppleWebKit/537.36 (KHTML, like Gecko) Chrome/96.0.4664.45 Mobile Safari/537.36 (compatible; Googlebot/2.1; +http://www.google.com/bot.html)"
216.245.221.83 - - [29/Nov/2021:10:02:27 +0000] "HEAD / HTTP/1.1" 301 0 "http://ja.tak-cslab.org/" "Mozilla/5.0+(compatible; UptimeRobot/2.0; http://www.uptimerobot.com/)"
216.245.221.83 - - [29/Nov/2021:10:02:27 +0000] "HEAD / HTTP/1.1" 200 0 "http://ja.tak-cslab.org/" "Mozilla/5.0+(compatible; UptimeRobot/2.0; http://www.uptimerobot.com/)"
34.206.38.217 - - [29/Nov/2021:10:03:01 +0000] "GET /feed HTTP/1.1" 200 55861 "-" "Automate.io BOT"
216.245.221.83 - - [29/Nov/2021:10:07:27 +0000] "HEAD / HTTP/1.1" 301 0 "http://ja.tak-cslab.org/" "Mozilla/5.0+(compatible; UptimeRobot/2.0; http://www.uptimerobot.com/)"
216.245.221.83 - - [29/Nov/2021:10:07:28 +0000] "HEAD / HTTP/1.1" 200 0 "http://ja.tak-cslab.org/" "Mozilla/5.0+(compatible; UptimeRobot/2.0; http://www.uptimerobot.com/)"
34.206.38.217 - - [29/Nov/2021:10:08:01 +0000] "GET /feed HTTP/1.1" 200 55867 "-" "Automate.io BOT"
156.146.50.21 - - [29/Nov/2021:10:09:32 +0000] "GET /archives/460/ HTTP/1.0" 301 162 "http://ja.tak-cslab.org/archives/460/" "Mozilla/5.0 (Windows NT 6.1) AppleWebKit/537.36 (KHTML, like Gecko) Chrome/90.0.4430.72 Safari/537.36"
156.146.50.21 - - [29/Nov/2021:10:09:34 +0000] "GET /archives/460/ HTTP/1.0" 301 0 "https://ja.tak-cslab.org/archives/460/" "Mozilla/5.0 (Windows NT 6.1) AppleWebKit/537.36 (KHTML, like Gecko) Chrome/90.0.4430.72 Safari/537.36"
156.146.50.21 - - [29/Nov/2021:10:09:35 +0000] "GET /archives/460 HTTP/1.0" 200 27841 "https://ja.tak-cslab.org/archives/460" "Mozilla/5.0 (Windows NT 6.1) AppleWebKit/537.36 (KHTML, like Gecko) Chrome/90.0.4430.72 Safari/537.36"
66.249.79.158 - - [29/Nov/2021:10:10:56 +0000] "GET /topics/blog HTTP/1.1" 200 13039 "-" "Mozilla/5.0 (compatible; Googlebot/2.1; +http://www.google.com/bot.html)"
66.249.79.158 - - [29/Nov/2021:10:12:01 +0000] "GET /wp-includes/js/wp-embed.min.js?ver=5.8.2 HTTP/1.1" 200 791 "https://ja.tak-cslab.org/topics/blog" "Mozilla/5.0 AppleWebKit/537.36 (KHTML, like Gecko; compatible; Googlebot/2.1; +http://www.google.com/bot.html) Safari/537.36"
216.245.221.83 - - [29/Nov/2021:10:12:27 +0000] "HEAD / HTTP/1.1" 301 0 "http://ja.tak-cslab.org/" "Mozilla/5.0+(compatible; UptimeRobot/2.0; http://www.uptimerobot.com/)"
216.245.221.83 - - [29/Nov/2021:10:12:27 +0000] "HEAD / HTTP/1.1" 200 0 "http://ja.tak-cslab.org/" "Mozilla/5.0+(compatible; UptimeRobot/2.0; http://www.uptimerobot.com/)"
185.191.171.35 - - [29/Nov/2021:10:12:55 +0000] "GET /robots.txt HTTP/1.1" 200 123 "-" "Mozilla/5.0 (compatible; SemrushBot/7~bl; +http://www.semrush.com/bot.html)"
185.191.171.8 - - [29/Nov/2021:10:12:56 +0000] "GET /archives/1009 HTTP/1.1" 200 6343 "-" "Mozilla/5.0 (compatible; SemrushBot/7~bl; +http://www.semrush.com/bot.html)"
34.206.38.217 - - [29/Nov/2021:10:13:02 +0000] "GET /feed HTTP/1.1" 200 55867 "-" "Automate.io BOT"
23.20.19.244 - - [29/Nov/2021:10:13:42 +0000] "HEAD /feed HTTP/2.0" 200 0 "-" "Slackbot 1.0 (+https://api.slack.com/robots)"
3.88.111.150 - - [29/Nov/2021:10:13:43 +0000] "GET /feed HTTP/1.1" 200 55867 "-" "Slackbot 1.0 (+https://api.slack.com/robots)"
35.173.224.116 - - [29/Nov/2021:10:13:44 +0000] "GET / HTTP/1.1" 200 6312 "-" "Slackbot 1.0 (+https://api.slack.com/robots)"
216.245.221.83 - - [29/Nov/2021:10:17:27 +0000] "HEAD / HTTP/1.1" 301 0 "http://ja.tak-cslab.org/" "Mozilla/5.0+(compatible; UptimeRobot/2.0; http://www.uptimerobot.com/)"
216.245.221.83 - - [29/Nov/2021:10:17:27 +0000] "HEAD / HTTP/1.1" 200 0 "http://ja.tak-cslab.org/" "Mozilla/5.0+(compatible; UptimeRobot/2.0; http://www.uptimerobot.com/)"
163.215.6.1 - - [29/Nov/2021:10:18:02 +0000] "POST /wp-cron.php?doing_wp_cron=1638181082.6893360614776611328125 HTTP/1.1" 200 31 "https://ja.tak-cslab.org/wp-cron.php?doing_wp_cron=1638181082.6893360614776611328125" "WordPress/5.8.2; https://ja.tak-cslab.org"
34.206.38.217 - - [29/Nov/2021:10:18:02 +0000] "GET /feed HTTP/1.1" 200 55867 "-" "Automate.io BOT"
40.77.167.44 - - [29/Nov/2021:10:22:08 +0000] "GET /wp-content/uploads/2020/08/image-1-300x242.png HTTP/2.0" 200 54751 "-" "Mozilla/5.0 (compatible; bingbot/2.0; +http://www.bing.com/bingbot.htm)"
216.245.221.83 - - [29/Nov/2021:10:22:27 +0000] "HEAD / HTTP/1.1" 301 0 "http://ja.tak-cslab.org/" "Mozilla/5.0+(compatible; UptimeRobot/2.0; http://www.uptimerobot.com/)"
216.245.221.83 - - [29/Nov/2021:10:22:27 +0000] "HEAD / HTTP/1.1" 200 0 "http://ja.tak-cslab.org/" "Mozilla/5.0+(compatible; UptimeRobot/2.0; http://www.uptimerobot.com/)"
34.206.38.217 - - [29/Nov/2021:10:23:02 +0000] "GET /feed HTTP/1.1" 200 55868 "-" "Automate.io BOT"
216.245.221.83 - - [29/Nov/2021:10:27:27 +0000] "HEAD / HTTP/1.1" 301 0 "http://ja.tak-cslab.org/" "Mozilla/5.0+(compatible; UptimeRobot/2.0; http://www.uptimerobot.com/)"
216.245.221.83 - - [29/Nov/2021:10:27:27 +0000] "HEAD / HTTP/1.1" 200 0 "http://ja.tak-cslab.org/" "Mozilla/5.0+(compatible; UptimeRobot/2.0; http://www.uptimerobot.com/)"
34.206.38.217 - - [29/Nov/2021:10:28:10 +0000] "GET /feed HTTP/1.1" 200 55867 "-" "Automate.io BOT"
216.245.221.83 - - [29/Nov/2021:10:32:27 +0000] "HEAD / HTTP/1.1" 301 0 "http://ja.tak-cslab.org/" "Mozilla/5.0+(compatible; UptimeRobot/2.0; http://www.uptimerobot.com/)"
216.245.221.83 - - [29/Nov/2021:10:32:27 +0000] "HEAD / HTTP/1.1" 200 0 "http://ja.tak-cslab.org/" "Mozilla/5.0+(compatible; UptimeRobot/2.0; http://www.uptimerobot.com/)"
34.206.38.217 - - [29/Nov/2021:10:33:11 +0000] "GET /feed HTTP/1.1" 200 55867 "-" "Automate.io BOT"
44.195.19.120 - - [29/Nov/2021:10:33:33 +0000] "HEAD /feed HTTP/2.0" 200 0 "-" "Slackbot 1.0 (+https://api.slack.com/robots)"
44.195.19.120 - - [29/Nov/2021:10:33:33 +0000] "GET /feed HTTP/1.1" 200 55868 "-" "Slackbot 1.0 (+https://api.slack.com/robots)"
35.173.224.116 - - [29/Nov/2021:10:33:34 +0000] "GET / HTTP/1.1" 200 6312 "-" "Slackbot 1.0 (+https://api.slack.com/robots)"
216.245.221.83 - - [29/Nov/2021:10:37:27 +0000] "HEAD / HTTP/1.1" 301 0 "http://ja.tak-cslab.org/" "Mozilla/5.0+(compatible; UptimeRobot/2.0; http://www.uptimerobot.com/)"
216.245.221.83 - - [29/Nov/2021:10:37:27 +0000] "HEAD / HTTP/1.1" 200 0 "http://ja.tak-cslab.org/" "Mozilla/5.0+(compatible; UptimeRobot/2.0; http://www.uptimerobot.com/)"
34.206.38.217 - - [29/Nov/2021:10:38:11 +0000] "GET /feed HTTP/1.1" 200 55861 "-" "Automate.io BOT"
51.222.253.10 - - [29/Nov/2021:10:39:37 +0000] "GET /archives/author/kushida HTTP/2.0" 200 5913 "-" "Mozilla/5.0 (compatible; AhrefsBot/7.0; +http://ahrefs.com/robot/)"
18.183.191.90 - - [29/Nov/2021:10:41:54 +0000] "GET /wp-content/uploads/2020/09/20200925_200925_0-1.jpg HTTP/1.1" 200 247845 "-" "Slack-ImgProxy (+https://api.slack.com/robots)"
35.77.39.104 - - [29/Nov/2021:10:41:54 +0000] "GET /wp-content/uploads/2020/09/20200925_200925_0-1.jpg HTTP/1.1" 200 247845 "-" "Slack-ImgProxy (+https://api.slack.com/robots)"
54.178.223.21 - - [29/Nov/2021:10:41:54 +0000] "GET /favicon.ico HTTP/1.1" 302 5 "-" "Slack-ImgProxy (+https://api.slack.com/robots)"
18.180.154.122 - - [29/Nov/2021:10:41:54 +0000] "GET /wp-includes/images/w-logo-blue-white-bg.png HTTP/1.1" 200 4119 "-" "Slack-ImgProxy (+https://api.slack.com/robots)"
216.245.221.83 - - [29/Nov/2021:10:42:27 +0000] "HEAD / HTTP/1.1" 301 0 "http://ja.tak-cslab.org/" "Mozilla/5.0+(compatible; UptimeRobot/2.0; http://www.uptimerobot.com/)"
216.245.221.83 - - [29/Nov/2021:10:42:27 +0000] "HEAD / HTTP/1.1" 200 0 "http://ja.tak-cslab.org/" "Mozilla/5.0+(compatible; UptimeRobot/2.0; http://www.uptimerobot.com/)"
34.206.38.217 - - [29/Nov/2021:10:43:10 +0000] "GET /feed HTTP/1.1" 200 55867 "-" "Automate.io BOT"
185.2.28.74 - - [29/Nov/2021:10:43:28 +0000] "GET /archives/460/ HTTP/1.0" 301 162 "http://ja.tak-cslab.org/archives/460/" "Mozilla/5.0 (Windows NT 6.3; Win64; x64) AppleWebKit/537.36 (KHTML, like Gecko) Chrome/90.0.4430.85 Safari/537.36"
185.2.28.74 - - [29/Nov/2021:10:43:30 +0000] "GET /archives/460/ HTTP/1.0" 301 0 "https://ja.tak-cslab.org/archives/460/" "Mozilla/5.0 (Windows NT 6.3; Win64; x64) AppleWebKit/537.36 (KHTML, like Gecko) Chrome/90.0.4430.85 Safari/537.36"
185.2.28.74 - - [29/Nov/2021:10:43:34 +0000] "GET /archives/460 HTTP/1.0" 200 27841 "https://ja.tak-cslab.org/archives/460" "Mozilla/5.0 (Windows NT 6.3; Win64; x64) AppleWebKit/537.36 (KHTML, like Gecko) Chrome/90.0.4430.85 Safari/537.36"
66.249.79.129 - - [29/Nov/2021:10:46:23 +0000] "GET /archives/author/yutaro-takaya/feed HTTP/1.1" 200 78124 "-" "Mozilla/5.0 (Linux; Android 6.0.1; Nexus 5X Build/MMB29P) AppleWebKit/537.36 (KHTML, like Gecko) Chrome/96.0.4664.45 Mobile Safari/537.36 (compatible; Googlebot/2.1; +http://www.google.com/bot.html)"
216.245.221.83 - - [29/Nov/2021:10:47:27 +0000] "HEAD / HTTP/1.1" 301 0 "http://ja.tak-cslab.org/" "Mozilla/5.0+(compatible; UptimeRobot/2.0; http://www.uptimerobot.com/)"
216.245.221.83 - - [29/Nov/2021:10:47:27 +0000] "HEAD / HTTP/1.1" 200 0 "http://ja.tak-cslab.org/" "Mozilla/5.0+(compatible; UptimeRobot/2.0; http://www.uptimerobot.com/)"
34.206.38.217 - - [29/Nov/2021:10:48:11 +0000] "GET /feed HTTP/1.1" 200 55868 "-" "Automate.io BOT"
216.244.66.230 - - [29/Nov/2021:10:48:41 +0000] "GET /robots.txt HTTP/1.1" 301 162 "-" "Mozilla/5.0 (compatible; DotBot/1.2; +https://opensiteexplorer.org/dotbot; help@moz.com)"
216.244.66.230 - - [29/Nov/2021:10:48:41 +0000] "GET /robots.txt HTTP/1.1" 200 128 "-" "Mozilla/5.0 (compatible; DotBot/1.2; +https://opensiteexplorer.org/dotbot; help@moz.com)"
216.244.66.230 - - [29/Nov/2021:10:49:48 +0000] "GET /archives/1647/feed HTTP/1.1" 200 819 "-" "Mozilla/5.0 (compatible; DotBot/1.2; +https://opensiteexplorer.org/dotbot; help@moz.com)"
207.46.13.85 - - [29/Nov/2021:10:51:07 +0000] "GET /wp-content/uploads/2020/07/bft2-600x398.png HTTP/2.0" 200 115687 "-" "Mozilla/5.0 (compatible; bingbot/2.0; +http://www.bing.com/bingbot.htm)"
216.244.66.230 - - [29/Nov/2021:10:51:10 +0000] "GET /archives/1363/feed HTTP/1.1" 200 835 "-" "Mozilla/5.0 (compatible; DotBot/1.2; +https://opensiteexplorer.org/dotbot; help@moz.com)"
216.245.221.83 - - [29/Nov/2021:10:52:27 +0000] "HEAD / HTTP/1.1" 301 0 "http://ja.tak-cslab.org/" "Mozilla/5.0+(compatible; UptimeRobot/2.0; http://www.uptimerobot.com/)"
216.245.221.83 - - [29/Nov/2021:10:52:27 +0000] "HEAD / HTTP/1.1" 200 0 "http://ja.tak-cslab.org/" "Mozilla/5.0+(compatible; UptimeRobot/2.0; http://www.uptimerobot.com/)"
34.206.38.217 - - [29/Nov/2021:10:53:10 +0000] "GET /feed HTTP/1.1" 200 55867 "-" "Automate.io BOT"
35.175.113.147 - - [29/Nov/2021:10:53:39 +0000] "HEAD /feed HTTP/2.0" 200 0 "-" "Slackbot 1.0 (+https://api.slack.com/robots)"
54.197.29.228 - - [29/Nov/2021:10:53:40 +0000] "GET /feed HTTP/1.1" 200 55867 "-" "Slackbot 1.0 (+https://api.slack.com/robots)"
18.212.178.141 - - [29/Nov/2021:10:53:41 +0000] "GET / HTTP/1.1" 200 6320 "-" "Slackbot 1.0 (+https://api.slack.com/robots)"
216.245.221.83 - - [29/Nov/2021:10:57:27 +0000] "HEAD / HTTP/1.1" 301 0 "http://ja.tak-cslab.org/" "Mozilla/5.0+(compatible; UptimeRobot/2.0; http://www.uptimerobot.com/)"
216.245.221.83 - - [29/Nov/2021:10:57:27 +0000] "HEAD / HTTP/1.1" 200 0 "http://ja.tak-cslab.org/" "Mozilla/5.0+(compatible; UptimeRobot/2.0; http://www.uptimerobot.com/)"
34.206.38.217 - - [29/Nov/2021:10:58:11 +0000] "GET /feed HTTP/1.1" 200 55867 "-" "Automate.io BOT"
216.245.221.83 - - [29/Nov/2021:11:02:27 +0000] "HEAD / HTTP/1.1" 301 0 "http://ja.tak-cslab.org/" "Mozilla/5.0+(compatible; UptimeRobot/2.0; http://www.uptimerobot.com/)"
163.215.6.1 - - [29/Nov/2021:11:02:27 +0000] "POST /wp-cron.php?doing_wp_cron=1638183747.6537640094757080078125 HTTP/1.1" 200 31 "https://ja.tak-cslab.org/wp-cron.php?doing_wp_cron=1638183747.6537640094757080078125" "WordPress/5.8.2; https://ja.tak-cslab.org"
216.245.221.83 - - [29/Nov/2021:11:02:27 +0000] "HEAD / HTTP/1.1" 200 0 "http://ja.tak-cslab.org/" "Mozilla/5.0+(compatible; UptimeRobot/2.0; http://www.uptimerobot.com/)"
34.206.38.217 - - [29/Nov/2021:11:03:11 +0000] "GET /feed HTTP/1.1" 200 55867 "-" "Automate.io BOT"
216.245.221.83 - - [29/Nov/2021:11:07:27 +0000] "HEAD / HTTP/1.1" 301 0 "http://ja.tak-cslab.org/" "Mozilla/5.0+(compatible; UptimeRobot/2.0; http://www.uptimerobot.com/)"
216.245.221.83 - - [29/Nov/2021:11:07:27 +0000] "HEAD / HTTP/1.1" 200 0 "http://ja.tak-cslab.org/" "Mozilla/5.0+(compatible; UptimeRobot/2.0; http://www.uptimerobot.com/)"
34.206.38.217 - - [29/Nov/2021:11:08:11 +0000] "GET /feed HTTP/1.1" 200 55868 "-" "Automate.io BOT"
216.245.221.83 - - [29/Nov/2021:11:12:27 +0000] "HEAD / HTTP/1.1" 301 0 "http://ja.tak-cslab.org/" "Mozilla/5.0+(compatible; UptimeRobot/2.0; http://www.uptimerobot.com/)"
216.245.221.83 - - [29/Nov/2021:11:12:27 +0000] "HEAD / HTTP/1.1" 200 0 "http://ja.tak-cslab.org/" "Mozilla/5.0+(compatible; UptimeRobot/2.0; http://www.uptimerobot.com/)"
34.206.38.217 - - [29/Nov/2021:11:13:10 +0000] "GET /feed HTTP/1.1" 200 55867 "-" "Automate.io BOT"
54.83.83.160 - - [29/Nov/2021:11:13:35 +0000] "HEAD /feed HTTP/2.0" 200 0 "-" "Slackbot 1.0 (+https://api.slack.com/robots)"
54.83.83.160 - - [29/Nov/2021:11:13:36 +0000] "GET /feed HTTP/1.1" 200 55867 "-" "Slackbot 1.0 (+https://api.slack.com/robots)"
100.24.51.144 - - [29/Nov/2021:11:13:37 +0000] "GET / HTTP/1.1" 200 6312 "-" "Slackbot 1.0 (+https://api.slack.com/robots)"
216.245.221.83 - - [29/Nov/2021:11:17:27 +0000] "HEAD / HTTP/1.1" 301 0 "http://ja.tak-cslab.org/" "Mozilla/5.0+(compatible; UptimeRobot/2.0; http://www.uptimerobot.com/)"
216.245.221.83 - - [29/Nov/2021:11:17:27 +0000] "HEAD / HTTP/1.1" 200 0 "http://ja.tak-cslab.org/" "Mozilla/5.0+(compatible; UptimeRobot/2.0; http://www.uptimerobot.com/)"
163.215.6.1 - - [29/Nov/2021:11:18:11 +0000] "POST /wp-cron.php?doing_wp_cron=1638184690.5897889137268066406250 HTTP/1.1" 200 31 "https://ja.tak-cslab.org/wp-cron.php?doing_wp_cron=1638184690.5897889137268066406250" "WordPress/5.8.2; https://ja.tak-cslab.org"
34.206.38.217 - - [29/Nov/2021:11:18:11 +0000] "GET /feed HTTP/1.1" 200 55867 "-" "Automate.io BOT"
40.77.167.66 - - [29/Nov/2021:11:20:17 +0000] "GET /wp-content/uploads/2020/04/%E3%82%B3%E3%83%A1%E3%83%B3%E3%83%88-2020-04-28-113504-1024x504.jpg HTTP/2.0" 200 58585 "-" "Mozilla/5.0 (compatible; bingbot/2.0; +http://www.bing.com/bingbot.htm)"
216.245.221.83 - - [29/Nov/2021:11:22:27 +0000] "HEAD / HTTP/1.1" 301 0 "http://ja.tak-cslab.org/" "Mozilla/5.0+(compatible; UptimeRobot/2.0; http://www.uptimerobot.com/)"
216.245.221.83 - - [29/Nov/2021:11:22:27 +0000] "HEAD / HTTP/1.1" 200 0 "http://ja.tak-cslab.org/" "Mozilla/5.0+(compatible; UptimeRobot/2.0; http://www.uptimerobot.com/)"
34.206.38.217 - - [29/Nov/2021:11:23:10 +0000] "GET /feed HTTP/1.1" 200 55868 "-" "Automate.io BOT"
40.77.167.66 - - [29/Nov/2021:11:26:29 +0000] "GET /archives/author/c0118220 HTTP/2.0" 200 5871 "-" "Mozilla/5.0 (compatible; bingbot/2.0; +http://www.bing.com/bingbot.htm)"
40.77.167.44 - - [29/Nov/2021:11:26:45 +0000] "GET /wp-content/themes/scaffold/assets/js/navigation.js?ver=1.3.1 HTTP/2.0" 200 1266 "-" "Mozilla/5.0 (compatible; bingbot/2.0; +http://www.bing.com/bingbot.htm)"
216.245.221.83 - - [29/Nov/2021:11:27:27 +0000] "HEAD / HTTP/1.1" 301 0 "http://ja.tak-cslab.org/" "Mozilla/5.0+(compatible; UptimeRobot/2.0; http://www.uptimerobot.com/)"
216.245.221.83 - - [29/Nov/2021:11:27:27 +0000] "HEAD / HTTP/1.1" 200 0 "http://ja.tak-cslab.org/" "Mozilla/5.0+(compatible; UptimeRobot/2.0; http://www.uptimerobot.com/)"
34.206.38.217 - - [29/Nov/2021:11:28:10 +0000] "GET /feed HTTP/1.1" 200 55868 "-" "Automate.io BOT"
216.245.221.83 - - [29/Nov/2021:11:32:27 +0000] "HEAD / HTTP/1.1" 301 0 "http://ja.tak-cslab.org/" "Mozilla/5.0+(compatible; UptimeRobot/2.0; http://www.uptimerobot.com/)"
216.245.221.83 - - [29/Nov/2021:11:32:27 +0000] "HEAD / HTTP/1.1" 200 0 "http://ja.tak-cslab.org/" "Mozilla/5.0+(compatible; UptimeRobot/2.0; http://www.uptimerobot.com/)"
34.206.38.217 - - [29/Nov/2021:11:33:10 +0000] "GET /feed HTTP/1.1" 200 55868 "-" "Automate.io BOT"
54.83.83.160 - - [29/Nov/2021:11:33:46 +0000] "HEAD /feed HTTP/2.0" 200 0 "-" "Slackbot 1.0 (+https://api.slack.com/robots)"
3.85.12.110 - - [29/Nov/2021:11:33:47 +0000] "GET /feed HTTP/1.1" 200 55867 "-" "Slackbot 1.0 (+https://api.slack.com/robots)"
18.209.230.8 - - [29/Nov/2021:11:33:48 +0000] "GET / HTTP/1.1" 200 6312 "-" "Slackbot 1.0 (+https://api.slack.com/robots)"
216.245.221.83 - - [29/Nov/2021:11:37:27 +0000] "HEAD / HTTP/1.1" 301 0 "http://ja.tak-cslab.org/" "Mozilla/5.0+(compatible; UptimeRobot/2.0; http://www.uptimerobot.com/)"
216.245.221.83 - - [29/Nov/2021:11:37:27 +0000] "HEAD / HTTP/1.1" 200 0 "http://ja.tak-cslab.org/" "Mozilla/5.0+(compatible; UptimeRobot/2.0; http://www.uptimerobot.com/)"
34.206.38.217 - - [29/Nov/2021:11:38:11 +0000] "GET /feed HTTP/1.1" 200 55867 "-" "Automate.io BOT"
216.245.221.83 - - [29/Nov/2021:11:42:27 +0000] "HEAD / HTTP/1.1" 301 0 "http://ja.tak-cslab.org/" "Mozilla/5.0+(compatible; UptimeRobot/2.0; http://www.uptimerobot.com/)"
216.245.221.83 - - [29/Nov/2021:11:42:27 +0000] "HEAD / HTTP/1.1" 200 0 "http://ja.tak-cslab.org/" "Mozilla/5.0+(compatible; UptimeRobot/2.0; http://www.uptimerobot.com/)"
34.206.38.217 - - [29/Nov/2021:11:43:10 +0000] "GET /feed HTTP/1.1" 200 55868 "-" "Automate.io BOT"
216.245.221.83 - - [29/Nov/2021:11:47:27 +0000] "HEAD / HTTP/1.1" 301 0 "http://ja.tak-cslab.org/" "Mozilla/5.0+(compatible; UptimeRobot/2.0; http://www.uptimerobot.com/)"
216.245.221.83 - - [29/Nov/2021:11:47:27 +0000] "HEAD / HTTP/1.1" 200 0 "http://ja.tak-cslab.org/" "Mozilla/5.0+(compatible; UptimeRobot/2.0; http://www.uptimerobot.com/)"
34.206.38.217 - - [29/Nov/2021:11:48:10 +0000] "GET /feed HTTP/1.1" 200 55861 "-" "Automate.io BOT"
216.245.221.83 - - [29/Nov/2021:11:52:27 +0000] "HEAD / HTTP/1.1" 301 0 "http://ja.tak-cslab.org/" "Mozilla/5.0+(compatible; UptimeRobot/2.0; http://www.uptimerobot.com/)"
216.245.221.83 - - [29/Nov/2021:11:52:27 +0000] "HEAD / HTTP/1.1" 200 0 "http://ja.tak-cslab.org/" "Mozilla/5.0+(compatible; UptimeRobot/2.0; http://www.uptimerobot.com/)"
34.206.38.217 - - [29/Nov/2021:11:53:10 +0000] "GET /feed HTTP/1.1" 200 55853 "-" "Automate.io BOT"
40.77.167.66 - - [29/Nov/2021:11:53:32 +0000] "GET /archives/177 HTTP/2.0" 200 8176 "-" "Mozilla/5.0 (compatible; bingbot/2.0; +http://www.bing.com/bingbot.htm)"
23.20.19.244 - - [29/Nov/2021:11:53:45 +0000] "HEAD /feed HTTP/2.0" 200 0 "-" "Slackbot 1.0 (+https://api.slack.com/robots)"
54.197.29.228 - - [29/Nov/2021:11:53:45 +0000] "GET /feed HTTP/1.1" 200 55867 "-" "Slackbot 1.0 (+https://api.slack.com/robots)"
54.156.61.133 - - [29/Nov/2021:11:53:46 +0000] "GET / HTTP/1.1" 200 6312 "-" "Slackbot 1.0 (+https://api.slack.com/robots)"
216.245.221.83 - - [29/Nov/2021:11:57:27 +0000] "HEAD / HTTP/1.1" 301 0 "http://ja.tak-cslab.org/" "Mozilla/5.0+(compatible; UptimeRobot/2.0; http://www.uptimerobot.com/)"
216.245.221.83 - - [29/Nov/2021:11:57:27 +0000] "HEAD / HTTP/1.1" 200 0 "http://ja.tak-cslab.org/" "Mozilla/5.0+(compatible; UptimeRobot/2.0; http://www.uptimerobot.com/)"
51.222.253.14 - - [29/Nov/2021:11:57:50 +0000] "GET /archives/797 HTTP/2.0" 200 6360 "-" "Mozilla/5.0 (compatible; AhrefsBot/7.0; +http://ahrefs.com/robot/)"
34.206.38.217 - - [29/Nov/2021:11:58:11 +0000] "GET /feed HTTP/1.1" 200 55868 "-" "Automate.io BOT"
216.245.221.83 - - [29/Nov/2021:12:02:27 +0000] "HEAD / HTTP/1.1" 301 0 "http://ja.tak-cslab.org/" "Mozilla/5.0+(compatible; UptimeRobot/2.0; http://www.uptimerobot.com/)"
163.215.6.1 - - [29/Nov/2021:12:02:27 +0000] "POST /wp-cron.php?doing_wp_cron=1638187347.6891739368438720703125 HTTP/1.1" 200 31 "https://ja.tak-cslab.org/wp-cron.php?doing_wp_cron=1638187347.6891739368438720703125" "WordPress/5.8.2; https://ja.tak-cslab.org"
216.245.221.83 - - [29/Nov/2021:12:02:27 +0000] "HEAD / HTTP/1.1" 200 0 "http://ja.tak-cslab.org/" "Mozilla/5.0+(compatible; UptimeRobot/2.0; http://www.uptimerobot.com/)"
34.206.38.217 - - [29/Nov/2021:12:03:10 +0000] "GET /feed HTTP/1.1" 200 55868 "-" "Automate.io BOT"
216.245.221.83 - - [29/Nov/2021:12:07:27 +0000] "HEAD / HTTP/1.1" 301 0 "http://ja.tak-cslab.org/" "Mozilla/5.0+(compatible; UptimeRobot/2.0; http://www.uptimerobot.com/)"
216.245.221.83 - - [29/Nov/2021:12:07:27 +0000] "HEAD / HTTP/1.1" 200 0 "http://ja.tak-cslab.org/" "Mozilla/5.0+(compatible; UptimeRobot/2.0; http://www.uptimerobot.com/)"
34.206.38.217 - - [29/Nov/2021:12:08:10 +0000] "GET /feed HTTP/1.1" 200 55867 "-" "Automate.io BOT"
51.222.253.19 - - [29/Nov/2021:12:09:10 +0000] "GET /archives/author/c0118185 HTTP/2.0" 200 6009 "-" "Mozilla/5.0 (compatible; AhrefsBot/7.0; +http://ahrefs.com/robot/)"
216.245.221.83 - - [29/Nov/2021:12:12:27 +0000] "HEAD / HTTP/1.1" 301 0 "http://ja.tak-cslab.org/" "Mozilla/5.0+(compatible; UptimeRobot/2.0; http://www.uptimerobot.com/)"
216.245.221.83 - - [29/Nov/2021:12:12:27 +0000] "HEAD / HTTP/1.1" 200 0 "http://ja.tak-cslab.org/" "Mozilla/5.0+(compatible; UptimeRobot/2.0; http://www.uptimerobot.com/)"
51.222.253.2 - - [29/Nov/2021:12:13:01 +0000] "GET /archives/737 HTTP/2.0" 200 6986 "-" "Mozilla/5.0 (compatible; AhrefsBot/7.0; +http://ahrefs.com/robot/)"
34.206.38.217 - - [29/Nov/2021:12:13:11 +0000] "GET /feed HTTP/1.1" 200 55861 "-" "Automate.io BOT"
100.24.51.144 - - [29/Nov/2021:12:13:39 +0000] "HEAD /feed HTTP/2.0" 200 0 "-" "Slackbot 1.0 (+https://api.slack.com/robots)"
3.95.31.126 - - [29/Nov/2021:12:13:40 +0000] "GET /feed HTTP/1.1" 200 55860 "-" "Slackbot 1.0 (+https://api.slack.com/robots)"
34.224.168.98 - - [29/Nov/2021:12:13:41 +0000] "GET / HTTP/1.1" 200 6312 "-" "Slackbot 1.0 (+https://api.slack.com/robots)"
66.249.79.158 - - [29/Nov/2021:12:16:23 +0000] "GET /archives/1243 HTTP/1.1" 200 7362 "-" "Mozilla/5.0 (Linux; Android 6.0.1; Nexus 5X Build/MMB29P) AppleWebKit/537.36 (KHTML, like Gecko) Chrome/96.0.4664.45 Mobile Safari/537.36 (compatible; Googlebot/2.1; +http://www.google.com/bot.html)"
51.222.253.11 - - [29/Nov/2021:12:16:44 +0000] "GET /about/about-cdsl HTTP/2.0" 200 7054 "-" "Mozilla/5.0 (compatible; AhrefsBot/7.0; +http://ahrefs.com/robot/)"
216.245.221.83 - - [29/Nov/2021:12:17:27 +0000] "HEAD / HTTP/1.1" 301 0 "http://ja.tak-cslab.org/" "Mozilla/5.0+(compatible; UptimeRobot/2.0; http://www.uptimerobot.com/)"
216.245.221.83 - - [29/Nov/2021:12:17:27 +0000] "HEAD / HTTP/1.1" 200 0 "http://ja.tak-cslab.org/" "Mozilla/5.0+(compatible; UptimeRobot/2.0; http://www.uptimerobot.com/)"
163.215.6.1 - - [29/Nov/2021:12:18:11 +0000] "POST /wp-cron.php?doing_wp_cron=1638188290.9780089855194091796875 HTTP/1.1" 200 31 "https://ja.tak-cslab.org/wp-cron.php?doing_wp_cron=1638188290.9780089855194091796875" "WordPress/5.8.2; https://ja.tak-cslab.org"
34.206.38.217 - - [29/Nov/2021:12:18:11 +0000] "GET /feed HTTP/1.1" 200 55868 "-" "Automate.io BOT"
185.191.171.2 - - [29/Nov/2021:12:20:28 +0000] "GET /robots.txt HTTP/1.1" 200 123 "-" "Mozilla/5.0 (compatible; SemrushBot/7~bl; +http://www.semrush.com/bot.html)"
185.191.171.39 - - [29/Nov/2021:12:20:29 +0000] "GET /archives/498 HTTP/1.1" 200 7441 "-" "Mozilla/5.0 (compatible; SemrushBot/7~bl; +http://www.semrush.com/bot.html)"
185.191.171.39 - - [29/Nov/2021:12:21:23 +0000] "GET /archives/author/tkoyama HTTP/1.1" 200 6690 "-" "Mozilla/5.0 (compatible; SemrushBot/7~bl; +http://www.semrush.com/bot.html)"
216.245.221.83 - - [29/Nov/2021:12:22:27 +0000] "HEAD / HTTP/1.1" 301 0 "http://ja.tak-cslab.org/" "Mozilla/5.0+(compatible; UptimeRobot/2.0; http://www.uptimerobot.com/)"
216.245.221.83 - - [29/Nov/2021:12:22:27 +0000] "HEAD / HTTP/1.1" 200 0 "http://ja.tak-cslab.org/" "Mozilla/5.0+(compatible; UptimeRobot/2.0; http://www.uptimerobot.com/)"
34.206.38.217 - - [29/Nov/2021:12:23:11 +0000] "GET /feed HTTP/1.1" 200 55867 "-" "Automate.io BOT"
207.46.13.85 - - [29/Nov/2021:12:26:07 +0000] "GET /wp-content/uploads/2021/04/CDSL-System-Architecture6.png HTTP/2.0" 200 70835 "-" "Mozilla/5.0 (compatible; bingbot/2.0; +http://www.bing.com/bingbot.htm)"
216.245.221.83 - - [29/Nov/2021:12:27:27 +0000] "HEAD / HTTP/1.1" 301 0 "http://ja.tak-cslab.org/" "Mozilla/5.0+(compatible; UptimeRobot/2.0; http://www.uptimerobot.com/)"
216.245.221.83 - - [29/Nov/2021:12:27:27 +0000] "HEAD / HTTP/1.1" 200 0 "http://ja.tak-cslab.org/" "Mozilla/5.0+(compatible; UptimeRobot/2.0; http://www.uptimerobot.com/)"
40.77.167.66 - - [29/Nov/2021:12:27:45 +0000] "GET /archives/786 HTTP/2.0" 200 9362 "-" "Mozilla/5.0 (compatible; bingbot/2.0; +http://www.bing.com/bingbot.htm)"
34.206.38.217 - - [29/Nov/2021:12:28:10 +0000] "GET /feed HTTP/1.1" 200 55867 "-" "Automate.io BOT"
216.245.221.83 - - [29/Nov/2021:12:32:27 +0000] "HEAD / HTTP/1.1" 301 0 "http://ja.tak-cslab.org/" "Mozilla/5.0+(compatible; UptimeRobot/2.0; http://www.uptimerobot.com/)"
216.245.221.83 - - [29/Nov/2021:12:32:27 +0000] "HEAD / HTTP/1.1" 200 0 "http://ja.tak-cslab.org/" "Mozilla/5.0+(compatible; UptimeRobot/2.0; http://www.uptimerobot.com/)"
40.77.167.53 - - [29/Nov/2021:12:32:45 +0000] "GET /archives/author/tomita/feed HTTP/2.0" 200 11545 "-" "Mozilla/5.0 (compatible; bingbot/2.0; +http://www.bing.com/bingbot.htm)"
34.206.38.217 - - [29/Nov/2021:12:33:10 +0000] "GET /feed HTTP/1.1" 200 55867 "-" "Automate.io BOT"
35.175.113.147 - - [29/Nov/2021:12:33:43 +0000] "HEAD /feed HTTP/2.0" 200 0 "-" "Slackbot 1.0 (+https://api.slack.com/robots)"
54.234.67.172 - - [29/Nov/2021:12:33:43 +0000] "GET /feed HTTP/1.1" 200 55868 "-" "Slackbot 1.0 (+https://api.slack.com/robots)"
18.234.38.46 - - [29/Nov/2021:12:33:44 +0000] "GET / HTTP/1.1" 200 6312 "-" "Slackbot 1.0 (+https://api.slack.com/robots)"
216.245.221.83 - - [29/Nov/2021:12:37:27 +0000] "HEAD / HTTP/1.1" 301 0 "http://ja.tak-cslab.org/" "Mozilla/5.0+(compatible; UptimeRobot/2.0; http://www.uptimerobot.com/)"
216.245.221.83 - - [29/Nov/2021:12:37:27 +0000] "HEAD / HTTP/1.1" 200 0 "http://ja.tak-cslab.org/" "Mozilla/5.0+(compatible; UptimeRobot/2.0; http://www.uptimerobot.com/)"
34.206.38.217 - - [29/Nov/2021:12:38:10 +0000] "GET /feed HTTP/1.1" 200 55868 "-" "Automate.io BOT"
185.191.171.24 - - [29/Nov/2021:12:42:16 +0000] "GET /archives/1170 HTTP/1.1" 200 6956 "-" "Mozilla/5.0 (compatible; SemrushBot/7~bl; +http://www.semrush.com/bot.html)"
216.245.221.83 - - [29/Nov/2021:12:42:27 +0000] "HEAD / HTTP/1.1" 301 0 "http://ja.tak-cslab.org/" "Mozilla/5.0+(compatible; UptimeRobot/2.0; http://www.uptimerobot.com/)"
216.245.221.83 - - [29/Nov/2021:12:42:27 +0000] "HEAD / HTTP/1.1" 200 0 "http://ja.tak-cslab.org/" "Mozilla/5.0+(compatible; UptimeRobot/2.0; http://www.uptimerobot.com/)"
34.206.38.217 - - [29/Nov/2021:12:43:10 +0000] "GET /feed HTTP/1.1" 200 55868 "-" "Automate.io BOT"
40.77.167.53 - - [29/Nov/2021:12:44:27 +0000] "GET /wp-content/uploads/2020/09/Screen-Shot-2020-09-09-at-14.31.27-1536x1100.png HTTP/2.0" 200 317192 "-" "Mozilla/5.0 (compatible; bingbot/2.0; +http://www.bing.com/bingbot.htm)"
216.245.221.83 - - [29/Nov/2021:12:47:27 +0000] "HEAD / HTTP/1.1" 301 0 "http://ja.tak-cslab.org/" "Mozilla/5.0+(compatible; UptimeRobot/2.0; http://www.uptimerobot.com/)"
216.245.221.83 - - [29/Nov/2021:12:47:27 +0000] "HEAD / HTTP/1.1" 200 0 "http://ja.tak-cslab.org/" "Mozilla/5.0+(compatible; UptimeRobot/2.0; http://www.uptimerobot.com/)"
34.206.38.217 - - [29/Nov/2021:12:48:10 +0000] "GET /feed HTTP/1.1" 200 55868 "-" "Automate.io BOT"
40.77.167.44 - - [29/Nov/2021:12:50:52 +0000] "GET /wp-content/uploads/2020/01/IMG_1118-1024x768.jpg HTTP/2.0" 200 144037 "-" "Mozilla/5.0 (compatible; bingbot/2.0; +http://www.bing.com/bingbot.htm)"
216.245.221.83 - - [29/Nov/2021:12:52:27 +0000] "HEAD / HTTP/1.1" 301 0 "http://ja.tak-cslab.org/" "Mozilla/5.0+(compatible; UptimeRobot/2.0; http://www.uptimerobot.com/)"
216.245.221.83 - - [29/Nov/2021:12:52:27 +0000] "HEAD / HTTP/1.1" 200 0 "http://ja.tak-cslab.org/" "Mozilla/5.0+(compatible; UptimeRobot/2.0; http://www.uptimerobot.com/)"
34.206.38.217 - - [29/Nov/2021:12:53:11 +0000] "GET /feed HTTP/1.1" 200 55867 "-" "Automate.io BOT"
54.204.227.67 - - [29/Nov/2021:12:53:40 +0000] "HEAD /feed HTTP/2.0" 200 0 "-" "Slackbot 1.0 (+https://api.slack.com/robots)"
3.236.26.103 - - [29/Nov/2021:12:53:41 +0000] "GET /feed HTTP/1.1" 200 55854 "-" "Slackbot 1.0 (+https://api.slack.com/robots)"
3.239.87.53 - - [29/Nov/2021:12:53:42 +0000] "GET / HTTP/1.1" 200 6312 "-" "Slackbot 1.0 (+https://api.slack.com/robots)"
185.191.171.1 - - [29/Nov/2021:12:54:08 +0000] "GET /archives/390 HTTP/1.1" 200 7085 "-" "Mozilla/5.0 (compatible; SemrushBot/7~bl; +http://www.semrush.com/bot.html)"
118.156.41.14 - - [29/Nov/2021:12:56:51 +0000] "GET /archives/1125 HTTP/2.0" 200 12303 "-" "Mozilla/5.0 (Macintosh; Intel Mac OS X 10_15_6) AppleWebKit/605.1.15 (KHTML, like Gecko) Version/15.1 Safari/605.1.15"
118.156.41.14 - - [29/Nov/2021:12:56:52 +0000] "GET /wp-includes/js/wp-emoji-release.min.js?ver=5.8.2 HTTP/2.0" 200 5714 "https://ja.tak-cslab.org/archives/1125" "Mozilla/5.0 (Macintosh; Intel Mac OS X 10_15_6) AppleWebKit/605.1.15 (KHTML, like Gecko) Version/15.1 Safari/605.1.15"
118.156.41.14 - - [29/Nov/2021:12:56:52 +0000] "GET /wp-content/themes/cdsl/style.css?ver=1.3.1 HTTP/2.0" 200 272 "https://ja.tak-cslab.org/archives/1125" "Mozilla/5.0 (Macintosh; Intel Mac OS X 10_15_6) AppleWebKit/605.1.15 (KHTML, like Gecko) Version/15.1 Safari/605.1.15"
118.156.41.14 - - [29/Nov/2021:12:56:52 +0000] "GET /wp-content/themes/scaffold/style.css?ver=5.8.2 HTTP/2.0" 200 5846 "https://ja.tak-cslab.org/archives/1125" "Mozilla/5.0 (Macintosh; Intel Mac OS X 10_15_6) AppleWebKit/605.1.15 (KHTML, like Gecko) Version/15.1 Safari/605.1.15"
118.156.41.14 - - [29/Nov/2021:12:56:52 +0000] "GET /wp-includes/css/dist/block-library/style.min.css?ver=5.8.2 HTTP/2.0" 200 13704 "https://ja.tak-cslab.org/archives/1125" "Mozilla/5.0 (Macintosh; Intel Mac OS X 10_15_6) AppleWebKit/605.1.15 (KHTML, like Gecko) Version/15.1 Safari/605.1.15"
118.156.41.14 - - [29/Nov/2021:12:56:52 +0000] "GET /wp-content/themes/scaffold/assets/js/navigation.js?ver=1.3.1 HTTP/2.0" 200 1266 "https://ja.tak-cslab.org/archives/1125" "Mozilla/5.0 (Macintosh; Intel Mac OS X 10_15_6) AppleWebKit/605.1.15 (KHTML, like Gecko) Version/15.1 Safari/605.1.15"
118.156.41.14 - - [29/Nov/2021:12:56:52 +0000] "GET /wp-includes/js/comment-reply.min.js?ver=5.8.2 HTTP/2.0" 200 1390 "https://ja.tak-cslab.org/archives/1125" "Mozilla/5.0 (Macintosh; Intel Mac OS X 10_15_6) AppleWebKit/605.1.15 (KHTML, like Gecko) Version/15.1 Safari/605.1.15"
118.156.41.14 - - [29/Nov/2021:12:56:52 +0000] "GET /wp-includes/js/wp-embed.min.js?ver=5.8.2 HTTP/2.0" 200 779 "https://ja.tak-cslab.org/archives/1125" "Mozilla/5.0 (Macintosh; Intel Mac OS X 10_15_6) AppleWebKit/605.1.15 (KHTML, like Gecko) Version/15.1 Safari/605.1.15"
118.156.41.14 - - [29/Nov/2021:12:56:52 +0000] "GET /wp-content/plugins/native-lazyload/assets/images/placeholder.svg HTTP/2.0" 200 88 "https://ja.tak-cslab.org/archives/1125" "Mozilla/5.0 (Macintosh; Intel Mac OS X 10_15_6) AppleWebKit/605.1.15 (KHTML, like Gecko) Version/15.1 Safari/605.1.15"
118.156.41.14 - - [29/Nov/2021:12:56:52 +0000] "GET /wp-content/plugins/native-lazyload/assets/js/lazyload.js HTTP/2.0" 200 1085 "https://ja.tak-cslab.org/archives/1125" "Mozilla/5.0 (Macintosh; Intel Mac OS X 10_15_6) AppleWebKit/605.1.15 (KHTML, like Gecko) Version/15.1 Safari/605.1.15"
118.156.41.14 - - [29/Nov/2021:12:56:52 +0000] "GET /favicon.ico HTTP/2.0" 302 0 "https://ja.tak-cslab.org/archives/1125" "Mozilla/5.0 (Macintosh; Intel Mac OS X 10_15_6) AppleWebKit/605.1.15 (KHTML, like Gecko) Version/15.1 Safari/605.1.15"
118.156.41.14 - - [29/Nov/2021:12:56:52 +0000] "GET /wp-includes/images/w-logo-blue-white-bg.png HTTP/2.0" 200 4119 "https://ja.tak-cslab.org/archives/1125" "Mozilla/5.0 (Macintosh; Intel Mac OS X 10_15_6) AppleWebKit/605.1.15 (KHTML, like Gecko) Version/15.1 Safari/605.1.15"
118.156.41.14 - - [29/Nov/2021:12:56:57 +0000] "GET /wp-content/uploads/2021/05/takaya_210519_01-1024x918.png HTTP/2.0" 200 344958 "https://ja.tak-cslab.org/archives/1125" "Mozilla/5.0 (Macintosh; Intel Mac OS X 10_15_6) AppleWebKit/605.1.15 (KHTML, like Gecko) Version/15.1 Safari/605.1.15"
118.156.41.14 - - [29/Nov/2021:12:56:57 +0000] "GET /wp-content/uploads/2021/05/takaya_210519_01-1536x1377.png HTTP/2.0" 200 1120043 "https://ja.tak-cslab.org/archives/1125" "Mozilla/5.0 (Macintosh; Intel Mac OS X 10_15_6) AppleWebKit/605.1.15 (KHTML, like Gecko) Version/15.1 Safari/605.1.15"
118.156.41.14 - - [29/Nov/2021:12:57:23 +0000] "GET /wp-content/uploads/2021/05/takaya_210519_02.png HTTP/2.0" 200 403816 "https://ja.tak-cslab.org/archives/1125" "Mozilla/5.0 (Macintosh; Intel Mac OS X 10_15_6) AppleWebKit/605.1.15 (KHTML, like Gecko) Version/15.1 Safari/605.1.15"
118.156.41.14 - - [29/Nov/2021:12:57:25 +0000] "GET /wp-content/uploads/2021/05/takaya_210519_03-1024x913.png HTTP/2.0" 200 313289 "https://ja.tak-cslab.org/archives/1125" "Mozilla/5.0 (Macintosh; Intel Mac OS X 10_15_6) AppleWebKit/605.1.15 (KHTML, like Gecko) Version/15.1 Safari/605.1.15"
118.156.41.14 - - [29/Nov/2021:12:57:25 +0000] "GET /wp-content/uploads/2021/05/takaya_210519_03-1536x1370.png HTTP/2.0" 200 759072 "https://ja.tak-cslab.org/archives/1125" "Mozilla/5.0 (Macintosh; Intel Mac OS X 10_15_6) AppleWebKit/605.1.15 (KHTML, like Gecko) Version/15.1 Safari/605.1.15"
216.245.221.83 - - [29/Nov/2021:12:57:27 +0000] "HEAD / HTTP/1.1" 301 0 "http://ja.tak-cslab.org/" "Mozilla/5.0+(compatible; UptimeRobot/2.0; http://www.uptimerobot.com/)"
216.245.221.83 - - [29/Nov/2021:12:57:27 +0000] "HEAD / HTTP/1.1" 200 0 "http://ja.tak-cslab.org/" "Mozilla/5.0+(compatible; UptimeRobot/2.0; http://www.uptimerobot.com/)"
118.156.41.14 - - [29/Nov/2021:12:57:58 +0000] "GET /wp-content/uploads/2021/05/takaya_210519_04-1024x913.png HTTP/2.0" 200 309771 "https://ja.tak-cslab.org/archives/1125" "Mozilla/5.0 (Macintosh; Intel Mac OS X 10_15_6) AppleWebKit/605.1.15 (KHTML, like Gecko) Version/15.1 Safari/605.1.15"
118.156.41.14 - - [29/Nov/2021:12:57:58 +0000] "GET /wp-content/uploads/2021/05/takaya_210519_04-1536x1370.png HTTP/2.0" 200 781466 "https://ja.tak-cslab.org/archives/1125" "Mozilla/5.0 (Macintosh; Intel Mac OS X 10_15_6) AppleWebKit/605.1.15 (KHTML, like Gecko) Version/15.1 Safari/605.1.15"
34.206.38.217 - - [29/Nov/2021:12:58:11 +0000] "GET /feed HTTP/1.1" 200 55868 "-" "Automate.io BOT"
118.156.41.14 - - [29/Nov/2021:12:59:22 +0000] "GET /wp-content/uploads/2021/05/takaya_210519_05-768x1024.jpeg HTTP/2.0" 200 114248 "https://ja.tak-cslab.org/archives/1125" "Mozilla/5.0 (Macintosh; Intel Mac OS X 10_15_6) AppleWebKit/605.1.15 (KHTML, like Gecko) Version/15.1 Safari/605.1.15"
118.156.41.14 - - [29/Nov/2021:12:59:22 +0000] "GET /wp-content/uploads/2021/05/takaya_210519_05-scaled.jpeg HTTP/2.0" 200 396991 "https://ja.tak-cslab.org/archives/1125" "Mozilla/5.0 (Macintosh; Intel Mac OS X 10_15_6) AppleWebKit/605.1.15 (KHTML, like Gecko) Version/15.1 Safari/605.1.15"
163.215.6.1 - - [29/Nov/2021:13:02:05 +0000] "POST /wp-cron.php?doing_wp_cron=1638190925.1136898994445800781250 HTTP/1.1" 200 31 "https://ja.tak-cslab.org/wp-cron.php?doing_wp_cron=1638190925.1136898994445800781250" "WordPress/5.8.2; https://ja.tak-cslab.org"
40.77.167.44 - - [29/Nov/2021:13:02:05 +0000] "GET /archives/date/2021/03 HTTP/2.0" 200 8859 "-" "Mozilla/5.0 (compatible; bingbot/2.0; +http://www.bing.com/bingbot.htm)"
216.245.221.83 - - [29/Nov/2021:13:02:27 +0000] "HEAD / HTTP/1.1" 301 0 "http://ja.tak-cslab.org/" "Mozilla/5.0+(compatible; UptimeRobot/2.0; http://www.uptimerobot.com/)"
216.245.221.83 - - [29/Nov/2021:13:02:28 +0000] "HEAD / HTTP/1.1" 200 0 "http://ja.tak-cslab.org/" "Mozilla/5.0+(compatible; UptimeRobot/2.0; http://www.uptimerobot.com/)"
34.206.38.217 - - [29/Nov/2021:13:03:10 +0000] "GET /feed HTTP/1.1" 200 55854 "-" "Automate.io BOT"
216.245.221.83 - - [29/Nov/2021:13:07:27 +0000] "HEAD / HTTP/1.1" 301 0 "http://ja.tak-cslab.org/" "Mozilla/5.0+(compatible; UptimeRobot/2.0; http://www.uptimerobot.com/)"
216.245.221.83 - - [29/Nov/2021:13:07:27 +0000] "HEAD / HTTP/1.1" 200 0 "http://ja.tak-cslab.org/" "Mozilla/5.0+(compatible; UptimeRobot/2.0; http://www.uptimerobot.com/)"
34.206.38.217 - - [29/Nov/2021:13:08:11 +0000] "GET /feed HTTP/1.1" 200 55868 "-" "Automate.io BOT"
207.46.13.41 - - [29/Nov/2021:13:11:29 +0000] "GET /wp-content/uploads/2020/05/image-2-768x571.png HTTP/2.0" 200 327994 "-" "Mozilla/5.0 (compatible; bingbot/2.0; +http://www.bing.com/bingbot.htm)"
216.245.221.83 - - [29/Nov/2021:13:12:27 +0000] "HEAD / HTTP/1.1" 301 0 "http://ja.tak-cslab.org/" "Mozilla/5.0+(compatible; UptimeRobot/2.0; http://www.uptimerobot.com/)"
163.215.6.1 - - [29/Nov/2021:13:12:27 +0000] "POST /wp-cron.php?doing_wp_cron=1638191547.8236579895019531250000 HTTP/1.1" 200 31 "https://ja.tak-cslab.org/wp-cron.php?doing_wp_cron=1638191547.8236579895019531250000" "WordPress/5.8.2; https://ja.tak-cslab.org"
216.245.221.83 - - [29/Nov/2021:13:12:27 +0000] "HEAD / HTTP/1.1" 200 0 "http://ja.tak-cslab.org/" "Mozilla/5.0+(compatible; UptimeRobot/2.0; http://www.uptimerobot.com/)"
34.206.38.217 - - [29/Nov/2021:13:13:11 +0000] "GET /feed HTTP/1.1" 200 55868 "-" "Automate.io BOT"
3.112.199.103 - - [29/Nov/2021:13:13:33 +0000] "GET /favicon.ico HTTP/1.1" 302 5 "-" "Slack-ImgProxy (+https://api.slack.com/robots)"
35.75.8.113 - - [29/Nov/2021:13:13:33 +0000] "GET /wp-content/uploads/2020/09/20200925_200925_0-1.jpg HTTP/1.1" 200 247845 "-" "Slack-ImgProxy (+https://api.slack.com/robots)"
18.179.207.99 - - [29/Nov/2021:13:13:33 +0000] "GET /wp-content/uploads/2020/09/20200925_200925_0-1.jpg HTTP/1.1" 200 247845 "-" "Slack-ImgProxy (+https://api.slack.com/robots)"
35.77.18.158 - - [29/Nov/2021:13:13:33 +0000] "GET /wp-includes/images/w-logo-blue-white-bg.png HTTP/1.1" 200 4119 "-" "Slack-ImgProxy (+https://api.slack.com/robots)"
44.192.32.205 - - [29/Nov/2021:13:13:43 +0000] "HEAD /feed HTTP/2.0" 200 0 "-" "Slackbot 1.0 (+https://api.slack.com/robots)"
3.239.94.167 - - [29/Nov/2021:13:13:44 +0000] "GET /feed HTTP/1.1" 200 55868 "-" "Slackbot 1.0 (+https://api.slack.com/robots)"
54.204.227.67 - - [29/Nov/2021:13:13:45 +0000] "GET / HTTP/1.1" 200 6312 "-" "Slackbot 1.0 (+https://api.slack.com/robots)"
216.245.221.83 - - [29/Nov/2021:13:17:27 +0000] "HEAD / HTTP/1.1" 301 0 "http://ja.tak-cslab.org/" "Mozilla/5.0+(compatible; UptimeRobot/2.0; http://www.uptimerobot.com/)"
163.215.6.1 - - [29/Nov/2021:13:17:27 +0000] "POST /wp-cron.php?doing_wp_cron=1638191847.6761438846588134765625 HTTP/1.1" 200 31 "https://ja.tak-cslab.org/wp-cron.php?doing_wp_cron=1638191847.6761438846588134765625" "WordPress/5.8.2; https://ja.tak-cslab.org"
216.245.221.83 - - [29/Nov/2021:13:17:27 +0000] "HEAD / HTTP/1.1" 200 0 "http://ja.tak-cslab.org/" "Mozilla/5.0+(compatible; UptimeRobot/2.0; http://www.uptimerobot.com/)"
163.215.6.1 - - [29/Nov/2021:13:18:11 +0000] "POST /wp-cron.php?doing_wp_cron=1638191891.0012810230255126953125 HTTP/1.1" 200 31 "https://ja.tak-cslab.org/wp-cron.php?doing_wp_cron=1638191891.0012810230255126953125" "WordPress/5.8.2; https://ja.tak-cslab.org"
34.206.38.217 - - [29/Nov/2021:13:18:11 +0000] "GET /feed HTTP/1.1" 200 55867 "-" "Automate.io BOT"
216.245.221.83 - - [29/Nov/2021:13:22:27 +0000] "HEAD / HTTP/1.1" 301 0 "http://ja.tak-cslab.org/" "Mozilla/5.0+(compatible; UptimeRobot/2.0; http://www.uptimerobot.com/)"
163.215.6.1 - - [29/Nov/2021:13:22:27 +0000] "POST /wp-cron.php?doing_wp_cron=1638192147.7027330398559570312500 HTTP/1.1" 200 31 "https://ja.tak-cslab.org/wp-cron.php?doing_wp_cron=1638192147.7027330398559570312500" "WordPress/5.8.2; https://ja.tak-cslab.org"
216.245.221.83 - - [29/Nov/2021:13:22:27 +0000] "HEAD / HTTP/1.1" 200 0 "http://ja.tak-cslab.org/" "Mozilla/5.0+(compatible; UptimeRobot/2.0; http://www.uptimerobot.com/)"
34.206.38.217 - - [29/Nov/2021:13:23:11 +0000] "GET /feed HTTP/1.1" 200 55847 "-" "Automate.io BOT"
40.77.167.99 - - [29/Nov/2021:13:23:52 +0000] "GET /robots.txt HTTP/2.0" 200 112 "-" "Mozilla/5.0 (compatible; bingbot/2.0; +http://www.bing.com/bingbot.htm)"
40.77.167.99 - - [29/Nov/2021:13:23:52 +0000] "GET /robots.txt HTTP/2.0" 200 112 "-" "Mozilla/5.0 (compatible; bingbot/2.0; +http://www.bing.com/bingbot.htm)"
216.245.221.83 - - [29/Nov/2021:13:27:27 +0000] "HEAD / HTTP/1.1" 301 0 "http://ja.tak-cslab.org/" "Mozilla/5.0+(compatible; UptimeRobot/2.0; http://www.uptimerobot.com/)"
216.245.221.83 - - [29/Nov/2021:13:27:27 +0000] "HEAD / HTTP/1.1" 200 0 "http://ja.tak-cslab.org/" "Mozilla/5.0+(compatible; UptimeRobot/2.0; http://www.uptimerobot.com/)"
34.206.38.217 - - [29/Nov/2021:13:28:11 +0000] "GET /feed HTTP/1.1" 200 55867 "-" "Automate.io BOT"
216.245.221.83 - - [29/Nov/2021:13:32:27 +0000] "HEAD / HTTP/1.1" 301 0 "http://ja.tak-cslab.org/" "Mozilla/5.0+(compatible; UptimeRobot/2.0; http://www.uptimerobot.com/)"
216.245.221.83 - - [29/Nov/2021:13:32:27 +0000] "HEAD / HTTP/1.1" 200 0 "http://ja.tak-cslab.org/" "Mozilla/5.0+(compatible; UptimeRobot/2.0; http://www.uptimerobot.com/)"
34.206.38.217 - - [29/Nov/2021:13:33:11 +0000] "GET /feed HTTP/1.1" 200 55867 "-" "Automate.io BOT"
40.77.190.244 - - [29/Nov/2021:13:33:15 +0000] "GET /wp-content/themes/scaffold/assets/js/navigation.js?ver=1.3.1 HTTP/2.0" 200 3124 "-" "Mozilla/5.0 (Windows NT 6.1; WOW64) AppleWebKit/534+ (KHTML, like Gecko) BingPreview/1.0b"
18.212.178.141 - - [29/Nov/2021:13:33:44 +0000] "HEAD /feed HTTP/2.0" 200 0 "-" "Slackbot 1.0 (+https://api.slack.com/robots)"
3.238.124.144 - - [29/Nov/2021:13:33:45 +0000] "GET /feed HTTP/1.1" 200 55861 "-" "Slackbot 1.0 (+https://api.slack.com/robots)"
163.215.6.1 - - [29/Nov/2021:13:33:46 +0000] "POST /wp-cron.php?doing_wp_cron=1638192826.4334659576416015625000 HTTP/1.1" 200 31 "https://ja.tak-cslab.org/wp-cron.php?doing_wp_cron=1638192826.4334659576416015625000" "WordPress/5.8.2; https://ja.tak-cslab.org"
